{"type":"ROOT", "root":"vm", "references":["0x7fb1f805faa8", "0x7fb1f805d7a8", "0x7fb1f80c7f90", "0x7fb1f80c7f40", "0x7fb1f80c7f68", "0x7fb1f80c7f18", "0x7fb1f80c5240", "0x7fb1f80c4ef8", "0x7fb1f80c59c0", "0x7fb1f80be0f8", "0x7fb1f80bdec8", "0x7fb1f80bd3d8", "0x7fb1f80bd1d0", "0x7fb1f80bd158", "0x7fb1f80bcf28", "0x7fb1f80b4490", "0x7fb1f80ae8d8", "0x7fb1f80ae248", "0x7fb1f80adf78", "0x7fb1f80adf00", "0x7fb1f80add70", "0x7fb1f80ac060", "0x7fb1f80ac010", "0x7fb1f80a7100", "0x7fb1f80a60c0", "0x7fb1f80a6048", "0x7fb1f80a5f80", "0x7fb1f80a5f08", "0x7fb1f80a7100", "0x7fb1f80a56e8", "0x7fb1f80a5620", "0x7fb1f80a5558", "0x7fb1f80a5490", "0x7fb1f80a53c8", "0x7fb1f80a5300", "0x7fb1f80a5620", "0x7fb1f80a51e8", "0x7fb1f80a5120", "0x7fb1f80a5058", "0x7fb1f80a4f90", "0x7fb1f80a4ec8", "0x7fb1f80a5620", "0x7fb1f80a4db0", "0x7fb1f80a4ce8", "0x7fb1f80a5620", "0x7fb1f80a4bd0", "0x7fb1f80a4b08", "0x7fb1f80a5620", "0x7fb1f80a49f0", "0x7fb1f80a5620", "0x7fb1f80a5620", "0x7fb1f80a5620", "0x7fb1f80a4838", "0x7fb1f80a4770", "0x7fb1f80a5620", "0x7fb1f80a4658", "0x7fb1f80a5620", "0x7fb1f80a5620", "0x7fb1f80a44f0", "0x7fb1f80a4428", "0x7fb1f80a4360", "0x7fb1f80a4298", "0x7fb1f80a5620", "0x7fb1f80a4180", "0x7fb1f80a40b8", "0x7fb1f809ff90", "0x7fb1f80a5620", "0x7fb1f80a5620", "0x7fb1f809fe28", "0x7fb1f809fd60", "0x7fb1f809fc98", "0x7fb1f809fbd0", "0x7fb1f809fb08", "0x7fb1f809fa40", "0x7fb1f809f978", "0x7fb1f80a5620", "0x7fb1f809f860", "0x7fb1f809f798", "0x7fb1f809f6d0", "0x7fb1f809f608", "0x7fb1f809f540", "0x7fb1f809f478", "0x7fb1f80a5620", "0x7fb1f809f360", "0x7fb1f809f298", "0x7fb1f80a5620", "0x7fb1f80a5620", "0x7fb1f80a5620", "0x7fb1f80a5620", "0x7fb1f80a5620", "0x7fb1f80a5620", "0x7fb1f80a5620", "0x7fb1f80a5620", "0x7fb1f809ef50", "0x7fb1f80a5620", "0x7fb1f80a5620", "0x7fb1f80a5620", "0x7fb1f80a5620", "0x7fb1f80a5620", "0x7fb1f80a5620", "0x7fb1f809eca8", "0x7fb1f80a5620", "0x7fb1f809eb90", "0x7fb1f809eac8", "0x7fb1f809ea00", "0x7fb1f809e938", "0x7fb1f809e870", "0x7fb1f80a5620", "0x7fb1f809e758", "0x7fb1f809e690", "0x7fb1f809e5c8", "0x7fb1f809e500", "0x7fb1f809e438", "0x7fb1f80a5620", "0x7fb1f809e320", "0x7fb1f809e258", "0x7fb1f80a5620", "0x7fb1f809e140", "0x7fb1f809e078", "0x7fb1f809dfb0", "0x7fb1f809dee8", "0x7fb1f80a5620", "0x7fb1f809ddd0", "0x7fb1f809dd08", "0x7fb1f80a5620", "0x7fb1f809dbf0", "0x7fb1f809db28", "0x7fb1f80a5620", "0x7fb1f80a5620", "0x7fb1f809d9c0", "0x7fb1f809d8f8", "0x7fb1f809d830", "0x7fb1f809d768", "0x7fb1f809d6a0", "0x7fb1f809d5d8", "0x7fb1f809d510", "0x7fb1f80a5620", "0x7fb1f809d3f8", "0x7fb1f809d330", "0x7fb1f809d268", "0x7fb1f80a5620", "0x7fb1f809d150", "0x7fb1f809d088", "0x7fb1f809cfc0", "0x7fb1f809cef8", "0x7fb1f80a5620", "0x7fb1f809cde0", "0x7fb1f809cd18", "0x7fb1f809cc50", "0x7fb1f809cb88", "0x7fb1f809cac0", "0x7fb1f809c9f8", "0x7fb1f809c930", "0x7fb1f809c868", "0x7fb1f809c7a0", "0x7fb1f809c6d8", "0x7fb1f809c610", "0x7fb1f809c548", "0x7fb1f809c480", "0x7fb1f809c3b8", "0x7fb1f809c2f0", "0x7fb1f809ef50", "0x7fb1f809c1d8", "0x7fb1f80a5620", "0x7fb1f809c0c0", "0x7fb1f80a5620", "0x7fb1f80a5620", "0x7fb1f80a5620", "0x7fb1f8097ea8", "0x7fb1f8097de0", "0x7fb1f8097d18", "0x7fb1f8097c50", "0x7fb1f8097b88", "0x7fb1f8097ac0", "0x7fb1f80979f8", "0x7fb1f80a5620", "0x7fb1f80978e0", "0x7fb1f80a5620", "0x7fb1f80977c8", "0x7fb1f8097700", "0x7fb1f8097638", "0x7fb1f8097570", "0x7fb1f80a5620", "0x7fb1f80a5620", "0x7fb1f8097408", "0x7fb1f80a5120", "0x7fb1f80972f0", "0x7fb1f80a5620", "0x7fb1f808fb68", "0x7fb1f808d430", "0x7fb1f808d368", "0x7fb1f808d2a0", "0x7fb1f808d0e8", "0x7fb1f808c148", "0x7fb1f8086b08", "0x7fb1f8086a40", "0x7fb1f8086978", "0x7fb1f8086888", "0x7fb1f8086978", "0x7fb1f8086888", "0x7fb1f80866f8", "0x7fb1f8086608", "0x7fb1f8086018", "0x7fb1f80844e8", "0x7fb1f8084448", "0x7fb1f80843a8", "0x7fb1f807f628", "0x7fb1f807f380", "0x7fb1f80c7a40", "0x7fb1f80c7a40", "0x7fb1f80c79f0", "0x7fb1f807cce8", "0x7fb1f807c6a8", "0x7fb1f807c4a0", "0x7fb1f8074ac0", "0x7fb1f806ff98", "0x7fb1f806ff98", "0x7fb1f806fcf0", "0x7fb1f806fb10", "0x7fb1f806f1d8", "0x7fb1f806e9b8", "0x7fb1f806d888", "0x7fb1f806d810", "0x7fb1f8067eb0", "0x7fb1f8066df8", "0x7fb1f8066c68", "0x7fb1f8066b00", "0x7fb1f8066998", "0x7fb1f8066830", "0x7fb1f8066678", "0x7fb1f80662b8", "0x7fb1f80660b0", "0x7fb1f8065e08", "0x7fb1f8065d18", "0x7fb1f805fd50", "0x7fb1f805fb70", "0x7fb1f805fa30", "0x7fb1f805f9b8", "0x7fb1f805f8f0", "0x7fb1f805f800", "0x7fb1f805f418", "0x7fb1f805da00", "0x7fb1f805d7a8", "0x7fb1f805d5a0", "0x7fb1f805d5a0", "0x7fb1f805d1b8", "0x7fb1f805d1b8", "0x7fb1f805cce0", "0x7fb1f805cce0", "0x7fb1f805c970", "0x7fb1f805c970", "0x7fb1f8057ba0", "0x7fb1f8057538", "0x7fb1f8057420", "0x7fb1f80566d8", "0x7fb1f80566d8", "0x7fb1f80566d8", "0x7fb1f80553f0", "0x7fb1f80553f0", "0x7fb1f8054d88", "0x7fb1f8054cc0", "0x7fb1f8054298", "0x7fb1f804ee60", "0x7fb1f804db28", "0x7fb1f804d678", "0x7fb1f804d5b0", "0x7fb1f804d538", "0x7fb1f804d4c0", "0x7fb1f804d3f8", "0x7fb1f804d380", "0x7fb1f804d308", "0x7fb1f804d5b0", "0x7fb1f804d100", "0x7fb1f8047f20", "0x7fb1f8047d18", "0x7fb1f80477a0", "0x7fb1f80475e8", "0x7fb1f80471b0", "0x7fb1f8046b48", "0x7fb1f8046a80", "0x7fb1f807f600", "0x7fb1f803e2b8", "0x7fb1f803e060", "0x7fb1f80bd3b0", "0x7fb1f80bd388", "0x7fb1f80bd360", "0x7fb1f803dac0", "0x7fb1f803dac0", "0x7fb1f803d9f8", "0x7fb1f803d9f8", "0x7fb1f803d930", "0x7fb1f803d930", "0x7fb1f803d868", "0x7fb1f803d7f0", "0x7fb1f803d778", "0x7fb1f803d778", "0x7fb1f80bd220", "0x7fb1f803d660", "0x7fb1f803d5e8", "0x7fb1f803d570", "0x7fb1f803d4f8", "0x7fb1f803d480", "0x7fb1f803d408", "0x7fb1f803d390", "0x7fb1f803d318", "0x7fb1f803d2a0", "0x7fb1f803d228", "0x7fb1f803d1b0", "0x7fb1f803d138", "0x7fb1f803d0c0", "0x7fb1f803d048", "0x7fb1f803cfd0", "0x7fb1f803cf58", "0x7fb1f803cee0", "0x7fb1f803ce68", "0x7fb1f803cdf0", "0x7fb1f803cd78", "0x7fb1f803cd00", "0x7fb1f803cc88", "0x7fb1f803cc88", "0x7fb1f80bd338", "0x7fb1f80bd310", "0x7fb1f80bd2e8", "0x7fb1f80bd2c0", "0x7fb1f80bd1f8", "0x7fb1f80bd1f8", "0x7fb1f803c9e0", "0x7fb1f803c9e0", "0x7fb1f803c918", "0x7fb1f803c918", "0x7fb1f803c850", "0x7fb1f803c850", "0x7fb1f803c788", "0x7fb1f803c788", "0x7fb1f803c6c0", "0x7fb1f803c6c0", "0x7fb1f803c5f8", "0x7fb1f803c5f8", "0x7fb1f80bd3b0", "0x7fb1f803c530", "0x7fb1f803c530", "0x7fb1f803c468", "0x7fb1f803c468", "0x7fb1f803c3a0", "0x7fb1f803c3a0", "0x7fb1f803c2d8", "0x7fb1f803c2d8", "0x7fb1f803c210", "0x7fb1f803c198", "0x7fb1f803c120", "0x7fb1f803c0a8", "0x7fb1f803c030", "0x7fb1f803c030", "0x7fb1f8037f30", "0x7fb1f8037f30", "0x7fb1f8037e68", "0x7fb1f8037e68", "0x7fb1f8037da0", "0x7fb1f8037da0", "0x7fb1f8037cd8", "0x7fb1f8037cd8", "0x7fb1f8037c10", "0x7fb1f8037c10", "0x7fb1f8037b48", "0x7fb1f8037b48", "0x7fb1f8037a80", "0x7fb1f8037a80", "0x7fb1f80379b8", "0x7fb1f80379b8", "0x7fb1f80378f0", "0x7fb1f80378f0", "0x7fb1f80378f0", "0x7fb1f80377d8", "0x7fb1f8037760", "0x7fb1f8037760", "0x7fb1f8037698", "0x7fb1f8037698", "0x7fb1f80375d0", "0x7fb1f80375d0", "0x7fb1f8037508", "0x7fb1f8037508", "0x7fb1f8037440", "0x7fb1f8037440", "0x7fb1f8037378", "0x7fb1f8037378", "0x7fb1f80372b0", "0x7fb1f80372b0", "0x7fb1f80371e8", "0x7fb1f80371e8", "0x7fb1f8037120", "0x7fb1f8037120", "0x7fb1f8037058", "0x7fb1f8037058", "0x7fb1f8036f90", "0x7fb1f803d9f8", "0x7fb1f803d9f8", "0x7fb1f8036e78", "0x7fb1f8036e00", "0x7fb1f8036e00", "0x7fb1f8036d38", "0x7fb1f8036d38", "0x7fb1f80bd220", "0x7fb1f80bd220", "0x7fb1f8036bd0", "0x7fb1f8036bd0", "0x7fb1f8036bd0", "0x7fb1f8036ab8", "0x7fb1f8036a40", "0x7fb1f8036a40", "0x7fb1f803d660", "0x7fb1f803d660", "0x7fb1f803d5e8", "0x7fb1f803d5e8", "0x7fb1f8036838", "0x7fb1f8036838", "0x7fb1f8036838", "0x7fb1f8036838", "0x7fb1f80366d0", "0x7fb1f803d4f8", "0x7fb1f8036608", "0x7fb1f8036608", "0x7fb1f8036540", "0x7fb1f8036540", "0x7fb1f8036478", "0x7fb1f8036400", "0x7fb1f803d480", "0x7fb1f803d408", "0x7fb1f803d390", "0x7fb1f803d318", "0x7fb1f803d2a0", "0x7fb1f803d228", "0x7fb1f80361a8", "0x7fb1f80361a8", "0x7fb1f80361a8", "0x7fb1f803d1b0", "0x7fb1f803d138", "0x7fb1f8035ff0", "0x7fb1f8035ff0", "0x7fb1f8035ff0", "0x7fb1f803d0c0", "0x7fb1f803d048", "0x7fb1f803cfd0", "0x7fb1f8035de8", "0x7fb1f8035d70", "0x7fb1f8035d70", "0x7fb1f8035d70", "0x7fb1f803cf58", "0x7fb1f803cee0", "0x7fb1f803ce68", "0x7fb1f803cdf0", "0x7fb1f803cd78", "0x7fb1f8035ac8", "0x7fb1f8035ac8", "0x7fb1f8035ac8", "0x7fb1f8035ac8", "0x7fb1f80bd360", "0x7fb1f80bd360", "0x7fb1f80358c0", "0x7fb1f80358c0", "0x7fb1f80bd388", "0x7fb1f80bd248", "0x7fb1f80bd248", "0x7fb1f80bd248", "0x7fb1f80bd298", "0x7fb1f80bd270", "0x7fb1f80bd338", "0x7fb1f80bd2e8", "0x7fb1f80bd2c0", "0x7fb1f80bd1f8", "0x7fb1f80bd1f8", "0x7fb1f80bd1f8", "0x7fb1f80bd1f8", "0x7fb1f80bd1f8", "0x7fb1f803c9e0", "0x7fb1f803c918", "0x7fb1f803c850", "0x7fb1f803c788", "0x7fb1f803c6c0", "0x7fb1f803c5f8", "0x7fb1f80351b8", "0x7fb1f80351b8", "0x7fb1f80350f0", "0x7fb1f80350f0", "0x7fb1f8035028", "0x7fb1f8034fb0", "0x7fb1f8034f38", "0x7fb1f8034ec0", "0x7fb1f8034ec0", "0x7fb1f8034df8", "0x7fb1f8034df8", "0x7fb1f8034d30", "0x7fb1f8034d30", "0x7fb1f80348d0", "0x7fb1f8034858", "0x7fb1f808da70", "0x7fb1f8111078", "0x7fb1f8102d20", "0x7fb1f8102cf8", "0x7fb1f806f700", "0x7fb1f806f6b0", "0x7fb1f803dfc0", "0x7fb1f806f548", "0x7fb1f806f520", "0x7fb1f80bdd38", "0x7fb1f8120640", "0x7fb1f80c52b8", "0x7fb1f80c5240", "0x7fb1f80c51c8", "0x7fb1f80c5150", "0x7fb1f80c4ef8", "0x7fb1f80bf750", "0x7fb1f80be1e8", "0x7fb1f80be148", "0x7fb1f80bdf18", "0x7fb1f80bdc48", "0x7fb1f80bd158", "0x7fb1f80bcf28", "0x7fb1f80b7578", "0x7fb1f80b4490", "0x7fb1f80b4170", "0x7fb1f80afb20", "0x7fb1f80af620", "0x7fb1f80af468", "0x7fb1f80af3c8", "0x7fb1f80af328", "0x7fb1f80af288", "0x7fb1f80af1e8", "0x7fb1f80af148", "0x7fb1f80af0a8", "0x7fb1f80af008", "0x7fb1f80aee50", "0x7fb1f80aedb0", "0x7fb1f80aed10", "0x7fb1f80aec48", "0x7fb1f80aeab8", "0x7fb1f80aea18", "0x7fb1f80ae8d8", "0x7fb1f80ae770", "0x7fb1f80ae5b8", "0x7fb1f80ae518", "0x7fb1f80ae428", "0x7fb1f80ae388", "0x7fb1f80ae2e8", "0x7fb1f80ae248", "0x7fb1f80ae180", "0x7fb1f80ae0e0", "0x7fb1f80adf78", "0x7fb1f80adf00", "0x7fb1f80add70", "0x7fb1f80acc90", "0x7fb1f80a7d30", "0x7fb1f80a7c90", "0x7fb1f80a7bf0", "0x7fb1f80a7100", "0x7fb1f80a63b8", "0x7fb1f80a5620", "0x7fb1f80a5558", "0x7fb1f80a5490", "0x7fb1f80a53c8", "0x7fb1f80a5300", "0x7fb1f80a51e8", "0x7fb1f80a5120", "0x7fb1f80a5058", "0x7fb1f80a4f90", "0x7fb1f80a4ec8", "0x7fb1f80a4db0", "0x7fb1f80a4ce8", "0x7fb1f80a4bd0", "0x7fb1f80a4b08", "0x7fb1f80a49f0", "0x7fb1f80a4838", "0x7fb1f80a4770", "0x7fb1f80a4658", "0x7fb1f80a44f0", "0x7fb1f80a4428", "0x7fb1f80a4360", "0x7fb1f80a4298", "0x7fb1f80a4180", "0x7fb1f80a40b8", "0x7fb1f809ff90", "0x7fb1f809fe28", "0x7fb1f809fd60", "0x7fb1f809fc98", "0x7fb1f809fbd0", "0x7fb1f809fb08", "0x7fb1f809fa40", "0x7fb1f809f978", "0x7fb1f809f860", "0x7fb1f809f798", "0x7fb1f809f6d0", "0x7fb1f809f608", "0x7fb1f809f540", "0x7fb1f809f478", "0x7fb1f809f360", "0x7fb1f809f298", "0x7fb1f809ef50", "0x7fb1f809eca8", "0x7fb1f809eb90", "0x7fb1f809eac8", "0x7fb1f809ea00", "0x7fb1f809e938", "0x7fb1f809e870", "0x7fb1f809e758", "0x7fb1f809e690", "0x7fb1f809e5c8", "0x7fb1f809e500", "0x7fb1f809e438", "0x7fb1f809e320", "0x7fb1f809e258", "0x7fb1f809e140", "0x7fb1f809e078", "0x7fb1f809dfb0", "0x7fb1f809dee8", "0x7fb1f809ddd0", "0x7fb1f809dd08", "0x7fb1f809dbf0", "0x7fb1f809db28", "0x7fb1f809d9c0", "0x7fb1f809d8f8", "0x7fb1f809d830", "0x7fb1f809d768", "0x7fb1f809d6a0", "0x7fb1f809d5d8", "0x7fb1f809d510", "0x7fb1f809d3f8", "0x7fb1f809d330", "0x7fb1f809d268", "0x7fb1f809d150", "0x7fb1f809d088", "0x7fb1f809cfc0", "0x7fb1f809cef8", "0x7fb1f809cde0", "0x7fb1f809cd18", "0x7fb1f809cc50", "0x7fb1f809cb88", "0x7fb1f809cac0", "0x7fb1f809c9f8", "0x7fb1f809c930", "0x7fb1f809c868", "0x7fb1f809c7a0", "0x7fb1f809c6d8", "0x7fb1f809c610", "0x7fb1f809c548", "0x7fb1f809c480", "0x7fb1f809c3b8", "0x7fb1f809c2f0", "0x7fb1f809c1d8", "0x7fb1f809c0c0", "0x7fb1f8097ea8", "0x7fb1f8097de0", "0x7fb1f8097d18", "0x7fb1f8097c50", "0x7fb1f8097b88", "0x7fb1f8097ac0", "0x7fb1f80979f8", "0x7fb1f80978e0", "0x7fb1f80977c8", "0x7fb1f8097700", "0x7fb1f8097638", "0x7fb1f8097570", "0x7fb1f8097408", "0x7fb1f80972f0", "0x7fb1f8097228", "0x7fb1f8095130", "0x7fb1f808f208", "0x7fb1f808ed30", "0x7fb1f808ea60", "0x7fb1f808e178", "0x7fb1f808d430", "0x7fb1f808d368", "0x7fb1f808d2a0", "0x7fb1f808d0e8", "0x7fb1f808c148", "0x7fb1f8087b20", "0x7fb1f8087580", "0x7fb1f80874e0", "0x7fb1f8086bd0", "0x7fb1f8086978", "0x7fb1f8086888", "0x7fb1f80866f8", "0x7fb1f8086608", "0x7fb1f807f380", "0x7fb1f807f308", "0x7fb1f807c4a0", "0x7fb1f80772c0", "0x7fb1f80760c8", "0x7fb1f8074ac0", "0x7fb1f80742c8", "0x7fb1f806fb10", "0x7fb1f806f160", "0x7fb1f806ebc0", "0x7fb1f806ea30", "0x7fb1f806e8a0", "0x7fb1f806e1c0", "0x7fb1f806dbf8", "0x7fb1f806d888", "0x7fb1f806d810", "0x7fb1f806c4b0", "0x7fb1f8067eb0", "0x7fb1f8066d30", "0x7fb1f8066c68", "0x7fb1f8066b00", "0x7fb1f8066998", "0x7fb1f8066830", "0x7fb1f8066678", "0x7fb1f8066358", "0x7fb1f8065e58", "0x7fb1f805f8f0", "0x7fb1f805f800", "0x7fb1f805f418", "0x7fb1f805d988", "0x7fb1f805d690", "0x7fb1f805d5a0", "0x7fb1f805d1b8", "0x7fb1f805d0f0", "0x7fb1f805cce0", "0x7fb1f805c970", "0x7fb1f8057ba0", "0x7fb1f8057538", "0x7fb1f8057420", "0x7fb1f80553f0", "0x7fb1f804f7e8", "0x7fb1f804f748", "0x7fb1f804f518", "0x7fb1f804ee60", "0x7fb1f804e898", "0x7fb1f804db28", "0x7fb1f804d100", "0x7fb1f804c048", "0x7fb1f80475e8", "0x7fb1f8046a80", "0x7fb1f80458d8", "0x7fb1f80348d0", "0x7fb1f8034858", "0x7fb1f8101ce0", "0x7fb1f8111078", "0x7fb1f8102cf8", "0x7fb1f8102d20", "0x7fb1f805fad0"]}
{"type":"ROOT", "root":"machine_context", "references":["0x7fb1f8129740", "0x7fb1f81297b8", "0x7fb1f8129740", "0x7fb1f8129740", "0x7fb1f804c048", "0x7fb1f8103b30", "0x7fb1f8047f70", "0x7fb1f8103b30", "0x7fb1f80bdd38", "0x7fb1f81202a8", "0x7fb1f805fa80", "0x7fb1f804c048", "0x7fb1f81137d8", "0x7fb1f80c5240", "0x7fb1f8120438", "0x7fb1f80c5240", "0x7fb1f80c5240", "0x7fb1f80c5240", "0x7fb1f8120438", "0x7fb1f80c5240", "0x7fb1f8120438", "0x7fb1f8120438", "0x7fb1f8120438"]}
{"type":"ROOT", "root":"global_list", "references":["0x7fb1f803e268", "0x7fb1f803e268"]}
{"type":"ROOT", "root":"global_tbl", "references":["0x7fb1f8086018", "0x7fb1f8086018", "0x7fb1f805fad0", "0x7fb1f805fad0", "0x7fb1f805fad0", "0x7fb1f80844e8", "0x7fb1f8084448", "0x7fb1f80843a8", "0x7fb1f8084448", "0x7fb1f807f628", "0x7fb1f807f628", "0x7fb1f807f628", "0x7fb1f807f628", "0x7fb1f807f628", "0x7fb1f8120640", "0x7fb1f8120640"]}
{"address":"0x7fb1f800c010", "type":"STRING", "class":"0x7fb1f80b7578", "frozen":true, "embedded":true, "fstring":true, "bytesize":21, "value":"getoptlong/version.rb", "encoding":"UTF-8", "memsize":40, "flags":{"wb_protected":true, "old":true, "uncollectible":true, "marked":true}}
{"address":"0x7fb1f800c038", "type":"OBJECT", "class":"0x7fb1f8112db0", "ivars":49, "references":["0x7fb1f815a890", "0x7fb1f815b498", "0x7fb1f800c2b8", "0x7fb1f815b448", "0x7fb1f800c218", "0x7fb1f800c358", "0x7fb1f815b330", "0x7fb1f815bc18", "0x7fb1f815b6a0", "0x7fb1f80e2bd8", "0x7fb1f815bf60", "0x7fb1f815bf38", "0x7fb1f815bf10", "0x7fb1f815bee8", "0x7fb1f815bec0", "0x7fb1f815a5c0", "0x7fb1f815b3f8", "0x7fb1f815be48", "0x7fb1f815be20", "0x7fb1f815bdf8", "0x7fb1f815b740", "0x7fb1f815bda8", "0x7fb1f815b8f8", "0x7fb1f815bcb8", "0x7fb1f80c6b68", "0x7fb1f815bc68", "0x7fb1f80b4418"], "memsize":432, "flags":{"wb_protected":true, "old":true, "uncollectible":true, "marked":true}}
{"address":"0x7fb1f800c060", "type":"STRING", "class":"0x7fb1f80b7578", "frozen":true, "embedded":true, "fstring":true, "bytesize":13, "value":"getoptlong.rb", "encoding":"UTF-8", "memsize":40, "flags":{"wb_protected":true, "old":true, "uncollectible":true, "marked":true}}
{"address":"0x7fb1f800c088", "type":"STRING", "class":"0x7fb1f80b7578", "frozen":true, "embedded":true, "fstring":true, "bytesize":5, "value":"XChar", "encoding":"US-ASCII", "memsize":40, "flags":{"wb_protected":true, "old":true, "uncollectible":true, "marked":true}}
{"address":"0x7fb1f800c0b0", "type":"STRING", "class":"0x7fb1f80b7578", "frozen":true, "embedded":true, "fstring":true, "bytesize":19, "value":"GetoptLong for Ruby", "encoding":"UTF-8", "memsize":40, "flags":{"wb_protected":true, "old":true, "uncollectible":true, "marked":true}}
{"address":"0x7fb1f800c0d8", "type":"STRING", "class":"0x7fb1f80b7578", "frozen":true, "embedded":true, "fstring":true, "bytesize":7, "value":"Builder", "encoding":"US-ASCII", "memsize":40, "flags":{"wb_protected":true, "old":true, "uncollectible":true, "marked":true}}
{"address":"0x7fb1f800c100", "type":"STRING", "class":"0x7fb1f80b7578", "frozen":true, "fstring":true, "bytesize":34, "value":"https://github.com/ruby/getoptlong", "encoding":"UTF-8", "memsize":75, "flags":{"wb_protected":true, "old":true, "uncollectible":true, "marked":true}}
{"address":"0x7fb1f800c128", "type":"STRING", "class":"0x7fb1f80b7578", "frozen":true, "embedded":true, "fstring":true, "bytesize":5, "value":"char1", "encoding":"US-ASCII", "memsize":40, "flags":{"wb_protected":true, "old":true, "uncollectible":true, "marked":true}}
{"address":"0x7fb1f800c150", "type":"STRING", "class":"0x7fb1f80b7578", "frozen":true, "embedded":true, "fstring":true, "bytesize":10, "value":"getoptlong", "encoding":"UTF-8", "memsize":40, "flags":{"wb_protected":true, "old":true, "uncollectible":true, "marked":true}}
{"address":"0x7fb1f800c1c8", "type":"ARRAY", "class":"0x7fb1f8097228", "length":1, "embedded":true, "references":["0x7fb1f800cfb0"], "memsize":40, "flags":{"wb_protected":true, "old":true, "uncollectible":true, "marked":true}}
{"address":"0x7fb1f800c218", "type":"STRING", "class":"0x7fb1f80b7578", "frozen":true, "fstring":true, "bytesize":29, "value":"https://github.com/ruby/prime", "encoding":"UTF-8", "memsize":70, "flags":{"wb_protected":true, "old":true, "uncollectible":true, "marked":true}}
{"address":"0x7fb1f800c240", "type":"ARRAY", "class":"0x7fb1f8097228", "length":1, "embedded":true, "references":["0x7fb1f80b6ab0"], "memsize":40, "flags":{"wb_protected":true, "old":true, "uncollectible":true, "marked":true}}
{"address":"0x7fb1f800c268", "type":"STRING", "class":"0x7fb1f80b7578", "frozen":true, "embedded":true, "fstring":true, "bytesize":8, "value":"prime.rb", "encoding":"UTF-8", "memsize":40, "flags":{"wb_protected":true, "old":true, "uncollectible":true, "marked":true}}
{"address":"0x7fb1f800c290", "type":"STRING", "class":"0x7fb1f80b7578", "frozen":true, "embedded":true, "fstring":true, "bytesize":14, "value":"yugui@yugui.jp", "encoding":"UTF-8", "memsize":40, "flags":{"wb_protected":true, "old":true, "uncollectible":true, "marked":true}}
{"address":"0x7fb1f800c2b8", "type":"STRING", "class":"0x7fb1f80b7578", "frozen":true, "fstring":true, "bytesize":40, "value":"Prime numbers and factorization library.", "encoding":"UTF-8", "memsize":81, "flags":{"wb_protected":true, "old":true, "uncollectible":true, "marked":true}}
{"address":"0x7fb1f800c2e0", "type":"STRING", "class":"0x7fb1f80b7578", "frozen":true, "embedded":true, "fstring":true, "bytesize":11, "value":"Yuki Sonoda", "encoding":"UTF-8", "memsize":40, "flags":{"wb_protected":true, "old":true, "uncollectible":true, "marked":true}}
{"address":"0x7fb1f800c308", "type":"STRING", "class":"0x7fb1f80b7578", "frozen":true, "embedded":true, "fstring":true, "bytesize":5, "value":"0.1.1", "encoding":"UTF-8", "memsize":40, "flags":{"wb_protected":true, "old":true, "uncollectible":true, "marked":true}}
{"address":"0x7fb1f800c330", "type":"ARRAY", "class":"0x7fb1f8097228", "length":1, "embedded":true, "references":["0x7fb1f80f3780"], "memsize":40, "flags":{"wb_protected":true, "old":true, "uncollectible":true, "marked":true}}
{"address":"0x7fb1f800c358", "type":"STRING", "class":"0x7fb1f80b7578", "frozen":true, "embedded":true, "fstring":true, "bytesize":5, "value":"prime", "encoding":"UTF-8", "memsize":40, "flags":{"wb_protected":true, "old":true, "uncollectible":true, "marked":true}}
{"address":"0x7fb1f800c380", "type":"OBJECT", "class":"0x7fb1f80e0680", "ivars":3, "references":["0x7fb1f800c330"], "memsize":40, "flags":{"wb_protected":true, "old":true, "uncollectible":true, "marked":true}}
{"address":"0x7fb1f800c3d0", "type":"STRING", "class":"0x7fb1f80b7578", "frozen":true, "embedded":true, "fstring":true, "bytesize":14, "value":"load_path_file", "encoding":"US-ASCII", "memsize":40, "flags":{"wb_protected":true, "old":true, "uncollectible":true, "marked":true}}
{"address":"0x7fb1f800c3f8", "type":"STRING", "class":"0x7fb1f80b7578", "embedded":true, "bytesize":5, "value":"0.0.2", "encoding":"UTF-8", "memsize":40, "flags":{"wb_protected":true, "old":true, "uncollectible":true, "marked":true}}
{"address":"0x7fb1f800c470", "type":"STRING", "class":"0x7fb1f80b7578", "frozen":true, "embedded":true, "fstring":true, "bytesize":7, "value":"globbed", "encoding":"US-ASCII", "memsize":40, "flags":{"wb_protected":true, "old":true, "uncollectible":true, "marked":true}}
{"address":"0x7fb1f800c498", "type":"STRING", "class":"0x7fb1f80b7578", "frozen":true, "embedded":true, "fstring":true, "bytesize":21, "value":"post_install_message=", "encoding":"US-ASCII", "memsize":40, "flags":{"wb_protected":true, "old":true, "uncollectible":true, "marked":true}}
{"address":"0x7fb1f800c4c0", "type":"STRING", "class":"0x7fb1f80b7578", "frozen":true, "embedded":true, "fstring":true, "bytesize":1, "value":"t", "encoding":"US-ASCII", "memsize":40, "flags":{"wb_protected":true, "old":true, "uncollectible":true, "marked":true}}
{"address":"0x7fb1f800c510", "type":"STRING", "class":"0x7fb1f80b7578", "frozen":true, "embedded":true, "fstring":true, "bytesize":12, "value":"description=", "encoding":"US-ASCII", "memsize":40, "flags":{"wb_protected":true, "old":true, "uncollectible":true, "marked":true}}
{"address":"0x7fb1f800c588", "type":"STRING", "class":"0x7fb1f80b7578", "frozen":true, "embedded":true, "fstring":true, "bytesize":15, "value":"sanitize_string", "encoding":"US-ASCII", "memsize":40, "flags":{"wb_protected":true, "old":true, "uncollectible":true, "marked":true}}
{"address":"0x7fb1f800c5d8", "type":"STRING", "class":"0x7fb1f80b7578", "frozen":true, "embedded":true, "fstring":true, "bytesize":8, "value":"summary=", "encoding":"US-ASCII", "memsize":40, "flags":{"wb_protected":true, "old":true, "uncollectible":true, "marked":true}}
{"address":"0x7fb1f800c600", "type":"STRING", "class":"0x7fb1f80b7578", "frozen":true, "embedded":true, "fstring":true, "bytesize":4, "value":"str2", "encoding":"US-ASCII", "memsize":40, "flags":{"wb_protected":true, "old":true, "uncollectible":true, "marked":true}}
{"address":"0x7fb1f800c628", "type":"OBJECT", "class":"0x7fb1f80dd4f8", "ivars":3, "references":["0x7fb1f800c3f8"], "memsize":40, "flags":{"wb_protected":true, "old":true, "uncollectible":true, "marked":true}}
{"address":"0x7fb1f800c678", "type":"STRING", "class":"0x7fb1f80b7578", "frozen":true, "embedded":true, "fstring":true, "bytesize":8, "value":"sanitize", "encoding":"US-ASCII", "memsize":40, "flags":{"wb_protected":true, "old":true, "uncollectible":true, "marked":true}}
{"address":"0x7fb1f800c6a0", "type":"STRING", "class":"0x7fb1f80b7578", "frozen":true, "embedded":true, "fstring":true, "bytesize":16, "value":"load_env_plugins", "encoding":"US-ASCII", "memsize":40, "flags":{"wb_protected":true, "old":true, "uncollectible":true, "marked":true}}
{"address":"0x7fb1f800c6c8", "type":"STRING", "class":"0x7fb1f80b7578", "frozen":true, "embedded":true, "fstring":true, "bytesize":4, "value":"str1", "encoding":"US-ASCII", "memsize":40, "flags":{"wb_protected":true, "old":true, "uncollectible":true, "marked":true}}
{"address":"0x7fb1f800c6f0", "type":"ARRAY", "class":"0x7fb1f8097228", "length":0, "memsize":40, "flags":{"wb_protected":true, "old":true, "uncollectible":true, "marked":true}}
{"address":"0x7fb1f800c718", "type":"STRING", "class":"0x7fb1f80b7578", "frozen":true, "embedded":true, "fstring":true, "bytesize":20, "value":"levenshtein_distance", "encoding":"US-ASCII", "memsize":40, "flags":{"wb_protected":true, "old":true, "uncollectible":true, "marked":true}}
{"address":"0x7fb1f800c768", "type":"ARRAY", "class":"0x7fb1f8097228", "length":0, "memsize":40, "flags":{"wb_protected":true, "old":true, "uncollectible":true, "marked":true}}
{"address":"0x7fb1f800c790", "type":"STRING", "class":"0x7fb1f80b7578", "frozen":true, "embedded":true, "fstring":true, "bytesize":8, "value":"dep_spec", "encoding":"US-ASCII", "memsize":40, "flags":{"wb_protected":true, "old":true, "uncollectible":true, "marked":true}}
{"address":"0x7fb1f800c7e0", "type":"OBJECT", "class":"0x7fb1f80e0680", "ivars":3, "references":["0x7fb1f8112770"], "memsize":40, "flags":{"wb_protected":true, "old":true, "uncollectible":true, "marked":true}}
{"address":"0x7fb1f800c830", "type":"STRING", "class":"0x7fb1f80b7578", "frozen":true, "embedded":true, "fstring":true, "bytesize":11, "value":"cert_chain=", "encoding":"US-ASCII", "memsize":40, "flags":{"wb_protected":true, "old":true, "uncollectible":true, "marked":true}}
{"address":"0x7fb1f800c858", "type":"ARRAY", "class":"0x7fb1f8097228", "length":0, "memsize":40, "flags":{"wb_protected":true, "old":true, "uncollectible":true, "marked":true}}
{"address":"0x7fb1f800c880", "type":"STRING", "class":"0x7fb1f80b7578", "embedded":true, "bytesize":4, "value":"ruby", "encoding":"UTF-8", "memsize":40, "flags":{"wb_protected":true, "old":true, "uncollectible":true, "marked":true}}
{"address":"0x7fb1f800c8a8", "type":"STRING", "class":"0x7fb1f80b7578", "frozen":true, "embedded":true, "fstring":true, "bytesize":17, "value":"extra_rdoc_files=", "encoding":"US-ASCII", "memsize":40, "flags":{"wb_protected":true, "old":true, "uncollectible":true, "marked":true}}
{"address":"0x7fb1f800c8d0", "type":"HASH", "class":"0x7fb1f8095130", "size":0, "memsize":40, "flags":{"wb_protected":true, "old":true, "uncollectible":true, "marked":true}}
{"address":"0x7fb1f800c920", "type":"STRING", "class":"0x7fb1f80b7578", "frozen":true, "embedded":true, "fstring":true, "bytesize":13, "value":"rdoc_options=", "encoding":"US-ASCII", "memsize":40, "flags":{"wb_protected":true, "old":true, "uncollectible":true, "marked":true}}
{"address":"0x7fb1f800c948", "type":"IMEMO", "class":"0x7fb1f800cb78", "imemo_type":"ment", "references":["0x7fb1f8046670", "0x7fb1f800c998"], "memsize":48, "flags":{"wb_protected":true, "old":true, "uncollectible":true, "marked":true}}
{"address":"0x7fb1f800c970", "type":"STRING", "class":"0x7fb1f80b7578", "frozen":true, "embedded":true, "fstring":true, "bytesize":7, "value":"visited", "encoding":"US-ASCII", "memsize":40, "flags":{"wb_protected":true, "old":true, "uncollectible":true, "marked":true}}
{"address":"0x7fb1f800c998", "type":"IMEMO", "class":"0x8", "imemo_type":"cref", "references":["0x7fb1f800cb78", "0x7fb1f800cbc8"], "memsize":40, "flags":{"wb_protected":true, "old":true, "uncollectible":true, "marked":true}}
{"address":"0x7fb1f800c9c0", "type":"ARRAY", "class":"0x7fb1f8097228", "length":0, "memsize":40, "flags":{"wb_protected":true, "old":true, "uncollectible":true, "marked":true}}
{"address":"0x7fb1f800c9e8", "type":"STRING", "class":"0x7fb1f80b7578", "frozen":true, "embedded":true, "fstring":true, "bytesize":12, "value":"load_plugins", "encoding":"US-ASCII", "memsize":40, "flags":{"wb_protected":true, "old":true, "uncollectible":true, "marked":true}}
{"address":"0x7fb1f800ca10", "type":"STRING", "class":"0x7fb1f80b7578", "frozen":true, "embedded":true, "fstring":true, "bytesize":6, "value":"files=", "encoding":"US-ASCII", "memsize":40, "flags":{"wb_protected":true, "old":true, "uncollectible":true, "marked":true}}
{"address":"0x7fb1f800ca38", "type":"ARRAY", "class":"0x7fb1f8097228", "length":0, "memsize":40, "flags":{"wb_protected":true, "old":true, "uncollectible":true, "marked":true}}
{"address":"0x7fb1f800ca60", "type":"ARRAY", "class":"0x7fb1f8097228", "length":0, "memsize":40, "flags":{"wb_protected":true, "old":true, "uncollectible":true, "marked":true}}
{"address":"0x7fb1f800ca88", "type":"ARRAY", "class":"0x7fb1f8097228", "length":3, "embedded":true, "references":["0x7fb1f8123cc8", "0x7fb1f81239d0", "0x7fb1f81236d8"], "memsize":40, "flags":{"wb_protected":true, "old":true, "uncollectible":true, "marked":true}}
{"address":"0x7fb1f800cab0", "type":"STRING", "class":"0x7fb1f80b7578", "frozen":true, "embedded":true, "fstring":true, "bytesize":10, "value":"abbreviate", "encoding":"US-ASCII", "memsize":40, "flags":{"wb_protected":true, "old":true, "uncollectible":true, "marked":true}}
{"address":"0x7fb1f800cad8", "type":"ARRAY", "class":"0x7fb1f8097228", "length":0, "memsize":40, "flags":{"wb_protected":true, "old":true, "uncollectible":true, "marked":true}}
{"address":"0x7fb1f800cb00", "type":"STRING", "class":"0x7fb1f80b7578", "embedded":true, "bytesize":3, "value":"bin", "encoding":"UTF-8", "memsize":40, "flags":{"wb_protected":true, "old":true, "uncollectible":true, "marked":true}}
{"address":"0x7fb1f800cb50", "type":"OBJECT", "class":"0x7fb1f8112db0", "ivars":49, "references":["0x7fb1f81234d0", "0x7fb1f8123ef8", "0x7fb1f800cf38", "0x7fb1f8123ed0", "0x7fb1f800cee8", "0x7fb1f800d000", "0x7fb1f800cd58", "0x7fb1f8123de0", "0x7fb1f800c628", "0x7fb1f800c1c8", "0x7fb1f800cb00", "0x7fb1f800cad8", "0x7fb1f800ca88", "0x7fb1f800ca60", "0x7fb1f800ca38", "0x7fb1f800c9c0", "0x7fb1f8123250", "0x7fb1f8123e80", "0x7fb1f800c8d0", "0x7fb1f800c880", "0x7fb1f800c858", "0x7fb1f800c240", "0x7fb1f800c7e0", "0x7fb1f800c380", "0x7fb1f800c768", "0x7fb1f80c6b68", "0x7fb1f800c6f0", "0x7fb1f80b4418"], "memsize":432, "flags":{"wb_protected":true, "old":true, "uncollectible":true, "marked":true}}
{"address":"0x7fb1f800cb78", "type":"CLASS", "class":"0x7fb1f80bf6b0", "name":"Object", "references":["0x7fb1f80c5240", "0x7fb1f800c948", "0x7fb1f800cba0"], "memsize":528, "flags":{"wb_protected":true, "old":true, "uncollectible":true, "marked":true}}
{"address":"0x7fb1f800cba0", "type":"OBJECT", "class":"0x7fb1f800cb78", "ivars":0, "memsize":40, "flags":{"wb_protected":true, "old":true, "uncollectible":true, "marked":true}}
{"address":"0x7fb1f800cbc8", "type":"IMEMO", "class":"0x8", "imemo_type":"cref", "references":["0x7fb1f8034858", "0x7fb1f80464b8"], "memsize":40, "flags":{"wb_protected":true, "old":true, "uncollectible":true, "marked":true}}
{"address":"0x7fb1f800cbf0", "type":"STRING", "class":"0x7fb1f80b7578", "frozen":true, "embedded":true, "fstring":true, "bytesize":1, "value":"c", "encoding":"US-ASCII", "memsize":40, "flags":{"wb_protected":true, "old":true, "uncollectible":true, "marked":true}}
{"address":"0x7fb1f800cc40", "type":"REGEXP", "class":"0x7fb1f808ea60", "references":["0x7fb1f80156d8"], "memsize":517, "flags":{"wb_protected":true, "old":true, "uncollectible":true, "marked":true}}
{"address":"0x7fb1f800cc90", "type":"STRING", "class":"0x7fb1f80b7578", "frozen":true, "embedded":true, "fstring":true, "bytesize":4, "value":"min3", "encoding":"US-ASCII", "memsize":40, "flags":{"wb_protected":true, "old":true, "uncollectible":true, "marked":true}}
{"address":"0x7fb1f800ccb8", "type":"IMEMO", "class":"0x7fb1f800d780", "imemo_type":"ment", "references":["0x7fb1f800d988", "0x7fb1f800d5c8"], "memsize":48, "flags":{"wb_protected":true, "old":true, "uncollectible":true, "marked":true}}
{"address":"0x7fb1f800cce0", "type":"STRING", "class":"0x7fb1f80b7578", "frozen":true, "embedded":true, "fstring":true, "bytesize":6, "value":"reline", "encoding":"UTF-8", "memsize":40, "flags":{"wb_protected":true, "old":true, "uncollectible":true, "marked":true}}
{"address":"0x7fb1f800cd08", "type":"STRING", "class":"0x7fb1f80b7578", "frozen":true, "fstring":true, "bytesize":29, "value":"It's a loader for \"readline\".", "encoding":"UTF-8", "memsize":70, "flags":{"wb_protected":true, "old":true, "uncollectible":true, "marked":true}}
{"address":"0x7fb1f800cd30", "type":"STRING", "class":"0x7fb1f80b7578", "frozen":true, "embedded":true, "fstring":true, "bytesize":7, "value":"details", "encoding":"US-ASCII", "memsize":40, "flags":{"wb_protected":true, "old":true, "uncollectible":true, "marked":true}}
{"address":"0x7fb1f800cd58", "type":"STRING", "class":"0x7fb1f80b7578", "frozen":true, "fstring":true, "bytesize":772, "encoding":"UTF-8", "memsize":813, "flags":{"wb_protected":true, "old":true, "uncollectible":true, "marked":true}}
{"address":"0x7fb1f800cd80", "type":"STRING", "class":"0x7fb1f80b7578", "frozen":true, "embedded":true, "fstring":true, "bytesize":6, "value":"accept", "encoding":"US-ASCII", "memsize":40, "flags":{"wb_protected":true, "old":true, "uncollectible":true, "marked":true}}
{"address":"0x7fb1f800cda8", "type":"IMEMO", "class":"0x7fb1f800d780", "imemo_type":"ment", "references":["0x7fb1f800d9b0", "0x7fb1f800d5c8"], "memsize":48, "flags":{"wb_protected":true, "old":true, "uncollectible":true, "marked":true}}
{"address":"0x7fb1f800cdd0", "type":"STRING", "class":"0x7fb1f80b7578", "frozen":true, "embedded":true, "fstring":true, "bytesize":7, "value":"Emitter", "encoding":"US-ASCII", "memsize":40, "flags":{"wb_protected":true, "old":true, "uncollectible":true, "marked":true}}
{"address":"0x7fb1f800cdf8", "type":"STRING", "class":"0x7fb1f80b7578", "frozen":true, "embedded":true, "fstring":true, "bytesize":12, "value":"Ruby license", "encoding":"UTF-8", "memsize":40, "flags":{"wb_protected":true, "old":true, "uncollectible":true, "marked":true}}
{"address":"0x7fb1f800ce20", "type":"STRING", "class":"0x7fb1f80b7578", "frozen":true, "embedded":true, "fstring":true, "bytesize":8, "value":"Visitors", "encoding":"US-ASCII", "memsize":40, "flags":{"wb_protected":true, "old":true, "uncollectible":true, "marked":true}}
{"address":"0x7fb1f800ce48", "type":"STRING", "class":"0x7fb1f80b7578", "frozen":true, "embedded":true, "fstring":true, "bytesize":18, "value":"gemcutter-0\\.[0-3]", "encoding":"US-ASCII", "memsize":40, "flags":{"wb_protected":true, "old":true, "uncollectible":true, "marked":true}}
{"address":"0x7fb1f800ce98", "type":"STRING", "class":"0x7fb1f80b7578", "frozen":true, "embedded":true, "fstring":true, "bytesize":5, "value":"Psych", "encoding":"US-ASCII", "memsize":40, "flags":{"wb_protected":true, "old":true, "uncollectible":true, "marked":true}}
{"address":"0x7fb1f800cec0", "type":"REGEXP", "class":"0x7fb1f808ea60", "references":["0x7fb1f800ce48"], "memsize":572, "flags":{"wb_protected":true, "old":true, "uncollectible":true, "marked":true}}
{"address":"0x7fb1f800cee8", "type":"STRING", "class":"0x7fb1f80b7578", "frozen":true, "fstring":true, "bytesize":32, "value":"https://github.com/ruby/readline", "encoding":"UTF-8", "memsize":73, "flags":{"wb_protected":true, "old":true, "uncollectible":true, "marked":true}}
{"address":"0x7fb1f800cf10", "type":"STRING", "class":"0x7fb1f80b7578", "frozen":true, "embedded":true, "fstring":true, "bytesize":11, "value":"readline.rb", "encoding":"UTF-8", "memsize":40, "flags":{"wb_protected":true, "old":true, "uncollectible":true, "marked":true}}
{"address":"0x7fb1f800cf38", "type":"STRING", "class":"0x7fb1f80b7578", "frozen":true, "fstring":true, "bytesize":284, "value":"This is just a loader for \"readline\". If Ruby has \"readline-ext\" gem that\nis a native extension, this gem will load it first. If Ruby doesn't have\nthe \"readline-ext\" gem this gem will load \"reline\" that is a compatible\nlibrary with \"readline-ext\" gem and is implemented by pure Ruby.\n", "encoding":"UTF-8", "memsize":325, "flags":{"wb_protected":true, "old":true, "uncollectible":true, "marked":true}}
{"address":"0x7fb1f800cf60", "type":"REGEXP", "class":"0x7fb1f808ea60", "references":["0x7fb1f80c76d0"], "memsize":490, "flags":{"wb_protected":true, "old":true, "uncollectible":true, "marked":true}}
{"address":"0x7fb1f800cf88", "type":"STRING", "class":"0x7fb1f80b7578", "frozen":true, "embedded":true, "fstring":true, "bytesize":8, "value":"StringIO", "encoding":"US-ASCII", "memsize":40, "flags":{"wb_protected":true, "old":true, "uncollectible":true, "marked":true}}
{"address":"0x7fb1f800cfb0", "type":"STRING", "class":"0x7fb1f80b7578", "frozen":true, "embedded":true, "fstring":true, "bytesize":7, "value":"aycabta", "encoding":"UTF-8", "memsize":40, "flags":{"wb_protected":true, "old":true, "uncollectible":true, "marked":true}}
{"address":"0x7fb1f800cfd8", "type":"STRING", "class":"0x7fb1f80b7578", "frozen":true, "embedded":true, "fstring":true, "bytesize":5, "value":"0.0.2", "encoding":"UTF-8", "memsize":40, "flags":{"wb_protected":true, "old":true, "uncollectible":true, "marked":true}}
{"address":"0x7fb1f800d000", "type":"STRING", "class":"0x7fb1f80b7578", "frozen":true, "embedded":true, "fstring":true, "bytesize":8, "value":"readline", "encoding":"UTF-8", "memsize":40, "flags":{"wb_protected":true, "old":true, "uncollectible":true, "marked":true}}
{"address":"0x7fb1f800d028", "type":"STRING", "class":"0x7fb1f80b7578", "frozen":true, "embedded":true, "fstring":true, "bytesize":6, "value":"plugin", "encoding":"US-ASCII", "memsize":40, "flags":{"wb_protected":true, "old":true, "uncollectible":true, "marked":true}}
{"address":"0x7fb1f800d050", "type":"ARRAY", "class":"0x7fb1f8097228", "length":37, "shared":true, "references":["0x7fb1f800d9d8"], "memsize":40, "flags":{"wb_protected":true, "old":true, "uncollectible":true, "marked":true}}
{"address":"0x7fb1f800d0a0", "type":"ARRAY", "class":"0x7fb1f8097228", "length":0, "memsize":40, "flags":{"wb_protected":true, "old":true, "uncollectible":true, "marked":true}}
{"address":"0x7fb1f800d0c8", "type":"STRING", "class":"0x7fb1f80b7578", "frozen":true, "embedded":true, "fstring":true, "bytesize":7, "value":"plugins", "encoding":"US-ASCII", "memsize":40, "flags":{"wb_protected":true, "old":true, "uncollectible":true, "marked":true}}
{"address":"0x7fb1f800d0f0", "type":"HASH", "class":"0x7fb1f8095130", "size":1, "references":["0x7fb1f801d068", "0x7fb1f800d140", "0x7fb1f800d0a0"], "memsize":168, "flags":{"wb_protected":true, "old":true, "uncollectible":true, "marked":true}}
{"address":"0x7fb1f800d118", "type":"STRING", "class":"0x7fb1f80b7578", "frozen":true, "embedded":true, "fstring":true, "bytesize":17, "value":"load_plugin_files", "encoding":"US-ASCII", "memsize":40, "flags":{"wb_protected":true, "old":true, "uncollectible":true, "marked":true}}
{"address":"0x7fb1f800d140", "type":"ARRAY", "class":"0x7fb1f8097228", "length":2, "embedded":true, "memsize":40, "flags":{"wb_protected":true, "old":true, "uncollectible":true, "marked":true}}
{"address":"0x7fb1f800d190", "type":"STRING", "class":"0x7fb1f80b7578", "frozen":true, "embedded":true, "fstring":true, "bytesize":4, "value":"tree", "encoding":"US-ASCII", "memsize":40, "flags":{"wb_protected":true, "old":true, "uncollectible":true, "marked":true}}
{"address":"0x7fb1f800d1b8", "type":"ARRAY", "class":"0x7fb1f8097228", "frozen":true, "length":2, "embedded":true, "references":["0x7fb1f801d928"], "memsize":40, "flags":{"wb_protected":true, "old":true, "uncollectible":true, "marked":true}}
{"address":"0x7fb1f800d1e0", "type":"STRING", "class":"0x7fb1f80b7578", "frozen":true, "embedded":true, "fstring":true, "bytesize":3, "value":"ast", "encoding":"US-ASCII", "memsize":40, "flags":{"wb_protected":true, "old":true, "uncollectible":true, "marked":true}}
{"address":"0x7fb1f800d208", "type":"IMEMO", "class":"0x7fb1f800d780", "imemo_type":"ment", "references":["0x7fb1f800d1b8"], "memsize":48, "flags":{"wb_protected":true, "old":true, "uncollectible":true, "marked":true}}
{"address":"0x7fb1f800d230", "type":"STRING", "class":"0x7fb1f80b7578", "frozen":true, "embedded":true, "fstring":true, "bytesize":8, "value":"spec_dep", "encoding":"US-ASCII", "memsize":40, "flags":{"wb_protected":true, "old":true, "uncollectible":true, "marked":true}}
{"address":"0x7fb1f800d280", "type":"STRING", "class":"0x7fb1f80b7578", "frozen":true, "embedded":true, "fstring":true, "bytesize":20, "value":"runtime_dependencies", "encoding":"US-ASCII", "memsize":40, "flags":{"wb_protected":true, "old":true, "uncollectible":true, "marked":true}}
{"address":"0x7fb1f800d2d0", "type":"ARRAY", "class":"0x7fb1f8097228", "frozen":true, "length":2, "embedded":true, "references":["0x7fb1f801d928"], "memsize":40, "flags":{"wb_protected":true, "old":true, "uncollectible":true, "marked":true}}
{"address":"0x7fb1f800d2f8", "type":"STRING", "class":"0x7fb1f80b7578", "frozen":true, "embedded":true, "fstring":true, "bytesize":14, "value":"java_platform?", "encoding":"US-ASCII", "memsize":40, "flags":{"wb_protected":true, "old":true, "uncollectible":true, "marked":true}}
{"address":"0x7fb1f800d320", "type":"IMEMO", "class":"0x7fb1f800d780", "imemo_type":"ment", "references":["0x7fb1f800d2d0"], "memsize":48, "flags":{"wb_protected":true, "old":true, "uncollectible":true, "marked":true}}
{"address":"0x7fb1f800d398", "type":"ARRAY", "class":"0x7fb1f8097228", "frozen":true, "length":2, "embedded":true, "references":["0x7fb1f801d928"], "memsize":40, "flags":{"wb_protected":true, "old":true, "uncollectible":true, "marked":true}}
{"address":"0x7fb1f800d3c0", "type":"IMEMO", "class":"0x7fb1f800d780", "imemo_type":"ment", "references":["0x7fb1f800d398"], "memsize":48, "flags":{"wb_protected":true, "old":true, "uncollectible":true, "marked":true}}
{"address":"0x7fb1f800d438", "type":"STRING", "class":"0x7fb1f80b7578", "frozen":true, "embedded":true, "fstring":true, "bytesize":15, "value":"NoAliasYAMLTree", "encoding":"US-ASCII", "memsize":40, "flags":{"wb_protected":true, "old":true, "uncollectible":true, "marked":true}}
{"address":"0x7fb1f800d460", "type":"ARRAY", "class":"0x7fb1f8097228", "frozen":true, "length":2, "embedded":true, "references":["0x7fb1f801d928"], "memsize":40, "flags":{"wb_protected":true, "old":true, "uncollectible":true, "marked":true}}
{"address":"0x7fb1f800d488", "type":"IMEMO", "class":"0x7fb1f800d780", "imemo_type":"ment", "references":["0x7fb1f800d460"], "memsize":48, "flags":{"wb_protected":true, "old":true, "uncollectible":true, "marked":true}}
{"address":"0x7fb1f800d500", "type":"ARRAY", "class":"0x7fb1f8097228", "frozen":true, "length":2, "embedded":true, "references":["0x7fb1f801d928"], "memsize":40, "flags":{"wb_protected":true, "old":true, "uncollectible":true, "marked":true}}
{"address":"0x7fb1f800d528", "type":"STRING", "class":"0x7fb1f80b7578", "frozen":true, "embedded":true, "fstring":true, "bytesize":1, "value":"r", "encoding":"US-ASCII", "memsize":40, "flags":{"wb_protected":true, "old":true, "uncollectible":true, "marked":true}}
{"address":"0x7fb1f800d550", "type":"IMEMO", "class":"0x7fb1f800d780", "imemo_type":"ment", "references":["0x7fb1f800d500"], "memsize":48, "flags":{"wb_protected":true, "old":true, "uncollectible":true, "marked":true}}
{"address":"0x7fb1f800d5c8", "type":"IMEMO", "class":"0x8", "imemo_type":"cref", "references":["0x7fb1f800d780", "0x7fb1f800d7a8"], "memsize":40, "flags":{"wb_protected":true, "old":true, "uncollectible":true, "marked":true}}
{"address":"0x7fb1f800d5f0", "type":"STRING", "class":"0x7fb1f80b7578", "frozen":true, "embedded":true, "fstring":true, "bytesize":13, "value":"ruby_platform", "encoding":"US-ASCII", "memsize":40, "flags":{"wb_protected":true, "old":true, "uncollectible":true, "marked":true}}
{"address":"0x7fb1f800d618", "type":"STRING", "class":"0x7fb1f80b7578", "frozen":true, "embedded":true, "fstring":true, "bytesize":4, "value":"opts", "encoding":"US-ASCII", "memsize":40, "flags":{"wb_protected":true, "old":true, "uncollectible":true, "marked":true}}
{"address":"0x7fb1f800d640", "type":"STRING", "class":"0x7fb1f80b7578", "frozen":true, "embedded":true, "fstring":true, "bytesize":21, "value":"add_self_to_load_path", "encoding":"US-ASCII", "memsize":40, "flags":{"wb_protected":true, "old":true, "uncollectible":true, "marked":true}}
{"address":"0x7fb1f800d668", "type":"STRING", "class":"0x7fb1f80b7578", "frozen":true, "embedded":true, "fstring":true, "bytesize":4, "value":"work", "encoding":"US-ASCII", "memsize":40, "flags":{"wb_protected":true, "old":true, "uncollectible":true, "marked":true}}
{"address":"0x7fb1f800d690", "type":"STRING", "class":"0x7fb1f80b7578", "frozen":true, "embedded":true, "fstring":true, "bytesize":7, "value":"to_yaml", "encoding":"US-ASCII", "memsize":40, "flags":{"wb_protected":true, "old":true, "uncollectible":true, "marked":true}}
{"address":"0x7fb1f800d6b8", "type":"STRING", "class":"0x7fb1f80b7578", "frozen":true, "embedded":true, "fstring":true, "bytesize":21, "value":"activate_dependencies", "encoding":"US-ASCII", "memsize":40, "flags":{"wb_protected":true, "old":true, "uncollectible":true, "marked":true}}
{"address":"0x7fb1f800d6e0", "type":"STRING", "class":"0x7fb1f80b7578", "frozen":true, "bytesize":31, "capacity":47, "value":"DidYouMean::VariableNameChecker", "encoding":"US-ASCII", "memsize":88, "flags":{"wb_protected":true, "old":true, "uncollectible":true, "marked":true}}
{"address":"0x7fb1f800d708", "type":"CLASS", "class":"0x7fb1f80bf700", "name":"Class", "references":["0x7fb1f80bf6b0", "0x7fb1f800d780"], "memsize":464, "flags":{"wb_protected":true, "old":true, "uncollectible":true, "marked":true}}
{"address":"0x7fb1f800d758", "type":"STRING", "class":"0x7fb1f80b7578", "frozen":true, "embedded":true, "fstring":true, "bytesize":18, "value":"raise_if_conflicts", "encoding":"US-ASCII", "memsize":40, "flags":{"wb_protected":true, "old":true, "uncollectible":true, "marked":true}}
{"address":"0x7fb1f800d780", "type":"CLASS", "class":"0x7fb1f800d708", "name":"DidYouMean::VariableNameChecker", "references":["0x7fb1f80c5240", "0x7fb1f800cda8", "0x7fb1f800ccb8", "0x7fb1f800d488", "0x7fb1f800d3c0", "0x7fb1f800d320", "0x7fb1f800d208", "0x7fb1f800d550", "0x7fb1f800d6e0", "0x7fb1f800d050", "0x7fb1f801d928", "0x7fb1f800d0f0", "0x7fb1f801d928"], "memsize":808, "flags":{"wb_protected":true, "old":true, "uncollectible":true, "marked":true}}
{"address":"0x7fb1f800d7a8", "type":"IMEMO", "class":"0x8", "imemo_type":"cref", "references":["0x7fb1f8034858", "0x7fb1f800d938"], "memsize":40, "flags":{"wb_protected":true, "old":true, "uncollectible":true, "marked":true}}
{"address":"0x7fb1f800d7d0", "type":"STRING", "class":"0x7fb1f80b7578", "frozen":true, "embedded":true, "fstring":true, "bytesize":6, "value":"indent", "encoding":"US-ASCII", "memsize":40, "flags":{"wb_protected":true, "old":true, "uncollectible":true, "marked":true}}
{"address":"0x7fb1f800d820", "type":"STRING", "class":"0x7fb1f80b7578", "frozen":true, "embedded":true, "fstring":true, "bytesize":11, "value":"format_text", "encoding":"US-ASCII", "memsize":40, "flags":{"wb_protected":true, "old":true, "uncollectible":true, "marked":true}}
{"address":"0x7fb1f800d848", "type":"STRING", "class":"0x7fb1f80b7578", "frozen":true, "embedded":true, "fstring":true, "bytesize":22, "value":"check_version_conflict", "encoding":"US-ASCII", "memsize":40, "flags":{"wb_protected":true, "old":true, "uncollectible":true, "marked":true}}
{"address":"0x7fb1f800d938", "type":"IMEMO", "class":"0x8", "imemo_type":"cref", "references":["0x7fb1f80c5240"], "memsize":40, "flags":{"wb_protected":true, "old":true, "uncollectible":true, "marked":true}}
{"address":"0x7fb1f800d988", "type":"IMEMO", "imemo_type":"iseq", "references":["0x7fb1f80f28f8", "0x7fb1f80f28f8", "0x7fb1f801d928"], "memsize":2244, "flags":{"wb_protected":true, "old":true, "uncollectible":true, "marked":true}}
{"address":"0x7fb1f800d9b0", "type":"IMEMO", "imemo_type":"iseq", "references":["0x7fb1f80d48f8", "0x7fb1f80beaa8", "0x7fb1f80c6690", "0x7fb1f80c6690", "0x7fb1f801d928"], "memsize":2700, "flags":{"wb_protected":true, "old":true, "uncollectible":true, "marked":true}}
{"address":"0x7fb1f800d9d8", "type":"ARRAY", "frozen":true, "length":37, "references":["0x7fb1f801c848", "0x7fb1f801c5f0", "0x7fb1f801c1b8", "0x7fb1f801c050", "0x7fb1f8017a50", "0x7fb1f8017410", "0x7fb1f8017118", "0x7fb1f8016920", "0x7fb1f8016380", "0x7fb1f8016128", "0x7fb1f8015c78", "0x7fb1f8015638", "0x7fb1f80151b0", "0x7fb1f8014ee0", "0x7fb1f8014b20", "0x7fb1f8014710", "0x7fb1f800ff08", "0x7fb1f800fa30", "0x7fb1f800f670", "0x7fb1f800f030", "0x7fb1f800edb0", "0x7fb1f800ec48", "0x7fb1f800e9a0", "0x7fb1f800e7c0"], "memsize":336, "flags":{"wb_protected":true, "old":true, "uncollectible":true, "marked":true}}
{"address":"0x7fb1f800db18", "type":"STRING", "class":"0x7fb1f80b7578", "frozen":true, "embedded":true, "fstring":true, "bytesize":9, "value":"use_paths", "encoding":"US-ASCII", "memsize":40, "flags":{"wb_protected":true, "old":true, "uncollectible":true, "marked":true}}
{"address":"0x7fb1f800db40", "type":"STRING", "class":"0x7fb1f80b7578", "frozen":true, "embedded":true, "fstring":true, "bytesize":17, "value":"to_ruby_for_cache", "encoding":"US-ASCII", "memsize":40, "flags":{"wb_protected":true, "old":true, "uncollectible":true, "marked":true}}
{"address":"0x7fb1f800dbb8", "type":"STRING", "class":"0x7fb1f80b7578", "frozen":true, "embedded":true, "fstring":true, "bytesize":8, "value":"...(?=.)", "encoding":"US-ASCII", "memsize":40, "flags":{"wb_protected":true, "old":true, "uncollectible":true, "marked":true}}
{"address":"0x7fb1f800dc30", "type":"REGEXP", "class":"0x7fb1f808ea60", "references":["0x7fb1f800dbb8"], "memsize":504, "flags":{"wb_protected":true, "old":true, "uncollectible":true, "marked":true}}
{"address":"0x7fb1f800dc80", "type":"STRING", "class":"0x7fb1f80b7578", "frozen":true, "embedded":true, "fstring":true, "bytesize":22, "value":"DefaultUserInteraction", "encoding":"US-ASCII", "memsize":40, "flags":{"wb_protected":true, "old":true, "uncollectible":true, "marked":true}}
{"address":"0x7fb1f800dcd0", "type":"STRING", "class":"0x7fb1f80b7578", "frozen":true, "bytesize":87, "capacity":127, "value":"-lruby.2.7-static -framework Security -framework Foundation -lpthread -lgmp -ldl -lobjc", "memsize":168, "flags":{"wb_protected":true, "old":true, "uncollectible":true, "marked":true}}
{"address":"0x7fb1f800df00", "type":"STRING", "class":"0x7fb1f80b7578", "frozen":true, "embedded":true, "fstring":true, "bytesize":5, "value":"limit", "encoding":"US-ASCII", "memsize":40, "flags":{"wb_protected":true, "old":true, "uncollectible":true, "marked":true}}
{"address":"0x7fb1f800df50", "type":"STRING", "class":"0x7fb1f80b7578", "frozen":true, "embedded":true, "fstring":true, "bytesize":10, "value":"max_length", "encoding":"US-ASCII", "memsize":40, "flags":{"wb_protected":true, "old":true, "uncollectible":true, "marked":true}}
{"address":"0x7fb1f800df78", "type":"STRING", "class":"0x7fb1f80b7578", "frozen":true, "embedded":true, "fstring":true, "bytesize":3, "value":"say", "encoding":"US-ASCII", "memsize":40, "flags":{"wb_protected":true, "old":true, "uncollectible":true, "marked":true}}
{"address":"0x7fb1f800dfa0", "type":"STRING", "class":"0x7fb1f80b7578", "frozen":true, "fstring":true, "bytesize":104, "capacity":158, "value":"/Users/rschneeman/.rubies/ruby-2.7.1/lib/ruby/gems/2.7.0/specifications/default/getoptlong-0.1.0.gemspec", "encoding":"US-ASCII", "memsize":199, "flags":{"wb_protected":true, "old":true, "uncollectible":true, "marked":true}}
{"address":"0x7fb1f800dfc8", "type":"STRING", "class":"0x7fb1f80b7578", "frozen":true, "embedded":true, "fstring":true, "bytesize":2, "value":"ui", "encoding":"US-ASCII", "memsize":40, "flags":{"wb_protected":true, "old":true, "uncollectible":true, "marked":true}}
{"address":"0x7fb1f800dff0", "type":"STRING", "class":"0x7fb1f80b7578", "frozen":true, "bytesize":87, "capacity":108, "value":"-lruby.2.7-static -framework Security -framework Foundation -lpthread -lgmp -ldl -lobjc", "memsize":149, "flags":{"wb_protected":true, "old":true, "uncollectible":true, "marked":true}}
{"address":"0x7fb1f800e040", "type":"STRING", "class":"0x7fb1f80b7578", "frozen":true, "embedded":true, "fstring":true, "bytesize":13, "value":"truncate_text", "encoding":"US-ASCII", "memsize":40, "flags":{"wb_protected":true, "old":true, "uncollectible":true, "marked":true}}
{"address":"0x7fb1f800e068", "type":"STRING", "class":"0x7fb1f80b7578", "frozen":true, "embedded":true, "fstring":true, "bytesize":7, "value":"elapsed", "encoding":"US-ASCII", "memsize":40, "flags":{"wb_protected":true, "old":true, "uncollectible":true, "marked":true}}
{"address":"0x7fb1f800e090", "type":"STRING", "class":"0x7fb1f80b7578", "frozen":true, "embedded":true, "fstring":true, "bytesize":16, "value":"net/smtp/version", "encoding":"UTF-8", "memsize":40, "flags":{"wb_protected":true, "old":true, "uncollectible":true, "marked":true}}
{"address":"0x7fb1f800e108", "type":"STRING", "class":"0x7fb1f80b7578", "frozen":true, "embedded":true, "fstring":true, "bytesize":8, "value":"net/smtp", "encoding":"UTF-8", "memsize":40, "flags":{"wb_protected":true, "old":true, "uncollectible":true, "marked":true}}
{"address":"0x7fb1f800e158", "type":"STRING", "class":"0x7fb1f80b7578", "frozen":true, "embedded":true, "fstring":true, "bytesize":11, "value":"@cvar_names", "encoding":"US-ASCII", "memsize":40, "flags":{"wb_protected":true, "old":true, "uncollectible":true, "marked":true}}
{"address":"0x7fb1f800e1a8", "type":"STRING", "class":"0x7fb1f80b7578", "frozen":true, "embedded":true, "fstring":true, "bytesize":7, "value":"verbose", "encoding":"US-ASCII", "memsize":40, "flags":{"wb_protected":true, "old":true, "uncollectible":true, "marked":true}}
{"address":"0x7fb1f800e1f8", "type":"STRING", "class":"0x7fb1f80b7578", "frozen":true, "embedded":true, "fstring":true, "bytesize":5, "value":"width", "encoding":"US-ASCII", "memsize":40, "flags":{"wb_protected":true, "old":true, "uncollectible":true, "marked":true}}
{"address":"0x7fb1f800e220", "type":"STRING", "class":"0x7fb1f80b7578", "frozen":true, "embedded":true, "fstring":true, "bytesize":18, "value":"version_reqs_param", "encoding":"US-ASCII", "memsize":40, "flags":{"wb_protected":true, "old":true, "uncollectible":true, "marked":true}}
{"address":"0x7fb1f800e248", "type":"STRING", "class":"0x7fb1f80b7578", "frozen":true, "embedded":true, "fstring":true, "bytesize":4, "value":"time", "encoding":"US-ASCII", "memsize":40, "flags":{"wb_protected":true, "old":true, "uncollectible":true, "marked":true}}
{"address":"0x7fb1f800e270", "type":"STRING", "class":"0x7fb1f80b7578", "frozen":true, "embedded":true, "fstring":true, "bytesize":11, "value":"@ivar_names", "encoding":"US-ASCII", "memsize":40, "flags":{"wb_protected":true, "old":true, "uncollectible":true, "marked":true}}
{"address":"0x7fb1f800e298", "type":"ARRAY", "class":"0x7fb1f8097228", "length":2, "embedded":true, "references":["0x7fb1f80141e8", "0x7fb1f80141c0"], "memsize":40, "flags":{"wb_protected":true, "old":true, "uncollectible":true, "marked":true}}
{"address":"0x7fb1f800e310", "type":"STRING", "class":"0x7fb1f80b7578", "frozen":true, "embedded":true, "fstring":true, "bytesize":13, "value":"@method_names", "encoding":"US-ASCII", "memsize":40, "flags":{"wb_protected":true, "old":true, "uncollectible":true, "marked":true}}
{"address":"0x7fb1f800e360", "type":"STRING", "class":"0x7fb1f80b7578", "frozen":true, "embedded":true, "fstring":true, "bytesize":8, "value":"sort_obj", "encoding":"US-ASCII", "memsize":40, "flags":{"wb_protected":true, "old":true, "uncollectible":true, "marked":true}}
{"address":"0x7fb1f800e400", "type":"STRING", "class":"0x7fb1f80b7578", "frozen":true, "embedded":true, "fstring":true, "bytesize":5, "value":"other", "encoding":"US-ASCII", "memsize":40, "flags":{"wb_protected":true, "old":true, "uncollectible":true, "marked":true}}
{"address":"0x7fb1f800e428", "type":"STRING", "class":"0x7fb1f80b7578", "frozen":true, "fstring":true, "bytesize":27, "value":"[\\000-\\b\\v-\\f\\016-\\037\\177]", "encoding":"US-ASCII", "memsize":68, "flags":{"wb_protected":true, "old":true, "uncollectible":true, "marked":true}}
{"address":"0x7fb1f800e450", "type":"STRING", "class":"0x7fb1f80b7578", "frozen":true, "bytesize":27, "capacity":63, "value":"-lpthread -lgmp -ldl -lobjc", "memsize":104, "flags":{"wb_protected":true, "old":true, "uncollectible":true, "marked":true}}
{"address":"0x7fb1f800e478", "type":"STRING", "class":"0x7fb1f80b7578", "frozen":true, "embedded":true, "fstring":true, "bytesize":11, "value":"@lvar_names", "encoding":"US-ASCII", "memsize":40, "flags":{"wb_protected":true, "old":true, "uncollectible":true, "marked":true}}
{"address":"0x7fb1f800e4c8", "type":"STRING", "class":"0x7fb1f80b7578", "frozen":true, "embedded":true, "fstring":true, "bytesize":3, "value":"val", "encoding":"US-ASCII", "memsize":40, "flags":{"wb_protected":true, "old":true, "uncollectible":true, "marked":true}}
{"address":"0x7fb1f800e590", "type":"STRING", "class":"0x7fb1f80b7578", "frozen":true, "embedded":true, "fstring":true, "bytesize":10, "value":"@activated", "encoding":"US-ASCII", "memsize":40, "flags":{"wb_protected":true, "old":true, "uncollectible":true, "marked":true}}
{"address":"0x7fb1f800e608", "type":"STRING", "class":"0x7fb1f80b7578", "frozen":true, "embedded":true, "fstring":true, "bytesize":7, "value":"@loaded", "encoding":"US-ASCII", "memsize":40, "flags":{"wb_protected":true, "old":true, "uncollectible":true, "marked":true}}
{"address":"0x7fb1f800e658", "type":"REGEXP", "class":"0x7fb1f808ea60", "references":["0x7fb1f800e428"], "memsize":542, "flags":{"wb_protected":true, "old":true, "uncollectible":true, "marked":true}}
{"address":"0x7fb1f800e680", "type":"STRING", "class":"0x7fb1f80b7578", "frozen":true, "embedded":true, "fstring":true, "bytesize":9, "value":"@metadata", "encoding":"US-ASCII", "memsize":40, "flags":{"wb_protected":true, "old":true, "uncollectible":true, "marked":true}}
{"address":"0x7fb1f800e6a8", "type":"STRING", "class":"0x7fb1f80b7578", "frozen":true, "embedded":true, "fstring":true, "bytesize":5, "value":"@type", "encoding":"US-ASCII", "memsize":40, "flags":{"wb_protected":true, "old":true, "uncollectible":true, "marked":true}}
{"address":"0x7fb1f800e6d0", "type":"STRING", "class":"0x7fb1f80b7578", "frozen":true, "embedded":true, "fstring":true, "bytesize":9, "value":"@suffixes", "encoding":"US-ASCII", "memsize":40, "flags":{"wb_protected":true, "old":true, "uncollectible":true, "marked":true}}
{"address":"0x7fb1f800e720", "type":"STRING", "class":"0x7fb1f80b7578", "frozen":true, "embedded":true, "fstring":true, "bytesize":8, "value":"@license", "encoding":"US-ASCII", "memsize":40, "flags":{"wb_protected":true, "old":true, "uncollectible":true, "marked":true}}
{"address":"0x7fb1f800e770", "type":"STRING", "class":"0x7fb1f80b7578", "frozen":true, "embedded":true, "fstring":true, "bytesize":17, "value":"requirements_list", "encoding":"US-ASCII", "memsize":40, "flags":{"wb_protected":true, "old":true, "uncollectible":true, "marked":true}}
{"address":"0x7fb1f800e7c0", "type":"SYMBOL", "class":"0x7fb1f80b4170", "frozen":true, "bytesize":12, "value":"__ENCODING__", "memsize":40, "flags":{"wb_protected":true, "old":true, "uncollectible":true, "marked":true}}
{"address":"0x7fb1f800e7e8", "type":"STRING", "class":"0x7fb1f80b7578", "frozen":true, "embedded":true, "fstring":true, "bytesize":9, "value":"@has_rdoc", "encoding":"US-ASCII", "memsize":40, "flags":{"wb_protected":true, "old":true, "uncollectible":true, "marked":true}}
{"address":"0x7fb1f800e810", "type":"STRING", "class":"0x7fb1f80b7578", "frozen":true, "embedded":true, "fstring":true, "bytesize":12, "value":"__ENCODING__", "encoding":"US-ASCII", "memsize":40, "flags":{"wb_protected":true, "old":true, "uncollectible":true, "marked":true}}
{"address":"0x7fb1f800e838", "type":"STRING", "class":"0x7fb1f80b7578", "frozen":true, "fstring":true, "bytesize":99, "capacity":158, "value":"/Users/rschneeman/.rubies/ruby-2.7.1/lib/ruby/gems/2.7.0/specifications/default/prime-0.1.1.gemspec", "encoding":"US-ASCII", "memsize":199, "flags":{"wb_protected":true, "old":true, "uncollectible":true, "marked":true}}
{"address":"0x7fb1f800e860", "type":"STRING", "class":"0x7fb1f80b7578", "frozen":true, "embedded":true, "fstring":true, "bytesize":9, "value":"@homepage", "encoding":"US-ASCII", "memsize":40, "flags":{"wb_protected":true, "old":true, "uncollectible":true, "marked":true}}
{"address":"0x7fb1f800e8d8", "type":"STRING", "class":"0x7fb1f80b7578", "frozen":true, "embedded":true, "fstring":true, "bytesize":14, "value":"@suffix_regexp", "encoding":"US-ASCII", "memsize":40, "flags":{"wb_protected":true, "old":true, "uncollectible":true, "marked":true}}
{"address":"0x7fb1f800e900", "type":"STRING", "class":"0x7fb1f80b7578", "frozen":true, "embedded":true, "fstring":true, "bytesize":12, "value":"@description", "encoding":"US-ASCII", "memsize":40, "flags":{"wb_protected":true, "old":true, "uncollectible":true, "marked":true}}
{"address":"0x7fb1f800e950", "type":"STRING", "class":"0x7fb1f80b7578", "frozen":true, "embedded":true, "fstring":true, "bytesize":20, "value":"ext/stringio/extconf", "encoding":"UTF-8", "memsize":40, "flags":{"wb_protected":true, "old":true, "uncollectible":true, "marked":true}}
{"address":"0x7fb1f800e978", "type":"STRING", "class":"0x7fb1f80b7578", "frozen":true, "embedded":true, "fstring":true, "bytesize":13, "value":"suffix_regexp", "encoding":"US-ASCII", "memsize":40, "flags":{"wb_protected":true, "old":true, "uncollectible":true, "marked":true}}
{"address":"0x7fb1f800e9a0", "type":"SYMBOL", "class":"0x7fb1f80b4170", "frozen":true, "bytesize":8, "value":"__FILE__", "memsize":40, "flags":{"wb_protected":true, "old":true, "uncollectible":true, "marked":true}}
{"address":"0x7fb1f800e9c8", "type":"STRING", "class":"0x7fb1f80b7578", "frozen":true, "embedded":true, "fstring":true, "bytesize":6, "value":"@email", "encoding":"US-ASCII", "memsize":40, "flags":{"wb_protected":true, "old":true, "uncollectible":true, "marked":true}}
{"address":"0x7fb1f800e9f0", "type":"STRING", "class":"0x7fb1f80b7578", "bytesize":102, "value":"/Users/rschneeman/.rubies/ruby-2.7.1/lib/ruby/gems/2.7.0/specifications/default/net-smtp-0.1.0.gemspec", "encoding":"US-ASCII", "memsize":143, "flags":{"wb_protected":true, "old":true, "uncollectible":true, "marked":true}}
{"address":"0x7fb1f800ea18", "type":"STRING", "class":"0x7fb1f80b7578", "shared":true, "encoding":"UTF-8", "references":["0x7fb1f8014238"], "memsize":40, "flags":{"wb_protected":true, "old":true, "uncollectible":true, "marked":true}}
{"address":"0x7fb1f800ea40", "type":"STRING", "class":"0x7fb1f80b7578", "frozen":true, "embedded":true, "fstring":true, "bytesize":8, "value":"__FILE__", "encoding":"US-ASCII", "memsize":40, "flags":{"wb_protected":true, "old":true, "uncollectible":true, "marked":true}}
{"address":"0x7fb1f800ea68", "type":"STRING", "class":"0x7fb1f80b7578", "frozen":true, "embedded":true, "fstring":true, "bytesize":13, "value":"@dependencies", "encoding":"US-ASCII", "memsize":40, "flags":{"wb_protected":true, "old":true, "uncollectible":true, "marked":true}}
{"address":"0x7fb1f800eab8", "type":"STRING", "class":"0x7fb1f80b7578", "frozen":true, "embedded":true, "fstring":true, "bytesize":8, "value":"suffixes", "encoding":"US-ASCII", "memsize":40, "flags":{"wb_protected":true, "old":true, "uncollectible":true, "marked":true}}
{"address":"0x7fb1f800eae0", "type":"ARRAY", "class":"0x7fb1f8097228", "length":2, "embedded":true, "references":["0x7fb1f80176e0", "0x7fb1f80175c8"], "memsize":40, "flags":{"wb_protected":true, "old":true, "uncollectible":true, "marked":true}}
{"address":"0x7fb1f800eb30", "type":"ARRAY", "class":"0x7fb1f8097228", "length":1, "embedded":true, "references":["0x7fb1f80e2ac0"], "memsize":40, "flags":{"wb_protected":true, "old":true, "uncollectible":true, "marked":true}}
{"address":"0x7fb1f800eb58", "type":"STRING", "class":"0x7fb1f80b7578", "frozen":true, "embedded":true, "fstring":true, "bytesize":15, "value":"@suffix_pattern", "encoding":"US-ASCII", "memsize":40, "flags":{"wb_protected":true, "old":true, "uncollectible":true, "marked":true}}
{"address":"0x7fb1f800eba8", "type":"STRING", "class":"0x7fb1f80b7578", "frozen":true, "embedded":true, "fstring":true, "bytesize":8, "value":"@summary", "encoding":"US-ASCII", "memsize":40, "flags":{"wb_protected":true, "old":true, "uncollectible":true, "marked":true}}
{"address":"0x7fb1f800ebd0", "type":"ARRAY", "class":"0x7fb1f8097228", "length":1, "embedded":true, "references":["0x7fb1f80e2b60"], "memsize":40, "flags":{"wb_protected":true, "old":true, "uncollectible":true, "marked":true}}
{"address":"0x7fb1f800ebf8", "type":"DATA", "class":"0x7fb1f80760c8", "struct":"time", "references":["0x7fb1f8112a90"], "memsize":86, "flags":{"uncollectible":true, "marked":true}}
{"address":"0x7fb1f800ec20", "type":"STRING", "class":"0x7fb1f80b7578", "frozen":true, "embedded":true, "fstring":true, "bytesize":5, "value":"date=", "encoding":"US-ASCII", "memsize":40, "flags":{"wb_protected":true, "old":true, "uncollectible":true, "marked":true}}
{"address":"0x7fb1f800ec48", "type":"SYMBOL", "class":"0x7fb1f80b4170", "frozen":true, "bytesize":8, "value":"__LINE__", "memsize":40, "flags":{"wb_protected":true, "old":true, "uncollectible":true, "marked":true}}
{"address":"0x7fb1f800ec70", "type":"STRING", "class":"0x7fb1f80b7578", "frozen":true, "embedded":true, "fstring":true, "bytesize":8, "value":"__LINE__", "encoding":"US-ASCII", "memsize":40, "flags":{"wb_protected":true, "old":true, "uncollectible":true, "marked":true}}
{"address":"0x7fb1f800ecc0", "type":"STRING", "class":"0x7fb1f80b7578", "frozen":true, "fstring":true, "bytesize":68, "value":"/Users/rschneeman/.rubies/ruby-2.7.1/lib/ruby/2.7.0/rubygems/text.rb", "encoding":"US-ASCII", "memsize":109, "flags":{"wb_protected":true, "old":true, "uncollectible":true, "marked":true}}
{"address":"0x7fb1f800ed88", "type":"STRING", "class":"0x7fb1f80b7578", "frozen":true, "embedded":true, "fstring":true, "bytesize":11, "value":"PrivateType", "encoding":"US-ASCII", "memsize":40, "flags":{"wb_protected":true, "old":true, "uncollectible":true, "marked":true}}
{"address":"0x7fb1f800edb0", "type":"SYMBOL", "class":"0x7fb1f80b4170", "frozen":true, "bytesize":5, "value":"while", "memsize":40, "flags":{"wb_protected":true, "old":true, "uncollectible":true, "marked":true}}
{"address":"0x7fb1f800edd8", "type":"STRING", "class":"0x7fb1f80b7578", "frozen":true, "embedded":true, "fstring":true, "bytesize":5, "value":"while", "encoding":"US-ASCII", "memsize":40, "flags":{"wb_protected":true, "old":true, "uncollectible":true, "marked":true}}
{"address":"0x7fb1f800ee00", "type":"STRING", "class":"0x7fb1f80b7578", "frozen":true, "embedded":true, "fstring":true, "bytesize":11, "value":"new_sources", "encoding":"US-ASCII", "memsize":40, "flags":{"wb_protected":true, "old":true, "uncollectible":true, "marked":true}}
{"address":"0x7fb1f800ee50", "type":"STRING", "class":"0x7fb1f80b7578", "frozen":true, "embedded":true, "fstring":true, "bytesize":8, "value":"sources=", "encoding":"US-ASCII", "memsize":40, "flags":{"wb_protected":true, "old":true, "uncollectible":true, "marked":true}}
{"address":"0x7fb1f800ee78", "type":"ARRAY", "class":"0x7fb1f8097228", "length":1, "embedded":true, "references":["0x7fb1f80e2c00"], "memsize":40, "flags":{"wb_protected":true, "old":true, "uncollectible":true, "marked":true}}
{"address":"0x7fb1f800eef0", "type":"ARRAY", "class":"0x7fb1f8097228", "length":1, "embedded":true, "references":["0x7fb1f80b6ab0"], "memsize":40, "flags":{"wb_protected":true, "old":true, "uncollectible":true, "marked":true}}
{"address":"0x7fb1f800ef18", "type":"HASH", "class":"0x7fb1f8095130", "size":2, "references":["0x7fb1f8110e20", "0x7fb1f800ef90", "0x7fb1f8110dd0", "0x7fb1f800ef40"], "memsize":168, "flags":{"wb_protected":true, "old":true, "uncollectible":true, "marked":true}}
{"address":"0x7fb1f800ef40", "type":"STRING", "class":"0x7fb1f80b7578", "shared":true, "encoding":"UTF-8", "references":["0x7fb1f8014468"], "memsize":40, "flags":{"wb_protected":true, "old":true, "uncollectible":true, "marked":true}}
{"address":"0x7fb1f800ef68", "type":"STRING", "class":"0x7fb1f80b7578", "frozen":true, "embedded":true, "fstring":true, "bytesize":3, "value":"RSA", "encoding":"US-ASCII", "memsize":40, "flags":{"wb_protected":true, "old":true, "uncollectible":true, "marked":true}}
{"address":"0x7fb1f800ef90", "type":"STRING", "class":"0x7fb1f80b7578", "shared":true, "encoding":"UTF-8", "references":["0x7fb1f8014468"], "memsize":40, "flags":{"wb_protected":true, "old":true, "uncollectible":true, "marked":true}}
{"address":"0x7fb1f800efb8", "type":"STRING", "class":"0x7fb1f80b7578", "frozen":true, "embedded":true, "fstring":true, "bytesize":4, "value":"PKey", "encoding":"US-ASCII", "memsize":40, "flags":{"wb_protected":true, "old":true, "uncollectible":true, "marked":true}}
{"address":"0x7fb1f800f008", "type":"STRING", "class":"0x7fb1f80b7578", "frozen":true, "embedded":true, "fstring":true, "bytesize":7, "value":"OpenSSL", "encoding":"US-ASCII", "memsize":40, "flags":{"wb_protected":true, "old":true, "uncollectible":true, "marked":true}}
{"address":"0x7fb1f800f030", "type":"SYMBOL", "class":"0x7fb1f80b4170", "frozen":true, "bytesize":4, "value":"when", "memsize":40, "flags":{"wb_protected":true, "old":true, "uncollectible":true, "marked":true}}
{"address":"0x7fb1f800f058", "type":"STRING", "class":"0x7fb1f80b7578", "frozen":true, "embedded":true, "fstring":true, "bytesize":4, "value":"from", "encoding":"US-ASCII", "memsize":40, "flags":{"wb_protected":true, "old":true, "uncollectible":true, "marked":true}}
{"address":"0x7fb1f800f080", "type":"STRING", "class":"0x7fb1f80b7578", "frozen":true, "embedded":true, "fstring":true, "bytesize":4, "value":"when", "encoding":"US-ASCII", "memsize":40, "flags":{"wb_protected":true, "old":true, "uncollectible":true, "marked":true}}
{"address":"0x7fb1f800f0a8", "type":"STRING", "class":"0x7fb1f80b7578", "frozen":true, "embedded":true, "fstring":true, "bytesize":10, "value":"SourceList", "encoding":"US-ASCII", "memsize":40, "flags":{"wb_protected":true, "old":true, "uncollectible":true, "marked":true}}
{"address":"0x7fb1f800f120", "type":"STRING", "class":"0x7fb1f80b7578", "frozen":true, "embedded":true, "fstring":true, "bytesize":15, "value":"default_sources", "encoding":"US-ASCII", "memsize":40, "flags":{"wb_protected":true, "old":true, "uncollectible":true, "marked":true}}
{"address":"0x7fb1f800f148", "type":"IMEMO", "class":"0x7fb1f800f3c8", "imemo_type":"ment", "references":["0x7fb1f800f558", "0x7fb1f800f3f0"], "memsize":48, "flags":{"wb_protected":true, "old":true, "uncollectible":true, "marked":true}}
{"address":"0x7fb1f800f170", "type":"STRING", "class":"0x7fb1f80b7578", "frozen":true, "embedded":true, "fstring":true, "bytesize":11, "value":"source_list", "encoding":"US-ASCII", "memsize":40, "flags":{"wb_protected":true, "old":true, "uncollectible":true, "marked":true}}
{"address":"0x7fb1f800f198", "type":"STRING", "class":"0x7fb1f80b7578", "frozen":true, "embedded":true, "fstring":true, "bytesize":11, "value":"field_count", "encoding":"US-ASCII", "memsize":40, "flags":{"wb_protected":true, "old":true, "uncollectible":true, "marked":true}}
{"address":"0x7fb1f800f1c0", "type":"IMEMO", "class":"0x7fb1f800f3c8", "imemo_type":"ment", "references":["0x7fb1f800f8f0", "0x7fb1f800f3f0"], "memsize":48, "flags":{"wb_protected":true, "old":true, "uncollectible":true, "marked":true}}
{"address":"0x7fb1f800f1e8", "type":"IMEMO", "class":"0x7fb1f800f3c8", "imemo_type":"ment", "references":["0x7fb1f800ff30", "0x7fb1f800f3f0"], "memsize":48, "flags":{"wb_protected":true, "old":true, "uncollectible":true, "marked":true}}
{"address":"0x7fb1f800f210", "type":"STRING", "class":"0x7fb1f80b7578", "frozen":true, "embedded":true, "fstring":true, "bytesize":7, "value":"sources", "encoding":"US-ASCII", "memsize":40, "flags":{"wb_protected":true, "old":true, "uncollectible":true, "marked":true}}
{"address":"0x7fb1f800f238", "type":"STRING", "class":"0x7fb1f80b7578", "frozen":true, "bytesize":61, "capacity":63, "value":"/Users/rschneeman/.rubies/ruby-2.7.1/lib/ruby/x86_64-darwin17", "memsize":104, "flags":{"wb_protected":true, "old":true, "uncollectible":true, "marked":true}}
{"address":"0x7fb1f800f260", "type":"IMEMO", "class":"0x7fb1f800f3c8", "imemo_type":"ment", "references":["0x7fb1f80140f8", "0x7fb1f800f3f0"], "memsize":48, "flags":{"wb_protected":true, "old":true, "uncollectible":true, "marked":true}}
{"address":"0x7fb1f800f288", "type":"STRING", "class":"0x7fb1f80b7578", "frozen":true, "embedded":true, "fstring":true, "bytesize":15, "value":"current_version", "encoding":"US-ASCII", "memsize":40, "flags":{"wb_protected":true, "old":true, "uncollectible":true, "marked":true}}
{"address":"0x7fb1f800f2d8", "type":"IMEMO", "class":"0x7fb1f800f3c8", "imemo_type":"ment", "references":["0x7fb1f8014120", "0x7fb1f800f3f0"], "memsize":48, "flags":{"wb_protected":true, "old":true, "uncollectible":true, "marked":true}}
{"address":"0x7fb1f800f300", "type":"IMEMO", "class":"0x7fb1f800f3c8", "imemo_type":"ment", "references":["0x7fb1f8014148", "0x7fb1f800f3f0"], "memsize":48, "flags":{"wb_protected":true, "old":true, "uncollectible":true, "marked":true}}
{"address":"0x7fb1f800f328", "type":"STRING", "class":"0x7fb1f80b7578", "frozen":true, "embedded":true, "fstring":true, "bytesize":22, "value":"@specification_version", "encoding":"US-ASCII", "memsize":40, "flags":{"wb_protected":true, "old":true, "uncollectible":true, "marked":true}}
{"address":"0x7fb1f800f350", "type":"IMEMO", "class":"0x7fb1f800f3c8", "imemo_type":"ment", "references":["0x7fb1f80144b8", "0x7fb1f800f3f0"], "memsize":48, "flags":{"wb_protected":true, "old":true, "uncollectible":true, "marked":true}}
{"address":"0x7fb1f800f378", "type":"IMEMO", "class":"0x7fb1f800f3c8", "imemo_type":"ment", "references":["0x7fb1f8014508", "0x7fb1f800f3f0"], "memsize":48, "flags":{"wb_protected":true, "old":true, "uncollectible":true, "marked":true}}
{"address":"0x7fb1f800f3a0", "type":"STRING", "class":"0x7fb1f80b7578", "frozen":true, "embedded":true, "fstring":true, "bytesize":17, "value":"@rubygems_version", "encoding":"US-ASCII", "memsize":40, "flags":{"wb_protected":true, "old":true, "uncollectible":true, "marked":true}}
{"address":"0x7fb1f800f3c8", "type":"CLASS", "class":"0x7fb1f80bf6d8", "name":"Module", "references":["0x7fb1f80c51c8", "0x7fb1f800f260", "0x7fb1f800f378", "0x7fb1f800f350", "0x7fb1f800f300", "0x7fb1f800f1e8", "0x7fb1f800f148", "0x7fb1f800f1c0", "0x7fb1f800f2d8", "0x7fb1f800f490"], "memsize":720, "flags":{"wb_protected":true, "old":true, "uncollectible":true, "marked":true}}
{"address":"0x7fb1f800f3f0", "type":"IMEMO", "class":"0x8", "imemo_type":"cref", "references":["0x7fb1f800f490", "0x7fb1f800f4b8"], "memsize":40, "flags":{"wb_protected":true, "old":true, "uncollectible":true, "marked":true}}
{"address":"0x7fb1f800f418", "type":"STRING", "class":"0x7fb1f80b7578", "frozen":true, "embedded":true, "fstring":true, "bytesize":5, "value":"array", "encoding":"US-ASCII", "memsize":40, "flags":{"wb_protected":true, "old":true, "uncollectible":true, "marked":true}}
{"address":"0x7fb1f800f440", "type":"STRING", "class":"0x7fb1f80b7578", "frozen":true, "embedded":true, "fstring":true, "bytesize":16, "value":"rubygems_version", "encoding":"US-ASCII", "memsize":40, "flags":{"wb_protected":true, "old":true, "uncollectible":true, "marked":true}}
{"address":"0x7fb1f800f468", "type":"STRING", "class":"0x7fb1f80b7578", "frozen":true, "embedded":true, "bytesize":9, "value":"Gem::Util", "encoding":"US-ASCII", "memsize":40, "flags":{"wb_protected":true, "old":true, "uncollectible":true, "marked":true}}
{"address":"0x7fb1f800f490", "type":"MODULE", "class":"0x7fb1f800f3c8", "name":"Gem::Util", "references":["0x7fb1f800f468"], "memsize":464, "flags":{"wb_protected":true, "old":true, "uncollectible":true, "marked":true}}
{"address":"0x7fb1f800f4b8", "type":"IMEMO", "class":"0x8", "imemo_type":"cref", "references":["0x7fb1f80c5240"], "memsize":40, "flags":{"wb_protected":true, "old":true, "uncollectible":true, "marked":true}}
{"address":"0x7fb1f800f4e0", "type":"STRUCT", "class":"0x7fb1f8087b20", "memsize":40, "flags":{"wb_protected":true, "old":true, "uncollectible":true, "marked":true}}
{"address":"0x7fb1f800f508", "type":"ARRAY", "class":"0x7fb1f8097228", "length":1, "embedded":true, "references":["0x7fb1f80f3780"], "memsize":40, "flags":{"wb_protected":true, "old":true, "uncollectible":true, "marked":true}}
{"address":"0x7fb1f800f530", "type":"STRING", "class":"0x7fb1f80b7578", "frozen":true, "embedded":true, "fstring":true, "bytesize":3, "value":"str", "encoding":"US-ASCII", "memsize":40, "flags":{"wb_protected":true, "old":true, "uncollectible":true, "marked":true}}
{"address":"0x7fb1f800f558", "type":"IMEMO", "imemo_type":"iseq", "references":["0x7fb1f80bced8", "0x7fb1f8014cd8", "0x7fb1f80da9d8", "0x7fb1f800f4e0", "0x7fb1f8014f58", "0x7fb1f8014f58", "0x7fb1f801d298"], "memsize":1628, "flags":{"wb_protected":true, "old":true, "uncollectible":true, "marked":true}}
{"address":"0x7fb1f800f5a8", "type":"STRING", "class":"0x7fb1f80b7578", "frozen":true, "embedded":true, "fstring":true, "bytesize":7, "value":"Version", "encoding":"US-ASCII", "memsize":40, "flags":{"wb_protected":true, "old":true, "uncollectible":true, "marked":true}}
{"address":"0x7fb1f800f5d0", "type":"OBJECT", "class":"0x7fb1f80e0680", "ivars":3, "references":["0x7fb1f800f508"], "memsize":40, "flags":{"wb_protected":true, "old":true, "uncollectible":true, "marked":true}}
{"address":"0x7fb1f800f5f8", "type":"STRING", "class":"0x7fb1f80b7578", "frozen":true, "bytesize":61, "capacity":63, "value":"/Users/rschneeman/.rubies/ruby-2.7.1/lib/ruby/x86_64-darwin17", "memsize":104, "flags":{"wb_protected":true, "old":true, "uncollectible":true, "marked":true}}
{"address":"0x7fb1f800f620", "type":"STRING", "class":"0x7fb1f80b7578", "frozen":true, "embedded":true, "fstring":true, "bytesize":7, "value":"handled", "encoding":"US-ASCII", "memsize":40, "flags":{"wb_protected":true, "old":true, "uncollectible":true, "marked":true}}
{"address":"0x7fb1f800f648", "type":"STRING", "class":"0x7fb1f80b7578", "frozen":true, "fstring":true, "bytesize":102, "capacity":158, "value":"/Users/rschneeman/.rubies/ruby-2.7.1/lib/ruby/gems/2.7.0/specifications/default/readline-0.0.2.gemspec", "encoding":"US-ASCII", "memsize":199, "flags":{"wb_protected":true, "old":true, "uncollectible":true, "marked":true}}
{"address":"0x7fb1f800f670", "type":"SYMBOL", "class":"0x7fb1f80b4170", "frozen":true, "bytesize":5, "value":"until", "memsize":40, "flags":{"wb_protected":true, "old":true, "uncollectible":true, "marked":true}}
{"address":"0x7fb1f800f698", "type":"STRING", "class":"0x7fb1f80b7578", "frozen":true, "embedded":true, "fstring":true, "bytesize":12, "value":"rdoc/version", "encoding":"UTF-8", "memsize":40, "flags":{"wb_protected":true, "old":true, "uncollectible":true, "marked":true}}
{"address":"0x7fb1f800f6c0", "type":"ARRAY", "class":"0x7fb1f8097228", "length":0, "memsize":40, "flags":{"wb_protected":true, "old":true, "uncollectible":true, "marked":true}}
{"address":"0x7fb1f800f6e8", "type":"STRING", "class":"0x7fb1f80b7578", "frozen":true, "embedded":true, "fstring":true, "bytesize":5, "value":"until", "encoding":"US-ASCII", "memsize":40, "flags":{"wb_protected":true, "old":true, "uncollectible":true, "marked":true}}
{"address":"0x7fb1f800f710", "type":"STRING", "class":"0x7fb1f80b7578", "frozen":true, "embedded":true, "fstring":true, "bytesize":16, "value":"@unresolved_deps", "encoding":"US-ASCII", "memsize":40, "flags":{"wb_protected":true, "old":true, "uncollectible":true, "marked":true}}
{"address":"0x7fb1f800f738", "type":"STRING", "class":"0x7fb1f80b7578", "frozen":true, "embedded":true, "fstring":true, "bytesize":14, "value":"rdoc/top_level", "encoding":"UTF-8", "memsize":40, "flags":{"wb_protected":true, "old":true, "uncollectible":true, "marked":true}}
{"address":"0x7fb1f800f760", "type":"ARRAY", "class":"0x7fb1f8097228", "length":0, "memsize":40, "flags":{"wb_protected":true, "old":true, "uncollectible":true, "marked":true}}
{"address":"0x7fb1f800f788", "type":"IMEMO", "imemo_type":"iseq", "references":["0x7fb1f800f7b0", "0x7fb1f801f070", "0x7fb1f801d298", "0x7fb1f800f8f0"], "memsize":720, "flags":{"wb_protected":true, "old":true, "uncollectible":true, "marked":true}}
{"address":"0x7fb1f800f7b0", "type":"STRING", "class":"0x7fb1f80b7578", "frozen":true, "fstring":true, "bytesize":26, "value":"block in glob_files_in_dir", "memsize":67, "flags":{"wb_protected":true, "old":true, "uncollectible":true, "marked":true}}
{"address":"0x7fb1f800f800", "type":"OBJECT", "class":"0x7fb1f80e0680", "ivars":3, "references":["0x7fb1f8112770"], "memsize":40, "flags":{"wb_protected":true, "old":true, "uncollectible":true, "marked":true}}
{"address":"0x7fb1f800f828", "type":"STRING", "class":"0x7fb1f80b7578", "frozen":true, "embedded":true, "fstring":true, "bytesize":12, "value":"rdoc/tom_doc", "encoding":"UTF-8", "memsize":40, "flags":{"wb_protected":true, "old":true, "uncollectible":true, "marked":true}}
{"address":"0x7fb1f800f878", "type":"STRING", "class":"0x7fb1f80b7578", "bytesize":112, "value":"/Users/rschneeman/.rubies/ruby-2.7.1/lib/ruby/gems/2.7.0/extensions/x86_64-darwin-17/2.7.0-static/stringio-0.1.0", "encoding":"US-ASCII", "memsize":153, "flags":{"wb_protected":true, "old":true, "uncollectible":true, "marked":true}}
{"address":"0x7fb1f800f8a0", "type":"STRING", "class":"0x7fb1f80b7578", "frozen":true, "embedded":true, "fstring":true, "bytesize":17, "value":"rdoc/token_stream", "encoding":"UTF-8", "memsize":40, "flags":{"wb_protected":true, "old":true, "uncollectible":true, "marked":true}}
{"address":"0x7fb1f800f8c8", "type":"STRING", "class":"0x7fb1f80b7578", "frozen":true, "embedded":true, "fstring":true, "bytesize":3, "value":"2.5", "encoding":"UTF-8", "memsize":40, "flags":{"wb_protected":true, "old":true, "uncollectible":true, "marked":true}}
{"address":"0x7fb1f800f8f0", "type":"IMEMO", "imemo_type":"iseq", "references":["0x7fb1f800f8c8", "0x7fb1f800f788", "0x7fb1f801f070", "0x7fb1f801f070", "0x7fb1f801d298", "0x7fb1f800f788"], "memsize":1512, "flags":{"wb_protected":true, "old":true, "uncollectible":true, "marked":true}}
{"address":"0x7fb1f800f918", "type":"ARRAY", "class":"0x7fb1f8097228", "length":0, "memsize":40, "flags":{"wb_protected":true, "old":true, "uncollectible":true, "marked":true}}
{"address":"0x7fb1f800f940", "type":"STRING", "class":"0x7fb1f80b7578", "embedded":true, "bytesize":4, "value":"ruby", "encoding":"UTF-8", "memsize":40, "flags":{"wb_protected":true, "old":true, "uncollectible":true, "marked":true}}
{"address":"0x7fb1f800f968", "type":"STRING", "class":"0x7fb1f80b7578", "frozen":true, "embedded":true, "fstring":true, "bytesize":9, "value":"rdoc/text", "encoding":"UTF-8", "memsize":40, "flags":{"wb_protected":true, "old":true, "uncollectible":true, "marked":true}}
{"address":"0x7fb1f800f990", "type":"STRING", "class":"0x7fb1f80b7578", "frozen":true, "embedded":true, "fstring":true, "bytesize":4, "value":"desc", "encoding":"US-ASCII", "memsize":40, "flags":{"wb_protected":true, "old":true, "uncollectible":true, "marked":true}}
{"address":"0x7fb1f800f9e0", "type":"STRING", "class":"0x7fb1f80b7578", "embedded":true, "bytesize":14, "value":"stringio-0.1.0", "encoding":"UTF-8", "memsize":40, "flags":{"wb_protected":true, "old":true, "uncollectible":true, "marked":true}}
{"address":"0x7fb1f800fa08", "type":"STRING", "class":"0x7fb1f80b7578", "frozen":true, "embedded":true, "fstring":true, "bytesize":9, "value":"rdoc/task", "encoding":"UTF-8", "memsize":40, "flags":{"wb_protected":true, "old":true, "uncollectible":true, "marked":true}}
{"address":"0x7fb1f800fa30", "type":"SYMBOL", "class":"0x7fb1f80b4170", "frozen":true, "bytesize":6, "value":"unless", "memsize":40, "flags":{"wb_protected":true, "old":true, "uncollectible":true, "marked":true}}
{"address":"0x7fb1f800fa58", "type":"STRING", "class":"0x7fb1f80b7578", "frozen":true, "bytesize":45, "capacity":63, "value":"/Users/rschneeman/.rubies/ruby-2.7.1/share/ri", "memsize":104, "flags":{"wb_protected":true, "old":true, "uncollectible":true, "marked":true}}
{"address":"0x7fb1f800fa80", "type":"STRING", "class":"0x7fb1f80b7578", "frozen":true, "embedded":true, "fstring":true, "bytesize":6, "value":"unless", "encoding":"US-ASCII", "memsize":40, "flags":{"wb_protected":true, "old":true, "uncollectible":true, "marked":true}}
{"address":"0x7fb1f800faa8", "type":"STRING", "class":"0x7fb1f80b7578", "frozen":true, "embedded":true, "fstring":true, "bytesize":10, "value":"rdoc/store", "encoding":"UTF-8", "memsize":40, "flags":{"wb_protected":true, "old":true, "uncollectible":true, "marked":true}}
{"address":"0x7fb1f800fad0", "type":"ARRAY", "class":"0x7fb1f8097228", "length":0, "memsize":40, "flags":{"wb_protected":true, "old":true, "uncollectible":true, "marked":true}}
{"address":"0x7fb1f800faf8", "type":"ARRAY", "class":"0x7fb1f8097228", "length":0, "memsize":40, "flags":{"wb_protected":true, "old":true, "uncollectible":true, "marked":true}}
{"address":"0x7fb1f800fb20", "type":"STRING", "class":"0x7fb1f80b7578", "frozen":true, "embedded":true, "fstring":true, "bytesize":18, "value":"rdoc/stats/verbose", "encoding":"UTF-8", "memsize":40, "flags":{"wb_protected":true, "old":true, "uncollectible":true, "marked":true}}
{"address":"0x7fb1f800fb48", "type":"ARRAY", "class":"0x7fb1f8097228", "length":0, "memsize":40, "flags":{"wb_protected":true, "old":true, "uncollectible":true, "marked":true}}
{"address":"0x7fb1f800fb70", "type":"STRING", "class":"0x7fb1f80b7578", "frozen":true, "embedded":true, "fstring":true, "bytesize":2, "value":"..", "encoding":"UTF-8", "memsize":40, "flags":{"wb_protected":true, "old":true, "uncollectible":true, "marked":true}}
{"address":"0x7fb1f800fb98", "type":"STRING", "class":"0x7fb1f80b7578", "frozen":true, "embedded":true, "fstring":true, "bytesize":13, "value":"@ruby_version", "encoding":"US-ASCII", "memsize":40, "flags":{"wb_protected":true, "old":true, "uncollectible":true, "marked":true}}
{"address":"0x7fb1f800fbc0", "type":"ARRAY", "class":"0x7fb1f8097228", "length":0, "memsize":40, "flags":{"wb_protected":true, "old":true, "uncollectible":true, "marked":true}}
{"address":"0x7fb1f800fbe8", "type":"STRING", "class":"0x7fb1f80b7578", "frozen":true, "embedded":true, "fstring":true, "bytesize":16, "value":"rdoc/stats/quiet", "encoding":"UTF-8", "memsize":40, "flags":{"wb_protected":true, "old":true, "uncollectible":true, "marked":true}}
{"address":"0x7fb1f800fc10", "type":"ARRAY", "class":"0x7fb1f8097228", "length":0, "memsize":40, "flags":{"wb_protected":true, "old":true, "uncollectible":true, "marked":true}}
{"address":"0x7fb1f800fc38", "type":"STRING", "class":"0x7fb1f80b7578", "frozen":true, "embedded":true, "fstring":true, "bytesize":12, "value":"ruby_version", "encoding":"US-ASCII", "memsize":40, "flags":{"wb_protected":true, "old":true, "uncollectible":true, "marked":true}}
{"address":"0x7fb1f800fc60", "type":"STRING", "class":"0x7fb1f80b7578", "frozen":true, "bytesize":42, "capacity":63, "value":"/Users/rschneeman/.rubies/ruby-2.7.1/share", "memsize":104, "flags":{"wb_protected":true, "old":true, "uncollectible":true, "marked":true}}
{"address":"0x7fb1f800fcb0", "type":"STRING", "class":"0x7fb1f80b7578", "frozen":true, "embedded":true, "fstring":true, "bytesize":17, "value":"rdoc/stats/normal", "encoding":"UTF-8", "memsize":40, "flags":{"wb_protected":true, "old":true, "uncollectible":true, "marked":true}}
{"address":"0x7fb1f800fd00", "type":"STRING", "class":"0x7fb1f80b7578", "frozen":true, "embedded":true, "fstring":true, "bytesize":8, "value":"versions", "encoding":"US-ASCII", "memsize":40, "flags":{"wb_protected":true, "old":true, "uncollectible":true, "marked":true}}
{"address":"0x7fb1f800fd28", "type":"IMEMO", "imemo_type":"iseq", "references":["0x7fb1f80af288", "0x7fb1f800fd50", "0x7fb1fb02fb70", "0x7fb1f801d298", "0x7fb1f800fdf0"], "memsize":600, "flags":{"wb_protected":true, "old":true, "uncollectible":true, "marked":true}}
{"address":"0x7fb1f800fd50", "type":"STRING", "class":"0x7fb1f80b7578", "frozen":true, "fstring":true, "bytesize":35, "capacity":47, "value":"rescue in block in traverse_parents", "memsize":88, "flags":{"wb_protected":true, "old":true, "uncollectible":true, "marked":true}}
{"address":"0x7fb1f800fd78", "type":"STRING", "class":"0x7fb1f80b7578", "bytesize":56, "value":"/Users/rschneeman/.rubies/ruby-2.7.1/lib/ruby/gems/2.7.0", "encoding":"US-ASCII", "memsize":97, "flags":{"wb_protected":true, "old":true, "uncollectible":true, "marked":true}}
{"address":"0x7fb1f800fda0", "type":"STRING", "class":"0x7fb1f80b7578", "frozen":true, "embedded":true, "fstring":true, "bytesize":10, "value":"rdoc/stats", "encoding":"UTF-8", "memsize":40, "flags":{"wb_protected":true, "old":true, "uncollectible":true, "marked":true}}
{"address":"0x7fb1f800fdc8", "type":"OBJECT", "class":"0x7fb1f8112db0", "ivars":49, "references":["0x7fb1f800e9f0", "0x7fb1f800ebf8", "0x7fb1f8014238", "0x7fb1f800ebd0", "0x7fb1f8014468", "0x7fb1f8014558", "0x7fb1f800ea18", "0x7fb1f80e2638", "0x7fb1f800ee78", "0x7fb1f80e2bd8", "0x7fb1f800fc10", "0x7fb1f800fbc0", "0x7fb1f800fb48", "0x7fb1f800faf8", "0x7fb1f800fad0", "0x7fb1f800e298", "0x7fb1f800eb30", "0x7fb1f800ef18", "0x7fb1f800f940", "0x7fb1f800f918", "0x7fb1f800eef0", "0x7fb1f800f800", "0x7fb1f800f5d0", "0x7fb1f800f760", "0x7fb1f80c6b68", "0x7fb1f800f6c0", "0x7fb1f80b4418"], "memsize":432, "flags":{"wb_protected":true, "old":true, "uncollectible":true, "marked":true}}
{"address":"0x7fb1f800fdf0", "type":"IMEMO", "imemo_type":"iseq", "references":["0x7fb1f800fb70", "0x7fb1f800fe40", "0x7fb1fb02fb70", "0x7fb1f801d298", "0x7fb1f800ff30", "0x7fb1f800fd28"], "memsize":1344, "flags":{"wb_protected":true, "old":true, "uncollectible":true, "marked":true}}
{"address":"0x7fb1f800fe40", "type":"STRING", "class":"0x7fb1f80b7578", "frozen":true, "fstring":true, "bytesize":25, "value":"block in traverse_parents", "memsize":66, "flags":{"wb_protected":true, "old":true, "uncollectible":true, "marked":true}}
{"address":"0x7fb1f800fe68", "type":"STRING", "class":"0x7fb1f80b7578", "frozen":true, "embedded":true, "fstring":true, "bytesize":17, "value":"rdoc/single_class", "encoding":"UTF-8", "memsize":40, "flags":{"wb_protected":true, "old":true, "uncollectible":true, "marked":true}}
{"address":"0x7fb1f800fee0", "type":"STRING", "class":"0x7fb1f80b7578", "frozen":true, "embedded":true, "fstring":true, "bytesize":12, "value":"rdoc/servlet", "encoding":"UTF-8", "memsize":40, "flags":{"wb_protected":true, "old":true, "uncollectible":true, "marked":true}}
{"address":"0x7fb1f800ff08", "type":"SYMBOL", "class":"0x7fb1f80b4170", "frozen":true, "bytesize":4, "value":"true", "memsize":40, "flags":{"wb_protected":true, "old":true, "uncollectible":true, "marked":true}}
{"address":"0x7fb1f800ff30", "type":"IMEMO", "imemo_type":"iseq", "references":["0x7fb1f800fdf0", "0x7fb1fb02fb70", "0x7fb1fb02fb70", "0x7fb1f801d298", "0x7fb1f800fdf0"], "memsize":1208, "flags":{"wb_protected":true, "old":true, "uncollectible":true, "marked":true}}
{"address":"0x7fb1f800ff80", "type":"STRUCT", "class":"0x7fb1f8087b20", "memsize":40, "flags":{"wb_protected":true, "old":true, "uncollectible":true, "marked":true}}
{"address":"0x7fb1f800ffa8", "type":"STRING", "class":"0x7fb1f80b7578", "frozen":true, "embedded":true, "fstring":true, "bytesize":1, "value":"w", "encoding":"US-ASCII", "memsize":40, "flags":{"wb_protected":true, "old":true, "uncollectible":true, "marked":true}}
{"address":"0x7fb1f8014008", "type":"STRING", "class":"0x7fb1f80b7578", "frozen":true, "embedded":true, "fstring":true, "bytesize":18, "value":"latest_version_for", "encoding":"US-ASCII", "memsize":40, "flags":{"wb_protected":true, "old":true, "uncollectible":true, "marked":true}}
{"address":"0x7fb1f8014030", "type":"STRING", "class":"0x7fb1f80b7578", "frozen":true, "fstring":true, "bytesize":32, "value":"block in find_in_unresolved_tree", "memsize":73, "flags":{"wb_protected":true, "old":true, "uncollectible":true, "marked":true}}
{"address":"0x7fb1f8014058", "type":"ARRAY", "frozen":true, "length":2, "embedded":true, "memsize":40, "flags":{"wb_protected":true, "old":true, "uncollectible":true, "marked":true}}
{"address":"0x7fb1f8014080", "type":"IMEMO", "imemo_type":"iseq", "references":["0x7fb1f80d7fa8", "0x7fb1f80d7e90", "0x7fb1f8017fa0", "0x7fb1f8017fa0", "0x7fb1f808c788", "0x7fb1f80d7fa8", "0x7fb1f80d7e90"], "memsize":1124, "flags":{"wb_protected":true, "old":true, "uncollectible":true, "marked":true}}
{"address":"0x7fb1f80140a8", "type":"STRING", "class":"0x7fb1f80b7578", "frozen":true, "embedded":true, "fstring":true, "bytesize":23, "value":"latest_rubygems_version", "encoding":"US-ASCII", "memsize":40, "flags":{"wb_protected":true, "old":true, "uncollectible":true, "marked":true}}
{"address":"0x7fb1f80140d0", "type":"STRING", "class":"0x7fb1f80b7578", "frozen":true, "embedded":true, "fstring":true, "bytesize":10, "value":"unresolved", "encoding":"US-ASCII", "memsize":40, "flags":{"wb_protected":true, "old":true, "uncollectible":true, "marked":true}}
{"address":"0x7fb1f80140f8", "type":"IMEMO", "imemo_type":"iseq", "references":["0x7fb1f8014058", "0x7fb1f800ff80", "0x7fb1f8016768", "0x7fb1f8016768", "0x7fb1f801d298"], "memsize":1832, "flags":{"wb_protected":true, "old":true, "uncollectible":true, "marked":true}}
{"address":"0x7fb1f8014120", "type":"IMEMO", "imemo_type":"iseq", "references":["0x7fb1f8086400", "0x7fb1f8086400", "0x7fb1f801d298"], "memsize":620, "flags":{"wb_protected":true, "old":true, "uncollectible":true, "marked":true}}
{"address":"0x7fb1f8014148", "type":"IMEMO", "imemo_type":"iseq", "references":["0x7fb1f80c46d8", "0x7fb1f801db58", "0x7fb1f801db58", "0x7fb1f801d298"], "memsize":780, "flags":{"wb_protected":true, "old":true, "uncollectible":true, "marked":true}}
{"address":"0x7fb1f8014170", "type":"STRING", "class":"0x7fb1f80b7578", "frozen":true, "embedded":true, "fstring":true, "bytesize":18, "value":"rdoc/rubygems_hook", "encoding":"UTF-8", "memsize":40, "flags":{"wb_protected":true, "old":true, "uncollectible":true, "marked":true}}
{"address":"0x7fb1f8014198", "type":"IMEMO", "imemo_type":"iseq", "references":["0x7fb1f8014418", "0x7fb1f801c410", "0x7fb1f808c788", "0x7fb1f8014490"], "memsize":624, "flags":{"wb_protected":true, "old":true, "uncollectible":true, "marked":true}}
{"address":"0x7fb1f80141c0", "type":"STRING", "class":"0x7fb1f80b7578", "frozen":true, "embedded":true, "fstring":true, "bytesize":19, "value":"net/smtp/version.rb", "encoding":"UTF-8", "memsize":40, "flags":{"wb_protected":true, "old":true, "uncollectible":true, "marked":true}}
{"address":"0x7fb1f80141e8", "type":"STRING", "class":"0x7fb1f80b7578", "frozen":true, "embedded":true, "fstring":true, "bytesize":11, "value":"net/smtp.rb", "encoding":"UTF-8", "memsize":40, "flags":{"wb_protected":true, "old":true, "uncollectible":true, "marked":true}}
{"address":"0x7fb1f8014210", "type":"STRING", "class":"0x7fb1f80b7578", "frozen":true, "embedded":true, "fstring":true, "bytesize":12, "value":"rdoc/ri/task", "encoding":"UTF-8", "memsize":40, "flags":{"wb_protected":true, "old":true, "uncollectible":true, "marked":true}}
{"address":"0x7fb1f8014238", "type":"STRING", "class":"0x7fb1f80b7578", "frozen":true, "fstring":true, "bytesize":54, "value":"Simple Mail Transfer Protocol client library for Ruby.", "encoding":"UTF-8", "memsize":95, "flags":{"wb_protected":true, "old":true, "uncollectible":true, "marked":true}}
{"address":"0x7fb1f8014260", "type":"STRING", "class":"0x7fb1f80b7578", "frozen":true, "bytesize":102, "value":"/Users/rschneeman/.rubies/ruby-2.7.1/lib/ruby/gems/2.7.0/specifications/default/stringio-0.1.0.gemspec", "encoding":"US-ASCII", "memsize":143, "flags":{"wb_protected":true, "old":true, "uncollectible":true, "marked":true}}
{"address":"0x7fb1f8014288", "type":"STRING", "class":"0x7fb1f80b7578", "frozen":true, "embedded":true, "fstring":true, "bytesize":13, "value":"rdoc/ri/store", "encoding":"UTF-8", "memsize":40, "flags":{"wb_protected":true, "old":true, "uncollectible":true, "marked":true}}
{"address":"0x7fb1f80142b0", "type":"STRING", "class":"0x7fb1f80b7578", "frozen":true, "embedded":true, "fstring":true, "bytesize":19, "value":"spec_for_dependency", "encoding":"US-ASCII", "memsize":40, "flags":{"wb_protected":true, "old":true, "uncollectible":true, "marked":true}}
{"address":"0x7fb1f80142d8", "type":"STRING", "class":"0x7fb1f80b7578", "shared":true, "encoding":"US-ASCII", "references":["0x7fb1f8014260"], "memsize":40, "flags":{"wb_protected":true, "old":true, "uncollectible":true, "marked":true}}
{"address":"0x7fb1f8014300", "type":"STRING", "class":"0x7fb1f80b7578", "frozen":true, "embedded":true, "fstring":true, "bytesize":11, "value":"spec_tuples", "encoding":"US-ASCII", "memsize":40, "flags":{"wb_protected":true, "old":true, "uncollectible":true, "marked":true}}
{"address":"0x7fb1f8014328", "type":"STRING", "class":"0x7fb1f80b7578", "frozen":true, "bytesize":56, "capacity":63, "value":"/Users/rschneeman/.rubies/ruby-2.7.1/lib/x86_64-darwin17", "memsize":104, "flags":{"wb_protected":true, "old":true, "uncollectible":true, "marked":true}}
{"address":"0x7fb1f8014350", "type":"IMEMO", "imemo_type":"iseq", "references":["0x7fb1f80143a0", "0x7fb1f801de78", "0x7fb1f801d298", "0x7fb1f80144b8"], "memsize":624, "flags":{"wb_protected":true, "old":true, "uncollectible":true, "marked":true}}
{"address":"0x7fb1f8014378", "type":"STRING", "class":"0x7fb1f80b7578", "frozen":true, "embedded":true, "fstring":true, "bytesize":11, "value":"SpecFetcher", "encoding":"US-ASCII", "memsize":40, "flags":{"wb_protected":true, "old":true, "uncollectible":true, "marked":true}}
{"address":"0x7fb1f80143a0", "type":"STRING", "class":"0x7fb1f80b7578", "frozen":true, "embedded":true, "fstring":true, "bytesize":13, "value":"block in gzip", "memsize":40, "flags":{"wb_protected":true, "old":true, "uncollectible":true, "marked":true}}
{"address":"0x7fb1f80143c8", "type":"STRING", "class":"0x7fb1f80b7578", "frozen":true, "embedded":true, "fstring":true, "bytesize":7, "value":"fetcher", "encoding":"US-ASCII", "memsize":40, "flags":{"wb_protected":true, "old":true, "uncollectible":true, "marked":true}}
{"address":"0x7fb1f80143f0", "type":"IMEMO", "imemo_type":"iseq", "references":["0x7fb1f8014418", "0x7fb1f801c410", "0x7fb1f808c788", "0x7fb1f8014490"], "memsize":608, "flags":{"wb_protected":true, "old":true, "uncollectible":true, "marked":true}}
{"address":"0x7fb1f8014418", "type":"STRING", "class":"0x7fb1f80b7578", "frozen":true, "fstring":true, "bytesize":27, "value":"block in find_in_unresolved", "memsize":68, "flags":{"wb_protected":true, "old":true, "uncollectible":true, "marked":true}}
{"address":"0x7fb1f8014440", "type":"STRING", "class":"0x7fb1f80b7578", "frozen":true, "embedded":true, "fstring":true, "bytesize":10, "value":"dependency", "encoding":"US-ASCII", "memsize":40, "flags":{"wb_protected":true, "old":true, "uncollectible":true, "marked":true}}
{"address":"0x7fb1f8014468", "type":"STRING", "class":"0x7fb1f80b7578", "frozen":true, "fstring":true, "bytesize":32, "value":"https://github.com/ruby/net-smtp", "encoding":"UTF-8", "memsize":73, "flags":{"wb_protected":true, "old":true, "uncollectible":true, "marked":true}}
{"address":"0x7fb1f8014490", "type":"IMEMO", "imemo_type":"iseq", "references":["0x7fb1f80143f0", "0x7fb1f8014198", "0x7fb1f801c410", "0x7fb1f801c410", "0x7fb1f808c788", "0x7fb1f80143f0", "0x7fb1f8014198"], "memsize":1076, "flags":{"wb_protected":true, "old":true, "uncollectible":true, "marked":true}}
{"address":"0x7fb1f80144b8", "type":"IMEMO", "imemo_type":"iseq", "references":["0x7fb1f80c46d8", "0x7fb1f8084100", "0x7fb1f801d860", "0x7fb1f8014350", "0x7fb1f801de78", "0x7fb1f801de78", "0x7fb1f801d298", "0x7fb1f8014350"], "memsize":1872, "flags":{"wb_protected":true, "old":true, "uncollectible":true, "marked":true}}
{"address":"0x7fb1f80144e0", "type":"STRING", "class":"0x7fb1f80b7578", "frozen":true, "embedded":true, "fstring":true, "bytesize":15, "value":"latest_spec_for", "encoding":"US-ASCII", "memsize":40, "flags":{"wb_protected":true, "old":true, "uncollectible":true, "marked":true}}
{"address":"0x7fb1f8014508", "type":"IMEMO", "imemo_type":"iseq", "references":["0x7fb1f80c46d8", "0x7fb1f8084100", "0x7fb1f801d888", "0x7fb1f801e1e8", "0x7fb1f801e1e8", "0x7fb1f801d298"], "memsize":1616, "flags":{"wb_protected":true, "old":true, "uncollectible":true, "marked":true}}
{"address":"0x7fb1f8014530", "type":"STRING", "class":"0x7fb1f80b7578", "frozen":true, "embedded":true, "fstring":true, "bytesize":13, "value":"rdoc/ri/paths", "encoding":"UTF-8", "memsize":40, "flags":{"wb_protected":true, "old":true, "uncollectible":true, "marked":true}}
{"address":"0x7fb1f8014558", "type":"STRING", "class":"0x7fb1f80b7578", "frozen":true, "embedded":true, "fstring":true, "bytesize":8, "value":"net-smtp", "encoding":"UTF-8", "memsize":40, "flags":{"wb_protected":true, "old":true, "uncollectible":true, "marked":true}}
{"address":"0x7fb1f8014580", "type":"STRING", "class":"0x7fb1f80b7578", "frozen":true, "embedded":true, "fstring":true, "bytesize":19, "value":"required_attributes", "encoding":"US-ASCII", "memsize":40, "flags":{"wb_protected":true, "old":true, "uncollectible":true, "marked":true}}
{"address":"0x7fb1f80145a8", "type":"STRING", "class":"0x7fb1f80b7578", "embedded":true, "bytesize":12, "value":"make strings", "encoding":"UTF-8", "file":"scratch.rb", "line":13, "method":"new", "generation":9, "memsize":40, "flags":{"wb_protected":true}}
{"address":"0x7fb1f80145f8", "type":"IMEMO", "imemo_type":"iseq", "references":["0x7fb1f8014620", "0x7fb1f801c6b8", "0x7fb1f808c788", "0x7fb1f8014670"], "memsize":768, "flags":{"wb_protected":true, "old":true, "uncollectible":true, "marked":true}}
{"address":"0x7fb1f8014620", "type":"STRING", "class":"0x7fb1f80b7578", "frozen":true, "fstring":true, "bytesize":33, "value":"block in find_active_stub_by_path", "memsize":74, "flags":{"wb_protected":true, "old":true, "uncollectible":true, "marked":true}}
{"address":"0x7fb1f8014670", "type":"IMEMO", "imemo_type":"iseq", "references":["0x7fb1f80145f8", "0x7fb1f801c6b8", "0x7fb1f801c6b8", "0x7fb1f808c788", "0x7fb1f80145f8"], "memsize":1340, "flags":{"wb_protected":true, "old":true, "uncollectible":true, "marked":true}}
{"address":"0x7fb1f8014698", "type":"STRING", "class":"0x7fb1f80b7578", "frozen":true, "embedded":true, "fstring":true, "bytesize":6, "value":"create", "encoding":"US-ASCII", "memsize":40, "flags":{"wb_protected":true, "old":true, "uncollectible":true, "marked":true}}
{"address":"0x7fb1f80146e8", "type":"STRING", "class":"0x7fb1f80b7578", "frozen":true, "embedded":true, "fstring":true, "bytesize":17, "value":"rdoc/ri/formatter", "encoding":"UTF-8", "memsize":40, "flags":{"wb_protected":true, "old":true, "uncollectible":true, "marked":true}}
{"address":"0x7fb1f8014710", "type":"SYMBOL", "class":"0x7fb1f80b4170", "frozen":true, "bytesize":5, "value":"super", "memsize":40, "flags":{"wb_protected":true, "old":true, "uncollectible":true, "marked":true}}
{"address":"0x7fb1f8014738", "type":"ARRAY", "class":"0x7fb1f8097228", "length":1, "embedded":true, "references":["0x7fb1f80f3780"], "memsize":40, "flags":{"wb_protected":true, "old":true, "uncollectible":true, "marked":true}}
{"address":"0x7fb1f8014760", "type":"STRING", "class":"0x7fb1f80b7578", "frozen":true, "embedded":true, "fstring":true, "bytesize":19, "value":"required_attribute?", "encoding":"US-ASCII", "memsize":40, "flags":{"wb_protected":true, "old":true, "uncollectible":true, "marked":true}}
{"address":"0x7fb1f8014788", "type":"STRING", "class":"0x7fb1f80b7578", "frozen":true, "embedded":true, "fstring":true, "bytesize":14, "value":"rdoc/ri/driver", "encoding":"UTF-8", "memsize":40, "flags":{"wb_protected":true, "old":true, "uncollectible":true, "marked":true}}
{"address":"0x7fb1f80147b0", "type":"STRING", "class":"0x7fb1f80b7578", "frozen":true, "embedded":true, "fstring":true, "bytesize":3, "value":"req", "encoding":"US-ASCII", "memsize":40, "flags":{"wb_protected":true, "old":true, "uncollectible":true, "marked":true}}
{"address":"0x7fb1f80147d8", "type":"STRING", "class":"0x7fb1f80b7578", "frozen":true, "embedded":true, "fstring":true, "bytesize":5, "value":"super", "encoding":"US-ASCII", "memsize":40, "flags":{"wb_protected":true, "old":true, "uncollectible":true, "marked":true}}
{"address":"0x7fb1f8014800", "type":"OBJECT", "class":"0x7fb1f80e0680", "ivars":3, "references":["0x7fb1f8014738"], "memsize":40, "flags":{"wb_protected":true, "old":true, "uncollectible":true, "marked":true}}
{"address":"0x7fb1f8014828", "type":"STRING", "class":"0x7fb1f80b7578", "frozen":true, "bytesize":56, "capacity":63, "value":"/Users/rschneeman/.rubies/ruby-2.7.1/lib/x86_64-darwin17", "memsize":104, "flags":{"wb_protected":true, "old":true, "uncollectible":true, "marked":true}}
{"address":"0x7fb1f8014850", "type":"STRING", "class":"0x7fb1f80b7578", "frozen":true, "fstring":true, "bytesize":25, "value":"@env_requirements_by_name", "encoding":"US-ASCII", "memsize":66, "flags":{"wb_protected":true, "old":true, "uncollectible":true, "marked":true}}
{"address":"0x7fb1f8014878", "type":"IMEMO", "imemo_type":"iseq", "references":["0x7fb1f80148a0", "0x7fb1f801c988", "0x7fb1f808c788", "0x7fb1f8014940"], "memsize":1112, "flags":{"wb_protected":true, "old":true, "uncollectible":true, "marked":true}}
{"address":"0x7fb1f80148a0", "type":"STRING", "class":"0x7fb1f80b7578", "frozen":true, "fstring":true, "bytesize":30, "value":"block in find_inactive_by_path", "memsize":71, "flags":{"wb_protected":true, "old":true, "uncollectible":true, "marked":true}}
{"address":"0x7fb1f80148c8", "type":"STRING", "class":"0x7fb1f80b7578", "frozen":true, "embedded":true, "fstring":true, "bytesize":7, "value":"rdoc/ri", "encoding":"UTF-8", "memsize":40, "flags":{"wb_protected":true, "old":true, "uncollectible":true, "marked":true}}
{"address":"0x7fb1f80148f0", "type":"STRING", "class":"0x7fb1f80b7578", "frozen":true, "embedded":true, "fstring":true, "bytesize":15, "value":"env_requirement", "encoding":"US-ASCII", "memsize":40, "flags":{"wb_protected":true, "old":true, "uncollectible":true, "marked":true}}
{"address":"0x7fb1f8014940", "type":"IMEMO", "imemo_type":"iseq", "references":["0x7fb1f8014878", "0x7fb1f801c988", "0x7fb1f801c988", "0x7fb1f808c788", "0x7fb1f8014878"], "memsize":872, "flags":{"wb_protected":true, "old":true, "uncollectible":true, "marked":true}}
{"address":"0x7fb1f8014990", "type":"STRING", "class":"0x7fb1f80b7578", "frozen":true, "embedded":true, "fstring":true, "bytesize":12, "value":"rdoc/require", "encoding":"UTF-8", "memsize":40, "flags":{"wb_protected":true, "old":true, "uncollectible":true, "marked":true}}
{"address":"0x7fb1f80149b8", "type":"OBJECT", "class":"0x7fb1fb02e860", "ivars":5, "references":["0x7fb1f80dee48", "0x7fb1f8014800", "0x7fb1f8014800"], "memsize":80, "flags":{"wb_protected":true, "old":true, "uncollectible":true, "marked":true}}
{"address":"0x7fb1f8014a08", "type":"STRING", "class":"0x7fb1f80b7578", "frozen":true, "embedded":true, "fstring":true, "bytesize":9, "value":"rdoc/rdoc", "encoding":"UTF-8", "memsize":40, "flags":{"wb_protected":true, "old":true, "uncollectible":true, "marked":true}}
{"address":"0x7fb1f8014a58", "type":"IMEMO", "imemo_type":"iseq", "references":["0x7fb1f8014aa8", "0x7fb1f802cea0", "0x7fb1f808c788", "0x7fb1f8014af8"], "memsize":932, "flags":{"wb_protected":true, "old":true, "uncollectible":true, "marked":true}}
{"address":"0x7fb1f8014a80", "type":"STRING", "class":"0x7fb1f80b7578", "frozen":true, "embedded":true, "fstring":true, "bytesize":13, "value":"latest_remote", "encoding":"US-ASCII", "memsize":40, "flags":{"wb_protected":true, "old":true, "uncollectible":true, "marked":true}}
{"address":"0x7fb1f8014aa8", "type":"STRING", "class":"0x7fb1f80b7578", "frozen":true, "embedded":true, "fstring":true, "bytesize":21, "value":"block in find_by_path", "memsize":40, "flags":{"wb_protected":true, "old":true, "uncollectible":true, "marked":true}}
{"address":"0x7fb1f8014af8", "type":"IMEMO", "imemo_type":"iseq", "references":["0x7fb1f8014a58", "0x7fb1f802cea0", "0x7fb1f802cea0", "0x7fb1f808c788", "0x7fb1f8014a58"], "memsize":1588, "flags":{"wb_protected":true, "old":true, "uncollectible":true, "marked":true}}
{"address":"0x7fb1f8014b20", "type":"SYMBOL", "class":"0x7fb1f80b4170", "frozen":true, "bytesize":6, "value":"return", "memsize":40, "flags":{"wb_protected":true, "old":true, "uncollectible":true, "marked":true}}
{"address":"0x7fb1f8014b48", "type":"STRING", "class":"0x7fb1f80b7578", "frozen":true, "embedded":true, "fstring":true, "bytesize":21, "value":"rdoc/rd/inline_parser", "encoding":"UTF-8", "memsize":40, "flags":{"wb_protected":true, "old":true, "uncollectible":true, "marked":true}}
{"address":"0x7fb1f8014b70", "type":"STRING", "class":"0x7fb1f80b7578", "frozen":true, "embedded":true, "fstring":true, "bytesize":1, "value":"n", "encoding":"US-ASCII", "memsize":40, "flags":{"wb_protected":true, "old":true, "uncollectible":true, "marked":true}}
{"address":"0x7fb1f8014b98", "type":"IMEMO", "imemo_type":"iseq", "references":["0x7fb1f802cbf8", "0x7fb1f802cbf8", "0x7fb1f808c788"], "memsize":1156, "flags":{"wb_protected":true, "old":true, "uncollectible":true, "marked":true}}
{"address":"0x7fb1f8014bc0", "type":"STRING", "class":"0x7fb1f80b7578", "frozen":true, "embedded":true, "fstring":true, "bytesize":2, "value":"\\s", "encoding":"US-ASCII", "memsize":40, "flags":{"wb_protected":true, "old":true, "uncollectible":true, "marked":true}}
{"address":"0x7fb1f8014be8", "type":"STRING", "class":"0x7fb1f80b7578", "frozen":true, "embedded":true, "fstring":true, "bytesize":5, "value":"[a-z]", "encoding":"US-ASCII", "memsize":40, "flags":{"wb_protected":true, "old":true, "uncollectible":true, "marked":true}}
{"address":"0x7fb1f8014c10", "type":"STRING", "class":"0x7fb1f80b7578", "frozen":true, "embedded":true, "fstring":true, "bytesize":21, "value":"search_for_dependency", "encoding":"US-ASCII", "memsize":40, "flags":{"wb_protected":true, "old":true, "uncollectible":true, "marked":true}}
{"address":"0x7fb1f8014c38", "type":"REGEXP", "class":"0x7fb1f808ea60", "references":["0x7fb1f8014bc0"], "memsize":552, "flags":{"wb_protected":true, "old":true, "uncollectible":true, "marked":true}}
{"address":"0x7fb1f8014c60", "type":"STRING", "class":"0x7fb1f80b7578", "frozen":true, "embedded":true, "fstring":true, "bytesize":6, "value":"return", "encoding":"US-ASCII", "memsize":40, "flags":{"wb_protected":true, "old":true, "uncollectible":true, "marked":true}}
{"address":"0x7fb1f8014c88", "type":"STRING", "class":"0x7fb1f80b7578", "frozen":true, "embedded":true, "fstring":true, "bytesize":7, "value":"remotes", "encoding":"US-ASCII", "memsize":40, "flags":{"wb_protected":true, "old":true, "uncollectible":true, "marked":true}}
{"address":"0x7fb1f8014cb0", "type":"STRING", "class":"0x7fb1f80b7578", "frozen":true, "embedded":true, "fstring":true, "bytesize":14, "value":"rdoc/rd/inline", "encoding":"UTF-8", "memsize":40, "flags":{"wb_protected":true, "old":true, "uncollectible":true, "marked":true}}
{"address":"0x7fb1f8014cd8", "type":"REGEXP", "class":"0x7fb1f808ea60", "references":["0x7fb1f8014be8"], "memsize":528, "flags":{"wb_protected":true, "old":true, "uncollectible":true, "marked":true}}
{"address":"0x7fb1f8014d00", "type":"STRING", "class":"0x7fb1f80b7578", "frozen":true, "bytesize":60, "capacity":63, "value":"/Users/rschneeman/.rubies/ruby-2.7.1/include/x86_64-darwin17", "memsize":104, "flags":{"wb_protected":true, "old":true, "uncollectible":true, "marked":true}}
{"address":"0x7fb1f8014d50", "type":"STRING", "class":"0x7fb1f80b7578", "embedded":true, "bytesize":19, "value":"Pseudo IO on String", "encoding":"UTF-8", "memsize":40, "flags":{"wb_protected":true, "old":true, "uncollectible":true, "marked":true}}
{"address":"0x7fb1f8014d78", "type":"IMEMO", "imemo_type":"iseq", "references":["0x7fb1f8014da0", "0x7fb1f801d1f8", "0x7fb1f808c788", "0x7fb1f8014e40"], "memsize":720, "flags":{"wb_protected":true, "old":true, "uncollectible":true, "marked":true}}
{"address":"0x7fb1f8014da0", "type":"STRING", "class":"0x7fb1f80b7578", "frozen":true, "fstring":true, "bytesize":30, "value":"block in find_all_by_full_name", "memsize":71, "flags":{"wb_protected":true, "old":true, "uncollectible":true, "marked":true}}
{"address":"0x7fb1f8014dc8", "type":"STRING", "class":"0x7fb1f80b7578", "frozen":true, "embedded":true, "fstring":true, "bytesize":20, "value":"rdoc/rd/block_parser", "encoding":"UTF-8", "memsize":40, "flags":{"wb_protected":true, "old":true, "uncollectible":true, "marked":true}}
{"address":"0x7fb1f8014e18", "type":"STRING", "class":"0x7fb1f80b7578", "frozen":true, "embedded":true, "fstring":true, "bytesize":10, "value":"local_spec", "encoding":"US-ASCII", "memsize":40, "flags":{"wb_protected":true, "old":true, "uncollectible":true, "marked":true}}
{"address":"0x7fb1f8014e40", "type":"IMEMO", "imemo_type":"iseq", "references":["0x7fb1f8014d78", "0x7fb1f801d1f8", "0x7fb1f801d1f8", "0x7fb1f808c788", "0x7fb1f8014d78"], "memsize":784, "flags":{"wb_protected":true, "old":true, "uncollectible":true, "marked":true}}
{"address":"0x7fb1f8014e68", "type":"IMEMO", "imemo_type":"iseq", "references":["0x7fb1f801d4c8", "0x7fb1f801d4c8", "0x7fb1f808c788"], "memsize":1156, "flags":{"wb_protected":true, "old":true, "uncollectible":true, "marked":true}}
{"address":"0x7fb1f8014eb8", "type":"STRING", "class":"0x7fb1f80b7578", "frozen":true, "embedded":true, "fstring":true, "bytesize":7, "value":"rdoc/rd", "encoding":"UTF-8", "memsize":40, "flags":{"wb_protected":true, "old":true, "uncollectible":true, "marked":true}}
{"address":"0x7fb1f8014ee0", "type":"SYMBOL", "class":"0x7fb1f80b4170", "frozen":true, "bytesize":5, "value":"retry", "memsize":40, "flags":{"wb_protected":true, "old":true, "uncollectible":true, "marked":true}}
{"address":"0x7fb1f8014f08", "type":"STRING", "class":"0x7fb1f80b7578", "frozen":true, "embedded":true, "fstring":true, "bytesize":5, "value":"retry", "encoding":"US-ASCII", "memsize":40, "flags":{"wb_protected":true, "old":true, "uncollectible":true, "marked":true}}
{"address":"0x7fb1f8014f30", "type":"STRING", "class":"0x7fb1f80b7578", "frozen":true, "embedded":true, "fstring":true, "bytesize":16, "value":"rdoc/parser/text", "encoding":"UTF-8", "memsize":40, "flags":{"wb_protected":true, "old":true, "uncollectible":true, "marked":true}}
{"address":"0x7fb1f8014f58", "type":"STRING", "class":"0x7fb1f80b7578", "frozen":true, "fstring":true, "bytesize":24, "value":"correct_for_windows_path", "encoding":"US-ASCII", "memsize":65, "flags":{"wb_protected":true, "old":true, "uncollectible":true, "marked":true}}
{"address":"0x7fb1f8014f80", "type":"IMEMO", "imemo_type":"iseq", "references":["0x7fb1f8014fa8", "0x7fb1f80c6870", "0x7fb1f808c788", "0x7fb1f8014ff8"], "memsize":608, "flags":{"wb_protected":true, "old":true, "uncollectible":true, "marked":true}}
{"address":"0x7fb1f8014fa8", "type":"STRING", "class":"0x7fb1f80b7578", "frozen":true, "embedded":true, "fstring":true, "bytesize":13, "value":"block in each", "memsize":40, "flags":{"wb_protected":true, "old":true, "uncollectible":true, "marked":true}}
{"address":"0x7fb1f8014fd0", "type":"ARRAY", "class":"0x7fb1f8097228", "length":2, "embedded":true, "references":["0x7fb1f8015070", "0x7fb1f80f9838"], "memsize":40, "flags":{"wb_protected":true, "old":true, "uncollectible":true, "marked":true}}
{"address":"0x7fb1f8014ff8", "type":"IMEMO", "imemo_type":"iseq", "references":["0x7fb1f8014f80", "0x7fb1f80c6870", "0x7fb1f80c6870", "0x7fb1f808c788", "0x7fb1f8014f80"], "memsize":928, "flags":{"wb_protected":true, "old":true, "uncollectible":true, "marked":true}}
{"address":"0x7fb1f8015048", "type":"STRING", "class":"0x7fb1f80b7578", "frozen":true, "embedded":true, "fstring":true, "bytesize":18, "value":"rdoc/parser/simple", "encoding":"UTF-8", "memsize":40, "flags":{"wb_protected":true, "old":true, "uncollectible":true, "marked":true}}
{"address":"0x7fb1f8015070", "type":"STRING", "class":"0x7fb1f80b7578", "embedded":true, "bytesize":2, "value":">=", "encoding":"UTF-8", "memsize":40, "flags":{"wb_protected":true, "old":true, "uncollectible":true, "marked":true}}
{"address":"0x7fb1f80150c0", "type":"STRING", "class":"0x7fb1f80b7578", "frozen":true, "embedded":true, "fstring":true, "bytesize":22, "value":"rdoc/parser/ruby_tools", "encoding":"UTF-8", "memsize":40, "flags":{"wb_protected":true, "old":true, "uncollectible":true, "marked":true}}
{"address":"0x7fb1f80150e8", "type":"IMEMO", "imemo_type":"iseq", "references":["0x7fb1f80c62a8", "0x7fb1f8015188", "0x7fb1f8024ed0", "0x7fb1f808c788", "0x7fb1f8015250"], "memsize":720, "flags":{"wb_protected":true, "old":true, "uncollectible":true, "marked":true}}
{"address":"0x7fb1f8015138", "type":"STRING", "class":"0x7fb1f80b7578", "frozen":true, "embedded":true, "fstring":true, "bytesize":16, "value":"rdoc/parser/ruby", "encoding":"UTF-8", "memsize":40, "flags":{"wb_protected":true, "old":true, "uncollectible":true, "marked":true}}
{"address":"0x7fb1f8015160", "type":"STRING", "class":"0x7fb1f80b7578", "frozen":true, "fstring":true, "bytesize":27, "value":"outdated_and_latest_version", "encoding":"US-ASCII", "memsize":68, "flags":{"wb_protected":true, "old":true, "uncollectible":true, "marked":true}}
{"address":"0x7fb1f8015188", "type":"STRING", "class":"0x7fb1f80b7578", "frozen":true, "embedded":true, "fstring":true, "bytesize":14, "value":"block in dirs=", "memsize":40, "flags":{"wb_protected":true, "old":true, "uncollectible":true, "marked":true}}
{"address":"0x7fb1f80151b0", "type":"SYMBOL", "class":"0x7fb1f80b4170", "frozen":true, "bytesize":6, "value":"rescue", "memsize":40, "flags":{"wb_protected":true, "old":true, "uncollectible":true, "marked":true}}
{"address":"0x7fb1f80151d8", "type":"STRING", "class":"0x7fb1f80b7578", "frozen":true, "bytesize":60, "capacity":63, "value":"/Users/rschneeman/.rubies/ruby-2.7.1/include/x86_64-darwin17", "memsize":104, "flags":{"wb_protected":true, "old":true, "uncollectible":true, "marked":true}}
{"address":"0x7fb1f8015200", "type":"STRING", "class":"0x7fb1f80b7578", "frozen":true, "embedded":true, "fstring":true, "bytesize":6, "value":"rescue", "encoding":"US-ASCII", "memsize":40, "flags":{"wb_protected":true, "old":true, "uncollectible":true, "marked":true}}
{"address":"0x7fb1f8015228", "type":"STRING", "class":"0x7fb1f80b7578", "frozen":true, "embedded":true, "fstring":true, "bytesize":8, "value":"outdated", "encoding":"US-ASCII", "memsize":40, "flags":{"wb_protected":true, "old":true, "uncollectible":true, "marked":true}}
{"address":"0x7fb1f8015250", "type":"IMEMO", "imemo_type":"iseq", "references":["0x7fb1f80150e8", "0x7fb1f8024ed0", "0x7fb1f8024ed0", "0x7fb1f808c788", "0x7fb1f80150e8"], "memsize":840, "flags":{"wb_protected":true, "old":true, "uncollectible":true, "marked":true}}
{"address":"0x7fb1f8015278", "type":"STRING", "class":"0x7fb1f80b7578", "frozen":true, "fstring":true, "bytesize":28, "capacity":31, "value":"rdoc/parser/ripper_state_lex", "encoding":"UTF-8", "memsize":72, "flags":{"wb_protected":true, "old":true, "uncollectible":true, "marked":true}}
{"address":"0x7fb1f80152c8", "type":"STRING", "class":"0x7fb1f80b7578", "frozen":true, "embedded":true, "fstring":true, "bytesize":14, "value":"rdoc/parser/rd", "encoding":"UTF-8", "memsize":40, "flags":{"wb_protected":true, "old":true, "uncollectible":true, "marked":true}}
{"address":"0x7fb1f8015318", "type":"ARRAY", "class":"0x7fb1f8097228", "length":1, "embedded":true, "references":["0x7fb1f8014fd0"], "memsize":40, "flags":{"wb_protected":true, "old":true, "uncollectible":true, "marked":true}}
{"address":"0x7fb1f8015340", "type":"IMEMO", "imemo_type":"iseq", "references":["0x7fb1f80c62a8", "0x7fb1f8015368", "0x7fb1f8024f20", "0x7fb1f808c788", "0x7fb1f80153e0"], "memsize":1048, "flags":{"wb_protected":true, "old":true, "uncollectible":true, "marked":true}}
{"address":"0x7fb1f8015368", "type":"STRING", "class":"0x7fb1f80b7578", "frozen":true, "embedded":true, "fstring":true, "bytesize":13, "value":"block in dirs", "memsize":40, "flags":{"wb_protected":true, "old":true, "uncollectible":true, "marked":true}}
{"address":"0x7fb1f8015390", "type":"STRING", "class":"0x7fb1f80b7578", "frozen":true, "embedded":true, "fstring":true, "bytesize":20, "value":"rdoc/parser/markdown", "encoding":"UTF-8", "memsize":40, "flags":{"wb_protected":true, "old":true, "uncollectible":true, "marked":true}}
{"address":"0x7fb1f80153b8", "type":"STRING", "class":"0x7fb1f80b7578", "frozen":true, "embedded":true, "fstring":true, "bytesize":2, "value":"io", "encoding":"US-ASCII", "memsize":40, "flags":{"wb_protected":true, "old":true, "uncollectible":true, "marked":true}}
{"address":"0x7fb1f80153e0", "type":"IMEMO", "imemo_type":"iseq", "references":["0x7fb1f8015340", "0x7fb1f8024f20", "0x7fb1f8024f20", "0x7fb1f808c788", "0x7fb1f8015340"], "memsize":872, "flags":{"wb_protected":true, "old":true, "uncollectible":true, "marked":true}}
{"address":"0x7fb1f8015430", "type":"IMEMO", "imemo_type":"iseq", "references":["0x7fb1f801df68", "0x7fb1f801df68", "0x7fb1f808c788"], "memsize":492, "flags":{"wb_protected":true, "old":true, "uncollectible":true, "marked":true}}
{"address":"0x7fb1f8015458", "type":"IMEMO", "imemo_type":"iseq", "references":["0x7fb1f801e170", "0x7fb1f801e170", "0x7fb1f808c788"], "memsize":492, "flags":{"wb_protected":true, "old":true, "uncollectible":true, "marked":true}}
{"address":"0x7fb1f8015480", "type":"OBJECT", "class":"0x7fb1f80e0680", "ivars":3, "references":["0x7fb1f8015318"], "memsize":40, "flags":{"wb_protected":true, "old":true, "uncollectible":true, "marked":true}}
{"address":"0x7fb1f80154a8", "type":"STRING", "class":"0x7fb1f80b7578", "frozen":true, "embedded":true, "fstring":true, "bytesize":12, "value":"write_binary", "encoding":"US-ASCII", "memsize":40, "flags":{"wb_protected":true, "old":true, "uncollectible":true, "marked":true}}
{"address":"0x7fb1f80154d0", "type":"IMEMO", "imemo_type":"iseq", "references":["0x7fb1f801e378", "0x7fb1f801e378", "0x7fb1f808c788"], "memsize":604, "flags":{"wb_protected":true, "old":true, "uncollectible":true, "marked":true}}
{"address":"0x7fb1f80154f8", "type":"STRING", "class":"0x7fb1f80b7578", "frozen":true, "fstring":true, "bytesize":51, "value":"^(date: \\d{4}-\\d{2}-\\d{2} \\d{2}:\\d{2}:\\d{2}\\.\\d+?)Z", "encoding":"US-ASCII", "memsize":92, "flags":{"wb_protected":true, "old":true, "uncollectible":true, "marked":true}}
{"address":"0x7fb1f8015520", "type":"IMEMO", "imemo_type":"iseq", "references":["0x7fb1f801e558", "0x7fb1f801e558", "0x7fb1f808c788"], "memsize":628, "flags":{"wb_protected":true, "old":true, "uncollectible":true, "marked":true}}
{"address":"0x7fb1f8015548", "type":"STRING", "class":"0x7fb1f80b7578", "frozen":true, "fstring":true, "bytesize":36, "value":"NOTE: Specification.all called from ", "encoding":"UTF-8", "memsize":77, "flags":{"wb_protected":true, "old":true, "uncollectible":true, "marked":true}}
{"address":"0x7fb1f8015570", "type":"IMEMO", "imemo_type":"iseq", "references":["0x7fb1f8015548", "0x7fb1f801e940", "0x7fb1f801e940", "0x7fb1f808c788"], "memsize":1272, "flags":{"wb_protected":true, "old":true, "uncollectible":true, "marked":true}}
{"address":"0x7fb1f8015598", "type":"REGEXP", "class":"0x7fb1f808ea60", "references":["0x7fb1f80154f8"], "memsize":966, "flags":{"wb_protected":true, "old":true, "uncollectible":true, "marked":true}}
{"address":"0x7fb1f80155c0", "type":"STRING", "class":"0x7fb1f80b7578", "frozen":true, "embedded":true, "fstring":true, "bytesize":21, "value":"rdoc/parser/changelog", "encoding":"UTF-8", "memsize":40, "flags":{"wb_protected":true, "old":true, "uncollectible":true, "marked":true}}
{"address":"0x7fb1f80155e8", "type":"ARRAY", "class":"0x7fb1f8097228", "length":1, "embedded":true, "references":["0x7fb1f80e2ac0"], "memsize":40, "flags":{"wb_protected":true, "old":true, "uncollectible":true, "marked":true}}
{"address":"0x7fb1f8015610", "type":"STRING", "class":"0x7fb1f80b7578", "frozen":true, "embedded":true, "fstring":true, "bytesize":13, "value":"rdoc/parser/c", "encoding":"UTF-8", "memsize":40, "flags":{"wb_protected":true, "old":true, "uncollectible":true, "marked":true}}
{"address":"0x7fb1f8015638", "type":"SYMBOL", "class":"0x7fb1f80b4170", "frozen":true, "bytesize":4, "value":"redo", "memsize":40, "flags":{"wb_protected":true, "old":true, "uncollectible":true, "marked":true}}
{"address":"0x7fb1f8015660", "type":"ARRAY", "class":"0x7fb1f8097228", "length":1, "embedded":true, "references":["0x7fb1f80176e0"], "memsize":40, "flags":{"wb_protected":true, "old":true, "uncollectible":true, "marked":true}}
{"address":"0x7fb1f8015688", "type":"STRING", "class":"0x7fb1f80b7578", "frozen":true, "embedded":true, "fstring":true, "bytesize":11, "value":"rdoc/parser", "encoding":"UTF-8", "memsize":40, "flags":{"wb_protected":true, "old":true, "uncollectible":true, "marked":true}}
{"address":"0x7fb1f80156b0", "type":"IMEMO", "imemo_type":"iseq", "references":["0x7fb1f8015700", "0x7fb1f80c78d8", "0x7fb1f808c788", "0x7fb1f8015778"], "memsize":704, "flags":{"wb_protected":true, "old":true, "uncollectible":true, "marked":true}}
{"address":"0x7fb1f80156d8", "type":"STRING", "class":"0x7fb1f80b7578", "frozen":true, "embedded":true, "fstring":true, "bytesize":10, "value":" !!null \\n", "encoding":"US-ASCII", "memsize":40, "flags":{"wb_protected":true, "old":true, "uncollectible":true, "marked":true}}
{"address":"0x7fb1f8015700", "type":"STRING", "class":"0x7fb1f80b7578", "frozen":true, "embedded":true, "fstring":true, "bytesize":22, "value":"block in load_defaults", "memsize":40, "flags":{"wb_protected":true, "old":true, "uncollectible":true, "marked":true}}
{"address":"0x7fb1f8015728", "type":"DATA", "class":"0x7fb1f80760c8", "struct":"time", "references":["0x7fb1f8112a90"], "memsize":86, "flags":{"uncollectible":true, "marked":true}}
{"address":"0x7fb1f8015750", "type":"REGEXP", "class":"0x7fb1f808ea60", "references":["0x7fb1f80156d8"], "memsize":517, "flags":{"wb_protected":true, "old":true, "uncollectible":true, "marked":true}}
{"address":"0x7fb1f8015778", "type":"IMEMO", "imemo_type":"iseq", "references":["0x7fb1f80156b0", "0x7fb1f80c78d8", "0x7fb1f80c78d8", "0x7fb1f808c788", "0x7fb1f80156b0"], "memsize":756, "flags":{"wb_protected":true, "old":true, "uncollectible":true, "marked":true}}
{"address":"0x7fb1f80157a0", "type":"STRING", "class":"0x7fb1f80b7578", "frozen":true, "bytesize":67, "capacity":127, "value":"/Users/rschneeman/.rubies/ruby-2.7.1/lib/ruby/2.7.0/x86_64-darwin17", "memsize":168, "flags":{"wb_protected":true, "old":true, "uncollectible":true, "marked":true}}
{"address":"0x7fb1f80157c8", "type":"STRING", "class":"0x7fb1f80b7578", "frozen":true, "embedded":true, "fstring":true, "bytesize":9, "value":"base_path", "encoding":"US-ASCII", "memsize":40, "flags":{"wb_protected":true, "old":true, "uncollectible":true, "marked":true}}
{"address":"0x7fb1f80157f0", "type":"STRING", "class":"0x7fb1f80b7578", "frozen":true, "embedded":true, "fstring":true, "bytesize":4, "value":"redo", "encoding":"US-ASCII", "memsize":40, "flags":{"wb_protected":true, "old":true, "uncollectible":true, "marked":true}}
{"address":"0x7fb1f8015818", "type":"STRING", "class":"0x7fb1f80b7578", "frozen":true, "embedded":true, "fstring":true, "bytesize":12, "value":"rdoc/options", "encoding":"UTF-8", "memsize":40, "flags":{"wb_protected":true, "old":true, "uncollectible":true, "marked":true}}
{"address":"0x7fb1f8015840", "type":"STRING", "class":"0x7fb1f80b7578", "frozen":true, "embedded":true, "fstring":true, "bytesize":6, "value":"\\A--- ", "encoding":"US-ASCII", "memsize":40, "flags":{"wb_protected":true, "old":true, "uncollectible":true, "marked":true}}
{"address":"0x7fb1f80158b8", "type":"REGEXP", "class":"0x7fb1f808ea60", "references":["0x7fb1f8015840"], "memsize":504, "flags":{"wb_protected":true, "old":true, "uncollectible":true, "marked":true}}
{"address":"0x7fb1f80158e0", "type":"IMEMO", "imemo_type":"iseq", "references":["0x7fb1f8015908", "0x7fb1f802c388", "0x7fb1f808c788", "0x7fb1f8015980"], "memsize":1380, "flags":{"wb_protected":true, "old":true, "uncollectible":true, "marked":true}}
{"address":"0x7fb1f8015908", "type":"STRING", "class":"0x7fb1f80b7578", "frozen":true, "embedded":true, "fstring":true, "bytesize":17, "value":"block in _resort!", "memsize":40, "flags":{"wb_protected":true, "old":true, "uncollectible":true, "marked":true}}
{"address":"0x7fb1f8015930", "type":"STRING", "class":"0x7fb1f80b7578", "frozen":true, "embedded":true, "fstring":true, "bytesize":18, "value":"rdoc/normal_module", "encoding":"UTF-8", "memsize":40, "flags":{"wb_protected":true, "old":true, "uncollectible":true, "marked":true}}
{"address":"0x7fb1f8015980", "type":"IMEMO", "imemo_type":"iseq", "references":["0x7fb1f80158e0", "0x7fb1f802c388", "0x7fb1f802c388", "0x7fb1f808c788", "0x7fb1f80158e0"], "memsize":564, "flags":{"wb_protected":true, "old":true, "uncollectible":true, "marked":true}}
{"address":"0x7fb1f80159d0", "type":"STRING", "class":"0x7fb1f80b7578", "frozen":true, "embedded":true, "fstring":true, "bytesize":1, "value":"f", "encoding":"US-ASCII", "memsize":40, "flags":{"wb_protected":true, "old":true, "uncollectible":true, "marked":true}}
{"address":"0x7fb1f80159f8", "type":"STRING", "class":"0x7fb1f80b7578", "frozen":true, "embedded":true, "fstring":true, "bytesize":17, "value":"rdoc/normal_class", "encoding":"UTF-8", "memsize":40, "flags":{"wb_protected":true, "old":true, "uncollectible":true, "marked":true}}
{"address":"0x7fb1f8015a70", "type":"STRING", "class":"0x7fb1f80b7578", "frozen":true, "bytesize":51, "capacity":63, "value":"/Users/rschneeman/.rubies/ruby-2.7.1/lib/ruby/2.7.0", "memsize":104, "flags":{"wb_protected":true, "old":true, "uncollectible":true, "marked":true}}
{"address":"0x7fb1f8015a98", "type":"STRING", "class":"0x7fb1f80b7578", "frozen":true, "embedded":true, "fstring":true, "bytesize":10, "value":"rdoc/mixin", "encoding":"UTF-8", "memsize":40, "flags":{"wb_protected":true, "old":true, "uncollectible":true, "marked":true}}
{"address":"0x7fb1f8015ac0", "type":"STRING", "class":"0x7fb1f80b7578", "frozen":true, "embedded":true, "fstring":true, "bytesize":11, "value":"read_binary", "encoding":"US-ASCII", "memsize":40, "flags":{"wb_protected":true, "old":true, "uncollectible":true, "marked":true}}
{"address":"0x7fb1f8015ae8", "type":"IMEMO", "imemo_type":"iseq", "references":["0x7fb1f8015e08", "0x7fb1f8024e80", "0x7fb1f808c788", "0x7fb1f8015e80"], "memsize":616, "flags":{"wb_protected":true, "old":true, "uncollectible":true, "marked":true}}
{"address":"0x7fb1f8015b60", "type":"STRING", "class":"0x7fb1f80b7578", "frozen":true, "embedded":true, "fstring":true, "bytesize":16, "value":"rdoc/method_attr", "encoding":"UTF-8", "memsize":40, "flags":{"wb_protected":true, "old":true, "uncollectible":true, "marked":true}}
{"address":"0x7fb1f8015b88", "type":"ARRAY", "class":"0x7fb1f8097228", "length":1, "embedded":true, "references":["0x7fb1f80178c0"], "memsize":40, "flags":{"wb_protected":true, "old":true, "uncollectible":true, "marked":true}}
{"address":"0x7fb1f8015bb0", "type":"STRING", "class":"0x7fb1f80b7578", "frozen":true, "embedded":true, "fstring":true, "bytesize":18, "value":"non_nil_attributes", "encoding":"US-ASCII", "memsize":40, "flags":{"wb_protected":true, "old":true, "uncollectible":true, "marked":true}}
{"address":"0x7fb1f8015c00", "type":"STRING", "class":"0x7fb1f80b7578", "frozen":true, "embedded":true, "fstring":true, "bytesize":16, "value":"rdoc/meta_method", "encoding":"UTF-8", "memsize":40, "flags":{"wb_protected":true, "old":true, "uncollectible":true, "marked":true}}
{"address":"0x7fb1f8015c28", "type":"IMEMO", "imemo_type":"iseq", "references":["0x7fb1f8015e08", "0x7fb1f8024e80", "0x7fb1f808c788", "0x7fb1f8015e80"], "memsize":608, "flags":{"wb_protected":true, "old":true, "uncollectible":true, "marked":true}}
{"address":"0x7fb1f8015c50", "type":"STRING", "class":"0x7fb1f80b7578", "frozen":true, "embedded":true, "fstring":true, "bytesize":7, "value":"refresh", "encoding":"US-ASCII", "memsize":40, "flags":{"wb_protected":true, "old":true, "uncollectible":true, "marked":true}}
{"address":"0x7fb1f8015c78", "type":"SYMBOL", "class":"0x7fb1f80b4170", "frozen":true, "bytesize":6, "value":"module", "memsize":40, "flags":{"wb_protected":true, "old":true, "uncollectible":true, "marked":true}}
{"address":"0x7fb1f8015ca0", "type":"STRING", "class":"0x7fb1f80b7578", "frozen":true, "embedded":true, "fstring":true, "bytesize":8, "value":"new_here", "encoding":"US-ASCII", "memsize":40, "flags":{"wb_protected":true, "old":true, "uncollectible":true, "marked":true}}
{"address":"0x7fb1f8015cc8", "type":"ARRAY", "class":"0x7fb1f8097228", "length":1, "embedded":true, "references":["0x7fb1f80b6ab0"], "memsize":40, "flags":{"wb_protected":true, "old":true, "uncollectible":true, "marked":true}}
{"address":"0x7fb1f8015cf0", "type":"STRING", "class":"0x7fb1f80b7578", "frozen":true, "embedded":true, "fstring":true, "bytesize":20, "value":"rdoc/markup/verbatim", "encoding":"UTF-8", "memsize":40, "flags":{"wb_protected":true, "old":true, "uncollectible":true, "marked":true}}
{"address":"0x7fb1f8015d18", "type":"STRING", "class":"0x7fb1f80b7578", "frozen":true, "embedded":true, "fstring":true, "bytesize":6, "value":"module", "encoding":"US-ASCII", "memsize":40, "flags":{"wb_protected":true, "old":true, "uncollectible":true, "marked":true}}
{"address":"0x7fb1f8015d40", "type":"ARRAY", "class":"0x7fb1f8097228", "length":2, "embedded":true, "references":["0x7fb1f80161a0", "0x7fb1f80160b0"], "memsize":40, "flags":{"wb_protected":true, "old":true, "uncollectible":true, "marked":true}}
{"address":"0x7fb1f8015d68", "type":"STRING", "class":"0x7fb1f80b7578", "frozen":true, "embedded":true, "fstring":true, "bytesize":22, "value":"rdoc/markup/to_tt_only", "encoding":"UTF-8", "memsize":40, "flags":{"wb_protected":true, "old":true, "uncollectible":true, "marked":true}}
{"address":"0x7fb1f8015d90", "type":"IMEMO", "imemo_type":"iseq", "references":["0x7fb1f8015e08", "0x7fb1f8024e80", "0x7fb1f808c788", "0x7fb1f8015e80"], "memsize":832, "flags":{"wb_protected":true, "old":true, "uncollectible":true, "marked":true}}
{"address":"0x7fb1f8015db8", "type":"STRING", "class":"0x7fb1f80b7578", "frozen":true, "embedded":true, "fstring":true, "bytesize":3, "value":"2.6", "encoding":"UTF-8", "memsize":40, "flags":{"wb_protected":true, "old":true, "uncollectible":true, "marked":true}}
{"address":"0x7fb1f8015de0", "type":"STRING", "class":"0x7fb1f80b7578", "frozen":true, "embedded":true, "fstring":true, "bytesize":19, "value":"rdoc/markup/to_test", "encoding":"UTF-8", "memsize":40, "flags":{"wb_protected":true, "old":true, "uncollectible":true, "marked":true}}
{"address":"0x7fb1f8015e08", "type":"STRING", "class":"0x7fb1f80b7578", "frozen":true, "embedded":true, "fstring":true, "bytesize":18, "value":"block in stubs_for", "memsize":40, "flags":{"wb_protected":true, "old":true, "uncollectible":true, "marked":true}}
{"address":"0x7fb1f8015e30", "type":"STRING", "class":"0x7fb1f80b7578", "embedded":true, "bytesize":3, "value":"2.6", "encoding":"UTF-8", "memsize":40, "flags":{"wb_protected":true, "old":true, "uncollectible":true, "marked":true}}
{"address":"0x7fb1f8015e58", "type":"STRING", "class":"0x7fb1f80b7578", "frozen":true, "embedded":true, "fstring":true, "bytesize":10, "value":"-*.gemspec", "encoding":"UTF-8", "memsize":40, "flags":{"wb_protected":true, "old":true, "uncollectible":true, "marked":true}}
{"address":"0x7fb1f8015e80", "type":"IMEMO", "imemo_type":"iseq", "references":["0x7fb1f8015e58", "0x7fb1f8015d90", "0x7fb1f8015c28", "0x7fb1f8015ae8", "0x7fb1f8024e80", "0x7fb1f8024e80", "0x7fb1f808c788", "0x7fb1f8015d90", "0x7fb1f8015c28", "0x7fb1f8015ae8"], "memsize":3212, "flags":{"wb_protected":true, "old":true, "uncollectible":true, "marked":true}}
{"address":"0x7fb1f8015ea8", "type":"STRING", "class":"0x7fb1f80b7578", "frozen":true, "embedded":true, "fstring":true, "bytesize":4, "value":"here", "encoding":"US-ASCII", "memsize":40, "flags":{"wb_protected":true, "old":true, "uncollectible":true, "marked":true}}
{"address":"0x7fb1f8015ef8", "type":"STRING", "class":"0x7fb1f80b7578", "frozen":true, "fstring":true, "bytesize":32, "capacity":35, "value":"rdoc/markup/to_table_of_contents", "encoding":"UTF-8", "memsize":76, "flags":{"wb_protected":true, "old":true, "uncollectible":true, "marked":true}}
{"address":"0x7fb1f8015f48", "type":"STRING", "class":"0x7fb1f80b7578", "frozen":true, "embedded":true, "fstring":true, "bytesize":19, "value":"rdoc/markup/to_rdoc", "encoding":"UTF-8", "memsize":40, "flags":{"wb_protected":true, "old":true, "uncollectible":true, "marked":true}}
{"address":"0x7fb1f8015fc0", "type":"STRING", "class":"0x7fb1f80b7578", "frozen":true, "embedded":true, "fstring":true, "bytesize":23, "value":"rdoc/markup/to_markdown", "encoding":"UTF-8", "memsize":40, "flags":{"wb_protected":true, "old":true, "uncollectible":true, "marked":true}}
{"address":"0x7fb1f8015fe8", "type":"STRING", "class":"0x7fb1f80b7578", "frozen":true, "embedded":true, "fstring":true, "bytesize":6, "value":"prefix", "encoding":"US-ASCII", "memsize":40, "flags":{"wb_protected":true, "old":true, "uncollectible":true, "marked":true}}
{"address":"0x7fb1f8016010", "type":"IMEMO", "imemo_type":"iseq", "references":["0x7fb1f8016060", "0x7fb1f802d648", "0x7fb1f808c788", "0x7fb1f80160d8"], "memsize":768, "flags":{"wb_protected":true, "old":true, "uncollectible":true, "marked":true}}
{"address":"0x7fb1f8016060", "type":"STRING", "class":"0x7fb1f80b7578", "frozen":true, "embedded":true, "fstring":true, "bytesize":22, "value":"block in default_stubs", "memsize":40, "flags":{"wb_protected":true, "old":true, "uncollectible":true, "marked":true}}
{"address":"0x7fb1f8016088", "type":"STRING", "class":"0x7fb1f80b7578", "frozen":true, "embedded":true, "fstring":true, "bytesize":20, "value":"rdoc/markup/to_label", "encoding":"UTF-8", "memsize":40, "flags":{"wb_protected":true, "old":true, "uncollectible":true, "marked":true}}
{"address":"0x7fb1f80160b0", "type":"OBJECT", "class":"0x7fb1f80dd4f8", "ivars":3, "references":["0x7fb1f8015e30"], "memsize":40, "flags":{"wb_protected":true, "old":true, "uncollectible":true, "marked":true}}
{"address":"0x7fb1f80160d8", "type":"IMEMO", "imemo_type":"iseq", "references":["0x7fb1f80172a8", "0x7fb1f80c62f8", "0x7fb1f8016010", "0x7fb1f802d648", "0x7fb1f802d648", "0x7fb1f808c788", "0x7fb1f8016010"], "memsize":1328, "flags":{"wb_protected":true, "old":true, "uncollectible":true, "marked":true}}
{"address":"0x7fb1f8016100", "type":"STRING", "class":"0x7fb1f80b7578", "frozen":true, "bytesize":77, "capacity":127, "value":"/Users/rschneeman/.rubies/ruby-2.7.1/lib/ruby/site_ruby/2.7.0/x86_64-darwin17", "memsize":168, "flags":{"wb_protected":true, "old":true, "uncollectible":true, "marked":true}}
{"address":"0x7fb1f8016128", "type":"SYMBOL", "class":"0x7fb1f80b4170", "frozen":true, "bytesize":5, "value":"false", "memsize":40, "flags":{"wb_protected":true, "old":true, "uncollectible":true, "marked":true}}
{"address":"0x7fb1f8016150", "type":"STRING", "class":"0x7fb1f80b7578", "frozen":true, "fstring":true, "bytesize":31, "capacity":34, "value":"rdoc/markup/to_joined_paragraph", "encoding":"UTF-8", "memsize":75, "flags":{"wb_protected":true, "old":true, "uncollectible":true, "marked":true}}
{"address":"0x7fb1f8016178", "type":"STRING", "class":"0x7fb1f80b7578", "frozen":true, "embedded":true, "fstring":true, "bytesize":4, "value":"prev", "encoding":"US-ASCII", "memsize":40, "flags":{"wb_protected":true, "old":true, "uncollectible":true, "marked":true}}
{"address":"0x7fb1f80161a0", "type":"STRING", "class":"0x7fb1f80b7578", "embedded":true, "bytesize":2, "value":">=", "encoding":"UTF-8", "memsize":40, "flags":{"wb_protected":true, "old":true, "uncollectible":true, "marked":true}}
{"address":"0x7fb1f80161c8", "type":"STRING", "class":"0x7fb1f80b7578", "frozen":true, "fstring":true, "bytesize":27, "capacity":30, "value":"rdoc/markup/to_html_snippet", "encoding":"UTF-8", "memsize":71, "flags":{"wb_protected":true, "old":true, "uncollectible":true, "marked":true}}
{"address":"0x7fb1f80161f0", "type":"STRING", "class":"0x7fb1f80b7578", "frozen":true, "embedded":true, "fstring":true, "bytesize":13, "value":"pre_uninstall", "encoding":"US-ASCII", "memsize":40, "flags":{"wb_protected":true, "old":true, "uncollectible":true, "marked":true}}
{"address":"0x7fb1f8016218", "type":"IMEMO", "imemo_type":"iseq", "references":["0x7fb1f80163d0", "0x7fb1f801f638", "0x7fb1f808c788", "0x7fb1f8016448"], "memsize":832, "flags":{"wb_protected":true, "old":true, "uncollectible":true, "marked":true}}
{"address":"0x7fb1f8016240", "type":"STRING", "class":"0x7fb1f80b7578", "frozen":true, "embedded":true, "fstring":true, "bytesize":12, "value":"loaded_from=", "encoding":"US-ASCII", "memsize":40, "flags":{"wb_protected":true, "old":true, "uncollectible":true, "marked":true}}
{"address":"0x7fb1f8016290", "type":"STRING", "class":"0x7fb1f80b7578", "frozen":true, "embedded":true, "fstring":true, "bytesize":11, "value":"loaded_from", "encoding":"US-ASCII", "memsize":40, "flags":{"wb_protected":true, "old":true, "uncollectible":true, "marked":true}}
{"address":"0x7fb1f80162b8", "type":"STRING", "class":"0x7fb1f80b7578", "frozen":true, "fstring":true, "bytesize":28, "capacity":31, "value":"rdoc/markup/to_html_crossref", "encoding":"UTF-8", "memsize":72, "flags":{"wb_protected":true, "old":true, "uncollectible":true, "marked":true}}
{"address":"0x7fb1f80162e0", "type":"STRING", "class":"0x7fb1f80b7578", "frozen":true, "bytesize":61, "capacity":63, "value":"/Users/rschneeman/.rubies/ruby-2.7.1/lib/ruby/site_ruby/2.7.0", "memsize":104, "flags":{"wb_protected":true, "old":true, "uncollectible":true, "marked":true}}
{"address":"0x7fb1f8016330", "type":"STRING", "class":"0x7fb1f80b7578", "frozen":true, "embedded":true, "fstring":true, "bytesize":19, "value":"rdoc/markup/to_html", "encoding":"UTF-8", "memsize":40, "flags":{"wb_protected":true, "old":true, "uncollectible":true, "marked":true}}
{"address":"0x7fb1f8016380", "type":"SYMBOL", "class":"0x7fb1f80b4170", "frozen":true, "bytesize":6, "value":"ensure", "memsize":40, "flags":{"wb_protected":true, "old":true, "uncollectible":true, "marked":true}}
{"address":"0x7fb1f80163a8", "type":"IMEMO", "imemo_type":"iseq", "references":["0x7fb1f80163d0", "0x7fb1f801f638", "0x7fb1f808c788", "0x7fb1f8016448"], "memsize":608, "flags":{"wb_protected":true, "old":true, "uncollectible":true, "marked":true}}
{"address":"0x7fb1f80163d0", "type":"STRING", "class":"0x7fb1f80b7578", "frozen":true, "embedded":true, "fstring":true, "bytesize":14, "value":"block in stubs", "memsize":40, "flags":{"wb_protected":true, "old":true, "uncollectible":true, "marked":true}}
{"address":"0x7fb1f80163f8", "type":"STRING", "class":"0x7fb1f80b7578", "frozen":true, "embedded":true, "fstring":true, "bytesize":9, "value":"pre_reset", "encoding":"US-ASCII", "memsize":40, "flags":{"wb_protected":true, "old":true, "uncollectible":true, "marked":true}}
{"address":"0x7fb1f8016420", "type":"STRING", "class":"0x7fb1f80b7578", "frozen":true, "embedded":true, "fstring":true, "bytesize":4, "value":"cmds", "encoding":"US-ASCII", "memsize":40, "flags":{"wb_protected":true, "old":true, "uncollectible":true, "marked":true}}
{"address":"0x7fb1f8016448", "type":"IMEMO", "imemo_type":"iseq", "references":["0x7fb1f80172a8", "0x7fb1f80163a8", "0x7fb1f8016218", "0x7fb1f801f638", "0x7fb1f801f638", "0x7fb1f808c788", "0x7fb1f80163a8", "0x7fb1f8016218"], "memsize":2216, "flags":{"wb_protected":true, "old":true, "uncollectible":true, "marked":true}}
{"address":"0x7fb1f8016470", "type":"STRING", "class":"0x7fb1f80b7578", "frozen":true, "embedded":true, "fstring":true, "bytesize":17, "value":"rdoc/markup/to_bs", "encoding":"UTF-8", "memsize":40, "flags":{"wb_protected":true, "old":true, "uncollectible":true, "marked":true}}
{"address":"0x7fb1f8016498", "type":"STRING", "class":"0x7fb1f80b7578", "frozen":true, "embedded":true, "fstring":true, "bytesize":6, "value":"ensure", "encoding":"US-ASCII", "memsize":40, "flags":{"wb_protected":true, "old":true, "uncollectible":true, "marked":true}}
{"address":"0x7fb1f80164c0", "type":"STRING", "class":"0x7fb1f80b7578", "frozen":true, "bytesize":55, "capacity":63, "value":"/Users/rschneeman/.rubies/ruby-2.7.1/lib/ruby/site_ruby", "memsize":104, "flags":{"wb_protected":true, "old":true, "uncollectible":true, "marked":true}}
{"address":"0x7fb1f80164e8", "type":"STRING", "class":"0x7fb1f80b7578", "frozen":true, "embedded":true, "fstring":true, "bytesize":4, "value":"code", "encoding":"US-ASCII", "memsize":40, "flags":{"wb_protected":true, "old":true, "uncollectible":true, "marked":true}}
{"address":"0x7fb1f8016538", "type":"STRING", "class":"0x7fb1f80b7578", "frozen":true, "embedded":true, "fstring":true, "bytesize":19, "value":"rdoc/markup/to_ansi", "encoding":"UTF-8", "memsize":40, "flags":{"wb_protected":true, "old":true, "uncollectible":true, "marked":true}}
{"address":"0x7fb1f8016560", "type":"ARRAY", "class":"0x7fb1f8097228", "length":1, "embedded":true, "references":["0x7fb1f8015d40"], "memsize":40, "flags":{"wb_protected":true, "old":true, "uncollectible":true, "marked":true}}
{"address":"0x7fb1f8016588", "type":"STRING", "class":"0x7fb1f80b7578", "frozen":true, "embedded":true, "fstring":true, "bytesize":3, "value":"opt", "encoding":"US-ASCII", "memsize":40, "flags":{"wb_protected":true, "old":true, "uncollectible":true, "marked":true}}
{"address":"0x7fb1f80165b0", "type":"IMEMO", "imemo_type":"iseq", "references":["0x7fb1f8016600", "0x7fb1f802dd50", "0x7fb1f808c788", "0x7fb1f8016678"], "memsize":848, "flags":{"wb_protected":true, "old":true, "uncollectible":true, "marked":true}}
{"address":"0x7fb1f80165d8", "type":"STRING", "class":"0x7fb1f80b7578", "frozen":true, "embedded":true, "fstring":true, "bytesize":11, "value":"pre_install", "encoding":"US-ASCII", "memsize":40, "flags":{"wb_protected":true, "old":true, "uncollectible":true, "marked":true}}
{"address":"0x7fb1f8016600", "type":"STRING", "class":"0x7fb1f80b7578", "frozen":true, "embedded":true, "fstring":true, "bytesize":18, "value":"block in each_spec", "memsize":40, "flags":{"wb_protected":true, "old":true, "uncollectible":true, "marked":true}}
{"address":"0x7fb1f8016650", "type":"STRING", "class":"0x7fb1f80b7578", "frozen":true, "embedded":true, "fstring":true, "bytesize":5, "value":"_spec", "encoding":"US-ASCII", "memsize":40, "flags":{"wb_protected":true, "old":true, "uncollectible":true, "marked":true}}
{"address":"0x7fb1f8016678", "type":"IMEMO", "imemo_type":"iseq", "references":["0x7fb1f80165b0", "0x7fb1f802dd50", "0x7fb1f802dd50", "0x7fb1f808c788", "0x7fb1f80165b0"], "memsize":572, "flags":{"wb_protected":true, "old":true, "uncollectible":true, "marked":true}}
{"address":"0x7fb1f80166a0", "type":"IMEMO", "imemo_type":"iseq", "references":["0x7fb1f8096558", "0x7fb1f8096558", "0x7fb1f808c788"], "memsize":540, "flags":{"wb_protected":true, "old":true, "uncollectible":true, "marked":true}}
{"address":"0x7fb1f80166c8", "type":"IMEMO", "imemo_type":"iseq", "references":["0x7fb1f802e048", "0x7fb1f802e048", "0x7fb1f808c788"], "memsize":540, "flags":{"wb_protected":true, "old":true, "uncollectible":true, "marked":true}}
{"address":"0x7fb1f80166f0", "type":"STRING", "class":"0x7fb1f80b7578", "frozen":true, "embedded":true, "fstring":true, "bytesize":16, "value":"rdoc/markup/rule", "encoding":"UTF-8", "memsize":40, "flags":{"wb_protected":true, "old":true, "uncollectible":true, "marked":true}}
{"address":"0x7fb1f8016718", "type":"OBJECT", "class":"0x7fb1f80e0680", "ivars":3, "references":["0x7fb1f8016560"], "memsize":40, "flags":{"wb_protected":true, "old":true, "uncollectible":true, "marked":true}}
{"address":"0x7fb1f8016768", "type":"STRING", "class":"0x7fb1f80b7578", "frozen":true, "embedded":true, "fstring":true, "bytesize":13, "value":"silent_system", "encoding":"US-ASCII", "memsize":40, "flags":{"wb_protected":true, "old":true, "uncollectible":true, "marked":true}}
{"address":"0x7fb1f8016790", "type":"STRING", "class":"0x7fb1f80b7578", "frozen":true, "fstring":true, "bytesize":27, "capacity":30, "value":"rdoc/markup/regexp_handling", "encoding":"UTF-8", "memsize":71, "flags":{"wb_protected":true, "old":true, "uncollectible":true, "marked":true}}
{"address":"0x7fb1f80167b8", "type":"ARRAY", "class":"0x7fb1f8097228", "length":0, "memsize":40, "flags":{"wb_protected":true, "old":true, "uncollectible":true, "marked":true}}
{"address":"0x7fb1f80167e0", "type":"STRING", "class":"0x7fb1f80b7578", "frozen":true, "embedded":true, "fstring":true, "bytesize":14, "value":"post_uninstall", "encoding":"US-ASCII", "memsize":40, "flags":{"wb_protected":true, "old":true, "uncollectible":true, "marked":true}}
{"address":"0x7fb1f8016808", "type":"STRING", "class":"0x7fb1f80b7578", "frozen":true, "embedded":true, "fstring":true, "bytesize":15, "value":"rdoc/markup/raw", "encoding":"UTF-8", "memsize":40, "flags":{"wb_protected":true, "old":true, "uncollectible":true, "marked":true}}
{"address":"0x7fb1f8016858", "type":"ARRAY", "class":"0x7fb1f8097228", "length":0, "memsize":40, "flags":{"wb_protected":true, "old":true, "uncollectible":true, "marked":true}}
{"address":"0x7fb1f8016880", "type":"STRING", "class":"0x7fb1f80b7578", "frozen":true, "embedded":true, "fstring":true, "bytesize":23, "value":"rdoc/markup/pre_process", "encoding":"UTF-8", "memsize":40, "flags":{"wb_protected":true, "old":true, "uncollectible":true, "marked":true}}
{"address":"0x7fb1f80168d0", "type":"STRING", "class":"0x7fb1f80b7578", "frozen":true, "embedded":true, "fstring":true, "bytesize":3, "value":"tup", "encoding":"US-ASCII", "memsize":40, "flags":{"wb_protected":true, "old":true, "uncollectible":true, "marked":true}}
{"address":"0x7fb1f80168f8", "type":"STRING", "class":"0x7fb1f80b7578", "frozen":true, "embedded":true, "fstring":true, "bytesize":18, "value":"rdoc/markup/parser", "encoding":"UTF-8", "memsize":40, "flags":{"wb_protected":true, "old":true, "uncollectible":true, "marked":true}}
{"address":"0x7fb1f8016920", "type":"SYMBOL", "class":"0x7fb1f80b4170", "frozen":true, "bytesize":5, "value":"elsif", "memsize":40, "flags":{"wb_protected":true, "old":true, "uncollectible":true, "marked":true}}
{"address":"0x7fb1f8016948", "type":"STRING", "class":"0x7fb1f80b7578", "frozen":true, "embedded":true, "fstring":true, "bytesize":5, "value":"elsif", "encoding":"US-ASCII", "memsize":40, "flags":{"wb_protected":true, "old":true, "uncollectible":true, "marked":true}}
{"address":"0x7fb1f8016970", "type":"IMEMO", "imemo_type":"iseq", "references":["0x7fb1f80169c0", "0x7fb1f803d750", "0x7fb1f808c788", "0x7fb1f8016a60"], "memsize":640, "flags":{"wb_protected":true, "old":true, "uncollectible":true, "marked":true}}
{"address":"0x7fb1f8016998", "type":"STRING", "class":"0x7fb1f80b7578", "frozen":true, "embedded":true, "fstring":true, "bytesize":7, "value":"minimum", "encoding":"US-ASCII", "memsize":40, "flags":{"wb_protected":true, "old":true, "uncollectible":true, "marked":true}}
{"address":"0x7fb1f80169c0", "type":"STRING", "class":"0x7fb1f80b7578", "frozen":true, "fstring":true, "bytesize":29, "value":"block (2 levels) in map_stubs", "memsize":70, "flags":{"wb_protected":true, "old":true, "uncollectible":true, "marked":true}}
{"address":"0x7fb1f80169e8", "type":"STRING", "class":"0x7fb1f80b7578", "frozen":true, "embedded":true, "fstring":true, "bytesize":10, "value":"post_reset", "encoding":"US-ASCII", "memsize":40, "flags":{"wb_protected":true, "old":true, "uncollectible":true, "marked":true}}
{"address":"0x7fb1f8016a10", "type":"STRING", "class":"0x7fb1f80b7578", "frozen":true, "embedded":true, "fstring":true, "bytesize":21, "value":"rdoc/markup/paragraph", "encoding":"UTF-8", "memsize":40, "flags":{"wb_protected":true, "old":true, "uncollectible":true, "marked":true}}
{"address":"0x7fb1f8016a38", "type":"ARRAY", "class":"0x7fb1f8097228", "length":0, "memsize":40, "flags":{"wb_protected":true, "old":true, "uncollectible":true, "marked":true}}
{"address":"0x7fb1f8016a60", "type":"IMEMO", "imemo_type":"iseq", "references":["0x7fb1f80c62f8", "0x7fb1f8016970", "0x7fb1f8016a88", "0x7fb1f803d750", "0x7fb1f808c788", "0x7fb1f8016b00", "0x7fb1f8016970"], "memsize":1208, "flags":{"wb_protected":true, "old":true, "uncollectible":true, "marked":true}}
{"address":"0x7fb1f8016a88", "type":"STRING", "class":"0x7fb1f80b7578", "frozen":true, "embedded":true, "fstring":true, "bytesize":18, "value":"block in map_stubs", "memsize":40, "flags":{"wb_protected":true, "old":true, "uncollectible":true, "marked":true}}
{"address":"0x7fb1f8016ab0", "type":"STRING", "class":"0x7fb1f80b7578", "frozen":true, "embedded":true, "fstring":true, "bytesize":21, "value":"rdoc/markup/list_item", "encoding":"UTF-8", "memsize":40, "flags":{"wb_protected":true, "old":true, "uncollectible":true, "marked":true}}
{"address":"0x7fb1f8016ad8", "type":"STRING", "class":"0x7fb1f80b7578", "embedded":true, "bytesize":4, "value":"ruby", "encoding":"UTF-8", "memsize":40, "flags":{"wb_protected":true, "old":true, "uncollectible":true, "marked":true}}
{"address":"0x7fb1f8016b00", "type":"IMEMO", "imemo_type":"iseq", "references":["0x7fb1f8016a60", "0x7fb1f803d750", "0x7fb1f803d750", "0x7fb1f808c788", "0x7fb1f8016a60"], "memsize":572, "flags":{"wb_protected":true, "old":true, "uncollectible":true, "marked":true}}
{"address":"0x7fb1f8016b28", "type":"STRING", "class":"0x7fb1f80b7578", "frozen":true, "embedded":true, "fstring":true, "bytesize":16, "value":"rdoc/markup/list", "encoding":"UTF-8", "memsize":40, "flags":{"wb_protected":true, "old":true, "uncollectible":true, "marked":true}}
{"address":"0x7fb1f8016b50", "type":"STRING", "class":"0x7fb1f80b7578", "frozen":true, "bytesize":79, "capacity":127, "value":"/Users/rschneeman/.rubies/ruby-2.7.1/lib/ruby/vendor_ruby/2.7.0/x86_64-darwin17", "memsize":168, "flags":{"wb_protected":true, "old":true, "uncollectible":true, "marked":true}}
{"address":"0x7fb1f8016b78", "type":"STRING", "class":"0x7fb1f80b7578", "frozen":true, "embedded":true, "fstring":true, "bytesize":22, "value":"@done_installing_hooks", "encoding":"US-ASCII", "memsize":40, "flags":{"wb_protected":true, "old":true, "uncollectible":true, "marked":true}}
{"address":"0x7fb1f8016ba0", "type":"HASH", "class":"0x7fb1f8095130", "size":0, "memsize":40, "flags":{"wb_protected":true, "old":true, "uncollectible":true, "marked":true}}
{"address":"0x7fb1f8016bc8", "type":"STRING", "class":"0x7fb1f80b7578", "frozen":true, "embedded":true, "fstring":true, "bytesize":11, "value":"prerelease?", "encoding":"US-ASCII", "memsize":40, "flags":{"wb_protected":true, "old":true, "uncollectible":true, "marked":true}}
{"address":"0x7fb1f8016bf0", "type":"STRING", "class":"0x7fb1f80b7578", "frozen":true, "embedded":true, "fstring":true, "bytesize":7, "value":"command", "encoding":"US-ASCII", "memsize":40, "flags":{"wb_protected":true, "old":true, "uncollectible":true, "marked":true}}
{"address":"0x7fb1f8016c18", "type":"STRING", "class":"0x7fb1f80b7578", "frozen":true, "embedded":true, "fstring":true, "bytesize":15, "value":"done_installing", "encoding":"US-ASCII", "memsize":40, "flags":{"wb_protected":true, "old":true, "uncollectible":true, "marked":true}}
{"address":"0x7fb1f8016c68", "type":"STRING", "class":"0x7fb1f80b7578", "frozen":true, "fstring":true, "bytesize":30, "capacity":33, "value":"rdoc/markup/indented_paragraph", "encoding":"UTF-8", "memsize":74, "flags":{"wb_protected":true, "old":true, "uncollectible":true, "marked":true}}
{"address":"0x7fb1f8016cb8", "type":"IMEMO", "imemo_type":"iseq", "references":["0x7fb1f8016d08", "0x7fb1f803d908", "0x7fb1f808c788", "0x7fb1f8016df8"], "memsize":784, "flags":{"wb_protected":true, "old":true, "uncollectible":true, "marked":true}}
{"address":"0x7fb1f8016ce0", "type":"STRING", "class":"0x7fb1f80b7578", "frozen":true, "embedded":true, "fstring":true, "bytesize":6, "value":"native", "encoding":"US-ASCII", "memsize":40, "flags":{"wb_protected":true, "old":true, "uncollectible":true, "marked":true}}
{"address":"0x7fb1f8016d08", "type":"STRING", "class":"0x7fb1f80b7578", "frozen":true, "fstring":true, "bytesize":24, "value":"block in installed_stubs", "memsize":65, "flags":{"wb_protected":true, "old":true, "uncollectible":true, "marked":true}}
{"address":"0x7fb1f8016d30", "type":"STRING", "class":"0x7fb1f80b7578", "frozen":true, "bytesize":63, "value":"/Users/rschneeman/.rubies/ruby-2.7.1/lib/ruby/vendor_ruby/2.7.0", "memsize":104, "flags":{"wb_protected":true, "old":true, "uncollectible":true, "marked":true}}
{"address":"0x7fb1f8016d58", "type":"STRING", "class":"0x7fb1f80b7578", "frozen":true, "embedded":true, "fstring":true, "bytesize":19, "value":"rdoc/markup/include", "encoding":"UTF-8", "memsize":40, "flags":{"wb_protected":true, "old":true, "uncollectible":true, "marked":true}}
{"address":"0x7fb1f8016d80", "type":"ARRAY", "class":"0x7fb1f8097228", "length":0, "memsize":40, "flags":{"wb_protected":true, "old":true, "uncollectible":true, "marked":true}}
{"address":"0x7fb1f8016dd0", "type":"STRING", "class":"0x7fb1f80b7578", "frozen":true, "embedded":true, "fstring":true, "bytesize":1, "value":"h", "encoding":"US-ASCII", "memsize":40, "flags":{"wb_protected":true, "old":true, "uncollectible":true, "marked":true}}
{"address":"0x7fb1f8016df8", "type":"IMEMO", "imemo_type":"iseq", "references":["0x7fb1f8016cb8", "0x7fb1f803d908", "0x7fb1f803d908", "0x7fb1f808c788", "0x7fb1f8016cb8"], "memsize":596, "flags":{"wb_protected":true, "old":true, "uncollectible":true, "marked":true}}
{"address":"0x7fb1f8016e20", "type":"STRING", "class":"0x7fb1f80b7578", "frozen":true, "embedded":true, "fstring":true, "bytesize":12, "value":"post_install", "encoding":"US-ASCII", "memsize":40, "flags":{"wb_protected":true, "old":true, "uncollectible":true, "marked":true}}
{"address":"0x7fb1f8016e48", "type":"STRING", "class":"0x7fb1f80b7578", "frozen":true, "embedded":true, "fstring":true, "bytesize":19, "value":"rdoc/markup/heading", "encoding":"UTF-8", "memsize":40, "flags":{"wb_protected":true, "old":true, "uncollectible":true, "marked":true}}
{"address":"0x7fb1f8016e70", "type":"ARRAY", "class":"0x7fb1f8097228", "length":0, "memsize":40, "flags":{"wb_protected":true, "old":true, "uncollectible":true, "marked":true}}
{"address":"0x7fb1f8016e98", "type":"ARRAY", "class":"0x7fb1f8097228", "length":1, "embedded":true, "references":["0x7fb1f80149b8"], "memsize":40, "flags":{"wb_protected":true, "old":true, "uncollectible":true, "marked":true}}
{"address":"0x7fb1f8016ec0", "type":"STRING", "class":"0x7fb1f80b7578", "frozen":true, "embedded":true, "fstring":true, "bytesize":22, "value":"rdoc/markup/hard_break", "encoding":"UTF-8", "memsize":40, "flags":{"wb_protected":true, "old":true, "uncollectible":true, "marked":true}}
{"address":"0x7fb1f8016ee8", "type":"ARRAY", "class":"0x7fb1f8097228", "length":0, "memsize":40, "flags":{"wb_protected":true, "old":true, "uncollectible":true, "marked":true}}
{"address":"0x7fb1f8016f10", "type":"STRING", "class":"0x7fb1f80b7578", "frozen":true, "bytesize":57, "capacity":63, "value":"/Users/rschneeman/.rubies/ruby-2.7.1/lib/ruby/vendor_ruby", "memsize":104, "flags":{"wb_protected":true, "old":true, "uncollectible":true, "marked":true}}
{"address":"0x7fb1f8016f38", "type":"STRING", "class":"0x7fb1f80b7578", "frozen":true, "embedded":true, "fstring":true, "bytesize":21, "value":"rdoc/markup/formatter", "encoding":"UTF-8", "memsize":40, "flags":{"wb_protected":true, "old":true, "uncollectible":true, "marked":true}}
{"address":"0x7fb1f8016f60", "type":"STRING", "class":"0x7fb1f80b7578", "frozen":true, "embedded":true, "fstring":true, "bytesize":13, "value":"_latest_specs", "encoding":"US-ASCII", "memsize":40, "flags":{"wb_protected":true, "old":true, "uncollectible":true, "marked":true}}
{"address":"0x7fb1f8016f88", "type":"STRING", "class":"0x7fb1f80b7578", "frozen":true, "bytesize":45, "capacity":63, "value":"/Users/rschneeman/.rubies/ruby-2.7.1/lib/ruby", "memsize":104, "flags":{"wb_protected":true, "old":true, "uncollectible":true, "marked":true}}
{"address":"0x7fb1f8016fb0", "type":"STRING", "class":"0x7fb1f80b7578", "embedded":true, "bytesize":3, "value":"bin", "encoding":"UTF-8", "memsize":40, "flags":{"wb_protected":true, "old":true, "uncollectible":true, "marked":true}}
{"address":"0x7fb1f8016fd8", "type":"IMEMO", "imemo_type":"iseq", "references":["0x7fb1f80170a0", "0x7fb1f803dd68", "0x7fb1f808c788", "0x7fb1f80170f0"], "memsize":608, "flags":{"wb_protected":true, "old":true, "uncollectible":true, "marked":true}}
{"address":"0x7fb1f8017000", "type":"STRING", "class":"0x7fb1f80b7578", "frozen":true, "embedded":true, "fstring":true, "bytesize":4, "value":"hook", "encoding":"US-ASCII", "memsize":40, "flags":{"wb_protected":true, "old":true, "uncollectible":true, "marked":true}}
{"address":"0x7fb1f8017028", "type":"STRING", "class":"0x7fb1f80b7578", "frozen":true, "embedded":true, "fstring":true, "bytesize":20, "value":"rdoc/markup/document", "encoding":"UTF-8", "memsize":40, "flags":{"wb_protected":true, "old":true, "uncollectible":true, "marked":true}}
{"address":"0x7fb1f8017050", "type":"STRING", "class":"0x7fb1f80b7578", "frozen":true, "embedded":true, "fstring":true, "bytesize":10, "value":"post_build", "encoding":"US-ASCII", "memsize":40, "flags":{"wb_protected":true, "old":true, "uncollectible":true, "marked":true}}
{"address":"0x7fb1f8017078", "type":"STRING", "class":"0x7fb1f80b7578", "frozen":true, "embedded":true, "fstring":true, "bytesize":10, "value":"prerelease", "encoding":"US-ASCII", "memsize":40, "flags":{"wb_protected":true, "old":true, "uncollectible":true, "marked":true}}
{"address":"0x7fb1f80170a0", "type":"STRING", "class":"0x7fb1f80b7578", "frozen":true, "fstring":true, "bytesize":25, "value":"block in gemspec_stubs_in", "memsize":66, "flags":{"wb_protected":true, "old":true, "uncollectible":true, "marked":true}}
{"address":"0x7fb1f80170c8", "type":"STRING", "class":"0x7fb1f80b7578", "frozen":true, "embedded":true, "fstring":true, "bytesize":7, "value":"Inflate", "encoding":"US-ASCII", "memsize":40, "flags":{"wb_protected":true, "old":true, "uncollectible":true, "marked":true}}
{"address":"0x7fb1f80170f0", "type":"IMEMO", "imemo_type":"iseq", "references":["0x7fb1f8016fd8", "0x7fb1f803dd68", "0x7fb1f803dd68", "0x7fb1f808c788", "0x7fb1f8016fd8"], "memsize":944, "flags":{"wb_protected":true, "old":true, "uncollectible":true, "marked":true}}
{"address":"0x7fb1f8017118", "type":"SYMBOL", "class":"0x7fb1f80b4170", "frozen":true, "bytesize":4, "value":"else", "memsize":40, "flags":{"wb_protected":true, "old":true, "uncollectible":true, "marked":true}}
{"address":"0x7fb1f8017140", "type":"OBJECT", "class":"0x7fb1f8112db0", "ivars":49, "references":["0x7fb1f800f878", "0x7fb1f800fd78", "0x7fb1f80142d8", "0x7fb1f8015728", "0x7fb1f8017848", "0x7fb1f8017758", "0x7fb1f80175a0", "0x7fb1f8084100", "0x7fb1f8014d50", "0x7fb1f80e2638", "0x7fb1f8015b88", "0x7fb1f8016fb0", "0x7fb1f8016ee8", "0x7fb1f8016e98", "0x7fb1f8016e70", "0x7fb1f8015660", "0x7fb1f8016d80", "0x7fb1f800eae0", "0x7fb1f80155e8", "0x7fb1f8016ba0", "0x7fb1f8016ad8", "0x7fb1f8016a38", "0x7fb1f8015cc8", "0x7fb1f8015480", "0x7fb1f8016718", "0x7fb1f8016858", "0x7fb1f80c6b68", "0x7fb1f80167b8", "0x7fb1f80b4418", "0x7fb1f800f9e0"], "memsize":432, "flags":{"wb_protected":true, "old":true, "uncollectible":true, "marked":true}}
{"address":"0x7fb1f8017168", "type":"STRING", "class":"0x7fb1f80b7578", "frozen":true, "bytesize":40, "capacity":63, "value":"/Users/rschneeman/.rubies/ruby-2.7.1/lib", "memsize":104, "flags":{"wb_protected":true, "old":true, "uncollectible":true, "marked":true}}
{"address":"0x7fb1f8017190", "type":"STRING", "class":"0x7fb1f80b7578", "frozen":true, "embedded":true, "fstring":true, "bytesize":23, "value":"rdoc/markup/block_quote", "encoding":"UTF-8", "memsize":40, "flags":{"wb_protected":true, "old":true, "uncollectible":true, "marked":true}}
{"address":"0x7fb1f80171b8", "type":"STRING", "class":"0x7fb1f80b7578", "frozen":true, "embedded":true, "fstring":true, "bytesize":4, "value":"else", "encoding":"US-ASCII", "memsize":40, "flags":{"wb_protected":true, "old":true, "uncollectible":true, "marked":true}}
{"address":"0x7fb1f80171e0", "type":"STRING", "class":"0x7fb1f80b7578", "frozen":true, "bytesize":36, "capacity":63, "value":"/Users/rschneeman/.rubies/ruby-2.7.1", "memsize":104, "flags":{"wb_protected":true, "old":true, "uncollectible":true, "marked":true}}
{"address":"0x7fb1f8017208", "type":"STRING", "class":"0x7fb1f80b7578", "frozen":true, "embedded":true, "fstring":true, "bytesize":22, "value":"rdoc/markup/blank_line", "encoding":"UTF-8", "memsize":40, "flags":{"wb_protected":true, "old":true, "uncollectible":true, "marked":true}}
{"address":"0x7fb1f8017258", "type":"STRING", "class":"0x7fb1f80b7578", "frozen":true, "embedded":true, "fstring":true, "bytesize":22, "value":"rdoc/markup/attributes", "encoding":"UTF-8", "memsize":40, "flags":{"wb_protected":true, "old":true, "uncollectible":true, "marked":true}}
{"address":"0x7fb1f8017280", "type":"STRING", "class":"0x7fb1f80b7578", "frozen":true, "embedded":true, "fstring":true, "bytesize":4, "value":"RUBY", "encoding":"US-ASCII", "memsize":40, "flags":{"wb_protected":true, "old":true, "uncollectible":true, "marked":true}}
{"address":"0x7fb1f80172a8", "type":"STRING", "class":"0x7fb1f80b7578", "frozen":true, "embedded":true, "fstring":true, "bytesize":9, "value":"*.gemspec", "encoding":"UTF-8", "memsize":40, "flags":{"wb_protected":true, "old":true, "uncollectible":true, "marked":true}}
{"address":"0x7fb1f80172d0", "type":"STRING", "class":"0x7fb1f80b7578", "frozen":true, "embedded":true, "fstring":true, "bytesize":8, "value":"Platform", "encoding":"US-ASCII", "memsize":40, "flags":{"wb_protected":true, "old":true, "uncollectible":true, "marked":true}}
{"address":"0x7fb1f80172f8", "type":"STRING", "class":"0x7fb1f80b7578", "frozen":true, "fstring":true, "bytesize":31, "value":"reset_nil_attributes_to_default", "encoding":"US-ASCII", "memsize":72, "flags":{"wb_protected":true, "old":true, "uncollectible":true, "marked":true}}
{"address":"0x7fb1f8017348", "type":"STRING", "class":"0x7fb1f80b7578", "frozen":true, "fstring":true, "bytesize":29, "capacity":32, "value":"rdoc/markup/attribute_manager", "encoding":"UTF-8", "memsize":73, "flags":{"wb_protected":true, "old":true, "uncollectible":true, "marked":true}}
{"address":"0x7fb1f8017398", "type":"IMEMO", "imemo_type":"iseq", "references":["0x7fb1f80173c0", "0x7fb1f803e5d8", "0x7fb1f808c788", "0x7fb1f8017438"], "memsize":840, "flags":{"wb_protected":true, "old":true, "uncollectible":true, "marked":true}}
{"address":"0x7fb1f80173c0", "type":"STRING", "class":"0x7fb1f80b7578", "frozen":true, "fstring":true, "bytesize":32, "value":"block (2 levels) in each_gemspec", "memsize":73, "flags":{"wb_protected":true, "old":true, "uncollectible":true, "marked":true}}
{"address":"0x7fb1f80173e8", "type":"STRING", "class":"0x7fb1f80b7578", "frozen":true, "embedded":true, "fstring":true, "bytesize":21, "value":"rdoc/markup/attr_span", "encoding":"UTF-8", "memsize":40, "flags":{"wb_protected":true, "old":true, "uncollectible":true, "marked":true}}
{"address":"0x7fb1f8017410", "type":"SYMBOL", "class":"0x7fb1f80b4170", "frozen":true, "bytesize":8, "value":"defined?", "memsize":40, "flags":{"wb_protected":true, "old":true, "uncollectible":true, "marked":true}}
{"address":"0x7fb1f8017438", "type":"IMEMO", "imemo_type":"iseq", "references":["0x7fb1f80172a8", "0x7fb1f8017398", "0x7fb1f8017460", "0x7fb1f803e5d8", "0x7fb1f808c788", "0x7fb1f80174b0", "0x7fb1f8017398"], "memsize":896, "flags":{"wb_protected":true, "old":true, "uncollectible":true, "marked":true}}
{"address":"0x7fb1f8017460", "type":"STRING", "class":"0x7fb1f80b7578", "frozen":true, "embedded":true, "fstring":true, "bytesize":21, "value":"block in each_gemspec", "memsize":40, "flags":{"wb_protected":true, "old":true, "uncollectible":true, "marked":true}}
{"address":"0x7fb1f8017488", "type":"STRING", "class":"0x7fb1f80b7578", "frozen":true, "fstring":true, "bytesize":24, "capacity":27, "value":"rdoc/markup/attr_changer", "encoding":"UTF-8", "memsize":68, "flags":{"wb_protected":true, "old":true, "uncollectible":true, "marked":true}}
{"address":"0x7fb1f80174b0", "type":"IMEMO", "imemo_type":"iseq", "references":["0x7fb1f8017438", "0x7fb1f803e5d8", "0x7fb1f803e5d8", "0x7fb1f808c788", "0x7fb1f8017438"], "memsize":564, "flags":{"wb_protected":true, "old":true, "uncollectible":true, "marked":true}}
{"address":"0x7fb1f80174d8", "type":"STRING", "class":"0x7fb1f80b7578", "frozen":true, "embedded":true, "fstring":true, "bytesize":18, "value":"EndOfYAMLException", "encoding":"US-ASCII", "memsize":40, "flags":{"wb_protected":true, "old":true, "uncollectible":true, "marked":true}}
{"address":"0x7fb1f8017500", "type":"STRING", "class":"0x7fb1f80b7578", "frozen":true, "embedded":true, "fstring":true, "bytesize":8, "value":"defined?", "encoding":"US-ASCII", "memsize":40, "flags":{"wb_protected":true, "old":true, "uncollectible":true, "marked":true}}
{"address":"0x7fb1f8017528", "type":"STRING", "class":"0x7fb1f80b7578", "frozen":true, "embedded":true, "fstring":true, "bytesize":9, "value":"platforms", "encoding":"US-ASCII", "memsize":40, "flags":{"wb_protected":true, "old":true, "uncollectible":true, "marked":true}}
{"address":"0x7fb1f8017550", "type":"STRING", "class":"0x7fb1f80b7578", "frozen":true, "embedded":true, "fstring":true, "bytesize":11, "value":"rdoc/markup", "encoding":"UTF-8", "memsize":40, "flags":{"wb_protected":true, "old":true, "uncollectible":true, "marked":true}}
{"address":"0x7fb1f8017578", "type":"STRING", "class":"0x7fb1f80b7578", "frozen":true, "embedded":true, "fstring":true, "bytesize":10, "value":"platforms=", "encoding":"US-ASCII", "memsize":40, "flags":{"wb_protected":true, "old":true, "uncollectible":true, "marked":true}}
{"address":"0x7fb1f80175a0", "type":"STRING", "class":"0x7fb1f80b7578", "frozen":true, "fstring":true, "bytesize":32, "value":"https://github.com/ruby/stringio", "encoding":"UTF-8", "memsize":73, "flags":{"wb_protected":true, "old":true, "uncollectible":true, "marked":true}}
{"address":"0x7fb1f80175c8", "type":"STRING", "class":"0x7fb1f80b7578", "frozen":true, "embedded":true, "fstring":true, "bytesize":15, "value":"stringio.bundle", "encoding":"UTF-8", "memsize":40, "flags":{"wb_protected":true, "old":true, "uncollectible":true, "marked":true}}
{"address":"0x7fb1f80175f0", "type":"STRING", "class":"0x7fb1f80b7578", "frozen":true, "embedded":true, "fstring":true, "bytesize":9, "value":"safe_load", "encoding":"US-ASCII", "memsize":40, "flags":{"wb_protected":true, "old":true, "uncollectible":true, "marked":true}}
{"address":"0x7fb1f8017618", "type":"STRING", "class":"0x7fb1f80b7578", "frozen":true, "embedded":true, "fstring":true, "bytesize":22, "value":"rdoc/markdown/literals", "encoding":"UTF-8", "memsize":40, "flags":{"wb_protected":true, "old":true, "uncollectible":true, "marked":true}}
{"address":"0x7fb1f8017640", "type":"STRING", "class":"0x7fb1f80b7578", "frozen":true, "embedded":true, "fstring":true, "bytesize":8, "value":"SafeYAML", "encoding":"US-ASCII", "memsize":40, "flags":{"wb_protected":true, "old":true, "uncollectible":true, "marked":true}}
{"address":"0x7fb1f8017668", "type":"IMEMO", "imemo_type":"iseq", "references":["0x7fb1f8017690", "0x7fb1f803ea60", "0x7fb1f808c788", "0x7fb1f8017708"], "memsize":680, "flags":{"wb_protected":true, "old":true, "uncollectible":true, "marked":true}}
{"address":"0x7fb1f8017690", "type":"STRING", "class":"0x7fb1f80b7578", "frozen":true, "fstring":true, "bytesize":26, "value":"block in _clear_load_cache", "memsize":67, "flags":{"wb_protected":true, "old":true, "uncollectible":true, "marked":true}}
{"address":"0x7fb1f80176b8", "type":"STRING", "class":"0x7fb1f80b7578", "frozen":true, "embedded":true, "fstring":true, "bytesize":20, "value":"normalize_yaml_input", "encoding":"US-ASCII", "memsize":40, "flags":{"wb_protected":true, "old":true, "uncollectible":true, "marked":true}}
{"address":"0x7fb1f80176e0", "type":"STRING", "class":"0x7fb1f80b7578", "frozen":true, "embedded":true, "fstring":true, "bytesize":23, "value":"ext/stringio/extconf.rb", "encoding":"UTF-8", "memsize":40, "flags":{"wb_protected":true, "old":true, "uncollectible":true, "marked":true}}
{"address":"0x7fb1f8017708", "type":"IMEMO", "imemo_type":"iseq", "references":["0x7fb1f8017668", "0x7fb1f803ea60", "0x7fb1f803ea60", "0x7fb1f808c788", "0x7fb1f8017668"], "memsize":636, "flags":{"wb_protected":true, "old":true, "uncollectible":true, "marked":true}}
{"address":"0x7fb1f8017730", "type":"STRING", "class":"0x7fb1f80b7578", "frozen":true, "embedded":true, "fstring":true, "bytesize":22, "value":"rdoc/markdown/entities", "encoding":"UTF-8", "memsize":40, "flags":{"wb_protected":true, "old":true, "uncollectible":true, "marked":true}}
{"address":"0x7fb1f8017758", "type":"STRING", "class":"0x7fb1f80b7578", "frozen":true, "embedded":true, "fstring":true, "bytesize":18, "value":"nobu@ruby-lang.org", "encoding":"UTF-8", "memsize":40, "flags":{"wb_protected":true, "old":true, "uncollectible":true, "marked":true}}
{"address":"0x7fb1f8017780", "type":"STRING", "class":"0x7fb1f80b7578", "frozen":true, "embedded":true, "fstring":true, "bytesize":15, "value":"marshal_version", "encoding":"US-ASCII", "memsize":40, "flags":{"wb_protected":true, "old":true, "uncollectible":true, "marked":true}}
{"address":"0x7fb1f80177a8", "type":"STRING", "class":"0x7fb1f80b7578", "frozen":true, "embedded":true, "fstring":true, "bytesize":13, "value":"rdoc/markdown", "encoding":"UTF-8", "memsize":40, "flags":{"wb_protected":true, "old":true, "uncollectible":true, "marked":true}}
{"address":"0x7fb1f80177d0", "type":"STRING", "class":"0x7fb1f80b7578", "frozen":true, "embedded":true, "fstring":true, "bytesize":5, "value":"input", "encoding":"US-ASCII", "memsize":40, "flags":{"wb_protected":true, "old":true, "uncollectible":true, "marked":true}}
{"address":"0x7fb1f80177f8", "type":"STRING", "class":"0x7fb1f80b7578", "frozen":true, "embedded":true, "fstring":true, "bytesize":4, "value":"wrap", "encoding":"US-ASCII", "memsize":40, "flags":{"wb_protected":true, "old":true, "uncollectible":true, "marked":true}}
{"address":"0x7fb1f8017820", "type":"STRING", "class":"0x7fb1f80b7578", "frozen":true, "embedded":true, "fstring":true, "bytesize":9, "value":"from_yaml", "encoding":"US-ASCII", "memsize":40, "flags":{"wb_protected":true, "old":true, "uncollectible":true, "marked":true}}
{"address":"0x7fb1f8017848", "type":"STRING", "class":"0x7fb1f80b7578", "frozen":true, "fstring":true, "bytesize":35, "value":"Pseudo `IO` class from/to `String`.", "encoding":"UTF-8", "memsize":76, "flags":{"wb_protected":true, "old":true, "uncollectible":true, "marked":true}}
{"address":"0x7fb1f8017870", "type":"IMEMO", "imemo_type":"iseq", "references":["0x7fb1f80179d8", "0x7fb1f803f118", "0x7fb1f808c788", "0x7fb1f8017a78"], "memsize":840, "flags":{"wb_protected":true, "old":true, "uncollectible":true, "marked":true}}
{"address":"0x7fb1f8017898", "type":"STRING", "class":"0x7fb1f80b7578", "frozen":true, "embedded":true, "fstring":true, "bytesize":10, "value":"GzipWriter", "encoding":"US-ASCII", "memsize":40, "flags":{"wb_protected":true, "old":true, "uncollectible":true, "marked":true}}
{"address":"0x7fb1f80178c0", "type":"STRING", "class":"0x7fb1f80b7578", "frozen":true, "embedded":true, "fstring":true, "bytesize":11, "value":"Nobu Nakada", "encoding":"UTF-8", "memsize":40, "flags":{"wb_protected":true, "old":true, "uncollectible":true, "marked":true}}
{"address":"0x7fb1f80178e8", "type":"STRING", "class":"0x7fb1f80b7578", "frozen":true, "embedded":true, "fstring":true, "bytesize":18, "value":"rdoc/known_classes", "encoding":"UTF-8", "memsize":40, "flags":{"wb_protected":true, "old":true, "uncollectible":true, "marked":true}}
{"address":"0x7fb1f8017960", "type":"STRING", "class":"0x7fb1f80b7578", "frozen":true, "embedded":true, "fstring":true, "bytesize":12, "value":"rdoc/include", "encoding":"UTF-8", "memsize":40, "flags":{"wb_protected":true, "old":true, "uncollectible":true, "marked":true}}
{"address":"0x7fb1f8017988", "type":"STRING", "class":"0x7fb1f80b7578", "frozen":true, "embedded":true, "fstring":true, "bytesize":15, "value":"(.*?):(\\d+).*?$", "encoding":"US-ASCII", "memsize":40, "flags":{"wb_protected":true, "old":true, "uncollectible":true, "marked":true}}
{"address":"0x7fb1f80179b0", "type":"IMEMO", "imemo_type":"iseq", "references":["0x7fb1f80179d8", "0x7fb1f803f118", "0x7fb1f808c788", "0x7fb1f8017a78"], "memsize":672, "flags":{"wb_protected":true, "old":true, "uncollectible":true, "marked":true}}
{"address":"0x7fb1f80179d8", "type":"STRING", "class":"0x7fb1f80b7578", "frozen":true, "embedded":true, "fstring":true, "bytesize":13, "value":"block in _all", "memsize":40, "flags":{"wb_protected":true, "old":true, "uncollectible":true, "marked":true}}
{"address":"0x7fb1f8017a00", "type":"REGEXP", "class":"0x7fb1f808ea60", "references":["0x7fb1f8017988"], "memsize":609, "flags":{"wb_protected":true, "old":true, "uncollectible":true, "marked":true}}
{"address":"0x7fb1f8017a50", "type":"SYMBOL", "class":"0x7fb1f80b4170", "frozen":true, "bytesize":3, "value":"def", "memsize":40, "flags":{"wb_protected":true, "old":true, "uncollectible":true, "marked":true}}
{"address":"0x7fb1f8017a78", "type":"IMEMO", "imemo_type":"iseq", "references":["0x7fb1f80179b0", "0x7fb1f8017870", "0x7fb1f803f118", "0x7fb1f803f118", "0x7fb1f808c788", "0x7fb1f80179b0", "0x7fb1f8017870"], "memsize":1436, "flags":{"wb_protected":true, "old":true, "uncollectible":true, "marked":true}}
{"address":"0x7fb1f8017aa0", "type":"IMEMO", "imemo_type":"iseq", "references":["0x7fb1f80445a0", "0x7fb1f80445a0", "0x7fb1f808c788"], "memsize":564, "flags":{"wb_protected":true, "old":true, "uncollectible":true, "marked":true}}
{"address":"0x7fb1f8017ac8", "type":"STRING", "class":"0x7fb1f80b7578", "frozen":true, "embedded":true, "fstring":true, "bytesize":5, "value":"depth", "encoding":"US-ASCII", "memsize":40, "flags":{"wb_protected":true, "old":true, "uncollectible":true, "marked":true}}
{"address":"0x7fb1f8017af0", "type":"IMEMO", "imemo_type":"iseq", "references":["0x7fb1f802c040", "0x7fb1f802c040", "0x7fb1f808c788"], "memsize":564, "flags":{"wb_protected":true, "old":true, "uncollectible":true, "marked":true}}
{"address":"0x7fb1f8017b18", "type":"STRING", "class":"0x7fb1f80b7578", "frozen":true, "embedded":true, "fstring":true, "bytesize":18, "value":"location_of_caller", "encoding":"US-ASCII", "memsize":40, "flags":{"wb_protected":true, "old":true, "uncollectible":true, "marked":true}}
{"address":"0x7fb1f8017b40", "type":"STRING", "class":"0x7fb1f80b7578", "frozen":true, "embedded":true, "fstring":true, "bytesize":14, "value":"rdoc/i18n/text", "encoding":"UTF-8", "memsize":40, "flags":{"wb_protected":true, "old":true, "uncollectible":true, "marked":true}}
{"address":"0x7fb1f8017b68", "type":"IMEMO", "imemo_type":"iseq", "references":["0x7fb1f8045018", "0x7fb1f8045018", "0x7fb1f808c788"], "memsize":684, "flags":{"wb_protected":true, "old":true, "uncollectible":true, "marked":true}}
{"address":"0x7fb1f8017b90", "type":"STRING", "class":"0x7fb1f80b7578", "frozen":true, "embedded":true, "fstring":true, "bytesize":3, "value":"def", "encoding":"US-ASCII", "memsize":40, "flags":{"wb_protected":true, "old":true, "uncollectible":true, "marked":true}}
{"address":"0x7fb1f8017bb8", "type":"IMEMO", "imemo_type":"iseq", "references":["0x7fb1f80453b0", "0x7fb1f80453b0", "0x7fb1f808c788"], "memsize":684, "flags":{"wb_protected":true, "old":true, "uncollectible":true, "marked":true}}
{"address":"0x7fb1f8017be0", "type":"IMEMO", "imemo_type":"iseq", "references":["0x7fb1f8077310", "0x7fb1f8077310", "0x7fb1f808c788"], "memsize":564, "flags":{"wb_protected":true, "old":true, "uncollectible":true, "marked":true}}
{"address":"0x7fb1f8017c08", "type":"IMEMO", "imemo_type":"iseq", "references":["0x7fb1f80461c0", "0x7fb1f80461c0", "0x7fb1f808c788"], "memsize":684, "flags":{"wb_protected":true, "old":true, "uncollectible":true, "marked":true}}
{"address":"0x7fb1f8017c30", "type":"IMEMO", "imemo_type":"iseq", "references":["0x7fb1f8046558", "0x7fb1f8046558", "0x7fb1f808c788"], "memsize":780, "flags":{"wb_protected":true, "old":true, "uncollectible":true, "marked":true}}
{"address":"0x7fb1f8017c58", "type":"IMEMO", "imemo_type":"iseq", "references":["0x7fb1f8077d60", "0x7fb1f8077d60", "0x7fb1f808c788"], "memsize":564, "flags":{"wb_protected":true, "old":true, "uncollectible":true, "marked":true}}
{"address":"0x7fb1f8017c80", "type":"STRING", "class":"0x7fb1f80b7578", "frozen":true, "fstring":true, "bytesize":26, "value":"conficts_when_loaded_with?", "encoding":"US-ASCII", "memsize":67, "flags":{"wb_protected":true, "old":true, "uncollectible":true, "marked":true}}
{"address":"0x7fb1f8017ca8", "type":"IMEMO", "imemo_type":"iseq", "references":["0x7fb1f8077ef0", "0x7fb1f8077ef0", "0x7fb1f808c788"], "memsize":564, "flags":{"wb_protected":true, "old":true, "uncollectible":true, "marked":true}}
{"address":"0x7fb1f8017cd0", "type":"STRING", "class":"0x7fb1f80b7578", "frozen":true, "embedded":true, "fstring":true, "bytesize":14, "value":"has_conflicts?", "encoding":"US-ASCII", "memsize":40, "flags":{"wb_protected":true, "old":true, "uncollectible":true, "marked":true}}
{"address":"0x7fb1f8017cf8", "type":"IMEMO", "imemo_type":"iseq", "references":["0x7fb1f80278b0", "0x7fb1f80278b0", "0x7fb1f808c788"], "memsize":564, "flags":{"wb_protected":true, "old":true, "uncollectible":true, "marked":true}}
{"address":"0x7fb1f8017d20", "type":"IMEMO", "imemo_type":"iseq", "references":["0x7fb1f804c2f0", "0x7fb1f804c2f0", "0x7fb1f808c788"], "memsize":548, "flags":{"wb_protected":true, "old":true, "uncollectible":true, "marked":true}}
{"address":"0x7fb1f8017d70", "type":"STRING", "class":"0x7fb1f80b7578", "frozen":true, "embedded":true, "fstring":true, "bytesize":5, "value":"trail", "encoding":"US-ASCII", "memsize":40, "flags":{"wb_protected":true, "old":true, "uncollectible":true, "marked":true}}
{"address":"0x7fb1f8017d98", "type":"IMEMO", "imemo_type":"iseq", "references":["0x7fb1f804c778", "0x7fb1f804c778", "0x7fb1f808c788"], "memsize":548, "flags":{"wb_protected":true, "old":true, "uncollectible":true, "marked":true}}
{"address":"0x7fb1f8017dc0", "type":"STRING", "class":"0x7fb1f80b7578", "frozen":true, "embedded":true, "fstring":true, "bytesize":9, "value":"from_spec", "encoding":"US-ASCII", "memsize":40, "flags":{"wb_protected":true, "old":true, "uncollectible":true, "marked":true}}
{"address":"0x7fb1f8017de8", "type":"IMEMO", "imemo_type":"iseq", "references":["0x7fb1f804d358", "0x7fb1f804d358", "0x7fb1f808c788"], "memsize":564, "flags":{"wb_protected":true, "old":true, "uncollectible":true, "marked":true}}
{"address":"0x7fb1f8017e10", "type":"STRING", "class":"0x7fb1f80b7578", "frozen":true, "embedded":true, "fstring":true, "bytesize":8, "value":"traverse", "encoding":"US-ASCII", "memsize":40, "flags":{"wb_protected":true, "old":true, "uncollectible":true, "marked":true}}
{"address":"0x7fb1f8017e38", "type":"STRING", "class":"0x7fb1f80b7578", "frozen":true, "embedded":true, "fstring":true, "bytesize":10, "value":"ppc-darwin", "encoding":"UTF-8", "memsize":40, "flags":{"wb_protected":true, "old":true, "uncollectible":true, "marked":true}}
{"address":"0x7fb1f8017e60", "type":"STRING", "class":"0x7fb1f80b7578", "frozen":true, "embedded":true, "fstring":true, "bytesize":9, "value":"x86-linux", "encoding":"UTF-8", "memsize":40, "flags":{"wb_protected":true, "old":true, "uncollectible":true, "marked":true}}
{"address":"0x7fb1f8017e88", "type":"STRING", "class":"0x7fb1f80b7578", "frozen":true, "embedded":true, "fstring":true, "bytesize":16, "value":"rdoc/i18n/locale", "encoding":"UTF-8", "memsize":40, "flags":{"wb_protected":true, "old":true, "uncollectible":true, "marked":true}}
{"address":"0x7fb1f8017eb0", "type":"STRING", "class":"0x7fb1f80b7578", "frozen":true, "embedded":true, "fstring":true, "bytesize":11, "value":"x86-mswin32", "encoding":"UTF-8", "memsize":40, "flags":{"wb_protected":true, "old":true, "uncollectible":true, "marked":true}}
{"address":"0x7fb1f8017ed8", "type":"STRING", "class":"0x7fb1f80b7578", "frozen":true, "embedded":true, "fstring":true, "bytesize":6, "value":"zipped", "encoding":"US-ASCII", "memsize":40, "flags":{"wb_protected":true, "old":true, "uncollectible":true, "marked":true}}
{"address":"0x7fb1f8017f50", "type":"IMEMO", "imemo_type":"iseq", "references":["0x7fb1f80542e8", "0x7fb1f804fe78", "0x7fb1f804fa18", "0x7fb1f8017eb0", "0x7fb1f8017e60", "0x7fb1f8017e38", "0x7fb1f8055620", "0x7fb1f8055620", "0x7fb1f808c788"], "memsize":4352, "flags":{"wb_protected":true, "old":true, "uncollectible":true, "marked":true}}
{"address":"0x7fb1f8017f78", "type":"STRING", "class":"0x7fb1f80b7578", "frozen":true, "embedded":true, "fstring":true, "bytesize":9, "value":"rdoc/i18n", "encoding":"UTF-8", "memsize":40, "flags":{"wb_protected":true, "old":true, "uncollectible":true, "marked":true}}
{"address":"0x7fb1f8017fa0", "type":"STRING", "class":"0x7fb1f80b7578", "frozen":true, "embedded":true, "fstring":true, "bytesize":23, "value":"find_in_unresolved_tree", "encoding":"US-ASCII", "memsize":40, "flags":{"wb_protected":true, "old":true, "uncollectible":true, "marked":true}}
{"address":"0x7fb1f801c050", "type":"SYMBOL", "class":"0x7fb1f80b4170", "frozen":true, "bytesize":4, "value":"case", "memsize":40, "flags":{"wb_protected":true, "old":true, "uncollectible":true, "marked":true}}
{"address":"0x7fb1f801c078", "type":"STRING", "class":"0x7fb1f80b7578", "frozen":true, "bytesize":71, "capacity":127, "value":"/Users/rschneeman/.rubies/ruby-2.7.1/include/ruby-2.7.0/x86_64-darwin17", "memsize":168, "flags":{"wb_protected":true, "old":true, "uncollectible":true, "marked":true}}
{"address":"0x7fb1f801c0a0", "type":"STRING", "class":"0x7fb1f80b7578", "frozen":true, "embedded":true, "fstring":true, "bytesize":17, "value":"rdoc/ghost_method", "encoding":"UTF-8", "memsize":40, "flags":{"wb_protected":true, "old":true, "uncollectible":true, "marked":true}}
{"address":"0x7fb1f801c0c8", "type":"STRING", "class":"0x7fb1f80b7578", "frozen":true, "embedded":true, "fstring":true, "bytesize":4, "value":"case", "encoding":"US-ASCII", "memsize":40, "flags":{"wb_protected":true, "old":true, "uncollectible":true, "marked":true}}
{"address":"0x7fb1f801c118", "type":"STRING", "class":"0x7fb1f80b7578", "frozen":true, "embedded":true, "fstring":true, "bytesize":17, "value":"rdoc/generator/ri", "encoding":"UTF-8", "memsize":40, "flags":{"wb_protected":true, "old":true, "uncollectible":true, "marked":true}}
{"address":"0x7fb1f801c190", "type":"STRING", "class":"0x7fb1f80b7578", "frozen":true, "fstring":true, "bytesize":27, "capacity":30, "value":"rdoc/generator/pot/po_entry", "encoding":"UTF-8", "memsize":71, "flags":{"wb_protected":true, "old":true, "uncollectible":true, "marked":true}}
{"address":"0x7fb1f801c1b8", "type":"SYMBOL", "class":"0x7fb1f80b4170", "frozen":true, "bytesize":5, "value":"break", "memsize":40, "flags":{"wb_protected":true, "old":true, "uncollectible":true, "marked":true}}
{"address":"0x7fb1f801c1e0", "type":"STRING", "class":"0x7fb1f80b7578", "frozen":true, "embedded":true, "fstring":true, "bytesize":21, "value":"rdoc/generator/pot/po", "encoding":"UTF-8", "memsize":40, "flags":{"wb_protected":true, "old":true, "uncollectible":true, "marked":true}}
{"address":"0x7fb1f801c208", "type":"STRING", "class":"0x7fb1f80b7578", "frozen":true, "embedded":true, "fstring":true, "bytesize":5, "value":"break", "encoding":"US-ASCII", "memsize":40, "flags":{"wb_protected":true, "old":true, "uncollectible":true, "marked":true}}
{"address":"0x7fb1f801c230", "type":"STRING", "class":"0x7fb1f80b7578", "frozen":true, "fstring":true, "bytesize":36, "capacity":39, "value":"rdoc/generator/pot/message_extractor", "encoding":"UTF-8", "memsize":80, "flags":{"wb_protected":true, "old":true, "uncollectible":true, "marked":true}}
{"address":"0x7fb1f801c280", "type":"STRING", "class":"0x7fb1f80b7578", "frozen":true, "embedded":true, "fstring":true, "bytesize":7, "value":"yamler=", "encoding":"US-ASCII", "memsize":40, "flags":{"wb_protected":true, "old":true, "uncollectible":true, "marked":true}}
{"address":"0x7fb1f801c2a8", "type":"STRING", "class":"0x7fb1f80b7578", "frozen":true, "embedded":true, "fstring":true, "bytesize":8, "value":"to_specs", "encoding":"US-ASCII", "memsize":40, "flags":{"wb_protected":true, "old":true, "uncollectible":true, "marked":true}}
{"address":"0x7fb1f801c2d0", "type":"STRING", "class":"0x7fb1f80b7578", "frozen":true, "embedded":true, "fstring":true, "bytesize":18, "value":"rdoc/generator/pot", "encoding":"UTF-8", "memsize":40, "flags":{"wb_protected":true, "old":true, "uncollectible":true, "marked":true}}
{"address":"0x7fb1f801c348", "type":"STRING", "class":"0x7fb1f80b7578", "frozen":true, "embedded":true, "fstring":true, "bytesize":6, "value":"yamler", "encoding":"US-ASCII", "memsize":40, "flags":{"wb_protected":true, "old":true, "uncollectible":true, "marked":true}}
{"address":"0x7fb1f801c370", "type":"STRING", "class":"0x7fb1f80b7578", "frozen":true, "embedded":true, "fstring":true, "bytesize":17, "value":"raw_require_paths", "encoding":"US-ASCII", "memsize":40, "flags":{"wb_protected":true, "old":true, "uncollectible":true, "marked":true}}
{"address":"0x7fb1f801c398", "type":"STRING", "class":"0x7fb1f80b7578", "frozen":true, "embedded":true, "fstring":true, "bytesize":6, "value":"ENGINE", "encoding":"US-ASCII", "memsize":40, "flags":{"wb_protected":true, "old":true, "uncollectible":true, "marked":true}}
{"address":"0x7fb1f801c3c0", "type":"STRING", "class":"0x7fb1f80b7578", "frozen":true, "embedded":true, "fstring":true, "bytesize":21, "value":"rdoc/generator/markup", "encoding":"UTF-8", "memsize":40, "flags":{"wb_protected":true, "old":true, "uncollectible":true, "marked":true}}
{"address":"0x7fb1f801c3e8", "type":"STRING", "class":"0x7fb1f80b7578", "frozen":true, "embedded":true, "fstring":true, "bytesize":4, "value":"YAML", "encoding":"US-ASCII", "memsize":40, "flags":{"wb_protected":true, "old":true, "uncollectible":true, "marked":true}}
{"address":"0x7fb1f801c410", "type":"STRING", "class":"0x7fb1f80b7578", "frozen":true, "embedded":true, "fstring":true, "bytesize":18, "value":"find_in_unresolved", "encoding":"US-ASCII", "memsize":40, "flags":{"wb_protected":true, "old":true, "uncollectible":true, "marked":true}}
{"address":"0x7fb1f801c460", "type":"STRING", "class":"0x7fb1f80b7578", "frozen":true, "fstring":true, "bytesize":25, "capacity":28, "value":"rdoc/generator/json_index", "encoding":"UTF-8", "memsize":69, "flags":{"wb_protected":true, "old":true, "uncollectible":true, "marked":true}}
{"address":"0x7fb1f801c4b0", "type":"STRING", "class":"0x7fb1f80b7578", "frozen":true, "embedded":true, "fstring":true, "bytesize":23, "value":"rdoc/generator/darkfish", "encoding":"UTF-8", "memsize":40, "flags":{"wb_protected":true, "old":true, "uncollectible":true, "marked":true}}
{"address":"0x7fb1f801c500", "type":"STRING", "class":"0x7fb1f80b7578", "frozen":true, "embedded":true, "fstring":true, "bytesize":6, "value":"PREFIX", "encoding":"US-ASCII", "memsize":40, "flags":{"wb_protected":true, "old":true, "uncollectible":true, "marked":true}}
{"address":"0x7fb1f801c528", "type":"STRING", "class":"0x7fb1f80b7578", "frozen":true, "embedded":true, "fstring":true, "bytesize":14, "value":"rdoc/generator", "encoding":"UTF-8", "memsize":40, "flags":{"wb_protected":true, "old":true, "uncollectible":true, "marked":true}}
{"address":"0x7fb1f801c550", "type":"STRING", "class":"0x7fb1f80b7578", "frozen":true, "bytesize":81, "capacity":127, "value":"/Users/rschneeman/.rubies/ruby-2.7.1/include/ruby-2.7.0/site_ruby/x86_64-darwin17", "memsize":168, "flags":{"wb_protected":true, "old":true, "uncollectible":true, "marked":true}}
{"address":"0x7fb1f801c5c8", "type":"STRING", "class":"0x7fb1f80b7578", "frozen":true, "embedded":true, "fstring":true, "bytesize":11, "value":"rdoc/extend", "encoding":"UTF-8", "memsize":40, "flags":{"wb_protected":true, "old":true, "uncollectible":true, "marked":true}}
{"address":"0x7fb1f801c5f0", "type":"SYMBOL", "class":"0x7fb1f80b4170", "frozen":true, "bytesize":5, "value":"alias", "memsize":40, "flags":{"wb_protected":true, "old":true, "uncollectible":true, "marked":true}}
{"address":"0x7fb1f801c618", "type":"STRING", "class":"0x7fb1f80b7578", "frozen":true, "embedded":true, "fstring":true, "bytesize":5, "value":"alias", "encoding":"US-ASCII", "memsize":40, "flags":{"wb_protected":true, "old":true, "uncollectible":true, "marked":true}}
{"address":"0x7fb1f801c640", "type":"STRING", "class":"0x7fb1f80b7578", "frozen":true, "embedded":true, "fstring":true, "bytesize":10, "value":"rdoc/erbio", "encoding":"UTF-8", "memsize":40, "flags":{"wb_protected":true, "old":true, "uncollectible":true, "marked":true}}
{"address":"0x7fb1f801c668", "type":"STRING", "class":"0x7fb1f80b7578", "frozen":true, "fstring":true, "bytesize":102, "capacity":158, "value":"/Users/rschneeman/.rubies/ruby-2.7.1/lib/ruby/gems/2.7.0/specifications/default/net-smtp-0.1.0.gemspec", "encoding":"US-ASCII", "memsize":199, "flags":{"wb_protected":true, "old":true, "uncollectible":true, "marked":true}}
{"address":"0x7fb1f801c6b8", "type":"STRING", "class":"0x7fb1f80b7578", "frozen":true, "fstring":true, "bytesize":24, "value":"find_active_stub_by_path", "encoding":"US-ASCII", "memsize":65, "flags":{"wb_protected":true, "old":true, "uncollectible":true, "marked":true}}
{"address":"0x7fb1f801c6e0", "type":"STRING", "class":"0x7fb1f80b7578", "frozen":true, "bytesize":65, "capacity":127, "value":"/Users/rschneeman/.rubies/ruby-2.7.1/include/ruby-2.7.0/site_ruby", "memsize":168, "flags":{"wb_protected":true, "old":true, "uncollectible":true, "marked":true}}
{"address":"0x7fb1f801c708", "type":"STRING", "class":"0x7fb1f80b7578", "frozen":true, "embedded":true, "fstring":true, "bytesize":16, "value":"rdoc/erb_partial", "encoding":"UTF-8", "memsize":40, "flags":{"wb_protected":true, "old":true, "uncollectible":true, "marked":true}}
{"address":"0x7fb1f801c780", "type":"STRING", "class":"0x7fb1f80b7578", "frozen":true, "embedded":true, "fstring":true, "bytesize":13, "value":"rdoc/encoding", "encoding":"UTF-8", "memsize":40, "flags":{"wb_protected":true, "old":true, "uncollectible":true, "marked":true}}
{"address":"0x7fb1f801c7d0", "type":"STRING", "class":"0x7fb1f80b7578", "frozen":true, "embedded":true, "fstring":true, "bytesize":3, "value":"gem", "encoding":"US-ASCII", "memsize":40, "flags":{"wb_protected":true, "old":true, "uncollectible":true, "marked":true}}
{"address":"0x7fb1f801c820", "type":"STRING", "class":"0x7fb1f80b7578", "frozen":true, "embedded":true, "fstring":true, "bytesize":20, "value":"rdoc/cross_reference", "encoding":"UTF-8", "memsize":40, "flags":{"wb_protected":true, "old":true, "uncollectible":true, "marked":true}}
{"address":"0x7fb1f801c848", "type":"SYMBOL", "class":"0x7fb1f80b4170", "frozen":true, "bytesize":5, "value":"BEGIN", "memsize":40, "flags":{"wb_protected":true, "old":true, "uncollectible":true, "marked":true}}
{"address":"0x7fb1f801c870", "type":"STRING", "class":"0x7fb1f80b7578", "frozen":true, "embedded":true, "fstring":true, "bytesize":5, "value":"BEGIN", "encoding":"US-ASCII", "memsize":40, "flags":{"wb_protected":true, "old":true, "uncollectible":true, "marked":true}}
{"address":"0x7fb1f801c898", "type":"STRING", "class":"0x7fb1f80b7578", "frozen":true, "embedded":true, "fstring":true, "bytesize":9, "value":"load_yaml", "encoding":"US-ASCII", "memsize":40, "flags":{"wb_protected":true, "old":true, "uncollectible":true, "marked":true}}
{"address":"0x7fb1f801c8c0", "type":"STRING", "class":"0x7fb1f80b7578", "frozen":true, "embedded":true, "fstring":true, "bytesize":7, "value":"to_ruby", "encoding":"US-ASCII", "memsize":40, "flags":{"wb_protected":true, "old":true, "uncollectible":true, "marked":true}}
{"address":"0x7fb1f801c8e8", "type":"STRING", "class":"0x7fb1f80b7578", "frozen":true, "embedded":true, "fstring":true, "bytesize":10, "value":"GzipReader", "encoding":"US-ASCII", "memsize":40, "flags":{"wb_protected":true, "old":true, "uncollectible":true, "marked":true}}
{"address":"0x7fb1f801c910", "type":"STRING", "class":"0x7fb1f80b7578", "frozen":true, "embedded":true, "fstring":true, "bytesize":20, "value":"rdoc/context/section", "encoding":"UTF-8", "memsize":40, "flags":{"wb_protected":true, "old":true, "uncollectible":true, "marked":true}}
{"address":"0x7fb1f801c988", "type":"STRING", "class":"0x7fb1f80b7578", "frozen":true, "embedded":true, "fstring":true, "bytesize":21, "value":"find_inactive_by_path", "encoding":"US-ASCII", "memsize":40, "flags":{"wb_protected":true, "old":true, "uncollectible":true, "marked":true}}
{"address":"0x7fb1f801c9b0", "type":"STRING", "class":"0x7fb1f80b7578", "frozen":true, "embedded":true, "fstring":true, "bytesize":12, "value":"@yaml_loaded", "encoding":"US-ASCII", "memsize":40, "flags":{"wb_protected":true, "old":true, "uncollectible":true, "marked":true}}
{"address":"0x7fb1f801c9d8", "type":"STRING", "class":"0x7fb1f80b7578", "frozen":true, "embedded":true, "fstring":true, "bytesize":8, "value":"unzipped", "encoding":"US-ASCII", "memsize":40, "flags":{"wb_protected":true, "old":true, "uncollectible":true, "marked":true}}
{"address":"0x7fb1f801ca00", "type":"STRING", "class":"0x7fb1f80b7578", "frozen":true, "embedded":true, "fstring":true, "bytesize":12, "value":"rdoc/context", "encoding":"UTF-8", "memsize":40, "flags":{"wb_protected":true, "old":true, "uncollectible":true, "marked":true}}
{"address":"0x7fb1f801ca78", "type":"STRING", "class":"0x7fb1f80b7578", "frozen":true, "embedded":true, "fstring":true, "bytesize":13, "value":"rdoc/constant", "encoding":"UTF-8", "memsize":40, "flags":{"wb_protected":true, "old":true, "uncollectible":true, "marked":true}}
{"address":"0x7fb1f801cac8", "type":"STRING", "class":"0x7fb1f80b7578", "frozen":true, "embedded":true, "fstring":true, "bytesize":17, "value":"RB_RESERVED_WORDS", "encoding":"US-ASCII", "memsize":40, "flags":{"wb_protected":true, "old":true, "uncollectible":true, "marked":true}}
{"address":"0x7fb1f801caf0", "type":"STRING", "class":"0x7fb1f80b7578", "frozen":true, "embedded":true, "fstring":true, "bytesize":12, "value":"rdoc/comment", "encoding":"UTF-8", "memsize":40, "flags":{"wb_protected":true, "old":true, "uncollectible":true, "marked":true}}
{"address":"0x7fb1f801cb40", "type":"STRING", "class":"0x7fb1f80b7578", "frozen":true, "bytesize":83, "capacity":127, "value":"/Users/rschneeman/.rubies/ruby-2.7.1/include/ruby-2.7.0/vendor_ruby/x86_64-darwin17", "memsize":168, "flags":{"wb_protected":true, "old":true, "uncollectible":true, "marked":true}}
{"address":"0x7fb1f801cb90", "type":"STRING", "class":"0x7fb1f80b7578", "frozen":true, "embedded":true, "fstring":true, "bytesize":17, "value":"rdoc/code_objects", "encoding":"UTF-8", "memsize":40, "flags":{"wb_protected":true, "old":true, "uncollectible":true, "marked":true}}
{"address":"0x7fb1f801cbe0", "type":"STRING", "class":"0x7fb1f80b7578", "frozen":true, "embedded":true, "fstring":true, "bytesize":12, "value":"insert_index", "encoding":"US-ASCII", "memsize":40, "flags":{"wb_protected":true, "old":true, "uncollectible":true, "marked":true}}
{"address":"0x7fb1f801cc08", "type":"STRING", "class":"0x7fb1f80b7578", "frozen":true, "fstring":true, "bytesize":25, "value":"contains_requirable_file?", "encoding":"US-ASCII", "memsize":66, "flags":{"wb_protected":true, "old":true, "uncollectible":true, "marked":true}}
{"address":"0x7fb1f801cc58", "type":"STRING", "class":"0x7fb1f80b7578", "frozen":true, "embedded":true, "fstring":true, "bytesize":16, "value":"rdoc/code_object", "encoding":"UTF-8", "memsize":40, "flags":{"wb_protected":true, "old":true, "uncollectible":true, "marked":true}}
{"address":"0x7fb1f801cc80", "type":"STRING", "class":"0x7fb1f80b7578", "frozen":true, "embedded":true, "fstring":true, "bytesize":16, "value":"add_to_load_path", "encoding":"US-ASCII", "memsize":40, "flags":{"wb_protected":true, "old":true, "uncollectible":true, "marked":true}}
{"address":"0x7fb1f801ccf8", "type":"STRING", "class":"0x7fb1f80b7578", "frozen":true, "embedded":true, "fstring":true, "bytesize":17, "value":"rdoc/class_module", "encoding":"UTF-8", "memsize":40, "flags":{"wb_protected":true, "old":true, "uncollectible":true, "marked":true}}
{"address":"0x7fb1f801cd70", "type":"STRING", "class":"0x7fb1f80b7578", "frozen":true, "embedded":true, "fstring":true, "bytesize":16, "value":"@test_suite_file", "encoding":"US-ASCII", "memsize":40, "flags":{"wb_protected":true, "old":true, "uncollectible":true, "marked":true}}
{"address":"0x7fb1f801cd98", "type":"STRING", "class":"0x7fb1f80b7578", "frozen":true, "embedded":true, "fstring":true, "bytesize":9, "value":"rdoc/attr", "encoding":"UTF-8", "memsize":40, "flags":{"wb_protected":true, "old":true, "uncollectible":true, "marked":true}}
{"address":"0x7fb1f801ce10", "type":"STRING", "class":"0x7fb1f80b7578", "frozen":true, "embedded":true, "fstring":true, "bytesize":15, "value":"rdoc/any_method", "encoding":"UTF-8", "memsize":40, "flags":{"wb_protected":true, "old":true, "uncollectible":true, "marked":true}}
{"address":"0x7fb1f801ce88", "type":"STRING", "class":"0x7fb1f80b7578", "frozen":true, "embedded":true, "fstring":true, "bytesize":13, "value":"@silent_mutex", "encoding":"US-ASCII", "memsize":40, "flags":{"wb_protected":true, "old":true, "uncollectible":true, "marked":true}}
{"address":"0x7fb1f801ceb0", "type":"STRING", "class":"0x7fb1f80b7578", "frozen":true, "embedded":true, "fstring":true, "bytesize":15, "value":"rdoc/anon_class", "encoding":"UTF-8", "memsize":40, "flags":{"wb_protected":true, "old":true, "uncollectible":true, "marked":true}}
{"address":"0x7fb1f801cf28", "type":"STRING", "class":"0x7fb1f80b7578", "frozen":true, "embedded":true, "fstring":true, "bytesize":10, "value":"rdoc/alias", "encoding":"UTF-8", "memsize":40, "flags":{"wb_protected":true, "old":true, "uncollectible":true, "marked":true}}
{"address":"0x7fb1f801cfa0", "type":"STRING", "class":"0x7fb1f80b7578", "frozen":true, "bytesize":67, "capacity":127, "value":"/Users/rschneeman/.rubies/ruby-2.7.1/include/ruby-2.7.0/vendor_ruby", "memsize":168, "flags":{"wb_protected":true, "old":true, "uncollectible":true, "marked":true}}
{"address":"0x7fb1f801cfc8", "type":"STRING", "class":"0x7fb1f80b7578", "frozen":true, "embedded":true, "fstring":true, "bytesize":22, "value":"load_path_insert_index", "encoding":"US-ASCII", "memsize":40, "flags":{"wb_protected":true, "old":true, "uncollectible":true, "marked":true}}
{"address":"0x7fb1f801d018", "type":"STRING", "class":"0x7fb1f80b7578", "frozen":true, "bytesize":55, "capacity":64, "value":"/Users/rschneeman/.rubies/ruby-2.7.1/include/ruby-2.7.0", "memsize":105, "flags":{"wb_protected":true, "old":true, "uncollectible":true, "marked":true}}
{"address":"0x7fb1f801d068", "type":"STRING", "class":"0x7fb1f80b7578", "frozen":true, "embedded":true, "fstring":true, "bytesize":3, "value":"foo", "encoding":"UTF-8", "memsize":40, "flags":{"wb_protected":true, "old":true, "uncollectible":true, "marked":true}}
{"address":"0x7fb1f801d090", "type":"STRING", "class":"0x7fb1f80b7578", "frozen":true, "embedded":true, "fstring":true, "bytesize":3, "value":"for", "encoding":"US-ASCII", "memsize":40, "flags":{"wb_protected":true, "old":true, "uncollectible":true, "marked":true}}
{"address":"0x7fb1f801d130", "type":"STRING", "class":"0x7fb1f80b7578", "frozen":true, "embedded":true, "fstring":true, "bytesize":16, "value":"NAMES_TO_EXCLUDE", "encoding":"US-ASCII", "memsize":40, "flags":{"wb_protected":true, "old":true, "uncollectible":true, "marked":true}}
{"address":"0x7fb1f801d180", "type":"STRING", "class":"0x7fb1f80b7578", "frozen":true, "embedded":true, "fstring":true, "bytesize":10, "value":"test_file=", "encoding":"US-ASCII", "memsize":40, "flags":{"wb_protected":true, "old":true, "uncollectible":true, "marked":true}}
{"address":"0x7fb1f801d1a8", "type":"STRING", "class":"0x7fb1f80b7578", "frozen":true, "embedded":true, "fstring":true, "bytesize":5, "value":"host=", "encoding":"US-ASCII", "memsize":40, "flags":{"wb_protected":true, "old":true, "uncollectible":true, "marked":true}}
{"address":"0x7fb1f801d1f8", "type":"STRING", "class":"0x7fb1f80b7578", "frozen":true, "embedded":true, "fstring":true, "bytesize":21, "value":"find_all_by_full_name", "encoding":"US-ASCII", "memsize":40, "flags":{"wb_protected":true, "old":true, "uncollectible":true, "marked":true}}
{"address":"0x7fb1f801d248", "type":"STRING", "class":"0x7fb1f80b7578", "frozen":true, "embedded":true, "fstring":true, "bytesize":10, "value":"cvar_names", "encoding":"US-ASCII", "memsize":40, "flags":{"wb_protected":true, "old":true, "uncollectible":true, "marked":true}}
{"address":"0x7fb1f801d298", "type":"STRING", "class":"0x7fb1f80b7578", "frozen":true, "fstring":true, "bytesize":68, "value":"/Users/rschneeman/.rubies/ruby-2.7.1/lib/ruby/2.7.0/rubygems/util.rb", "encoding":"US-ASCII", "memsize":109, "flags":{"wb_protected":true, "old":true, "uncollectible":true, "marked":true}}
{"address":"0x7fb1f801d2c0", "type":"STRING", "class":"0x7fb1f80b7578", "frozen":true, "embedded":true, "fstring":true, "bytesize":12, "value":"DEFAULT_HOST", "encoding":"US-ASCII", "memsize":40, "flags":{"wb_protected":true, "old":true, "uncollectible":true, "marked":true}}
{"address":"0x7fb1f801d2e8", "type":"STRING", "class":"0x7fb1f80b7578", "frozen":true, "embedded":true, "fstring":true, "bytesize":10, "value":"ivar_names", "encoding":"US-ASCII", "memsize":40, "flags":{"wb_protected":true, "old":true, "uncollectible":true, "marked":true}}
{"address":"0x7fb1f801d310", "type":"STRING", "class":"0x7fb1f80b7578", "frozen":true, "embedded":true, "fstring":true, "bytesize":5, "value":"@host", "encoding":"US-ASCII", "memsize":40, "flags":{"wb_protected":true, "old":true, "uncollectible":true, "marked":true}}
{"address":"0x7fb1f801d360", "type":"STRING", "class":"0x7fb1f80b7578", "frozen":true, "embedded":true, "fstring":true, "bytesize":10, "value":"lvar_names", "encoding":"US-ASCII", "memsize":40, "flags":{"wb_protected":true, "old":true, "uncollectible":true, "marked":true}}
{"address":"0x7fb1f801d3b0", "type":"STRING", "class":"0x7fb1f80b7578", "frozen":true, "embedded":true, "fstring":true, "bytesize":4, "value":"host", "encoding":"US-ASCII", "memsize":40, "flags":{"wb_protected":true, "old":true, "uncollectible":true, "marked":true}}
{"address":"0x7fb1f801d3d8", "type":"STRING", "class":"0x7fb1f80b7578", "frozen":true, "embedded":true, "fstring":true, "bytesize":12, "value":"method_names", "encoding":"US-ASCII", "memsize":40, "flags":{"wb_protected":true, "old":true, "uncollectible":true, "marked":true}}
{"address":"0x7fb1f801d450", "type":"STRING", "class":"0x7fb1f80b7578", "frozen":true, "embedded":true, "fstring":true, "bytesize":9, "value":"test_file", "encoding":"US-ASCII", "memsize":40, "flags":{"wb_protected":true, "old":true, "uncollectible":true, "marked":true}}
{"address":"0x7fb1f801d4c8", "type":"STRING", "class":"0x7fb1f80b7578", "frozen":true, "embedded":true, "fstring":true, "bytesize":16, "value":"find_all_by_name", "encoding":"US-ASCII", "memsize":40, "flags":{"wb_protected":true, "old":true, "uncollectible":true, "marked":true}}
{"address":"0x7fb1f801d540", "type":"STRING", "class":"0x7fb1f80b7578", "frozen":true, "bytesize":44, "capacity":63, "value":"/Users/rschneeman/.rubies/ruby-2.7.1/include", "memsize":104, "flags":{"wb_protected":true, "old":true, "uncollectible":true, "marked":true}}
{"address":"0x7fb1f801d568", "type":"STRING", "class":"0x7fb1f80b7578", "frozen":true, "embedded":true, "fstring":true, "bytesize":14, "value":"installed_gems", "encoding":"US-ASCII", "memsize":40, "flags":{"wb_protected":true, "old":true, "uncollectible":true, "marked":true}}
{"address":"0x7fb1f801d608", "type":"STRING", "class":"0x7fb1f80b7578", "frozen":true, "embedded":true, "fstring":true, "bytesize":19, "value":"DependencyInstaller", "encoding":"US-ASCII", "memsize":40, "flags":{"wb_protected":true, "old":true, "uncollectible":true, "marked":true}}
{"address":"0x7fb1f801d658", "type":"STRING", "class":"0x7fb1f80b7578", "frozen":true, "embedded":true, "fstring":true, "bytesize":4, "value":"inst", "encoding":"US-ASCII", "memsize":40, "flags":{"wb_protected":true, "old":true, "uncollectible":true, "marked":true}}
{"address":"0x7fb1f801d680", "type":"IMEMO", "class":"0x8", "imemo_type":"cref", "references":["0x7fb1f80c5240"], "memsize":40, "flags":{"wb_protected":true, "old":true, "uncollectible":true, "marked":true}}
{"address":"0x7fb1f801d6f8", "type":"IMEMO", "imemo_type":"iseq", "references":["0x7fb1f8057268", "0x7fb1f8057268", "0x7fb1f811a538"], "memsize":660, "flags":{"wb_protected":true, "old":true, "uncollectible":true, "marked":true}}
{"address":"0x7fb1f801d720", "type":"ARRAY", "class":"0x7fb1f8097228", "length":123, "references":["0x7fb1f803e0b0", "0x7fb1f803e240", "0x7fb1f803e038", "0x7fb1f803dfe8", "0x7fb1f803df98", "0x7fb1f803df48", "0x7fb1f803def8", "0x7fb1f803dea8", "0x7fb1f803de58", "0x7fb1f803de08", "0x7fb1f803ddb8", "0x7fb1f803dcf0", "0x7fb1f803dca0", "0x7fb1f803dc78", "0x7fb1f803dc50", "0x7fb1f803dc00", "0x7fb1f803dbd8", "0x7fb1f803db60", "0x7fb1f803db10", "0x7fb1f803da98", "0x7fb1f803da48", "0x7fb1f803d9d0", "0x7fb1f803d980", "0x7fb1f803d8b8", "0x7fb1f803d840", "0x7fb1f803d7c8", "0x7fb1f803d6b0", "0x7fb1f803d5c0", "0x7fb1f803d548", "0x7fb1f803d4d0", "0x7fb1f803d458", "0x7fb1f803d3e0", "0x7fb1f803d368", "0x7fb1f803d278", "0x7fb1f803d200", "0x7fb1f803d098", "0x7fb1f803cfa8", "0x7fb1f803ceb8", "0x7fb1f803cdc8", "0x7fb1f803ccd8", "0x7fb1f803cb20", "0x7fb1f803c8f0", "0x7fb1f803c440", "0x7fb1f803c2b0", "0x7fb1f8037990", "0x7fb1f8037828", "0x7fb1f8037738", "0x7fb1f8037670", "0x7fb1f80374e0", "0x7fb1f8037418", "0x7fb1f8037350", "0x7fb1f80370f8", "0x7fb1f8037030", "0x7fb1f8036d10", "0x7fb1f8036c20", "0x7fb1f8036b58", "0x7fb1f8036888", "0x7fb1f80367c0", "0x7fb1f80366a8", "0x7fb1f80364c8", "0x7fb1f80363d8", "0x7fb1f8035f28", "0x7fb1f8035dc0", "0x7fb1f8035cf8", "0x7fb1f8035c58", "0x7fb1f8035b68", "0x7fb1f8035aa0", "0x7fb1f8035898", "0x7fb1f8035618", "0x7fb1f80354d8", "0x7fb1f8035438", "0x7fb1f8035348", "0x7fb1f8034d08", "0x7fb1f8034ad8", "0x7fb1f8034100", "0x7fb1f802ffb0", "0x7fb1f802ff38", "0x7fb1f802fee8", "0x7fb1f802fec0", "0x7fb1f802fe20", "0x7fb1f802fdd0", "0x7fb1f802fda8", "0x7fb1f802fd30", "0x7fb1f802fd08", "0x7fb1f802fc68", "0x7fb1f802fb78", "0x7fb1f802fab0", "0x7fb1f802f948", "0x7fb1f802f8f8", "0x7fb1f802f628", "0x7fb1f802f588", "0x7fb1f802f538", "0x7fb1f802f240", "0x7fb1f802f1c8", "0x7fb1f802eea8", "0x7fb1f802ede0", "0x7fb1f802ed90", "0x7fb1f802ecf0", "0x7fb1f802ebb0", "0x7fb1f802eae8", "0x7fb1f802ea20", "0x7fb1f802e930", "0x7fb1f802e5e8", "0x7fb1f802e570", "0x7fb1f802e458", "0x7fb1f802e430", "0x7fb1f802e408", "0x7fb1f802e3e0", "0x7fb1f802e368", "0x7fb1f802e340", "0x7fb1f802e318", "0x7fb1f802e2f0", "0x7fb1f802e2c8", "0x7fb1f802e2a0", "0x7fb1f802e250", "0x7fb1f802e200", "0x7fb1f802e160", "0x7fb1f802e070", "0x7fb1f802e020", "0x7fb1f802dff8", "0x7fb1f802dfa8", "0x7fb1f802df80", "0x7fb1f802df58"], "memsize":1024, "flags":{"wb_protected":true, "old":true, "uncollectible":true, "marked":true}}
{"address":"0x7fb1f801d748", "type":"STRING", "class":"0x7fb1f80b7578", "frozen":true, "embedded":true, "fstring":true, "bytesize":1, "value":"x", "encoding":"US-ASCII", "memsize":40, "flags":{"wb_protected":true, "old":true, "uncollectible":true, "marked":true}}
{"address":"0x7fb1f801d770", "type":"STRING", "class":"0x7fb1f80b7578", "frozen":true, "embedded":true, "fstring":true, "bytesize":7, "value":"install", "encoding":"US-ASCII", "memsize":40, "flags":{"wb_protected":true, "old":true, "uncollectible":true, "marked":true}}
{"address":"0x7fb1f801d798", "type":"STRING", "class":"0x7fb1f80b7578", "frozen":true, "embedded":true, "fstring":true, "bytesize":8, "value":"\\n[ \\t]*", "encoding":"US-ASCII", "memsize":40, "flags":{"wb_protected":true, "old":true, "uncollectible":true, "marked":true}}
{"address":"0x7fb1f801d7c0", "type":"IMEMO", "imemo_type":"iseq", "references":["0x7fb1f8046760", "0x7fb1f8046760", "0x7fb1f811a538"], "memsize":660, "flags":{"wb_protected":true, "old":true, "uncollectible":true, "marked":true}}
{"address":"0x7fb1f801d7e8", "type":"IMEMO", "imemo_type":"iseq", "references":["0x7fb1f8084d80", "0x7fb1f8084d80", "0x7fb1f811a538"], "memsize":844, "flags":{"wb_protected":true, "old":true, "uncollectible":true, "marked":true}}
{"address":"0x7fb1f801d838", "type":"REGEXP", "class":"0x7fb1f808ea60", "references":["0x7fb1f801d798"], "memsize":553, "flags":{"wb_protected":true, "old":true, "uncollectible":true, "marked":true}}
{"address":"0x7fb1f801d860", "type":"STRING", "class":"0x7fb1f80b7578", "frozen":true, "embedded":true, "fstring":true, "bytesize":1, "value":"w", "encoding":"UTF-8", "memsize":40, "flags":{"wb_protected":true, "old":true, "uncollectible":true, "marked":true}}
{"address":"0x7fb1f801d888", "type":"STRING", "class":"0x7fb1f80b7578", "frozen":true, "embedded":true, "fstring":true, "bytesize":1, "value":"r", "encoding":"UTF-8", "memsize":40, "flags":{"wb_protected":true, "old":true, "uncollectible":true, "marked":true}}
{"address":"0x7fb1f801d8d8", "type":"IMEMO", "imemo_type":"iseq", "references":["0x7fb1f801d888", "0x7fb1f801d860", "0x7fb1f80c6690", "0x7fb1f80c6690", "0x7fb1f811a538"], "memsize":1396, "flags":{"wb_protected":true, "old":true, "uncollectible":true, "marked":true}}
{"address":"0x7fb1f801d900", "type":"STRING", "class":"0x7fb1f80b7578", "frozen":true, "embedded":true, "fstring":true, "bytesize":17, "value":"(\\w-)\\n[ \\t]*(\\w)", "encoding":"US-ASCII", "memsize":40, "flags":{"wb_protected":true, "old":true, "uncollectible":true, "marked":true}}
{"address":"0x7fb1f801d928", "type":"STRING", "class":"0x7fb1f80b7578", "frozen":true, "fstring":true, "bytesize":124, "value":"/Users/rschneeman/.rubies/ruby-2.7.1/lib/ruby/2.7.0/did_you_mean/spell_checkers/name_error_checkers/variable_name_checker.rb", "encoding":"US-ASCII", "memsize":165, "flags":{"wb_protected":true, "old":true, "uncollectible":true, "marked":true}}
{"address":"0x7fb1f801d978", "type":"REGEXP", "class":"0x7fb1f808ea60", "references":["0x7fb1f801d900"], "memsize":558, "flags":{"wb_protected":true, "old":true, "uncollectible":true, "marked":true}}
{"address":"0x7fb1f801da40", "type":"IMEMO", "imemo_type":"iseq", "references":["0x7fb1f80c6690", "0x7fb1f80c6690", "0x7fb1f811a538"], "memsize":796, "flags":{"wb_protected":true, "old":true, "uncollectible":true, "marked":true}}
{"address":"0x7fb1f801db58", "type":"STRING", "class":"0x7fb1f80b7578", "frozen":true, "embedded":true, "fstring":true, "bytesize":7, "value":"inflate", "encoding":"US-ASCII", "memsize":40, "flags":{"wb_protected":true, "old":true, "uncollectible":true, "marked":true}}
{"address":"0x7fb1f801dc70", "type":"IMEMO", "class":"0x7fb1f801dfe0", "imemo_type":"ment", "references":["0x7fb1f801e828", "0x7fb1f801df18"], "memsize":48, "flags":{"wb_protected":true, "old":true, "uncollectible":true, "marked":true}}
{"address":"0x7fb1f801dc98", "type":"IMEMO", "class":"0x7fb1f801dfe0", "imemo_type":"ment", "references":["0x7fb1f801e968", "0x7fb1f801df18"], "memsize":48, "flags":{"wb_protected":true, "old":true, "uncollectible":true, "marked":true}}
{"address":"0x7fb1f801dcc0", "type":"ARRAY", "class":"0x7fb1f8097228", "frozen":true, "length":2, "embedded":true, "references":["0x7fb1f8045928"], "memsize":40, "flags":{"wb_protected":true, "old":true, "uncollectible":true, "marked":true}}
{"address":"0x7fb1f801dce8", "type":"IMEMO", "imemo_type":"iseq", "references":["0x7fb1f801dd88", "0x7fb1f803f848", "0x7fb1f811a538", "0x7fb1f801de28"], "memsize":648, "flags":{"wb_protected":true, "old":true, "uncollectible":true, "marked":true}}
{"address":"0x7fb1f801dd10", "type":"STRING", "class":"0x7fb1f80b7578", "frozen":true, "fstring":true, "bytesize":102, "capacity":158, "value":"/Users/rschneeman/.rubies/ruby-2.7.1/lib/ruby/gems/2.7.0/specifications/default/stringio-0.1.0.gemspec", "encoding":"US-ASCII", "memsize":199, "flags":{"wb_protected":true, "old":true, "uncollectible":true, "marked":true}}
{"address":"0x7fb1f801dd38", "type":"IMEMO", "class":"0x7fb1f801dfe0", "imemo_type":"ment", "references":["0x7fb1f801dcc0"], "memsize":48, "flags":{"wb_protected":true, "old":true, "uncollectible":true, "marked":true}}
{"address":"0x7fb1f801dd60", "type":"STRING", "class":"0x7fb1f80b7578", "frozen":true, "embedded":true, "fstring":true, "bytesize":6, "value":"@@dirs", "encoding":"US-ASCII", "memsize":40, "flags":{"wb_protected":true, "old":true, "uncollectible":true, "marked":true}}
{"address":"0x7fb1f801dd88", "type":"STRING", "class":"0x7fb1f80b7578", "frozen":true, "embedded":true, "fstring":true, "bytesize":20, "value":"block in locked_puts", "memsize":40, "flags":{"wb_protected":true, "old":true, "uncollectible":true, "marked":true}}
{"address":"0x7fb1f801ddb0", "type":"STRING", "class":"0x7fb1f80b7578", "frozen":true, "embedded":true, "fstring":true, "bytesize":14, "value":"pstore/version", "encoding":"UTF-8", "memsize":40, "flags":{"wb_protected":true, "old":true, "uncollectible":true, "marked":true}}
{"address":"0x7fb1f801ddd8", "type":"STRING", "class":"0x7fb1f80b7578", "frozen":true, "embedded":true, "fstring":true, "bytesize":9, "value":"spec_name", "encoding":"US-ASCII", "memsize":40, "flags":{"wb_protected":true, "old":true, "uncollectible":true, "marked":true}}
{"address":"0x7fb1f801de28", "type":"IMEMO", "imemo_type":"iseq", "references":["0x7fb1f801dce8", "0x7fb1f803f848", "0x7fb1f803f848", "0x7fb1f811a538", "0x7fb1f801dce8"], "memsize":644, "flags":{"wb_protected":true, "old":true, "uncollectible":true, "marked":true}}
{"address":"0x7fb1f801de50", "type":"IMEMO", "imemo_type":"iseq", "references":["0x7fb1f8055260", "0x7fb1f8055260", "0x7fb1f811a538"], "memsize":376, "flags":{"wb_protected":true, "old":true, "uncollectible":true, "marked":true}}
{"address":"0x7fb1f801de78", "type":"STRING", "class":"0x7fb1f80b7578", "frozen":true, "embedded":true, "fstring":true, "bytesize":4, "value":"gzip", "encoding":"US-ASCII", "memsize":40, "flags":{"wb_protected":true, "old":true, "uncollectible":true, "marked":true}}
{"address":"0x7fb1f801dea0", "type":"IMEMO", "imemo_type":"iseq", "references":["0x7fb1f8094370", "0x7fb1f8094370", "0x7fb1f811a538"], "memsize":384, "flags":{"wb_protected":true, "old":true, "uncollectible":true, "marked":true}}
{"address":"0x7fb1f801dec8", "type":"STRING", "class":"0x7fb1f80b7578", "frozen":true, "embedded":true, "fstring":true, "bytesize":9, "value":"Fetching ", "encoding":"UTF-8", "memsize":40, "flags":{"wb_protected":true, "old":true, "uncollectible":true, "marked":true}}
{"address":"0x7fb1f801def0", "type":"IMEMO", "imemo_type":"iseq", "references":["0x7fb1f801dec8", "0x7fb1f8096ee0", "0x7fb1f8096ee0", "0x7fb1f811a538"], "memsize":1012, "flags":{"wb_protected":true, "old":true, "uncollectible":true, "marked":true}}
{"address":"0x7fb1f801df18", "type":"IMEMO", "class":"0x8", "imemo_type":"cref", "references":["0x7fb1f801dfe0", "0x7fb1f801e440"], "memsize":40, "flags":{"wb_protected":true, "old":true, "uncollectible":true, "marked":true}}
{"address":"0x7fb1f801df40", "type":"IMEMO", "imemo_type":"iseq", "references":["0x7fb1f80c6690", "0x7fb1f80c6690", "0x7fb1f811a538"], "memsize":548, "flags":{"wb_protected":true, "old":true, "uncollectible":true, "marked":true}}
{"address":"0x7fb1f801df68", "type":"STRING", "class":"0x7fb1f80b7578", "frozen":true, "embedded":true, "fstring":true, "bytesize":15, "value":"attribute_names", "encoding":"US-ASCII", "memsize":40, "flags":{"wb_protected":true, "old":true, "uncollectible":true, "marked":true}}
{"address":"0x7fb1f801df90", "type":"STRING", "class":"0x7fb1f80b7578", "frozen":true, "bytesize":39, "capacity":57, "value":"DidYouMean::ClassNameChecker::ClassName", "encoding":"US-ASCII", "memsize":98, "flags":{"wb_protected":true, "old":true, "uncollectible":true, "marked":true}}
{"address":"0x7fb1f801dfb8", "type":"CLASS", "class":"0x7fb1f80bf700", "name":"Class", "references":["0x7fb1f80b7550", "0x7fb1f801dfe0"], "memsize":464, "flags":{"wb_protected":true, "old":true, "uncollectible":true, "marked":true}}
{"address":"0x7fb1f801dfe0", "type":"CLASS", "class":"0x7fb1f801dfb8", "name":"DidYouMean::ClassNameChecker::ClassName", "references":["0x7fb1f80b7578", "0x7fb1f801dd38", "0x7fb1f801dc98", "0x7fb1f801dc70", "0x7fb1f801df90"], "memsize":528, "flags":{"wb_protected":true, "old":true, "uncollectible":true, "marked":true}}
{"address":"0x7fb1f801e008", "type":"IMEMO", "class":"0x7fb1f801e580", "imemo_type":"ment", "references":["0x7fb1f801f1d8", "0x7fb1f801e440"], "memsize":48, "flags":{"wb_protected":true, "old":true, "uncollectible":true, "marked":true}}
{"address":"0x7fb1f801e030", "type":"STRING", "class":"0x7fb1f80b7578", "frozen":true, "embedded":true, "fstring":true, "bytesize":9, "value":"deprecate", "encoding":"US-ASCII", "memsize":40, "flags":{"wb_protected":true, "old":true, "uncollectible":true, "marked":true}}
{"address":"0x7fb1f801e058", "type":"STRING", "class":"0x7fb1f80b7578", "bytesize":98, "value":"/Users/rschneeman/.rubies/ruby-2.7.1/lib/ruby/gems/2.7.0/specifications/default/rdoc-6.2.1.gemspec", "encoding":"US-ASCII", "memsize":139, "flags":{"wb_protected":true, "old":true, "uncollectible":true, "marked":true}}
{"address":"0x7fb1f801e080", "type":"STRING", "class":"0x7fb1f80b7578", "shared":true, "encoding":"UTF-8", "references":["0x7fb1f802de68"], "memsize":40, "flags":{"wb_protected":true, "old":true, "uncollectible":true, "marked":true}}
{"address":"0x7fb1f801e0a8", "type":"IMEMO", "imemo_type":"iseq", "references":["0x7fb1f8055260", "0x7fb1f8055260", "0x7fb1f811a538"], "memsize":376, "flags":{"wb_protected":true, "old":true, "uncollectible":true, "marked":true}}
{"address":"0x7fb1f801e0d0", "type":"STRING", "class":"0x7fb1f80b7578", "frozen":true, "embedded":true, "fstring":true, "bytesize":9, "value":"spec_file", "encoding":"US-ASCII", "memsize":40, "flags":{"wb_protected":true, "old":true, "uncollectible":true, "marked":true}}
{"address":"0x7fb1f801e0f8", "type":"IMEMO", "imemo_type":"iseq", "references":["0x7fb1f8094370", "0x7fb1f8094370", "0x7fb1f811a538"], "memsize":384, "flags":{"wb_protected":true, "old":true, "uncollectible":true, "marked":true}}
{"address":"0x7fb1f801e120", "type":"IMEMO", "class":"0x7fb1f801e580", "imemo_type":"ment", "references":["0x7fb1f802d7d8", "0x7fb1f801e440"], "memsize":48, "flags":{"wb_protected":true, "old":true, "uncollectible":true, "marked":true}}
{"address":"0x7fb1f801e148", "type":"IMEMO", "imemo_type":"iseq", "references":["0x7fb1f8096ee0", "0x7fb1f8096ee0", "0x7fb1f811a538"], "memsize":392, "flags":{"wb_protected":true, "old":true, "uncollectible":true, "marked":true}}
{"address":"0x7fb1f801e170", "type":"STRING", "class":"0x7fb1f80b7578", "frozen":true, "embedded":true, "fstring":true, "bytesize":16, "value":"array_attributes", "encoding":"US-ASCII", "memsize":40, "flags":{"wb_protected":true, "old":true, "uncollectible":true, "marked":true}}
{"address":"0x7fb1f801e198", "type":"IMEMO", "imemo_type":"iseq", "references":["0x7fb1f80c6690", "0x7fb1f80c6690", "0x7fb1f811a538"], "memsize":392, "flags":{"wb_protected":true, "old":true, "uncollectible":true, "marked":true}}
{"address":"0x7fb1f801e1c0", "type":"ARRAY", "class":"0x7fb1f8097228", "length":2, "embedded":true, "references":["0x7fb1f802dd78", "0x7fb1f802dd28"], "memsize":40, "flags":{"wb_protected":true, "old":true, "uncollectible":true, "marked":true}}
{"address":"0x7fb1f801e1e8", "type":"STRING", "class":"0x7fb1f80b7578", "frozen":true, "embedded":true, "fstring":true, "bytesize":6, "value":"gunzip", "encoding":"US-ASCII", "memsize":40, "flags":{"wb_protected":true, "old":true, "uncollectible":true, "marked":true}}
{"address":"0x7fb1f801e210", "type":"IMEMO", "class":"0x7fb1f801e580", "imemo_type":"ment", "references":["0x7fb1f802eca0", "0x7fb1f801e440"], "memsize":48, "flags":{"wb_protected":true, "old":true, "uncollectible":true, "marked":true}}
{"address":"0x7fb1f801e238", "type":"IMEMO", "class":"0x7fb1f801e580", "imemo_type":"ment", "references":["0x7fb1f802f858", "0x7fb1f801e440"], "memsize":48, "flags":{"wb_protected":true, "old":true, "uncollectible":true, "marked":true}}
{"address":"0x7fb1f801e260", "type":"ARRAY", "frozen":true, "length":2, "embedded":true, "memsize":40, "flags":{"wb_protected":true, "old":true, "uncollectible":true, "marked":true}}
{"address":"0x7fb1f801e288", "type":"IMEMO", "imemo_type":"iseq", "references":["0x7fb1f801e260", "0x7fb1f8046760", "0x7fb1f8046760", "0x7fb1f811a538"], "memsize":1624, "flags":{"wb_protected":true, "old":true, "uncollectible":true, "marked":true}}
{"address":"0x7fb1f801e2b0", "type":"IMEMO", "imemo_type":"iseq", "references":["0x7fb1f8055260", "0x7fb1f8055260", "0x7fb1f811a538"], "memsize":572, "flags":{"wb_protected":true, "old":true, "uncollectible":true, "marked":true}}
{"address":"0x7fb1f801e2d8", "type":"ARRAY", "class":"0x7fb1f8097228", "frozen":true, "length":2, "embedded":true, "references":["0x7fb1f8045928"], "memsize":40, "flags":{"wb_protected":true, "old":true, "uncollectible":true, "marked":true}}
{"address":"0x7fb1f801e300", "type":"IMEMO", "imemo_type":"iseq", "references":["0x7fb1f80bced8", "0x7fb1f80ad910", "0x7fb1f80558a0", "0x7fb1f80558a0", "0x7fb1f811a538"], "memsize":1340, "flags":{"wb_protected":true, "old":true, "uncollectible":true, "marked":true}}
{"address":"0x7fb1f801e328", "type":"IMEMO", "class":"0x7fb1f801e580", "imemo_type":"ment", "references":["0x7fb1f801e2d8"], "memsize":48, "flags":{"wb_protected":true, "old":true, "uncollectible":true, "marked":true}}
{"address":"0x7fb1f801e350", "type":"ARRAY", "class":"0x7fb1f8097228", "length":2, "embedded":true, "references":["0x7fb1f801e800", "0x7fb1f801e738"], "memsize":40, "flags":{"wb_protected":true, "old":true, "uncollectible":true, "marked":true}}
{"address":"0x7fb1f801e378", "type":"STRING", "class":"0x7fb1f80b7578", "frozen":true, "embedded":true, "fstring":true, "bytesize":9, "value":"all_names", "encoding":"US-ASCII", "memsize":40, "flags":{"wb_protected":true, "old":true, "uncollectible":true, "marked":true}}
{"address":"0x7fb1f801e3a0", "type":"STRING", "class":"0x7fb1f80b7578", "frozen":true, "embedded":true, "fstring":true, "bytesize":5, "value":"2.4.0", "encoding":"UTF-8", "memsize":40, "flags":{"wb_protected":true, "old":true, "uncollectible":true, "marked":true}}
{"address":"0x7fb1f801e3c8", "type":"STRING", "class":"0x7fb1f80b7578", "frozen":true, "embedded":true, "fstring":true, "bytesize":8, "value":"spec_dir", "encoding":"US-ASCII", "memsize":40, "flags":{"wb_protected":true, "old":true, "uncollectible":true, "marked":true}}
{"address":"0x7fb1f801e3f0", "type":"IMEMO", "imemo_type":"iseq", "references":["0x7fb1f801e508", "0x7fb1f80c6690", "0x7fb1f80c6690", "0x7fb1f811a538"], "memsize":944, "flags":{"wb_protected":true, "old":true, "uncollectible":true, "marked":true}}
{"address":"0x7fb1f801e440", "type":"IMEMO", "class":"0x8", "imemo_type":"cref", "references":["0x7fb1f801e580", "0x7fb1f801e620"], "memsize":40, "flags":{"wb_protected":true, "old":true, "uncollectible":true, "marked":true}}
{"address":"0x7fb1f801e468", "type":"STRING", "class":"0x7fb1f80b7578", "embedded":true, "bytesize":5, "value":"2.4.0", "encoding":"UTF-8", "memsize":40, "flags":{"wb_protected":true, "old":true, "uncollectible":true, "marked":true}}
{"address":"0x7fb1f801e490", "type":"STRING", "class":"0x7fb1f80b7578", "frozen":true, "bytesize":28, "capacity":47, "value":"DidYouMean::ClassNameChecker", "encoding":"US-ASCII", "memsize":88, "flags":{"wb_protected":true, "old":true, "uncollectible":true, "marked":true}}
{"address":"0x7fb1f801e4b8", "type":"IMEMO", "imemo_type":"iseq", "references":["0x7fb1f80c41b0", "0x7fb1f8055260", "0x7fb1f8055260", "0x7fb1f811a538"], "memsize":772, "flags":{"wb_protected":true, "old":true, "uncollectible":true, "marked":true}}
{"address":"0x7fb1f801e4e0", "type":"IMEMO", "imemo_type":"iseq", "references":["0x7fb1f80b71b8", "0x7fb1f80558a0", "0x7fb1f80558a0", "0x7fb1f811a538"], "memsize":900, "flags":{"wb_protected":true, "old":true, "uncollectible":true, "marked":true}}
{"address":"0x7fb1f801e508", "type":"STRING", "class":"0x7fb1f80b7578", "frozen":true, "embedded":true, "fstring":true, "bytesize":8, "value":"complete", "encoding":"UTF-8", "memsize":40, "flags":{"wb_protected":true, "old":true, "uncollectible":true, "marked":true}}
{"address":"0x7fb1f801e530", "type":"CLASS", "class":"0x7fb1f80bf700", "name":"Class", "references":["0x7fb1f80bf6b0", "0x7fb1f801e580"], "memsize":464, "flags":{"wb_protected":true, "old":true, "uncollectible":true, "marked":true}}
{"address":"0x7fb1f801e558", "type":"STRING", "class":"0x7fb1f80b7578", "frozen":true, "embedded":true, "fstring":true, "bytesize":4, "value":"all=", "encoding":"US-ASCII", "memsize":40, "flags":{"wb_protected":true, "old":true, "uncollectible":true, "marked":true}}
{"address":"0x7fb1f801e580", "type":"CLASS", "class":"0x7fb1f801e530", "name":"DidYouMean::ClassNameChecker", "references":["0x7fb1f80c5240", "0x7fb1f801e210", "0x7fb1f801e238", "0x7fb1f801e008", "0x7fb1f801e120", "0x7fb1f801e328", "0x7fb1f801e490", "0x7fb1f801dfe0", "0x7fb1f8045928"], "memsize":680, "flags":{"wb_protected":true, "old":true, "uncollectible":true, "marked":true}}
{"address":"0x7fb1f801e5a8", "type":"STRING", "class":"0x7fb1f80b7578", "frozen":true, "embedded":true, "fstring":true, "bytesize":13, "value":"win_platform?", "encoding":"US-ASCII", "memsize":40, "flags":{"wb_protected":true, "old":true, "uncollectible":true, "marked":true}}
{"address":"0x7fb1f801e5d0", "type":"STRING", "class":"0x7fb1f80b7578", "frozen":true, "embedded":true, "fstring":true, "bytesize":9, "value":"Installed", "encoding":"US-ASCII", "memsize":40, "flags":{"wb_protected":true, "old":true, "uncollectible":true, "marked":true}}
{"address":"0x7fb1f801e5f8", "type":"IMEMO", "imemo_type":"iseq", "references":["0x7fb1f801e508", "0x7fb1f80c6690", "0x7fb1f80c6690", "0x7fb1f811a538"], "memsize":944, "flags":{"wb_protected":true, "old":true, "uncollectible":true, "marked":true}}
{"address":"0x7fb1f801e620", "type":"IMEMO", "class":"0x8", "imemo_type":"cref", "references":["0x7fb1f8034858", "0x7fb1f801e7d8"], "memsize":40, "flags":{"wb_protected":true, "old":true, "uncollectible":true, "marked":true}}
{"address":"0x7fb1f801e698", "type":"STRING", "class":"0x7fb1f80b7578", "frozen":true, "embedded":true, "fstring":true, "bytesize":9, "value":"find_home", "encoding":"US-ASCII", "memsize":40, "flags":{"wb_protected":true, "old":true, "uncollectible":true, "marked":true}}
{"address":"0x7fb1f801e6e8", "type":"IMEMO", "imemo_type":"iseq", "references":["0x7fb1f8055260", "0x7fb1f8055260", "0x7fb1f811a538"], "memsize":376, "flags":{"wb_protected":true, "old":true, "uncollectible":true, "marked":true}}
{"address":"0x7fb1f801e710", "type":"IMEMO", "imemo_type":"iseq", "references":["0x7fb1f80558a0", "0x7fb1f80558a0", "0x7fb1f811a538"], "memsize":384, "flags":{"wb_protected":true, "old":true, "uncollectible":true, "marked":true}}
{"address":"0x7fb1f801e738", "type":"OBJECT", "class":"0x7fb1f80dd4f8", "ivars":3, "references":["0x7fb1f801e468"], "memsize":40, "flags":{"wb_protected":true, "old":true, "uncollectible":true, "marked":true}}
{"address":"0x7fb1f801e760", "type":"IMEMO", "imemo_type":"iseq", "references":["0x7fb1f80c6690", "0x7fb1f80c6690", "0x7fb1f811a538"], "memsize":452, "flags":{"wb_protected":true, "old":true, "uncollectible":true, "marked":true}}
{"address":"0x7fb1f801e7d8", "type":"IMEMO", "class":"0x8", "imemo_type":"cref", "references":["0x7fb1f80c5240"], "memsize":40, "flags":{"wb_protected":true, "old":true, "uncollectible":true, "marked":true}}
{"address":"0x7fb1f801e800", "type":"STRING", "class":"0x7fb1f80b7578", "embedded":true, "bytesize":2, "value":">=", "encoding":"UTF-8", "memsize":40, "flags":{"wb_protected":true, "old":true, "uncollectible":true, "marked":true}}
{"address":"0x7fb1f801e828", "type":"IMEMO", "imemo_type":"iseq", "references":["0x7fb1f80beaa8", "0x7fb1f80d93d0", "0x7fb1f80d93d0", "0x7fb1f8045928"], "memsize":1044, "flags":{"wb_protected":true, "old":true, "uncollectible":true, "marked":true}}
{"address":"0x7fb1f801e850", "type":"HASH", "frozen":true, "size":3, "memsize":192, "flags":{"wb_protected":true, "old":true, "uncollectible":true, "marked":true}}
{"address":"0x7fb1f801e878", "type":"IMEMO", "imemo_type":"iseq", "references":["0x7fb1f801e850", "0x7fb1f8057268", "0x7fb1f8057268", "0x7fb1f811a538"], "memsize":1832, "flags":{"wb_protected":true, "old":true, "uncollectible":true, "marked":true}}
{"address":"0x7fb1f801e8c8", "type":"STRING", "class":"0x7fb1f80b7578", "bytesize":100, "value":"/Users/rschneeman/.rubies/ruby-2.7.1/lib/ruby/gems/2.7.0/specifications/default/pstore-0.1.0.gemspec", "encoding":"US-ASCII", "memsize":141, "flags":{"wb_protected":true, "old":true, "uncollectible":true, "marked":true}}
{"address":"0x7fb1f801e8f0", "type":"STRING", "class":"0x7fb1f80b7578", "shared":true, "encoding":"UTF-8", "references":["0x7fb1f802ddf0"], "memsize":40, "flags":{"wb_protected":true, "old":true, "uncollectible":true, "marked":true}}
{"address":"0x7fb1f801e918", "type":"IMEMO", "imemo_type":"iseq", "references":["0x7fb1f8084d80", "0x7fb1f8084d80", "0x7fb1f811a538"], "memsize":376, "flags":{"wb_protected":true, "old":true, "uncollectible":true, "marked":true}}
{"address":"0x7fb1f801e940", "type":"STRING", "class":"0x7fb1f80b7578", "frozen":true, "embedded":true, "fstring":true, "bytesize":3, "value":"all", "encoding":"US-ASCII", "memsize":40, "flags":{"wb_protected":true, "old":true, "uncollectible":true, "marked":true}}
{"address":"0x7fb1f801e968", "type":"IMEMO", "imemo_type":"iseq", "references":["0x7fb1f80beaa8", "0x7fb1f80c6690", "0x7fb1f80c6690", "0x7fb1f8045928"], "memsize":776, "flags":{"wb_protected":true, "old":true, "uncollectible":true, "marked":true}}
{"address":"0x7fb1f801e990", "type":"IMEMO", "imemo_type":"iseq", "references":["0x7fb1f8118170", "0x7fb1f8118170", "0x7fb1f811a538"], "memsize":816, "flags":{"wb_protected":true, "old":true, "uncollectible":true, "marked":true}}
{"address":"0x7fb1f801e9e0", "type":"IMEMO", "imemo_type":"iseq", "references":["0x7fb1f805d398", "0x7fb1f805d398", "0x7fb1f811a538"], "memsize":548, "flags":{"wb_protected":true, "old":true, "uncollectible":true, "marked":true}}
{"address":"0x7fb1f801ea08", "type":"STRING", "class":"0x7fb1f80b7578", "frozen":true, "embedded":true, "fstring":true, "bytesize":8, "value":"ERROR:  ", "encoding":"UTF-8", "memsize":40, "flags":{"wb_protected":true, "old":true, "uncollectible":true, "marked":true}}
{"address":"0x7fb1f801ea30", "type":"ARRAY", "class":"0x7fb1f8097228", "length":1, "embedded":true, "references":["0x7fb1f801e350"], "memsize":40, "flags":{"wb_protected":true, "old":true, "uncollectible":true, "marked":true}}
{"address":"0x7fb1f801ea58", "type":"IMEMO", "imemo_type":"iseq", "references":["0x7fb1f801ea08", "0x7fb1f8118da0", "0x7fb1f8118da0", "0x7fb1f811a538"], "memsize":1024, "flags":{"wb_protected":true, "old":true, "uncollectible":true, "marked":true}}
{"address":"0x7fb1f801ea80", "type":"STRING", "class":"0x7fb1f80b7578", "frozen":true, "embedded":true, "fstring":true, "bytesize":10, "value":"WARNING:  ", "encoding":"UTF-8", "memsize":40, "flags":{"wb_protected":true, "old":true, "uncollectible":true, "marked":true}}
{"address":"0x7fb1f801ead0", "type":"OBJECT", "class":"0x7fb1f80e0680", "ivars":3, "references":["0x7fb1f801ea30"], "memsize":40, "flags":{"wb_protected":true, "old":true, "uncollectible":true, "marked":true}}
{"address":"0x7fb1f801eaf8", "type":"IMEMO", "imemo_type":"iseq", "references":["0x7fb1f801ea80", "0x7fb1f810b628", "0x7fb1f810b628", "0x7fb1f811a538"], "memsize":1024, "flags":{"wb_protected":true, "old":true, "uncollectible":true, "marked":true}}
{"address":"0x7fb1f801eb20", "type":"ARRAY", "class":"0x7fb1f8097228", "length":2, "embedded":true, "references":["0x7fb1f802dee0", "0x7fb1f803dea8"], "memsize":40, "flags":{"wb_protected":true, "old":true, "uncollectible":true, "marked":true}}
{"address":"0x7fb1f801eb48", "type":"STRING", "class":"0x7fb1f80b7578", "frozen":true, "embedded":true, "fstring":true, "bytesize":7, "value":"INFO:  ", "encoding":"UTF-8", "memsize":40, "flags":{"wb_protected":true, "old":true, "uncollectible":true, "marked":true}}
{"address":"0x7fb1f801eb70", "type":"ARRAY", "class":"0x7fb1f8097228", "length":1, "embedded":true, "references":["0x7fb1f802df08"], "memsize":40, "flags":{"wb_protected":true, "old":true, "uncollectible":true, "marked":true}}
{"address":"0x7fb1f801eb98", "type":"ARRAY", "class":"0x7fb1f8097228", "length":1, "embedded":true, "references":["0x7fb1f80e2ac0"], "memsize":40, "flags":{"wb_protected":true, "old":true, "uncollectible":true, "marked":true}}
{"address":"0x7fb1f801ebc0", "type":"STRING", "class":"0x7fb1f80b7578", "frozen":true, "embedded":true, "fstring":true, "bytesize":12, "value":"latest_specs", "encoding":"US-ASCII", "memsize":40, "flags":{"wb_protected":true, "old":true, "uncollectible":true, "marked":true}}
{"address":"0x7fb1f801ebe8", "type":"ARRAY", "class":"0x7fb1f8097228", "length":10, "references":["0x7fb1f803e240", "0x7fb1f803e0b0", "0x7fb1f803e038", "0x7fb1f803dfe8", "0x7fb1f803df98", "0x7fb1f803df48", "0x7fb1f803def8", "0x7fb1f803dea8", "0x7fb1f803de58", "0x7fb1f803de08"], "memsize":120, "flags":{"wb_protected":true, "old":true, "uncollectible":true, "marked":true}}
{"address":"0x7fb1f801ec10", "type":"ARRAY", "class":"0x7fb1f8097228", "length":2, "embedded":true, "references":["0x7fb1f803eab0", "0x7fb1f8096c38"], "memsize":40, "flags":{"wb_protected":true, "old":true, "uncollectible":true, "marked":true}}
{"address":"0x7fb1f801ec38", "type":"ARRAY", "class":"0x7fb1f8097228", "length":7, "references":["0x7fb1f803e4e8", "0x7fb1f80beaa8", "0x7fb1f80beaa8", "0x7fb1f80beaa8", "0x7fb1f803e448", "0x7fb1f803e3a8", "0x7fb1f803e330"], "memsize":96, "flags":{"wb_protected":true, "old":true, "uncollectible":true, "marked":true}}
{"address":"0x7fb1f801ec60", "type":"DATA", "class":"0x7fb1f80760c8", "struct":"time", "references":["0x7fb1f8112a90"], "memsize":86, "flags":{"uncollectible":true, "marked":true}}
{"address":"0x7fb1f801ec88", "type":"IMEMO", "imemo_type":"iseq", "references":["0x7fb1f801eb48", "0x7fb1f8118fd0", "0x7fb1f8118fd0", "0x7fb1f811a538"], "memsize":1024, "flags":{"wb_protected":true, "old":true, "uncollectible":true, "marked":true}}
{"address":"0x7fb1f801ecd8", "type":"ARRAY", "class":"0x7fb1f8097228", "length":1, "embedded":true, "references":["0x7fb1f80e2b60"], "memsize":40, "flags":{"wb_protected":true, "old":true, "uncollectible":true, "marked":true}}
{"address":"0x7fb1f801ed00", "type":"STRING", "class":"0x7fb1f80b7578", "frozen":true, "embedded":true, "fstring":true, "bytesize":17, "value":"find_latest_files", "encoding":"US-ASCII", "memsize":40, "flags":{"wb_protected":true, "old":true, "uncollectible":true, "marked":true}}
{"address":"0x7fb1f801ed28", "type":"IMEMO", "imemo_type":"iseq", "references":["0x7fb1f80beaa8", "0x7fb1f800df78", "0x7fb1f800df78", "0x7fb1f811a538"], "memsize":600, "flags":{"wb_protected":true, "old":true, "uncollectible":true, "marked":true}}
{"address":"0x7fb1f801ed50", "type":"DATA", "class":"0x7fb1f80760c8", "struct":"time", "references":["0x7fb1f8112a90"], "memsize":86, "flags":{"uncollectible":true, "marked":true}}
{"address":"0x7fb1f801ee40", "type":"STRING", "class":"0x7fb1f80b7578", "frozen":true, "embedded":true, "fstring":true, "bytesize":1, "value":"a", "encoding":"US-ASCII", "memsize":40, "flags":{"wb_protected":true, "old":true, "uncollectible":true, "marked":true}}
{"address":"0x7fb1f801ee68", "type":"IMEMO", "imemo_type":"iseq", "references":["0x7fb1f801efd0", "0x7fb1f803fb90", "0x7fb1f8045928", "0x7fb1f801f1d8"], "memsize":840, "flags":{"wb_protected":true, "old":true, "uncollectible":true, "marked":true}}
{"address":"0x7fb1f801ee90", "type":"IMEMO", "class":"0x7fb1f801eeb8", "imemo_type":"ment", "references":["0x7fb1f802e278", "0x7fb1f802d6c0"], "memsize":48, "flags":{"wb_protected":true, "old":true, "uncollectible":true, "marked":true}}
{"address":"0x7fb1f801eeb8", "type":"CLASS", "class":"0x7fb1f80bf6d8", "name":"Module", "references":["0x7fb1f80c51c8", "0x7fb1fb02cc68", "0x7fb1f801ee90", "0x7fb1fb02cc90", "0x7fb1f802d6e8"], "memsize":528, "flags":{"wb_protected":true, "old":true, "uncollectible":true, "marked":true}}
{"address":"0x7fb1f801eee0", "type":"STRING", "class":"0x7fb1f80b7578", "frozen":true, "bytesize":67, "value":"/Users/rschneeman/.rubies/ruby-2.7.1/lib/ruby/2.7.0/x86_64-darwin17", "encoding":"US-ASCII", "memsize":108, "flags":{"wb_protected":true, "old":true, "uncollectible":true, "marked":true}}
{"address":"0x7fb1f801ef08", "type":"STRING", "class":"0x7fb1f80b7578", "shared":true, "encoding":"US-ASCII", "references":["0x7fb1f801eee0"], "memsize":40, "flags":{"wb_protected":true, "old":true, "uncollectible":true, "marked":true}}
{"address":"0x7fb1f801ef30", "type":"STRING", "class":"0x7fb1f80b7578", "embedded":true, "bytesize":14, "value":"$(rubyarchdir)", "memsize":40, "flags":{"wb_protected":true, "old":true, "uncollectible":true, "marked":true}}
{"address":"0x7fb1f801ef58", "type":"STRING", "class":"0x7fb1f80b7578", "embedded":true, "bytesize":0, "value":"", "memsize":40, "flags":{"wb_protected":true, "old":true, "uncollectible":true, "marked":true}}
{"address":"0x7fb1f801ef80", "type":"ARRAY", "class":"0x7fb1f8097228", "length":7, "references":["0x7fb1f803e9c0", "0x7fb1f803e8d0", "0x7fb1f803e768", "0x7fb1f803e6c8", "0x7fb1f803e678", "0x7fb1f803e628", "0x7fb1f803e588"], "memsize":200, "flags":{"wb_protected":true, "old":true, "uncollectible":true, "marked":true}}
{"address":"0x7fb1f801efa8", "type":"STRING", "class":"0x7fb1f80b7578", "embedded":true, "bytesize":4, "value":"12.1", "memsize":40, "flags":{"wb_protected":true, "old":true, "uncollectible":true, "marked":true}}
{"address":"0x7fb1f801efd0", "type":"STRING", "class":"0x7fb1f80b7578", "frozen":true, "embedded":true, "fstring":true, "bytesize":15, "value":"block in scopes", "memsize":40, "flags":{"wb_protected":true, "old":true, "uncollectible":true, "marked":true}}
{"address":"0x7fb1f801eff8", "type":"IMEMO", "imemo_type":"iseq", "references":["0x7fb1f801f020", "0x7fb1f806d040", "0x7fb1f811a538", "0x7fb1f801f2a0"], "memsize":632, "flags":{"wb_protected":true, "old":true, "uncollectible":true, "marked":true}}
{"address":"0x7fb1f801f020", "type":"STRING", "class":"0x7fb1f80b7578", "frozen":true, "embedded":true, "fstring":true, "bytesize":21, "value":"block in _gets_noecho", "memsize":40, "flags":{"wb_protected":true, "old":true, "uncollectible":true, "marked":true}}
{"address":"0x7fb1f801f048", "type":"STRING", "class":"0x7fb1f80b7578", "embedded":true, "bytesize":6, "value":"12.1.0", "memsize":40, "flags":{"wb_protected":true, "old":true, "uncollectible":true, "marked":true}}
{"address":"0x7fb1f801f070", "type":"STRING", "class":"0x7fb1f80b7578", "frozen":true, "embedded":true, "fstring":true, "bytesize":17, "value":"glob_files_in_dir", "encoding":"US-ASCII", "memsize":40, "flags":{"wb_protected":true, "old":true, "uncollectible":true, "marked":true}}
{"address":"0x7fb1f801f098", "type":"STRING", "class":"0x7fb1f80b7578", "embedded":true, "bytesize":7, "value":"/bin/sh", "memsize":40, "flags":{"wb_protected":true, "old":true, "uncollectible":true, "marked":true}}
{"address":"0x7fb1f801f0c0", "type":"STRING", "class":"0x7fb1f80b7578", "frozen":true, "embedded":true, "fstring":true, "bytesize":4, "value":"Util", "encoding":"US-ASCII", "memsize":40, "flags":{"wb_protected":true, "old":true, "uncollectible":true, "marked":true}}
{"address":"0x7fb1f801f0e8", "type":"STRING", "class":"0x7fb1f80b7578", "embedded":true, "bytesize":1, "value":":", "memsize":40, "flags":{"wb_protected":true, "old":true, "uncollectible":true, "marked":true}}
{"address":"0x7fb1f801f110", "type":"STRING", "class":"0x7fb1f80b7578", "embedded":true, "bytesize":0, "value":"", "memsize":40, "flags":{"wb_protected":true, "old":true, "uncollectible":true, "marked":true}}
{"address":"0x7fb1f801f160", "type":"STRING", "class":"0x7fb1f80b7578", "frozen":true, "embedded":true, "fstring":true, "bytesize":9, "value":"load_path", "encoding":"US-ASCII", "memsize":40, "flags":{"wb_protected":true, "old":true, "uncollectible":true, "marked":true}}
{"address":"0x7fb1f801f188", "type":"STRING", "class":"0x7fb1f80b7578", "embedded":true, "bytesize":0, "value":"", "memsize":40, "flags":{"wb_protected":true, "old":true, "uncollectible":true, "marked":true}}
{"address":"0x7fb1f801f1b0", "type":"STRING", "class":"0x7fb1f80b7578", "embedded":true, "bytesize":0, "value":"", "memsize":40, "flags":{"wb_protected":true, "old":true, "uncollectible":true, "marked":true}}
{"address":"0x7fb1f801f1d8", "type":"IMEMO", "imemo_type":"iseq", "references":["0x7fb1f80268e8", "0x7fb1f801ee68", "0x7fb1f803fb90", "0x7fb1f803fb90", "0x7fb1f8045928", "0x7fb1f801ee68"], "memsize":1196, "flags":{"wb_protected":true, "old":true, "uncollectible":true, "marked":true}}
{"address":"0x7fb1f801f200", "type":"STRING", "class":"0x7fb1f80b7578", "embedded":true, "bytesize":0, "value":"", "memsize":40, "flags":{"wb_protected":true, "old":true, "uncollectible":true, "marked":true}}
{"address":"0x7fb1f801f228", "type":"STRING", "class":"0x7fb1f80b7578", "frozen":true, "embedded":true, "fstring":true, "bytesize":18, "value":"glob_with_suffixes", "encoding":"US-ASCII", "memsize":40, "flags":{"wb_protected":true, "old":true, "uncollectible":true, "marked":true}}
{"address":"0x7fb1f801f250", "type":"STRING", "class":"0x7fb1f80b7578", "embedded":true, "bytesize":0, "value":"", "memsize":40, "flags":{"wb_protected":true, "old":true, "uncollectible":true, "marked":true}}
{"address":"0x7fb1f801f278", "type":"STRING", "class":"0x7fb1f80b7578", "embedded":true, "bytesize":0, "value":"", "memsize":40, "flags":{"wb_protected":true, "old":true, "uncollectible":true, "marked":true}}
{"address":"0x7fb1f801f2a0", "type":"IMEMO", "imemo_type":"iseq", "references":["0x7fb1f801eff8", "0x7fb1f806d040", "0x7fb1f806d040", "0x7fb1f811a538", "0x7fb1f801eff8"], "memsize":724, "flags":{"wb_protected":true, "old":true, "uncollectible":true, "marked":true}}
{"address":"0x7fb1f801f2c8", "type":"STRING", "class":"0x7fb1f80b7578", "embedded":true, "bytesize":9, "value":"$(prefix)", "memsize":40, "flags":{"wb_protected":true, "old":true, "uncollectible":true, "marked":true}}
{"address":"0x7fb1f801f2f0", "type":"STRING", "class":"0x7fb1f80b7578", "embedded":true, "bytesize":18, "value":"$(exec_prefix)/bin", "memsize":40, "flags":{"wb_protected":true, "old":true, "uncollectible":true, "marked":true}}
{"address":"0x7fb1f801f318", "type":"ARRAY", "class":"0x7fb1f8097228", "length":1, "embedded":true, "references":["0x7fb1f80b6ab0"], "memsize":40, "flags":{"wb_protected":true, "old":true, "uncollectible":true, "marked":true}}
{"address":"0x7fb1f801f340", "type":"STRING", "class":"0x7fb1f80b7578", "embedded":true, "bytesize":19, "value":"$(exec_prefix)/sbin", "memsize":40, "flags":{"wb_protected":true, "old":true, "uncollectible":true, "marked":true}}
{"address":"0x7fb1f801f368", "type":"STRING", "class":"0x7fb1f80b7578", "embedded":true, "bytesize":22, "value":"$(exec_prefix)/libexec", "memsize":40, "flags":{"wb_protected":true, "old":true, "uncollectible":true, "marked":true}}
{"address":"0x7fb1f801f390", "type":"STRING", "class":"0x7fb1f80b7578", "embedded":true, "bytesize":15, "value":"$(prefix)/share", "memsize":40, "flags":{"wb_protected":true, "old":true, "uncollectible":true, "marked":true}}
{"address":"0x7fb1f801f3b8", "type":"STRING", "class":"0x7fb1f80b7578", "embedded":true, "bytesize":14, "value":"$(datarootdir)", "memsize":40, "flags":{"wb_protected":true, "old":true, "uncollectible":true, "marked":true}}
{"address":"0x7fb1f801f3e0", "type":"STRING", "class":"0x7fb1f80b7578", "embedded":true, "bytesize":13, "value":"$(prefix)/etc", "memsize":40, "flags":{"wb_protected":true, "old":true, "uncollectible":true, "marked":true}}
{"address":"0x7fb1f801f408", "type":"STRING", "class":"0x7fb1f80b7578", "embedded":true, "bytesize":13, "value":"$(prefix)/com", "memsize":40, "flags":{"wb_protected":true, "old":true, "uncollectible":true, "marked":true}}
{"address":"0x7fb1f801f430", "type":"STRING", "class":"0x7fb1f80b7578", "embedded":true, "bytesize":13, "value":"$(prefix)/var", "memsize":40, "flags":{"wb_protected":true, "old":true, "uncollectible":true, "marked":true}}
{"address":"0x7fb1f801f458", "type":"ARRAY", "class":"0x7fb1f8097228", "length":1, "embedded":true, "references":["0x7fb1f80e2c00"], "memsize":40, "flags":{"wb_protected":true, "old":true, "uncollectible":true, "marked":true}}
{"address":"0x7fb1f801f480", "type":"STRING", "class":"0x7fb1f80b7578", "embedded":true, "bytesize":20, "value":"$(localstatedir)/run", "memsize":40, "flags":{"wb_protected":true, "old":true, "uncollectible":true, "marked":true}}
{"address":"0x7fb1f801f4a8", "type":"ARRAY", "class":"0x7fb1f8097228", "length":2, "embedded":true, "references":["0x7fb1f8024570", "0x7fb1f8024098"], "memsize":40, "flags":{"wb_protected":true, "old":true, "uncollectible":true, "marked":true}}
{"address":"0x7fb1f801f4d0", "type":"STRING", "class":"0x7fb1f80b7578", "frozen":true, "embedded":true, "fstring":true, "bytesize":14, "value":"suffix_pattern", "encoding":"US-ASCII", "memsize":40, "flags":{"wb_protected":true, "old":true, "uncollectible":true, "marked":true}}
{"address":"0x7fb1f801f4f8", "type":"STRING", "class":"0x7fb1f80b7578", "embedded":true, "bytesize":17, "value":"$(prefix)/include", "memsize":40, "flags":{"wb_protected":true, "old":true, "uncollectible":true, "marked":true}}
{"address":"0x7fb1f801f520", "type":"STRING", "class":"0x7fb1f80b7578", "embedded":true, "bytesize":22, "value":"$(SDKROOT)/usr/include", "memsize":40, "flags":{"wb_protected":true, "old":true, "uncollectible":true, "marked":true}}
{"address":"0x7fb1f801f548", "type":"STRING", "class":"0x7fb1f80b7578", "frozen":true, "embedded":true, "fstring":true, "bytesize":16, "value":"matches_for_glob", "encoding":"US-ASCII", "memsize":40, "flags":{"wb_protected":true, "old":true, "uncollectible":true, "marked":true}}
{"address":"0x7fb1f801f570", "type":"STRING", "class":"0x7fb1f80b7578", "shared":true, "references":["0x7fb1f802ed40"], "memsize":40, "flags":{"wb_protected":true, "old":true, "uncollectible":true, "marked":true}}
{"address":"0x7fb1f801f598", "type":"STRING", "class":"0x7fb1f80b7578", "embedded":true, "bytesize":19, "value":"$(datarootdir)/info", "memsize":40, "flags":{"wb_protected":true, "old":true, "uncollectible":true, "marked":true}}
{"address":"0x7fb1f801f5c0", "type":"STRING", "class":"0x7fb1f80b7578", "frozen":true, "embedded":true, "fstring":true, "bytesize":3, "value":"2.2", "encoding":"UTF-8", "memsize":40, "flags":{"wb_protected":true, "old":true, "uncollectible":true, "marked":true}}
{"address":"0x7fb1f801f5e8", "type":"STRING", "class":"0x7fb1f80b7578", "embedded":true, "bytesize":9, "value":"$(docdir)", "memsize":40, "flags":{"wb_protected":true, "old":true, "uncollectible":true, "marked":true}}
{"address":"0x7fb1f801f610", "type":"STRING", "class":"0x7fb1f80b7578", "embedded":true, "bytesize":9, "value":"$(docdir)", "memsize":40, "flags":{"wb_protected":true, "old":true, "uncollectible":true, "marked":true}}
{"address":"0x7fb1f801f638", "type":"STRING", "class":"0x7fb1f80b7578", "frozen":true, "embedded":true, "fstring":true, "bytesize":5, "value":"stubs", "encoding":"US-ASCII", "memsize":40, "flags":{"wb_protected":true, "old":true, "uncollectible":true, "marked":true}}
{"address":"0x7fb1f801f660", "type":"STRING", "class":"0x7fb1f80b7578", "embedded":true, "bytesize":9, "value":"$(docdir)", "memsize":40, "flags":{"wb_protected":true, "old":true, "uncollectible":true, "marked":true}}
{"address":"0x7fb1f801f688", "type":"STRING", "class":"0x7fb1f80b7578", "frozen":true, "embedded":true, "fstring":true, "bytesize":18, "value":"gem_specifications", "encoding":"US-ASCII", "memsize":40, "flags":{"wb_protected":true, "old":true, "uncollectible":true, "marked":true}}
{"address":"0x7fb1f801f6b0", "type":"STRING", "class":"0x7fb1f80b7578", "embedded":true, "bytesize":9, "value":"$(docdir)", "memsize":40, "flags":{"wb_protected":true, "old":true, "uncollectible":true, "marked":true}}
{"address":"0x7fb1f801f6d8", "type":"STRING", "class":"0x7fb1f80b7578", "embedded":true, "bytesize":18, "value":"$(exec_prefix)/lib", "memsize":40, "flags":{"wb_protected":true, "old":true, "uncollectible":true, "marked":true}}
{"address":"0x7fb1f801f700", "type":"STRING", "class":"0x7fb1f80b7578", "embedded":true, "bytesize":21, "value":"$(datarootdir)/locale", "memsize":40, "flags":{"wb_protected":true, "old":true, "uncollectible":true, "marked":true}}
{"address":"0x7fb1f801f728", "type":"STRING", "class":"0x7fb1f80b7578", "frozen":true, "fstring":true, "bytesize":25, "value":"find_files_from_load_path", "encoding":"US-ASCII", "memsize":66, "flags":{"wb_protected":true, "old":true, "uncollectible":true, "marked":true}}
{"address":"0x7fb1f801f750", "type":"STRING", "class":"0x7fb1f80b7578", "embedded":true, "bytesize":18, "value":"$(datarootdir)/man", "memsize":40, "flags":{"wb_protected":true, "old":true, "uncollectible":true, "marked":true}}
{"address":"0x7fb1f801f778", "type":"STRING", "class":"0x7fb1f80b7578", "embedded":true, "bytesize":0, "value":"", "memsize":40, "flags":{"wb_protected":true, "old":true, "uncollectible":true, "marked":true}}
{"address":"0x7fb1f801f7a0", "type":"STRING", "class":"0x7fb1f80b7578", "embedded":true, "bytesize":3, "value":"\\\\c", "memsize":40, "flags":{"wb_protected":true, "old":true, "uncollectible":true, "marked":true}}
{"address":"0x7fb1f801f7c8", "type":"STRING", "class":"0x7fb1f80b7578", "frozen":true, "embedded":true, "fstring":true, "bytesize":5, "value":"files", "encoding":"US-ASCII", "memsize":40, "flags":{"wb_protected":true, "old":true, "uncollectible":true, "marked":true}}
{"address":"0x7fb1f801f7f0", "type":"STRING", "class":"0x7fb1f80b7578", "embedded":true, "bytesize":0, "value":"", "memsize":40, "flags":{"wb_protected":true, "old":true, "uncollectible":true, "marked":true}}
{"address":"0x7fb1f801f818", "type":"STRING", "class":"0x7fb1f80b7578", "embedded":true, "bytesize":0, "value":"", "memsize":40, "flags":{"wb_protected":true, "old":true, "uncollectible":true, "marked":true}}
{"address":"0x7fb1f801f840", "type":"STRING", "class":"0x7fb1f80b7578", "embedded":true, "bytesize":3, "value":"2.2", "encoding":"UTF-8", "memsize":40, "flags":{"wb_protected":true, "old":true, "uncollectible":true, "marked":true}}
{"address":"0x7fb1f801f868", "type":"STRING", "class":"0x7fb1f80b7578", "frozen":true, "embedded":true, "fstring":true, "bytesize":15, "value":"check_load_path", "encoding":"US-ASCII", "memsize":40, "flags":{"wb_protected":true, "old":true, "uncollectible":true, "marked":true}}
{"address":"0x7fb1f801f890", "type":"STRING", "class":"0x7fb1f80b7578", "embedded":true, "bytesize":0, "value":"", "memsize":40, "flags":{"wb_protected":true, "old":true, "uncollectible":true, "marked":true}}
{"address":"0x7fb1f801f8b8", "type":"STRING", "class":"0x7fb1f80b7578", "frozen":true, "embedded":true, "fstring":true, "bytesize":10, "value":"find_files", "encoding":"US-ASCII", "memsize":40, "flags":{"wb_protected":true, "old":true, "uncollectible":true, "marked":true}}
{"address":"0x7fb1f801f8e0", "type":"STRING", "class":"0x7fb1f80b7578", "embedded":true, "bytesize":0, "value":"", "memsize":40, "flags":{"wb_protected":true, "old":true, "uncollectible":true, "marked":true}}
{"address":"0x7fb1f801f908", "type":"STRING", "class":"0x7fb1f80b7578", "embedded":true, "bytesize":0, "value":"", "memsize":40, "flags":{"wb_protected":true, "old":true, "uncollectible":true, "marked":true}}
{"address":"0x7fb1f801f930", "type":"STRING", "class":"0x7fb1f80b7578", "embedded":true, "bytesize":0, "value":"", "memsize":40, "flags":{"wb_protected":true, "old":true, "uncollectible":true, "marked":true}}
{"address":"0x7fb1f801f958", "type":"STRING", "class":"0x7fb1f80b7578", "shared":true, "references":["0x7fb1f802f128"], "memsize":40, "flags":{"wb_protected":true, "old":true, "uncollectible":true, "marked":true}}
{"address":"0x7fb1f801f980", "type":"STRING", "class":"0x7fb1f80b7578", "embedded":true, "bytesize":0, "value":"", "memsize":40, "flags":{"wb_protected":true, "old":true, "uncollectible":true, "marked":true}}
{"address":"0x7fb1f801f9a8", "type":"STRING", "class":"0x7fb1f80b7578", "embedded":true, "bytesize":0, "value":"", "memsize":40, "flags":{"wb_protected":true, "old":true, "uncollectible":true, "marked":true}}
{"address":"0x7fb1f801f9d0", "type":"STRING", "class":"0x7fb1f80b7578", "embedded":true, "bytesize":3, "value":"git", "memsize":40, "flags":{"wb_protected":true, "old":true, "uncollectible":true, "marked":true}}
{"address":"0x7fb1f801f9f8", "type":"STRING", "class":"0x7fb1f80b7578", "embedded":true, "bytesize":3, "value":"yes", "memsize":40, "flags":{"wb_protected":true, "old":true, "uncollectible":true, "marked":true}}
{"address":"0x7fb1f801fa20", "type":"STRING", "class":"0x7fb1f80b7578", "embedded":true, "bytesize":17, "value":"$(MAJOR).$(MINOR)", "memsize":40, "flags":{"wb_protected":true, "old":true, "uncollectible":true, "marked":true}}
{"address":"0x7fb1f801fa48", "type":"STRING", "class":"0x7fb1f80b7578", "shared":true, "references":["0x7fb1f802f290"], "memsize":40, "flags":{"wb_protected":true, "old":true, "uncollectible":true, "marked":true}}
{"address":"0x7fb1f801fa70", "type":"STRING", "class":"0x7fb1f80b7578", "shared":true, "references":["0x7fb1f802f448"], "memsize":40, "flags":{"wb_protected":true, "old":true, "uncollectible":true, "marked":true}}
{"address":"0x7fb1f801fa98", "type":"STRING", "class":"0x7fb1f80b7578", "embedded":true, "bytesize":6, "value":"x86_64", "memsize":40, "flags":{"wb_protected":true, "old":true, "uncollectible":true, "marked":true}}
{"address":"0x7fb1f801fac0", "type":"STRING", "class":"0x7fb1f80b7578", "embedded":true, "bytesize":5, "value":"apple", "memsize":40, "flags":{"wb_protected":true, "old":true, "uncollectible":true, "marked":true}}
{"address":"0x7fb1f801fae8", "type":"STRING", "class":"0x7fb1f80b7578", "embedded":true, "bytesize":12, "value":"darwin17.7.0", "memsize":40, "flags":{"wb_protected":true, "old":true, "uncollectible":true, "marked":true}}
{"address":"0x7fb1f801fb10", "type":"STRING", "class":"0x7fb1f80b7578", "embedded":true, "bytesize":4, "value":"ruby", "memsize":40, "flags":{"wb_protected":true, "old":true, "uncollectible":true, "marked":true}}
{"address":"0x7fb1f801fb38", "type":"STRING", "class":"0x7fb1f80b7578", "embedded":true, "bytesize":5, "value":"rubyw", "memsize":40, "flags":{"wb_protected":true, "old":true, "uncollectible":true, "marked":true}}
{"address":"0x7fb1f801fb60", "type":"STRING", "class":"0x7fb1f80b7578", "shared":true, "references":["0x7fb1f802f3f8"], "memsize":40, "flags":{"wb_protected":true, "old":true, "uncollectible":true, "marked":true}}
{"address":"0x7fb1f801fb88", "type":"STRING", "class":"0x7fb1f80b7578", "shared":true, "references":["0x7fb1f802f448"], "memsize":40, "flags":{"wb_protected":true, "old":true, "uncollectible":true, "marked":true}}
{"address":"0x7fb1f801fbb0", "type":"STRING", "class":"0x7fb1f80b7578", "embedded":true, "bytesize":6, "value":"x86_64", "memsize":40, "flags":{"wb_protected":true, "old":true, "uncollectible":true, "marked":true}}
{"address":"0x7fb1f801fc28", "type":"STRING", "class":"0x7fb1f80b7578", "frozen":true, "embedded":true, "fstring":true, "bytesize":16, "value":"ruby_api_version", "encoding":"US-ASCII", "memsize":40, "flags":{"wb_protected":true, "old":true, "uncollectible":true, "marked":true}}
{"address":"0x7fb1f801fc50", "type":"STRING", "class":"0x7fb1f80b7578", "embedded":true, "bytesize":5, "value":"apple", "memsize":40, "flags":{"wb_protected":true, "old":true, "uncollectible":true, "marked":true}}
{"address":"0x7fb1f801fc78", "type":"STRING", "class":"0x7fb1f80b7578", "embedded":true, "bytesize":12, "value":"darwin17.7.0", "memsize":40, "flags":{"wb_protected":true, "old":true, "uncollectible":true, "marked":true}}
{"address":"0x7fb1f801fca0", "type":"STRING", "class":"0x7fb1f80b7578", "embedded":true, "bytesize":21, "value":"x86_64-apple-darwin17", "memsize":40, "flags":{"wb_protected":true, "old":true, "uncollectible":true, "marked":true}}
{"address":"0x7fb1f801fcc8", "type":"ARRAY", "class":"0x7fb1f8097228", "length":1, "embedded":true, "references":["0x7fb1f80b6ab0"], "memsize":40, "flags":{"wb_protected":true, "old":true, "uncollectible":true, "marked":true}}
{"address":"0x7fb1f801fcf0", "type":"STRING", "class":"0x7fb1f80b7578", "embedded":true, "bytesize":6, "value":"x86_64", "memsize":40, "flags":{"wb_protected":true, "old":true, "uncollectible":true, "marked":true}}
{"address":"0x7fb1f801fd18", "type":"STRING", "class":"0x7fb1f80b7578", "frozen":true, "embedded":true, "fstring":true, "bytesize":6, "value":"CONFIG", "encoding":"US-ASCII", "memsize":40, "flags":{"wb_protected":true, "old":true, "uncollectible":true, "marked":true}}
{"address":"0x7fb1f801fd40", "type":"STRING", "class":"0x7fb1f80b7578", "embedded":true, "bytesize":5, "value":"apple", "memsize":40, "flags":{"wb_protected":true, "old":true, "uncollectible":true, "marked":true}}
{"address":"0x7fb1f801fd68", "type":"STRING", "class":"0x7fb1f80b7578", "frozen":true, "embedded":true, "fstring":true, "bytesize":8, "value":"RbConfig", "encoding":"US-ASCII", "memsize":40, "flags":{"wb_protected":true, "old":true, "uncollectible":true, "marked":true}}
{"address":"0x7fb1f801fd90", "type":"STRING", "class":"0x7fb1f80b7578", "embedded":true, "bytesize":8, "value":"darwin17", "memsize":40, "flags":{"wb_protected":true, "old":true, "uncollectible":true, "marked":true}}
{"address":"0x7fb1f801fdb8", "type":"STRING", "class":"0x7fb1f80b7578", "frozen":true, "embedded":true, "fstring":true, "bytesize":10, "value":"io/console", "encoding":"UTF-8", "memsize":40, "flags":{"wb_protected":true, "old":true, "uncollectible":true, "marked":true}}
{"address":"0x7fb1f801fde0", "type":"STRING", "class":"0x7fb1f80b7578", "embedded":true, "bytesize":19, "value":"$(CC_WRAPPER) clang", "memsize":40, "flags":{"wb_protected":true, "old":true, "uncollectible":true, "marked":true}}
{"address":"0x7fb1f801fe08", "type":"HASH", "class":"0x7fb1f8095130", "size":2, "references":["0x7fb1f8110e20", "0x7fb1f80244a8", "0x7fb1f8110dd0", "0x7fb1f801ff98"], "memsize":168, "flags":{"wb_protected":true, "old":true, "uncollectible":true, "marked":true}}
{"address":"0x7fb1f801fe30", "type":"STRING", "class":"0x7fb1f80b7578", "embedded":true, "bytesize":16, "value":"$(cflags)  -pipe", "memsize":40, "flags":{"wb_protected":true, "old":true, "uncollectible":true, "marked":true}}
{"address":"0x7fb1f801fe58", "type":"STRING", "class":"0x7fb1f80b7578", "frozen":true, "embedded":true, "fstring":true, "bytesize":21, "value":"extension_api_version", "encoding":"US-ASCII", "memsize":40, "flags":{"wb_protected":true, "old":true, "uncollectible":true, "marked":true}}
{"address":"0x7fb1f801fe80", "type":"STRING", "class":"0x7fb1f80b7578", "shared":true, "references":["0x7fb1f802f718"], "memsize":40, "flags":{"wb_protected":true, "old":true, "uncollectible":true, "marked":true}}
{"address":"0x7fb1f801fea8", "type":"STRING", "class":"0x7fb1f80b7578", "shared":true, "references":["0x7fb1f802f768"], "memsize":40, "flags":{"wb_protected":true, "old":true, "uncollectible":true, "marked":true}}
{"address":"0x7fb1f801fed0", "type":"STRING", "class":"0x7fb1f80b7578", "embedded":true, "bytesize":1, "value":"o", "memsize":40, "flags":{"wb_protected":true, "old":true, "uncollectible":true, "marked":true}}
{"address":"0x7fb1f801fef8", "type":"STRING", "class":"0x7fb1f80b7578", "embedded":true, "bytesize":7, "value":"clang++", "memsize":40, "flags":{"wb_protected":true, "old":true, "uncollectible":true, "marked":true}}
{"address":"0x7fb1f801ff20", "type":"STRING", "class":"0x7fb1f80b7578", "embedded":true, "bytesize":6, "value":"-g -O2", "memsize":40, "flags":{"wb_protected":true, "old":true, "uncollectible":true, "marked":true}}
{"address":"0x7fb1f801ff48", "type":"STRING", "class":"0x7fb1f80b7578", "embedded":true, "bytesize":8, "value":"$(CC) -E", "memsize":40, "flags":{"wb_protected":true, "old":true, "uncollectible":true, "marked":true}}
{"address":"0x7fb1f801ff70", "type":"STRING", "class":"0x7fb1f80b7578", "embedded":true, "bytesize":13, "value":"/usr/bin/grep", "memsize":40, "flags":{"wb_protected":true, "old":true, "uncollectible":true, "marked":true}}
{"address":"0x7fb1f801ff98", "type":"STRING", "class":"0x7fb1f80b7578", "shared":true, "encoding":"UTF-8", "references":["0x7fb1f802de18"], "memsize":40, "flags":{"wb_protected":true, "old":true, "uncollectible":true, "marked":true}}
{"address":"0x7fb1f8024020", "type":"STRING", "class":"0x7fb1f80b7578", "embedded":true, "bytesize":16, "value":"/usr/bin/grep -E", "memsize":40, "flags":{"wb_protected":true, "old":true, "uncollectible":true, "marked":true}}
{"address":"0x7fb1f8024048", "type":"STRING", "class":"0x7fb1f80b7578", "embedded":true, "bytesize":3, "value":"yes", "memsize":40, "flags":{"wb_protected":true, "old":true, "uncollectible":true, "marked":true}}
{"address":"0x7fb1f8024070", "type":"STRING", "class":"0x7fb1f80b7578", "embedded":true, "bytesize":2, "value":"ld", "memsize":40, "flags":{"wb_protected":true, "old":true, "uncollectible":true, "marked":true}}
{"address":"0x7fb1f8024098", "type":"OBJECT", "class":"0x7fb1f80dd4f8", "ivars":3, "references":["0x7fb1f801f840"], "memsize":40, "flags":{"wb_protected":true, "old":true, "uncollectible":true, "marked":true}}
{"address":"0x7fb1f80240c0", "type":"STRING", "class":"0x7fb1f80b7578", "embedded":true, "bytesize":2, "value":"no", "memsize":40, "flags":{"wb_protected":true, "old":true, "uncollectible":true, "marked":true}}
{"address":"0x7fb1f80240e8", "type":"STRING", "class":"0x7fb1f80b7578", "frozen":true, "embedded":true, "fstring":true, "bytesize":7, "value":"mkdir_p", "encoding":"US-ASCII", "memsize":40, "flags":{"wb_protected":true, "old":true, "uncollectible":true, "marked":true}}
{"address":"0x7fb1f8024110", "type":"STRING", "class":"0x7fb1f80b7578", "embedded":true, "bytesize":13, "value":"-o conftest.i", "memsize":40, "flags":{"wb_protected":true, "old":true, "uncollectible":true, "marked":true}}
{"address":"0x7fb1f8024138", "type":"STRING", "class":"0x7fb1f80b7578", "frozen":true, "embedded":true, "fstring":true, "bytesize":9, "value":"FileUtils", "encoding":"US-ASCII", "memsize":40, "flags":{"wb_protected":true, "old":true, "uncollectible":true, "marked":true}}
{"address":"0x7fb1f8024160", "type":"STRING", "class":"0x7fb1f80b7578", "embedded":true, "bytesize":3, "value":"-o ", "memsize":40, "flags":{"wb_protected":true, "old":true, "uncollectible":true, "marked":true}}
{"address":"0x7fb1f8024188", "type":"STRING", "class":"0x7fb1f80b7578", "embedded":true, "bytesize":3, "value":"-o ", "memsize":40, "flags":{"wb_protected":true, "old":true, "uncollectible":true, "marked":true}}
{"address":"0x7fb1f80241b0", "type":"STRING", "class":"0x7fb1f80b7578", "embedded":true, "bytesize":0, "value":"", "memsize":40, "flags":{"wb_protected":true, "old":true, "uncollectible":true, "marked":true}}
{"address":"0x7fb1f80241d8", "type":"STRING", "class":"0x7fb1f80b7578", "frozen":true, "embedded":true, "fstring":true, "bytesize":6, "value":"subdir", "encoding":"US-ASCII", "memsize":40, "flags":{"wb_protected":true, "old":true, "uncollectible":true, "marked":true}}
{"address":"0x7fb1f8024200", "type":"STRING", "class":"0x7fb1f80b7578", "embedded":true, "bytesize":14, "value":"/usr/bin/clang", "memsize":40, "flags":{"wb_protected":true, "old":true, "uncollectible":true, "marked":true}}
{"address":"0x7fb1f8024228", "type":"STRING", "class":"0x7fb1f80b7578", "embedded":true, "bytesize":15, "value":"$(CC) --version", "memsize":40, "flags":{"wb_protected":true, "old":true, "uncollectible":true, "marked":true}}
{"address":"0x7fb1f8024250", "type":"IMEMO", "imemo_type":"iseq", "references":["0x7fb1f8057178", "0x7fb1f8057178", "0x7fb1f808c788"], "memsize":556, "flags":{"wb_protected":true, "old":true, "uncollectible":true, "marked":true}}
{"address":"0x7fb1f8024278", "type":"STRING", "class":"0x7fb1f80b7578", "shared":true, "references":["0x7fb1f802fbc8"], "memsize":40, "flags":{"wb_protected":true, "old":true, "uncollectible":true, "marked":true}}
{"address":"0x7fb1f80242a0", "type":"STRING", "class":"0x7fb1f80b7578", "embedded":true, "bytesize":0, "value":"", "memsize":40, "flags":{"wb_protected":true, "old":true, "uncollectible":true, "marked":true}}
{"address":"0x7fb1f80242c8", "type":"STRING", "class":"0x7fb1f80b7578", "embedded":true, "bytesize":1, "value":":", "memsize":40, "flags":{"wb_protected":true, "old":true, "uncollectible":true, "marked":true}}
{"address":"0x7fb1f80242f0", "type":"STRING", "class":"0x7fb1f80b7578", "embedded":true, "bytesize":15, "value":"libtool -static", "memsize":40, "flags":{"wb_protected":true, "old":true, "uncollectible":true, "marked":true}}
{"address":"0x7fb1f8024318", "type":"STRING", "class":"0x7fb1f80b7578", "shared":true, "references":["0x7fb1f802fcb8"], "memsize":40, "flags":{"wb_protected":true, "old":true, "uncollectible":true, "marked":true}}
{"address":"0x7fb1f8024340", "type":"STRING", "class":"0x7fb1f80b7578", "embedded":true, "bytesize":2, "value":"as", "memsize":40, "flags":{"wb_protected":true, "old":true, "uncollectible":true, "marked":true}}
{"address":"0x7fb1f8024368", "type":"IMEMO", "imemo_type":"iseq", "references":["0x7fb1f805de60", "0x7fb1f805de60", "0x7fb1f808c788"], "memsize":564, "flags":{"wb_protected":true, "old":true, "uncollectible":true, "marked":true}}
{"address":"0x7fb1f8024390", "type":"STRING", "class":"0x7fb1f80b7578", "embedded":true, "bytesize":0, "value":"", "memsize":40, "flags":{"wb_protected":true, "old":true, "uncollectible":true, "marked":true}}
{"address":"0x7fb1f80243b8", "type":"STRING", "class":"0x7fb1f80b7578", "embedded":true, "bytesize":7, "value":"objdump", "memsize":40, "flags":{"wb_protected":true, "old":true, "uncollectible":true, "marked":true}}
{"address":"0x7fb1f80243e0", "type":"STRING", "class":"0x7fb1f80b7578", "embedded":true, "bytesize":1, "value":":", "memsize":40, "flags":{"wb_protected":true, "old":true, "uncollectible":true, "marked":true}}
{"address":"0x7fb1f8024408", "type":"STRING", "class":"0x7fb1f80b7578", "embedded":true, "bytesize":0, "value":"", "memsize":40, "flags":{"wb_protected":true, "old":true, "uncollectible":true, "marked":true}}
{"address":"0x7fb1f8024430", "type":"STRING", "class":"0x7fb1f80b7578", "frozen":true, "embedded":true, "fstring":true, "bytesize":9, "value":"old_umask", "encoding":"US-ASCII", "memsize":40, "flags":{"wb_protected":true, "old":true, "uncollectible":true, "marked":true}}
{"address":"0x7fb1f8024458", "type":"STRING", "class":"0x7fb1f80b7578", "embedded":true, "bytesize":0, "value":"", "memsize":40, "flags":{"wb_protected":true, "old":true, "uncollectible":true, "marked":true}}
{"address":"0x7fb1f8024480", "type":"STRING", "class":"0x7fb1f80b7578", "embedded":true, "bytesize":2, "value":"nm", "memsize":40, "flags":{"wb_protected":true, "old":true, "uncollectible":true, "marked":true}}
{"address":"0x7fb1f80244a8", "type":"STRING", "class":"0x7fb1f80b7578", "shared":true, "encoding":"UTF-8", "references":["0x7fb1f802de18"], "memsize":40, "flags":{"wb_protected":true, "old":true, "uncollectible":true, "marked":true}}
{"address":"0x7fb1f80244d0", "type":"STRING", "class":"0x7fb1f80b7578", "frozen":true, "embedded":true, "fstring":true, "bytesize":7, "value":"subdirs", "encoding":"US-ASCII", "memsize":40, "flags":{"wb_protected":true, "old":true, "uncollectible":true, "marked":true}}
{"address":"0x7fb1f80244f8", "type":"STRING", "class":"0x7fb1f80b7578", "embedded":true, "bytesize":5, "value":"ln -s", "memsize":40, "flags":{"wb_protected":true, "old":true, "uncollectible":true, "marked":true}}
{"address":"0x7fb1f8024520", "type":"STRING", "class":"0x7fb1f80b7578", "embedded":true, "bytesize":0, "value":"", "memsize":40, "flags":{"wb_protected":true, "old":true, "uncollectible":true, "marked":true}}
{"address":"0x7fb1f8024548", "type":"STRING", "class":"0x7fb1f80b7578", "embedded":true, "bytesize":10, "value":"$(INSTALL)", "memsize":40, "flags":{"wb_protected":true, "old":true, "uncollectible":true, "marked":true}}
{"address":"0x7fb1f8024570", "type":"STRING", "class":"0x7fb1f80b7578", "embedded":true, "bytesize":2, "value":">=", "encoding":"UTF-8", "memsize":40, "flags":{"wb_protected":true, "old":true, "uncollectible":true, "marked":true}}
{"address":"0x7fb1f8024598", "type":"STRING", "class":"0x7fb1f80b7578", "embedded":true, "bytesize":10, "value":"$(INSTALL)", "memsize":40, "flags":{"wb_protected":true, "old":true, "uncollectible":true, "marked":true}}
{"address":"0x7fb1f80245c0", "type":"STRING", "class":"0x7fb1f80b7578", "embedded":true, "bytesize":17, "value":"$(INSTALL) -m 644", "memsize":40, "flags":{"wb_protected":true, "old":true, "uncollectible":true, "marked":true}}
{"address":"0x7fb1f80245e8", "type":"IMEMO", "imemo_type":"iseq", "references":["0x7fb1f805e220", "0x7fb1f805e220", "0x7fb1f808c788"], "memsize":556, "flags":{"wb_protected":true, "old":true, "uncollectible":true, "marked":true}}
{"address":"0x7fb1f8024610", "type":"STRING", "class":"0x7fb1f80b7578", "frozen":true, "fstring":true, "bytesize":33, "value":"ensure_default_gem_subdirectories", "encoding":"US-ASCII", "memsize":74, "flags":{"wb_protected":true, "old":true, "uncollectible":true, "marked":true}}
{"address":"0x7fb1f8024638", "type":"STRING", "class":"0x7fb1f80b7578", "embedded":true, "bytesize":8, "value":"mkdir -p", "memsize":40, "flags":{"wb_protected":true, "old":true, "uncollectible":true, "marked":true}}
{"address":"0x7fb1f8024660", "type":"STRING", "class":"0x7fb1f80b7578", "embedded":true, "bytesize":8, "value":"mkdir -p", "memsize":40, "flags":{"wb_protected":true, "old":true, "uncollectible":true, "marked":true}}
{"address":"0x7fb1f8024688", "type":"STRING", "class":"0x7fb1f80b7578", "embedded":true, "bytesize":0, "value":"", "memsize":40, "flags":{"wb_protected":true, "old":true, "uncollectible":true, "marked":true}}
{"address":"0x7fb1f80246b0", "type":"STRING", "class":"0x7fb1f80b7578", "embedded":true, "bytesize":0, "value":"", "memsize":40, "flags":{"wb_protected":true, "old":true, "uncollectible":true, "marked":true}}
{"address":"0x7fb1f80246d8", "type":"STRING", "class":"0x7fb1f80b7578", "embedded":true, "bytesize":10, "value":"pkg-config", "memsize":40, "flags":{"wb_protected":true, "old":true, "uncollectible":true, "marked":true}}
{"address":"0x7fb1f8024700", "type":"STRING", "class":"0x7fb1f80b7578", "embedded":true, "bytesize":5, "value":"rm -f", "memsize":40, "flags":{"wb_protected":true, "old":true, "uncollectible":true, "marked":true}}
{"address":"0x7fb1f8024728", "type":"STRING", "class":"0x7fb1f80b7578", "embedded":true, "bytesize":2, "value":"cp", "memsize":40, "flags":{"wb_protected":true, "old":true, "uncollectible":true, "marked":true}}
{"address":"0x7fb1f8024750", "type":"STRING", "class":"0x7fb1f80b7578", "embedded":true, "bytesize":5, "value":"rmdir", "memsize":40, "flags":{"wb_protected":true, "old":true, "uncollectible":true, "marked":true}}
{"address":"0x7fb1f8024778", "type":"STRING", "class":"0x7fb1f80b7578", "embedded":true, "bytesize":8, "value":"rmdir -p", "memsize":40, "flags":{"wb_protected":true, "old":true, "uncollectible":true, "marked":true}}
{"address":"0x7fb1f80247a0", "type":"STRING", "class":"0x7fb1f80b7578", "embedded":true, "bytesize":6, "value":"rm -fr", "memsize":40, "flags":{"wb_protected":true, "old":true, "uncollectible":true, "marked":true}}
{"address":"0x7fb1f80247c8", "type":"STRING", "class":"0x7fb1f80b7578", "embedded":true, "bytesize":5, "value":"cd -P", "memsize":40, "flags":{"wb_protected":true, "old":true, "uncollectible":true, "marked":true}}
{"address":"0x7fb1f80247f0", "type":"STRING", "class":"0x7fb1f80b7578", "embedded":true, "bytesize":7, "value":"-Werror", "memsize":40, "flags":{"wb_protected":true, "old":true, "uncollectible":true, "marked":true}}
{"address":"0x7fb1f8024818", "type":"IMEMO", "imemo_type":"iseq", "references":["0x7fb1f8067a00", "0x7fb1f8067a00", "0x7fb1f808c788"], "memsize":852, "flags":{"wb_protected":true, "old":true, "uncollectible":true, "marked":true}}
{"address":"0x7fb1f8024840", "type":"STRING", "class":"0x7fb1f80b7578", "shared":true, "references":["0x7fb1f80347e0"], "memsize":40, "flags":{"wb_protected":true, "old":true, "uncollectible":true, "marked":true}}
{"address":"0x7fb1f8024868", "type":"STRING", "class":"0x7fb1f80b7578", "frozen":true, "embedded":true, "fstring":true, "bytesize":21, "value":"ensure_subdirectories", "encoding":"US-ASCII", "memsize":40, "flags":{"wb_protected":true, "old":true, "uncollectible":true, "marked":true}}
{"address":"0x7fb1f8024890", "type":"STRING", "class":"0x7fb1f80b7578", "embedded":true, "bytesize":8, "value":"codesign", "memsize":40, "flags":{"wb_protected":true, "old":true, "uncollectible":true, "marked":true}}
{"address":"0x7fb1f80248b8", "type":"STRING", "class":"0x7fb1f80b7578", "embedded":true, "bytesize":8, "value":"dsymutil", "memsize":40, "flags":{"wb_protected":true, "old":true, "uncollectible":true, "marked":true}}
{"address":"0x7fb1f80248e0", "type":"IMEMO", "imemo_type":"iseq", "references":["0x7fb1f801f7c8", "0x7fb1f801f7c8", "0x7fb1f808c788"], "memsize":1228, "flags":{"wb_protected":true, "old":true, "uncollectible":true, "marked":true}}
{"address":"0x7fb1f8024908", "type":"STRING", "class":"0x7fb1f80b7578", "frozen":true, "fstring":true, "bytesize":25, "value":"ensure_gem_subdirectories", "encoding":"US-ASCII", "memsize":66, "flags":{"wb_protected":true, "old":true, "uncollectible":true, "marked":true}}
{"address":"0x7fb1f8024930", "type":"STRING", "class":"0x7fb1f80b7578", "embedded":true, "bytesize":3, "value":"yes", "memsize":40, "flags":{"wb_protected":true, "old":true, "uncollectible":true, "marked":true}}
{"address":"0x7fb1f8024958", "type":"STRING", "class":"0x7fb1f80b7578", "embedded":true, "bytesize":0, "value":"", "memsize":40, "flags":{"wb_protected":true, "old":true, "uncollectible":true, "marked":true}}
{"address":"0x7fb1f8024980", "type":"STRING", "class":"0x7fb1f80b7578", "shared":true, "references":["0x7fb1f8034b28"], "memsize":40, "flags":{"wb_protected":true, "old":true, "uncollectible":true, "marked":true}}
{"address":"0x7fb1f80249a8", "type":"STRING", "class":"0x7fb1f80b7578", "embedded":true, "bytesize":0, "value":"", "memsize":40, "flags":{"wb_protected":true, "old":true, "uncollectible":true, "marked":true}}
{"address":"0x7fb1f80249d0", "type":"STRING", "class":"0x7fb1f80b7578", "embedded":true, "bytesize":0, "value":"", "memsize":40, "flags":{"wb_protected":true, "old":true, "uncollectible":true, "marked":true}}
{"address":"0x7fb1f80249f8", "type":"STRING", "class":"0x7fb1f80b7578", "embedded":true, "bytesize":11, "value":"-fno-common", "memsize":40, "flags":{"wb_protected":true, "old":true, "uncollectible":true, "marked":true}}
{"address":"0x7fb1f8024a20", "type":"STRING", "class":"0x7fb1f80b7578", "embedded":true, "bytesize":22, "value":"$(CC) -dynamic -bundle", "memsize":40, "flags":{"wb_protected":true, "old":true, "uncollectible":true, "marked":true}}
{"address":"0x7fb1f8024a48", "type":"STRING", "class":"0x7fb1f80b7578", "embedded":true, "bytesize":23, "value":"$(CXX) -dynamic -bundle", "memsize":40, "flags":{"wb_protected":true, "old":true, "uncollectible":true, "marked":true}}
{"address":"0x7fb1f8024a70", "type":"STRING", "class":"0x7fb1f80b7578", "embedded":true, "bytesize":6, "value":"bundle", "memsize":40, "flags":{"wb_protected":true, "old":true, "uncollectible":true, "marked":true}}
{"address":"0x7fb1f8024a98", "type":"STRING", "class":"0x7fb1f80b7578", "embedded":true, "bytesize":0, "value":"", "memsize":40, "flags":{"wb_protected":true, "old":true, "uncollectible":true, "marked":true}}
{"address":"0x7fb1f8024ac0", "type":"STRING", "class":"0x7fb1f80b7578", "embedded":true, "bytesize":1, "value":"a", "memsize":40, "flags":{"wb_protected":true, "old":true, "uncollectible":true, "marked":true}}
{"address":"0x7fb1f8024ae8", "type":"STRING", "class":"0x7fb1f80b7578", "embedded":true, "bytesize":1, "value":"S", "memsize":40, "flags":{"wb_protected":true, "old":true, "uncollectible":true, "marked":true}}
{"address":"0x7fb1f8024b10", "type":"STRING", "class":"0x7fb1f80b7578", "embedded":true, "bytesize":12, "value":"\n$(POSTLINK)", "memsize":40, "flags":{"wb_protected":true, "old":true, "uncollectible":true, "marked":true}}
{"address":"0x7fb1f8024b38", "type":"IMEMO", "imemo_type":"iseq", "references":["0x7fb1f8024c50", "0x7fb1f806c6e0", "0x7fb1f811a538", "0x7fb1f8025128"], "memsize":584, "flags":{"wb_protected":true, "old":true, "uncollectible":true, "marked":true}}
{"address":"0x7fb1f8024b60", "type":"STRING", "class":"0x7fb1f80b7578", "embedded":true, "bytesize":5, "value":" -L%s", "memsize":40, "flags":{"wb_protected":true, "old":true, "uncollectible":true, "marked":true}}
{"address":"0x7fb1f8024b88", "type":"STRING", "class":"0x7fb1f80b7578", "frozen":true, "embedded":true, "fstring":true, "bytesize":14, "value":"spec_cache_dir", "encoding":"US-ASCII", "memsize":40, "flags":{"wb_protected":true, "old":true, "uncollectible":true, "marked":true}}
{"address":"0x7fb1f8024bb0", "type":"STRING", "class":"0x7fb1f80b7578", "embedded":true, "bytesize":0, "value":"", "memsize":40, "flags":{"wb_protected":true, "old":true, "uncollectible":true, "marked":true}}
{"address":"0x7fb1f8024bd8", "type":"STRING", "class":"0x7fb1f80b7578", "shared":true, "references":["0x7fb1f80352a8"], "memsize":40, "flags":{"wb_protected":true, "old":true, "uncollectible":true, "marked":true}}
{"address":"0x7fb1f8024c00", "type":"STRING", "class":"0x7fb1f80b7578", "embedded":true, "bytesize":21, "value":"DYLD_INSERT_LIBRARIES", "memsize":40, "flags":{"wb_protected":true, "old":true, "uncollectible":true, "marked":true}}
{"address":"0x7fb1f8024c28", "type":"STRING", "class":"0x7fb1f80b7578", "embedded":true, "bytesize":0, "value":"", "memsize":40, "flags":{"wb_protected":true, "old":true, "uncollectible":true, "marked":true}}
{"address":"0x7fb1f8024c50", "type":"STRING", "class":"0x7fb1f80b7578", "frozen":true, "fstring":true, "bytesize":28, "capacity":47, "value":"rescue in require_io_console", "memsize":88, "flags":{"wb_protected":true, "old":true, "uncollectible":true, "marked":true}}
{"address":"0x7fb1f8024c78", "type":"STRING", "class":"0x7fb1f80b7578", "embedded":true, "bytesize":5, "value":"dylib", "memsize":40, "flags":{"wb_protected":true, "old":true, "uncollectible":true, "marked":true}}
{"address":"0x7fb1f8024ca0", "type":"STRING", "class":"0x7fb1f80b7578", "embedded":true, "bytesize":11, "value":"strip -A -n", "memsize":40, "flags":{"wb_protected":true, "old":true, "uncollectible":true, "marked":true}}
{"address":"0x7fb1f8024cc8", "type":"STRING", "class":"0x7fb1f80b7578", "embedded":true, "bytesize":0, "value":"", "memsize":40, "flags":{"wb_protected":true, "old":true, "uncollectible":true, "marked":true}}
{"address":"0x7fb1f8024cf0", "type":"STRING", "class":"0x7fb1f80b7578", "embedded":true, "bytesize":0, "value":"", "memsize":40, "flags":{"wb_protected":true, "old":true, "uncollectible":true, "marked":true}}
{"address":"0x7fb1f8024d40", "type":"STRING", "class":"0x7fb1f80b7578", "embedded":true, "bytesize":5, "value":"Setup", "memsize":40, "flags":{"wb_protected":true, "old":true, "uncollectible":true, "marked":true}}
{"address":"0x7fb1f8024d68", "type":"STRING", "class":"0x7fb1f80b7578", "shared":true, "references":["0x7fb1f80356b8"], "memsize":40, "flags":{"wb_protected":true, "old":true, "uncollectible":true, "marked":true}}
{"address":"0x7fb1f8024d90", "type":"STRING", "class":"0x7fb1f80b7578", "embedded":true, "bytesize":3, "value":"yes", "memsize":40, "flags":{"wb_protected":true, "old":true, "uncollectible":true, "marked":true}}
{"address":"0x7fb1f8024db8", "type":"STRING", "class":"0x7fb1f80b7578", "embedded":true, "bytesize":2, "value":"no", "memsize":40, "flags":{"wb_protected":true, "old":true, "uncollectible":true, "marked":true}}
{"address":"0x7fb1f8024de0", "type":"STRING", "class":"0x7fb1f80b7578", "shared":true, "references":["0x7fb1f80357f8"], "memsize":40, "flags":{"wb_protected":true, "old":true, "uncollectible":true, "marked":true}}
{"address":"0x7fb1f8024e08", "type":"STRING", "class":"0x7fb1f80b7578", "embedded":true, "bytesize":4, "value":".ext", "memsize":40, "flags":{"wb_protected":true, "old":true, "uncollectible":true, "marked":true}}
{"address":"0x7fb1f8024e30", "type":"STRING", "class":"0x7fb1f80b7578", "embedded":true, "bytesize":2, "value":"no", "memsize":40, "flags":{"wb_protected":true, "old":true, "uncollectible":true, "marked":true}}
{"address":"0x7fb1f8024e58", "type":"STRING", "class":"0x7fb1f80b7578", "embedded":true, "bytesize":0, "value":"", "memsize":40, "flags":{"wb_protected":true, "old":true, "uncollectible":true, "marked":true}}
{"address":"0x7fb1f8024e80", "type":"STRING", "class":"0x7fb1f80b7578", "frozen":true, "embedded":true, "fstring":true, "bytesize":9, "value":"stubs_for", "encoding":"US-ASCII", "memsize":40, "flags":{"wb_protected":true, "old":true, "uncollectible":true, "marked":true}}
{"address":"0x7fb1f8024ea8", "type":"STRING", "class":"0x7fb1f80b7578", "embedded":true, "bytesize":0, "value":"", "memsize":40, "flags":{"wb_protected":true, "old":true, "uncollectible":true, "marked":true}}
{"address":"0x7fb1f8024ed0", "type":"STRING", "class":"0x7fb1f80b7578", "frozen":true, "embedded":true, "fstring":true, "bytesize":5, "value":"dirs=", "encoding":"US-ASCII", "memsize":40, "flags":{"wb_protected":true, "old":true, "uncollectible":true, "marked":true}}
{"address":"0x7fb1f8024ef8", "type":"STRING", "class":"0x7fb1f80b7578", "embedded":true, "bytesize":3, "value":"yes", "memsize":40, "flags":{"wb_protected":true, "old":true, "uncollectible":true, "marked":true}}
{"address":"0x7fb1f8024f20", "type":"STRING", "class":"0x7fb1f80b7578", "frozen":true, "embedded":true, "fstring":true, "bytesize":4, "value":"dirs", "encoding":"US-ASCII", "memsize":40, "flags":{"wb_protected":true, "old":true, "uncollectible":true, "marked":true}}
{"address":"0x7fb1f8024f48", "type":"STRING", "class":"0x7fb1f80b7578", "embedded":true, "bytesize":3, "value":"yes", "memsize":40, "flags":{"wb_protected":true, "old":true, "uncollectible":true, "marked":true}}
{"address":"0x7fb1f8024f70", "type":"STRING", "class":"0x7fb1f80b7578", "embedded":true, "bytesize":5, "value":"dln.o", "memsize":40, "flags":{"wb_protected":true, "old":true, "uncollectible":true, "marked":true}}
{"address":"0x7fb1f8024f98", "type":"STRING", "class":"0x7fb1f80b7578", "embedded":true, "bytesize":0, "value":"", "memsize":40, "flags":{"wb_protected":true, "old":true, "uncollectible":true, "marked":true}}
{"address":"0x7fb1f8024fe8", "type":"STRING", "class":"0x7fb1f80b7578", "embedded":true, "bytesize":1, "value":":", "memsize":40, "flags":{"wb_protected":true, "old":true, "uncollectible":true, "marked":true}}
{"address":"0x7fb1f8025010", "type":"STRING", "class":"0x7fb1f80b7578", "embedded":true, "bytesize":3, "value":"-O3", "memsize":40, "flags":{"wb_protected":true, "old":true, "uncollectible":true, "marked":true}}
{"address":"0x7fb1f8025038", "type":"STRING", "class":"0x7fb1f80b7578", "embedded":true, "bytesize":6, "value":"-ggdb3", "memsize":40, "flags":{"wb_protected":true, "old":true, "uncollectible":true, "marked":true}}
{"address":"0x7fb1f8025060", "type":"STRING", "class":"0x7fb1f80b7578", "shared":true, "references":["0x7fb1f8035e88"], "memsize":40, "flags":{"wb_protected":true, "old":true, "uncollectible":true, "marked":true}}
{"address":"0x7fb1f8025088", "type":"STRING", "class":"0x7fb1f80b7578", "embedded":true, "bytesize":10, "value":"-std=gnu99", "memsize":40, "flags":{"wb_protected":true, "old":true, "uncollectible":true, "marked":true}}
{"address":"0x7fb1f80250b0", "type":"STRING", "class":"0x7fb1f80b7578", "embedded":true, "bytesize":0, "value":"", "memsize":40, "flags":{"wb_protected":true, "old":true, "uncollectible":true, "marked":true}}
{"address":"0x7fb1f80250d8", "type":"STRING", "class":"0x7fb1f80b7578", "embedded":true, "bytesize":0, "value":"", "memsize":40, "flags":{"wb_protected":true, "old":true, "uncollectible":true, "marked":true}}
{"address":"0x7fb1f8025100", "type":"STRING", "class":"0x7fb1f80b7578", "embedded":true, "bytesize":0, "value":"", "memsize":40, "flags":{"wb_protected":true, "old":true, "uncollectible":true, "marked":true}}
{"address":"0x7fb1f8025128", "type":"IMEMO", "imemo_type":"iseq", "references":["0x7fb1f801fdb8", "0x7fb1f806c6e0", "0x7fb1f806c6e0", "0x7fb1f811a538", "0x7fb1f8024b38"], "memsize":828, "flags":{"wb_protected":true, "old":true, "uncollectible":true, "marked":true}}
{"address":"0x7fb1f8025150", "type":"STRING", "class":"0x7fb1f80b7578", "embedded":true, "bytesize":0, "value":"", "memsize":40, "flags":{"wb_protected":true, "old":true, "uncollectible":true, "marked":true}}
{"address":"0x7fb1f80251a0", "type":"IMEMO", "imemo_type":"iseq", "references":["0x7fb1f80255b0", "0x7fb1f81188a0", "0x7fb1f81188a0", "0x7fb1f811a538"], "memsize":1500, "flags":{"wb_protected":true, "old":true, "uncollectible":true, "marked":true}}
{"address":"0x7fb1f80251c8", "type":"STRING", "class":"0x7fb1f80b7578", "shared":true, "references":["0x7fb1f8036130"], "memsize":40, "flags":{"wb_protected":true, "old":true, "uncollectible":true, "marked":true}}
{"address":"0x7fb1f80251f0", "type":"STRING", "class":"0x7fb1f80b7578", "shared":true, "references":["0x7fb1f80361f8"], "memsize":40, "flags":{"wb_protected":true, "old":true, "uncollectible":true, "marked":true}}
{"address":"0x7fb1f8025218", "type":"STRING", "class":"0x7fb1f80b7578", "shared":true, "references":["0x7fb1f8036298"], "memsize":40, "flags":{"wb_protected":true, "old":true, "uncollectible":true, "marked":true}}
{"address":"0x7fb1f8025240", "type":"STRING", "class":"0x7fb1f80b7578", "shared":true, "references":["0x7fb1f8036338"], "memsize":40, "flags":{"wb_protected":true, "old":true, "uncollectible":true, "marked":true}}
{"address":"0x7fb1f8025268", "type":"STRING", "class":"0x7fb1f80b7578", "embedded":true, "bytesize":12, "value":"$(LIBRUBY_A)", "memsize":40, "flags":{"wb_protected":true, "old":true, "uncollectible":true, "marked":true}}
{"address":"0x7fb1f8025290", "type":"STRING", "class":"0x7fb1f80b7578", "frozen":true, "embedded":true, "fstring":true, "bytesize":9, "value":"Deprecate", "encoding":"US-ASCII", "memsize":40, "flags":{"wb_protected":true, "old":true, "uncollectible":true, "marked":true}}
{"address":"0x7fb1f80252b8", "type":"STRING", "class":"0x7fb1f80b7578", "embedded":true, "bytesize":20, "value":"$(LIBRUBYARG_STATIC)", "memsize":40, "flags":{"wb_protected":true, "old":true, "uncollectible":true, "marked":true}}
{"address":"0x7fb1f80252e0", "type":"STRING", "class":"0x7fb1f80b7578", "shared":true, "references":["0x7fb1f8036590"], "memsize":40, "flags":{"wb_protected":true, "old":true, "uncollectible":true, "marked":true}}
{"address":"0x7fb1f8025308", "type":"STRING", "class":"0x7fb1f80b7578", "embedded":true, "bytesize":0, "value":"", "memsize":40, "flags":{"wb_protected":true, "old":true, "uncollectible":true, "marked":true}}
{"address":"0x7fb1f8025330", "type":"STRING", "class":"0x7fb1f80b7578", "embedded":true, "bytesize":11, "value":"$(MAINLIBS)", "memsize":40, "flags":{"wb_protected":true, "old":true, "uncollectible":true, "marked":true}}
{"address":"0x7fb1f8025358", "type":"STRING", "class":"0x7fb1f80b7578", "embedded":true, "bytesize":0, "value":"", "memsize":40, "flags":{"wb_protected":true, "old":true, "uncollectible":true, "marked":true}}
{"address":"0x7fb1f8025380", "type":"STRING", "class":"0x7fb1f80b7578", "embedded":true, "bytesize":17, "value":"$(CC) -dynamiclib", "memsize":40, "flags":{"wb_protected":true, "old":true, "uncollectible":true, "marked":true}}
{"address":"0x7fb1f80253a8", "type":"STRING", "class":"0x7fb1f80b7578", "frozen":true, "embedded":true, "fstring":true, "bytesize":14, "value":"GEM_SPEC_CACHE", "encoding":"UTF-8", "memsize":40, "flags":{"wb_protected":true, "old":true, "uncollectible":true, "marked":true}}
{"address":"0x7fb1f80253d0", "type":"STRING", "class":"0x7fb1f80b7578", "embedded":true, "bytesize":2, "value":"no", "memsize":40, "flags":{"wb_protected":true, "old":true, "uncollectible":true, "marked":true}}
{"address":"0x7fb1f80253f8", "type":"STRING", "class":"0x7fb1f80b7578", "shared":true, "references":["0x7fb1f8036928"], "memsize":40, "flags":{"wb_protected":true, "old":true, "uncollectible":true, "marked":true}}
{"address":"0x7fb1f8025420", "type":"STRING", "class":"0x7fb1f80b7578", "embedded":true, "bytesize":0, "value":"", "memsize":40, "flags":{"wb_protected":true, "old":true, "uncollectible":true, "marked":true}}
{"address":"0x7fb1f8025448", "type":"STRING", "class":"0x7fb1f80b7578", "frozen":true, "embedded":true, "fstring":true, "bytesize":8, "value":"GEM_PATH", "encoding":"UTF-8", "memsize":40, "flags":{"wb_protected":true, "old":true, "uncollectible":true, "marked":true}}
{"address":"0x7fb1f8025470", "type":"STRING", "class":"0x7fb1f80b7578", "embedded":true, "bytesize":0, "value":"", "memsize":40, "flags":{"wb_protected":true, "old":true, "uncollectible":true, "marked":true}}
{"address":"0x7fb1f8025498", "type":"STRING", "class":"0x7fb1f80b7578", "embedded":true, "bytesize":0, "value":"", "memsize":40, "flags":{"wb_protected":true, "old":true, "uncollectible":true, "marked":true}}
{"address":"0x7fb1f80254c0", "type":"STRING", "class":"0x7fb1f80b7578", "embedded":true, "bytesize":0, "value":"", "memsize":40, "flags":{"wb_protected":true, "old":true, "uncollectible":true, "marked":true}}
{"address":"0x7fb1f80254e8", "type":"STRING", "class":"0x7fb1f80b7578", "frozen":true, "embedded":true, "fstring":true, "bytesize":8, "value":"GEM_HOME", "encoding":"UTF-8", "memsize":40, "flags":{"wb_protected":true, "old":true, "uncollectible":true, "marked":true}}
{"address":"0x7fb1f8025510", "type":"STRING", "class":"0x7fb1f80b7578", "embedded":true, "bytesize":1, "value":"_", "memsize":40, "flags":{"wb_protected":true, "old":true, "uncollectible":true, "marked":true}}
{"address":"0x7fb1f8025538", "type":"STRING", "class":"0x7fb1f80b7578", "embedded":true, "bytesize":7, "value":"pthread", "memsize":40, "flags":{"wb_protected":true, "old":true, "uncollectible":true, "marked":true}}
{"address":"0x7fb1f8025560", "type":"STRING", "class":"0x7fb1f80b7578", "embedded":true, "bytesize":0, "value":"", "memsize":40, "flags":{"wb_protected":true, "old":true, "uncollectible":true, "marked":true}}
{"address":"0x7fb1f8025588", "type":"STRING", "class":"0x7fb1f80b7578", "embedded":true, "bytesize":20, "value":"Makefile GNUmakefile", "memsize":40, "flags":{"wb_protected":true, "old":true, "uncollectible":true, "marked":true}}
{"address":"0x7fb1f80255b0", "type":"STRING", "class":"0x7fb1f80b7578", "frozen":true, "embedded":true, "fstring":true, "bytesize":2, "value":"  ", "encoding":"UTF-8", "memsize":40, "flags":{"wb_protected":true, "old":true, "uncollectible":true, "marked":true}}
{"address":"0x7fb1f80255d8", "type":"STRING", "class":"0x7fb1f80b7578", "frozen":true, "embedded":true, "fstring":true, "bytesize":1, "value":"v", "encoding":"US-ASCII", "memsize":40, "flags":{"wb_protected":true, "old":true, "uncollectible":true, "marked":true}}
{"address":"0x7fb1f8025600", "type":"STRING", "class":"0x7fb1f80b7578", "shared":true, "references":["0x7fb1f8036dd8"], "memsize":40, "flags":{"wb_protected":true, "old":true, "uncollectible":true, "marked":true}}
{"address":"0x7fb1f8025628", "type":"STRING", "class":"0x7fb1f80b7578", "frozen":true, "embedded":true, "fstring":true, "bytesize":1, "value":"k", "encoding":"US-ASCII", "memsize":40, "flags":{"wb_protected":true, "old":true, "uncollectible":true, "marked":true}}
{"address":"0x7fb1f8025650", "type":"STRING", "class":"0x7fb1f80b7578", "shared":true, "references":["0x7fb1f8036ec8"], "memsize":40, "flags":{"wb_protected":true, "old":true, "uncollectible":true, "marked":true}}
{"address":"0x7fb1f8025678", "type":"STRING", "class":"0x7fb1f80b7578", "shared":true, "references":["0x7fb1f8036f68"], "memsize":40, "flags":{"wb_protected":true, "old":true, "uncollectible":true, "marked":true}}
{"address":"0x7fb1f80256a0", "type":"STRING", "class":"0x7fb1f80b7578", "embedded":true, "bytesize":2, "value":"ri", "memsize":40, "flags":{"wb_protected":true, "old":true, "uncollectible":true, "marked":true}}
{"address":"0x7fb1f80256c8", "type":"STRING", "class":"0x7fb1f80b7578", "embedded":true, "bytesize":12, "value":"3\t/* full */", "memsize":40, "flags":{"wb_protected":true, "old":true, "uncollectible":true, "marked":true}}
{"address":"0x7fb1f80256f0", "type":"IMEMO", "imemo_type":"iseq", "references":["0x7fb1f80255b0", "0x7fb1f8118a58", "0x7fb1f8118a58", "0x7fb1f811a538"], "memsize":1484, "flags":{"wb_protected":true, "old":true, "uncollectible":true, "marked":true}}
{"address":"0x7fb1f8025718", "type":"STRING", "class":"0x7fb1f80b7578", "frozen":true, "embedded":true, "fstring":true, "bytesize":3, "value":"env", "encoding":"US-ASCII", "memsize":40, "flags":{"wb_protected":true, "old":true, "uncollectible":true, "marked":true}}
{"address":"0x7fb1f8025740", "type":"STRING", "class":"0x7fb1f80b7578", "embedded":true, "bytesize":0, "value":"", "memsize":40, "flags":{"wb_protected":true, "old":true, "uncollectible":true, "marked":true}}
{"address":"0x7fb1f8025768", "type":"STRING", "class":"0x7fb1f80b7578", "frozen":true, "embedded":true, "fstring":true, "bytesize":6, "value":"paths=", "encoding":"US-ASCII", "memsize":40, "flags":{"wb_protected":true, "old":true, "uncollectible":true, "marked":true}}
{"address":"0x7fb1f8025790", "type":"STRING", "class":"0x7fb1f80b7578", "shared":true, "references":["0x7fb1f803cbc0"], "memsize":40, "flags":{"wb_protected":true, "old":true, "uncollectible":true, "marked":true}}
{"address":"0x7fb1f80257b8", "type":"STRING", "class":"0x7fb1f80b7578", "embedded":true, "bytesize":6, "value":"libdir", "memsize":40, "flags":{"wb_protected":true, "old":true, "uncollectible":true, "marked":true}}
{"address":"0x7fb1f80257e0", "type":"STRING", "class":"0x7fb1f80b7578", "embedded":true, "bytesize":17, "value":"$(libdir)/$(arch)", "memsize":40, "flags":{"wb_protected":true, "old":true, "uncollectible":true, "marked":true}}
{"address":"0x7fb1f8025808", "type":"STRING", "class":"0x7fb1f80b7578", "embedded":true, "bytesize":21, "value":"$(libdir)/$(sitearch)", "memsize":40, "flags":{"wb_protected":true, "old":true, "uncollectible":true, "marked":true}}
{"address":"0x7fb1f8025830", "type":"STRING", "class":"0x7fb1f80b7578", "embedded":true, "bytesize":21, "value":"$(includedir)/$(arch)", "memsize":40, "flags":{"wb_protected":true, "old":true, "uncollectible":true, "marked":true}}
{"address":"0x7fb1f8025858", "type":"STRING", "class":"0x7fb1f80b7578", "shared":true, "references":["0x7fb1f80375a8"], "memsize":40, "flags":{"wb_protected":true, "old":true, "uncollectible":true, "marked":true}}
{"address":"0x7fb1f8025880", "type":"STRING", "class":"0x7fb1f80b7578", "embedded":true, "bytesize":15, "value":"x86_64-darwin17", "memsize":40, "flags":{"wb_protected":true, "old":true, "uncollectible":true, "marked":true}}
{"address":"0x7fb1f80258a8", "type":"STRING", "class":"0x7fb1f80b7578", "embedded":true, "bytesize":7, "value":"$(arch)", "memsize":40, "flags":{"wb_protected":true, "old":true, "uncollectible":true, "marked":true}}
{"address":"0x7fb1f80258d0", "type":"STRING", "class":"0x7fb1f80b7578", "embedded":true, "bytesize":5, "value":"2.7.0", "memsize":40, "flags":{"wb_protected":true, "old":true, "uncollectible":true, "marked":true}}
{"address":"0x7fb1f80258f8", "type":"STRING", "class":"0x7fb1f80b7578", "shared":true, "references":["0x7fb1f80378c8"], "memsize":40, "flags":{"wb_protected":true, "old":true, "uncollectible":true, "marked":true}}
{"address":"0x7fb1f8025920", "type":"STRING", "class":"0x7fb1f80b7578", "frozen":true, "embedded":true, "fstring":true, "bytesize":11, "value":"PathSupport", "encoding":"US-ASCII", "memsize":40, "flags":{"wb_protected":true, "old":true, "uncollectible":true, "marked":true}}
{"address":"0x7fb1f8025948", "type":"STRING", "class":"0x7fb1f80b7578", "embedded":true, "bytesize":21, "value":"$(rubylibdir)/$(arch)", "memsize":40, "flags":{"wb_protected":true, "old":true, "uncollectible":true, "marked":true}}
{"address":"0x7fb1f8025998", "type":"STRING", "class":"0x7fb1f80b7578", "shared":true, "references":["0x7fb1f8037a58"], "memsize":40, "flags":{"wb_protected":true, "old":true, "uncollectible":true, "marked":true}}
{"address":"0x7fb1f80259c0", "type":"STRING", "class":"0x7fb1f80b7578", "frozen":true, "embedded":true, "fstring":true, "bytesize":5, "value":"paths", "encoding":"US-ASCII", "memsize":40, "flags":{"wb_protected":true, "old":true, "uncollectible":true, "marked":true}}
{"address":"0x7fb1f80259e8", "type":"STRING", "class":"0x7fb1f80b7578", "shared":true, "references":["0x7fb1f8037b20"], "memsize":40, "flags":{"wb_protected":true, "old":true, "uncollectible":true, "marked":true}}
{"address":"0x7fb1f8025a10", "type":"STRING", "class":"0x7fb1f80b7578", "shared":true, "references":["0x7fb1f8037be8"], "memsize":40, "flags":{"wb_protected":true, "old":true, "uncollectible":true, "marked":true}}
{"address":"0x7fb1f8025a38", "type":"STRING", "class":"0x7fb1f80b7578", "shared":true, "references":["0x7fb1f8037cb0"], "memsize":40, "flags":{"wb_protected":true, "old":true, "uncollectible":true, "marked":true}}
{"address":"0x7fb1f8025a60", "type":"STRING", "class":"0x7fb1f80b7578", "shared":true, "references":["0x7fb1f8037d78"], "memsize":40, "flags":{"wb_protected":true, "old":true, "uncollectible":true, "marked":true}}
{"address":"0x7fb1f8025a88", "type":"STRING", "class":"0x7fb1f80b7578", "shared":true, "references":["0x7fb1f8037e40"], "memsize":40, "flags":{"wb_protected":true, "old":true, "uncollectible":true, "marked":true}}
{"address":"0x7fb1f8025ab0", "type":"STRING", "class":"0x7fb1f80b7578", "embedded":true, "bytesize":9, "value":"configure", "memsize":40, "flags":{"wb_protected":true, "old":true, "uncollectible":true, "marked":true}}
{"address":"0x7fb1f8025ad8", "type":"STRING", "class":"0x7fb1f80b7578", "frozen":true, "embedded":true, "fstring":true, "bytesize":5, "value":"EMPTY", "encoding":"US-ASCII", "memsize":40, "flags":{"wb_protected":true, "old":true, "uncollectible":true, "marked":true}}
{"address":"0x7fb1f8025b00", "type":"STRING", "class":"0x7fb1f80b7578", "shared":true, "references":["0x7fb1f803dd18"], "memsize":40, "flags":{"wb_protected":true, "old":true, "uncollectible":true, "marked":true}}
{"address":"0x7fb1f8025b28", "type":"STRING", "class":"0x7fb1f80b7578", "frozen":true, "embedded":true, "fstring":true, "bytesize":7, "value":"Deflate", "encoding":"US-ASCII", "memsize":40, "flags":{"wb_protected":true, "old":true, "uncollectible":true, "marked":true}}
{"address":"0x7fb1f8025b50", "type":"STRING", "class":"0x7fb1f80b7578", "embedded":true, "bytesize":0, "value":"", "memsize":40, "flags":{"wb_protected":true, "old":true, "uncollectible":true, "marked":true}}
{"address":"0x7fb1f8025b78", "type":"STRING", "class":"0x7fb1f80b7578", "frozen":true, "embedded":true, "fstring":true, "bytesize":4, "value":"Zlib", "encoding":"US-ASCII", "memsize":40, "flags":{"wb_protected":true, "old":true, "uncollectible":true, "marked":true}}
{"address":"0x7fb1f8025ba0", "type":"STRING", "class":"0x7fb1f80b7578", "embedded":true, "bytesize":0, "value":"", "memsize":40, "flags":{"wb_protected":true, "old":true, "uncollectible":true, "marked":true}}
{"address":"0x7fb1f8025bc8", "type":"STRING", "class":"0x7fb1f80b7578", "embedded":true, "bytesize":0, "value":"", "memsize":40, "flags":{"wb_protected":true, "old":true, "uncollectible":true, "marked":true}}
{"address":"0x7fb1f8025c18", "type":"STRING", "class":"0x7fb1f80b7578", "shared":true, "references":["0x7fb1f803c1e8"], "memsize":40, "flags":{"wb_protected":true, "old":true, "uncollectible":true, "marked":true}}
{"address":"0x7fb1f8025c40", "type":"STRING", "class":"0x7fb1f80b7578", "embedded":true, "bytesize":23, "value":"$(rubyhdrdir)/site_ruby", "memsize":40, "flags":{"wb_protected":true, "old":true, "uncollectible":true, "marked":true}}
{"address":"0x7fb1f8025c68", "type":"ARRAY", "class":"0x7fb1f8097228", "length":1, "embedded":true, "references":["0x7fb1f80f3780"], "memsize":40, "flags":{"wb_protected":true, "old":true, "uncollectible":true, "marked":true}}
{"address":"0x7fb1f8025c90", "type":"STRING", "class":"0x7fb1f80b7578", "frozen":true, "embedded":true, "fstring":true, "bytesize":4, "value":"data", "encoding":"US-ASCII", "memsize":40, "flags":{"wb_protected":true, "old":true, "uncollectible":true, "marked":true}}
{"address":"0x7fb1f8025cb8", "type":"STRING", "class":"0x7fb1f80b7578", "shared":true, "references":["0x7fb1f803c378"], "memsize":40, "flags":{"wb_protected":true, "old":true, "uncollectible":true, "marked":true}}
{"address":"0x7fb1f8025ce0", "type":"STRING", "class":"0x7fb1f80b7578", "frozen":true, "embedded":true, "fstring":true, "bytesize":7, "value":"deflate", "encoding":"US-ASCII", "memsize":40, "flags":{"wb_protected":true, "old":true, "uncollectible":true, "marked":true}}
{"address":"0x7fb1f8025d08", "type":"STRING", "class":"0x7fb1f80b7578", "embedded":true, "bytesize":21, "value":"$(rubyhdrdir)/$(arch)", "memsize":40, "flags":{"wb_protected":true, "old":true, "uncollectible":true, "marked":true}}
{"address":"0x7fb1f8025d30", "type":"STRING", "class":"0x7fb1f80b7578", "shared":true, "references":["0x7fb1f803c508"], "memsize":40, "flags":{"wb_protected":true, "old":true, "uncollectible":true, "marked":true}}
{"address":"0x7fb1f8025d58", "type":"STRING", "class":"0x7fb1f80b7578", "shared":true, "references":["0x7fb1f803c5d0"], "memsize":40, "flags":{"wb_protected":true, "old":true, "uncollectible":true, "marked":true}}
{"address":"0x7fb1f8025d80", "type":"STRING", "class":"0x7fb1f80b7578", "embedded":true, "bytesize":3, "value":"doc", "memsize":40, "flags":{"wb_protected":true, "old":true, "uncollectible":true, "marked":true}}
{"address":"0x7fb1f8025da8", "type":"STRING", "class":"0x7fb1f80b7578", "embedded":true, "bytesize":20, "value":" enc/trans/newline.c", "memsize":40, "flags":{"wb_protected":true, "old":true, "uncollectible":true, "marked":true}}
{"address":"0x7fb1f8025dd0", "type":"STRING", "class":"0x7fb1f80b7578", "embedded":true, "bytesize":4, "value":"ruby", "memsize":40, "flags":{"wb_protected":true, "old":true, "uncollectible":true, "marked":true}}
{"address":"0x7fb1f8025e20", "type":"STRING", "class":"0x7fb1f80b7578", "embedded":true, "bytesize":0, "value":"", "memsize":40, "flags":{"wb_protected":true, "old":true, "uncollectible":true, "marked":true}}
{"address":"0x7fb1f8025e48", "type":"STRING", "class":"0x7fb1f80b7578", "embedded":true, "bytesize":11, "value":"ruby-2.7.pc", "memsize":40, "flags":{"wb_protected":true, "old":true, "uncollectible":true, "marked":true}}
{"address":"0x7fb1f8025e70", "type":"STRING", "class":"0x7fb1f80b7578", "embedded":true, "bytesize":4, "value":"exec", "memsize":40, "flags":{"wb_protected":true, "old":true, "uncollectible":true, "marked":true}}
{"address":"0x7fb1f8025e98", "type":"STRING", "class":"0x7fb1f80b7578", "shared":true, "references":["0x7fb1f803ca30"], "memsize":40, "flags":{"wb_protected":true, "old":true, "uncollectible":true, "marked":true}}
{"address":"0x7fb1f8025ec0", "type":"OBJECT", "class":"0x7fb1f80e0680", "ivars":3, "references":["0x7fb1f8025c68"], "memsize":40, "flags":{"wb_protected":true, "old":true, "uncollectible":true, "marked":true}}
{"address":"0x7fb1f8025ee8", "type":"STRING", "class":"0x7fb1f80b7578", "frozen":true, "embedded":true, "fstring":true, "bytesize":8, "value":"gem_name", "encoding":"US-ASCII", "memsize":40, "flags":{"wb_protected":true, "old":true, "uncollectible":true, "marked":true}}
{"address":"0x7fb1f8025f10", "type":"STRING", "class":"0x7fb1f80b7578", "embedded":true, "bytesize":17, "value":"$(RUBY_BASE_NAME)", "memsize":40, "flags":{"wb_protected":true, "old":true, "uncollectible":true, "marked":true}}
{"address":"0x7fb1f8025f38", "type":"STRING", "class":"0x7fb1f80b7578", "frozen":true, "embedded":true, "fstring":true, "bytesize":7, "value":"datadir", "encoding":"US-ASCII", "memsize":40, "flags":{"wb_protected":true, "old":true, "uncollectible":true, "marked":true}}
{"address":"0x7fb1f8025f60", "type":"STRING", "class":"0x7fb1f80b7578", "embedded":true, "bytesize":17, "value":"$(RUBY_BASE_NAME)", "memsize":40, "flags":{"wb_protected":true, "old":true, "uncollectible":true, "marked":true}}
{"address":"0x7fb1f8025f88", "type":"STRING", "class":"0x7fb1f80b7578", "frozen":true, "bytesize":36, "capacity":67, "value":"/Users/rschneeman/.rubies/ruby-2.7.1", "encoding":"US-ASCII", "memsize":108, "flags":{"wb_protected":true, "old":true, "uncollectible":true, "marked":true}}
{"address":"0x7fb1f8025fb0", "type":"STRING", "class":"0x7fb1f80b7578", "shared":true, "encoding":"US-ASCII", "references":["0x7fb1f8025f88"], "memsize":40, "flags":{"wb_protected":true, "old":true, "uncollectible":true, "marked":true}}
{"address":"0x7fb1f8025fd8", "type":"STRING", "class":"0x7fb1f80b7578", "embedded":true, "bytesize":0, "value":"", "memsize":40, "flags":{"wb_protected":true, "old":true, "uncollectible":true, "marked":true}}
{"address":"0x7fb1f8026000", "type":"STRING", "class":"0x7fb1f80b7578", "embedded":true, "bytesize":19, "value":"/usr/bin/install -c", "memsize":40, "flags":{"wb_protected":true, "old":true, "uncollectible":true, "marked":true}}
{"address":"0x7fb1f8026028", "type":"STRING", "class":"0x7fb1f80b7578", "embedded":true, "bytesize":2, "value":"83", "memsize":40, "flags":{"wb_protected":true, "old":true, "uncollectible":true, "marked":true}}
{"address":"0x7fb1f8026050", "type":"STRING", "class":"0x7fb1f80b7578", "embedded":true, "bytesize":1, "value":"1", "memsize":40, "flags":{"wb_protected":true, "old":true, "uncollectible":true, "marked":true}}
{"address":"0x7fb1f8026078", "type":"ARRAY", "class":"0x7fb1f8097228", "length":1, "embedded":true, "references":["0x7fb1f801f4a8"], "memsize":40, "flags":{"wb_protected":true, "old":true, "uncollectible":true, "marked":true}}
{"address":"0x7fb1f80260a0", "type":"STRING", "class":"0x7fb1f80b7578", "embedded":true, "bytesize":1, "value":"7", "memsize":40, "flags":{"wb_protected":true, "old":true, "uncollectible":true, "marked":true}}
{"address":"0x7fb1f80260c8", "type":"STRING", "class":"0x7fb1f80b7578", "embedded":true, "bytesize":1, "value":"2", "memsize":40, "flags":{"wb_protected":true, "old":true, "uncollectible":true, "marked":true}}
{"address":"0x7fb1f8026118", "type":"STRING", "class":"0x7fb1f80b7578", "frozen":true, "embedded":true, "fstring":true, "bytesize":6, "value":"config", "encoding":"US-ASCII", "memsize":40, "flags":{"wb_protected":true, "old":true, "uncollectible":true, "marked":true}}
{"address":"0x7fb1f8026168", "type":"STRING", "class":"0x7fb1f80b7578", "frozen":true, "embedded":true, "fstring":true, "bytesize":14, "value":"configuration=", "encoding":"US-ASCII", "memsize":40, "flags":{"wb_protected":true, "old":true, "uncollectible":true, "marked":true}}
{"address":"0x7fb1f8026190", "type":"STRING", "class":"0x7fb1f80b7578", "embedded":true, "bytesize":0, "value":"", "memsize":40, "flags":{"wb_protected":true, "old":true, "uncollectible":true, "marked":true}}
{"address":"0x7fb1f80261e0", "type":"HASH", "class":"0x7fb1f8095130", "size":231, "references":["0x7fb1f803d188", "0x7fb1f8026190", "0x7fb1f803d110", "0x7fb1f80260c8", "0x7fb1f803d020", "0x7fb1f80260a0", "0x7fb1f803cf30", "0x7fb1f8026050", "0x7fb1f803ce40", "0x7fb1f8026028", "0x7fb1f803cd50", "0x7fb1f8026000", "0x7fb1f803cc60", "0x7fb1f8025fd8", "0x7fb1f803cc10", "0x7fb1f8025fb0", "0x7fb1f803cb70", "0x7fb1f8025f60", "0x7fb1f803cad0", "0x7fb1f8025f10", "0x7fb1f803ca80", "0x7fb1f8025e98", "0x7fb1f803c9b8", "0x7fb1f8025e70", "0x7fb1f803c968", "0x7fb1f8025e48", "0x7fb1f803c8a0", "0x7fb1f8025e20", "0x7fb1f803c828", "0x7fb1f8025dd0", "0x7fb1f803c7d8", "0x7fb1f8025da8", "0x7fb1f803c710", "0x7fb1f8025d80", "0x7fb1f803c648", "0x7fb1f8025d58", "0x7fb1f803c580", "0x7fb1f8025d30", "0x7fb1f803c4b8", "0x7fb1f8025d08", "0x7fb1f803c3f0", "0x7fb1f8025cb8", "0x7fb1f803c328", "0x7fb1f8025c40", "0x7fb1f803c260", "0x7fb1f8025c18", "0x7fb1f803c170", "0x7fb1f8025bc8", "0x7fb1f803c0f8", "0x7fb1f8025ba0", "0x7fb1f803c080", "0x7fb1f8025b50", "0x7fb1f803c008", "0x7fb1f8025b00", "0x7fb1f8037f80", "0x7fb1f8025ab0", "0x7fb1f8037eb8", "0x7fb1f8025a88", "0x7fb1f8037df0", "0x7fb1f8025a60", "0x7fb1f8037d28", "0x7fb1f8025a38", "0x7fb1f8037c60", "0x7fb1f8025a10", "0x7fb1f8037b98", "0x7fb1f80259e8", "0x7fb1f8037ad0", "0x7fb1f8025998", "0x7fb1f8037a08", "0x7fb1f8025948", "0x7fb1f8037940", "0x7fb1f80258f8", "0x7fb1f8037878", "0x7fb1f80258d0", "0x7fb1f80377b0", "0x7fb1f80258a8", "0x7fb1f80376e8", "0x7fb1f8025880", "0x7fb1f8037620", "0x7fb1f8025858", "0x7fb1f8037558", "0x7fb1f8025830", "0x7fb1f8037490", "0x7fb1f8025808", "0x7fb1f80373c8", "0x7fb1f80257e0", "0x7fb1f8037300", "0x7fb1f80257b8", "0x7fb1f8037238", "0x7fb1f8025790", "0x7fb1f80371c0", "0x7fb1f8025740", "0x7fb1f8037170", "0x7fb1f80256c8", "0x7fb1f80370a8", "0x7fb1f80256a0", "0x7fb1f8036fe0", "0x7fb1f8025678", "0x7fb1f8036f18", "0x7fb1f8025650", "0x7fb1f8036e50", "0x7fb1f8025600", "0x7fb1f8036d88", "0x7fb1f8025588", "0x7fb1f8036cc0", "0x7fb1f8025560", "0x7fb1f8036c70", "0x7fb1f8025538", "0x7fb1f8036ba8", "0x7fb1f8025510", "0x7fb1f8036b08", "0x7fb1f80254c0", "0x7fb1f8036a90", "0x7fb1f8025498", "0x7fb1f8036a18", "0x7fb1f8025470", "0x7fb1f80369c8", "0x7fb1f8025420", "0x7fb1f8036978", "0x7fb1f80253f8", "0x7fb1f80368d8", "0x7fb1f80253d0", "0x7fb1f8036810", "0x7fb1f8025380", "0x7fb1f8036770", "0x7fb1f8025358", "0x7fb1f8036720", "0x7fb1f8025330", "0x7fb1f8036658", "0x7fb1f8025308", "0x7fb1f80365e0", "0x7fb1f80252e0", "0x7fb1f8036518", "0x7fb1f80252b8", "0x7fb1f8036450", "0x7fb1f8025268", "0x7fb1f8036388", "0x7fb1f8025240", "0x7fb1f80362e8", "0x7fb1f8025218", "0x7fb1f8036248", "0x7fb1f80251f0", "0x7fb1f8036180", "0x7fb1f80251c8", "0x7fb1f80360e0", "0x7fb1f8025150", "0x7fb1f8036090", "0x7fb1f8025100", "0x7fb1f8036040", "0x7fb1f80250d8", "0x7fb1f8035fc8", "0x7fb1f80250b0", "0x7fb1f8035f78", "0x7fb1f8025088", "0x7fb1f8035ed8", "0x7fb1f8025060", "0x7fb1f8035e38", "0x7fb1f8025038", "0x7fb1f8035d48", "0x7fb1f8025010", "0x7fb1f8035ca8", "0x7fb1f8024fe8", "0x7fb1f8035c08", "0x7fb1f8024f98", "0x7fb1f8035bb8", "0x7fb1f8024f70", "0x7fb1f8035b18", "0x7fb1f8024f48", "0x7fb1f8035a50", "0x7fb1f8024ef8", "0x7fb1f8035a00", "0x7fb1f8024ea8", "0x7fb1f80359b0", "0x7fb1f8024e58", "0x7fb1f8035960", "0x7fb1f8024e30", "0x7fb1f8035910", "0x7fb1f8024e08", "0x7fb1f8035848", "0x7fb1f8024de0", "0x7fb1f80357a8", "0x7fb1f8024db8", "0x7fb1f8035758", "0x7fb1f8024d90", "0x7fb1f8035708", "0x7fb1f8024d68", "0x7fb1f8035668", "0x7fb1f8024d40", "0x7fb1f80355c8", "0x7fb1f8024cf0", "0x7fb1f8035578", "0x7fb1f8024cc8", "0x7fb1f8035528", "0x7fb1f8024ca0", "0x7fb1f8035488", "0x7fb1f8024c78", "0x7fb1f80353e8", "0x7fb1f8024c28", "0x7fb1f8035398", "0x7fb1f8024c00", "0x7fb1f80352f8", "0x7fb1f8024bd8", "0x7fb1f8035258", "0x7fb1f8024bb0", "0x7fb1f8035208", "0x7fb1f8024b60", "0x7fb1f8035140", "0x7fb1f8024b10", "0x7fb1f8035078", "0x7fb1f8024ae8", "0x7fb1f8034f88", "0x7fb1f8024ac0", "0x7fb1f8034e98", "0x7fb1f8024a98", "0x7fb1f8034e48", "0x7fb1f8024a70", "0x7fb1f8034d80", "0x7fb1f8024a48", "0x7fb1f8034cb8", "0x7fb1f8024a20", "0x7fb1f8034c18", "0x7fb1f80249f8", "0x7fb1f8034bc8", "0x7fb1f80249d0", "0x7fb1f8034ba0", "0x7fb1f80249a8", "0x7fb1f8034b78", "0x7fb1f8024980", "0x7fb1f8034b00", "0x7fb1f8024958", "0x7fb1f8034920", "0x7fb1f8024930", "0x7fb1f80348a8", "0x7fb1f80248b8", "0x7fb1f8034830", "0x7fb1f8024890", "0x7fb1f8034808", "0x7fb1f8024840", "0x7fb1f8034790", "0x7fb1f80247f0", "0x7fb1f8034740", "0x7fb1f80247c8", "0x7fb1f80346c8", "0x7fb1f80247a0", "0x7fb1f8034650", "0x7fb1f8024778", "0x7fb1f8034330", "0x7fb1f8024750", "0x7fb1f80342b8", "0x7fb1f8024728", "0x7fb1f8034240", "0x7fb1f8024700", "0x7fb1f80341f0", "0x7fb1f80246d8", "0x7fb1f80341a0", "0x7fb1f80246b0", "0x7fb1f8034178", "0x7fb1f8024688", "0x7fb1f8034150", "0x7fb1f8024660", "0x7fb1f80340d8", "0x7fb1f8024638", "0x7fb1f80340b0", "0x7fb1f80245c0", "0x7fb1f8034060", "0x7fb1f8024598", "0x7fb1f8034c68", "0x7fb1f8024548", "0x7fb1f802ff88", "0x7fb1f8024520", "0x7fb1f802ff60", "0x7fb1f80244f8", "0x7fb1f802ff10", "0x7fb1f8024480", "0x7fb1f802fe98", "0x7fb1f8024458", "0x7fb1f802fe70", "0x7fb1f8024408", "0x7fb1f802fe48", "0x7fb1f80243e0", "0x7fb1f802fdf8", "0x7fb1f80243b8", "0x7fb1f802fd80", "0x7fb1f8024390", "0x7fb1f802fd58", "0x7fb1f8024340", "0x7fb1f802fce0", "0x7fb1f8024318", "0x7fb1f802fc90", "0x7fb1f80242f0", "0x7fb1f802fc40", "0x7fb1f80242c8", "0x7fb1f802fc18", "0x7fb1f80242a0", "0x7fb1f802fbf0", "0x7fb1f8024278", "0x7fb1f802fba0", "0x7fb1f8024228", "0x7fb1f802fb50", "0x7fb1f8024200", "0x7fb1f802fb00", "0x7fb1f80241b0", "0x7fb1f802fad8", "0x7fb1f8024188", "0x7fb1f802fa88", "0x7fb1f8024160", "0x7fb1f802fa60", "0x7fb1f8024110", "0x7fb1f802fa10", "0x7fb1f80240c0", "0x7fb1f802f9e8", "0x7fb1f8024070", "0x7fb1f802f998", "0x7fb1f8024048", "0x7fb1f802f970", "0x7fb1f8024020", "0x7fb1f802f920", "0x7fb1f801ff70", "0x7fb1f802f8d0", "0x7fb1f801ff48", "0x7fb1f802f880", "0x7fb1f801ff20", "0x7fb1f802f830", "0x7fb1f801fef8", "0x7fb1f802f7e0", "0x7fb1f801fed0", "0x7fb1f802f790", "0x7fb1f801fea8", "0x7fb1f802f740", "0x7fb1f801fe80", "0x7fb1f802f6f0", "0x7fb1f801fe30", "0x7fb1f802f6a0", "0x7fb1f801fde0", "0x7fb1f802f650", "0x7fb1f801fd90", "0x7fb1f802f600", "0x7fb1f801fd40", "0x7fb1f802f5b0", "0x7fb1f801fcf0", "0x7fb1f802f560", "0x7fb1f801fca0", "0x7fb1f802f510", "0x7fb1f801fc78", "0x7fb1f802f4c0", "0x7fb1f801fc50", "0x7fb1f802f498", "0x7fb1f801fbb0", "0x7fb1f802f470", "0x7fb1f801fb88", "0x7fb1f802f420", "0x7fb1f801fb60", "0x7fb1f802f3d0", "0x7fb1f801fb38", "0x7fb1f802f380", "0x7fb1f801fb10", "0x7fb1f802f358", "0x7fb1f801fae8", "0x7fb1f802f330", "0x7fb1f801fac0", "0x7fb1f802f308", "0x7fb1f801fa98", "0x7fb1f802f2e0", "0x7fb1f801fa70", "0x7fb1f802f2b8", "0x7fb1f801fa48", "0x7fb1f802f268", "0x7fb1f801fa20", "0x7fb1f802f218", "0x7fb1f801f9f8", "0x7fb1f802f1f0", "0x7fb1f801f9d0", "0x7fb1f802f1a0", "0x7fb1f801f9a8", "0x7fb1f802f178", "0x7fb1f801f980", "0x7fb1f802f150", "0x7fb1f801f958", "0x7fb1f802f100", "0x7fb1f801f930", "0x7fb1f802f0d8", "0x7fb1f801f908", "0x7fb1f802f0b0", "0x7fb1f801f8e0", "0x7fb1f802f088", "0x7fb1f801f890", "0x7fb1f802f060", "0x7fb1f801f818", "0x7fb1f802f038", "0x7fb1f801f7f0", "0x7fb1f802f010", "0x7fb1f801f7a0", "0x7fb1f802efc0", "0x7fb1f801f778", "0x7fb1f802ef98", "0x7fb1f801f750", "0x7fb1f802ef48", "0x7fb1f801f700", "0x7fb1f8037288", "0x7fb1f801f6d8", "0x7fb1f802eed0", "0x7fb1f801f6b0", "0x7fb1f802ee80", "0x7fb1f801f660", "0x7fb1f802ee58", "0x7fb1f801f610", "0x7fb1f802ee30", "0x7fb1f801f5e8", "0x7fb1f802ee08", "0x7fb1f801f598", "0x7fb1f802ed68", "0x7fb1f801f570", "0x7fb1f802ed18", "0x7fb1f801f520", "0x7fb1f802ecc8", "0x7fb1f801f4f8", "0x7fb1f802ec50", "0x7fb1f801f480", "0x7fb1f802ebd8", "0x7fb1f801f430", "0x7fb1f802eb88", "0x7fb1f801f408", "0x7fb1f802eb38", "0x7fb1f801f3e0", "0x7fb1f802eac0", "0x7fb1f801f3b8", "0x7fb1f802ea48", "0x7fb1f801f390", "0x7fb1f802e9d0", "0x7fb1f801f368", "0x7fb1f802e980", "0x7fb1f801f340", "0x7fb1f802e908", "0x7fb1f801f2f0", "0x7fb1f802e890", "0x7fb1f801f2c8", "0x7fb1f802e818", "0x7fb1f801f278", "0x7fb1f802e7f0", "0x7fb1f801f250", "0x7fb1f802e7a0", "0x7fb1f801f200", "0x7fb1f802e778", "0x7fb1f801f1b0", "0x7fb1f802e750", "0x7fb1f801f188", "0x7fb1f802e700", "0x7fb1f801f110", "0x7fb1f802e6d8", "0x7fb1f801f0e8", "0x7fb1f802e688", "0x7fb1f801f098", "0x7fb1f802e638", "0x7fb1f801f048", "0x7fb1f802e5c0", "0x7fb1f801efa8", "0x7fb1f802e548", "0x7fb1f801ef58", "0x7fb1f802e520", "0x7fb1f801ef30", "0x7fb1f802e4a8", "0x7fb1f801ef08"], "memsize":7264, "flags":{"wb_protected":true, "old":true, "uncollectible":true, "marked":true}}
{"address":"0x7fb1f8026208", "type":"STRING", "class":"0x7fb1f80b7578", "shared":true, "encoding":"US-ASCII", "references":["0x7fb1f801eee0"], "memsize":40, "flags":{"wb_protected":true, "old":true, "uncollectible":true, "marked":true}}
{"address":"0x7fb1f8026230", "type":"OBJECT", "class":"0x7fb1f80e0680", "ivars":3, "references":["0x7fb1f8026078"], "memsize":40, "flags":{"wb_protected":true, "old":true, "uncollectible":true, "marked":true}}
{"address":"0x7fb1f8026258", "type":"STRING", "class":"0x7fb1f80b7578", "shared":true, "references":["0x7fb1fb02cd30"], "memsize":40, "flags":{"wb_protected":true, "old":true, "uncollectible":true, "marked":true}}
{"address":"0x7fb1f8026280", "type":"STRING", "class":"0x7fb1f80b7578", "embedded":true, "bytesize":0, "value":"", "memsize":40, "flags":{"wb_protected":true, "old":true, "uncollectible":true, "marked":true}}
{"address":"0x7fb1f80262a8", "type":"STRING", "class":"0x7fb1f80b7578", "frozen":true, "embedded":true, "fstring":true, "bytesize":20, "value":"default_gemspec_stub", "encoding":"US-ASCII", "memsize":40, "flags":{"wb_protected":true, "old":true, "uncollectible":true, "marked":true}}
{"address":"0x7fb1f80262d0", "type":"STRING", "class":"0x7fb1f80b7578", "frozen":true, "embedded":true, "fstring":true, "bytesize":10, "value":"ConfigFile", "encoding":"US-ASCII", "memsize":40, "flags":{"wb_protected":true, "old":true, "uncollectible":true, "marked":true}}
{"address":"0x7fb1f80262f8", "type":"STRING", "class":"0x7fb1f80b7578", "embedded":true, "bytesize":4, "value":"12.1", "memsize":40, "flags":{"wb_protected":true, "old":true, "uncollectible":true, "marked":true}}
{"address":"0x7fb1f8026320", "type":"STRING", "class":"0x7fb1f80b7578", "frozen":true, "embedded":true, "fstring":true, "bytesize":2, "value":" [", "encoding":"UTF-8", "memsize":40, "flags":{"wb_protected":true, "old":true, "uncollectible":true, "marked":true}}
{"address":"0x7fb1f8026348", "type":"STRING", "class":"0x7fb1f80b7578", "embedded":true, "bytesize":6, "value":"12.1.0", "memsize":40, "flags":{"wb_protected":true, "old":true, "uncollectible":true, "marked":true}}
{"address":"0x7fb1f8026370", "type":"STRING", "class":"0x7fb1f80b7578", "frozen":true, "embedded":true, "fstring":true, "bytesize":13, "value":"configuration", "encoding":"US-ASCII", "memsize":40, "flags":{"wb_protected":true, "old":true, "uncollectible":true, "marked":true}}
{"address":"0x7fb1f8026398", "type":"STRING", "class":"0x7fb1f80b7578", "embedded":true, "bytesize":7, "value":"/bin/sh", "memsize":40, "flags":{"wb_protected":true, "old":true, "uncollectible":true, "marked":true}}
{"address":"0x7fb1f80263c0", "type":"STRING", "class":"0x7fb1f80b7578", "embedded":true, "bytesize":1, "value":":", "memsize":40, "flags":{"wb_protected":true, "old":true, "uncollectible":true, "marked":true}}
{"address":"0x7fb1f80263e8", "type":"STRING", "class":"0x7fb1f80b7578", "embedded":true, "bytesize":0, "value":"", "memsize":40, "flags":{"wb_protected":true, "old":true, "uncollectible":true, "marked":true}}
{"address":"0x7fb1f8026410", "type":"STRING", "class":"0x7fb1f80b7578", "embedded":true, "bytesize":0, "value":"", "memsize":40, "flags":{"wb_protected":true, "old":true, "uncollectible":true, "marked":true}}
{"address":"0x7fb1f8026438", "type":"STRING", "class":"0x7fb1f80b7578", "embedded":true, "bytesize":0, "value":"", "memsize":40, "flags":{"wb_protected":true, "old":true, "uncollectible":true, "marked":true}}
{"address":"0x7fb1f8026460", "type":"STRING", "class":"0x7fb1f80b7578", "embedded":true, "bytesize":0, "value":"", "memsize":40, "flags":{"wb_protected":true, "old":true, "uncollectible":true, "marked":true}}
{"address":"0x7fb1f8026488", "type":"STRING", "class":"0x7fb1f80b7578", "embedded":true, "bytesize":0, "value":"", "memsize":40, "flags":{"wb_protected":true, "old":true, "uncollectible":true, "marked":true}}
{"address":"0x7fb1f80264b0", "type":"ARRAY", "class":"0x7fb1f8097228", "length":0, "memsize":40, "flags":{"wb_protected":true, "old":true, "uncollectible":true, "marked":true}}
{"address":"0x7fb1f80264d8", "type":"STRING", "class":"0x7fb1f80b7578", "embedded":true, "bytesize":0, "value":"", "memsize":40, "flags":{"wb_protected":true, "old":true, "uncollectible":true, "marked":true}}
{"address":"0x7fb1f8026500", "type":"STRING", "class":"0x7fb1f80b7578", "frozen":true, "embedded":true, "fstring":true, "bytesize":9, "value":"user_home", "encoding":"US-ASCII", "memsize":40, "flags":{"wb_protected":true, "old":true, "uncollectible":true, "marked":true}}
{"address":"0x7fb1f8026528", "type":"STRING", "class":"0x7fb1f80b7578", "shared":true, "references":["0x7fb1f80171e0"], "memsize":40, "flags":{"wb_protected":true, "old":true, "uncollectible":true, "marked":true}}
{"address":"0x7fb1f8026550", "type":"STRING", "class":"0x7fb1f80b7578", "frozen":true, "embedded":true, "fstring":true, "bytesize":12, "value":"@config_file", "encoding":"US-ASCII", "memsize":40, "flags":{"wb_protected":true, "old":true, "uncollectible":true, "marked":true}}
{"address":"0x7fb1f8026578", "type":"STRING", "class":"0x7fb1f80b7578", "shared":true, "references":["0x7fb1fb02d410"], "memsize":40, "flags":{"wb_protected":true, "old":true, "uncollectible":true, "marked":true}}
{"address":"0x7fb1f80265a0", "type":"STRING", "class":"0x7fb1f80b7578", "embedded":true, "bytesize":5, "value":"6.2.1", "encoding":"UTF-8", "memsize":40, "flags":{"wb_protected":true, "old":true, "uncollectible":true, "marked":true}}
{"address":"0x7fb1f80265c8", "type":"STRING", "class":"0x7fb1f80b7578", "shared":true, "references":["0x7fb1fb02d690"], "memsize":40, "flags":{"wb_protected":true, "old":true, "uncollectible":true, "marked":true}}
{"address":"0x7fb1f80265f0", "type":"STRING", "class":"0x7fb1f80b7578", "frozen":true, "embedded":true, "fstring":true, "bytesize":11, "value":"config_file", "encoding":"US-ASCII", "memsize":40, "flags":{"wb_protected":true, "old":true, "uncollectible":true, "marked":true}}
{"address":"0x7fb1f8026618", "type":"STRING", "class":"0x7fb1f80b7578", "shared":true, "references":["0x7fb1fb02d8e8"], "memsize":40, "flags":{"wb_protected":true, "old":true, "uncollectible":true, "marked":true}}
{"address":"0x7fb1f8026640", "type":"STRING", "class":"0x7fb1f80b7578", "shared":true, "references":["0x7fb1f800fc60"], "memsize":40, "flags":{"wb_protected":true, "old":true, "uncollectible":true, "marked":true}}
{"address":"0x7fb1f8026668", "type":"STRING", "class":"0x7fb1f80b7578", "shared":true, "references":["0x7fb1fb02dbb8"], "memsize":40, "flags":{"wb_protected":true, "old":true, "uncollectible":true, "marked":true}}
{"address":"0x7fb1f8026690", "type":"STRING", "class":"0x7fb1f80b7578", "shared":true, "references":["0x7fb1fb02dde8"], "memsize":40, "flags":{"wb_protected":true, "old":true, "uncollectible":true, "marked":true}}
{"address":"0x7fb1f80266b8", "type":"STRING", "class":"0x7fb1f80b7578", "shared":true, "references":["0x7fb1fb02e040"], "memsize":40, "flags":{"wb_protected":true, "old":true, "uncollectible":true, "marked":true}}
{"address":"0x7fb1f80266e0", "type":"STRING", "class":"0x7fb1f80b7578", "shared":true, "references":["0x7fb1fb02e3d8"], "memsize":40, "flags":{"wb_protected":true, "old":true, "uncollectible":true, "marked":true}}
{"address":"0x7fb1f8026708", "type":"STRING", "class":"0x7fb1f80b7578", "shared":true, "references":["0x7fb1fb02e360"], "memsize":40, "flags":{"wb_protected":true, "old":true, "uncollectible":true, "marked":true}}
{"address":"0x7fb1f8026730", "type":"STRING", "class":"0x7fb1f80b7578", "frozen":true, "embedded":true, "fstring":true, "bytesize":8, "value":"Security", "encoding":"US-ASCII", "memsize":40, "flags":{"wb_protected":true, "old":true, "uncollectible":true, "marked":true}}
{"address":"0x7fb1f8026758", "type":"STRING", "class":"0x7fb1f80b7578", "shared":true, "references":["0x7fb1f801d540"], "memsize":40, "flags":{"wb_protected":true, "old":true, "uncollectible":true, "marked":true}}
{"address":"0x7fb1f8026780", "type":"STRING", "class":"0x7fb1f80b7578", "embedded":true, "bytesize":12, "value":"/usr/include", "memsize":40, "flags":{"wb_protected":true, "old":true, "uncollectible":true, "marked":true}}
{"address":"0x7fb1f80267a8", "type":"STRING", "class":"0x7fb1f80b7578", "frozen":true, "embedded":true, "fstring":true, "bytesize":5, "value":"reset", "encoding":"US-ASCII", "memsize":40, "flags":{"wb_protected":true, "old":true, "uncollectible":true, "marked":true}}
{"address":"0x7fb1f80267d0", "type":"STRING", "class":"0x7fb1f80b7578", "shared":true, "references":["0x7fb1fb02f4e0"], "memsize":40, "flags":{"wb_protected":true, "old":true, "uncollectible":true, "marked":true}}
{"address":"0x7fb1f80267f8", "type":"STRING", "class":"0x7fb1f80b7578", "shared":true, "references":["0x7fb1fb02ea40"], "memsize":40, "flags":{"wb_protected":true, "old":true, "uncollectible":true, "marked":true}}
{"address":"0x7fb1f8026820", "type":"STRING", "class":"0x7fb1f80b7578", "frozen":true, "embedded":true, "fstring":true, "bytesize":10, "value":"@user_home", "encoding":"US-ASCII", "memsize":40, "flags":{"wb_protected":true, "old":true, "uncollectible":true, "marked":true}}
{"address":"0x7fb1f8026848", "type":"STRING", "class":"0x7fb1f80b7578", "shared":true, "references":["0x7fb1fb02ec98"], "memsize":40, "flags":{"wb_protected":true, "old":true, "uncollectible":true, "marked":true}}
{"address":"0x7fb1f8026870", "type":"STRING", "class":"0x7fb1f80b7578", "shared":true, "references":["0x7fb1fb02eef0"], "memsize":40, "flags":{"wb_protected":true, "old":true, "uncollectible":true, "marked":true}}
{"address":"0x7fb1f8026898", "type":"STRING", "class":"0x7fb1f80b7578", "frozen":true, "embedded":true, "fstring":true, "bytesize":6, "value":"@paths", "encoding":"US-ASCII", "memsize":40, "flags":{"wb_protected":true, "old":true, "uncollectible":true, "marked":true}}
{"address":"0x7fb1f80268c0", "type":"STRING", "class":"0x7fb1f80b7578", "shared":true, "references":["0x7fb1fb02f148"], "memsize":40, "flags":{"wb_protected":true, "old":true, "uncollectible":true, "marked":true}}
{"address":"0x7fb1f80268e8", "type":"STRING", "class":"0x7fb1f80b7578", "frozen":true, "embedded":true, "fstring":true, "bytesize":2, "value":"::", "encoding":"UTF-8", "memsize":40, "flags":{"wb_protected":true, "old":true, "uncollectible":true, "marked":true}}
{"address":"0x7fb1f8026910", "type":"STRING", "class":"0x7fb1f80b7578", "shared":true, "references":["0x7fb1fb02f418"], "memsize":40, "flags":{"wb_protected":true, "old":true, "uncollectible":true, "marked":true}}
{"address":"0x7fb1f8026938", "type":"STRING", "class":"0x7fb1f80b7578", "frozen":true, "embedded":true, "fstring":true, "bytesize":11, "value":"clear_paths", "encoding":"US-ASCII", "memsize":40, "flags":{"wb_protected":true, "old":true, "uncollectible":true, "marked":true}}
{"address":"0x7fb1f8026960", "type":"STRING", "class":"0x7fb1f80b7578", "shared":true, "references":["0x7fb1f8017168"], "memsize":40, "flags":{"wb_protected":true, "old":true, "uncollectible":true, "marked":true}}
{"address":"0x7fb1f8026988", "type":"STRING", "class":"0x7fb1f80b7578", "shared":true, "references":["0x7fb1fb02f9b8"], "memsize":40, "flags":{"wb_protected":true, "old":true, "uncollectible":true, "marked":true}}
{"address":"0x7fb1f80269b0", "type":"STRING", "class":"0x7fb1f80b7578", "shared":true, "references":["0x7fb1fb02fc60"], "memsize":40, "flags":{"wb_protected":true, "old":true, "uncollectible":true, "marked":true}}
{"address":"0x7fb1f80269d8", "type":"STRING", "class":"0x7fb1f80b7578", "embedded":true, "bytesize":0, "value":"", "memsize":40, "flags":{"wb_protected":true, "old":true, "uncollectible":true, "marked":true}}
{"address":"0x7fb1f8026a00", "type":"STRING", "class":"0x7fb1f80b7578", "embedded":true, "bytesize":3, "value":"\\\\c", "memsize":40, "flags":{"wb_protected":true, "old":true, "uncollectible":true, "marked":true}}
{"address":"0x7fb1f8026a28", "type":"STRING", "class":"0x7fb1f80b7578", "embedded":true, "bytesize":0, "value":"", "memsize":40, "flags":{"wb_protected":true, "old":true, "uncollectible":true, "marked":true}}
{"address":"0x7fb1f8026a50", "type":"STRING", "class":"0x7fb1f80b7578", "embedded":true, "bytesize":0, "value":"", "memsize":40, "flags":{"wb_protected":true, "old":true, "uncollectible":true, "marked":true}}
{"address":"0x7fb1f8026a78", "type":"STRING", "class":"0x7fb1f80b7578", "embedded":true, "bytesize":0, "value":"", "memsize":40, "flags":{"wb_protected":true, "old":true, "uncollectible":true, "marked":true}}
{"address":"0x7fb1f8026aa0", "type":"ARRAY", "class":"0x7fb1f8097228", "length":0, "memsize":40, "flags":{"wb_protected":true, "old":true, "uncollectible":true, "marked":true}}
{"address":"0x7fb1f8026ac8", "type":"STRING", "class":"0x7fb1f80b7578", "embedded":true, "bytesize":0, "value":"", "memsize":40, "flags":{"wb_protected":true, "old":true, "uncollectible":true, "marked":true}}
{"address":"0x7fb1f8026af0", "type":"STRING", "class":"0x7fb1f80b7578", "frozen":true, "embedded":true, "fstring":true, "bytesize":14, "value":"default_bindir", "encoding":"US-ASCII", "memsize":40, "flags":{"wb_protected":true, "old":true, "uncollectible":true, "marked":true}}
{"address":"0x7fb1f8026b18", "type":"STRING", "class":"0x7fb1f80b7578", "embedded":true, "bytesize":0, "value":"", "memsize":40, "flags":{"wb_protected":true, "old":true, "uncollectible":true, "marked":true}}
{"address":"0x7fb1f8026b40", "type":"STRING", "class":"0x7fb1f80b7578", "embedded":true, "bytesize":0, "value":"", "memsize":40, "flags":{"wb_protected":true, "old":true, "uncollectible":true, "marked":true}}
{"address":"0x7fb1f8026b68", "type":"STRING", "class":"0x7fb1f80b7578", "frozen":true, "embedded":true, "fstring":true, "bytesize":11, "value":"default_dir", "encoding":"US-ASCII", "memsize":40, "flags":{"wb_protected":true, "old":true, "uncollectible":true, "marked":true}}
{"address":"0x7fb1f8026b90", "type":"STRING", "class":"0x7fb1f80b7578", "shared":true, "references":["0x7fb1f80d4948"], "memsize":40, "flags":{"wb_protected":true, "old":true, "uncollectible":true, "marked":true}}
{"address":"0x7fb1f8026bb8", "type":"STRING", "class":"0x7fb1f80b7578", "embedded":true, "bytesize":0, "value":"", "memsize":40, "flags":{"wb_protected":true, "old":true, "uncollectible":true, "marked":true}}
{"address":"0x7fb1f8026be0", "type":"STRING", "class":"0x7fb1f80b7578", "frozen":true, "embedded":true, "fstring":true, "bytesize":2, "value":"yN", "encoding":"UTF-8", "memsize":40, "flags":{"wb_protected":true, "old":true, "uncollectible":true, "marked":true}}
{"address":"0x7fb1f8026c08", "type":"STRING", "class":"0x7fb1f80b7578", "embedded":true, "bytesize":0, "value":"", "memsize":40, "flags":{"wb_protected":true, "old":true, "uncollectible":true, "marked":true}}
{"address":"0x7fb1f8026c30", "type":"STRING", "class":"0x7fb1f80b7578", "embedded":true, "bytesize":3, "value":"git", "memsize":40, "flags":{"wb_protected":true, "old":true, "uncollectible":true, "marked":true}}
{"address":"0x7fb1f8026c58", "type":"STRING", "class":"0x7fb1f80b7578", "frozen":true, "embedded":true, "fstring":true, "bytesize":2, "value":"Yn", "encoding":"UTF-8", "memsize":40, "flags":{"wb_protected":true, "old":true, "uncollectible":true, "marked":true}}
{"address":"0x7fb1f8026c80", "type":"STRING", "class":"0x7fb1f80b7578", "frozen":true, "embedded":true, "fstring":true, "bytesize":3, "value":"dir", "encoding":"US-ASCII", "memsize":40, "flags":{"wb_protected":true, "old":true, "uncollectible":true, "marked":true}}
{"address":"0x7fb1f8026ca8", "type":"STRING", "class":"0x7fb1f80b7578", "embedded":true, "bytesize":3, "value":"yes", "memsize":40, "flags":{"wb_protected":true, "old":true, "uncollectible":true, "marked":true}}
{"address":"0x7fb1f8026cd0", "type":"STRING", "class":"0x7fb1f80b7578", "frozen":true, "embedded":true, "fstring":true, "bytesize":11, "value":"install_dir", "encoding":"US-ASCII", "memsize":40, "flags":{"wb_protected":true, "old":true, "uncollectible":true, "marked":true}}
{"address":"0x7fb1f8026cf8", "type":"STRING", "class":"0x7fb1f80b7578", "embedded":true, "bytesize":3, "value":"2.7", "memsize":40, "flags":{"wb_protected":true, "old":true, "uncollectible":true, "marked":true}}
{"address":"0x7fb1f8026d20", "type":"STRING", "class":"0x7fb1f80b7578", "frozen":true, "embedded":true, "fstring":true, "bytesize":6, "value":"bindir", "encoding":"US-ASCII", "memsize":40, "flags":{"wb_protected":true, "old":true, "uncollectible":true, "marked":true}}
{"address":"0x7fb1f8026d48", "type":"STRING", "class":"0x7fb1f80b7578", "embedded":true, "bytesize":5, "value":"2.7.1", "memsize":40, "flags":{"wb_protected":true, "old":true, "uncollectible":true, "marked":true}}
{"address":"0x7fb1f8026d70", "type":"STRING", "class":"0x7fb1f80b7578", "shared":true, "references":["0x7fb1f802f448"], "memsize":40, "flags":{"wb_protected":true, "old":true, "uncollectible":true, "marked":true}}
{"address":"0x7fb1f8026d98", "type":"STRING", "class":"0x7fb1f80b7578", "embedded":true, "bytesize":6, "value":"x86_64", "memsize":40, "flags":{"wb_protected":true, "old":true, "uncollectible":true, "marked":true}}
{"address":"0x7fb1f8026dc0", "type":"STRING", "class":"0x7fb1f80b7578", "embedded":true, "bytesize":5, "value":"apple", "memsize":40, "flags":{"wb_protected":true, "old":true, "uncollectible":true, "marked":true}}
{"address":"0x7fb1f8026de8", "type":"STRING", "class":"0x7fb1f80b7578", "embedded":true, "bytesize":12, "value":"darwin17.7.0", "memsize":40, "flags":{"wb_protected":true, "old":true, "uncollectible":true, "marked":true}}
{"address":"0x7fb1f8026e10", "type":"STRING", "class":"0x7fb1f80b7578", "embedded":true, "bytesize":4, "value":"ruby", "memsize":40, "flags":{"wb_protected":true, "old":true, "uncollectible":true, "marked":true}}
{"address":"0x7fb1f8026e38", "type":"STRING", "class":"0x7fb1f80b7578", "embedded":true, "bytesize":5, "value":"rubyw", "memsize":40, "flags":{"wb_protected":true, "old":true, "uncollectible":true, "marked":true}}
{"address":"0x7fb1f8026e60", "type":"STRING", "class":"0x7fb1f80b7578", "frozen":true, "embedded":true, "fstring":true, "bytesize":2, "value":"yn", "encoding":"UTF-8", "memsize":40, "flags":{"wb_protected":true, "old":true, "uncollectible":true, "marked":true}}
{"address":"0x7fb1f8026e88", "type":"STRING", "class":"0x7fb1f80b7578", "embedded":true, "bytesize":10, "value":"ruby-2.7.0", "memsize":40, "flags":{"wb_protected":true, "old":true, "uncollectible":true, "marked":true}}
{"address":"0x7fb1f8026eb0", "type":"IMEMO", "imemo_type":"iseq", "references":["0x7fb1f80beaa8", "0x7fb1f80268e8", "0x7fb1f80276a8", "0x7fb1f80440f0", "0x7fb1f8045928", "0x7fb1f8027c70"], "memsize":1176, "flags":{"wb_protected":true, "old":true, "uncollectible":true, "marked":true}}
{"address":"0x7fb1f8026ed8", "type":"STRING", "class":"0x7fb1f80b7578", "shared":true, "references":["0x7fb1f802f448"], "memsize":40, "flags":{"wb_protected":true, "old":true, "uncollectible":true, "marked":true}}
{"address":"0x7fb1f8026f00", "type":"STRING", "class":"0x7fb1f80b7578", "frozen":true, "embedded":true, "fstring":true, "bytesize":11, "value":"binary_mode", "encoding":"US-ASCII", "memsize":40, "flags":{"wb_protected":true, "old":true, "uncollectible":true, "marked":true}}
{"address":"0x7fb1f8026f28", "type":"STRING", "class":"0x7fb1f80b7578", "embedded":true, "bytesize":6, "value":"x86_64", "memsize":40, "flags":{"wb_protected":true, "old":true, "uncollectible":true, "marked":true}}
{"address":"0x7fb1f8026f50", "type":"STRING", "class":"0x7fb1f80b7578", "embedded":true, "bytesize":5, "value":"apple", "memsize":40, "flags":{"wb_protected":true, "old":true, "uncollectible":true, "marked":true}}
{"address":"0x7fb1f8026f78", "type":"STRING", "class":"0x7fb1f80b7578", "embedded":true, "bytesize":12, "value":"darwin17.7.0", "memsize":40, "flags":{"wb_protected":true, "old":true, "uncollectible":true, "marked":true}}
{"address":"0x7fb1f8026fa0", "type":"STRING", "class":"0x7fb1f80b7578", "embedded":true, "bytesize":21, "value":"x86_64-apple-darwin17", "memsize":40, "flags":{"wb_protected":true, "old":true, "uncollectible":true, "marked":true}}
{"address":"0x7fb1f8026fc8", "type":"STRING", "class":"0x7fb1f80b7578", "embedded":true, "bytesize":6, "value":"x86_64", "memsize":40, "flags":{"wb_protected":true, "old":true, "uncollectible":true, "marked":true}}
{"address":"0x7fb1f8026ff0", "type":"STRING", "class":"0x7fb1f80b7578", "embedded":true, "bytesize":5, "value":"apple", "memsize":40, "flags":{"wb_protected":true, "old":true, "uncollectible":true, "marked":true}}
{"address":"0x7fb1f8027018", "type":"OBJECT", "class":"0x7fb1f80e0680", "ivars":3, "references":["0x7fb1f8112770"], "memsize":40, "flags":{"wb_protected":true, "old":true, "uncollectible":true, "marked":true}}
{"address":"0x7fb1f8027040", "type":"STRING", "class":"0x7fb1f80b7578", "embedded":true, "bytesize":8, "value":"darwin17", "memsize":40, "flags":{"wb_protected":true, "old":true, "uncollectible":true, "marked":true}}
{"address":"0x7fb1f8027068", "type":"STRING", "class":"0x7fb1f80b7578", "embedded":true, "bytesize":6, "value":" clang", "memsize":40, "flags":{"wb_protected":true, "old":true, "uncollectible":true, "marked":true}}
{"address":"0x7fb1f8027090", "type":"STRING", "class":"0x7fb1f80b7578", "shared":true, "references":["0x7fb1f80d48d0"], "memsize":40, "flags":{"wb_protected":true, "old":true, "uncollectible":true, "marked":true}}
{"address":"0x7fb1f80270b8", "type":"STRING", "class":"0x7fb1f80b7578", "shared":true, "references":["0x7fb1f802f718"], "memsize":40, "flags":{"wb_protected":true, "old":true, "uncollectible":true, "marked":true}}
{"address":"0x7fb1f80270e0", "type":"STRING", "class":"0x7fb1f80b7578", "shared":true, "references":["0x7fb1f80d4f10"], "memsize":40, "flags":{"wb_protected":true, "old":true, "uncollectible":true, "marked":true}}
{"address":"0x7fb1f8027108", "type":"STRING", "class":"0x7fb1f80b7578", "embedded":true, "bytesize":1, "value":"o", "memsize":40, "flags":{"wb_protected":true, "old":true, "uncollectible":true, "marked":true}}
{"address":"0x7fb1f8027130", "type":"STRING", "class":"0x7fb1f80b7578", "embedded":true, "bytesize":7, "value":"clang++", "memsize":40, "flags":{"wb_protected":true, "old":true, "uncollectible":true, "marked":true}}
{"address":"0x7fb1f8027158", "type":"HASH", "frozen":true, "size":2, "memsize":192, "flags":{"wb_protected":true, "old":true, "uncollectible":true, "marked":true}}
{"address":"0x7fb1f8027180", "type":"STRING", "class":"0x7fb1f80b7578", "frozen":true, "embedded":true, "fstring":true, "bytesize":17, "value":"activate_bin_path", "encoding":"US-ASCII", "memsize":40, "flags":{"wb_protected":true, "old":true, "uncollectible":true, "marked":true}}
{"address":"0x7fb1f80271a8", "type":"STRING", "class":"0x7fb1f80b7578", "embedded":true, "bytesize":6, "value":"-g -O2", "memsize":40, "flags":{"wb_protected":true, "old":true, "uncollectible":true, "marked":true}}
{"address":"0x7fb1f80271d0", "type":"STRING", "class":"0x7fb1f80b7578", "embedded":true, "bytesize":9, "value":" clang -E", "memsize":40, "flags":{"wb_protected":true, "old":true, "uncollectible":true, "marked":true}}
{"address":"0x7fb1f80271f8", "type":"STRING", "class":"0x7fb1f80b7578", "embedded":true, "bytesize":13, "value":"/usr/bin/grep", "memsize":40, "flags":{"wb_protected":true, "old":true, "uncollectible":true, "marked":true}}
{"address":"0x7fb1f8027220", "type":"STRING", "class":"0x7fb1f80b7578", "embedded":true, "bytesize":16, "value":"/usr/bin/grep -E", "memsize":40, "flags":{"wb_protected":true, "old":true, "uncollectible":true, "marked":true}}
{"address":"0x7fb1f8027248", "type":"STRING", "class":"0x7fb1f80b7578", "embedded":true, "bytesize":3, "value":"yes", "memsize":40, "flags":{"wb_protected":true, "old":true, "uncollectible":true, "marked":true}}
{"address":"0x7fb1f8027270", "type":"STRING", "class":"0x7fb1f80b7578", "embedded":true, "bytesize":2, "value":"ld", "memsize":40, "flags":{"wb_protected":true, "old":true, "uncollectible":true, "marked":true}}
{"address":"0x7fb1f8027298", "type":"STRING", "class":"0x7fb1f80b7578", "embedded":true, "bytesize":2, "value":"no", "memsize":40, "flags":{"wb_protected":true, "old":true, "uncollectible":true, "marked":true}}
{"address":"0x7fb1f80272c0", "type":"STRING", "class":"0x7fb1f80b7578", "embedded":true, "bytesize":13, "value":"-o conftest.i", "memsize":40, "flags":{"wb_protected":true, "old":true, "uncollectible":true, "marked":true}}
{"address":"0x7fb1f80272e8", "type":"STRING", "class":"0x7fb1f80b7578", "embedded":true, "bytesize":3, "value":"-o ", "memsize":40, "flags":{"wb_protected":true, "old":true, "uncollectible":true, "marked":true}}
{"address":"0x7fb1f8027310", "type":"STRING", "class":"0x7fb1f80b7578", "embedded":true, "bytesize":3, "value":"-o ", "memsize":40, "flags":{"wb_protected":true, "old":true, "uncollectible":true, "marked":true}}
{"address":"0x7fb1f8027338", "type":"STRING", "class":"0x7fb1f80b7578", "embedded":true, "bytesize":0, "value":"", "memsize":40, "flags":{"wb_protected":true, "old":true, "uncollectible":true, "marked":true}}
{"address":"0x7fb1f8027360", "type":"STRING", "class":"0x7fb1f80b7578", "embedded":true, "bytesize":14, "value":"/usr/bin/clang", "memsize":40, "flags":{"wb_protected":true, "old":true, "uncollectible":true, "marked":true}}
{"address":"0x7fb1f8027388", "type":"STRING", "class":"0x7fb1f80b7578", "embedded":true, "bytesize":16, "value":" clang --version", "memsize":40, "flags":{"wb_protected":true, "old":true, "uncollectible":true, "marked":true}}
{"address":"0x7fb1f80273b0", "type":"STRING", "class":"0x7fb1f80b7578", "shared":true, "references":["0x7fb1f802fbc8"], "memsize":40, "flags":{"wb_protected":true, "old":true, "uncollectible":true, "marked":true}}
{"address":"0x7fb1f80273d8", "type":"STRING", "class":"0x7fb1f80b7578", "embedded":true, "bytesize":0, "value":"", "memsize":40, "flags":{"wb_protected":true, "old":true, "uncollectible":true, "marked":true}}
{"address":"0x7fb1f8027400", "type":"STRING", "class":"0x7fb1f80b7578", "frozen":true, "fstring":true, "bytesize":47, "value":"Not connected to a tty and no default specified", "encoding":"UTF-8", "memsize":88, "flags":{"wb_protected":true, "old":true, "uncollectible":true, "marked":true}}
{"address":"0x7fb1f8027428", "type":"STRING", "class":"0x7fb1f80b7578", "embedded":true, "bytesize":1, "value":":", "memsize":40, "flags":{"wb_protected":true, "old":true, "uncollectible":true, "marked":true}}
{"address":"0x7fb1f8027450", "type":"STRING", "class":"0x7fb1f80b7578", "embedded":true, "bytesize":15, "value":"libtool -static", "memsize":40, "flags":{"wb_protected":true, "old":true, "uncollectible":true, "marked":true}}
{"address":"0x7fb1f8027478", "type":"STRING", "class":"0x7fb1f80b7578", "shared":true, "references":["0x7fb1f802fcb8"], "memsize":40, "flags":{"wb_protected":true, "old":true, "uncollectible":true, "marked":true}}
{"address":"0x7fb1f80274a0", "type":"STRING", "class":"0x7fb1f80b7578", "embedded":true, "bytesize":2, "value":"as", "memsize":40, "flags":{"wb_protected":true, "old":true, "uncollectible":true, "marked":true}}
{"address":"0x7fb1f80274c8", "type":"STRING", "class":"0x7fb1f80b7578", "frozen":true, "embedded":true, "fstring":true, "bytesize":20, "value":"GemNotFoundException", "encoding":"US-ASCII", "memsize":40, "flags":{"wb_protected":true, "old":true, "uncollectible":true, "marked":true}}
{"address":"0x7fb1f80274f0", "type":"STRING", "class":"0x7fb1f80b7578", "embedded":true, "bytesize":0, "value":"", "memsize":40, "flags":{"wb_protected":true, "old":true, "uncollectible":true, "marked":true}}
{"address":"0x7fb1f8027518", "type":"STRING", "class":"0x7fb1f80b7578", "embedded":true, "bytesize":7, "value":"objdump", "memsize":40, "flags":{"wb_protected":true, "old":true, "uncollectible":true, "marked":true}}
{"address":"0x7fb1f8027540", "type":"STRING", "class":"0x7fb1f80b7578", "embedded":true, "bytesize":1, "value":":", "memsize":40, "flags":{"wb_protected":true, "old":true, "uncollectible":true, "marked":true}}
{"address":"0x7fb1f8027568", "type":"STRING", "class":"0x7fb1f80b7578", "embedded":true, "bytesize":0, "value":"", "memsize":40, "flags":{"wb_protected":true, "old":true, "uncollectible":true, "marked":true}}
{"address":"0x7fb1f8027590", "type":"STRING", "class":"0x7fb1f80b7578", "frozen":true, "embedded":true, "fstring":true, "bytesize":23, "value":"missing_version_message", "encoding":"US-ASCII", "memsize":40, "flags":{"wb_protected":true, "old":true, "uncollectible":true, "marked":true}}
{"address":"0x7fb1f80275b8", "type":"STRING", "class":"0x7fb1f80b7578", "embedded":true, "bytesize":0, "value":"", "memsize":40, "flags":{"wb_protected":true, "old":true, "uncollectible":true, "marked":true}}
{"address":"0x7fb1f80275e0", "type":"ARRAY", "length":1024, "references":["0x7fb1f8027608", "0x7fb1f8027590", "0x7fb1f80274c8", "0x7fb1f8027180", "0x7fb1f8026f00", "0x7fb1f8026d20", "0x7fb1f8026cd0", "0x7fb1f8026c80", "0x7fb1f8026b68", "0x7fb1f8026af0", "0x7fb1f8026938", "0x7fb1f8026898", "0x7fb1f8026820", "0x7fb1f80267a8", "0x7fb1f8026730", "0x7fb1f80265f0", "0x7fb1f8026550", "0x7fb1f8026500", "0x7fb1f8026370", "0x7fb1f80262d0", "0x7fb1f8026168", "0x7fb1f8026118", "0x7fb1f8025f38", "0x7fb1f8025ee8", "0x7fb1f8025ce0", "0x7fb1f8025c90", "0x7fb1f8025b78", "0x7fb1f8025b28", "0x7fb1f80259c0", "0x7fb1f8025920", "0x7fb1f8025768", "0x7fb1f8025718", "0x7fb1f8025628", "0x7fb1f80255d8", "0x7fb1f8025290", "0x7fb1f8024f20", "0x7fb1f8024ed0", "0x7fb1f8024b88", "0x7fb1f8024908", "0x7fb1f8024868", "0x7fb1f8024610", "0x7fb1f80244d0", "0x7fb1f8024430", "0x7fb1f80241d8", "0x7fb1f8024138", "0x7fb1f80240e8", "0x7fb1f801fe58", "0x7fb1f801fd68", "0x7fb1f801fd18", "0x7fb1f801fc28", "0x7fb1f801f8b8", "0x7fb1f801f868", "0x7fb1f801f7c8", "0x7fb1f801f728", "0x7fb1f801f688", "0x7fb1f801f638", "0x7fb1f801f548", "0x7fb1f801f4d0", "0x7fb1f801f228", "0x7fb1f801f160", "0x7fb1f801f0c0", "0x7fb1f801f070", "0x7fb1f801ed00", "0x7fb1f801ebc0", "0x7fb1f801e698", "0x7fb1f801e5a8", "0x7fb1f801e1e8", "0x7fb1f801e030", "0x7fb1f801de78", "0x7fb1f801db58", "0x7fb1f801d770", "0x7fb1f801d658", "0x7fb1f801d608", "0x7fb1f801d568", "0x7fb1f801d3b0", "0x7fb1f801d310", "0x7fb1f801d2c0", "0x7fb1f801d1a8", "0x7fb1f801cfc8", "0x7fb1f801cc80", "0x7fb1f801cbe0", "0x7fb1f801c9b0", "0x7fb1f801c898", "0x7fb1f801c7d0", "0x7fb1f801c3e8", "0x7fb1f801c398", "0x7fb1f801c348", "0x7fb1f801c280", "0x7fb1f8017b18", "0x7fb1f8017ac8", "0x7fb1f8017780", "0x7fb1f8017578", "0x7fb1f8017528", "0x7fb1f80172d0", "0x7fb1f8017280", "0x7fb1f8017050", "0x7fb1f8017000", "0x7fb1f8016e20", "0x7fb1f8016c18", "0x7fb1f8016b78", "0x7fb1f80169e8", "0x7fb1f80167e0", "0x7fb1f80165d8", "0x7fb1f80163f8", "0x7fb1f80161f0", "0x7fb1f8015fe8", "0x7fb1f8015c50", "0x7fb1f8015ac0", "0x7fb1f80159d0", "0x7fb1f80154a8", "0x7fb1f80153b8", "0x7fb1f804d240", "0x7fb1f80148f0", "0x7fb1f8014850", "0x7fb1f80147b0", "0x7fb1f8014698", "0x7fb1f80144e0", "0x7fb1f8014440", "0x7fb1f80143c8", "0x7fb1f8014378", "0x7fb1f8014300", "0x7fb1f80142b0", "0x7fb1f80140a8", "0x7fb1f8014008", "0x7fb1f800fc38", "0x7fb1f800fb98", "0x7fb1f800f990", "0x7fb1f800f5a8", "0x7fb1f800f440", "0x7fb1f800f3a0", "0x7fb1f800f210", "0x7fb1f800f170", "0x7fb1f800f120", "0x7fb1f800f0a8", "0x7fb1f800f058", "0x7fb1f800ee50", "0x7fb1f800ee00", "0x7fb1f800eb58", "0x7fb1f800eab8", "0x7fb1f800e978", "0x7fb1f800e8d8", "0x7fb1f800e6d0", "0x7fb1f800e4c8", "0x7fb1f800e248", "0x7fb1f800e1f8", "0x7fb1f800e1a8", "0x7fb1f800e068", "0x7fb1f800dfc8", "0x7fb1f800df78", "0x7fb1f800dc80", "0x7fb1f800db18", "0x7fb1f800d5f0", "0x7fb1f800d528", "0x7fb1f800d2f8", "0x7fb1f800d118", "0x7fb1f800d0c8", "0x7fb1f800d028", "0x7fb1f800cd30", "0x7fb1f800c9e8", "0x7fb1f800c6a0", "0x7fb1f800c470", "0x7fb1f800c3d0", "0x7fb1fb02fe40", "0x7fb1fb02fda0", "0x7fb1fb02fb70", "0x7fb1fb02fb20", "0x7fb1fb02fa80", "0x7fb1fb02f5d0", "0x7fb1fb02f4b8", "0x7fb1fb02f468", "0x7fb1fb02f3f0", "0x7fb1fb02f2d8", "0x7fb1fb02f288", "0x7fb1fb02f170", "0x7fb1fb02f120", "0x7fb1fb02edd8", "0x7fb1fb02ea90", "0x7fb1fb02e568", "0x7fb1fb02e2e8", "0x7fb1fb02e248", "0x7fb1fb02e1f8", "0x7fb1fb02e090", "0x7fb1fb02df28", "0x7fb1fb02da50", "0x7fb1fb02d9b0", "0x7fb1fb02d820", "0x7fb1fb02d668", "0x7fb1fb02d528", "0x7fb1fb02d3e8", "0x7fb1fb02d2d0", "0x7fb1fb02d190", "0x7fb1fb02d078", "0x7fb1fb02cf60", "0x7fb1fb02ce20", "0x7fb1fb02ccb8", "0x7fb1fb02ca38", "0x7fb1fb02c970", "0x7fb1fb02c8a8", "0x7fb1fb02c600", "0x7fb1fb02c538", "0x7fb1f80c78d8", "0x7fb1f80c71f8", "0x7fb1f80c7158", "0x7fb1f80c70b8", "0x7fb1f80c7018", "0x7fb1f80c6f78", "0x7fb1f80c6ed8", "0x7fb1f80c6e38", "0x7fb1f80c6d98", "0x7fb1f80c7428", "0x7fb1f80c73d8", "0x7fb1f80c6cf8", "0x7fb1f809de20", "0x7fb1f809da10", "0x7fb1f80440a0", "0x7fb1f803fd20", "0x7fb1f803fbe0", "0x7fb1f803f910", "0x7fb1f803f5f0", "0x7fb1f803ec68", "0x7fb1f803ec18", "0x7fb1f803eb78", "0x7fb1f803e9e8", "0x7fb1f803e718", "0x7fb1f803d700", "0x7fb1fb02c6a0", "0x7fb1fb02c5b0", "0x7fb1fb02c100", "0x7fb1fb02c038", "0x7fb1f80f30f0", "0x7fb1f80f2e48", "0x7fb1f80f29e8", "0x7fb1f80f27e0", "0x7fb1f80f2790", "0x7fb1f80f25d8", "0x7fb1f80f2448", "0x7fb1f80f2218", "0x7fb1f80f2178", "0x7fb1f80f20d8", "0x7fb1f80f1e80", "0x7fb1f80f1cf0", "0x7fb1f80f1bd8", "0x7fb1f80f1a48", "0x7fb1f80f19a8", "0x7fb1f80f1138", "0x7fb1f80f0f08", "0x7fb1f80f0cd8", "0x7fb1f80f0558", "0x7fb1f80f01e8", "0x7fb1f80dbd60", "0x7fb1f80dbc98", "0x7fb1f80dbae0", "0x7fb1f80dba18", "0x7fb1f80db798", "0x7fb1f80db6d0", "0x7fb1f80db590", "0x7fb1f80db360", "0x7fb1f80da0a0", "0x7fb1f80d9f10", "0x7fb1f80d9e20", "0x7fb1f80d9da8", "0x7fb1f80d9c68", "0x7fb1f80d9a60", "0x7fb1f80d9790", "0x7fb1f80d9628", "0x7fb1f80d93d0", "0x7fb1f80d9100", "0x7fb1f80d8fc0", "0x7fb1f80d8e08", "0x7fb1f80d8d90", "0x7fb1f80d8cc8", "0x7fb1f80d8c78", "0x7fb1f80d8868", "0x7fb1f80d86d8", "0x7fb1f80d83e0", "0x7fb1f80d81d8", "0x7fb1f80d8188", "0x7fb1f80bff70", "0x7fb1f80be238", "0x7fb1f80bda68", "0x7fb1f80bd720", "0x7fb1f80bd5b8", "0x7fb1f80b77a8", "0x7fb1f80b7370", "0x7fb1f80b66a0", "0x7fb1f80a76a0", "0x7fb1f8097b10", "0x7fb1f8097340", "0x7fb1f8096968", "0x7fb1f808ffa0", "0x7fb1f8086248", "0x7fb1f8085938", "0x7fb1f8084cb8", "0x7fb1f80848d0", "0x7fb1f807ef70", "0x7fb1f807e638", "0x7fb1f807e3e0", "0x7fb1f807dff8", "0x7fb1f807dd78", "0x7fb1f807daa8", "0x7fb1f807d350", "0x7fb1f807d1e8", "0x7fb1f807cf90", "0x7fb1f807ccc0", "0x7fb1f807ca18", "0x7fb1f807c928", "0x7fb1f807c838", "0x7fb1f807c608", "0x7fb1f807c298", "0x7fb1f807c130", "0x7fb1f8077ef0", "0x7fb1f8077d60", "0x7fb1f8077770", "0x7fb1f8077680", "0x7fb1f8077590", "0x7fb1f8077400", "0x7fb1f8077310", "0x7fb1f8076d20", "0x7fb1f8076b68", "0x7fb1f8076898", "0x7fb1f8076708", "0x7fb1f80764d8", "0x7fb1f80755b0", "0x7fb1f8075308", "0x7fb1f80750b0", "0x7fb1f8074fc0", "0x7fb1f8074548", "0x7fb1f8074200", "0x7fb1f8074098", "0x7fb1f806fe08", "0x7fb1f806fc00", "0x7fb1f806cc30", "0x7fb1f806ca50", "0x7fb1f806c870", "0x7fb1f806c730", "0x7fb1f806c640", "0x7fb1f806c500", "0x7fb1f8067a00", "0x7fb1f8067780", "0x7fb1f805e220", "0x7fb1f805e068", "0x7fb1f805de60", "0x7fb1f805d140", "0x7fb1f8057178", "0x7fb1f8055620", "0x7fb1f80554e0", "0x7fb1f8054ef0", "0x7fb1f8054d60", "0x7fb1f804efc8", "0x7fb1f804ecd0", "0x7fb1f804d358", "0x7fb1f804d218", "0x7fb1f804c778", "0x7fb1f804c660", "0x7fb1f804c5c0", "0x7fb1f804c2f0", "0x7fb1f8047ef8", "0x7fb1f8046558", "0x7fb1f8046490", "0x7fb1f80461c0", "0x7fb1f8045d60", "0x7fb1f80453b0", "0x7fb1f80452c0", "0x7fb1f8045018", "0x7fb1f8044ed8", "0x7fb1f8044988", "0x7fb1f80445a0", "0x7fb1f803fed8", "0x7fb1f803f938", "0x7fb1f803f898", "0x7fb1f803f6e0", "0x7fb1f803f438", "0x7fb1f803f370", "0x7fb1f803f118", "0x7fb1f803efd8", "0x7fb1f803ed08", "0x7fb1f803ea60", "0x7fb1f803e5d8", "0x7fb1f803dd68", "0x7fb1f803dcc8", "0x7fb1f803dbb0", "0x7fb1f803d908", "0x7fb1f803d750", "0x7fb1f803d638", "0x7fb1f8034420", "0x7fb1f8034358", "0x7fb1f802e048", "0x7fb1f802dd50", "0x7fb1f802d8c8", "0x7fb1f802d648", "0x7fb1f802ca68", "0x7fb1f802c388", "0x7fb1f80262a8", "0x7fb1f8025ad8", "0x7fb1f8024e80", "0x7fb1f801ee40", "0x7fb1f801e940", "0x7fb1f801e558", "0x7fb1f801e378", "0x7fb1f801e170", "0x7fb1f801df68", "0x7fb1f801dd60", "0x7fb1f801d748", "0x7fb1f801d4c8", "0x7fb1f801d1f8", "0x7fb1f801cc08", "0x7fb1f801c988", "0x7fb1f801c6b8", "0x7fb1f801c410", "0x7fb1f801c2a8", "0x7fb1f8017fa0", "0x7fb1f8017e10", "0x7fb1f8017dc0", "0x7fb1f8017d70", "0x7fb1f8017cd0", "0x7fb1f8017c80", "0x7fb1f8017820", "0x7fb1f80177d0", "0x7fb1f80176b8", "0x7fb1f8017640", "0x7fb1f80175f0", "0x7fb1f80174d8", "0x7fb1f80172f8", "0x7fb1f8017078", "0x7fb1f8016f60", "0x7fb1f8016dd0", "0x7fb1f8016ce0", "0x7fb1f8016bc8", "0x7fb1f8016998", "0x7fb1f80168d0", "0x7fb1f8016650", "0x7fb1f80164e8", "0x7fb1f8016290", "0x7fb1f8016240", "0x7fb1f8016178", "0x7fb1f8015bb0", "0x7fb1f8015228", "0x7fb1f8015160", "0x7fb1f8014e18", "0x7fb1f8014c88", "0x7fb1f8014c10", "0x7fb1f8014b70", "0x7fb1f8014a80", "0x7fb1f8014760", "0x7fb1f8014580", "0x7fb1f80140d0", "0x7fb1f800ffa8", "0x7fb1f800fd00", "0x7fb1f800f710", "0x7fb1f800f530", "0x7fb1f800f418", "0x7fb1f800f328", "0x7fb1f800f288", "0x7fb1f800f198", "0x7fb1f800ed88", "0x7fb1f800ec20", "0x7fb1f800eba8", "0x7fb1f800ea68", "0x7fb1f800e9c8", "0x7fb1f800e900", "0x7fb1f800e860", "0x7fb1f800e7e8", "0x7fb1f800e720", "0x7fb1f800e680", "0x7fb1f800e608", "0x7fb1f800e590", "0x7fb1f800e400", "0x7fb1f800e360", "0x7fb1f800df00", "0x7fb1f800d848", "0x7fb1f800d758", "0x7fb1f800d6b8", "0x7fb1f800d640", "0x7fb1f800d280", "0x7fb1f800d230", "0x7fb1f800cab0", "0x7fb1f800ca10", "0x7fb1f800c920", "0x7fb1f800c8a8", "0x7fb1f800c830", "0x7fb1f800c678", "0x7fb1f800c5d8", "0x7fb1f800c588", "0x7fb1f800c510", "0x7fb1f800c498", "0x7fb1f800c0d8", "0x7fb1f800c088", "0x7fb1f80f3f78", "0x7fb1f80f3af0", "0x7fb1f80f32f8", "0x7fb1f80f3190", "0x7fb1f80f30c8", "0x7fb1f80f2f10", "0x7fb1f80f2b28", "0x7fb1f80f2a88", "0x7fb1f80f2a38", "0x7fb1f80f2718", "0x7fb1f80f2678", "0x7fb1f80f2600", "0x7fb1f80f2290", "0x7fb1f80f20b0", "0x7fb1f80f1ca0", "0x7fb1f80f1c00", "0x7fb1f80f1b88", "0x7fb1f80f18b8", "0x7fb1f80f1480", "0x7fb1f80f13e0", "0x7fb1f80f1250", "0x7fb1f80f11b0", "0x7fb1f80f0eb8", "0x7fb1f80f0da0", "0x7fb1f80f0d28", "0x7fb1f80f0b70"], "memsize":8232, "flags":{"wb_protected":true, "old":true, "uncollectible":true, "marked":true}}
{"address":"0x7fb1f8027608", "type":"STRING", "class":"0x7fb1f80b7578", "frozen":true, "embedded":true, "fstring":true, "bytesize":20, "value":"BundlerVersionFinder", "encoding":"US-ASCII", "memsize":40, "flags":{"wb_protected":true, "old":true, "uncollectible":true, "marked":true}}
{"address":"0x7fb1f8027630", "type":"STRING", "class":"0x7fb1f80b7578", "embedded":true, "bytesize":2, "value":"nm", "memsize":40, "flags":{"wb_protected":true, "old":true, "uncollectible":true, "marked":true}}
{"address":"0x7fb1f8027658", "type":"STRING", "class":"0x7fb1f80b7578", "frozen":true, "embedded":true, "fstring":true, "bytesize":15, "value":"bundler_message", "encoding":"US-ASCII", "memsize":40, "flags":{"wb_protected":true, "old":true, "uncollectible":true, "marked":true}}
{"address":"0x7fb1f8027680", "type":"STRING", "class":"0x7fb1f80b7578", "embedded":true, "bytesize":5, "value":"ln -s", "memsize":40, "flags":{"wb_protected":true, "old":true, "uncollectible":true, "marked":true}}
{"address":"0x7fb1f80276a8", "type":"STRING", "class":"0x7fb1f80b7578", "frozen":true, "fstring":true, "bytesize":31, "value":"block (2 levels) in class_names", "memsize":72, "flags":{"wb_protected":true, "old":true, "uncollectible":true, "marked":true}}
{"address":"0x7fb1f80276d0", "type":"STRING", "class":"0x7fb1f80b7578", "embedded":true, "bytesize":0, "value":"", "memsize":40, "flags":{"wb_protected":true, "old":true, "uncollectible":true, "marked":true}}
{"address":"0x7fb1f80276f8", "type":"STRING", "class":"0x7fb1f80b7578", "embedded":true, "bytesize":19, "value":"/usr/bin/install -c", "memsize":40, "flags":{"wb_protected":true, "old":true, "uncollectible":true, "marked":true}}
{"address":"0x7fb1f8027720", "type":"ARRAY", "class":"0x7fb1f8097228", "length":0, "memsize":40, "flags":{"wb_protected":true, "old":true, "uncollectible":true, "marked":true}}
{"address":"0x7fb1f8027748", "type":"STRING", "class":"0x7fb1f80b7578", "embedded":true, "bytesize":4, "value":"ruby", "encoding":"UTF-8", "memsize":40, "flags":{"wb_protected":true, "old":true, "uncollectible":true, "marked":true}}
{"address":"0x7fb1f8027770", "type":"STRING", "class":"0x7fb1f80b7578", "embedded":true, "bytesize":19, "value":"/usr/bin/install -c", "memsize":40, "flags":{"wb_protected":true, "old":true, "uncollectible":true, "marked":true}}
{"address":"0x7fb1f8027798", "type":"STRING", "class":"0x7fb1f80b7578", "frozen":true, "embedded":true, "fstring":true, "bytesize":3, "value":"msg", "encoding":"US-ASCII", "memsize":40, "flags":{"wb_protected":true, "old":true, "uncollectible":true, "marked":true}}
{"address":"0x7fb1f80277c0", "type":"STRING", "class":"0x7fb1f80b7578", "shared":true, "references":["0x7fb1f80d6298"], "memsize":40, "flags":{"wb_protected":true, "old":true, "uncollectible":true, "marked":true}}
{"address":"0x7fb1f80277e8", "type":"STRING", "class":"0x7fb1f80b7578", "embedded":true, "bytesize":8, "value":"mkdir -p", "memsize":40, "flags":{"wb_protected":true, "old":true, "uncollectible":true, "marked":true}}
{"address":"0x7fb1f8027810", "type":"STRING", "class":"0x7fb1f80b7578", "embedded":true, "bytesize":8, "value":"mkdir -p", "memsize":40, "flags":{"wb_protected":true, "old":true, "uncollectible":true, "marked":true}}
{"address":"0x7fb1f8027838", "type":"STRING", "class":"0x7fb1f80b7578", "embedded":true, "bytesize":0, "value":"", "memsize":40, "flags":{"wb_protected":true, "old":true, "uncollectible":true, "marked":true}}
{"address":"0x7fb1f8027860", "type":"IMEMO", "imemo_type":"iseq", "references":["0x7fb1f8027400", "0x7fb1f8027158", "0x7fb1f8026be0", "0x7fb1f8026e60", "0x7fb1f8026c58", "0x7fb1f8026320", "0x7fb1f8087cb0", "0x7fb1f80756c8", "0x7fb1f8074d18", "0x7fb1f806fcc8", "0x7fb1f8118698", "0x7fb1f8118698", "0x7fb1f811a538"], "memsize":3000, "flags":{"wb_protected":true, "old":true, "uncollectible":true, "marked":true}}
{"address":"0x7fb1f8027888", "type":"STRING", "class":"0x7fb1f80b7578", "embedded":true, "bytesize":0, "value":"", "memsize":40, "flags":{"wb_protected":true, "old":true, "uncollectible":true, "marked":true}}
{"address":"0x7fb1f80278b0", "type":"STRING", "class":"0x7fb1f80b7578", "frozen":true, "embedded":true, "fstring":true, "bytesize":11, "value":"executables", "encoding":"US-ASCII", "memsize":40, "flags":{"wb_protected":true, "old":true, "uncollectible":true, "marked":true}}
{"address":"0x7fb1f80278d8", "type":"STRING", "class":"0x7fb1f80b7578", "embedded":true, "bytesize":10, "value":"pkg-config", "memsize":40, "flags":{"wb_protected":true, "old":true, "uncollectible":true, "marked":true}}
{"address":"0x7fb1f8027900", "type":"STRING", "class":"0x7fb1f80b7578", "embedded":true, "bytesize":5, "value":"rm -f", "memsize":40, "flags":{"wb_protected":true, "old":true, "uncollectible":true, "marked":true}}
{"address":"0x7fb1f8027950", "type":"STRING", "class":"0x7fb1f80b7578", "embedded":true, "bytesize":2, "value":"cp", "memsize":40, "flags":{"wb_protected":true, "old":true, "uncollectible":true, "marked":true}}
{"address":"0x7fb1f8027978", "type":"STRING", "class":"0x7fb1f80b7578", "embedded":true, "bytesize":5, "value":"rmdir", "memsize":40, "flags":{"wb_protected":true, "old":true, "uncollectible":true, "marked":true}}
{"address":"0x7fb1f80279a0", "type":"STRING", "class":"0x7fb1f80b7578", "frozen":true, "embedded":true, "fstring":true, "bytesize":14, "value":"matching_specs", "encoding":"US-ASCII", "memsize":40, "flags":{"wb_protected":true, "old":true, "uncollectible":true, "marked":true}}
{"address":"0x7fb1f80279c8", "type":"STRING", "class":"0x7fb1f80b7578", "embedded":true, "bytesize":8, "value":"rmdir -p", "memsize":40, "flags":{"wb_protected":true, "old":true, "uncollectible":true, "marked":true}}
{"address":"0x7fb1f80279f0", "type":"STRING", "class":"0x7fb1f80b7578", "frozen":true, "embedded":true, "fstring":true, "bytesize":5, "value":"specs", "encoding":"US-ASCII", "memsize":40, "flags":{"wb_protected":true, "old":true, "uncollectible":true, "marked":true}}
{"address":"0x7fb1f8027a18", "type":"STRING", "class":"0x7fb1f80b7578", "embedded":true, "bytesize":6, "value":"rm -fr", "memsize":40, "flags":{"wb_protected":true, "old":true, "uncollectible":true, "marked":true}}
{"address":"0x7fb1f8027a40", "type":"STRING", "class":"0x7fb1f80b7578", "embedded":true, "bytesize":5, "value":"cd -P", "memsize":40, "flags":{"wb_protected":true, "old":true, "uncollectible":true, "marked":true}}
{"address":"0x7fb1f8027a68", "type":"STRING", "class":"0x7fb1f80b7578", "embedded":true, "bytesize":7, "value":"-Werror", "memsize":40, "flags":{"wb_protected":true, "old":true, "uncollectible":true, "marked":true}}
{"address":"0x7fb1f8027a90", "type":"STRING", "class":"0x7fb1f80b7578", "frozen":true, "embedded":true, "fstring":true, "bytesize":13, "value":"matches_spec?", "encoding":"US-ASCII", "memsize":40, "flags":{"wb_protected":true, "old":true, "uncollectible":true, "marked":true}}
{"address":"0x7fb1f8027ab8", "type":"STRING", "class":"0x7fb1f80b7578", "shared":true, "references":["0x7fb1f80347e0"], "memsize":40, "flags":{"wb_protected":true, "old":true, "uncollectible":true, "marked":true}}
{"address":"0x7fb1f8027ae0", "type":"STRING", "class":"0x7fb1f80b7578", "embedded":true, "bytesize":8, "value":"codesign", "memsize":40, "flags":{"wb_protected":true, "old":true, "uncollectible":true, "marked":true}}
{"address":"0x7fb1f8027b08", "type":"STRING", "class":"0x7fb1f80b7578", "embedded":true, "bytesize":8, "value":"dsymutil", "memsize":40, "flags":{"wb_protected":true, "old":true, "uncollectible":true, "marked":true}}
{"address":"0x7fb1f8027b30", "type":"STRING", "class":"0x7fb1f80b7578", "frozen":true, "embedded":true, "fstring":true, "bytesize":6, "value":"loaded", "encoding":"US-ASCII", "memsize":40, "flags":{"wb_protected":true, "old":true, "uncollectible":true, "marked":true}}
{"address":"0x7fb1f8027b58", "type":"STRING", "class":"0x7fb1f80b7578", "embedded":true, "bytesize":3, "value":"yes", "memsize":40, "flags":{"wb_protected":true, "old":true, "uncollectible":true, "marked":true}}
{"address":"0x7fb1f8027b80", "type":"STRING", "class":"0x7fb1f80b7578", "embedded":true, "bytesize":0, "value":"", "memsize":40, "flags":{"wb_protected":true, "old":true, "uncollectible":true, "marked":true}}
{"address":"0x7fb1f8027ba8", "type":"STRING", "class":"0x7fb1f80b7578", "shared":true, "references":["0x7fb1f8034b28"], "memsize":40, "flags":{"wb_protected":true, "old":true, "uncollectible":true, "marked":true}}
{"address":"0x7fb1f8027bd0", "type":"STRING", "class":"0x7fb1f80b7578", "frozen":true, "embedded":true, "fstring":true, "bytesize":3, "value":"dep", "encoding":"US-ASCII", "memsize":40, "flags":{"wb_protected":true, "old":true, "uncollectible":true, "marked":true}}
{"address":"0x7fb1f8027bf8", "type":"STRING", "class":"0x7fb1f80b7578", "embedded":true, "bytesize":0, "value":"", "memsize":40, "flags":{"wb_protected":true, "old":true, "uncollectible":true, "marked":true}}
{"address":"0x7fb1f8027c20", "type":"STRING", "class":"0x7fb1f80b7578", "embedded":true, "bytesize":0, "value":"", "memsize":40, "flags":{"wb_protected":true, "old":true, "uncollectible":true, "marked":true}}
{"address":"0x7fb1f8027c48", "type":"STRING", "class":"0x7fb1f80b7578", "embedded":true, "bytesize":11, "value":"-fno-common", "memsize":40, "flags":{"wb_protected":true, "old":true, "uncollectible":true, "marked":true}}
{"address":"0x7fb1f8027c70", "type":"IMEMO", "imemo_type":"iseq", "references":["0x7fb1f8026eb0", "0x7fb1f8027ce8", "0x7fb1f80440f0", "0x7fb1f8045928", "0x7fb1f802d7d8", "0x7fb1f8026eb0"], "memsize":752, "flags":{"wb_protected":true, "old":true, "uncollectible":true, "marked":true}}
{"address":"0x7fb1f8027c98", "type":"STRING", "class":"0x7fb1f80b7578", "embedded":true, "bytesize":23, "value":" clang -dynamic -bundle", "memsize":40, "flags":{"wb_protected":true, "old":true, "uncollectible":true, "marked":true}}
{"address":"0x7fb1f8027cc0", "type":"STRING", "class":"0x7fb1f80b7578", "shared":true, "references":["0x7fb1f80d6f40"], "memsize":40, "flags":{"wb_protected":true, "old":true, "uncollectible":true, "marked":true}}
{"address":"0x7fb1f8027ce8", "type":"STRING", "class":"0x7fb1f80b7578", "frozen":true, "embedded":true, "fstring":true, "bytesize":20, "value":"block in class_names", "memsize":40, "flags":{"wb_protected":true, "old":true, "uncollectible":true, "marked":true}}
{"address":"0x7fb1f8027d10", "type":"STRING", "class":"0x7fb1f80b7578", "embedded":true, "bytesize":6, "value":"bundle", "memsize":40, "flags":{"wb_protected":true, "old":true, "uncollectible":true, "marked":true}}
{"address":"0x7fb1f8027d38", "type":"STRING", "class":"0x7fb1f80b7578", "embedded":true, "bytesize":0, "value":"", "memsize":40, "flags":{"wb_protected":true, "old":true, "uncollectible":true, "marked":true}}
{"address":"0x7fb1f8027d60", "type":"STRING", "class":"0x7fb1f80b7578", "frozen":true, "embedded":true, "fstring":true, "bytesize":2, "value":"> ", "encoding":"UTF-8", "memsize":40, "flags":{"wb_protected":true, "old":true, "uncollectible":true, "marked":true}}
{"address":"0x7fb1f8027d88", "type":"STRING", "class":"0x7fb1f80b7578", "embedded":true, "bytesize":1, "value":"a", "memsize":40, "flags":{"wb_protected":true, "old":true, "uncollectible":true, "marked":true}}
{"address":"0x7fb1f8027db0", "type":"STRING", "class":"0x7fb1f80b7578", "frozen":true, "embedded":true, "fstring":true, "bytesize":8, "value":"bin_file", "encoding":"US-ASCII", "memsize":40, "flags":{"wb_protected":true, "old":true, "uncollectible":true, "marked":true}}
{"address":"0x7fb1f8027dd8", "type":"STRING", "class":"0x7fb1f80b7578", "embedded":true, "bytesize":1, "value":"S", "memsize":40, "flags":{"wb_protected":true, "old":true, "uncollectible":true, "marked":true}}
{"address":"0x7fb1f8027e00", "type":"STRING", "class":"0x7fb1f80b7578", "frozen":true, "embedded":true, "fstring":true, "bytesize":17, "value":"find_spec_for_exe", "encoding":"US-ASCII", "memsize":40, "flags":{"wb_protected":true, "old":true, "uncollectible":true, "marked":true}}
{"address":"0x7fb1f8027e28", "type":"STRING", "class":"0x7fb1f80b7578", "shared":true, "references":["0x7fb1f80d72b0"], "memsize":40, "flags":{"wb_protected":true, "old":true, "uncollectible":true, "marked":true}}
{"address":"0x7fb1f8027e50", "type":"STRING", "class":"0x7fb1f80b7578", "embedded":true, "bytesize":5, "value":" -L%s", "memsize":40, "flags":{"wb_protected":true, "old":true, "uncollectible":true, "marked":true}}
{"address":"0x7fb1f8027e78", "type":"STRING", "class":"0x7fb1f80b7578", "embedded":true, "bytesize":0, "value":"", "memsize":40, "flags":{"wb_protected":true, "old":true, "uncollectible":true, "marked":true}}
{"address":"0x7fb1f8027ea0", "type":"STRING", "class":"0x7fb1f80b7578", "shared":true, "references":["0x7fb1f80352a8"], "memsize":40, "flags":{"wb_protected":true, "old":true, "uncollectible":true, "marked":true}}
{"address":"0x7fb1f8027ec8", "type":"STRING", "class":"0x7fb1f80b7578", "frozen":true, "embedded":true, "fstring":true, "bytesize":11, "value":"Requirement", "encoding":"US-ASCII", "memsize":40, "flags":{"wb_protected":true, "old":true, "uncollectible":true, "marked":true}}
{"address":"0x7fb1f8027ef0", "type":"STRING", "class":"0x7fb1f80b7578", "embedded":true, "bytesize":21, "value":"DYLD_INSERT_LIBRARIES", "memsize":40, "flags":{"wb_protected":true, "old":true, "uncollectible":true, "marked":true}}
{"address":"0x7fb1f8027f18", "type":"STRING", "class":"0x7fb1f80b7578", "embedded":true, "bytesize":0, "value":"", "memsize":40, "flags":{"wb_protected":true, "old":true, "uncollectible":true, "marked":true}}
{"address":"0x7fb1f8027f40", "type":"STRING", "class":"0x7fb1f80b7578", "embedded":true, "bytesize":5, "value":"dylib", "memsize":40, "flags":{"wb_protected":true, "old":true, "uncollectible":true, "marked":true}}
{"address":"0x7fb1f8027f68", "type":"STRING", "class":"0x7fb1f80b7578", "embedded":true, "bytesize":11, "value":"strip -A -n", "memsize":40, "flags":{"wb_protected":true, "old":true, "uncollectible":true, "marked":true}}
{"address":"0x7fb1f8027f90", "type":"STRING", "class":"0x7fb1f80b7578", "embedded":true, "bytesize":0, "value":"", "memsize":40, "flags":{"wb_protected":true, "old":true, "uncollectible":true, "marked":true}}
{"address":"0x7fb1f802c018", "type":"OBJECT", "class":"0x7fb1f80dd4f8", "ivars":3, "references":["0x7fb1f80265a0"], "memsize":40, "flags":{"wb_protected":true, "old":true, "uncollectible":true, "marked":true}}
{"address":"0x7fb1f802c040", "type":"STRING", "class":"0x7fb1f80b7578", "frozen":true, "embedded":true, "fstring":true, "bytesize":12, "value":"requirements", "encoding":"US-ASCII", "memsize":40, "flags":{"wb_protected":true, "old":true, "uncollectible":true, "marked":true}}
{"address":"0x7fb1f802c068", "type":"STRING", "class":"0x7fb1f80b7578", "embedded":true, "bytesize":0, "value":"", "memsize":40, "flags":{"wb_protected":true, "old":true, "uncollectible":true, "marked":true}}
{"address":"0x7fb1f802c090", "type":"STRING", "class":"0x7fb1f80b7578", "frozen":true, "embedded":true, "fstring":true, "bytesize":9, "value":"exec_name", "encoding":"US-ASCII", "memsize":40, "flags":{"wb_protected":true, "old":true, "uncollectible":true, "marked":true}}
{"address":"0x7fb1f802c0b8", "type":"STRING", "class":"0x7fb1f80b7578", "embedded":true, "bytesize":5, "value":"Setup", "memsize":40, "flags":{"wb_protected":true, "old":true, "uncollectible":true, "marked":true}}
{"address":"0x7fb1f802c0e0", "type":"STRING", "class":"0x7fb1f80b7578", "frozen":true, "embedded":true, "fstring":true, "bytesize":8, "value":"bin_path", "encoding":"US-ASCII", "memsize":40, "flags":{"wb_protected":true, "old":true, "uncollectible":true, "marked":true}}
{"address":"0x7fb1f802c108", "type":"STRING", "class":"0x7fb1f80b7578", "shared":true, "references":["0x7fb1f8016f88"], "memsize":40, "flags":{"wb_protected":true, "old":true, "uncollectible":true, "marked":true}}
{"address":"0x7fb1f802c130", "type":"STRING", "class":"0x7fb1f80b7578", "embedded":true, "bytesize":3, "value":"yes", "memsize":40, "flags":{"wb_protected":true, "old":true, "uncollectible":true, "marked":true}}
{"address":"0x7fb1f802c158", "type":"STRING", "class":"0x7fb1f80b7578", "embedded":true, "bytesize":2, "value":"no", "memsize":40, "flags":{"wb_protected":true, "old":true, "uncollectible":true, "marked":true}}
{"address":"0x7fb1f802c180", "type":"STRING", "class":"0x7fb1f80b7578", "embedded":true, "bytesize":23, "value":"miniruby exe/$(PROGRAM)", "memsize":40, "flags":{"wb_protected":true, "old":true, "uncollectible":true, "marked":true}}
{"address":"0x7fb1f802c1a8", "type":"STRING", "class":"0x7fb1f80b7578", "embedded":true, "bytesize":4, "value":".ext", "memsize":40, "flags":{"wb_protected":true, "old":true, "uncollectible":true, "marked":true}}
{"address":"0x7fb1f802c1d0", "type":"STRING", "class":"0x7fb1f80b7578", "embedded":true, "bytesize":2, "value":"no", "memsize":40, "flags":{"wb_protected":true, "old":true, "uncollectible":true, "marked":true}}
{"address":"0x7fb1f802c1f8", "type":"STRING", "class":"0x7fb1f80b7578", "embedded":true, "bytesize":0, "value":"", "memsize":40, "flags":{"wb_protected":true, "old":true, "uncollectible":true, "marked":true}}
{"address":"0x7fb1f802c220", "type":"STRING", "class":"0x7fb1f80b7578", "embedded":true, "bytesize":0, "value":"", "memsize":40, "flags":{"wb_protected":true, "old":true, "uncollectible":true, "marked":true}}
{"address":"0x7fb1f802c248", "type":"STRING", "class":"0x7fb1f80b7578", "embedded":true, "bytesize":3, "value":"yes", "memsize":40, "flags":{"wb_protected":true, "old":true, "uncollectible":true, "marked":true}}
{"address":"0x7fb1f802c270", "type":"ARRAY", "class":"0x7fb1f8097228", "length":0, "memsize":40, "flags":{"wb_protected":true, "old":true, "uncollectible":true, "marked":true}}
{"address":"0x7fb1f802c298", "type":"STRING", "class":"0x7fb1f80b7578", "embedded":true, "bytesize":3, "value":"yes", "memsize":40, "flags":{"wb_protected":true, "old":true, "uncollectible":true, "marked":true}}
{"address":"0x7fb1f802c2c0", "type":"ARRAY", "class":"0x7fb1f8097228", "length":0, "memsize":40, "flags":{"wb_protected":true, "old":true, "uncollectible":true, "marked":true}}
{"address":"0x7fb1f802c2e8", "type":"STRING", "class":"0x7fb1f80b7578", "embedded":true, "bytesize":5, "value":"dln.o", "memsize":40, "flags":{"wb_protected":true, "old":true, "uncollectible":true, "marked":true}}
{"address":"0x7fb1f802c310", "type":"STRING", "class":"0x7fb1f80b7578", "frozen":true, "embedded":true, "fstring":true, "bytesize":9, "value":"full_spec", "encoding":"US-ASCII", "memsize":40, "flags":{"wb_protected":true, "old":true, "uncollectible":true, "marked":true}}
{"address":"0x7fb1f802c338", "type":"STRING", "class":"0x7fb1f80b7578", "embedded":true, "bytesize":0, "value":"", "memsize":40, "flags":{"wb_protected":true, "old":true, "uncollectible":true, "marked":true}}
{"address":"0x7fb1f802c360", "type":"STRING", "class":"0x7fb1f80b7578", "embedded":true, "bytesize":1, "value":":", "memsize":40, "flags":{"wb_protected":true, "old":true, "uncollectible":true, "marked":true}}
{"address":"0x7fb1f802c388", "type":"STRING", "class":"0x7fb1f80b7578", "frozen":true, "embedded":true, "fstring":true, "bytesize":8, "value":"_resort!", "encoding":"US-ASCII", "memsize":40, "flags":{"wb_protected":true, "old":true, "uncollectible":true, "marked":true}}
{"address":"0x7fb1f802c3b0", "type":"STRING", "class":"0x7fb1f80b7578", "frozen":true, "embedded":true, "fstring":true, "bytesize":15, "value":"resolve_current", "encoding":"US-ASCII", "memsize":40, "flags":{"wb_protected":true, "old":true, "uncollectible":true, "marked":true}}
{"address":"0x7fb1f802c3d8", "type":"STRING", "class":"0x7fb1f80b7578", "embedded":true, "bytesize":3, "value":"-O3", "memsize":40, "flags":{"wb_protected":true, "old":true, "uncollectible":true, "marked":true}}
{"address":"0x7fb1f802c400", "type":"STRING", "class":"0x7fb1f80b7578", "embedded":true, "bytesize":6, "value":"-ggdb3", "memsize":40, "flags":{"wb_protected":true, "old":true, "uncollectible":true, "marked":true}}
{"address":"0x7fb1f802c428", "type":"STRING", "class":"0x7fb1f80b7578", "shared":true, "references":["0x7fb1f8035e88"], "memsize":40, "flags":{"wb_protected":true, "old":true, "uncollectible":true, "marked":true}}
{"address":"0x7fb1f802c450", "type":"ARRAY", "class":"0x7fb1f8097228", "length":0, "memsize":40, "flags":{"wb_protected":true, "old":true, "uncollectible":true, "marked":true}}
{"address":"0x7fb1f802c478", "type":"STRING", "class":"0x7fb1f80b7578", "frozen":true, "embedded":true, "fstring":true, "bytesize":7, "value":"version", "encoding":"US-ASCII", "memsize":40, "flags":{"wb_protected":true, "old":true, "uncollectible":true, "marked":true}}
{"address":"0x7fb1f802c4a0", "type":"STRING", "class":"0x7fb1f80b7578", "embedded":true, "bytesize":10, "value":"-std=gnu99", "memsize":40, "flags":{"wb_protected":true, "old":true, "uncollectible":true, "marked":true}}
{"address":"0x7fb1f802c4c8", "type":"STRING", "class":"0x7fb1f80b7578", "frozen":true, "embedded":true, "fstring":true, "bytesize":10, "value":"Dependency", "encoding":"US-ASCII", "memsize":40, "flags":{"wb_protected":true, "old":true, "uncollectible":true, "marked":true}}
{"address":"0x7fb1f802c4f0", "type":"STRING", "class":"0x7fb1f80b7578", "embedded":true, "bytesize":0, "value":"", "memsize":40, "flags":{"wb_protected":true, "old":true, "uncollectible":true, "marked":true}}
{"address":"0x7fb1f802c518", "type":"ARRAY", "class":"0x7fb1f8097228", "length":0, "memsize":40, "flags":{"wb_protected":true, "old":true, "uncollectible":true, "marked":true}}
{"address":"0x7fb1f802c540", "type":"STRING", "class":"0x7fb1f80b7578", "frozen":true, "embedded":true, "fstring":true, "bytesize":1, "value":"s", "encoding":"US-ASCII", "memsize":40, "flags":{"wb_protected":true, "old":true, "uncollectible":true, "marked":true}}
{"address":"0x7fb1f802c568", "type":"STRING", "class":"0x7fb1f80b7578", "embedded":true, "bytesize":0, "value":"", "memsize":40, "flags":{"wb_protected":true, "old":true, "uncollectible":true, "marked":true}}
{"address":"0x7fb1f802c590", "type":"STRING", "class":"0x7fb1f80b7578", "frozen":true, "embedded":true, "fstring":true, "bytesize":12, "value":"loaded_specs", "encoding":"US-ASCII", "memsize":40, "flags":{"wb_protected":true, "old":true, "uncollectible":true, "marked":true}}
{"address":"0x7fb1f802c5b8", "type":"STRING", "class":"0x7fb1f80b7578", "embedded":true, "bytesize":0, "value":"", "memsize":40, "flags":{"wb_protected":true, "old":true, "uncollectible":true, "marked":true}}
{"address":"0x7fb1f802c5e0", "type":"STRING", "class":"0x7fb1f80b7578", "embedded":true, "bytesize":0, "value":"", "memsize":40, "flags":{"wb_protected":true, "old":true, "uncollectible":true, "marked":true}}
{"address":"0x7fb1f802c608", "type":"STRING", "class":"0x7fb1f80b7578", "frozen":true, "embedded":true, "fstring":true, "bytesize":15, "value":"unresolved_deps", "encoding":"US-ASCII", "memsize":40, "flags":{"wb_protected":true, "old":true, "uncollectible":true, "marked":true}}
{"address":"0x7fb1f802c630", "type":"STRING", "class":"0x7fb1f80b7578", "embedded":true, "bytesize":20, "value":"libruby.2.7-static.a", "memsize":40, "flags":{"wb_protected":true, "old":true, "uncollectible":true, "marked":true}}
{"address":"0x7fb1f802c658", "type":"STRING", "class":"0x7fb1f80b7578", "frozen":true, "embedded":true, "fstring":true, "bytesize":6, "value":"import", "encoding":"US-ASCII", "memsize":40, "flags":{"wb_protected":true, "old":true, "uncollectible":true, "marked":true}}
{"address":"0x7fb1f802c680", "type":"STRING", "class":"0x7fb1f80b7578", "embedded":true, "bytesize":23, "value":"libruby.2.7.dylib.2.7.1", "memsize":40, "flags":{"wb_protected":true, "old":true, "uncollectible":true, "marked":true}}
{"address":"0x7fb1f802c6a8", "type":"STRING", "class":"0x7fb1f80b7578", "embedded":true, "bytesize":21, "value":"libruby.2.7.dylib.2.7", "memsize":40, "flags":{"wb_protected":true, "old":true, "uncollectible":true, "marked":true}}
{"address":"0x7fb1f802c6d0", "type":"ARRAY", "class":"0x7fb1f8097228", "length":0, "memsize":40, "flags":{"wb_protected":true, "old":true, "uncollectible":true, "marked":true}}
{"address":"0x7fb1f802c6f8", "type":"STRING", "class":"0x7fb1f80b7578", "frozen":true, "embedded":true, "fstring":true, "bytesize":11, "value":"request_set", "encoding":"US-ASCII", "memsize":40, "flags":{"wb_protected":true, "old":true, "uncollectible":true, "marked":true}}
{"address":"0x7fb1f802c720", "type":"STRING", "class":"0x7fb1f80b7578", "embedded":true, "bytesize":17, "value":"libruby.2.7.dylib", "memsize":40, "flags":{"wb_protected":true, "old":true, "uncollectible":true, "marked":true}}
{"address":"0x7fb1f802c748", "type":"STRING", "class":"0x7fb1f80b7578", "embedded":true, "bytesize":20, "value":"libruby.2.7-static.a", "memsize":40, "flags":{"wb_protected":true, "old":true, "uncollectible":true, "marked":true}}
{"address":"0x7fb1f802c770", "type":"STRING", "class":"0x7fb1f80b7578", "shared":true, "references":["0x7fb1f800dcd0"], "memsize":40, "flags":{"wb_protected":true, "old":true, "uncollectible":true, "marked":true}}
{"address":"0x7fb1f802c798", "type":"ARRAY", "class":"0x7fb1f8097228", "length":0, "memsize":40, "flags":{"wb_protected":true, "old":true, "uncollectible":true, "marked":true}}
{"address":"0x7fb1f802c7c0", "type":"STRING", "class":"0x7fb1f80b7578", "shared":true, "references":["0x7fb1f800dff0"], "memsize":40, "flags":{"wb_protected":true, "old":true, "uncollectible":true, "marked":true}}
{"address":"0x7fb1f802c7e8", "type":"STRING", "class":"0x7fb1f80b7578", "frozen":true, "embedded":true, "fstring":true, "bytesize":14, "value":"finish_resolve", "encoding":"US-ASCII", "memsize":40, "flags":{"wb_protected":true, "old":true, "uncollectible":true, "marked":true}}
{"address":"0x7fb1f802c810", "type":"STRING", "class":"0x7fb1f80b7578", "embedded":true, "bytesize":0, "value":"", "memsize":40, "flags":{"wb_protected":true, "old":true, "uncollectible":true, "marked":true}}
{"address":"0x7fb1f802c838", "type":"STRING", "class":"0x7fb1f80b7578", "shared":true, "references":["0x7fb1f800e450"], "memsize":40, "flags":{"wb_protected":true, "old":true, "uncollectible":true, "marked":true}}
{"address":"0x7fb1f802c860", "type":"STRING", "class":"0x7fb1f80b7578", "embedded":true, "bytesize":0, "value":"", "memsize":40, "flags":{"wb_protected":true, "old":true, "uncollectible":true, "marked":true}}
{"address":"0x7fb1f802c888", "type":"STRING", "class":"0x7fb1f80b7578", "embedded":true, "bytesize":18, "value":" clang -dynamiclib", "memsize":40, "flags":{"wb_protected":true, "old":true, "uncollectible":true, "marked":true}}
{"address":"0x7fb1f802c8b0", "type":"STRING", "class":"0x7fb1f80b7578", "embedded":true, "bytesize":2, "value":"no", "memsize":40, "flags":{"wb_protected":true, "old":true, "uncollectible":true, "marked":true}}
{"address":"0x7fb1f802c8d8", "type":"STRING", "class":"0x7fb1f80b7578", "frozen":true, "embedded":true, "fstring":true, "bytesize":10, "value":"RequestSet", "encoding":"US-ASCII", "memsize":40, "flags":{"wb_protected":true, "old":true, "uncollectible":true, "marked":true}}
{"address":"0x7fb1f802c900", "type":"STRING", "class":"0x7fb1f80b7578", "shared":true, "references":["0x7fb1f8036928"], "memsize":40, "flags":{"wb_protected":true, "old":true, "uncollectible":true, "marked":true}}
{"address":"0x7fb1f802c928", "type":"STRING", "class":"0x7fb1f80b7578", "frozen":true, "embedded":true, "fstring":true, "bytesize":2, "value":"rs", "encoding":"US-ASCII", "memsize":40, "flags":{"wb_protected":true, "old":true, "uncollectible":true, "marked":true}}
{"address":"0x7fb1f802c950", "type":"STRING", "class":"0x7fb1f80b7578", "embedded":true, "bytesize":0, "value":"", "memsize":40, "flags":{"wb_protected":true, "old":true, "uncollectible":true, "marked":true}}
{"address":"0x7fb1f802c978", "type":"ARRAY", "class":"0x7fb1f8097228", "length":0, "memsize":40, "flags":{"wb_protected":true, "old":true, "uncollectible":true, "marked":true}}
{"address":"0x7fb1f802c9a0", "type":"STRING", "class":"0x7fb1f80b7578", "embedded":true, "bytesize":0, "value":"", "memsize":40, "flags":{"wb_protected":true, "old":true, "uncollectible":true, "marked":true}}
{"address":"0x7fb1f802c9c8", "type":"STRING", "class":"0x7fb1f80b7578", "frozen":true, "embedded":true, "fstring":true, "bytesize":5, "value":"needs", "encoding":"US-ASCII", "memsize":40, "flags":{"wb_protected":true, "old":true, "uncollectible":true, "marked":true}}
{"address":"0x7fb1f802c9f0", "type":"STRING", "class":"0x7fb1f80b7578", "embedded":true, "bytesize":0, "value":"", "memsize":40, "flags":{"wb_protected":true, "old":true, "uncollectible":true, "marked":true}}
{"address":"0x7fb1f802ca18", "type":"STRING", "class":"0x7fb1f80b7578", "embedded":true, "bytesize":0, "value":"", "memsize":40, "flags":{"wb_protected":true, "old":true, "uncollectible":true, "marked":true}}
{"address":"0x7fb1f802ca40", "type":"STRING", "class":"0x7fb1f80b7578", "embedded":true, "bytesize":1, "value":"_", "memsize":40, "flags":{"wb_protected":true, "old":true, "uncollectible":true, "marked":true}}
{"address":"0x7fb1f802ca68", "type":"STRING", "class":"0x7fb1f80b7578", "frozen":true, "embedded":true, "fstring":true, "bytesize":4, "value":"stub", "encoding":"US-ASCII", "memsize":40, "flags":{"wb_protected":true, "old":true, "uncollectible":true, "marked":true}}
{"address":"0x7fb1f802ca90", "type":"STRING", "class":"0x7fb1f80b7578", "embedded":true, "bytesize":7, "value":"pthread", "memsize":40, "flags":{"wb_protected":true, "old":true, "uncollectible":true, "marked":true}}
{"address":"0x7fb1f802cab8", "type":"STRING", "class":"0x7fb1f80b7578", "embedded":true, "bytesize":0, "value":"", "memsize":40, "flags":{"wb_protected":true, "old":true, "uncollectible":true, "marked":true}}
{"address":"0x7fb1f802cae0", "type":"STRING", "class":"0x7fb1f80b7578", "embedded":true, "bytesize":20, "value":"Makefile GNUmakefile", "memsize":40, "flags":{"wb_protected":true, "old":true, "uncollectible":true, "marked":true}}
{"address":"0x7fb1f802cb08", "type":"STRING", "class":"0x7fb1f80b7578", "shared":true, "references":["0x7fb1f800f238"], "memsize":40, "flags":{"wb_protected":true, "old":true, "uncollectible":true, "marked":true}}
{"address":"0x7fb1f802cb30", "type":"STRING", "class":"0x7fb1f80b7578", "shared":true, "references":["0x7fb1f800f5f8"], "memsize":40, "flags":{"wb_protected":true, "old":true, "uncollectible":true, "marked":true}}
{"address":"0x7fb1f802cb58", "type":"STRING", "class":"0x7fb1f80b7578", "shared":true, "references":["0x7fb1f800fa58"], "memsize":40, "flags":{"wb_protected":true, "old":true, "uncollectible":true, "marked":true}}
{"address":"0x7fb1f802cb80", "type":"STRING", "class":"0x7fb1f80b7578", "embedded":true, "bytesize":2, "value":"ri", "memsize":40, "flags":{"wb_protected":true, "old":true, "uncollectible":true, "marked":true}}
{"address":"0x7fb1f802cba8", "type":"STRING", "class":"0x7fb1f80b7578", "embedded":true, "bytesize":12, "value":"3\t/* full */", "memsize":40, "flags":{"wb_protected":true, "old":true, "uncollectible":true, "marked":true}}
{"address":"0x7fb1f802cbd0", "type":"STRING", "class":"0x7fb1f80b7578", "embedded":true, "bytesize":0, "value":"", "memsize":40, "flags":{"wb_protected":true, "old":true, "uncollectible":true, "marked":true}}
{"address":"0x7fb1f802cbf8", "type":"STRING", "class":"0x7fb1f80b7578", "frozen":true, "embedded":true, "fstring":true, "bytesize":12, "value":"find_by_name", "encoding":"US-ASCII", "memsize":40, "flags":{"wb_protected":true, "old":true, "uncollectible":true, "marked":true}}
{"address":"0x7fb1f802cc20", "type":"STRING", "class":"0x7fb1f80b7578", "shared":true, "references":["0x7fb1f803cbc0"], "memsize":40, "flags":{"wb_protected":true, "old":true, "uncollectible":true, "marked":true}}
{"address":"0x7fb1f802cc48", "type":"STRING", "class":"0x7fb1f80b7578", "frozen":true, "embedded":true, "fstring":true, "bytesize":12, "value":"spec_by_name", "encoding":"US-ASCII", "memsize":40, "flags":{"wb_protected":true, "old":true, "uncollectible":true, "marked":true}}
{"address":"0x7fb1f802cc70", "type":"STRING", "class":"0x7fb1f80b7578", "embedded":true, "bytesize":6, "value":"libdir", "memsize":40, "flags":{"wb_protected":true, "old":true, "uncollectible":true, "marked":true}}
{"address":"0x7fb1f802cc98", "type":"STRING", "class":"0x7fb1f80b7578", "shared":true, "references":["0x7fb1f8014328"], "memsize":40, "flags":{"wb_protected":true, "old":true, "uncollectible":true, "marked":true}}
{"address":"0x7fb1f802ccc0", "type":"STRING", "class":"0x7fb1f80b7578", "frozen":true, "embedded":true, "fstring":true, "bytesize":1, "value":"e", "encoding":"US-ASCII", "memsize":40, "flags":{"wb_protected":true, "old":true, "uncollectible":true, "marked":true}}
{"address":"0x7fb1f802cce8", "type":"STRING", "class":"0x7fb1f80b7578", "shared":true, "references":["0x7fb1f8014828"], "memsize":40, "flags":{"wb_protected":true, "old":true, "uncollectible":true, "marked":true}}
{"address":"0x7fb1f802cd10", "type":"STRING", "class":"0x7fb1f80b7578", "shared":true, "references":["0x7fb1f8014d00"], "memsize":40, "flags":{"wb_protected":true, "old":true, "uncollectible":true, "marked":true}}
{"address":"0x7fb1f802cd38", "type":"STRING", "class":"0x7fb1f80b7578", "frozen":true, "embedded":true, "fstring":true, "bytesize":8, "value":"activate", "encoding":"US-ASCII", "memsize":40, "flags":{"wb_protected":true, "old":true, "uncollectible":true, "marked":true}}
{"address":"0x7fb1f802cd60", "type":"STRING", "class":"0x7fb1f80b7578", "shared":true, "references":["0x7fb1f80151d8"], "memsize":40, "flags":{"wb_protected":true, "old":true, "uncollectible":true, "marked":true}}
{"address":"0x7fb1f802cd88", "type":"STRING", "class":"0x7fb1f80b7578", "embedded":true, "bytesize":15, "value":"x86_64-darwin17", "memsize":40, "flags":{"wb_protected":true, "old":true, "uncollectible":true, "marked":true}}
{"address":"0x7fb1f802cdb0", "type":"STRING", "class":"0x7fb1f80b7578", "embedded":true, "bytesize":15, "value":"x86_64-darwin17", "memsize":40, "flags":{"wb_protected":true, "old":true, "uncollectible":true, "marked":true}}
{"address":"0x7fb1f802cdd8", "type":"STRING", "class":"0x7fb1f80b7578", "embedded":true, "bytesize":5, "value":"2.7.0", "memsize":40, "flags":{"wb_protected":true, "old":true, "uncollectible":true, "marked":true}}
{"address":"0x7fb1f802ce00", "type":"STRING", "class":"0x7fb1f80b7578", "frozen":true, "embedded":true, "fstring":true, "bytesize":10, "value":"activated?", "encoding":"US-ASCII", "memsize":40, "flags":{"wb_protected":true, "old":true, "uncollectible":true, "marked":true}}
{"address":"0x7fb1f802ce28", "type":"STRING", "class":"0x7fb1f80b7578", "shared":true, "references":["0x7fb1f8015a70"], "memsize":40, "flags":{"wb_protected":true, "old":true, "uncollectible":true, "marked":true}}
{"address":"0x7fb1f802ce50", "type":"STRING", "class":"0x7fb1f80b7578", "shared":true, "references":["0x7fb1f80157a0"], "memsize":40, "flags":{"wb_protected":true, "old":true, "uncollectible":true, "marked":true}}
{"address":"0x7fb1f802ce78", "type":"STRING", "class":"0x7fb1f80b7578", "shared":true, "references":["0x7fb1f80164c0"], "memsize":40, "flags":{"wb_protected":true, "old":true, "uncollectible":true, "marked":true}}
{"address":"0x7fb1f802cea0", "type":"STRING", "class":"0x7fb1f80b7578", "frozen":true, "embedded":true, "fstring":true, "bytesize":12, "value":"find_by_path", "encoding":"US-ASCII", "memsize":40, "flags":{"wb_protected":true, "old":true, "uncollectible":true, "marked":true}}
{"address":"0x7fb1f802cec8", "type":"STRING", "class":"0x7fb1f80b7578", "shared":true, "references":["0x7fb1f80162e0"], "memsize":40, "flags":{"wb_protected":true, "old":true, "uncollectible":true, "marked":true}}
{"address":"0x7fb1f802cef0", "type":"STRING", "class":"0x7fb1f80b7578", "frozen":true, "embedded":true, "fstring":true, "bytesize":13, "value":"Specification", "encoding":"US-ASCII", "memsize":40, "flags":{"wb_protected":true, "old":true, "uncollectible":true, "marked":true}}
{"address":"0x7fb1f802cf18", "type":"STRING", "class":"0x7fb1f80b7578", "shared":true, "references":["0x7fb1f8016100"], "memsize":40, "flags":{"wb_protected":true, "old":true, "uncollectible":true, "marked":true}}
{"address":"0x7fb1f802cf40", "type":"STRING", "class":"0x7fb1f80b7578", "frozen":true, "embedded":true, "fstring":true, "bytesize":4, "value":"spec", "encoding":"US-ASCII", "memsize":40, "flags":{"wb_protected":true, "old":true, "uncollectible":true, "marked":true}}
{"address":"0x7fb1f802cf68", "type":"STRING", "class":"0x7fb1f80b7578", "shared":true, "references":["0x7fb1f8016f10"], "memsize":40, "flags":{"wb_protected":true, "old":true, "uncollectible":true, "marked":true}}
{"address":"0x7fb1f802cf90", "type":"STRING", "class":"0x7fb1f80b7578", "shared":true, "references":["0x7fb1f8016d30"], "memsize":40, "flags":{"wb_protected":true, "old":true, "uncollectible":true, "marked":true}}
{"address":"0x7fb1f802cfb8", "type":"STRING", "class":"0x7fb1f80b7578", "shared":true, "references":["0x7fb1f8016b50"], "memsize":40, "flags":{"wb_protected":true, "old":true, "uncollectible":true, "marked":true}}
{"address":"0x7fb1f802cfe0", "type":"STRING", "class":"0x7fb1f80b7578", "embedded":true, "bytesize":9, "value":"configure", "memsize":40, "flags":{"wb_protected":true, "old":true, "uncollectible":true, "marked":true}}
{"address":"0x7fb1f802d008", "type":"STRING", "class":"0x7fb1f80b7578", "shared":true, "references":["0x7fb1f803dd18"], "memsize":40, "flags":{"wb_protected":true, "old":true, "uncollectible":true, "marked":true}}
{"address":"0x7fb1f802d030", "type":"STRING", "class":"0x7fb1f80b7578", "embedded":true, "bytesize":0, "value":"", "memsize":40, "flags":{"wb_protected":true, "old":true, "uncollectible":true, "marked":true}}
{"address":"0x7fb1f802d058", "type":"STRING", "class":"0x7fb1f80b7578", "embedded":true, "bytesize":0, "value":"", "memsize":40, "flags":{"wb_protected":true, "old":true, "uncollectible":true, "marked":true}}
{"address":"0x7fb1f802d080", "type":"STRING", "class":"0x7fb1f80b7578", "embedded":true, "bytesize":0, "value":"", "memsize":40, "flags":{"wb_protected":true, "old":true, "uncollectible":true, "marked":true}}
{"address":"0x7fb1f802d0d0", "type":"STRING", "class":"0x7fb1f80b7578", "frozen":true, "embedded":true, "fstring":true, "bytesize":12, "value":"try_activate", "encoding":"US-ASCII", "memsize":40, "flags":{"wb_protected":true, "old":true, "uncollectible":true, "marked":true}}
{"address":"0x7fb1f802d0f8", "type":"STRING", "class":"0x7fb1f80b7578", "shared":true, "references":["0x7fb1f801d018"], "memsize":40, "flags":{"wb_protected":true, "old":true, "uncollectible":true, "marked":true}}
{"address":"0x7fb1f802d120", "type":"STRING", "class":"0x7fb1f80b7578", "shared":true, "references":["0x7fb1f801c6e0"], "memsize":40, "flags":{"wb_protected":true, "old":true, "uncollectible":true, "marked":true}}
{"address":"0x7fb1f802d148", "type":"STRING", "class":"0x7fb1f80b7578", "shared":true, "references":["0x7fb1f801cfa0"], "memsize":40, "flags":{"wb_protected":true, "old":true, "uncollectible":true, "marked":true}}
{"address":"0x7fb1f802d170", "type":"STRING", "class":"0x7fb1f80b7578", "shared":true, "references":["0x7fb1f801c078"], "memsize":40, "flags":{"wb_protected":true, "old":true, "uncollectible":true, "marked":true}}
{"address":"0x7fb1f802d198", "type":"STRING", "class":"0x7fb1f80b7578", "shared":true, "references":["0x7fb1f801c550"], "memsize":40, "flags":{"wb_protected":true, "old":true, "uncollectible":true, "marked":true}}
{"address":"0x7fb1f802d1c0", "type":"STRING", "class":"0x7fb1f80b7578", "shared":true, "references":["0x7fb1f801cb40"], "memsize":40, "flags":{"wb_protected":true, "old":true, "uncollectible":true, "marked":true}}
{"address":"0x7fb1f802d1e8", "type":"STRING", "class":"0x7fb1f80b7578", "embedded":true, "bytesize":3, "value":"doc", "memsize":40, "flags":{"wb_protected":true, "old":true, "uncollectible":true, "marked":true}}
{"address":"0x7fb1f802d210", "type":"STRING", "class":"0x7fb1f80b7578", "embedded":true, "bytesize":20, "value":" enc/trans/newline.c", "memsize":40, "flags":{"wb_protected":true, "old":true, "uncollectible":true, "marked":true}}
{"address":"0x7fb1f802d238", "type":"STRING", "class":"0x7fb1f80b7578", "frozen":true, "embedded":true, "fstring":true, "bytesize":17, "value":"@post_reset_hooks", "encoding":"US-ASCII", "memsize":40, "flags":{"wb_protected":true, "old":true, "uncollectible":true, "marked":true}}
{"address":"0x7fb1f802d260", "type":"STRING", "class":"0x7fb1f80b7578", "embedded":true, "bytesize":4, "value":"ruby", "memsize":40, "flags":{"wb_protected":true, "old":true, "uncollectible":true, "marked":true}}
{"address":"0x7fb1f802d288", "type":"STRING", "class":"0x7fb1f80b7578", "embedded":true, "bytesize":0, "value":"", "memsize":40, "flags":{"wb_protected":true, "old":true, "uncollectible":true, "marked":true}}
{"address":"0x7fb1f802d2b0", "type":"STRING", "class":"0x7fb1f80b7578", "frozen":true, "embedded":true, "fstring":true, "bytesize":16, "value":"@pre_reset_hooks", "encoding":"US-ASCII", "memsize":40, "flags":{"wb_protected":true, "old":true, "uncollectible":true, "marked":true}}
{"address":"0x7fb1f802d2d8", "type":"STRING", "class":"0x7fb1f80b7578", "embedded":true, "bytesize":11, "value":"ruby-2.7.pc", "memsize":40, "flags":{"wb_protected":true, "old":true, "uncollectible":true, "marked":true}}
{"address":"0x7fb1f802d300", "type":"STRING", "class":"0x7fb1f80b7578", "embedded":true, "bytesize":4, "value":"exec", "memsize":40, "flags":{"wb_protected":true, "old":true, "uncollectible":true, "marked":true}}
{"address":"0x7fb1f802d328", "type":"STRING", "class":"0x7fb1f80b7578", "frozen":true, "embedded":true, "fstring":true, "bytesize":18, "value":"@pre_install_hooks", "encoding":"US-ASCII", "memsize":40, "flags":{"wb_protected":true, "old":true, "uncollectible":true, "marked":true}}
{"address":"0x7fb1f802d350", "type":"STRING", "class":"0x7fb1f80b7578", "embedded":true, "bytesize":8, "value":"ruby.2.7", "memsize":40, "flags":{"wb_protected":true, "old":true, "uncollectible":true, "marked":true}}
{"address":"0x7fb1f802d378", "type":"STRING", "class":"0x7fb1f80b7578", "embedded":true, "bytesize":4, "value":"ruby", "memsize":40, "flags":{"wb_protected":true, "old":true, "uncollectible":true, "marked":true}}
{"address":"0x7fb1f802d3a0", "type":"STRING", "class":"0x7fb1f80b7578", "frozen":true, "embedded":true, "fstring":true, "bytesize":20, "value":"@pre_uninstall_hooks", "encoding":"US-ASCII", "memsize":40, "flags":{"wb_protected":true, "old":true, "uncollectible":true, "marked":true}}
{"address":"0x7fb1f802d3c8", "type":"STRING", "class":"0x7fb1f80b7578", "embedded":true, "bytesize":4, "value":"ruby", "memsize":40, "flags":{"wb_protected":true, "old":true, "uncollectible":true, "marked":true}}
{"address":"0x7fb1f802d3f0", "type":"STRING", "class":"0x7fb1f80b7578", "embedded":true, "bytesize":0, "value":"", "memsize":40, "flags":{"wb_protected":true, "old":true, "uncollectible":true, "marked":true}}
{"address":"0x7fb1f802d418", "type":"STRING", "class":"0x7fb1f80b7578", "frozen":true, "embedded":true, "fstring":true, "bytesize":21, "value":"@post_uninstall_hooks", "encoding":"US-ASCII", "memsize":40, "flags":{"wb_protected":true, "old":true, "uncollectible":true, "marked":true}}
{"address":"0x7fb1f802d440", "type":"STRING", "class":"0x7fb1f80b7578", "embedded":true, "bytesize":19, "value":"/usr/bin/install -c", "memsize":40, "flags":{"wb_protected":true, "old":true, "uncollectible":true, "marked":true}}
{"address":"0x7fb1f802d468", "type":"STRING", "class":"0x7fb1f80b7578", "embedded":true, "bytesize":2, "value":"83", "memsize":40, "flags":{"wb_protected":true, "old":true, "uncollectible":true, "marked":true}}
{"address":"0x7fb1f802d490", "type":"STRING", "class":"0x7fb1f80b7578", "frozen":true, "embedded":true, "fstring":true, "bytesize":19, "value":"@post_install_hooks", "encoding":"US-ASCII", "memsize":40, "flags":{"wb_protected":true, "old":true, "uncollectible":true, "marked":true}}
{"address":"0x7fb1f802d4b8", "type":"STRING", "class":"0x7fb1f80b7578", "embedded":true, "bytesize":1, "value":"1", "memsize":40, "flags":{"wb_protected":true, "old":true, "uncollectible":true, "marked":true}}
{"address":"0x7fb1f802d4e0", "type":"STRING", "class":"0x7fb1f80b7578", "embedded":true, "bytesize":1, "value":"7", "memsize":40, "flags":{"wb_protected":true, "old":true, "uncollectible":true, "marked":true}}
{"address":"0x7fb1f802d508", "type":"STRING", "class":"0x7fb1f80b7578", "frozen":true, "embedded":true, "fstring":true, "bytesize":17, "value":"@post_build_hooks", "encoding":"US-ASCII", "memsize":40, "flags":{"wb_protected":true, "old":true, "uncollectible":true, "marked":true}}
{"address":"0x7fb1f802d530", "type":"STRING", "class":"0x7fb1f80b7578", "embedded":true, "bytesize":1, "value":"2", "memsize":40, "flags":{"wb_protected":true, "old":true, "uncollectible":true, "marked":true}}
{"address":"0x7fb1f802d558", "type":"HASH", "class":"0x7fb1f8095130", "size":231, "references":["0x7fb1f803d188", "0x7fb1f802d580", "0x7fb1f803d110", "0x7fb1f802d530", "0x7fb1f803d020", "0x7fb1f802d4e0", "0x7fb1f803cf30", "0x7fb1f802d4b8", "0x7fb1f803ce40", "0x7fb1f802d468", "0x7fb1f803cd50", "0x7fb1f802d440", "0x7fb1f803cc60", "0x7fb1f802d3f0", "0x7fb1f803cc10", "0x7fb1f802d5f8", "0x7fb1f803cb70", "0x7fb1f802d3c8", "0x7fb1f803cad0", "0x7fb1f802d378", "0x7fb1f803ca80", "0x7fb1f802d350", "0x7fb1f803c9b8", "0x7fb1f802d300", "0x7fb1f803c968", "0x7fb1f802d2d8", "0x7fb1f803c8a0", "0x7fb1f802d288", "0x7fb1f803c828", "0x7fb1f802d260", "0x7fb1f803c7d8", "0x7fb1f802d210", "0x7fb1f803c710", "0x7fb1f802d1e8", "0x7fb1f803c648", "0x7fb1f802d1c0", "0x7fb1f803c580", "0x7fb1f802d198", "0x7fb1f803c4b8", "0x7fb1f802d170", "0x7fb1f803c3f0", "0x7fb1f802d148", "0x7fb1f803c328", "0x7fb1f802d120", "0x7fb1f803c260", "0x7fb1f802d0f8", "0x7fb1f803c170", "0x7fb1f802d080", "0x7fb1f803c0f8", "0x7fb1f802d058", "0x7fb1f803c080", "0x7fb1f802d030", "0x7fb1f803c008", "0x7fb1f802d008", "0x7fb1f8037f80", "0x7fb1f802cfe0", "0x7fb1f8037eb8", "0x7fb1f802cfb8", "0x7fb1f8037df0", "0x7fb1f802cf90", "0x7fb1f8037d28", "0x7fb1f802cf68", "0x7fb1f8037c60", "0x7fb1f802cf18", "0x7fb1f8037b98", "0x7fb1f802cec8", "0x7fb1f8037ad0", "0x7fb1f802ce78", "0x7fb1f8037a08", "0x7fb1f802ce50", "0x7fb1f8037940", "0x7fb1f802ce28", "0x7fb1f8037878", "0x7fb1f802cdd8", "0x7fb1f80377b0", "0x7fb1f802cdb0", "0x7fb1f80376e8", "0x7fb1f802cd88", "0x7fb1f8037620", "0x7fb1f802cd60", "0x7fb1f8037558", "0x7fb1f802cd10", "0x7fb1f8037490", "0x7fb1f802cce8", "0x7fb1f80373c8", "0x7fb1f802cc98", "0x7fb1f8037300", "0x7fb1f802cc70", "0x7fb1f8037238", "0x7fb1f802cc20", "0x7fb1f80371c0", "0x7fb1f802cbd0", "0x7fb1f8037170", "0x7fb1f802cba8", "0x7fb1f80370a8", "0x7fb1f802cb80", "0x7fb1f8036fe0", "0x7fb1f802cb58", "0x7fb1f8036f18", "0x7fb1f802cb30", "0x7fb1f8036e50", "0x7fb1f802cb08", "0x7fb1f8036d88", "0x7fb1f802cae0", "0x7fb1f8036cc0", "0x7fb1f802cab8", "0x7fb1f8036c70", "0x7fb1f802ca90", "0x7fb1f8036ba8", "0x7fb1f802ca40", "0x7fb1f8036b08", "0x7fb1f802ca18", "0x7fb1f8036a90", "0x7fb1f802c9f0", "0x7fb1f8036a18", "0x7fb1f802c9a0", "0x7fb1f80369c8", "0x7fb1f802c950", "0x7fb1f8036978", "0x7fb1f802c900", "0x7fb1f80368d8", "0x7fb1f802c8b0", "0x7fb1f8036810", "0x7fb1f802c888", "0x7fb1f8036770", "0x7fb1f802c860", "0x7fb1f8036720", "0x7fb1f802c838", "0x7fb1f8036658", "0x7fb1f802c810", "0x7fb1f80365e0", "0x7fb1f802c7c0", "0x7fb1f8036518", "0x7fb1f802c770", "0x7fb1f8036450", "0x7fb1f802c748", "0x7fb1f8036388", "0x7fb1f802c720", "0x7fb1f80362e8", "0x7fb1f802c6a8", "0x7fb1f8036248", "0x7fb1f802c680", "0x7fb1f8036180", "0x7fb1f802c630", "0x7fb1f80360e0", "0x7fb1f802c5e0", "0x7fb1f8036090", "0x7fb1f802c5b8", "0x7fb1f8036040", "0x7fb1f802c568", "0x7fb1f8035fc8", "0x7fb1f802c4f0", "0x7fb1f8035f78", "0x7fb1f802c4a0", "0x7fb1f8035ed8", "0x7fb1f802c428", "0x7fb1f8035e38", "0x7fb1f802c400", "0x7fb1f8035d48", "0x7fb1f802c3d8", "0x7fb1f8035ca8", "0x7fb1f802c360", "0x7fb1f8035c08", "0x7fb1f802c338", "0x7fb1f8035bb8", "0x7fb1f802c2e8", "0x7fb1f8035b18", "0x7fb1f802c298", "0x7fb1f8035a50", "0x7fb1f802c248", "0x7fb1f8035a00", "0x7fb1f802c220", "0x7fb1f80359b0", "0x7fb1f802c1f8", "0x7fb1f8035960", "0x7fb1f802c1d0", "0x7fb1f8035910", "0x7fb1f802c1a8", "0x7fb1f8035848", "0x7fb1f802c180", "0x7fb1f80357a8", "0x7fb1f802c158", "0x7fb1f8035758", "0x7fb1f802c130", "0x7fb1f8035708", "0x7fb1f802c108", "0x7fb1f8035668", "0x7fb1f802c0b8", "0x7fb1f80355c8", "0x7fb1f802c068", "0x7fb1f8035578", "0x7fb1f8027f90", "0x7fb1f8035528", "0x7fb1f8027f68", "0x7fb1f8035488", "0x7fb1f8027f40", "0x7fb1f80353e8", "0x7fb1f8027f18", "0x7fb1f8035398", "0x7fb1f8027ef0", "0x7fb1f80352f8", "0x7fb1f8027ea0", "0x7fb1f8035258", "0x7fb1f8027e78", "0x7fb1f8035208", "0x7fb1f8027e50", "0x7fb1f8035140", "0x7fb1f8027e28", "0x7fb1f8035078", "0x7fb1f8027dd8", "0x7fb1f8034f88", "0x7fb1f8027d88", "0x7fb1f8034e98", "0x7fb1f8027d38", "0x7fb1f8034e48", "0x7fb1f8027d10", "0x7fb1f8034d80", "0x7fb1f8027cc0", "0x7fb1f8034cb8", "0x7fb1f8027c98", "0x7fb1f8034c18", "0x7fb1f8027c48", "0x7fb1f8034bc8", "0x7fb1f8027c20", "0x7fb1f8034ba0", "0x7fb1f8027bf8", "0x7fb1f8034b78", "0x7fb1f8027ba8", "0x7fb1f8034b00", "0x7fb1f8027b80", "0x7fb1f8034920", "0x7fb1f8027b58", "0x7fb1f80348a8", "0x7fb1f8027b08", "0x7fb1f8034830", "0x7fb1f8027ae0", "0x7fb1f8034808", "0x7fb1f8027ab8", "0x7fb1f8034790", "0x7fb1f8027a68", "0x7fb1f8034740", "0x7fb1f8027a40", "0x7fb1f80346c8", "0x7fb1f8027a18", "0x7fb1f8034650", "0x7fb1f80279c8", "0x7fb1f8034330", "0x7fb1f8027978", "0x7fb1f80342b8", "0x7fb1f8027950", "0x7fb1f8034240", "0x7fb1f8027900", "0x7fb1f80341f0", "0x7fb1f80278d8", "0x7fb1f80341a0", "0x7fb1f8027888", "0x7fb1f8034178", "0x7fb1f8027838", "0x7fb1f8034150", "0x7fb1f8027810", "0x7fb1f80340d8", "0x7fb1f80277e8", "0x7fb1f80340b0", "0x7fb1f80277c0", "0x7fb1f8034060", "0x7fb1f8027770", "0x7fb1f8034c68", "0x7fb1f80276f8", "0x7fb1f802ff88", "0x7fb1f80276d0", "0x7fb1f802ff60", "0x7fb1f8027680", "0x7fb1f802ff10", "0x7fb1f8027630", "0x7fb1f802fe98", "0x7fb1f80275b8", "0x7fb1f802fe70", "0x7fb1f8027568", "0x7fb1f802fe48", "0x7fb1f8027540", "0x7fb1f802fdf8", "0x7fb1f8027518", "0x7fb1f802fd80", "0x7fb1f80274f0", "0x7fb1f802fd58", "0x7fb1f80274a0", "0x7fb1f802fce0", "0x7fb1f8027478", "0x7fb1f802fc90", "0x7fb1f8027450", "0x7fb1f802fc40", "0x7fb1f8027428", "0x7fb1f802fc18", "0x7fb1f80273d8", "0x7fb1f802fbf0", "0x7fb1f80273b0", "0x7fb1f802fba0", "0x7fb1f8027388", "0x7fb1f802fb50", "0x7fb1f8027360", "0x7fb1f802fb00", "0x7fb1f8027338", "0x7fb1f802fad8", "0x7fb1f8027310", "0x7fb1f802fa88", "0x7fb1f80272e8", "0x7fb1f802fa60", "0x7fb1f80272c0", "0x7fb1f802fa10", "0x7fb1f8027298", "0x7fb1f802f9e8", "0x7fb1f8027270", "0x7fb1f802f998", "0x7fb1f8027248", "0x7fb1f802f970", "0x7fb1f8027220", "0x7fb1f802f920", "0x7fb1f80271f8", "0x7fb1f802f8d0", "0x7fb1f80271d0", "0x7fb1f802f880", "0x7fb1f80271a8", "0x7fb1f802f830", "0x7fb1f8027130", "0x7fb1f802f7e0", "0x7fb1f8027108", "0x7fb1f802f790", "0x7fb1f80270e0", "0x7fb1f802f740", "0x7fb1f80270b8", "0x7fb1f802f6f0", "0x7fb1f8027090", "0x7fb1f802f6a0", "0x7fb1f8027068", "0x7fb1f802f650", "0x7fb1f8027040", "0x7fb1f802f600", "0x7fb1f8026ff0", "0x7fb1f802f5b0", "0x7fb1f8026fc8", "0x7fb1f802f560", "0x7fb1f8026fa0", "0x7fb1f802f510", "0x7fb1f8026f78", "0x7fb1f802f4c0", "0x7fb1f8026f50", "0x7fb1f802f498", "0x7fb1f8026f28", "0x7fb1f802f470", "0x7fb1f8026ed8", "0x7fb1f802f420", "0x7fb1f8026e88", "0x7fb1f802f3d0", "0x7fb1f8026e38", "0x7fb1f802f380", "0x7fb1f8026e10", "0x7fb1f802f358", "0x7fb1f8026de8", "0x7fb1f802f330", "0x7fb1f8026dc0", "0x7fb1f802f308", "0x7fb1f8026d98", "0x7fb1f802f2e0", "0x7fb1f8026d70", "0x7fb1f802f2b8", "0x7fb1f8026d48", "0x7fb1f802f268", "0x7fb1f8026cf8", "0x7fb1f802f218", "0x7fb1f8026ca8", "0x7fb1f802f1f0", "0x7fb1f8026c30", "0x7fb1f802f1a0", "0x7fb1f8026c08", "0x7fb1f802f178", "0x7fb1f8026bb8", "0x7fb1f802f150", "0x7fb1f8026b90", "0x7fb1f802f100", "0x7fb1f8026b40", "0x7fb1f802f0d8", "0x7fb1f8026b18", "0x7fb1f802f0b0", "0x7fb1f8026ac8", "0x7fb1f802f088", "0x7fb1f8026a78", "0x7fb1f802f060", "0x7fb1f8026a50", "0x7fb1f802f038", "0x7fb1f8026a28", "0x7fb1f802f010", "0x7fb1f8026a00", "0x7fb1f802efc0", "0x7fb1f80269d8", "0x7fb1f802ef98", "0x7fb1f80269b0", "0x7fb1f802ef48", "0x7fb1f8026988", "0x7fb1f8037288", "0x7fb1f8026960", "0x7fb1f802eed0", "0x7fb1f8026910", "0x7fb1f802ee80", "0x7fb1f80268c0", "0x7fb1f802ee58", "0x7fb1f8026870", "0x7fb1f802ee30", "0x7fb1f8026848", "0x7fb1f802ee08", "0x7fb1f80267f8", "0x7fb1f802ed68", "0x7fb1f80267d0", "0x7fb1f802ed18", "0x7fb1f8026780", "0x7fb1f802ecc8", "0x7fb1f8026758", "0x7fb1f802ec50", "0x7fb1f8026708", "0x7fb1f802ebd8", "0x7fb1f80266e0", "0x7fb1f802eb88", "0x7fb1f80266b8", "0x7fb1f802eb38", "0x7fb1f8026690", "0x7fb1f802eac0", "0x7fb1f8026668", "0x7fb1f802ea48", "0x7fb1f8026640", "0x7fb1f802e9d0", "0x7fb1f8026618", "0x7fb1f802e980", "0x7fb1f80265c8", "0x7fb1f802e908", "0x7fb1f8026578", "0x7fb1f802e890", "0x7fb1f8026528", "0x7fb1f802e818", "0x7fb1f80264d8", "0x7fb1f802e7f0", "0x7fb1f8026488", "0x7fb1f802e7a0", "0x7fb1f8026460", "0x7fb1f802e778", "0x7fb1f8026438", "0x7fb1f802e750", "0x7fb1f8026410", "0x7fb1f802e700", "0x7fb1f80263e8", "0x7fb1f802e6d8", "0x7fb1f80263c0", "0x7fb1f802e688", "0x7fb1f8026398", "0x7fb1f802e638", "0x7fb1f8026348", "0x7fb1f802e5c0", "0x7fb1f80262f8", "0x7fb1f802e548", "0x7fb1f8026280", "0x7fb1f802e520", "0x7fb1f8026258", "0x7fb1f802e4a8", "0x7fb1f8026208"], "memsize":7264, "flags":{"wb_protected":true, "old":true, "uncollectible":true, "marked":true}}
{"address":"0x7fb1f802d580", "type":"STRING", "class":"0x7fb1f80b7578", "embedded":true, "bytesize":0, "value":"", "memsize":40, "flags":{"wb_protected":true, "old":true, "uncollectible":true, "marked":true}}
{"address":"0x7fb1f802d5a8", "type":"STRING", "class":"0x7fb1f80b7578", "frozen":true, "embedded":true, "fstring":true, "bytesize":8, "value":"@sources", "encoding":"US-ASCII", "memsize":40, "flags":{"wb_protected":true, "old":true, "uncollectible":true, "marked":true}}
{"address":"0x7fb1f802d5d0", "type":"STRING", "class":"0x7fb1f80b7578", "embedded":true, "bytesize":4, "value":"ruby", "encoding":"UTF-8", "memsize":40, "flags":{"wb_protected":true, "old":true, "uncollectible":true, "marked":true}}
{"address":"0x7fb1f802d5f8", "type":"STRING", "class":"0x7fb1f80b7578", "shared":true, "encoding":"US-ASCII", "references":["0x7fb1f8025f88"], "memsize":40, "flags":{"wb_protected":true, "old":true, "uncollectible":true, "marked":true}}
{"address":"0x7fb1f802d620", "type":"STRING", "class":"0x7fb1f80b7578", "frozen":true, "embedded":true, "fstring":true, "bytesize":17, "value":"@ruby_api_version", "encoding":"US-ASCII", "memsize":40, "flags":{"wb_protected":true, "old":true, "uncollectible":true, "marked":true}}
{"address":"0x7fb1f802d648", "type":"STRING", "class":"0x7fb1f80b7578", "frozen":true, "embedded":true, "fstring":true, "bytesize":13, "value":"default_stubs", "encoding":"US-ASCII", "memsize":40, "flags":{"wb_protected":true, "old":true, "uncollectible":true, "marked":true}}
{"address":"0x7fb1f802d670", "type":"STRING", "class":"0x7fb1f80b7578", "frozen":true, "embedded":true, "fstring":true, "bytesize":7, "value":"as_list", "encoding":"US-ASCII", "memsize":40, "flags":{"wb_protected":true, "old":true, "uncollectible":true, "marked":true}}
{"address":"0x7fb1f802d698", "type":"STRING", "class":"0x7fb1f80b7578", "frozen":true, "embedded":true, "fstring":true, "bytesize":5, "value":"@ruby", "encoding":"US-ASCII", "memsize":40, "flags":{"wb_protected":true, "old":true, "uncollectible":true, "marked":true}}
{"address":"0x7fb1f802d6c0", "type":"IMEMO", "class":"0x8", "imemo_type":"cref", "references":["0x7fb1f802d6e8", "0x7fb1f802d738"], "memsize":40, "flags":{"wb_protected":true, "old":true, "uncollectible":true, "marked":true}}
{"address":"0x7fb1f802d6e8", "type":"MODULE", "class":"0x7fb1f801eeb8", "name":"RbConfig", "references":["0x7fb1f801fd68", "0x7fb1f802d558", "0x7fb1f809efa0", "0x7fb1f802d5f8", "0x7fb1f809efa0", "0x7fb1f802d580", "0x7fb1f809efa0", "0x7fb1f80261e0", "0x7fb1f809efa0"], "memsize":616, "flags":{"wb_protected":true, "old":true, "uncollectible":true, "marked":true}}
{"address":"0x7fb1f802d710", "type":"STRING", "class":"0x7fb1f80b7578", "frozen":true, "embedded":true, "fstring":true, "bytesize":10, "value":"@platforms", "encoding":"US-ASCII", "memsize":40, "flags":{"wb_protected":true, "old":true, "uncollectible":true, "marked":true}}
{"address":"0x7fb1f802d738", "type":"IMEMO", "class":"0x8", "imemo_type":"cref", "references":["0x7fb1f80c5240"], "memsize":40, "flags":{"wb_protected":true, "old":true, "uncollectible":true, "marked":true}}
{"address":"0x7fb1f802d760", "type":"IMEMO", "imemo_type":"iseq", "references":["0x7fb1f802e908", "0x7fb1f803cb70", "0x7fb1f803cc60", "0x7fb1f804d240", "0x7fb1f804d240", "0x7fb1f809efa0"], "memsize":1400, "flags":{"wb_protected":true, "old":true, "uncollectible":true, "marked":true}}
{"address":"0x7fb1f802d788", "type":"STRING", "class":"0x7fb1f80b7578", "frozen":true, "fstring":true, "bytesize":25, "value":"@path_to_default_spec_map", "encoding":"US-ASCII", "memsize":66, "flags":{"wb_protected":true, "old":true, "uncollectible":true, "marked":true}}
{"address":"0x7fb1f802d7b0", "type":"HASH", "class":"0x7fb1f8095130", "size":0, "memsize":40, "flags":{"wb_protected":true, "old":true, "uncollectible":true, "marked":true}}
{"address":"0x7fb1f802d7d8", "type":"IMEMO", "imemo_type":"iseq", "references":["0x7fb1f8027c70", "0x7fb1f80440f0", "0x7fb1f80440f0", "0x7fb1f8045928", "0x7fb1f8027c70"], "memsize":644, "flags":{"wb_protected":true, "old":true, "uncollectible":true, "marked":true}}
{"address":"0x7fb1f802d800", "type":"STRING", "class":"0x7fb1f80b7578", "frozen":true, "embedded":true, "fstring":true, "bytesize":18, "value":"LOADED_SPECS_MUTEX", "encoding":"US-ASCII", "memsize":40, "flags":{"wb_protected":true, "old":true, "uncollectible":true, "marked":true}}
{"address":"0x7fb1f802d828", "type":"OBJECT", "class":"0x7fb1f8112db0", "ivars":49, "references":["0x7fb1f801e8c8", "0x7fb1f801ed50", "0x7fb1f802ddf0", "0x7fb1f801ecd8", "0x7fb1f802de18", "0x7fb1f802de40", "0x7fb1f801e8f0", "0x7fb1f80e2638", "0x7fb1f801f458", "0x7fb1f80e2bd8", "0x7fb1f802c978", "0x7fb1f802c798", "0x7fb1f802c6d0", "0x7fb1f802c450", "0x7fb1f802c270", "0x7fb1f801e1c0", "0x7fb1f801eb98", "0x7fb1f801fe08", "0x7fb1f8027748", "0x7fb1f8027720", "0x7fb1f801fcc8", "0x7fb1f8027018", "0x7fb1f8025ec0", "0x7fb1f8026aa0", "0x7fb1f80c6b68", "0x7fb1f80264b0", "0x7fb1f80b4418"], "memsize":432, "flags":{"wb_protected":true, "old":true, "uncollectible":true, "marked":true}}
{"address":"0x7fb1f802d850", "type":"STRING", "class":"0x7fb1f80b7578", "frozen":true, "embedded":true, "fstring":true, "bytesize":2, "value":". ", "encoding":"UTF-8", "memsize":40, "flags":{"wb_protected":true, "old":true, "uncollectible":true, "marked":true}}
{"address":"0x7fb1f802d878", "type":"STRING", "class":"0x7fb1f80b7578", "frozen":true, "embedded":true, "fstring":true, "bytesize":13, "value":"@loaded_specs", "encoding":"US-ASCII", "memsize":40, "flags":{"wb_protected":true, "old":true, "uncollectible":true, "marked":true}}
{"address":"0x7fb1f802d8a0", "type":"IMEMO", "imemo_type":"iseq", "references":["0x7fb1f802dc10", "0x7fb1f803ec68", "0x7fb1f809efa0", "0x7fb1f802dcd8"], "memsize":728, "flags":{"wb_protected":true, "old":true, "uncollectible":true, "marked":true}}
{"address":"0x7fb1f802d8c8", "type":"STRING", "class":"0x7fb1f80b7578", "frozen":true, "embedded":true, "fstring":true, "bytesize":7, "value":"@@stubs", "encoding":"US-ASCII", "memsize":40, "flags":{"wb_protected":true, "old":true, "uncollectible":true, "marked":true}}
{"address":"0x7fb1f802d8f0", "type":"STRING", "class":"0x7fb1f80b7578", "frozen":true, "embedded":true, "fstring":true, "bytesize":8, "value":"@gemdeps", "encoding":"US-ASCII", "memsize":40, "flags":{"wb_protected":true, "old":true, "uncollectible":true, "marked":true}}
{"address":"0x7fb1f802d940", "type":"ARRAY", "class":"0x7fb1f8097228", "length":0, "memsize":40, "flags":{"wb_protected":true, "old":true, "uncollectible":true, "marked":true}}
{"address":"0x7fb1f802d968", "type":"STRING", "class":"0x7fb1f80b7578", "frozen":true, "embedded":true, "fstring":true, "bytesize":14, "value":"@configuration", "encoding":"US-ASCII", "memsize":40, "flags":{"wb_protected":true, "old":true, "uncollectible":true, "marked":true}}
{"address":"0x7fb1f802d9b8", "type":"IMEMO", "imemo_type":"iseq", "references":["0x7fb1f80b4260", "0x7fb1f802d850", "0x7fb1f802da30", "0x7fb1f81184e0", "0x7fb1f811a538", "0x7fb1f802da80"], "memsize":1152, "flags":{"wb_protected":true, "old":true, "uncollectible":true, "marked":true}}
{"address":"0x7fb1f802d9e0", "type":"IMEMO", "imemo_type":"iseq", "references":["0x7fb1f802dc10", "0x7fb1f803ec68", "0x7fb1f809efa0", "0x7fb1f802dcd8"], "memsize":880, "flags":{"wb_protected":true, "old":true, "uncollectible":true, "marked":true}}
{"address":"0x7fb1f802da08", "type":"STRING", "class":"0x7fb1f80b7578", "frozen":true, "embedded":true, "fstring":true, "bytesize":14, "value":"@@win_platform", "encoding":"US-ASCII", "memsize":40, "flags":{"wb_protected":true, "old":true, "uncollectible":true, "marked":true}}
{"address":"0x7fb1f802da30", "type":"STRING", "class":"0x7fb1f80b7578", "frozen":true, "fstring":true, "bytesize":25, "value":"block in choose_from_list", "memsize":66, "flags":{"wb_protected":true, "old":true, "uncollectible":true, "marked":true}}
{"address":"0x7fb1f802da58", "type":"ARRAY", "class":"0x7fb1f8097228", "length":0, "memsize":40, "flags":{"wb_protected":true, "old":true, "uncollectible":true, "marked":true}}
{"address":"0x7fb1f802da80", "type":"IMEMO", "imemo_type":"iseq", "references":["0x7fb1f802d9b8", "0x7fb1f8027d60", "0x7fb1f81184e0", "0x7fb1f81184e0", "0x7fb1f811a538", "0x7fb1f802d9b8"], "memsize":1940, "flags":{"wb_protected":true, "old":true, "uncollectible":true, "marked":true}}
{"address":"0x7fb1f802daa8", "type":"STRING", "class":"0x7fb1f80b7578", "frozen":true, "embedded":true, "fstring":true, "bytesize":19, "value":"WRITE_BINARY_ERRORS", "encoding":"US-ASCII", "memsize":40, "flags":{"wb_protected":true, "old":true, "uncollectible":true, "marked":true}}
{"address":"0x7fb1f802dad0", "type":"STRING", "class":"0x7fb1f80b7578", "frozen":true, "embedded":true, "fstring":true, "bytesize":2, "value":"\n\t", "encoding":"UTF-8", "memsize":40, "flags":{"wb_protected":true, "old":true, "uncollectible":true, "marked":true}}
{"address":"0x7fb1f802daf8", "type":"ARRAY", "class":"0x7fb1f8097228", "length":0, "memsize":40, "flags":{"wb_protected":true, "old":true, "uncollectible":true, "marked":true}}
{"address":"0x7fb1f802db70", "type":"STRING", "class":"0x7fb1f80b7578", "frozen":true, "embedded":true, "fstring":true, "bytesize":1, "value":"\t", "encoding":"UTF-8", "memsize":40, "flags":{"wb_protected":true, "old":true, "uncollectible":true, "marked":true}}
{"address":"0x7fb1f802db98", "type":"IMEMO", "imemo_type":"iseq", "references":["0x7fb1f802db70", "0x7fb1f802dad0", "0x7fb1f80af850", "0x7fb1f80af850", "0x7fb1f811a538"], "memsize":1312, "flags":{"wb_protected":true, "old":true, "uncollectible":true, "marked":true}}
{"address":"0x7fb1f802dbc0", "type":"STRING", "class":"0x7fb1f80b7578", "frozen":true, "embedded":true, "fstring":true, "bytesize":18, "value":"READ_BINARY_ERRORS", "encoding":"US-ASCII", "memsize":40, "flags":{"wb_protected":true, "old":true, "uncollectible":true, "marked":true}}
{"address":"0x7fb1f802dbe8", "type":"IMEMO", "imemo_type":"iseq", "references":["0x7fb1f802dc10", "0x7fb1f803ec68", "0x7fb1f809efa0", "0x7fb1f802dcd8"], "memsize":816, "flags":{"wb_protected":true, "old":true, "uncollectible":true, "marked":true}}
{"address":"0x7fb1f802dc10", "type":"STRING", "class":"0x7fb1f80b7578", "frozen":true, "embedded":true, "fstring":true, "bytesize":21, "value":"block in fire_update!", "memsize":40, "flags":{"wb_protected":true, "old":true, "uncollectible":true, "marked":true}}
{"address":"0x7fb1f802dc38", "type":"OBJECT", "class":"0x7fb1f8112db0", "ivars":49, "references":["0x7fb1f801e058", "0x7fb1f801ec60", "0x7fb1f803e538", "0x7fb1f801ec38", "0x7fb1f802df30", "0x7fb1f803eab0", "0x7fb1f801e080", "0x7fb1f802c018", "0x7fb1f801ef80", "0x7fb1f80e2bd8", "0x7fb1f802daf8", "0x7fb1f802da58", "0x7fb1f801ec10", "0x7fb1f802d940", "0x7fb1f801ebe8", "0x7fb1f801d720", "0x7fb1f801eb70", "0x7fb1f802d7b0", "0x7fb1f802d5d0", "0x7fb1f801eb20", "0x7fb1f801f318", "0x7fb1f801ead0", "0x7fb1f8026230", "0x7fb1f802c518", "0x7fb1f80c6b68", "0x7fb1f802c2c0", "0x7fb1f80b4418"], "memsize":432, "flags":{"wb_protected":true, "old":true, "uncollectible":true, "marked":true}}
{"address":"0x7fb1f802dc60", "type":"STRING", "class":"0x7fb1f80b7578", "frozen":true, "embedded":true, "fstring":true, "bytesize":1, "value":"|", "memsize":40, "flags":{"wb_protected":true, "old":true, "uncollectible":true, "marked":true}}
{"address":"0x7fb1f802dc88", "type":"STRING", "class":"0x7fb1f80b7578", "frozen":true, "fstring":true, "bytesize":29, "value":"\\$\\((?:%1$s)\\)|\\$\\{(?:%1$s)\\}", "memsize":70, "flags":{"wb_protected":true, "old":true, "uncollectible":true, "marked":true}}
{"address":"0x7fb1f802dcd8", "type":"IMEMO", "imemo_type":"iseq", "references":["0x7fb1f802dc88", "0x7fb1f802dc60", "0x7fb1f802dbe8", "0x7fb1f802d9e0", "0x7fb1f802d8a0", "0x7fb1f803ec68", "0x7fb1f803ec68", "0x7fb1f809efa0", "0x7fb1f802dbe8", "0x7fb1f802d9e0", "0x7fb1f802d8a0"], "memsize":3108, "flags":{"wb_protected":true, "old":true, "uncollectible":true, "marked":true}}
{"address":"0x7fb1f802dd00", "type":"IMEMO", "imemo_type":"iseq", "references":["0x7fb1f8084b28", "0x7fb1f8084b28", "0x7fb1f811a538"], "memsize":604, "flags":{"wb_protected":true, "old":true, "uncollectible":true, "marked":true}}
{"address":"0x7fb1f802dd28", "type":"STRING", "class":"0x7fb1f80b7578", "frozen":true, "embedded":true, "fstring":true, "bytesize":17, "value":"pstore/version.rb", "encoding":"UTF-8", "memsize":40, "flags":{"wb_protected":true, "old":true, "uncollectible":true, "marked":true}}
{"address":"0x7fb1f802dd50", "type":"STRING", "class":"0x7fb1f80b7578", "frozen":true, "embedded":true, "fstring":true, "bytesize":9, "value":"each_spec", "encoding":"US-ASCII", "memsize":40, "flags":{"wb_protected":true, "old":true, "uncollectible":true, "marked":true}}
{"address":"0x7fb1f802dd78", "type":"STRING", "class":"0x7fb1f80b7578", "frozen":true, "embedded":true, "fstring":true, "bytesize":9, "value":"pstore.rb", "encoding":"UTF-8", "memsize":40, "flags":{"wb_protected":true, "old":true, "uncollectible":true, "marked":true}}
{"address":"0x7fb1f802dda0", "type":"IMEMO", "imemo_type":"iseq", "references":["0x7fb1f80c6690", "0x7fb1f80c6690", "0x7fb1f811a538"], "memsize":920, "flags":{"wb_protected":true, "old":true, "uncollectible":true, "marked":true}}
{"address":"0x7fb1f802ddc8", "type":"STRING", "class":"0x7fb1f80b7578", "frozen":true, "fstring":true, "bytesize":37, "value":"REPOSITORY_DEFAULT_GEM_SUBDIRECTORIES", "encoding":"US-ASCII", "memsize":78, "flags":{"wb_protected":true, "old":true, "uncollectible":true, "marked":true}}
{"address":"0x7fb1f802ddf0", "type":"STRING", "class":"0x7fb1f80b7578", "frozen":true, "fstring":true, "bytesize":43, "value":"Transactional File Storage for Ruby Objects", "encoding":"UTF-8", "memsize":84, "flags":{"wb_protected":true, "old":true, "uncollectible":true, "marked":true}}
{"address":"0x7fb1f802de18", "type":"STRING", "class":"0x7fb1f80b7578", "frozen":true, "fstring":true, "bytesize":30, "value":"https://github.com/ruby/pstore", "encoding":"UTF-8", "memsize":71, "flags":{"wb_protected":true, "old":true, "uncollectible":true, "marked":true}}
{"address":"0x7fb1f802de40", "type":"STRING", "class":"0x7fb1f80b7578", "frozen":true, "embedded":true, "fstring":true, "bytesize":6, "value":"pstore", "encoding":"UTF-8", "memsize":40, "flags":{"wb_protected":true, "old":true, "uncollectible":true, "marked":true}}
{"address":"0x7fb1f802de68", "type":"STRING", "class":"0x7fb1f80b7578", "frozen":true, "fstring":true, "bytesize":67, "value":"RDoc produces HTML and command-line documentation for Ruby projects", "encoding":"UTF-8", "memsize":108, "flags":{"wb_protected":true, "old":true, "uncollectible":true, "marked":true}}
{"address":"0x7fb1f802de90", "type":"IMEMO", "imemo_type":"iseq", "references":["0x7fb1f802deb8", "0x7fb1f80f28f8", "0x7fb1f8045928", "0x7fb1f802eca0"], "memsize":656, "flags":{"wb_protected":true, "old":true, "uncollectible":true, "marked":true}}
{"address":"0x7fb1f802deb8", "type":"STRING", "class":"0x7fb1f80b7578", "frozen":true, "embedded":true, "fstring":true, "bytesize":20, "value":"block in corrections", "memsize":40, "flags":{"wb_protected":true, "old":true, "uncollectible":true, "marked":true}}
{"address":"0x7fb1f802dee0", "type":"STRING", "class":"0x7fb1f80b7578", "frozen":true, "embedded":true, "fstring":true, "bytesize":6, "value":"--main", "encoding":"UTF-8", "memsize":40, "flags":{"wb_protected":true, "old":true, "uncollectible":true, "marked":true}}
{"address":"0x7fb1f802df08", "type":"STRING", "class":"0x7fb1f80b7578", "frozen":true, "embedded":true, "fstring":true, "bytesize":4, "value":"Ruby", "encoding":"UTF-8", "memsize":40, "flags":{"wb_protected":true, "old":true, "uncollectible":true, "marked":true}}
{"address":"0x7fb1f802df30", "type":"STRING", "class":"0x7fb1f80b7578", "frozen":true, "fstring":true, "bytesize":27, "value":"https://ruby.github.io/rdoc", "encoding":"UTF-8", "memsize":68, "flags":{"wb_protected":true, "old":true, "uncollectible":true, "marked":true}}
{"address":"0x7fb1f802df58", "type":"STRING", "class":"0x7fb1f80b7578", "frozen":true, "embedded":true, "fstring":true, "bytesize":15, "value":"rdoc/version.rb", "encoding":"UTF-8", "memsize":40, "flags":{"wb_protected":true, "old":true, "uncollectible":true, "marked":true}}
{"address":"0x7fb1f802df80", "type":"STRING", "class":"0x7fb1f80b7578", "frozen":true, "embedded":true, "fstring":true, "bytesize":17, "value":"rdoc/top_level.rb", "encoding":"UTF-8", "memsize":40, "flags":{"wb_protected":true, "old":true, "uncollectible":true, "marked":true}}
{"address":"0x7fb1f802dfa8", "type":"STRING", "class":"0x7fb1f80b7578", "frozen":true, "embedded":true, "fstring":true, "bytesize":15, "value":"rdoc/tom_doc.rb", "encoding":"UTF-8", "memsize":40, "flags":{"wb_protected":true, "old":true, "uncollectible":true, "marked":true}}
{"address":"0x7fb1f802dfd0", "type":"STRING", "class":"0x7fb1f80b7578", "frozen":true, "embedded":true, "fstring":true, "bytesize":9, "value":"(?=\\s|\\z)", "memsize":40, "flags":{"wb_protected":true, "old":true, "uncollectible":true, "marked":true}}
{"address":"0x7fb1f802dff8", "type":"STRING", "class":"0x7fb1f80b7578", "frozen":true, "embedded":true, "fstring":true, "bytesize":20, "value":"rdoc/token_stream.rb", "encoding":"UTF-8", "memsize":40, "flags":{"wb_protected":true, "old":true, "uncollectible":true, "marked":true}}
{"address":"0x7fb1f802e020", "type":"STRING", "class":"0x7fb1f80b7578", "frozen":true, "embedded":true, "fstring":true, "bytesize":12, "value":"rdoc/text.rb", "encoding":"UTF-8", "memsize":40, "flags":{"wb_protected":true, "old":true, "uncollectible":true, "marked":true}}
{"address":"0x7fb1f802e048", "type":"STRING", "class":"0x7fb1f80b7578", "frozen":true, "embedded":true, "fstring":true, "bytesize":7, "value":"uniq_by", "encoding":"US-ASCII", "memsize":40, "flags":{"wb_protected":true, "old":true, "uncollectible":true, "marked":true}}
{"address":"0x7fb1f802e070", "type":"STRING", "class":"0x7fb1f80b7578", "frozen":true, "embedded":true, "fstring":true, "bytesize":12, "value":"rdoc/task.rb", "encoding":"UTF-8", "memsize":40, "flags":{"wb_protected":true, "old":true, "uncollectible":true, "marked":true}}
{"address":"0x7fb1f802e098", "type":"STRING", "class":"0x7fb1f80b7578", "frozen":true, "embedded":true, "fstring":true, "bytesize":3, "value":"seg", "encoding":"US-ASCII", "memsize":40, "flags":{"wb_protected":true, "old":true, "uncollectible":true, "marked":true}}
{"address":"0x7fb1f802e0c0", "type":"IMEMO", "imemo_type":"iseq", "references":["0x7fb1f800e1a8", "0x7fb1f800e1a8", "0x7fb1f811a538"], "memsize":1128, "flags":{"wb_protected":true, "old":true, "uncollectible":true, "marked":true}}
{"address":"0x7fb1f802e0e8", "type":"IMEMO", "imemo_type":"iseq", "references":["0x7fb1f802e138", "0x7fb1f803fd20", "0x7fb1f809efa0", "0x7fb1f802e1b0"], "memsize":492, "flags":{"wb_protected":true, "old":true, "uncollectible":true, "marked":true}}
{"address":"0x7fb1f802e110", "type":"STRING", "class":"0x7fb1f80b7578", "frozen":true, "fstring":true, "bytesize":25, "value":"REPOSITORY_SUBDIRECTORIES", "encoding":"US-ASCII", "memsize":66, "flags":{"wb_protected":true, "old":true, "uncollectible":true, "marked":true}}
{"address":"0x7fb1f802e138", "type":"STRING", "class":"0x7fb1f80b7578", "frozen":true, "fstring":true, "bytesize":26, "value":"block (2 levels) in expand", "memsize":67, "flags":{"wb_protected":true, "old":true, "uncollectible":true, "marked":true}}
{"address":"0x7fb1f802e160", "type":"STRING", "class":"0x7fb1f80b7578", "frozen":true, "embedded":true, "fstring":true, "bytesize":13, "value":"rdoc/store.rb", "encoding":"UTF-8", "memsize":40, "flags":{"wb_protected":true, "old":true, "uncollectible":true, "marked":true}}
{"address":"0x7fb1f802e188", "type":"STRING", "class":"0x7fb1f80b7578", "frozen":true, "embedded":true, "fstring":true, "bytesize":1, "value":"$", "memsize":40, "flags":{"wb_protected":true, "old":true, "uncollectible":true, "marked":true}}
{"address":"0x7fb1f802e1b0", "type":"IMEMO", "imemo_type":"iseq", "references":["0x7fb1f802e188", "0x7fb1f803f780", "0x7fb1f802dfd0", "0x7fb1f802e0e8", "0x7fb1f802e1d8", "0x7fb1f803fd20", "0x7fb1f809efa0", "0x7fb1f802e278", "0x7fb1f802e0e8"], "memsize":2580, "flags":{"wb_protected":true, "old":true, "uncollectible":true, "marked":true}}
{"address":"0x7fb1f802e1d8", "type":"STRING", "class":"0x7fb1f80b7578", "frozen":true, "embedded":true, "fstring":true, "bytesize":15, "value":"block in expand", "memsize":40, "flags":{"wb_protected":true, "old":true, "uncollectible":true, "marked":true}}
{"address":"0x7fb1f802e200", "type":"STRING", "class":"0x7fb1f80b7578", "frozen":true, "embedded":true, "fstring":true, "bytesize":21, "value":"rdoc/stats/verbose.rb", "encoding":"UTF-8", "memsize":40, "flags":{"wb_protected":true, "old":true, "uncollectible":true, "marked":true}}
{"address":"0x7fb1f802e228", "type":"IMEMO", "imemo_type":"iseq", "references":["0x7fb1f8118170", "0x7fb1f8118170", "0x7fb1f811a538"], "memsize":648, "flags":{"wb_protected":true, "old":true, "uncollectible":true, "marked":true}}
{"address":"0x7fb1f802e250", "type":"STRING", "class":"0x7fb1f80b7578", "frozen":true, "embedded":true, "fstring":true, "bytesize":19, "value":"rdoc/stats/quiet.rb", "encoding":"UTF-8", "memsize":40, "flags":{"wb_protected":true, "old":true, "uncollectible":true, "marked":true}}
{"address":"0x7fb1f802e278", "type":"IMEMO", "imemo_type":"iseq", "references":["0x7fb1f803fb18", "0x7fb1f802e1b0", "0x7fb1f803fd20", "0x7fb1f803fd20", "0x7fb1f809efa0", "0x7fb1f802e1b0"], "memsize":1088, "flags":{"wb_protected":true, "old":true, "uncollectible":true, "marked":true}}
{"address":"0x7fb1f802e2a0", "type":"STRING", "class":"0x7fb1f80b7578", "frozen":true, "embedded":true, "fstring":true, "bytesize":20, "value":"rdoc/stats/normal.rb", "encoding":"UTF-8", "memsize":40, "flags":{"wb_protected":true, "old":true, "uncollectible":true, "marked":true}}
{"address":"0x7fb1f802e2c8", "type":"STRING", "class":"0x7fb1f80b7578", "frozen":true, "embedded":true, "fstring":true, "bytesize":13, "value":"rdoc/stats.rb", "encoding":"UTF-8", "memsize":40, "flags":{"wb_protected":true, "old":true, "uncollectible":true, "marked":true}}
{"address":"0x7fb1f802e2f0", "type":"STRING", "class":"0x7fb1f80b7578", "frozen":true, "embedded":true, "fstring":true, "bytesize":20, "value":"rdoc/single_class.rb", "encoding":"UTF-8", "memsize":40, "flags":{"wb_protected":true, "old":true, "uncollectible":true, "marked":true}}
{"address":"0x7fb1f802e318", "type":"STRING", "class":"0x7fb1f80b7578", "frozen":true, "embedded":true, "fstring":true, "bytesize":15, "value":"rdoc/servlet.rb", "encoding":"UTF-8", "memsize":40, "flags":{"wb_protected":true, "old":true, "uncollectible":true, "marked":true}}
{"address":"0x7fb1f802e340", "type":"STRING", "class":"0x7fb1f80b7578", "frozen":true, "embedded":true, "fstring":true, "bytesize":21, "value":"rdoc/rubygems_hook.rb", "encoding":"UTF-8", "memsize":40, "flags":{"wb_protected":true, "old":true, "uncollectible":true, "marked":true}}
{"address":"0x7fb1f802e368", "type":"STRING", "class":"0x7fb1f80b7578", "frozen":true, "embedded":true, "fstring":true, "bytesize":15, "value":"rdoc/ri/task.rb", "encoding":"UTF-8", "memsize":40, "flags":{"wb_protected":true, "old":true, "uncollectible":true, "marked":true}}
{"address":"0x7fb1f802e390", "type":"IMEMO", "imemo_type":"iseq", "references":["0x7fb1f80beaa8", "0x7fb1f800df78", "0x7fb1f800df78", "0x7fb1f811a538"], "memsize":656, "flags":{"wb_protected":true, "old":true, "uncollectible":true, "marked":true}}
{"address":"0x7fb1f802e3b8", "type":"STRING", "class":"0x7fb1f80b7578", "frozen":true, "embedded":true, "fstring":true, "bytesize":13, "value":"GEM_DEP_FILES", "encoding":"US-ASCII", "memsize":40, "flags":{"wb_protected":true, "old":true, "uncollectible":true, "marked":true}}
{"address":"0x7fb1f802e3e0", "type":"STRING", "class":"0x7fb1f80b7578", "frozen":true, "embedded":true, "fstring":true, "bytesize":16, "value":"rdoc/ri/store.rb", "encoding":"UTF-8", "memsize":40, "flags":{"wb_protected":true, "old":true, "uncollectible":true, "marked":true}}
{"address":"0x7fb1f802e408", "type":"STRING", "class":"0x7fb1f80b7578", "frozen":true, "embedded":true, "fstring":true, "bytesize":16, "value":"rdoc/ri/paths.rb", "encoding":"UTF-8", "memsize":40, "flags":{"wb_protected":true, "old":true, "uncollectible":true, "marked":true}}
{"address":"0x7fb1f802e430", "type":"STRING", "class":"0x7fb1f80b7578", "frozen":true, "embedded":true, "fstring":true, "bytesize":20, "value":"rdoc/ri/formatter.rb", "encoding":"UTF-8", "memsize":40, "flags":{"wb_protected":true, "old":true, "uncollectible":true, "marked":true}}
{"address":"0x7fb1f802e458", "type":"STRING", "class":"0x7fb1f80b7578", "frozen":true, "embedded":true, "fstring":true, "bytesize":17, "value":"rdoc/ri/driver.rb", "encoding":"UTF-8", "memsize":40, "flags":{"wb_protected":true, "old":true, "uncollectible":true, "marked":true}}
{"address":"0x7fb1f802e480", "type":"STRING", "class":"0x7fb1f80b7578", "frozen":true, "embedded":true, "fstring":true, "bytesize":5, "value":"wince", "encoding":"US-ASCII", "memsize":40, "flags":{"wb_protected":true, "old":true, "uncollectible":true, "marked":true}}
{"address":"0x7fb1f802e4a8", "type":"STRING", "class":"0x7fb1f80b7578", "frozen":true, "embedded":true, "fstring":true, "bytesize":6, "value":"topdir", "memsize":40, "flags":{"wb_protected":true, "old":true, "uncollectible":true, "marked":true}}
{"address":"0x7fb1f802e4d0", "type":"IMEMO", "imemo_type":"iseq", "references":["0x7fb1f81184e0", "0x7fb1f81184e0", "0x7fb1f811a538"], "memsize":628, "flags":{"wb_protected":true, "old":true, "uncollectible":true, "marked":true}}
{"address":"0x7fb1f802e4f8", "type":"REGEXP", "class":"0x7fb1f808ea60", "references":["0x7fb1f802e480"], "memsize":513, "flags":{"wb_protected":true, "old":true, "uncollectible":true, "marked":true}}
{"address":"0x7fb1f802e520", "type":"STRING", "class":"0x7fb1f80b7578", "frozen":true, "embedded":true, "fstring":true, "bytesize":7, "value":"archdir", "memsize":40, "flags":{"wb_protected":true, "old":true, "uncollectible":true, "marked":true}}
{"address":"0x7fb1f802e548", "type":"STRING", "class":"0x7fb1f80b7578", "frozen":true, "embedded":true, "fstring":true, "bytesize":7, "value":"SDKROOT", "memsize":40, "flags":{"wb_protected":true, "old":true, "uncollectible":true, "marked":true}}
{"address":"0x7fb1f802e570", "type":"STRING", "class":"0x7fb1f80b7578", "frozen":true, "embedded":true, "fstring":true, "bytesize":10, "value":"rdoc/ri.rb", "encoding":"UTF-8", "memsize":40, "flags":{"wb_protected":true, "old":true, "uncollectible":true, "marked":true}}
{"address":"0x7fb1f802e598", "type":"STRING", "class":"0x7fb1f80b7578", "frozen":true, "embedded":true, "fstring":true, "bytesize":5, "value":"mswin", "encoding":"US-ASCII", "memsize":40, "flags":{"wb_protected":true, "old":true, "uncollectible":true, "marked":true}}
{"address":"0x7fb1f802e5c0", "type":"STRING", "class":"0x7fb1f80b7578", "frozen":true, "embedded":true, "fstring":true, "bytesize":21, "value":"UNICODE_EMOJI_VERSION", "memsize":40, "flags":{"wb_protected":true, "old":true, "uncollectible":true, "marked":true}}
{"address":"0x7fb1f802e5e8", "type":"STRING", "class":"0x7fb1f80b7578", "frozen":true, "embedded":true, "fstring":true, "bytesize":15, "value":"rdoc/require.rb", "encoding":"UTF-8", "memsize":40, "flags":{"wb_protected":true, "old":true, "uncollectible":true, "marked":true}}
{"address":"0x7fb1f802e610", "type":"REGEXP", "class":"0x7fb1f808ea60", "references":["0x7fb1f802e598"], "memsize":513, "flags":{"wb_protected":true, "old":true, "uncollectible":true, "marked":true}}
{"address":"0x7fb1f802e638", "type":"STRING", "class":"0x7fb1f80b7578", "frozen":true, "embedded":true, "fstring":true, "bytesize":15, "value":"UNICODE_VERSION", "memsize":40, "flags":{"wb_protected":true, "old":true, "uncollectible":true, "marked":true}}
{"address":"0x7fb1f802e660", "type":"IMEMO", "imemo_type":"iseq", "references":["0x7fb1f8118698", "0x7fb1f8118698", "0x7fb1f811a538"], "memsize":672, "flags":{"wb_protected":true, "old":true, "uncollectible":true, "marked":true}}
{"address":"0x7fb1f802e688", "type":"STRING", "class":"0x7fb1f80b7578", "frozen":true, "embedded":true, "fstring":true, "bytesize":5, "value":"SHELL", "memsize":40, "flags":{"wb_protected":true, "old":true, "uncollectible":true, "marked":true}}
{"address":"0x7fb1f802e6b0", "type":"STRING", "class":"0x7fb1f80b7578", "frozen":true, "embedded":true, "fstring":true, "bytesize":5, "value":"mingw", "encoding":"US-ASCII", "memsize":40, "flags":{"wb_protected":true, "old":true, "uncollectible":true, "marked":true}}
{"address":"0x7fb1f802e6d8", "type":"STRING", "class":"0x7fb1f80b7578", "frozen":true, "embedded":true, "fstring":true, "bytesize":14, "value":"PATH_SEPARATOR", "memsize":40, "flags":{"wb_protected":true, "old":true, "uncollectible":true, "marked":true}}
{"address":"0x7fb1f802e700", "type":"STRING", "class":"0x7fb1f80b7578", "frozen":true, "embedded":true, "fstring":true, "bytesize":12, "value":"PACKAGE_NAME", "memsize":40, "flags":{"wb_protected":true, "old":true, "uncollectible":true, "marked":true}}
{"address":"0x7fb1f802e728", "type":"REGEXP", "class":"0x7fb1f808ea60", "references":["0x7fb1f802e6b0"], "memsize":513, "flags":{"wb_protected":true, "old":true, "uncollectible":true, "marked":true}}
{"address":"0x7fb1f802e750", "type":"STRING", "class":"0x7fb1f80b7578", "frozen":true, "embedded":true, "fstring":true, "bytesize":15, "value":"PACKAGE_TARNAME", "memsize":40, "flags":{"wb_protected":true, "old":true, "uncollectible":true, "marked":true}}
{"address":"0x7fb1f802e778", "type":"STRING", "class":"0x7fb1f80b7578", "frozen":true, "embedded":true, "fstring":true, "bytesize":15, "value":"PACKAGE_VERSION", "memsize":40, "flags":{"wb_protected":true, "old":true, "uncollectible":true, "marked":true}}
{"address":"0x7fb1f802e7a0", "type":"STRING", "class":"0x7fb1f80b7578", "frozen":true, "embedded":true, "fstring":true, "bytesize":14, "value":"PACKAGE_STRING", "memsize":40, "flags":{"wb_protected":true, "old":true, "uncollectible":true, "marked":true}}
{"address":"0x7fb1f802e7c8", "type":"STRING", "class":"0x7fb1f80b7578", "frozen":true, "embedded":true, "fstring":true, "bytesize":5, "value":"djgpp", "encoding":"US-ASCII", "memsize":40, "flags":{"wb_protected":true, "old":true, "uncollectible":true, "marked":true}}
{"address":"0x7fb1f802e7f0", "type":"STRING", "class":"0x7fb1f80b7578", "frozen":true, "embedded":true, "fstring":true, "bytesize":17, "value":"PACKAGE_BUGREPORT", "memsize":40, "flags":{"wb_protected":true, "old":true, "uncollectible":true, "marked":true}}
{"address":"0x7fb1f802e818", "type":"STRING", "class":"0x7fb1f80b7578", "frozen":true, "embedded":true, "fstring":true, "bytesize":11, "value":"PACKAGE_URL", "memsize":40, "flags":{"wb_protected":true, "old":true, "uncollectible":true, "marked":true}}
{"address":"0x7fb1f802e840", "type":"REGEXP", "class":"0x7fb1f808ea60", "references":["0x7fb1f802e7c8"], "memsize":513, "flags":{"wb_protected":true, "old":true, "uncollectible":true, "marked":true}}
{"address":"0x7fb1f802e868", "type":"IMEMO", "imemo_type":"iseq", "references":["0x7fb1f81188a0", "0x7fb1f81188a0", "0x7fb1f811a538"], "memsize":604, "flags":{"wb_protected":true, "old":true, "uncollectible":true, "marked":true}}
{"address":"0x7fb1f802e890", "type":"STRING", "class":"0x7fb1f80b7578", "frozen":true, "embedded":true, "fstring":true, "bytesize":11, "value":"exec_prefix", "memsize":40, "flags":{"wb_protected":true, "old":true, "uncollectible":true, "marked":true}}
{"address":"0x7fb1f802e8b8", "type":"IMEMO", "imemo_type":"iseq", "references":["0x7fb1f8118a58", "0x7fb1f8118a58", "0x7fb1f811a538"], "memsize":604, "flags":{"wb_protected":true, "old":true, "uncollectible":true, "marked":true}}
{"address":"0x7fb1f802e8e0", "type":"STRING", "class":"0x7fb1f80b7578", "frozen":true, "embedded":true, "fstring":true, "bytesize":6, "value":"cygwin", "encoding":"US-ASCII", "memsize":40, "flags":{"wb_protected":true, "old":true, "uncollectible":true, "marked":true}}
{"address":"0x7fb1f802e908", "type":"STRING", "class":"0x7fb1f80b7578", "frozen":true, "embedded":true, "fstring":true, "bytesize":6, "value":"bindir", "memsize":40, "flags":{"wb_protected":true, "old":true, "uncollectible":true, "marked":true}}
{"address":"0x7fb1f802e930", "type":"STRING", "class":"0x7fb1f80b7578", "frozen":true, "embedded":true, "fstring":true, "bytesize":12, "value":"rdoc/rdoc.rb", "encoding":"UTF-8", "memsize":40, "flags":{"wb_protected":true, "old":true, "uncollectible":true, "marked":true}}
{"address":"0x7fb1f802e958", "type":"REGEXP", "class":"0x7fb1f808ea60", "references":["0x7fb1f802e8e0"], "memsize":506, "flags":{"wb_protected":true, "old":true, "uncollectible":true, "marked":true}}
{"address":"0x7fb1f802e980", "type":"STRING", "class":"0x7fb1f80b7578", "frozen":true, "embedded":true, "fstring":true, "bytesize":7, "value":"sbindir", "memsize":40, "flags":{"wb_protected":true, "old":true, "uncollectible":true, "marked":true}}
{"address":"0x7fb1f802e9a8", "type":"STRING", "class":"0x7fb1f80b7578", "frozen":true, "embedded":true, "fstring":true, "bytesize":9, "value":"ruby_code", "encoding":"US-ASCII", "memsize":40, "flags":{"wb_protected":true, "old":true, "uncollectible":true, "marked":true}}
{"address":"0x7fb1f802e9d0", "type":"STRING", "class":"0x7fb1f80b7578", "frozen":true, "embedded":true, "fstring":true, "bytesize":10, "value":"libexecdir", "memsize":40, "flags":{"wb_protected":true, "old":true, "uncollectible":true, "marked":true}}
{"address":"0x7fb1f802e9f8", "type":"STRING", "class":"0x7fb1f80b7578", "frozen":true, "embedded":true, "fstring":true, "bytesize":6, "value":"bccwin", "encoding":"US-ASCII", "memsize":40, "flags":{"wb_protected":true, "old":true, "uncollectible":true, "marked":true}}
{"address":"0x7fb1f802ea20", "type":"STRING", "class":"0x7fb1f80b7578", "frozen":true, "fstring":true, "bytesize":24, "value":"rdoc/rd/inline_parser.rb", "encoding":"UTF-8", "memsize":65, "flags":{"wb_protected":true, "old":true, "uncollectible":true, "marked":true}}
{"address":"0x7fb1f802ea48", "type":"STRING", "class":"0x7fb1f80b7578", "frozen":true, "embedded":true, "fstring":true, "bytesize":11, "value":"datarootdir", "memsize":40, "flags":{"wb_protected":true, "old":true, "uncollectible":true, "marked":true}}
{"address":"0x7fb1f802ea70", "type":"REGEXP", "class":"0x7fb1f808ea60", "references":["0x7fb1f802e9f8"], "memsize":506, "flags":{"wb_protected":true, "old":true, "uncollectible":true, "marked":true}}
{"address":"0x7fb1f802ea98", "type":"IMEMO", "imemo_type":"iseq", "references":["0x7fb1f810b628", "0x7fb1f810b628", "0x7fb1f811a538"], "memsize":672, "flags":{"wb_protected":true, "old":true, "uncollectible":true, "marked":true}}
{"address":"0x7fb1f802eac0", "type":"STRING", "class":"0x7fb1f80b7578", "frozen":true, "embedded":true, "fstring":true, "bytesize":7, "value":"datadir", "memsize":40, "flags":{"wb_protected":true, "old":true, "uncollectible":true, "marked":true}}
{"address":"0x7fb1f802eae8", "type":"STRING", "class":"0x7fb1f80b7578", "frozen":true, "embedded":true, "fstring":true, "bytesize":17, "value":"rdoc/rd/inline.rb", "encoding":"UTF-8", "memsize":40, "flags":{"wb_protected":true, "old":true, "uncollectible":true, "marked":true}}
{"address":"0x7fb1f802eb10", "type":"STRING", "class":"0x7fb1f80b7578", "frozen":true, "embedded":true, "fstring":true, "bytesize":12, "value":"WIN_PATTERNS", "encoding":"US-ASCII", "memsize":40, "flags":{"wb_protected":true, "old":true, "uncollectible":true, "marked":true}}
{"address":"0x7fb1f802eb38", "type":"STRING", "class":"0x7fb1f80b7578", "frozen":true, "embedded":true, "fstring":true, "bytesize":10, "value":"sysconfdir", "memsize":40, "flags":{"wb_protected":true, "old":true, "uncollectible":true, "marked":true}}
{"address":"0x7fb1f802eb60", "type":"IMEMO", "imemo_type":"iseq", "references":["0x7fb1f8118da0", "0x7fb1f8118da0", "0x7fb1f811a538"], "memsize":672, "flags":{"wb_protected":true, "old":true, "uncollectible":true, "marked":true}}
{"address":"0x7fb1f802eb88", "type":"STRING", "class":"0x7fb1f80b7578", "frozen":true, "embedded":true, "fstring":true, "bytesize":14, "value":"sharedstatedir", "memsize":40, "flags":{"wb_protected":true, "old":true, "uncollectible":true, "marked":true}}
{"address":"0x7fb1f802ebb0", "type":"STRING", "class":"0x7fb1f80b7578", "frozen":true, "embedded":true, "fstring":true, "bytesize":23, "value":"rdoc/rd/block_parser.rb", "encoding":"UTF-8", "memsize":40, "flags":{"wb_protected":true, "old":true, "uncollectible":true, "marked":true}}
{"address":"0x7fb1f802ebd8", "type":"STRING", "class":"0x7fb1f80b7578", "frozen":true, "embedded":true, "fstring":true, "bytesize":13, "value":"localstatedir", "memsize":40, "flags":{"wb_protected":true, "old":true, "uncollectible":true, "marked":true}}
{"address":"0x7fb1f802ec00", "type":"IMEMO", "imemo_type":"iseq", "references":["0x7fb1f8118fd0", "0x7fb1f8118fd0", "0x7fb1f811a538"], "memsize":672, "flags":{"wb_protected":true, "old":true, "uncollectible":true, "marked":true}}
{"address":"0x7fb1f802ec50", "type":"STRING", "class":"0x7fb1f80b7578", "frozen":true, "embedded":true, "fstring":true, "bytesize":11, "value":"runstatedir", "memsize":40, "flags":{"wb_protected":true, "old":true, "uncollectible":true, "marked":true}}
{"address":"0x7fb1f802ec78", "type":"STRING", "class":"0x7fb1f80b7578", "frozen":true, "embedded":true, "fstring":true, "bytesize":7, "value":"UNTAINT", "encoding":"US-ASCII", "memsize":40, "flags":{"wb_protected":true, "old":true, "uncollectible":true, "marked":true}}
{"address":"0x7fb1f802eca0", "type":"IMEMO", "imemo_type":"iseq", "references":["0x7fb1f802de90", "0x7fb1f80f28f8", "0x7fb1f80f28f8", "0x7fb1f8045928", "0x7fb1f802de90"], "memsize":1396, "flags":{"wb_protected":true, "old":true, "uncollectible":true, "marked":true}}
{"address":"0x7fb1f802ecc8", "type":"STRING", "class":"0x7fb1f80b7578", "frozen":true, "embedded":true, "fstring":true, "bytesize":10, "value":"includedir", "memsize":40, "flags":{"wb_protected":true, "old":true, "uncollectible":true, "marked":true}}
{"address":"0x7fb1f802ecf0", "type":"STRING", "class":"0x7fb1f80b7578", "frozen":true, "embedded":true, "fstring":true, "bytesize":10, "value":"rdoc/rd.rb", "encoding":"UTF-8", "memsize":40, "flags":{"wb_protected":true, "old":true, "uncollectible":true, "marked":true}}
{"address":"0x7fb1f802ed18", "type":"STRING", "class":"0x7fb1f80b7578", "frozen":true, "embedded":true, "fstring":true, "bytesize":13, "value":"oldincludedir", "memsize":40, "flags":{"wb_protected":true, "old":true, "uncollectible":true, "marked":true}}
{"address":"0x7fb1f802ed40", "type":"STRING", "class":"0x7fb1f80b7578", "frozen":true, "fstring":true, "bytesize":29, "value":"$(datarootdir)/doc/$(PACKAGE)", "memsize":70, "flags":{"wb_protected":true, "old":true, "uncollectible":true, "marked":true}}
{"address":"0x7fb1f802ed68", "type":"STRING", "class":"0x7fb1f80b7578", "frozen":true, "embedded":true, "fstring":true, "bytesize":6, "value":"docdir", "memsize":40, "flags":{"wb_protected":true, "old":true, "uncollectible":true, "marked":true}}
{"address":"0x7fb1f802ed90", "type":"STRING", "class":"0x7fb1f80b7578", "frozen":true, "embedded":true, "fstring":true, "bytesize":19, "value":"rdoc/parser/text.rb", "encoding":"UTF-8", "memsize":40, "flags":{"wb_protected":true, "old":true, "uncollectible":true, "marked":true}}
{"address":"0x7fb1f802edb8", "type":"STRING", "class":"0x7fb1f80b7578", "frozen":true, "embedded":true, "fstring":true, "bytesize":12, "value":"RUBYGEMS_DIR", "encoding":"US-ASCII", "memsize":40, "flags":{"wb_protected":true, "old":true, "uncollectible":true, "marked":true}}
{"address":"0x7fb1f802ede0", "type":"STRING", "class":"0x7fb1f80b7578", "frozen":true, "embedded":true, "fstring":true, "bytesize":21, "value":"rdoc/parser/simple.rb", "encoding":"UTF-8", "memsize":40, "flags":{"wb_protected":true, "old":true, "uncollectible":true, "marked":true}}
{"address":"0x7fb1f802ee08", "type":"STRING", "class":"0x7fb1f80b7578", "frozen":true, "embedded":true, "fstring":true, "bytesize":7, "value":"infodir", "memsize":40, "flags":{"wb_protected":true, "old":true, "uncollectible":true, "marked":true}}
{"address":"0x7fb1f802ee30", "type":"STRING", "class":"0x7fb1f80b7578", "frozen":true, "embedded":true, "fstring":true, "bytesize":7, "value":"htmldir", "memsize":40, "flags":{"wb_protected":true, "old":true, "uncollectible":true, "marked":true}}
{"address":"0x7fb1f802ee58", "type":"STRING", "class":"0x7fb1f80b7578", "frozen":true, "embedded":true, "fstring":true, "bytesize":6, "value":"dvidir", "memsize":40, "flags":{"wb_protected":true, "old":true, "uncollectible":true, "marked":true}}
{"address":"0x7fb1f802ee80", "type":"STRING", "class":"0x7fb1f80b7578", "frozen":true, "embedded":true, "fstring":true, "bytesize":6, "value":"pdfdir", "memsize":40, "flags":{"wb_protected":true, "old":true, "uncollectible":true, "marked":true}}
{"address":"0x7fb1f802eea8", "type":"STRING", "class":"0x7fb1f80b7578", "frozen":true, "fstring":true, "bytesize":25, "value":"rdoc/parser/ruby_tools.rb", "encoding":"UTF-8", "memsize":66, "flags":{"wb_protected":true, "old":true, "uncollectible":true, "marked":true}}
{"address":"0x7fb1f802eed0", "type":"STRING", "class":"0x7fb1f80b7578", "frozen":true, "embedded":true, "fstring":true, "bytesize":5, "value":"psdir", "memsize":40, "flags":{"wb_protected":true, "old":true, "uncollectible":true, "marked":true}}
{"address":"0x7fb1f802eef8", "type":"IMEMO", "imemo_type":"iseq", "references":["0x7fb1fb02f5d0", "0x7fb1fb02f5d0", "0x7fb1f811a538"], "memsize":668, "flags":{"wb_protected":true, "old":true, "uncollectible":true, "marked":true}}
{"address":"0x7fb1f802ef20", "type":"STRING", "class":"0x7fb1f80b7578", "frozen":true, "embedded":true, "fstring":true, "bytesize":6, "value":"ri_dir", "encoding":"US-ASCII", "memsize":40, "flags":{"wb_protected":true, "old":true, "uncollectible":true, "marked":true}}
{"address":"0x7fb1f802ef48", "type":"STRING", "class":"0x7fb1f80b7578", "frozen":true, "embedded":true, "fstring":true, "bytesize":9, "value":"localedir", "memsize":40, "flags":{"wb_protected":true, "old":true, "uncollectible":true, "marked":true}}
{"address":"0x7fb1f802ef70", "type":"IMEMO", "imemo_type":"iseq", "references":["0x7fb1f8119c78", "0x7fb1f8119c78", "0x7fb1f811a538"], "memsize":660, "flags":{"wb_protected":true, "old":true, "uncollectible":true, "marked":true}}
{"address":"0x7fb1f802ef98", "type":"STRING", "class":"0x7fb1f80b7578", "frozen":true, "embedded":true, "fstring":true, "bytesize":6, "value":"mandir", "memsize":40, "flags":{"wb_protected":true, "old":true, "uncollectible":true, "marked":true}}
{"address":"0x7fb1f802efc0", "type":"STRING", "class":"0x7fb1f80b7578", "frozen":true, "embedded":true, "fstring":true, "bytesize":4, "value":"DEFS", "memsize":40, "flags":{"wb_protected":true, "old":true, "uncollectible":true, "marked":true}}
{"address":"0x7fb1f802efe8", "type":"IMEMO", "imemo_type":"iseq", "references":["0x7fb1f800dfc8", "0x7fb1f800dfc8", "0x7fb1f811a538"], "memsize":604, "flags":{"wb_protected":true, "old":true, "uncollectible":true, "marked":true}}
{"address":"0x7fb1f802f010", "type":"STRING", "class":"0x7fb1f80b7578", "frozen":true, "embedded":true, "fstring":true, "bytesize":6, "value":"ECHO_C", "memsize":40, "flags":{"wb_protected":true, "old":true, "uncollectible":true, "marked":true}}
{"address":"0x7fb1f802f038", "type":"STRING", "class":"0x7fb1f80b7578", "frozen":true, "embedded":true, "fstring":true, "bytesize":6, "value":"ECHO_N", "memsize":40, "flags":{"wb_protected":true, "old":true, "uncollectible":true, "marked":true}}
{"address":"0x7fb1f802f060", "type":"STRING", "class":"0x7fb1f80b7578", "frozen":true, "embedded":true, "fstring":true, "bytesize":6, "value":"ECHO_T", "memsize":40, "flags":{"wb_protected":true, "old":true, "uncollectible":true, "marked":true}}
{"address":"0x7fb1f802f088", "type":"STRING", "class":"0x7fb1f80b7578", "frozen":true, "embedded":true, "fstring":true, "bytesize":4, "value":"LIBS", "memsize":40, "flags":{"wb_protected":true, "old":true, "uncollectible":true, "marked":true}}
{"address":"0x7fb1f802f0b0", "type":"STRING", "class":"0x7fb1f80b7578", "frozen":true, "embedded":true, "fstring":true, "bytesize":11, "value":"build_alias", "memsize":40, "flags":{"wb_protected":true, "old":true, "uncollectible":true, "marked":true}}
{"address":"0x7fb1f802f0d8", "type":"STRING", "class":"0x7fb1f80b7578", "frozen":true, "embedded":true, "fstring":true, "bytesize":10, "value":"host_alias", "memsize":40, "flags":{"wb_protected":true, "old":true, "uncollectible":true, "marked":true}}
{"address":"0x7fb1f802f100", "type":"STRING", "class":"0x7fb1f80b7578", "frozen":true, "embedded":true, "fstring":true, "bytesize":12, "value":"target_alias", "memsize":40, "flags":{"wb_protected":true, "old":true, "uncollectible":true, "marked":true}}
{"address":"0x7fb1f802f128", "type":"STRING", "class":"0x7fb1f80b7578", "frozen":true, "fstring":true, "bytesize":38, "value":"$(optflags) $(debugflags) $(warnflags)", "memsize":79, "flags":{"wb_protected":true, "old":true, "uncollectible":true, "marked":true}}
{"address":"0x7fb1f802f150", "type":"STRING", "class":"0x7fb1f80b7578", "frozen":true, "embedded":true, "fstring":true, "bytesize":6, "value":"cflags", "memsize":40, "flags":{"wb_protected":true, "old":true, "uncollectible":true, "marked":true}}
{"address":"0x7fb1f802f178", "type":"STRING", "class":"0x7fb1f80b7578", "frozen":true, "embedded":true, "fstring":true, "bytesize":8, "value":"cppflags", "memsize":40, "flags":{"wb_protected":true, "old":true, "uncollectible":true, "marked":true}}
{"address":"0x7fb1f802f1a0", "type":"STRING", "class":"0x7fb1f80b7578", "frozen":true, "embedded":true, "fstring":true, "bytesize":8, "value":"cxxflags", "memsize":40, "flags":{"wb_protected":true, "old":true, "uncollectible":true, "marked":true}}
{"address":"0x7fb1f802f1c8", "type":"STRING", "class":"0x7fb1f80b7578", "frozen":true, "embedded":true, "fstring":true, "bytesize":19, "value":"rdoc/parser/ruby.rb", "encoding":"UTF-8", "memsize":40, "flags":{"wb_protected":true, "old":true, "uncollectible":true, "marked":true}}
{"address":"0x7fb1f802f1f0", "type":"STRING", "class":"0x7fb1f80b7578", "frozen":true, "embedded":true, "fstring":true, "bytesize":3, "value":"GIT", "memsize":40, "flags":{"wb_protected":true, "old":true, "uncollectible":true, "marked":true}}
{"address":"0x7fb1f802f218", "type":"STRING", "class":"0x7fb1f80b7578", "frozen":true, "embedded":true, "fstring":true, "bytesize":8, "value":"HAVE_GIT", "memsize":40, "flags":{"wb_protected":true, "old":true, "uncollectible":true, "marked":true}}
{"address":"0x7fb1f802f240", "type":"STRING", "class":"0x7fb1f80b7578", "frozen":true, "fstring":true, "bytesize":31, "value":"rdoc/parser/ripper_state_lex.rb", "encoding":"UTF-8", "memsize":72, "flags":{"wb_protected":true, "old":true, "uncollectible":true, "marked":true}}
{"address":"0x7fb1f802f268", "type":"STRING", "class":"0x7fb1f80b7578", "frozen":true, "embedded":true, "fstring":true, "bytesize":16, "value":"RUBY_API_VERSION", "memsize":40, "flags":{"wb_protected":true, "old":true, "uncollectible":true, "marked":true}}
{"address":"0x7fb1f802f290", "type":"STRING", "class":"0x7fb1f80b7578", "frozen":true, "fstring":true, "bytesize":26, "value":"$(MAJOR).$(MINOR).$(TEENY)", "memsize":67, "flags":{"wb_protected":true, "old":true, "uncollectible":true, "marked":true}}
{"address":"0x7fb1f802f2b8", "type":"STRING", "class":"0x7fb1f80b7578", "frozen":true, "embedded":true, "fstring":true, "bytesize":20, "value":"RUBY_PROGRAM_VERSION", "memsize":40, "flags":{"wb_protected":true, "old":true, "uncollectible":true, "marked":true}}
{"address":"0x7fb1f802f2e0", "type":"STRING", "class":"0x7fb1f80b7578", "frozen":true, "embedded":true, "fstring":true, "bytesize":5, "value":"build", "memsize":40, "flags":{"wb_protected":true, "old":true, "uncollectible":true, "marked":true}}
{"address":"0x7fb1f802f308", "type":"STRING", "class":"0x7fb1f80b7578", "frozen":true, "embedded":true, "fstring":true, "bytesize":9, "value":"build_cpu", "memsize":40, "flags":{"wb_protected":true, "old":true, "uncollectible":true, "marked":true}}
{"address":"0x7fb1f802f330", "type":"STRING", "class":"0x7fb1f80b7578", "frozen":true, "embedded":true, "fstring":true, "bytesize":12, "value":"build_vendor", "memsize":40, "flags":{"wb_protected":true, "old":true, "uncollectible":true, "marked":true}}
{"address":"0x7fb1f802f358", "type":"STRING", "class":"0x7fb1f80b7578", "frozen":true, "embedded":true, "fstring":true, "bytesize":8, "value":"build_os", "memsize":40, "flags":{"wb_protected":true, "old":true, "uncollectible":true, "marked":true}}
{"address":"0x7fb1f802f380", "type":"STRING", "class":"0x7fb1f80b7578", "frozen":true, "embedded":true, "fstring":true, "bytesize":14, "value":"RUBY_BASE_NAME", "memsize":40, "flags":{"wb_protected":true, "old":true, "uncollectible":true, "marked":true}}
{"address":"0x7fb1f802f3a8", "type":"IMEMO", "imemo_type":"iseq", "references":["0x7fb1f802f4e8", "0x7fb1fb02f5d0", "0x7fb1f811a538", "0x7fb1f802f5d8"], "memsize":476, "flags":{"wb_protected":true, "old":true, "uncollectible":true, "marked":true}}
{"address":"0x7fb1f802f3d0", "type":"STRING", "class":"0x7fb1f80b7578", "frozen":true, "embedded":true, "fstring":true, "bytesize":15, "value":"RUBYW_BASE_NAME", "memsize":40, "flags":{"wb_protected":true, "old":true, "uncollectible":true, "marked":true}}
{"address":"0x7fb1f802f3f8", "type":"STRING", "class":"0x7fb1f80b7578", "frozen":true, "fstring":true, "bytesize":33, "value":"$(RUBY_BASE_NAME)-$(ruby_version)", "memsize":74, "flags":{"wb_protected":true, "old":true, "uncollectible":true, "marked":true}}
{"address":"0x7fb1f802f420", "type":"STRING", "class":"0x7fb1f80b7578", "frozen":true, "embedded":true, "fstring":true, "bytesize":17, "value":"RUBY_VERSION_NAME", "memsize":40, "flags":{"wb_protected":true, "old":true, "uncollectible":true, "marked":true}}
{"address":"0x7fb1f802f448", "type":"STRING", "class":"0x7fb1f80b7578", "frozen":true, "fstring":true, "bytesize":25, "value":"x86_64-apple-darwin17.7.0", "memsize":66, "flags":{"wb_protected":true, "old":true, "uncollectible":true, "marked":true}}
{"address":"0x7fb1f802f470", "type":"STRING", "class":"0x7fb1f80b7578", "frozen":true, "embedded":true, "fstring":true, "bytesize":4, "value":"host", "memsize":40, "flags":{"wb_protected":true, "old":true, "uncollectible":true, "marked":true}}
{"address":"0x7fb1f802f498", "type":"STRING", "class":"0x7fb1f80b7578", "frozen":true, "embedded":true, "fstring":true, "bytesize":8, "value":"host_cpu", "memsize":40, "flags":{"wb_protected":true, "old":true, "uncollectible":true, "marked":true}}
{"address":"0x7fb1f802f4c0", "type":"STRING", "class":"0x7fb1f80b7578", "frozen":true, "embedded":true, "fstring":true, "bytesize":11, "value":"host_vendor", "memsize":40, "flags":{"wb_protected":true, "old":true, "uncollectible":true, "marked":true}}
{"address":"0x7fb1f802f4e8", "type":"STRING", "class":"0x7fb1f80b7578", "frozen":true, "embedded":true, "fstring":true, "bytesize":16, "value":"ensure in use_ui", "memsize":40, "flags":{"wb_protected":true, "old":true, "uncollectible":true, "marked":true}}
{"address":"0x7fb1f802f510", "type":"STRING", "class":"0x7fb1f80b7578", "frozen":true, "embedded":true, "fstring":true, "bytesize":7, "value":"host_os", "memsize":40, "flags":{"wb_protected":true, "old":true, "uncollectible":true, "marked":true}}
{"address":"0x7fb1f802f538", "type":"STRING", "class":"0x7fb1f80b7578", "frozen":true, "embedded":true, "fstring":true, "bytesize":17, "value":"rdoc/parser/rd.rb", "encoding":"UTF-8", "memsize":40, "flags":{"wb_protected":true, "old":true, "uncollectible":true, "marked":true}}
{"address":"0x7fb1f802f560", "type":"STRING", "class":"0x7fb1f80b7578", "frozen":true, "embedded":true, "fstring":true, "bytesize":6, "value":"target", "memsize":40, "flags":{"wb_protected":true, "old":true, "uncollectible":true, "marked":true}}
{"address":"0x7fb1f802f588", "type":"STRING", "class":"0x7fb1f80b7578", "frozen":true, "embedded":true, "fstring":true, "bytesize":23, "value":"rdoc/parser/markdown.rb", "encoding":"UTF-8", "memsize":40, "flags":{"wb_protected":true, "old":true, "uncollectible":true, "marked":true}}
{"address":"0x7fb1f802f5b0", "type":"STRING", "class":"0x7fb1f80b7578", "frozen":true, "embedded":true, "fstring":true, "bytesize":10, "value":"target_cpu", "memsize":40, "flags":{"wb_protected":true, "old":true, "uncollectible":true, "marked":true}}
{"address":"0x7fb1f802f5d8", "type":"IMEMO", "imemo_type":"iseq", "references":["0x7fb1fb02f5d0", "0x7fb1fb02f5d0", "0x7fb1f811a538", "0x7fb1f802f3a8"], "memsize":732, "flags":{"wb_protected":true, "old":true, "uncollectible":true, "marked":true}}
{"address":"0x7fb1f802f600", "type":"STRING", "class":"0x7fb1f80b7578", "frozen":true, "embedded":true, "fstring":true, "bytesize":13, "value":"target_vendor", "memsize":40, "flags":{"wb_protected":true, "old":true, "uncollectible":true, "marked":true}}
{"address":"0x7fb1f802f628", "type":"STRING", "class":"0x7fb1f80b7578", "frozen":true, "fstring":true, "bytesize":24, "value":"rdoc/parser/changelog.rb", "encoding":"UTF-8", "memsize":65, "flags":{"wb_protected":true, "old":true, "uncollectible":true, "marked":true}}
{"address":"0x7fb1f802f650", "type":"STRING", "class":"0x7fb1f80b7578", "frozen":true, "embedded":true, "fstring":true, "bytesize":9, "value":"target_os", "memsize":40, "flags":{"wb_protected":true, "old":true, "uncollectible":true, "marked":true}}
{"address":"0x7fb1f802f678", "type":"STRING", "class":"0x7fb1f80b7578", "frozen":true, "embedded":true, "fstring":true, "bytesize":15, "value":"include_private", "encoding":"US-ASCII", "memsize":40, "flags":{"wb_protected":true, "old":true, "uncollectible":true, "marked":true}}
{"address":"0x7fb1f802f6a0", "type":"STRING", "class":"0x7fb1f80b7578", "frozen":true, "embedded":true, "fstring":true, "bytesize":2, "value":"CC", "memsize":40, "flags":{"wb_protected":true, "old":true, "uncollectible":true, "marked":true}}
{"address":"0x7fb1f802f6c8", "type":"IMEMO", "imemo_type":"iseq", "references":["0x7fb1f8119c78", "0x7fb1f8119c78", "0x7fb1f811a538"], "memsize":460, "flags":{"wb_protected":true, "old":true, "uncollectible":true, "marked":true}}
{"address":"0x7fb1f802f6f0", "type":"STRING", "class":"0x7fb1f80b7578", "frozen":true, "embedded":true, "fstring":true, "bytesize":6, "value":"CFLAGS", "memsize":40, "flags":{"wb_protected":true, "old":true, "uncollectible":true, "marked":true}}
{"address":"0x7fb1f802f718", "type":"STRING", "class":"0x7fb1f80b7578", "frozen":true, "fstring":true, "bytesize":163, "value":"-L. -fstack-protector-strong -L/usr/local/lib -L/usr/local/opt/openssl@1.1/lib -L/usr/local/opt/readline/lib -L/usr/local/opt/libyaml/lib -L/usr/local/opt/gdbm/lib", "memsize":204, "flags":{"wb_protected":true, "old":true, "uncollectible":true, "marked":true}}
{"address":"0x7fb1f802f740", "type":"STRING", "class":"0x7fb1f80b7578", "frozen":true, "embedded":true, "fstring":true, "bytesize":7, "value":"LDFLAGS", "memsize":40, "flags":{"wb_protected":true, "old":true, "uncollectible":true, "marked":true}}
{"address":"0x7fb1f802f768", "type":"STRING", "class":"0x7fb1f80b7578", "frozen":true, "fstring":true, "bytesize":247, "value":"-I/opt/X11/include -I/usr/local/opt/openssl@1.1/include -I/usr/local/opt/readline/include -I/usr/local/opt/libyaml/include -I/usr/local/opt/gdbm/include -D_XOPEN_SOURCE -D_DARWIN_C_SOURCE -D_DARWIN_UNLIMITED_SELECT -D_REENTRANT $(DEFS) $(cppflags)", "memsize":288, "flags":{"wb_protected":true, "old":true, "uncollectible":true, "marked":true}}
{"address":"0x7fb1f802f790", "type":"STRING", "class":"0x7fb1f80b7578", "frozen":true, "embedded":true, "fstring":true, "bytesize":8, "value":"CPPFLAGS", "memsize":40, "flags":{"wb_protected":true, "old":true, "uncollectible":true, "marked":true}}
{"address":"0x7fb1f802f7b8", "type":"STRING", "class":"0x7fb1f80b7578", "frozen":true, "embedded":true, "fstring":true, "bytesize":1, "value":"m", "encoding":"US-ASCII", "memsize":40, "flags":{"wb_protected":true, "old":true, "uncollectible":true, "marked":true}}
{"address":"0x7fb1f802f7e0", "type":"STRING", "class":"0x7fb1f80b7578", "frozen":true, "embedded":true, "fstring":true, "bytesize":6, "value":"OBJEXT", "memsize":40, "flags":{"wb_protected":true, "old":true, "uncollectible":true, "marked":true}}
{"address":"0x7fb1f802f808", "type":"IMEMO", "imemo_type":"iseq", "references":["0x7fb1f800dfc8", "0x7fb1f800dfc8", "0x7fb1f811a538"], "memsize":772, "flags":{"wb_protected":true, "old":true, "uncollectible":true, "marked":true}}
{"address":"0x7fb1f802f830", "type":"STRING", "class":"0x7fb1f80b7578", "frozen":true, "embedded":true, "fstring":true, "bytesize":3, "value":"CXX", "memsize":40, "flags":{"wb_protected":true, "old":true, "uncollectible":true, "marked":true}}
{"address":"0x7fb1f802f858", "type":"IMEMO", "imemo_type":"iseq", "references":["0x7fb1f80c6690", "0x7fb1f80c6690", "0x7fb1f8045928"], "memsize":916, "flags":{"wb_protected":true, "old":true, "uncollectible":true, "marked":true}}
{"address":"0x7fb1f802f880", "type":"STRING", "class":"0x7fb1f80b7578", "frozen":true, "embedded":true, "fstring":true, "bytesize":8, "value":"CXXFLAGS", "memsize":40, "flags":{"wb_protected":true, "old":true, "uncollectible":true, "marked":true}}
{"address":"0x7fb1f802f8d0", "type":"STRING", "class":"0x7fb1f80b7578", "frozen":true, "embedded":true, "fstring":true, "bytesize":3, "value":"CPP", "memsize":40, "flags":{"wb_protected":true, "old":true, "uncollectible":true, "marked":true}}
{"address":"0x7fb1f802f8f8", "type":"STRING", "class":"0x7fb1f80b7578", "frozen":true, "embedded":true, "fstring":true, "bytesize":16, "value":"rdoc/parser/c.rb", "encoding":"UTF-8", "memsize":40, "flags":{"wb_protected":true, "old":true, "uncollectible":true, "marked":true}}
{"address":"0x7fb1f802f920", "type":"STRING", "class":"0x7fb1f80b7578", "frozen":true, "embedded":true, "fstring":true, "bytesize":4, "value":"GREP", "memsize":40, "flags":{"wb_protected":true, "old":true, "uncollectible":true, "marked":true}}
{"address":"0x7fb1f802f948", "type":"STRING", "class":"0x7fb1f80b7578", "frozen":true, "embedded":true, "fstring":true, "bytesize":14, "value":"rdoc/parser.rb", "encoding":"UTF-8", "memsize":40, "flags":{"wb_protected":true, "old":true, "uncollectible":true, "marked":true}}
{"address":"0x7fb1f802f970", "type":"STRING", "class":"0x7fb1f80b7578", "frozen":true, "embedded":true, "fstring":true, "bytesize":5, "value":"EGREP", "memsize":40, "flags":{"wb_protected":true, "old":true, "uncollectible":true, "marked":true}}
{"address":"0x7fb1f802f998", "type":"STRING", "class":"0x7fb1f80b7578", "frozen":true, "embedded":true, "fstring":true, "bytesize":3, "value":"GCC", "memsize":40, "flags":{"wb_protected":true, "old":true, "uncollectible":true, "marked":true}}
{"address":"0x7fb1f802f9e8", "type":"STRING", "class":"0x7fb1f80b7578", "frozen":true, "embedded":true, "fstring":true, "bytesize":2, "value":"LD", "memsize":40, "flags":{"wb_protected":true, "old":true, "uncollectible":true, "marked":true}}
{"address":"0x7fb1f802fa10", "type":"STRING", "class":"0x7fb1f80b7578", "frozen":true, "embedded":true, "fstring":true, "bytesize":6, "value":"GNU_LD", "memsize":40, "flags":{"wb_protected":true, "old":true, "uncollectible":true, "marked":true}}
{"address":"0x7fb1f802fa60", "type":"STRING", "class":"0x7fb1f80b7578", "frozen":true, "embedded":true, "fstring":true, "bytesize":10, "value":"CPPOUTFILE", "memsize":40, "flags":{"wb_protected":true, "old":true, "uncollectible":true, "marked":true}}
{"address":"0x7fb1f802fa88", "type":"STRING", "class":"0x7fb1f80b7578", "frozen":true, "embedded":true, "fstring":true, "bytesize":7, "value":"OUTFLAG", "memsize":40, "flags":{"wb_protected":true, "old":true, "uncollectible":true, "marked":true}}
{"address":"0x7fb1f802fab0", "type":"STRING", "class":"0x7fb1f80b7578", "frozen":true, "embedded":true, "fstring":true, "bytesize":15, "value":"rdoc/options.rb", "encoding":"UTF-8", "memsize":40, "flags":{"wb_protected":true, "old":true, "uncollectible":true, "marked":true}}
{"address":"0x7fb1f802fad8", "type":"STRING", "class":"0x7fb1f80b7578", "frozen":true, "embedded":true, "fstring":true, "bytesize":8, "value":"COUTFLAG", "memsize":40, "flags":{"wb_protected":true, "old":true, "uncollectible":true, "marked":true}}
{"address":"0x7fb1f802fb00", "type":"STRING", "class":"0x7fb1f80b7578", "frozen":true, "embedded":true, "fstring":true, "bytesize":8, "value":"CSRCFLAG", "memsize":40, "flags":{"wb_protected":true, "old":true, "uncollectible":true, "marked":true}}
{"address":"0x7fb1f802fb28", "type":"STRING", "class":"0x7fb1f80b7578", "frozen":true, "embedded":true, "fstring":true, "bytesize":13, "value":"requirements=", "encoding":"US-ASCII", "memsize":40, "flags":{"wb_protected":true, "old":true, "uncollectible":true, "marked":true}}
{"address":"0x7fb1f802fb50", "type":"STRING", "class":"0x7fb1f80b7578", "frozen":true, "embedded":true, "fstring":true, "bytesize":7, "value":"MJIT_CC", "memsize":40, "flags":{"wb_protected":true, "old":true, "uncollectible":true, "marked":true}}
{"address":"0x7fb1f802fb78", "type":"STRING", "class":"0x7fb1f80b7578", "frozen":true, "embedded":true, "fstring":true, "bytesize":21, "value":"rdoc/normal_module.rb", "encoding":"UTF-8", "memsize":40, "flags":{"wb_protected":true, "old":true, "uncollectible":true, "marked":true}}
{"address":"0x7fb1f802fba0", "type":"STRING", "class":"0x7fb1f80b7578", "frozen":true, "embedded":true, "fstring":true, "bytesize":10, "value":"CC_VERSION", "memsize":40, "flags":{"wb_protected":true, "old":true, "uncollectible":true, "marked":true}}
{"address":"0x7fb1f802fbc8", "type":"STRING", "class":"0x7fb1f80b7578", "frozen":true, "fstring":true, "bytesize":201, "value":"Apple LLVM version 10.0.0 (clang-1000.11.45.5)\nTarget: x86_64-apple-darwin17.7.0\nThread model: posix\nInstalledDir: /Applications/Xcode.app/Contents/Developer/Toolchains/XcodeDefault.xctoolchain/usr/bin", "memsize":242, "flags":{"wb_protected":true, "old":true, "uncollectible":true, "marked":true}}
{"address":"0x7fb1f802fbf0", "type":"STRING", "class":"0x7fb1f80b7578", "frozen":true, "embedded":true, "fstring":true, "bytesize":18, "value":"CC_VERSION_MESSAGE", "memsize":40, "flags":{"wb_protected":true, "old":true, "uncollectible":true, "marked":true}}
{"address":"0x7fb1f802fc18", "type":"STRING", "class":"0x7fb1f80b7578", "frozen":true, "embedded":true, "fstring":true, "bytesize":10, "value":"try_header", "memsize":40, "flags":{"wb_protected":true, "old":true, "uncollectible":true, "marked":true}}
{"address":"0x7fb1f802fc40", "type":"STRING", "class":"0x7fb1f80b7578", "frozen":true, "embedded":true, "fstring":true, "bytesize":6, "value":"RANLIB", "memsize":40, "flags":{"wb_protected":true, "old":true, "uncollectible":true, "marked":true}}
{"address":"0x7fb1f802fc68", "type":"STRING", "class":"0x7fb1f80b7578", "frozen":true, "embedded":true, "fstring":true, "bytesize":20, "value":"rdoc/normal_class.rb", "encoding":"UTF-8", "memsize":40, "flags":{"wb_protected":true, "old":true, "uncollectible":true, "marked":true}}
{"address":"0x7fb1f802fc90", "type":"STRING", "class":"0x7fb1f80b7578", "frozen":true, "embedded":true, "fstring":true, "bytesize":2, "value":"AR", "memsize":40, "flags":{"wb_protected":true, "old":true, "uncollectible":true, "marked":true}}
{"address":"0x7fb1f802fcb8", "type":"STRING", "class":"0x7fb1f80b7578", "frozen":true, "fstring":true, "bytesize":30, "value":"-no_warning_for_no_symbols -o ", "memsize":71, "flags":{"wb_protected":true, "old":true, "uncollectible":true, "marked":true}}
{"address":"0x7fb1f802fce0", "type":"STRING", "class":"0x7fb1f80b7578", "frozen":true, "embedded":true, "fstring":true, "bytesize":7, "value":"ARFLAGS", "memsize":40, "flags":{"wb_protected":true, "old":true, "uncollectible":true, "marked":true}}
{"address":"0x7fb1f802fd08", "type":"STRING", "class":"0x7fb1f80b7578", "frozen":true, "embedded":true, "fstring":true, "bytesize":13, "value":"rdoc/mixin.rb", "encoding":"UTF-8", "memsize":40, "flags":{"wb_protected":true, "old":true, "uncollectible":true, "marked":true}}
{"address":"0x7fb1f802fd30", "type":"STRING", "class":"0x7fb1f80b7578", "frozen":true, "embedded":true, "fstring":true, "bytesize":19, "value":"rdoc/method_attr.rb", "encoding":"UTF-8", "memsize":40, "flags":{"wb_protected":true, "old":true, "uncollectible":true, "marked":true}}
{"address":"0x7fb1f802fd58", "type":"STRING", "class":"0x7fb1f80b7578", "frozen":true, "embedded":true, "fstring":true, "bytesize":2, "value":"AS", "memsize":40, "flags":{"wb_protected":true, "old":true, "uncollectible":true, "marked":true}}
{"address":"0x7fb1f802fd80", "type":"STRING", "class":"0x7fb1f80b7578", "frozen":true, "embedded":true, "fstring":true, "bytesize":7, "value":"ASFLAGS", "memsize":40, "flags":{"wb_protected":true, "old":true, "uncollectible":true, "marked":true}}
{"address":"0x7fb1f802fda8", "type":"STRING", "class":"0x7fb1f80b7578", "frozen":true, "embedded":true, "fstring":true, "bytesize":19, "value":"rdoc/meta_method.rb", "encoding":"UTF-8", "memsize":40, "flags":{"wb_protected":true, "old":true, "uncollectible":true, "marked":true}}
{"address":"0x7fb1f802fdd0", "type":"STRING", "class":"0x7fb1f80b7578", "frozen":true, "embedded":true, "fstring":true, "bytesize":23, "value":"rdoc/markup/verbatim.rb", "encoding":"UTF-8", "memsize":40, "flags":{"wb_protected":true, "old":true, "uncollectible":true, "marked":true}}
{"address":"0x7fb1f802fdf8", "type":"STRING", "class":"0x7fb1f80b7578", "frozen":true, "embedded":true, "fstring":true, "bytesize":7, "value":"OBJDUMP", "memsize":40, "flags":{"wb_protected":true, "old":true, "uncollectible":true, "marked":true}}
{"address":"0x7fb1f802fe20", "type":"STRING", "class":"0x7fb1f80b7578", "frozen":true, "fstring":true, "bytesize":25, "value":"rdoc/markup/to_tt_only.rb", "encoding":"UTF-8", "memsize":66, "flags":{"wb_protected":true, "old":true, "uncollectible":true, "marked":true}}
{"address":"0x7fb1f802fe48", "type":"STRING", "class":"0x7fb1f80b7578", "frozen":true, "embedded":true, "fstring":true, "bytesize":7, "value":"OBJCOPY", "memsize":40, "flags":{"wb_protected":true, "old":true, "uncollectible":true, "marked":true}}
{"address":"0x7fb1f802fe70", "type":"STRING", "class":"0x7fb1f80b7578", "frozen":true, "embedded":true, "fstring":true, "bytesize":7, "value":"WINDRES", "memsize":40, "flags":{"wb_protected":true, "old":true, "uncollectible":true, "marked":true}}
{"address":"0x7fb1f802fe98", "type":"STRING", "class":"0x7fb1f80b7578", "frozen":true, "embedded":true, "fstring":true, "bytesize":7, "value":"DLLWRAP", "memsize":40, "flags":{"wb_protected":true, "old":true, "uncollectible":true, "marked":true}}
{"address":"0x7fb1f802fec0", "type":"STRING", "class":"0x7fb1f80b7578", "frozen":true, "embedded":true, "fstring":true, "bytesize":22, "value":"rdoc/markup/to_test.rb", "encoding":"UTF-8", "memsize":40, "flags":{"wb_protected":true, "old":true, "uncollectible":true, "marked":true}}
{"address":"0x7fb1f802fee8", "type":"STRING", "class":"0x7fb1f80b7578", "frozen":true, "fstring":true, "bytesize":35, "value":"rdoc/markup/to_table_of_contents.rb", "encoding":"UTF-8", "memsize":76, "flags":{"wb_protected":true, "old":true, "uncollectible":true, "marked":true}}
{"address":"0x7fb1f802ff10", "type":"STRING", "class":"0x7fb1f80b7578", "frozen":true, "embedded":true, "fstring":true, "bytesize":2, "value":"NM", "memsize":40, "flags":{"wb_protected":true, "old":true, "uncollectible":true, "marked":true}}
{"address":"0x7fb1f802ff38", "type":"STRING", "class":"0x7fb1f80b7578", "frozen":true, "embedded":true, "fstring":true, "bytesize":22, "value":"rdoc/markup/to_rdoc.rb", "encoding":"UTF-8", "memsize":40, "flags":{"wb_protected":true, "old":true, "uncollectible":true, "marked":true}}
{"address":"0x7fb1f802ff60", "type":"STRING", "class":"0x7fb1f80b7578", "frozen":true, "embedded":true, "fstring":true, "bytesize":4, "value":"LN_S", "memsize":40, "flags":{"wb_protected":true, "old":true, "uncollectible":true, "marked":true}}
{"address":"0x7fb1f802ff88", "type":"STRING", "class":"0x7fb1f80b7578", "frozen":true, "embedded":true, "fstring":true, "bytesize":8, "value":"SET_MAKE", "memsize":40, "flags":{"wb_protected":true, "old":true, "uncollectible":true, "marked":true}}
{"address":"0x7fb1f802ffb0", "type":"STRING", "class":"0x7fb1f80b7578", "frozen":true, "fstring":true, "bytesize":26, "value":"rdoc/markup/to_markdown.rb", "encoding":"UTF-8", "memsize":67, "flags":{"wb_protected":true, "old":true, "uncollectible":true, "marked":true}}
{"address":"0x7fb1f8034010", "type":"ARRAY", "frozen":true, "length":7, "memsize":96, "flags":{"wb_protected":true, "old":true, "uncollectible":true, "marked":true}}
{"address":"0x7fb1f8034038", "type":"STRING", "class":"0x7fb1f80b7578", "frozen":true, "embedded":true, "fstring":true, "bytesize":7, "value":"VERSION", "encoding":"US-ASCII", "memsize":40, "flags":{"wb_protected":true, "old":true, "uncollectible":true, "marked":true}}
{"address":"0x7fb1f8034060", "type":"STRING", "class":"0x7fb1f80b7578", "frozen":true, "embedded":true, "fstring":true, "bytesize":14, "value":"INSTALL_SCRIPT", "memsize":40, "flags":{"wb_protected":true, "old":true, "uncollectible":true, "marked":true}}
{"address":"0x7fb1f80340b0", "type":"STRING", "class":"0x7fb1f80b7578", "frozen":true, "embedded":true, "fstring":true, "bytesize":12, "value":"INSTALL_DATA", "memsize":40, "flags":{"wb_protected":true, "old":true, "uncollectible":true, "marked":true}}
{"address":"0x7fb1f80340d8", "type":"STRING", "class":"0x7fb1f80b7578", "frozen":true, "embedded":true, "fstring":true, "bytesize":7, "value":"MKDIR_P", "memsize":40, "flags":{"wb_protected":true, "old":true, "uncollectible":true, "marked":true}}
{"address":"0x7fb1f8034100", "type":"STRING", "class":"0x7fb1f80b7578", "frozen":true, "embedded":true, "fstring":true, "bytesize":23, "value":"rdoc/markup/to_label.rb", "encoding":"UTF-8", "memsize":40, "flags":{"wb_protected":true, "old":true, "uncollectible":true, "marked":true}}
{"address":"0x7fb1f8034128", "type":"STRING", "class":"0x7fb1f80b7578", "frozen":true, "fstring":true, "bytesize":63, "value":"Added sandboxed freeform metadata to the specification version.", "encoding":"UTF-8", "memsize":104, "flags":{"wb_protected":true, "old":true, "uncollectible":true, "marked":true}}
{"address":"0x7fb1f8034150", "type":"STRING", "class":"0x7fb1f80b7578", "frozen":true, "embedded":true, "fstring":true, "bytesize":8, "value":"MAKEDIRS", "memsize":40, "flags":{"wb_protected":true, "old":true, "uncollectible":true, "marked":true}}
{"address":"0x7fb1f8034178", "type":"STRING", "class":"0x7fb1f80b7578", "frozen":true, "embedded":true, "fstring":true, "bytesize":3, "value":"DOT", "memsize":40, "flags":{"wb_protected":true, "old":true, "uncollectible":true, "marked":true}}
{"address":"0x7fb1f80341a0", "type":"STRING", "class":"0x7fb1f80b7578", "frozen":true, "embedded":true, "fstring":true, "bytesize":7, "value":"DOXYGEN", "memsize":40, "flags":{"wb_protected":true, "old":true, "uncollectible":true, "marked":true}}
{"address":"0x7fb1f80341f0", "type":"STRING", "class":"0x7fb1f80b7578", "frozen":true, "embedded":true, "fstring":true, "bytesize":10, "value":"PKG_CONFIG", "memsize":40, "flags":{"wb_protected":true, "old":true, "uncollectible":true, "marked":true}}
{"address":"0x7fb1f8034218", "type":"STRING", "class":"0x7fb1f80b7578", "frozen":true, "fstring":true, "bytesize":52, "value":"Added Fixnum validation to the specification_version", "encoding":"UTF-8", "memsize":93, "flags":{"wb_protected":true, "old":true, "uncollectible":true, "marked":true}}
{"address":"0x7fb1f8034240", "type":"STRING", "class":"0x7fb1f80b7578", "frozen":true, "embedded":true, "fstring":true, "bytesize":2, "value":"RM", "memsize":40, "flags":{"wb_protected":true, "old":true, "uncollectible":true, "marked":true}}
{"address":"0x7fb1f8034290", "type":"STRING", "class":"0x7fb1f80b7578", "frozen":true, "embedded":true, "fstring":true, "bytesize":21, "value":"frozen_string_literal", "encoding":"US-ASCII", "memsize":40, "flags":{"wb_protected":true, "old":true, "uncollectible":true, "marked":true}}
{"address":"0x7fb1f80342b8", "type":"STRING", "class":"0x7fb1f80b7578", "frozen":true, "embedded":true, "fstring":true, "bytesize":2, "value":"CP", "memsize":40, "flags":{"wb_protected":true, "old":true, "uncollectible":true, "marked":true}}
{"address":"0x7fb1f8034308", "type":"STRING", "class":"0x7fb1f80b7578", "frozen":true, "fstring":true, "bytesize":43, "value":"Now forward-compatible with future versions", "encoding":"UTF-8", "memsize":84, "flags":{"wb_protected":true, "old":true, "uncollectible":true, "marked":true}}
{"address":"0x7fb1f8034330", "type":"STRING", "class":"0x7fb1f80b7578", "frozen":true, "embedded":true, "fstring":true, "bytesize":5, "value":"RMDIR", "memsize":40, "flags":{"wb_protected":true, "old":true, "uncollectible":true, "marked":true}}
{"address":"0x7fb1f8034358", "type":"STRING", "class":"0x7fb1f80b7578", "frozen":true, "embedded":true, "fstring":true, "bytesize":12, "value":"gemspec_stub", "encoding":"US-ASCII", "memsize":40, "flags":{"wb_protected":true, "old":true, "uncollectible":true, "marked":true}}
{"address":"0x7fb1f8034380", "type":"STRING", "class":"0x7fb1f80b7578", "frozen":true, "embedded":true, "fstring":true, "bytesize":14, "value":"SCRIPT_LINES__", "encoding":"US-ASCII", "memsize":40, "flags":{"wb_protected":true, "old":true, "uncollectible":true, "marked":true}}
{"address":"0x7fb1f80343a8", "type":"STRING", "class":"0x7fb1f80b7578", "frozen":true, "fstring":true, "bytesize":33, "value":"Added \"required_rubygems_version\"", "encoding":"UTF-8", "memsize":74, "flags":{"wb_protected":true, "old":true, "uncollectible":true, "marked":true}}
{"address":"0x7fb1f80343f8", "type":"STRING", "class":"0x7fb1f80b7578", "frozen":true, "fstring":true, "bytesize":63, "value":"/Users/rschneeman/.rubies/ruby-2.7.1/lib/ruby/2.7.0/rubygems.rb", "encoding":"US-ASCII", "memsize":104, "flags":{"wb_protected":true, "old":true, "uncollectible":true, "marked":true}}
{"address":"0x7fb1f8034420", "type":"STRING", "class":"0x7fb1f80b7578", "frozen":true, "embedded":true, "fstring":true, "bytesize":17, "value":"StubSpecification", "encoding":"US-ASCII", "memsize":40, "flags":{"wb_protected":true, "old":true, "uncollectible":true, "marked":true}}
{"address":"0x7fb1f8034498", "type":"STRING", "class":"0x7fb1f80b7578", "frozen":true, "fstring":true, "bytesize":48, "value":"\"test_file=x\" is a shortcut for \"test_files=[x]\"", "encoding":"UTF-8", "memsize":89, "flags":{"wb_protected":true, "old":true, "uncollectible":true, "marked":true}}
{"address":"0x7fb1f80344c0", "type":"STRING", "class":"0x7fb1f80b7578", "frozen":true, "fstring":true, "bytesize":78, "value":"Deprecated \"test_suite_file\" in favor of the new, but equivalent, \"test_files\"", "encoding":"UTF-8", "memsize":119, "flags":{"wb_protected":true, "old":true, "uncollectible":true, "marked":true}}
{"address":"0x7fb1f8034650", "type":"STRING", "class":"0x7fb1f80b7578", "frozen":true, "embedded":true, "fstring":true, "bytesize":6, "value":"RMDIRS", "memsize":40, "flags":{"wb_protected":true, "old":true, "uncollectible":true, "marked":true}}
{"address":"0x7fb1f80346a0", "type":"STRING", "class":"0x7fb1f80b7578", "frozen":true, "embedded":true, "fstring":true, "bytesize":12, "value":"did_you_mean", "encoding":"UTF-8", "memsize":40, "flags":{"wb_protected":true, "old":true, "uncollectible":true, "marked":true}}
{"address":"0x7fb1f80346c8", "type":"STRING", "class":"0x7fb1f80b7578", "frozen":true, "embedded":true, "fstring":true, "bytesize":5, "value":"RMALL", "memsize":40, "flags":{"wb_protected":true, "old":true, "uncollectible":true, "marked":true}}
{"address":"0x7fb1f80346f0", "type":"STRING", "class":"0x7fb1f80b7578", "frozen":true, "fstring":true, "bytesize":81, "value":"(RubyGems versions up to and including 0.7 did not have versioned specifications)", "encoding":"UTF-8", "memsize":122, "flags":{"wb_protected":true, "old":true, "uncollectible":true, "marked":true}}
{"address":"0x7fb1f8034740", "type":"STRING", "class":"0x7fb1f80b7578", "frozen":true, "embedded":true, "fstring":true, "bytesize":5, "value":"CHDIR", "memsize":40, "flags":{"wb_protected":true, "old":true, "uncollectible":true, "marked":true}}
{"address":"0x7fb1f8034790", "type":"STRING", "class":"0x7fb1f80b7578", "frozen":true, "embedded":true, "fstring":true, "bytesize":10, "value":"WERRORFLAG", "memsize":40, "flags":{"wb_protected":true, "old":true, "uncollectible":true, "marked":true}}
{"address":"0x7fb1f80347e0", "type":"STRING", "class":"0x7fb1f80b7578", "frozen":true, "fstring":true, "bytesize":84, "value":"dsymutil $@; { test -z '$(RUBY_CODESIGN)' || codesign -s '$(RUBY_CODESIGN)' -f $@; }", "memsize":125, "flags":{"wb_protected":true, "old":true, "uncollectible":true, "marked":true}}
{"address":"0x7fb1f8034808", "type":"STRING", "class":"0x7fb1f80b7578", "frozen":true, "embedded":true, "fstring":true, "bytesize":8, "value":"POSTLINK", "memsize":40, "flags":{"wb_protected":true, "old":true, "uncollectible":true, "marked":true}}
{"address":"0x7fb1f8034830", "type":"STRING", "class":"0x7fb1f80b7578", "frozen":true, "embedded":true, "fstring":true, "bytesize":8, "value":"codesign", "memsize":40, "flags":{"wb_protected":true, "old":true, "uncollectible":true, "marked":true}}
{"address":"0x7fb1f8034858", "type":"MODULE", "class":"0x7fb1f8122530", "name":"DidYouMean", "references":["0x7fb1f8034880", "0x7fb1f8122328", "0x7fb1f8122828", "0x7fb1f81417a0", "0x7fb1f80f3f28", "0x7fb1f80d85c0", "0x7fb1f8143618", "0x7fb1f8150098", "0x7fb1f8122580", "0x7fb1f80dbf90", "0x7fb1f80f1638", "0x7fb1f80f2dd0", "0x7fb1f800cba0", "0x7fb1f8075b78", "0x7fb1f8150660", "0x7fb1f8151920", "0x7fb1f8151f88", "0x7fb1f8153e78", "0x7fb1f801e580", "0x7fb1f8045928", "0x7fb1f800d780", "0x7fb1f801d928", "0x7fb1f8141c78", "0x7fb1f8142fb0", "0x7fb1f8123688", "0x7fb1f81417a0", "0x7fb1f8077360", "0x7fb1f80f1020", "0x7fb1f807c310", "0x7fb1f80bd888", "0x7fb1f8122b20", "0x7fb1f81417a0", "0x7fb1f80c4de0", "0x7fb1fb02f238", "0x7fb1f807c8d8", "0x7fb1f80bd888"], "memsize":1000, "flags":{"wb_protected":true, "old":true, "uncollectible":true, "marked":true}}
{"address":"0x7fb1f8034880", "type":"STRING", "class":"0x7fb1f80b7578", "frozen":true, "embedded":true, "fstring":true, "bytesize":10, "value":"DidYouMean", "encoding":"US-ASCII", "memsize":40, "flags":{"wb_protected":true, "old":true, "uncollectible":true, "marked":true}}
{"address":"0x7fb1f80348a8", "type":"STRING", "class":"0x7fb1f80b7578", "frozen":true, "embedded":true, "fstring":true, "bytesize":8, "value":"dsymutil", "memsize":40, "flags":{"wb_protected":true, "old":true, "uncollectible":true, "marked":true}}
{"address":"0x7fb1f80348d0", "type":"MODULE", "class":"0x7fb1f80c6de8", "name":"Gem", "references":["0x7fb1f80348f8", "0x7fb1f80c7108", "0x7fb1f80c7068", "0x7fb1f80c6fc8", "0x7fb1f80c6f28", "0x7fb1f80c6e88", "0x7fb1f809dd58", "0x7fb1f809dc40", "0x7fb1f80dd2f0", "0x7fb1fb02c3a8", "0x7fb1f809dab0", "0x7fb1f809da60", "0x7fb1f809d948", "0x7fb1f808dac0", "0x7fb1f80e1f30", "0x7fb1f80e1328", "0x7fb1f8103018", "0x7fb1f80e5838", "0x7fb1f80e1620", "0x7fb1f80e11e8", "0x7fb1fb02ee28", "0x7fb1f80f1368", "0x7fb1f80a7538", "0x7fb1f80da4d8", "0x7fb1f80dd4f8", "0x7fb1f8057808", "0x7fb1f80e6e18", "0x7fb1f8102e38", "0x7fb1f80343f8", "0x7fb1f80a6e30", "0x7fb1f80da4d8", "0x7fb1f80e7b38", "0x7fb1f8102e38", "0x7fb1f80e7c28", "0x7fb1f8102e38", "0x7fb1f80a6098", "0x7fb1f80da4d8", "0x7fb1f80e7a70", "0x7fb1f8102e38", "0x7fb1f80e79a8", "0x7fb1f8102e38", "0x7fb1f80e6530", "0x7fb1f8102e38", "0x7fb1f80e77f0", "0x7fb1f8102e38", "0x7fb1f811a7b8", "0x7fb1f800ecc0", "0x7fb1f80a5350", "0x7fb1f80da4d8", "0x7fb1f80a4f18", "0x7fb1f80da4d8", "0x7fb1f80ac6f0", "0x7fb1f80da4d8", "0x7fb1f80e73b8", "0x7fb1f8102e38", "0x7fb1f80343f8", "0x7fb1f80e7598", "0x7fb1f8102e38", "0x7fb1f809f040", "0x7fb1f80da4d8", "0x7fb1f811a4c0", "0x7fb1f811a538", "0x7fb1f80e6d28", "0x7fb1f8102e38", "0x7fb1f80e6800", "0x7fb1f8102e38", "0x7fb1f8118ff8", "0x7fb1f811a538", "0x7fb1f80e6a58", "0x7fb1f8102e38", "0x7fb1f80e63f0", "0x7fb1f8102e38", "0x7fb1f80e27c8", "0x7fb1f80343f8", "0x7fb1f80e6350", "0x7fb1f8102e38", "0x7fb1f811a060", "0x7fb1f811a538", "0x7fb1f80e6760", "0x7fb1f8102e38", "0x7fb1fb02f198", "0x7fb1f80d6478", "0x7fb1f80da820", "0x7fb1f80c5768", "0x7fb1f80e6170", "0x7fb1f8102e38", "0x7fb1f80e72c8", "0x7fb1f8102e38", "0x7fb1f80e7200", "0x7fb1f8102e38", "0x7fb1f80e60d0", "0x7fb1f8102e38", "0x7fb1f80e62b0", "0x7fb1f8102e38", "0x7fb1f80e6210", "0x7fb1f8102e38", "0x7fb1f80e5e50", "0x7fb1f8102e38", "0x7fb1f80e6490", "0x7fb1f8102e38", "0x7fb1f80e5e50", "0x7fb1f8102e38", "0x7fb1f80e7070", "0x7fb1f8102e38", "0x7fb1f80e6030", "0x7fb1f8102e38", "0x7fb1f800f490", "0x7fb1f801d298", "0x7fb1f80c6b68", "0x7fb1f80343f8", "0x7fb1f809e550", "0x7fb1f80343f8", "0x7fb1f809e2a8", "0x7fb1f80343f8", "0x7fb1f809e1e0", "0x7fb1f80343f8", "0x7fb1f80343f8", "0x7fb1f809e0c8", "0x7fb1f80343f8", "0x7fb1f809e000", "0x7fb1f80343f8", "0x7fb1f809df38", "0x7fb1f80343f8", "0x7fb1f809de70", "0x7fb1f80343f8", "0x7fb1f80343f8", "0x7fb1f80f0058", "0x7fb1f80f3618", "0x7fb1f80343f8", "0x7fb1f80343f8", "0x7fb1f809dc90", "0x7fb1f80343f8", "0x7fb1f809e190", "0x7fb1f80343f8", "0x7fb1f808db10", "0x7fb1f80343f8", "0x7fb1f80343f8", "0x7fb1f811a2e0", "0x7fb1f811a538", "0x7fb1f80d71c0", "0x7fb1f80f2c68", "0x7fb1f8112db0", "0x7fb1f808c788", "0x7fb1f80c6b68", "0x7fb1fb02ca60", "0x7fb1f80f3898", "0x7fb1fb02ca60", "0x7fb1f80f3848", "0x7fb1fb02ca60", "0x7fb1f80343f8", "0x7fb1f8113210", "0x7fb1f8118008", "0x7fb1f8118d50", "0x7fb1f8100ca0", "0x7fb1fb02e860", "0x7fb1f808c788", "0x7fb1f8118ee0", "0x7fb1f811a538", "0x7fb1f80e0680", "0x7fb1f80dcbc0", "0x7fb1f80343f8", "0x7fb1f80f8640", "0x7fb1f8102e38", "0x7fb1f81016f0", "0x7fb1fb02dc08"], "memsize":4008, "flags":{"wb_protected":true, "old":true, "uncollectible":true, "marked":true}}
{"address":"0x7fb1f80348f8", "type":"STRING", "class":"0x7fb1f80b7578", "frozen":true, "embedded":true, "fstring":true, "bytesize":3, "value":"Gem", "encoding":"US-ASCII", "memsize":40, "flags":{"wb_protected":true, "old":true, "uncollectible":true, "marked":true}}
{"address":"0x7fb1f8034920", "type":"STRING", "class":"0x7fb1f80b7578", "frozen":true, "embedded":true, "fstring":true, "bytesize":5, "value":"MATHN", "memsize":40, "flags":{"wb_protected":true, "old":true, "uncollectible":true, "marked":true}}
{"address":"0x7fb1f8034948", "type":"ARRAY", "frozen":true, "length":8, "references":["0x7fb1f8034a88", "0x7fb1f8034a60", "0x7fb1f8034a38", "0x7fb1f8034a10", "0x7fb1f80349e8", "0x7fb1f80349c0", "0x7fb1f8034998", "0x7fb1f8034970"], "memsize":104, "flags":{"wb_protected":true, "old":true, "uncollectible":true, "marked":true}}
{"address":"0x7fb1f8034970", "type":"STRING", "class":"0x7fb1f80b7578", "shared":true, "encoding":"UTF-8", "references":["0x7fb1f8034970", "0x7fb1f803e0d8"], "memsize":56, "flags":{"wb_protected":true, "old":true, "uncollectible":true, "marked":true}}
{"address":"0x7fb1f8034998", "type":"STRING", "class":"0x7fb1f80b7578", "shared":true, "encoding":"UTF-8", "references":["0x7fb1f8034998", "0x7fb1f803e100"], "memsize":56, "flags":{"wb_protected":true, "old":true, "uncollectible":true, "marked":true}}
{"address":"0x7fb1f80349c0", "type":"STRING", "class":"0x7fb1f80b7578", "shared":true, "encoding":"UTF-8", "references":["0x7fb1f80349c0", "0x7fb1f803e128"], "memsize":56, "flags":{"wb_protected":true, "old":true, "uncollectible":true, "marked":true}}
{"address":"0x7fb1f80349e8", "type":"STRING", "class":"0x7fb1f80b7578", "shared":true, "encoding":"UTF-8", "references":["0x7fb1f80349e8", "0x7fb1f803e150"], "memsize":56, "flags":{"wb_protected":true, "old":true, "uncollectible":true, "marked":true}}
{"address":"0x7fb1f8034a10", "type":"STRING", "class":"0x7fb1f80b7578", "shared":true, "encoding":"UTF-8", "references":["0x7fb1f8034a10", "0x7fb1f803e178"], "memsize":56, "flags":{"wb_protected":true, "old":true, "uncollectible":true, "marked":true}}
{"address":"0x7fb1f8034a38", "type":"STRING", "class":"0x7fb1f80b7578", "shared":true, "encoding":"UTF-8", "references":["0x7fb1f8034a38", "0x7fb1f803e1a0"], "memsize":56, "flags":{"wb_protected":true, "old":true, "uncollectible":true, "marked":true}}
{"address":"0x7fb1f8034a60", "type":"STRING", "class":"0x7fb1f80b7578", "shared":true, "encoding":"UTF-8", "references":["0x7fb1f8034a60", "0x7fb1f803e1c8"], "memsize":56, "flags":{"wb_protected":true, "old":true, "uncollectible":true, "marked":true}}
{"address":"0x7fb1f8034a88", "type":"STRING", "class":"0x7fb1f80b7578", "shared":true, "encoding":"UTF-8", "references":["0x7fb1f8034a88", "0x7fb1f803e1f0"], "memsize":56, "flags":{"wb_protected":true, "old":true, "uncollectible":true, "marked":true}}
{"address":"0x7fb1f8034ad8", "type":"STRING", "class":"0x7fb1f80b7578", "frozen":true, "fstring":true, "bytesize":34, "value":"rdoc/markup/to_joined_paragraph.rb", "encoding":"UTF-8", "memsize":75, "flags":{"wb_protected":true, "old":true, "uncollectible":true, "marked":true}}
{"address":"0x7fb1f8034b00", "type":"STRING", "class":"0x7fb1f80b7578", "frozen":true, "embedded":true, "fstring":true, "bytesize":6, "value":"ALLOCA", "memsize":40, "flags":{"wb_protected":true, "old":true, "uncollectible":true, "marked":true}}
{"address":"0x7fb1f8034b28", "type":"STRING", "class":"0x7fb1f80b7578", "frozen":true, "fstring":true, "bytesize":178, "value":"-Wl,-undefined,dynamic_lookup -Wl,-multiply_defined,suppress -L/usr/local/opt/openssl@1.1/lib -L/usr/local/opt/readline/lib -L/usr/local/opt/libyaml/lib -L/usr/local/opt/gdbm/lib", "memsize":219, "flags":{"wb_protected":true, "old":true, "uncollectible":true, "marked":true}}
{"address":"0x7fb1f8034b50", "type":"STRING", "class":"0x7fb1f80b7578", "frozen":true, "fstring":true, "bytesize":92, "capacity":158, "value":"/Users/rschneeman/.rubies/ruby-2.7.1/lib/ruby/2.7.0/x86_64-darwin17/enc/trans/transdb.bundle", "encoding":"US-ASCII", "memsize":199, "flags":{"wb_protected":true, "old":true, "uncollectible":true, "marked":true}}
{"address":"0x7fb1f8034b78", "type":"STRING", "class":"0x7fb1f80b7578", "frozen":true, "embedded":true, "fstring":true, "bytesize":8, "value":"DLDFLAGS", "memsize":40, "flags":{"wb_protected":true, "old":true, "uncollectible":true, "marked":true}}
{"address":"0x7fb1f8034ba0", "type":"STRING", "class":"0x7fb1f80b7578", "frozen":true, "embedded":true, "fstring":true, "bytesize":9, "value":"ARCH_FLAG", "memsize":40, "flags":{"wb_protected":true, "old":true, "uncollectible":true, "marked":true}}
{"address":"0x7fb1f8034bc8", "type":"STRING", "class":"0x7fb1f80b7578", "frozen":true, "embedded":true, "fstring":true, "bytesize":6, "value":"STATIC", "memsize":40, "flags":{"wb_protected":true, "old":true, "uncollectible":true, "marked":true}}
{"address":"0x7fb1f8034c18", "type":"STRING", "class":"0x7fb1f80b7578", "frozen":true, "embedded":true, "fstring":true, "bytesize":9, "value":"CCDLFLAGS", "memsize":40, "flags":{"wb_protected":true, "old":true, "uncollectible":true, "marked":true}}
{"address":"0x7fb1f8034c68", "type":"STRING", "class":"0x7fb1f80b7578", "frozen":true, "embedded":true, "fstring":true, "bytesize":15, "value":"INSTALL_PROGRAM", "memsize":40, "flags":{"wb_protected":true, "old":true, "uncollectible":true, "marked":true}}
{"address":"0x7fb1f8034c90", "type":"STRING", "class":"0x7fb1f80b7578", "frozen":true, "embedded":true, "fstring":true, "bytesize":13, "value":"SJIS_SOFTBANK", "encoding":"US-ASCII", "memsize":40, "flags":{"wb_protected":true, "old":true, "uncollectible":true, "marked":true}}
{"address":"0x7fb1f8034cb8", "type":"STRING", "class":"0x7fb1f80b7578", "frozen":true, "embedded":true, "fstring":true, "bytesize":8, "value":"LDSHARED", "memsize":40, "flags":{"wb_protected":true, "old":true, "uncollectible":true, "marked":true}}
{"address":"0x7fb1f8034ce0", "type":"STRING", "class":"0x7fb1f80b7578", "frozen":true, "embedded":true, "fstring":true, "bytesize":13, "value":"SJIS_SoftBank", "encoding":"US-ASCII", "memsize":40, "flags":{"wb_protected":true, "old":true, "uncollectible":true, "marked":true}}
{"address":"0x7fb1f8034d08", "type":"STRING", "class":"0x7fb1f80b7578", "frozen":true, "fstring":true, "bytesize":30, "value":"rdoc/markup/to_html_snippet.rb", "encoding":"UTF-8", "memsize":71, "flags":{"wb_protected":true, "old":true, "uncollectible":true, "marked":true}}
{"address":"0x7fb1f8034d30", "type":"DATA", "class":"0x7fb1f80bdc48", "struct":"encoding", "memsize":40, "flags":{"uncollectible":true, "marked":true}}
{"address":"0x7fb1f8034d58", "type":"STRING", "class":"0x7fb1f80b7578", "frozen":true, "embedded":true, "fstring":true, "bytesize":13, "value":"UTF8_SOFTBANK", "encoding":"US-ASCII", "memsize":40, "flags":{"wb_protected":true, "old":true, "uncollectible":true, "marked":true}}
{"address":"0x7fb1f8034d80", "type":"STRING", "class":"0x7fb1f80b7578", "frozen":true, "embedded":true, "fstring":true, "bytesize":10, "value":"LDSHAREDXX", "memsize":40, "flags":{"wb_protected":true, "old":true, "uncollectible":true, "marked":true}}
{"address":"0x7fb1f8034da8", "type":"STRING", "class":"0x7fb1f80b7578", "frozen":true, "embedded":true, "fstring":true, "bytesize":13, "value":"UTF8_SoftBank", "encoding":"US-ASCII", "memsize":40, "flags":{"wb_protected":true, "old":true, "uncollectible":true, "marked":true}}
{"address":"0x7fb1f8034df8", "type":"DATA", "class":"0x7fb1f80bdc48", "struct":"encoding", "memsize":40, "flags":{"uncollectible":true, "marked":true}}
{"address":"0x7fb1f8034e20", "type":"STRING", "class":"0x7fb1f80b7578", "frozen":true, "fstring":true, "bytesize":26, "value":"STATELESS_ISO_2022_JP_KDDI", "encoding":"US-ASCII", "memsize":67, "flags":{"wb_protected":true, "old":true, "uncollectible":true, "marked":true}}
{"address":"0x7fb1f8034e48", "type":"STRING", "class":"0x7fb1f80b7578", "frozen":true, "embedded":true, "fstring":true, "bytesize":5, "value":"DLEXT", "memsize":40, "flags":{"wb_protected":true, "old":true, "uncollectible":true, "marked":true}}
{"address":"0x7fb1f8034e70", "type":"STRING", "class":"0x7fb1f80b7578", "frozen":true, "fstring":true, "bytesize":26, "value":"Stateless_ISO_2022_JP_KDDI", "encoding":"US-ASCII", "memsize":67, "flags":{"wb_protected":true, "old":true, "uncollectible":true, "marked":true}}
{"address":"0x7fb1f8034e98", "type":"STRING", "class":"0x7fb1f80b7578", "frozen":true, "embedded":true, "fstring":true, "bytesize":6, "value":"DLEXT2", "memsize":40, "flags":{"wb_protected":true, "old":true, "uncollectible":true, "marked":true}}
{"address":"0x7fb1f8034ec0", "type":"DATA", "class":"0x7fb1f80bdc48", "struct":"encoding", "memsize":40, "flags":{"uncollectible":true, "marked":true}}
{"address":"0x7fb1f8034ee8", "type":"STRING", "class":"0x7fb1f80b7578", "frozen":true, "embedded":true, "fstring":true, "bytesize":16, "value":"ISO_2022_JP_KDDI", "encoding":"US-ASCII", "memsize":40, "flags":{"wb_protected":true, "old":true, "uncollectible":true, "marked":true}}
{"address":"0x7fb1f8034f38", "type":"DATA", "class":"0x7fb1f80bdc48", "struct":"encoding", "memsize":40, "flags":{"uncollectible":true, "marked":true}}
{"address":"0x7fb1f8034f60", "type":"STRING", "class":"0x7fb1f80b7578", "frozen":true, "embedded":true, "fstring":true, "bytesize":9, "value":"SJIS_KDDI", "encoding":"US-ASCII", "memsize":40, "flags":{"wb_protected":true, "old":true, "uncollectible":true, "marked":true}}
{"address":"0x7fb1f8034f88", "type":"STRING", "class":"0x7fb1f80b7578", "frozen":true, "embedded":true, "fstring":true, "bytesize":6, "value":"LIBEXT", "memsize":40, "flags":{"wb_protected":true, "old":true, "uncollectible":true, "marked":true}}
{"address":"0x7fb1f8034fb0", "type":"DATA", "class":"0x7fb1f80bdc48", "struct":"encoding", "memsize":40, "flags":{"uncollectible":true, "marked":true}}
{"address":"0x7fb1f8034fd8", "type":"STRING", "class":"0x7fb1f80b7578", "frozen":true, "embedded":true, "fstring":true, "bytesize":9, "value":"UTF8_KDDI", "encoding":"US-ASCII", "memsize":40, "flags":{"wb_protected":true, "old":true, "uncollectible":true, "marked":true}}
{"address":"0x7fb1f8035028", "type":"DATA", "class":"0x7fb1f80bdc48", "struct":"encoding", "memsize":40, "flags":{"uncollectible":true, "marked":true}}
{"address":"0x7fb1f8035050", "type":"STRING", "class":"0x7fb1f80b7578", "frozen":true, "embedded":true, "fstring":true, "bytesize":11, "value":"SJIS_DOCOMO", "encoding":"US-ASCII", "memsize":40, "flags":{"wb_protected":true, "old":true, "uncollectible":true, "marked":true}}
{"address":"0x7fb1f8035078", "type":"STRING", "class":"0x7fb1f80b7578", "frozen":true, "embedded":true, "fstring":true, "bytesize":6, "value":"ASMEXT", "memsize":40, "flags":{"wb_protected":true, "old":true, "uncollectible":true, "marked":true}}
{"address":"0x7fb1f80350a0", "type":"STRING", "class":"0x7fb1f80b7578", "frozen":true, "embedded":true, "fstring":true, "bytesize":11, "value":"SJIS_DoCoMo", "encoding":"US-ASCII", "memsize":40, "flags":{"wb_protected":true, "old":true, "uncollectible":true, "marked":true}}
{"address":"0x7fb1f80350f0", "type":"DATA", "class":"0x7fb1f80bdc48", "struct":"encoding", "memsize":40, "flags":{"uncollectible":true, "marked":true}}
{"address":"0x7fb1f8035118", "type":"STRING", "class":"0x7fb1f80b7578", "frozen":true, "embedded":true, "fstring":true, "bytesize":11, "value":"UTF8_DOCOMO", "encoding":"US-ASCII", "memsize":40, "flags":{"wb_protected":true, "old":true, "uncollectible":true, "marked":true}}
{"address":"0x7fb1f8035140", "type":"STRING", "class":"0x7fb1f80b7578", "frozen":true, "embedded":true, "fstring":true, "bytesize":7, "value":"LINK_SO", "memsize":40, "flags":{"wb_protected":true, "old":true, "uncollectible":true, "marked":true}}
{"address":"0x7fb1f8035168", "type":"STRING", "class":"0x7fb1f80b7578", "frozen":true, "embedded":true, "fstring":true, "bytesize":11, "value":"UTF8_DoCoMo", "encoding":"US-ASCII", "memsize":40, "flags":{"wb_protected":true, "old":true, "uncollectible":true, "marked":true}}
{"address":"0x7fb1f80351b8", "type":"DATA", "class":"0x7fb1f80bdc48", "struct":"encoding", "memsize":40, "flags":{"uncollectible":true, "marked":true}}
{"address":"0x7fb1f80351e0", "type":"STRING", "class":"0x7fb1f80b7578", "frozen":true, "embedded":true, "fstring":true, "bytesize":6, "value":"CP1257", "encoding":"US-ASCII", "memsize":40, "flags":{"wb_protected":true, "old":true, "uncollectible":true, "marked":true}}
{"address":"0x7fb1f8035208", "type":"STRING", "class":"0x7fb1f80b7578", "frozen":true, "embedded":true, "fstring":true, "bytesize":11, "value":"LIBPATHFLAG", "memsize":40, "flags":{"wb_protected":true, "old":true, "uncollectible":true, "marked":true}}
{"address":"0x7fb1f8035230", "type":"STRING", "class":"0x7fb1f80b7578", "frozen":true, "embedded":true, "fstring":true, "bytesize":6, "value":"CP1254", "encoding":"US-ASCII", "memsize":40, "flags":{"wb_protected":true, "old":true, "uncollectible":true, "marked":true}}
{"address":"0x7fb1f8035258", "type":"STRING", "class":"0x7fb1f80b7578", "frozen":true, "embedded":true, "fstring":true, "bytesize":9, "value":"RPATHFLAG", "memsize":40, "flags":{"wb_protected":true, "old":true, "uncollectible":true, "marked":true}}
{"address":"0x7fb1f8035280", "type":"STRING", "class":"0x7fb1f80b7578", "frozen":true, "embedded":true, "fstring":true, "bytesize":6, "value":"CP1253", "encoding":"US-ASCII", "memsize":40, "flags":{"wb_protected":true, "old":true, "uncollectible":true, "marked":true}}
{"address":"0x7fb1f80352a8", "type":"STRING", "class":"0x7fb1f80b7578", "frozen":true, "fstring":true, "bytesize":26, "value":"DYLD_FALLBACK_LIBRARY_PATH", "memsize":67, "flags":{"wb_protected":true, "old":true, "uncollectible":true, "marked":true}}
{"address":"0x7fb1f80352d0", "type":"STRING", "class":"0x7fb1f80b7578", "frozen":true, "embedded":true, "fstring":true, "bytesize":6, "value":"CP1252", "encoding":"US-ASCII", "memsize":40, "flags":{"wb_protected":true, "old":true, "uncollectible":true, "marked":true}}
{"address":"0x7fb1f80352f8", "type":"STRING", "class":"0x7fb1f80b7578", "frozen":true, "embedded":true, "fstring":true, "bytesize":10, "value":"LIBPATHENV", "memsize":40, "flags":{"wb_protected":true, "old":true, "uncollectible":true, "marked":true}}
{"address":"0x7fb1f8035320", "type":"STRING", "class":"0x7fb1f80b7578", "frozen":true, "embedded":true, "fstring":true, "bytesize":6, "value":"CP1251", "encoding":"US-ASCII", "memsize":40, "flags":{"wb_protected":true, "old":true, "uncollectible":true, "marked":true}}
{"address":"0x7fb1f8035348", "type":"STRING", "class":"0x7fb1f80b7578", "frozen":true, "fstring":true, "bytesize":31, "value":"rdoc/markup/to_html_crossref.rb", "encoding":"UTF-8", "memsize":72, "flags":{"wb_protected":true, "old":true, "uncollectible":true, "marked":true}}
{"address":"0x7fb1f8035370", "type":"STRING", "class":"0x7fb1f80b7578", "frozen":true, "embedded":true, "fstring":true, "bytesize":6, "value":"CP1250", "encoding":"US-ASCII", "memsize":40, "flags":{"wb_protected":true, "old":true, "uncollectible":true, "marked":true}}
{"address":"0x7fb1f8035398", "type":"STRING", "class":"0x7fb1f80b7578", "frozen":true, "embedded":true, "fstring":true, "bytesize":10, "value":"PRELOADENV", "memsize":40, "flags":{"wb_protected":true, "old":true, "uncollectible":true, "marked":true}}
{"address":"0x7fb1f80353c0", "type":"STRING", "class":"0x7fb1f80b7578", "frozen":true, "embedded":true, "fstring":true, "bytesize":3, "value":"PCK", "encoding":"US-ASCII", "memsize":40, "flags":{"wb_protected":true, "old":true, "uncollectible":true, "marked":true}}
{"address":"0x7fb1f80353e8", "type":"STRING", "class":"0x7fb1f80b7578", "frozen":true, "embedded":true, "fstring":true, "bytesize":8, "value":"TRY_LINK", "memsize":40, "flags":{"wb_protected":true, "old":true, "uncollectible":true, "marked":true}}
{"address":"0x7fb1f8035410", "type":"STRING", "class":"0x7fb1f80b7578", "frozen":true, "embedded":true, "fstring":true, "bytesize":4, "value":"SJIS", "encoding":"US-ASCII", "memsize":40, "flags":{"wb_protected":true, "old":true, "uncollectible":true, "marked":true}}
{"address":"0x7fb1f8035438", "type":"STRING", "class":"0x7fb1f80b7578", "frozen":true, "embedded":true, "fstring":true, "bytesize":22, "value":"rdoc/markup/to_html.rb", "encoding":"UTF-8", "memsize":40, "flags":{"wb_protected":true, "old":true, "uncollectible":true, "marked":true}}
{"address":"0x7fb1f8035460", "type":"STRING", "class":"0x7fb1f80b7578", "frozen":true, "embedded":true, "fstring":true, "bytesize":12, "value":"CSWINDOWS31J", "encoding":"US-ASCII", "memsize":40, "flags":{"wb_protected":true, "old":true, "uncollectible":true, "marked":true}}
{"address":"0x7fb1f8035488", "type":"STRING", "class":"0x7fb1f80b7578", "frozen":true, "embedded":true, "fstring":true, "bytesize":5, "value":"SOEXT", "memsize":40, "flags":{"wb_protected":true, "old":true, "uncollectible":true, "marked":true}}
{"address":"0x7fb1f80354b0", "type":"STRING", "class":"0x7fb1f80b7578", "frozen":true, "embedded":true, "fstring":true, "bytesize":12, "value":"CsWindows31J", "encoding":"US-ASCII", "memsize":40, "flags":{"wb_protected":true, "old":true, "uncollectible":true, "marked":true}}
{"address":"0x7fb1f80354d8", "type":"STRING", "class":"0x7fb1f80b7578", "frozen":true, "embedded":true, "fstring":true, "bytesize":20, "value":"rdoc/markup/to_bs.rb", "encoding":"UTF-8", "memsize":40, "flags":{"wb_protected":true, "old":true, "uncollectible":true, "marked":true}}
{"address":"0x7fb1f8035500", "type":"STRING", "class":"0x7fb1f80b7578", "frozen":true, "embedded":true, "fstring":true, "bytesize":5, "value":"CP932", "encoding":"US-ASCII", "memsize":40, "flags":{"wb_protected":true, "old":true, "uncollectible":true, "marked":true}}
{"address":"0x7fb1f8035528", "type":"STRING", "class":"0x7fb1f80b7578", "frozen":true, "embedded":true, "fstring":true, "bytesize":5, "value":"STRIP", "memsize":40, "flags":{"wb_protected":true, "old":true, "uncollectible":true, "marked":true}}
{"address":"0x7fb1f8035550", "type":"STRING", "class":"0x7fb1f80b7578", "frozen":true, "embedded":true, "fstring":true, "bytesize":7, "value":"UCS_4LE", "encoding":"US-ASCII", "memsize":40, "flags":{"wb_protected":true, "old":true, "uncollectible":true, "marked":true}}
{"address":"0x7fb1f8035578", "type":"STRING", "class":"0x7fb1f80b7578", "frozen":true, "embedded":true, "fstring":true, "bytesize":9, "value":"EXTSTATIC", "memsize":40, "flags":{"wb_protected":true, "old":true, "uncollectible":true, "marked":true}}
{"address":"0x7fb1f80355a0", "type":"STRING", "class":"0x7fb1f80b7578", "frozen":true, "embedded":true, "fstring":true, "bytesize":7, "value":"UCS_4BE", "encoding":"US-ASCII", "memsize":40, "flags":{"wb_protected":true, "old":true, "uncollectible":true, "marked":true}}
{"address":"0x7fb1f80355c8", "type":"STRING", "class":"0x7fb1f80b7578", "frozen":true, "embedded":true, "fstring":true, "bytesize":9, "value":"ENCSTATIC", "memsize":40, "flags":{"wb_protected":true, "old":true, "uncollectible":true, "marked":true}}
{"address":"0x7fb1f80355f0", "type":"STRING", "class":"0x7fb1f80b7578", "frozen":true, "embedded":true, "fstring":true, "bytesize":7, "value":"UCS_2BE", "encoding":"US-ASCII", "memsize":40, "flags":{"wb_protected":true, "old":true, "uncollectible":true, "marked":true}}
{"address":"0x7fb1f8035618", "type":"STRING", "class":"0x7fb1f80b7578", "frozen":true, "embedded":true, "fstring":true, "bytesize":22, "value":"rdoc/markup/to_ansi.rb", "encoding":"UTF-8", "memsize":40, "flags":{"wb_protected":true, "old":true, "uncollectible":true, "marked":true}}
{"address":"0x7fb1f8035640", "type":"STRING", "class":"0x7fb1f80b7578", "frozen":true, "embedded":true, "fstring":true, "bytesize":6, "value":"UTF_32", "encoding":"US-ASCII", "memsize":40, "flags":{"wb_protected":true, "old":true, "uncollectible":true, "marked":true}}
{"address":"0x7fb1f8035668", "type":"STRING", "class":"0x7fb1f80b7578", "frozen":true, "embedded":true, "fstring":true, "bytesize":5, "value":"setup", "memsize":40, "flags":{"wb_protected":true, "old":true, "uncollectible":true, "marked":true}}
{"address":"0x7fb1f8035690", "type":"STRING", "class":"0x7fb1f80b7578", "frozen":true, "embedded":true, "fstring":true, "bytesize":6, "value":"UTF_16", "encoding":"US-ASCII", "memsize":40, "flags":{"wb_protected":true, "old":true, "uncollectible":true, "marked":true}}
{"address":"0x7fb1f80356b8", "type":"STRING", "class":"0x7fb1f80b7578", "frozen":true, "fstring":true, "bytesize":27, "value":"$(libdir)/$(RUBY_BASE_NAME)", "memsize":68, "flags":{"wb_protected":true, "old":true, "uncollectible":true, "marked":true}}
{"address":"0x7fb1f80356e0", "type":"STRING", "class":"0x7fb1f80b7578", "frozen":true, "embedded":true, "fstring":true, "bytesize":9, "value":"UTF_8_HFS", "encoding":"US-ASCII", "memsize":40, "flags":{"wb_protected":true, "old":true, "uncollectible":true, "marked":true}}
{"address":"0x7fb1f8035708", "type":"STRING", "class":"0x7fb1f80b7578", "frozen":true, "embedded":true, "fstring":true, "bytesize":13, "value":"rubylibprefix", "memsize":40, "flags":{"wb_protected":true, "old":true, "uncollectible":true, "marked":true}}
{"address":"0x7fb1f8035730", "type":"STRING", "class":"0x7fb1f80b7578", "frozen":true, "embedded":true, "fstring":true, "bytesize":9, "value":"UTF_8_MAC", "encoding":"US-ASCII", "memsize":40, "flags":{"wb_protected":true, "old":true, "uncollectible":true, "marked":true}}
{"address":"0x7fb1f8035758", "type":"STRING", "class":"0x7fb1f80b7578", "frozen":true, "embedded":true, "fstring":true, "bytesize":13, "value":"TEST_RUNNABLE", "memsize":40, "flags":{"wb_protected":true, "old":true, "uncollectible":true, "marked":true}}
{"address":"0x7fb1f8035780", "type":"STRING", "class":"0x7fb1f80b7578", "frozen":true, "embedded":true, "fstring":true, "bytesize":8, "value":"UTF8_MAC", "encoding":"US-ASCII", "memsize":40, "flags":{"wb_protected":true, "old":true, "uncollectible":true, "marked":true}}
{"address":"0x7fb1f80357a8", "type":"STRING", "class":"0x7fb1f80b7578", "frozen":true, "embedded":true, "fstring":true, "bytesize":15, "value":"CROSS_COMPILING", "memsize":40, "flags":{"wb_protected":true, "old":true, "uncollectible":true, "marked":true}}
{"address":"0x7fb1f80357d0", "type":"STRING", "class":"0x7fb1f80b7578", "frozen":true, "embedded":true, "fstring":true, "bytesize":7, "value":"CP65001", "encoding":"US-ASCII", "memsize":40, "flags":{"wb_protected":true, "old":true, "uncollectible":true, "marked":true}}
{"address":"0x7fb1f80357f8", "type":"STRING", "class":"0x7fb1f80b7578", "frozen":true, "fstring":true, "bytesize":32, "value":"miniruby$(EXEEXT) exe/$(PROGRAM)", "memsize":73, "flags":{"wb_protected":true, "old":true, "uncollectible":true, "marked":true}}
{"address":"0x7fb1f8035820", "type":"STRING", "class":"0x7fb1f80b7578", "frozen":true, "embedded":true, "fstring":true, "bytesize":7, "value":"CP65000", "encoding":"US-ASCII", "memsize":40, "flags":{"wb_protected":true, "old":true, "uncollectible":true, "marked":true}}
{"address":"0x7fb1f8035848", "type":"STRING", "class":"0x7fb1f80b7578", "frozen":true, "embedded":true, "fstring":true, "bytesize":4, "value":"PREP", "memsize":40, "flags":{"wb_protected":true, "old":true, "uncollectible":true, "marked":true}}
{"address":"0x7fb1f8035870", "type":"STRING", "class":"0x7fb1f80b7578", "frozen":true, "embedded":true, "fstring":true, "bytesize":5, "value":"UTF_7", "encoding":"US-ASCII", "memsize":40, "flags":{"wb_protected":true, "old":true, "uncollectible":true, "marked":true}}
{"address":"0x7fb1f8035898", "type":"STRING", "class":"0x7fb1f80b7578", "frozen":true, "embedded":true, "fstring":true, "bytesize":19, "value":"rdoc/markup/rule.rb", "encoding":"UTF-8", "memsize":40, "flags":{"wb_protected":true, "old":true, "uncollectible":true, "marked":true}}
{"address":"0x7fb1f80358c0", "type":"DATA", "class":"0x7fb1f80bdc48", "struct":"encoding", "memsize":40, "flags":{"uncollectible":true, "marked":true}}
{"address":"0x7fb1f80358e8", "type":"STRING", "class":"0x7fb1f80b7578", "frozen":true, "embedded":true, "fstring":true, "bytesize":14, "value":"ANSI_X3_4_1968", "encoding":"US-ASCII", "memsize":40, "flags":{"wb_protected":true, "old":true, "uncollectible":true, "marked":true}}
{"address":"0x7fb1f8035910", "type":"STRING", "class":"0x7fb1f80b7578", "frozen":true, "embedded":true, "fstring":true, "bytesize":6, "value":"EXTOUT", "memsize":40, "flags":{"wb_protected":true, "old":true, "uncollectible":true, "marked":true}}
{"address":"0x7fb1f8035938", "type":"STRING", "class":"0x7fb1f80b7578", "frozen":true, "embedded":true, "fstring":true, "bytesize":5, "value":"ASCII", "encoding":"US-ASCII", "memsize":40, "flags":{"wb_protected":true, "old":true, "uncollectible":true, "marked":true}}
{"address":"0x7fb1f8035960", "type":"STRING", "class":"0x7fb1f80b7578", "frozen":true, "embedded":true, "fstring":true, "bytesize":16, "value":"LIBRUBY_RELATIVE", "memsize":40, "flags":{"wb_protected":true, "old":true, "uncollectible":true, "marked":true}}
{"address":"0x7fb1f8035988", "type":"STRING", "class":"0x7fb1f80b7578", "frozen":true, "embedded":true, "fstring":true, "bytesize":8, "value":"MACJAPAN", "encoding":"US-ASCII", "memsize":40, "flags":{"wb_protected":true, "old":true, "uncollectible":true, "marked":true}}
{"address":"0x7fb1f80359b0", "type":"STRING", "class":"0x7fb1f80b7578", "frozen":true, "embedded":true, "fstring":true, "bytesize":8, "value":"ARCHFILE", "memsize":40, "flags":{"wb_protected":true, "old":true, "uncollectible":true, "marked":true}}
{"address":"0x7fb1f80359d8", "type":"STRING", "class":"0x7fb1f80b7578", "frozen":true, "embedded":true, "fstring":true, "bytesize":8, "value":"MacJapan", "encoding":"US-ASCII", "memsize":40, "flags":{"wb_protected":true, "old":true, "uncollectible":true, "marked":true}}
{"address":"0x7fb1f8035a00", "type":"STRING", "class":"0x7fb1f80b7578", "frozen":true, "embedded":true, "fstring":true, "bytesize":15, "value":"EXECUTABLE_EXTS", "memsize":40, "flags":{"wb_protected":true, "old":true, "uncollectible":true, "marked":true}}
{"address":"0x7fb1f8035a28", "type":"STRING", "class":"0x7fb1f80b7578", "frozen":true, "embedded":true, "fstring":true, "bytesize":11, "value":"MACJAPANESE", "encoding":"US-ASCII", "memsize":40, "flags":{"wb_protected":true, "old":true, "uncollectible":true, "marked":true}}
{"address":"0x7fb1f8035a50", "type":"STRING", "class":"0x7fb1f80b7578", "frozen":true, "embedded":true, "fstring":true, "bytesize":12, "value":"MJIT_SUPPORT", "memsize":40, "flags":{"wb_protected":true, "old":true, "uncollectible":true, "marked":true}}
{"address":"0x7fb1f8035a78", "type":"STRING", "class":"0x7fb1f80b7578", "frozen":true, "embedded":true, "fstring":true, "bytesize":11, "value":"MacJapanese", "encoding":"US-ASCII", "memsize":40, "flags":{"wb_protected":true, "old":true, "uncollectible":true, "marked":true}}
{"address":"0x7fb1f8035aa0", "type":"STRING", "class":"0x7fb1f80b7578", "frozen":true, "fstring":true, "bytesize":30, "value":"rdoc/markup/regexp_handling.rb", "encoding":"UTF-8", "memsize":71, "flags":{"wb_protected":true, "old":true, "uncollectible":true, "marked":true}}
{"address":"0x7fb1f8035ac8", "type":"DATA", "class":"0x7fb1f80bdc48", "struct":"encoding", "memsize":40, "flags":{"uncollectible":true, "marked":true}}
{"address":"0x7fb1f8035af0", "type":"STRING", "class":"0x7fb1f80b7578", "frozen":true, "embedded":true, "fstring":true, "bytesize":5, "value":"CP878", "encoding":"US-ASCII", "memsize":40, "flags":{"wb_protected":true, "old":true, "uncollectible":true, "marked":true}}
{"address":"0x7fb1f8035b18", "type":"STRING", "class":"0x7fb1f80b7578", "frozen":true, "embedded":true, "fstring":true, "bytesize":22, "value":"INSTALL_STATIC_LIBRARY", "memsize":40, "flags":{"wb_protected":true, "old":true, "uncollectible":true, "marked":true}}
{"address":"0x7fb1f8035b40", "type":"STRING", "class":"0x7fb1f80b7578", "frozen":true, "embedded":true, "fstring":true, "bytesize":10, "value":"ISO8859_16", "encoding":"US-ASCII", "memsize":40, "flags":{"wb_protected":true, "old":true, "uncollectible":true, "marked":true}}
{"address":"0x7fb1f8035b68", "type":"STRING", "class":"0x7fb1f80b7578", "frozen":true, "embedded":true, "fstring":true, "bytesize":18, "value":"rdoc/markup/raw.rb", "encoding":"UTF-8", "memsize":40, "flags":{"wb_protected":true, "old":true, "uncollectible":true, "marked":true}}
{"address":"0x7fb1f8035b90", "type":"STRING", "class":"0x7fb1f80b7578", "frozen":true, "embedded":true, "fstring":true, "bytesize":10, "value":"ISO8859_15", "encoding":"US-ASCII", "memsize":40, "flags":{"wb_protected":true, "old":true, "uncollectible":true, "marked":true}}
{"address":"0x7fb1f8035bb8", "type":"STRING", "class":"0x7fb1f80b7578", "frozen":true, "embedded":true, "fstring":true, "bytesize":6, "value":"DLNOBJ", "memsize":40, "flags":{"wb_protected":true, "old":true, "uncollectible":true, "marked":true}}
{"address":"0x7fb1f8035be0", "type":"STRING", "class":"0x7fb1f80b7578", "frozen":true, "embedded":true, "fstring":true, "bytesize":10, "value":"ISO8859_14", "encoding":"US-ASCII", "memsize":40, "flags":{"wb_protected":true, "old":true, "uncollectible":true, "marked":true}}
{"address":"0x7fb1f8035c08", "type":"STRING", "class":"0x7fb1f80b7578", "frozen":true, "embedded":true, "fstring":true, "bytesize":16, "value":"ENABLE_DEBUG_ENV", "memsize":40, "flags":{"wb_protected":true, "old":true, "uncollectible":true, "marked":true}}
{"address":"0x7fb1f8035c30", "type":"STRING", "class":"0x7fb1f80b7578", "frozen":true, "embedded":true, "fstring":true, "bytesize":10, "value":"ISO8859_13", "encoding":"US-ASCII", "memsize":40, "flags":{"wb_protected":true, "old":true, "uncollectible":true, "marked":true}}
{"address":"0x7fb1f8035c58", "type":"STRING", "class":"0x7fb1f80b7578", "frozen":true, "fstring":true, "bytesize":26, "value":"rdoc/markup/pre_process.rb", "encoding":"UTF-8", "memsize":67, "flags":{"wb_protected":true, "old":true, "uncollectible":true, "marked":true}}
{"address":"0x7fb1f8035c80", "type":"STRING", "class":"0x7fb1f80b7578", "frozen":true, "embedded":true, "fstring":true, "bytesize":5, "value":"CP874", "encoding":"US-ASCII", "memsize":40, "flags":{"wb_protected":true, "old":true, "uncollectible":true, "marked":true}}
{"address":"0x7fb1f8035ca8", "type":"STRING", "class":"0x7fb1f80b7578", "frozen":true, "embedded":true, "fstring":true, "bytesize":7, "value":"NULLCMD", "memsize":40, "flags":{"wb_protected":true, "old":true, "uncollectible":true, "marked":true}}
{"address":"0x7fb1f8035cd0", "type":"STRING", "class":"0x7fb1f80b7578", "frozen":true, "embedded":true, "fstring":true, "bytesize":11, "value":"WINDOWS_874", "encoding":"US-ASCII", "memsize":40, "flags":{"wb_protected":true, "old":true, "uncollectible":true, "marked":true}}
{"address":"0x7fb1f8035cf8", "type":"STRING", "class":"0x7fb1f80b7578", "frozen":true, "embedded":true, "fstring":true, "bytesize":21, "value":"rdoc/markup/parser.rb", "encoding":"UTF-8", "memsize":40, "flags":{"wb_protected":true, "old":true, "uncollectible":true, "marked":true}}
{"address":"0x7fb1f8035d20", "type":"STRING", "class":"0x7fb1f80b7578", "frozen":true, "embedded":true, "fstring":true, "bytesize":11, "value":"Windows_874", "encoding":"US-ASCII", "memsize":40, "flags":{"wb_protected":true, "old":true, "uncollectible":true, "marked":true}}
{"address":"0x7fb1f8035d48", "type":"STRING", "class":"0x7fb1f80b7578", "frozen":true, "embedded":true, "fstring":true, "bytesize":8, "value":"optflags", "memsize":40, "flags":{"wb_protected":true, "old":true, "uncollectible":true, "marked":true}}
{"address":"0x7fb1f8035d70", "type":"DATA", "class":"0x7fb1f80bdc48", "struct":"encoding", "memsize":40, "flags":{"uncollectible":true, "marked":true}}
{"address":"0x7fb1f8035d98", "type":"STRING", "class":"0x7fb1f80b7578", "frozen":true, "embedded":true, "fstring":true, "bytesize":7, "value":"TIS_620", "encoding":"US-ASCII", "memsize":40, "flags":{"wb_protected":true, "old":true, "uncollectible":true, "marked":true}}
{"address":"0x7fb1f8035dc0", "type":"STRING", "class":"0x7fb1f80b7578", "frozen":true, "fstring":true, "bytesize":24, "value":"rdoc/markup/paragraph.rb", "encoding":"UTF-8", "memsize":65, "flags":{"wb_protected":true, "old":true, "uncollectible":true, "marked":true}}
{"address":"0x7fb1f8035de8", "type":"DATA", "class":"0x7fb1f80bdc48", "struct":"encoding", "memsize":40, "flags":{"uncollectible":true, "marked":true}}
{"address":"0x7fb1f8035e10", "type":"STRING", "class":"0x7fb1f80b7578", "frozen":true, "embedded":true, "fstring":true, "bytesize":10, "value":"ISO8859_11", "encoding":"US-ASCII", "memsize":40, "flags":{"wb_protected":true, "old":true, "uncollectible":true, "marked":true}}
{"address":"0x7fb1f8035e38", "type":"STRING", "class":"0x7fb1f80b7578", "frozen":true, "embedded":true, "fstring":true, "bytesize":10, "value":"debugflags", "memsize":40, "flags":{"wb_protected":true, "old":true, "uncollectible":true, "marked":true}}
{"address":"0x7fb1f8035e60", "type":"STRING", "class":"0x7fb1f80b7578", "frozen":true, "embedded":true, "fstring":true, "bytesize":10, "value":"ISO8859_10", "encoding":"US-ASCII", "memsize":40, "flags":{"wb_protected":true, "old":true, "uncollectible":true, "marked":true}}
{"address":"0x7fb1f8035e88", "type":"STRING", "class":"0x7fb1f80b7578", "frozen":true, "fstring":true, "bytesize":418, "value":"-Wall -Wextra -Wdeprecated-declarations -Wdivision-by-zero -Wimplicit-function-declaration -Wimplicit-int -Wpointer-arith -Wshorten-64-to-32 -Wwrite-strings -Wmissing-noreturn -Wno-constant-logical-operand -Wno-long-long -Wno-missing-field-initializers -Wno-overlength-strings -Wno-parentheses-equality -Wno-self-assign -Wno-tautological-compare -Wno-unused-parameter -Wno-unused-value -Wunused-variable -Wextra-tokens", "memsize":459, "flags":{"wb_protected":true, "old":true, "uncollectible":true, "marked":true}}
{"address":"0x7fb1f8035eb0", "type":"STRING", "class":"0x7fb1f80b7578", "frozen":true, "embedded":true, "fstring":true, "bytesize":9, "value":"ISO8859_9", "encoding":"US-ASCII", "memsize":40, "flags":{"wb_protected":true, "old":true, "uncollectible":true, "marked":true}}
{"address":"0x7fb1f8035ed8", "type":"STRING", "class":"0x7fb1f80b7578", "frozen":true, "embedded":true, "fstring":true, "bytesize":9, "value":"warnflags", "memsize":40, "flags":{"wb_protected":true, "old":true, "uncollectible":true, "marked":true}}
{"address":"0x7fb1f8035f00", "type":"STRING", "class":"0x7fb1f80b7578", "frozen":true, "embedded":true, "fstring":true, "bytesize":6, "value":"CP1255", "encoding":"US-ASCII", "memsize":40, "flags":{"wb_protected":true, "old":true, "uncollectible":true, "marked":true}}
{"address":"0x7fb1f8035f28", "type":"STRING", "class":"0x7fb1f80b7578", "frozen":true, "fstring":true, "bytesize":24, "value":"rdoc/markup/list_item.rb", "encoding":"UTF-8", "memsize":65, "flags":{"wb_protected":true, "old":true, "uncollectible":true, "marked":true}}
{"address":"0x7fb1f8035f50", "type":"STRING", "class":"0x7fb1f80b7578", "frozen":true, "embedded":true, "fstring":true, "bytesize":12, "value":"WINDOWS_1255", "encoding":"US-ASCII", "memsize":40, "flags":{"wb_protected":true, "old":true, "uncollectible":true, "marked":true}}
{"address":"0x7fb1f8035f78", "type":"STRING", "class":"0x7fb1f80b7578", "frozen":true, "embedded":true, "fstring":true, "bytesize":16, "value":"strict_warnflags", "memsize":40, "flags":{"wb_protected":true, "old":true, "uncollectible":true, "marked":true}}
{"address":"0x7fb1f8035fa0", "type":"STRING", "class":"0x7fb1f80b7578", "frozen":true, "embedded":true, "fstring":true, "bytesize":12, "value":"Windows_1255", "encoding":"US-ASCII", "memsize":40, "flags":{"wb_protected":true, "old":true, "uncollectible":true, "marked":true}}
{"address":"0x7fb1f8035fc8", "type":"STRING", "class":"0x7fb1f80b7578", "frozen":true, "embedded":true, "fstring":true, "bytesize":10, "value":"EXTLDFLAGS", "memsize":40, "flags":{"wb_protected":true, "old":true, "uncollectible":true, "marked":true}}
{"address":"0x7fb1f8035ff0", "type":"DATA", "class":"0x7fb1f80bdc48", "struct":"encoding", "memsize":40, "flags":{"uncollectible":true, "marked":true}}
{"address":"0x7fb1f8036018", "type":"STRING", "class":"0x7fb1f80b7578", "frozen":true, "embedded":true, "fstring":true, "bytesize":9, "value":"ISO8859_8", "encoding":"US-ASCII", "memsize":40, "flags":{"wb_protected":true, "old":true, "uncollectible":true, "marked":true}}
{"address":"0x7fb1f8036040", "type":"STRING", "class":"0x7fb1f80b7578", "frozen":true, "embedded":true, "fstring":true, "bytesize":11, "value":"EXTDLDFLAGS", "memsize":40, "flags":{"wb_protected":true, "old":true, "uncollectible":true, "marked":true}}
{"address":"0x7fb1f8036068", "type":"STRING", "class":"0x7fb1f80b7578", "frozen":true, "embedded":true, "fstring":true, "bytesize":9, "value":"ISO8859_7", "encoding":"US-ASCII", "memsize":40, "flags":{"wb_protected":true, "old":true, "uncollectible":true, "marked":true}}
{"address":"0x7fb1f8036090", "type":"STRING", "class":"0x7fb1f80b7578", "frozen":true, "embedded":true, "fstring":true, "bytesize":18, "value":"rubyw_install_name", "memsize":40, "flags":{"wb_protected":true, "old":true, "uncollectible":true, "marked":true}}
{"address":"0x7fb1f80360b8", "type":"STRING", "class":"0x7fb1f80b7578", "frozen":true, "embedded":true, "fstring":true, "bytesize":6, "value":"CP1256", "encoding":"US-ASCII", "memsize":40, "flags":{"wb_protected":true, "old":true, "uncollectible":true, "marked":true}}
{"address":"0x7fb1f80360e0", "type":"STRING", "class":"0x7fb1f80b7578", "frozen":true, "embedded":true, "fstring":true, "bytesize":18, "value":"RUBYW_INSTALL_NAME", "memsize":40, "flags":{"wb_protected":true, "old":true, "uncollectible":true, "marked":true}}
{"address":"0x7fb1f8036108", "type":"STRING", "class":"0x7fb1f80b7578", "frozen":true, "embedded":true, "fstring":true, "bytesize":12, "value":"WINDOWS_1256", "encoding":"US-ASCII", "memsize":40, "flags":{"wb_protected":true, "old":true, "uncollectible":true, "marked":true}}
{"address":"0x7fb1f8036130", "type":"STRING", "class":"0x7fb1f80b7578", "frozen":true, "fstring":true, "bytesize":27, "value":"lib$(RUBY_SO_NAME)-static.a", "memsize":68, "flags":{"wb_protected":true, "old":true, "uncollectible":true, "marked":true}}
{"address":"0x7fb1f8036158", "type":"STRING", "class":"0x7fb1f80b7578", "frozen":true, "embedded":true, "fstring":true, "bytesize":12, "value":"Windows_1256", "encoding":"US-ASCII", "memsize":40, "flags":{"wb_protected":true, "old":true, "uncollectible":true, "marked":true}}
{"address":"0x7fb1f8036180", "type":"STRING", "class":"0x7fb1f80b7578", "frozen":true, "embedded":true, "fstring":true, "bytesize":9, "value":"LIBRUBY_A", "memsize":40, "flags":{"wb_protected":true, "old":true, "uncollectible":true, "marked":true}}
{"address":"0x7fb1f80361a8", "type":"DATA", "class":"0x7fb1f80bdc48", "struct":"encoding", "memsize":40, "flags":{"uncollectible":true, "marked":true}}
{"address":"0x7fb1f80361d0", "type":"STRING", "class":"0x7fb1f80b7578", "frozen":true, "embedded":true, "fstring":true, "bytesize":9, "value":"ISO8859_6", "encoding":"US-ASCII", "memsize":40, "flags":{"wb_protected":true, "old":true, "uncollectible":true, "marked":true}}
{"address":"0x7fb1f80361f8", "type":"STRING", "class":"0x7fb1f80b7578", "frozen":true, "fstring":true, "bytesize":51, "value":"lib$(RUBY_SO_NAME).$(SOEXT).$(RUBY_PROGRAM_VERSION)", "memsize":92, "flags":{"wb_protected":true, "old":true, "uncollectible":true, "marked":true}}
{"address":"0x7fb1f8036220", "type":"STRING", "class":"0x7fb1f80b7578", "frozen":true, "embedded":true, "fstring":true, "bytesize":9, "value":"ISO8859_5", "encoding":"US-ASCII", "memsize":40, "flags":{"wb_protected":true, "old":true, "uncollectible":true, "marked":true}}
{"address":"0x7fb1f8036248", "type":"STRING", "class":"0x7fb1f80b7578", "frozen":true, "embedded":true, "fstring":true, "bytesize":10, "value":"LIBRUBY_SO", "memsize":40, "flags":{"wb_protected":true, "old":true, "uncollectible":true, "marked":true}}
{"address":"0x7fb1f8036270", "type":"STRING", "class":"0x7fb1f80b7578", "frozen":true, "embedded":true, "fstring":true, "bytesize":9, "value":"ISO8859_4", "encoding":"US-ASCII", "memsize":40, "flags":{"wb_protected":true, "old":true, "uncollectible":true, "marked":true}}
{"address":"0x7fb1f8036298", "type":"STRING", "class":"0x7fb1f80b7578", "frozen":true, "fstring":true, "bytesize":47, "value":"lib$(RUBY_SO_NAME).$(SOEXT).$(RUBY_API_VERSION)", "memsize":88, "flags":{"wb_protected":true, "old":true, "uncollectible":true, "marked":true}}
{"address":"0x7fb1f80362c0", "type":"STRING", "class":"0x7fb1f80b7578", "frozen":true, "embedded":true, "fstring":true, "bytesize":9, "value":"ISO8859_3", "encoding":"US-ASCII", "memsize":40, "flags":{"wb_protected":true, "old":true, "uncollectible":true, "marked":true}}
{"address":"0x7fb1f80362e8", "type":"STRING", "class":"0x7fb1f80b7578", "frozen":true, "embedded":true, "fstring":true, "bytesize":14, "value":"LIBRUBY_SONAME", "memsize":40, "flags":{"wb_protected":true, "old":true, "uncollectible":true, "marked":true}}
{"address":"0x7fb1f8036310", "type":"STRING", "class":"0x7fb1f80b7578", "frozen":true, "embedded":true, "fstring":true, "bytesize":9, "value":"ISO8859_2", "encoding":"US-ASCII", "memsize":40, "flags":{"wb_protected":true, "old":true, "uncollectible":true, "marked":true}}
{"address":"0x7fb1f8036338", "type":"STRING", "class":"0x7fb1f80b7578", "frozen":true, "fstring":true, "bytesize":27, "value":"lib$(RUBY_SO_NAME).$(SOEXT)", "memsize":68, "flags":{"wb_protected":true, "old":true, "uncollectible":true, "marked":true}}
{"address":"0x7fb1f8036360", "type":"STRING", "class":"0x7fb1f80b7578", "frozen":true, "embedded":true, "fstring":true, "bytesize":9, "value":"ISO8859_1", "encoding":"US-ASCII", "memsize":40, "flags":{"wb_protected":true, "old":true, "uncollectible":true, "marked":true}}
{"address":"0x7fb1f8036388", "type":"STRING", "class":"0x7fb1f80b7578", "frozen":true, "embedded":true, "fstring":true, "bytesize":15, "value":"LIBRUBY_ALIASES", "memsize":40, "flags":{"wb_protected":true, "old":true, "uncollectible":true, "marked":true}}
{"address":"0x7fb1f80363b0", "type":"STRING", "class":"0x7fb1f80b7578", "frozen":true, "embedded":true, "fstring":true, "bytesize":7, "value":"CP50221", "encoding":"US-ASCII", "memsize":40, "flags":{"wb_protected":true, "old":true, "uncollectible":true, "marked":true}}
{"address":"0x7fb1f80363d8", "type":"STRING", "class":"0x7fb1f80b7578", "frozen":true, "embedded":true, "fstring":true, "bytesize":19, "value":"rdoc/markup/list.rb", "encoding":"UTF-8", "memsize":40, "flags":{"wb_protected":true, "old":true, "uncollectible":true, "marked":true}}
{"address":"0x7fb1f8036400", "type":"DATA", "class":"0x7fb1f80bdc48", "struct":"encoding", "memsize":40, "flags":{"uncollectible":true, "marked":true}}
{"address":"0x7fb1f8036428", "type":"STRING", "class":"0x7fb1f80b7578", "frozen":true, "embedded":true, "fstring":true, "bytesize":7, "value":"CP50220", "encoding":"US-ASCII", "memsize":40, "flags":{"wb_protected":true, "old":true, "uncollectible":true, "marked":true}}
{"address":"0x7fb1f8036450", "type":"STRING", "class":"0x7fb1f80b7578", "frozen":true, "embedded":true, "fstring":true, "bytesize":7, "value":"LIBRUBY", "memsize":40, "flags":{"wb_protected":true, "old":true, "uncollectible":true, "marked":true}}
{"address":"0x7fb1f8036478", "type":"DATA", "class":"0x7fb1f80bdc48", "struct":"encoding", "memsize":40, "flags":{"uncollectible":true, "marked":true}}
{"address":"0x7fb1f80364a0", "type":"STRING", "class":"0x7fb1f80b7578", "frozen":true, "embedded":true, "fstring":true, "bytesize":11, "value":"ISO2022_JP2", "encoding":"US-ASCII", "memsize":40, "flags":{"wb_protected":true, "old":true, "uncollectible":true, "marked":true}}
{"address":"0x7fb1f80364c8", "type":"STRING", "class":"0x7fb1f80b7578", "frozen":true, "fstring":true, "bytesize":33, "value":"rdoc/markup/indented_paragraph.rb", "encoding":"UTF-8", "memsize":74, "flags":{"wb_protected":true, "old":true, "uncollectible":true, "marked":true}}
{"address":"0x7fb1f80364f0", "type":"STRING", "class":"0x7fb1f80b7578", "frozen":true, "embedded":true, "fstring":true, "bytesize":13, "value":"ISO_2022_JP_2", "encoding":"US-ASCII", "memsize":40, "flags":{"wb_protected":true, "old":true, "uncollectible":true, "marked":true}}
{"address":"0x7fb1f8036518", "type":"STRING", "class":"0x7fb1f80b7578", "frozen":true, "embedded":true, "fstring":true, "bytesize":10, "value":"LIBRUBYARG", "memsize":40, "flags":{"wb_protected":true, "old":true, "uncollectible":true, "marked":true}}
{"address":"0x7fb1f8036540", "type":"DATA", "class":"0x7fb1f80bdc48", "struct":"encoding", "memsize":40, "flags":{"uncollectible":true, "marked":true}}
{"address":"0x7fb1f8036568", "type":"STRING", "class":"0x7fb1f80b7578", "frozen":true, "embedded":true, "fstring":true, "bytesize":10, "value":"ISO2022_JP", "encoding":"US-ASCII", "memsize":40, "flags":{"wb_protected":true, "old":true, "uncollectible":true, "marked":true}}
{"address":"0x7fb1f8036590", "type":"STRING", "class":"0x7fb1f80b7578", "frozen":true, "fstring":true, "bytesize":78, "value":"-l$(RUBY_SO_NAME)-static -framework Security -framework Foundation $(MAINLIBS)", "memsize":119, "flags":{"wb_protected":true, "old":true, "uncollectible":true, "marked":true}}
{"address":"0x7fb1f80365b8", "type":"STRING", "class":"0x7fb1f80b7578", "frozen":true, "embedded":true, "fstring":true, "bytesize":11, "value":"ISO_2022_JP", "encoding":"US-ASCII", "memsize":40, "flags":{"wb_protected":true, "old":true, "uncollectible":true, "marked":true}}
{"address":"0x7fb1f80365e0", "type":"STRING", "class":"0x7fb1f80b7578", "frozen":true, "embedded":true, "fstring":true, "bytesize":17, "value":"LIBRUBYARG_STATIC", "memsize":40, "flags":{"wb_protected":true, "old":true, "uncollectible":true, "marked":true}}
{"address":"0x7fb1f8036608", "type":"DATA", "class":"0x7fb1f80bdc48", "struct":"encoding", "memsize":40, "flags":{"uncollectible":true, "marked":true}}
{"address":"0x7fb1f8036630", "type":"STRING", "class":"0x7fb1f80b7578", "frozen":true, "embedded":true, "fstring":true, "bytesize":5, "value":"CP936", "encoding":"US-ASCII", "memsize":40, "flags":{"wb_protected":true, "old":true, "uncollectible":true, "marked":true}}
{"address":"0x7fb1f8036658", "type":"STRING", "class":"0x7fb1f80b7578", "frozen":true, "embedded":true, "fstring":true, "bytesize":17, "value":"LIBRUBYARG_SHARED", "memsize":40, "flags":{"wb_protected":true, "old":true, "uncollectible":true, "marked":true}}
{"address":"0x7fb1f8036680", "type":"STRING", "class":"0x7fb1f80b7578", "frozen":true, "embedded":true, "fstring":true, "bytesize":7, "value":"GB12345", "encoding":"US-ASCII", "memsize":40, "flags":{"wb_protected":true, "old":true, "uncollectible":true, "marked":true}}
{"address":"0x7fb1f80366a8", "type":"STRING", "class":"0x7fb1f80b7578", "frozen":true, "embedded":true, "fstring":true, "bytesize":22, "value":"rdoc/markup/include.rb", "encoding":"UTF-8", "memsize":40, "flags":{"wb_protected":true, "old":true, "uncollectible":true, "marked":true}}
{"address":"0x7fb1f80366d0", "type":"DATA", "class":"0x7fb1f80bdc48", "struct":"encoding", "memsize":40, "flags":{"uncollectible":true, "marked":true}}
{"address":"0x7fb1f80366f8", "type":"STRING", "class":"0x7fb1f80b7578", "frozen":true, "embedded":true, "fstring":true, "bytesize":5, "value":"EUCCN", "encoding":"US-ASCII", "memsize":40, "flags":{"wb_protected":true, "old":true, "uncollectible":true, "marked":true}}
{"address":"0x7fb1f8036720", "type":"STRING", "class":"0x7fb1f80b7578", "frozen":true, "embedded":true, "fstring":true, "bytesize":6, "value":"SOLIBS", "memsize":40, "flags":{"wb_protected":true, "old":true, "uncollectible":true, "marked":true}}
{"address":"0x7fb1f8036748", "type":"STRING", "class":"0x7fb1f80b7578", "frozen":true, "embedded":true, "fstring":true, "bytesize":5, "value":"EucCN", "encoding":"US-ASCII", "memsize":40, "flags":{"wb_protected":true, "old":true, "uncollectible":true, "marked":true}}
{"address":"0x7fb1f8036770", "type":"STRING", "class":"0x7fb1f80b7578", "frozen":true, "embedded":true, "fstring":true, "bytesize":7, "value":"DLDLIBS", "memsize":40, "flags":{"wb_protected":true, "old":true, "uncollectible":true, "marked":true}}
{"address":"0x7fb1f8036798", "type":"STRING", "class":"0x7fb1f80b7578", "frozen":true, "embedded":true, "fstring":true, "bytesize":6, "value":"EUC_CN", "encoding":"US-ASCII", "memsize":40, "flags":{"wb_protected":true, "old":true, "uncollectible":true, "marked":true}}
{"address":"0x7fb1f80367c0", "type":"STRING", "class":"0x7fb1f80b7578", "frozen":true, "embedded":true, "fstring":true, "bytesize":22, "value":"rdoc/markup/heading.rb", "encoding":"UTF-8", "memsize":40, "flags":{"wb_protected":true, "old":true, "uncollectible":true, "marked":true}}
{"address":"0x7fb1f80367e8", "type":"STRING", "class":"0x7fb1f80b7578", "frozen":true, "embedded":true, "fstring":true, "bytesize":6, "value":"GB2312", "encoding":"US-ASCII", "memsize":40, "flags":{"wb_protected":true, "old":true, "uncollectible":true, "marked":true}}
{"address":"0x7fb1f8036810", "type":"STRING", "class":"0x7fb1f80b7578", "frozen":true, "embedded":true, "fstring":true, "bytesize":9, "value":"DLDSHARED", "memsize":40, "flags":{"wb_protected":true, "old":true, "uncollectible":true, "marked":true}}
{"address":"0x7fb1f8036838", "type":"DATA", "class":"0x7fb1f80bdc48", "struct":"encoding", "memsize":40, "flags":{"uncollectible":true, "marked":true}}
{"address":"0x7fb1f8036860", "type":"STRING", "class":"0x7fb1f80b7578", "frozen":true, "embedded":true, "fstring":true, "bytesize":5, "value":"EUCTW", "encoding":"US-ASCII", "memsize":40, "flags":{"wb_protected":true, "old":true, "uncollectible":true, "marked":true}}
{"address":"0x7fb1f8036888", "type":"STRING", "class":"0x7fb1f80b7578", "frozen":true, "fstring":true, "bytesize":25, "value":"rdoc/markup/hard_break.rb", "encoding":"UTF-8", "memsize":66, "flags":{"wb_protected":true, "old":true, "uncollectible":true, "marked":true}}
{"address":"0x7fb1f80368b0", "type":"STRING", "class":"0x7fb1f80b7578", "frozen":true, "embedded":true, "fstring":true, "bytesize":5, "value":"EucTW", "encoding":"US-ASCII", "memsize":40, "flags":{"wb_protected":true, "old":true, "uncollectible":true, "marked":true}}
{"address":"0x7fb1f80368d8", "type":"STRING", "class":"0x7fb1f80b7578", "frozen":true, "embedded":true, "fstring":true, "bytesize":13, "value":"ENABLE_SHARED", "memsize":40, "flags":{"wb_protected":true, "old":true, "uncollectible":true, "marked":true}}
{"address":"0x7fb1f8036900", "type":"STRING", "class":"0x7fb1f80b7578", "frozen":true, "embedded":true, "fstring":true, "bytesize":5, "value":"EUCKR", "encoding":"US-ASCII", "memsize":40, "flags":{"wb_protected":true, "old":true, "uncollectible":true, "marked":true}}
{"address":"0x7fb1f8036928", "type":"STRING", "class":"0x7fb1f80b7578", "frozen":true, "fstring":true, "bytesize":27, "value":"-lpthread -lgmp -ldl -lobjc", "memsize":68, "flags":{"wb_protected":true, "old":true, "uncollectible":true, "marked":true}}
{"address":"0x7fb1f8036950", "type":"STRING", "class":"0x7fb1f80b7578", "frozen":true, "embedded":true, "fstring":true, "bytesize":5, "value":"EucKR", "encoding":"US-ASCII", "memsize":40, "flags":{"wb_protected":true, "old":true, "uncollectible":true, "marked":true}}
{"address":"0x7fb1f8036978", "type":"STRING", "class":"0x7fb1f80b7578", "frozen":true, "embedded":true, "fstring":true, "bytesize":8, "value":"MAINLIBS", "memsize":40, "flags":{"wb_protected":true, "old":true, "uncollectible":true, "marked":true}}
{"address":"0x7fb1f80369a0", "type":"STRING", "class":"0x7fb1f80b7578", "frozen":true, "embedded":true, "fstring":true, "bytesize":12, "value":"EUC_JISX0213", "encoding":"US-ASCII", "memsize":40, "flags":{"wb_protected":true, "old":true, "uncollectible":true, "marked":true}}
{"address":"0x7fb1f80369c8", "type":"STRING", "class":"0x7fb1f80b7578", "frozen":true, "embedded":true, "fstring":true, "bytesize":11, "value":"COMMON_LIBS", "memsize":40, "flags":{"wb_protected":true, "old":true, "uncollectible":true, "marked":true}}
{"address":"0x7fb1f80369f0", "type":"STRING", "class":"0x7fb1f80b7578", "frozen":true, "embedded":true, "fstring":true, "bytesize":12, "value":"EUC_JIS_2004", "encoding":"US-ASCII", "memsize":40, "flags":{"wb_protected":true, "old":true, "uncollectible":true, "marked":true}}
{"address":"0x7fb1f8036a18", "type":"STRING", "class":"0x7fb1f80b7578", "frozen":true, "embedded":true, "fstring":true, "bytesize":13, "value":"COMMON_MACROS", "memsize":40, "flags":{"wb_protected":true, "old":true, "uncollectible":true, "marked":true}}
{"address":"0x7fb1f8036a40", "type":"DATA", "class":"0x7fb1f80bdc48", "struct":"encoding", "memsize":40, "flags":{"uncollectible":true, "marked":true}}
{"address":"0x7fb1f8036a68", "type":"STRING", "class":"0x7fb1f80b7578", "frozen":true, "embedded":true, "fstring":true, "bytesize":7, "value":"CP51932", "encoding":"US-ASCII", "memsize":40, "flags":{"wb_protected":true, "old":true, "uncollectible":true, "marked":true}}
{"address":"0x7fb1f8036a90", "type":"STRING", "class":"0x7fb1f80b7578", "frozen":true, "embedded":true, "fstring":true, "bytesize":14, "value":"COMMON_HEADERS", "memsize":40, "flags":{"wb_protected":true, "old":true, "uncollectible":true, "marked":true}}
{"address":"0x7fb1f8036ab8", "type":"DATA", "class":"0x7fb1f80bdc48", "struct":"encoding", "memsize":40, "flags":{"uncollectible":true, "marked":true}}
{"address":"0x7fb1f8036ae0", "type":"STRING", "class":"0x7fb1f80b7578", "frozen":true, "embedded":true, "fstring":true, "bytesize":9, "value":"EUC_JP_MS", "encoding":"US-ASCII", "memsize":40, "flags":{"wb_protected":true, "old":true, "uncollectible":true, "marked":true}}
{"address":"0x7fb1f8036b08", "type":"STRING", "class":"0x7fb1f80b7578", "frozen":true, "embedded":true, "fstring":true, "bytesize":13, "value":"EXPORT_PREFIX", "memsize":40, "flags":{"wb_protected":true, "old":true, "uncollectible":true, "marked":true}}
{"address":"0x7fb1f8036b30", "type":"STRING", "class":"0x7fb1f80b7578", "frozen":true, "embedded":true, "fstring":true, "bytesize":8, "value":"EUCJP_MS", "encoding":"US-ASCII", "memsize":40, "flags":{"wb_protected":true, "old":true, "uncollectible":true, "marked":true}}
{"address":"0x7fb1f8036b58", "type":"STRING", "class":"0x7fb1f80b7578", "frozen":true, "fstring":true, "bytesize":24, "value":"rdoc/markup/formatter.rb", "encoding":"UTF-8", "memsize":65, "flags":{"wb_protected":true, "old":true, "uncollectible":true, "marked":true}}
{"address":"0x7fb1f8036b80", "type":"STRING", "class":"0x7fb1f80b7578", "frozen":true, "embedded":true, "fstring":true, "bytesize":8, "value":"EucJP_ms", "encoding":"US-ASCII", "memsize":40, "flags":{"wb_protected":true, "old":true, "uncollectible":true, "marked":true}}
{"address":"0x7fb1f8036ba8", "type":"STRING", "class":"0x7fb1f80b7578", "frozen":true, "embedded":true, "fstring":true, "bytesize":13, "value":"SYMBOL_PREFIX", "memsize":40, "flags":{"wb_protected":true, "old":true, "uncollectible":true, "marked":true}}
{"address":"0x7fb1f8036bd0", "type":"DATA", "class":"0x7fb1f80bdc48", "struct":"encoding", "memsize":40, "flags":{"uncollectible":true, "marked":true}}
{"address":"0x7fb1f8036bf8", "type":"STRING", "class":"0x7fb1f80b7578", "frozen":true, "embedded":true, "fstring":true, "bytesize":5, "value":"EUCJP", "encoding":"US-ASCII", "memsize":40, "flags":{"wb_protected":true, "old":true, "uncollectible":true, "marked":true}}
{"address":"0x7fb1f8036c20", "type":"STRING", "class":"0x7fb1f80b7578", "frozen":true, "embedded":true, "fstring":true, "bytesize":23, "value":"rdoc/markup/document.rb", "encoding":"UTF-8", "memsize":40, "flags":{"wb_protected":true, "old":true, "uncollectible":true, "marked":true}}
{"address":"0x7fb1f8036c48", "type":"STRING", "class":"0x7fb1f80b7578", "frozen":true, "embedded":true, "fstring":true, "bytesize":5, "value":"EucJP", "encoding":"US-ASCII", "memsize":40, "flags":{"wb_protected":true, "old":true, "uncollectible":true, "marked":true}}
{"address":"0x7fb1f8036c70", "type":"STRING", "class":"0x7fb1f80b7578", "frozen":true, "embedded":true, "fstring":true, "bytesize":12, "value":"THREAD_MODEL", "memsize":40, "flags":{"wb_protected":true, "old":true, "uncollectible":true, "marked":true}}
{"address":"0x7fb1f8036c98", "type":"STRING", "class":"0x7fb1f80b7578", "frozen":true, "embedded":true, "fstring":true, "bytesize":21, "value":"STATELESS_ISO_2022_JP", "encoding":"US-ASCII", "memsize":40, "flags":{"wb_protected":true, "old":true, "uncollectible":true, "marked":true}}
{"address":"0x7fb1f8036cc0", "type":"STRING", "class":"0x7fb1f80b7578", "frozen":true, "embedded":true, "fstring":true, "bytesize":12, "value":"PLATFORM_DIR", "memsize":40, "flags":{"wb_protected":true, "old":true, "uncollectible":true, "marked":true}}
{"address":"0x7fb1f8036ce8", "type":"STRING", "class":"0x7fb1f80b7578", "frozen":true, "embedded":true, "fstring":true, "bytesize":21, "value":"Stateless_ISO_2022_JP", "encoding":"US-ASCII", "memsize":40, "flags":{"wb_protected":true, "old":true, "uncollectible":true, "marked":true}}
{"address":"0x7fb1f8036d10", "type":"STRING", "class":"0x7fb1f80b7578", "frozen":true, "fstring":true, "bytesize":26, "value":"rdoc/markup/block_quote.rb", "encoding":"UTF-8", "memsize":67, "flags":{"wb_protected":true, "old":true, "uncollectible":true, "marked":true}}
{"address":"0x7fb1f8036d38", "type":"DATA", "class":"0x7fb1f80bdc48", "struct":"encoding", "memsize":40, "flags":{"uncollectible":true, "marked":true}}
{"address":"0x7fb1f8036d60", "type":"STRING", "class":"0x7fb1f80b7578", "frozen":true, "embedded":true, "fstring":true, "bytesize":12, "value":"EBCDIC_CP_US", "encoding":"US-ASCII", "memsize":40, "flags":{"wb_protected":true, "old":true, "uncollectible":true, "marked":true}}
{"address":"0x7fb1f8036d88", "type":"STRING", "class":"0x7fb1f80b7578", "frozen":true, "embedded":true, "fstring":true, "bytesize":9, "value":"MAKEFILES", "memsize":40, "flags":{"wb_protected":true, "old":true, "uncollectible":true, "marked":true}}
{"address":"0x7fb1f8036db0", "type":"STRING", "class":"0x7fb1f80b7578", "frozen":true, "embedded":true, "fstring":true, "bytesize":6, "value":"IBM037", "encoding":"US-ASCII", "memsize":40, "flags":{"wb_protected":true, "old":true, "uncollectible":true, "marked":true}}
{"address":"0x7fb1f8036dd8", "type":"STRING", "class":"0x7fb1f80b7578", "frozen":true, "fstring":true, "bytesize":24, "value":"$(rubylibprefix)/$(arch)", "memsize":65, "flags":{"wb_protected":true, "old":true, "uncollectible":true, "marked":true}}
{"address":"0x7fb1f8036e00", "type":"DATA", "class":"0x7fb1f80bdc48", "struct":"encoding", "memsize":40, "flags":{"uncollectible":true, "marked":true}}
{"address":"0x7fb1f8036e28", "type":"STRING", "class":"0x7fb1f80b7578", "frozen":true, "embedded":true, "fstring":true, "bytesize":5, "value":"CP951", "encoding":"US-ASCII", "memsize":40, "flags":{"wb_protected":true, "old":true, "uncollectible":true, "marked":true}}
{"address":"0x7fb1f8036e50", "type":"STRING", "class":"0x7fb1f80b7578", "frozen":true, "embedded":true, "fstring":true, "bytesize":14, "value":"rubyarchprefix", "memsize":40, "flags":{"wb_protected":true, "old":true, "uncollectible":true, "marked":true}}
{"address":"0x7fb1f8036e78", "type":"DATA", "class":"0x7fb1f80bdc48", "struct":"encoding", "memsize":40, "flags":{"uncollectible":true, "marked":true}}
{"address":"0x7fb1f8036ea0", "type":"STRING", "class":"0x7fb1f80b7578", "frozen":true, "embedded":true, "fstring":true, "bytesize":15, "value":"BIG5_HKSCS_2008", "encoding":"US-ASCII", "memsize":40, "flags":{"wb_protected":true, "old":true, "uncollectible":true, "marked":true}}
{"address":"0x7fb1f8036ec8", "type":"STRING", "class":"0x7fb1f80b7578", "frozen":true, "fstring":true, "bytesize":28, "value":"$(rubylibprefix)/$(sitearch)", "memsize":69, "flags":{"wb_protected":true, "old":true, "uncollectible":true, "marked":true}}
{"address":"0x7fb1f8036ef0", "type":"STRING", "class":"0x7fb1f80b7578", "frozen":true, "embedded":true, "fstring":true, "bytesize":15, "value":"Big5_HKSCS_2008", "encoding":"US-ASCII", "memsize":40, "flags":{"wb_protected":true, "old":true, "uncollectible":true, "marked":true}}
{"address":"0x7fb1f8036f18", "type":"STRING", "class":"0x7fb1f80b7578", "frozen":true, "embedded":true, "fstring":true, "bytesize":18, "value":"rubysitearchprefix", "memsize":40, "flags":{"wb_protected":true, "old":true, "uncollectible":true, "marked":true}}
{"address":"0x7fb1f8036f40", "type":"STRING", "class":"0x7fb1f80b7578", "frozen":true, "embedded":true, "fstring":true, "bytesize":5, "value":"CP950", "encoding":"US-ASCII", "memsize":40, "flags":{"wb_protected":true, "old":true, "uncollectible":true, "marked":true}}
{"address":"0x7fb1f8036f68", "type":"STRING", "class":"0x7fb1f80b7578", "frozen":true, "fstring":true, "bytesize":30, "value":"$(datarootdir)/$(RI_BASE_NAME)", "memsize":71, "flags":{"wb_protected":true, "old":true, "uncollectible":true, "marked":true}}
{"address":"0x7fb1f8036f90", "type":"DATA", "class":"0x7fb1f80bdc48", "struct":"encoding", "memsize":40, "flags":{"uncollectible":true, "marked":true}}
{"address":"0x7fb1f8036fb8", "type":"STRING", "class":"0x7fb1f80b7578", "frozen":true, "embedded":true, "fstring":true, "bytesize":10, "value":"MACUKRAINE", "encoding":"US-ASCII", "memsize":40, "flags":{"wb_protected":true, "old":true, "uncollectible":true, "marked":true}}
{"address":"0x7fb1f8036fe0", "type":"STRING", "class":"0x7fb1f80b7578", "frozen":true, "embedded":true, "fstring":true, "bytesize":5, "value":"ridir", "memsize":40, "flags":{"wb_protected":true, "old":true, "uncollectible":true, "marked":true}}
{"address":"0x7fb1f8037008", "type":"STRING", "class":"0x7fb1f80b7578", "frozen":true, "embedded":true, "fstring":true, "bytesize":10, "value":"MacUkraine", "encoding":"US-ASCII", "memsize":40, "flags":{"wb_protected":true, "old":true, "uncollectible":true, "marked":true}}
{"address":"0x7fb1f8037030", "type":"STRING", "class":"0x7fb1f80b7578", "frozen":true, "fstring":true, "bytesize":25, "value":"rdoc/markup/blank_line.rb", "encoding":"UTF-8", "memsize":66, "flags":{"wb_protected":true, "old":true, "uncollectible":true, "marked":true}}
{"address":"0x7fb1f8037058", "type":"DATA", "class":"0x7fb1f80bdc48", "struct":"encoding", "memsize":40, "flags":{"uncollectible":true, "marked":true}}
{"address":"0x7fb1f8037080", "type":"STRING", "class":"0x7fb1f80b7578", "frozen":true, "embedded":true, "fstring":true, "bytesize":10, "value":"MACTURKISH", "encoding":"US-ASCII", "memsize":40, "flags":{"wb_protected":true, "old":true, "uncollectible":true, "marked":true}}
{"address":"0x7fb1f80370a8", "type":"STRING", "class":"0x7fb1f80b7578", "frozen":true, "embedded":true, "fstring":true, "bytesize":12, "value":"RI_BASE_NAME", "memsize":40, "flags":{"wb_protected":true, "old":true, "uncollectible":true, "marked":true}}
{"address":"0x7fb1f80370d0", "type":"STRING", "class":"0x7fb1f80b7578", "frozen":true, "embedded":true, "fstring":true, "bytesize":10, "value":"MacTurkish", "encoding":"US-ASCII", "memsize":40, "flags":{"wb_protected":true, "old":true, "uncollectible":true, "marked":true}}
{"address":"0x7fb1f80370f8", "type":"STRING", "class":"0x7fb1f80b7578", "frozen":true, "fstring":true, "bytesize":25, "value":"rdoc/markup/attributes.rb", "encoding":"UTF-8", "memsize":66, "flags":{"wb_protected":true, "old":true, "uncollectible":true, "marked":true}}
{"address":"0x7fb1f8037120", "type":"DATA", "class":"0x7fb1f80bdc48", "struct":"encoding", "memsize":40, "flags":{"uncollectible":true, "marked":true}}
{"address":"0x7fb1f8037148", "type":"STRING", "class":"0x7fb1f80b7578", "frozen":true, "embedded":true, "fstring":true, "bytesize":7, "value":"MACTHAI", "encoding":"US-ASCII", "memsize":40, "flags":{"wb_protected":true, "old":true, "uncollectible":true, "marked":true}}
{"address":"0x7fb1f8037170", "type":"STRING", "class":"0x7fb1f80b7578", "frozen":true, "embedded":true, "fstring":true, "bytesize":22, "value":"RUBY_LIB_VERSION_STYLE", "memsize":40, "flags":{"wb_protected":true, "old":true, "uncollectible":true, "marked":true}}
{"address":"0x7fb1f8037198", "type":"STRING", "class":"0x7fb1f80b7578", "frozen":true, "embedded":true, "fstring":true, "bytesize":7, "value":"MacThai", "encoding":"US-ASCII", "memsize":40, "flags":{"wb_protected":true, "old":true, "uncollectible":true, "marked":true}}
{"address":"0x7fb1f80371c0", "type":"STRING", "class":"0x7fb1f80b7578", "frozen":true, "embedded":true, "fstring":true, "bytesize":16, "value":"RUBY_LIB_VERSION", "memsize":40, "flags":{"wb_protected":true, "old":true, "uncollectible":true, "marked":true}}
{"address":"0x7fb1f80371e8", "type":"DATA", "class":"0x7fb1f80bdc48", "struct":"encoding", "memsize":40, "flags":{"uncollectible":true, "marked":true}}
{"address":"0x7fb1f8037210", "type":"STRING", "class":"0x7fb1f80b7578", "frozen":true, "embedded":true, "fstring":true, "bytesize":10, "value":"MACROMANIA", "encoding":"US-ASCII", "memsize":40, "flags":{"wb_protected":true, "old":true, "uncollectible":true, "marked":true}}
{"address":"0x7fb1f8037238", "type":"STRING", "class":"0x7fb1f80b7578", "frozen":true, "embedded":true, "fstring":true, "bytesize":16, "value":"RUBY_EXEC_PREFIX", "memsize":40, "flags":{"wb_protected":true, "old":true, "uncollectible":true, "marked":true}}
{"address":"0x7fb1f8037260", "type":"STRING", "class":"0x7fb1f80b7578", "frozen":true, "embedded":true, "fstring":true, "bytesize":10, "value":"MacRomania", "encoding":"US-ASCII", "memsize":40, "flags":{"wb_protected":true, "old":true, "uncollectible":true, "marked":true}}
{"address":"0x7fb1f8037288", "type":"STRING", "class":"0x7fb1f80b7578", "frozen":true, "embedded":true, "fstring":true, "bytesize":6, "value":"libdir", "memsize":40, "flags":{"wb_protected":true, "old":true, "uncollectible":true, "marked":true}}
{"address":"0x7fb1f80372b0", "type":"DATA", "class":"0x7fb1f80bdc48", "struct":"encoding", "memsize":40, "flags":{"uncollectible":true, "marked":true}}
{"address":"0x7fb1f80372d8", "type":"STRING", "class":"0x7fb1f80b7578", "frozen":true, "embedded":true, "fstring":true, "bytesize":8, "value":"MACROMAN", "encoding":"US-ASCII", "memsize":40, "flags":{"wb_protected":true, "old":true, "uncollectible":true, "marked":true}}
{"address":"0x7fb1f8037300", "type":"STRING", "class":"0x7fb1f80b7578", "frozen":true, "embedded":true, "fstring":true, "bytesize":10, "value":"libdirname", "memsize":40, "flags":{"wb_protected":true, "old":true, "uncollectible":true, "marked":true}}
{"address":"0x7fb1f8037328", "type":"STRING", "class":"0x7fb1f80b7578", "frozen":true, "embedded":true, "fstring":true, "bytesize":8, "value":"MacRoman", "encoding":"US-ASCII", "memsize":40, "flags":{"wb_protected":true, "old":true, "uncollectible":true, "marked":true}}
{"address":"0x7fb1f8037350", "type":"STRING", "class":"0x7fb1f80b7578", "frozen":true, "fstring":true, "bytesize":32, "value":"rdoc/markup/attribute_manager.rb", "encoding":"UTF-8", "memsize":73, "flags":{"wb_protected":true, "old":true, "uncollectible":true, "marked":true}}
{"address":"0x7fb1f8037378", "type":"DATA", "class":"0x7fb1f80bdc48", "struct":"encoding", "memsize":40, "flags":{"uncollectible":true, "marked":true}}
{"address":"0x7fb1f80373a0", "type":"STRING", "class":"0x7fb1f80b7578", "frozen":true, "embedded":true, "fstring":true, "bytesize":10, "value":"MACICELAND", "encoding":"US-ASCII", "memsize":40, "flags":{"wb_protected":true, "old":true, "uncollectible":true, "marked":true}}
{"address":"0x7fb1f80373c8", "type":"STRING", "class":"0x7fb1f80b7578", "frozen":true, "embedded":true, "fstring":true, "bytesize":10, "value":"archlibdir", "memsize":40, "flags":{"wb_protected":true, "old":true, "uncollectible":true, "marked":true}}
{"address":"0x7fb1f80373f0", "type":"STRING", "class":"0x7fb1f80b7578", "frozen":true, "embedded":true, "fstring":true, "bytesize":10, "value":"MacIceland", "encoding":"US-ASCII", "memsize":40, "flags":{"wb_protected":true, "old":true, "uncollectible":true, "marked":true}}
{"address":"0x7fb1f8037418", "type":"STRING", "class":"0x7fb1f80b7578", "frozen":true, "fstring":true, "bytesize":24, "value":"rdoc/markup/attr_span.rb", "encoding":"UTF-8", "memsize":65, "flags":{"wb_protected":true, "old":true, "uncollectible":true, "marked":true}}
{"address":"0x7fb1f8037440", "type":"DATA", "class":"0x7fb1f80bdc48", "struct":"encoding", "memsize":40, "flags":{"uncollectible":true, "marked":true}}
{"address":"0x7fb1f8037468", "type":"STRING", "class":"0x7fb1f80b7578", "frozen":true, "embedded":true, "fstring":true, "bytesize":8, "value":"MACGREEK", "encoding":"US-ASCII", "memsize":40, "flags":{"wb_protected":true, "old":true, "uncollectible":true, "marked":true}}
{"address":"0x7fb1f8037490", "type":"STRING", "class":"0x7fb1f80b7578", "frozen":true, "embedded":true, "fstring":true, "bytesize":14, "value":"sitearchlibdir", "memsize":40, "flags":{"wb_protected":true, "old":true, "uncollectible":true, "marked":true}}
{"address":"0x7fb1f80374b8", "type":"STRING", "class":"0x7fb1f80b7578", "frozen":true, "embedded":true, "fstring":true, "bytesize":8, "value":"MacGreek", "encoding":"US-ASCII", "memsize":40, "flags":{"wb_protected":true, "old":true, "uncollectible":true, "marked":true}}
{"address":"0x7fb1f80374e0", "type":"STRING", "class":"0x7fb1f80b7578", "frozen":true, "fstring":true, "bytesize":27, "value":"rdoc/markup/attr_changer.rb", "encoding":"UTF-8", "memsize":68, "flags":{"wb_protected":true, "old":true, "uncollectible":true, "marked":true}}
{"address":"0x7fb1f8037508", "type":"DATA", "class":"0x7fb1f80bdc48", "struct":"encoding", "memsize":40, "flags":{"uncollectible":true, "marked":true}}
{"address":"0x7fb1f8037530", "type":"STRING", "class":"0x7fb1f80b7578", "frozen":true, "embedded":true, "fstring":true, "bytesize":11, "value":"MACCYRILLIC", "encoding":"US-ASCII", "memsize":40, "flags":{"wb_protected":true, "old":true, "uncollectible":true, "marked":true}}
{"address":"0x7fb1f8037558", "type":"STRING", "class":"0x7fb1f80b7578", "frozen":true, "embedded":true, "fstring":true, "bytesize":14, "value":"archincludedir", "memsize":40, "flags":{"wb_protected":true, "old":true, "uncollectible":true, "marked":true}}
{"address":"0x7fb1f8037580", "type":"STRING", "class":"0x7fb1f80b7578", "frozen":true, "embedded":true, "fstring":true, "bytesize":11, "value":"MacCyrillic", "encoding":"US-ASCII", "memsize":40, "flags":{"wb_protected":true, "old":true, "uncollectible":true, "marked":true}}
{"address":"0x7fb1f80375a8", "type":"STRING", "class":"0x7fb1f80b7578", "frozen":true, "fstring":true, "bytesize":25, "value":"$(includedir)/$(sitearch)", "memsize":66, "flags":{"wb_protected":true, "old":true, "uncollectible":true, "marked":true}}
{"address":"0x7fb1f80375d0", "type":"DATA", "class":"0x7fb1f80bdc48", "struct":"encoding", "memsize":40, "flags":{"uncollectible":true, "marked":true}}
{"address":"0x7fb1f80375f8", "type":"STRING", "class":"0x7fb1f80b7578", "frozen":true, "embedded":true, "fstring":true, "bytesize":11, "value":"MACCROATIAN", "encoding":"US-ASCII", "memsize":40, "flags":{"wb_protected":true, "old":true, "uncollectible":true, "marked":true}}
{"address":"0x7fb1f8037620", "type":"STRING", "class":"0x7fb1f80b7578", "frozen":true, "embedded":true, "fstring":true, "bytesize":18, "value":"sitearchincludedir", "memsize":40, "flags":{"wb_protected":true, "old":true, "uncollectible":true, "marked":true}}
{"address":"0x7fb1f8037648", "type":"STRING", "class":"0x7fb1f80b7578", "frozen":true, "embedded":true, "fstring":true, "bytesize":11, "value":"MacCroatian", "encoding":"US-ASCII", "memsize":40, "flags":{"wb_protected":true, "old":true, "uncollectible":true, "marked":true}}
{"address":"0x7fb1f8037670", "type":"STRING", "class":"0x7fb1f80b7578", "frozen":true, "embedded":true, "fstring":true, "bytesize":14, "value":"rdoc/markup.rb", "encoding":"UTF-8", "memsize":40, "flags":{"wb_protected":true, "old":true, "uncollectible":true, "marked":true}}
{"address":"0x7fb1f8037698", "type":"DATA", "class":"0x7fb1f80bdc48", "struct":"encoding", "memsize":40, "flags":{"uncollectible":true, "marked":true}}
{"address":"0x7fb1f80376c0", "type":"STRING", "class":"0x7fb1f80b7578", "frozen":true, "embedded":true, "fstring":true, "bytesize":11, "value":"MACCENTEURO", "encoding":"US-ASCII", "memsize":40, "flags":{"wb_protected":true, "old":true, "uncollectible":true, "marked":true}}
{"address":"0x7fb1f80376e8", "type":"STRING", "class":"0x7fb1f80b7578", "frozen":true, "embedded":true, "fstring":true, "bytesize":4, "value":"arch", "memsize":40, "flags":{"wb_protected":true, "old":true, "uncollectible":true, "marked":true}}
{"address":"0x7fb1f8037710", "type":"STRING", "class":"0x7fb1f80b7578", "frozen":true, "embedded":true, "fstring":true, "bytesize":11, "value":"MacCentEuro", "encoding":"US-ASCII", "memsize":40, "flags":{"wb_protected":true, "old":true, "uncollectible":true, "marked":true}}
{"address":"0x7fb1f8037738", "type":"STRING", "class":"0x7fb1f80b7578", "frozen":true, "fstring":true, "bytesize":25, "value":"rdoc/markdown/literals.rb", "encoding":"UTF-8", "memsize":66, "flags":{"wb_protected":true, "old":true, "uncollectible":true, "marked":true}}
{"address":"0x7fb1f8037760", "type":"DATA", "class":"0x7fb1f80bdc48", "struct":"encoding", "memsize":40, "flags":{"uncollectible":true, "marked":true}}
{"address":"0x7fb1f8037788", "type":"STRING", "class":"0x7fb1f80b7578", "frozen":true, "embedded":true, "fstring":true, "bytesize":6, "value":"GB1988", "encoding":"US-ASCII", "memsize":40, "flags":{"wb_protected":true, "old":true, "uncollectible":true, "marked":true}}
{"address":"0x7fb1f80377b0", "type":"STRING", "class":"0x7fb1f80b7578", "frozen":true, "embedded":true, "fstring":true, "bytesize":8, "value":"sitearch", "memsize":40, "flags":{"wb_protected":true, "old":true, "uncollectible":true, "marked":true}}
{"address":"0x7fb1f80377d8", "type":"DATA", "class":"0x7fb1f80bdc48", "struct":"encoding", "memsize":40, "flags":{"uncollectible":true, "marked":true}}
{"address":"0x7fb1f8037800", "type":"STRING", "class":"0x7fb1f80b7578", "frozen":true, "embedded":true, "fstring":true, "bytesize":6, "value":"CP1258", "encoding":"US-ASCII", "memsize":40, "flags":{"wb_protected":true, "old":true, "uncollectible":true, "marked":true}}
{"address":"0x7fb1f8037828", "type":"STRING", "class":"0x7fb1f80b7578", "frozen":true, "fstring":true, "bytesize":25, "value":"rdoc/markdown/entities.rb", "encoding":"UTF-8", "memsize":66, "flags":{"wb_protected":true, "old":true, "uncollectible":true, "marked":true}}
{"address":"0x7fb1f8037850", "type":"STRING", "class":"0x7fb1f80b7578", "frozen":true, "embedded":true, "fstring":true, "bytesize":12, "value":"WINDOWS_1258", "encoding":"US-ASCII", "memsize":40, "flags":{"wb_protected":true, "old":true, "uncollectible":true, "marked":true}}
{"address":"0x7fb1f8037878", "type":"STRING", "class":"0x7fb1f80b7578", "frozen":true, "embedded":true, "fstring":true, "bytesize":12, "value":"ruby_version", "memsize":40, "flags":{"wb_protected":true, "old":true, "uncollectible":true, "marked":true}}
{"address":"0x7fb1f80378a0", "type":"STRING", "class":"0x7fb1f80b7578", "frozen":true, "embedded":true, "fstring":true, "bytesize":12, "value":"Windows_1258", "encoding":"US-ASCII", "memsize":40, "flags":{"wb_protected":true, "old":true, "uncollectible":true, "marked":true}}
{"address":"0x7fb1f80378c8", "type":"STRING", "class":"0x7fb1f80b7578", "frozen":true, "fstring":true, "bytesize":32, "value":"$(rubylibprefix)/$(ruby_version)", "memsize":73, "flags":{"wb_protected":true, "old":true, "uncollectible":true, "marked":true}}
{"address":"0x7fb1f80378f0", "type":"DATA", "class":"0x7fb1f80bdc48", "struct":"encoding", "memsize":40, "flags":{"uncollectible":true, "marked":true}}
{"address":"0x7fb1f8037918", "type":"STRING", "class":"0x7fb1f80b7578", "frozen":true, "embedded":true, "fstring":true, "bytesize":5, "value":"CP869", "encoding":"US-ASCII", "memsize":40, "flags":{"wb_protected":true, "old":true, "uncollectible":true, "marked":true}}
{"address":"0x7fb1f8037940", "type":"STRING", "class":"0x7fb1f80b7578", "frozen":true, "embedded":true, "fstring":true, "bytesize":10, "value":"rubylibdir", "memsize":40, "flags":{"wb_protected":true, "old":true, "uncollectible":true, "marked":true}}
{"address":"0x7fb1f8037968", "type":"STRING", "class":"0x7fb1f80b7578", "frozen":true, "embedded":true, "fstring":true, "bytesize":6, "value":"IBM869", "encoding":"US-ASCII", "memsize":40, "flags":{"wb_protected":true, "old":true, "uncollectible":true, "marked":true}}
{"address":"0x7fb1f8037990", "type":"STRING", "class":"0x7fb1f80b7578", "frozen":true, "embedded":true, "fstring":true, "bytesize":16, "value":"rdoc/markdown.rb", "encoding":"UTF-8", "memsize":40, "flags":{"wb_protected":true, "old":true, "uncollectible":true, "marked":true}}
{"address":"0x7fb1f80379b8", "type":"DATA", "class":"0x7fb1f80bdc48", "struct":"encoding", "memsize":40, "flags":{"uncollectible":true, "marked":true}}
{"address":"0x7fb1f80379e0", "type":"STRING", "class":"0x7fb1f80b7578", "frozen":true, "embedded":true, "fstring":true, "bytesize":5, "value":"CP866", "encoding":"US-ASCII", "memsize":40, "flags":{"wb_protected":true, "old":true, "uncollectible":true, "marked":true}}
{"address":"0x7fb1f8037a08", "type":"STRING", "class":"0x7fb1f80b7578", "frozen":true, "embedded":true, "fstring":true, "bytesize":11, "value":"rubyarchdir", "memsize":40, "flags":{"wb_protected":true, "old":true, "uncollectible":true, "marked":true}}
{"address":"0x7fb1f8037a30", "type":"STRING", "class":"0x7fb1f80b7578", "frozen":true, "embedded":true, "fstring":true, "bytesize":6, "value":"IBM866", "encoding":"US-ASCII", "memsize":40, "flags":{"wb_protected":true, "old":true, "uncollectible":true, "marked":true}}
{"address":"0x7fb1f8037a58", "type":"STRING", "class":"0x7fb1f80b7578", "frozen":true, "fstring":true, "bytesize":26, "value":"$(rubylibprefix)/site_ruby", "memsize":67, "flags":{"wb_protected":true, "old":true, "uncollectible":true, "marked":true}}
{"address":"0x7fb1f8037a80", "type":"DATA", "class":"0x7fb1f80bdc48", "struct":"encoding", "memsize":40, "flags":{"uncollectible":true, "marked":true}}
{"address":"0x7fb1f8037aa8", "type":"STRING", "class":"0x7fb1f80b7578", "frozen":true, "embedded":true, "fstring":true, "bytesize":5, "value":"CP865", "encoding":"US-ASCII", "memsize":40, "flags":{"wb_protected":true, "old":true, "uncollectible":true, "marked":true}}
{"address":"0x7fb1f8037ad0", "type":"STRING", "class":"0x7fb1f80b7578", "frozen":true, "embedded":true, "fstring":true, "bytesize":7, "value":"sitedir", "memsize":40, "flags":{"wb_protected":true, "old":true, "uncollectible":true, "marked":true}}
{"address":"0x7fb1f8037af8", "type":"STRING", "class":"0x7fb1f80b7578", "frozen":true, "embedded":true, "fstring":true, "bytesize":6, "value":"IBM865", "encoding":"US-ASCII", "memsize":40, "flags":{"wb_protected":true, "old":true, "uncollectible":true, "marked":true}}
{"address":"0x7fb1f8037b20", "type":"STRING", "class":"0x7fb1f80b7578", "frozen":true, "fstring":true, "bytesize":26, "value":"$(sitedir)/$(ruby_version)", "memsize":67, "flags":{"wb_protected":true, "old":true, "uncollectible":true, "marked":true}}
{"address":"0x7fb1f8037b48", "type":"DATA", "class":"0x7fb1f80bdc48", "struct":"encoding", "memsize":40, "flags":{"uncollectible":true, "marked":true}}
{"address":"0x7fb1f8037b70", "type":"STRING", "class":"0x7fb1f80b7578", "frozen":true, "embedded":true, "fstring":true, "bytesize":5, "value":"CP864", "encoding":"US-ASCII", "memsize":40, "flags":{"wb_protected":true, "old":true, "uncollectible":true, "marked":true}}
{"address":"0x7fb1f8037b98", "type":"STRING", "class":"0x7fb1f80b7578", "frozen":true, "embedded":true, "fstring":true, "bytesize":10, "value":"sitelibdir", "memsize":40, "flags":{"wb_protected":true, "old":true, "uncollectible":true, "marked":true}}
{"address":"0x7fb1f8037bc0", "type":"STRING", "class":"0x7fb1f80b7578", "frozen":true, "embedded":true, "fstring":true, "bytesize":6, "value":"IBM864", "encoding":"US-ASCII", "memsize":40, "flags":{"wb_protected":true, "old":true, "uncollectible":true, "marked":true}}
{"address":"0x7fb1f8037be8", "type":"STRING", "class":"0x7fb1f80b7578", "frozen":true, "fstring":true, "bytesize":25, "value":"$(sitelibdir)/$(sitearch)", "memsize":66, "flags":{"wb_protected":true, "old":true, "uncollectible":true, "marked":true}}
{"address":"0x7fb1f8037c10", "type":"DATA", "class":"0x7fb1f80bdc48", "struct":"encoding", "memsize":40, "flags":{"uncollectible":true, "marked":true}}
{"address":"0x7fb1f8037c38", "type":"STRING", "class":"0x7fb1f80b7578", "frozen":true, "embedded":true, "fstring":true, "bytesize":5, "value":"CP863", "encoding":"US-ASCII", "memsize":40, "flags":{"wb_protected":true, "old":true, "uncollectible":true, "marked":true}}
{"address":"0x7fb1f8037c60", "type":"STRING", "class":"0x7fb1f80b7578", "frozen":true, "embedded":true, "fstring":true, "bytesize":11, "value":"sitearchdir", "memsize":40, "flags":{"wb_protected":true, "old":true, "uncollectible":true, "marked":true}}
{"address":"0x7fb1f8037c88", "type":"STRING", "class":"0x7fb1f80b7578", "frozen":true, "embedded":true, "fstring":true, "bytesize":6, "value":"IBM863", "encoding":"US-ASCII", "memsize":40, "flags":{"wb_protected":true, "old":true, "uncollectible":true, "marked":true}}
{"address":"0x7fb1f8037cb0", "type":"STRING", "class":"0x7fb1f80b7578", "frozen":true, "fstring":true, "bytesize":28, "value":"$(rubylibprefix)/vendor_ruby", "memsize":69, "flags":{"wb_protected":true, "old":true, "uncollectible":true, "marked":true}}
{"address":"0x7fb1f8037cd8", "type":"DATA", "class":"0x7fb1f80bdc48", "struct":"encoding", "memsize":40, "flags":{"uncollectible":true, "marked":true}}
{"address":"0x7fb1f8037d00", "type":"STRING", "class":"0x7fb1f80b7578", "frozen":true, "embedded":true, "fstring":true, "bytesize":5, "value":"CP862", "encoding":"US-ASCII", "memsize":40, "flags":{"wb_protected":true, "old":true, "uncollectible":true, "marked":true}}
{"address":"0x7fb1f8037d28", "type":"STRING", "class":"0x7fb1f80b7578", "frozen":true, "embedded":true, "fstring":true, "bytesize":9, "value":"vendordir", "memsize":40, "flags":{"wb_protected":true, "old":true, "uncollectible":true, "marked":true}}
{"address":"0x7fb1f8037d50", "type":"STRING", "class":"0x7fb1f80b7578", "frozen":true, "embedded":true, "fstring":true, "bytesize":6, "value":"IBM862", "encoding":"US-ASCII", "memsize":40, "flags":{"wb_protected":true, "old":true, "uncollectible":true, "marked":true}}
{"address":"0x7fb1f8037d78", "type":"STRING", "class":"0x7fb1f80b7578", "frozen":true, "fstring":true, "bytesize":28, "value":"$(vendordir)/$(ruby_version)", "memsize":69, "flags":{"wb_protected":true, "old":true, "uncollectible":true, "marked":true}}
{"address":"0x7fb1f8037da0", "type":"DATA", "class":"0x7fb1f80bdc48", "struct":"encoding", "memsize":40, "flags":{"uncollectible":true, "marked":true}}
{"address":"0x7fb1f8037dc8", "type":"STRING", "class":"0x7fb1f80b7578", "frozen":true, "embedded":true, "fstring":true, "bytesize":5, "value":"CP861", "encoding":"US-ASCII", "memsize":40, "flags":{"wb_protected":true, "old":true, "uncollectible":true, "marked":true}}
{"address":"0x7fb1f8037df0", "type":"STRING", "class":"0x7fb1f80b7578", "frozen":true, "embedded":true, "fstring":true, "bytesize":12, "value":"vendorlibdir", "memsize":40, "flags":{"wb_protected":true, "old":true, "uncollectible":true, "marked":true}}
{"address":"0x7fb1f8037e18", "type":"STRING", "class":"0x7fb1f80b7578", "frozen":true, "embedded":true, "fstring":true, "bytesize":6, "value":"IBM861", "encoding":"US-ASCII", "memsize":40, "flags":{"wb_protected":true, "old":true, "uncollectible":true, "marked":true}}
{"address":"0x7fb1f8037e40", "type":"STRING", "class":"0x7fb1f80b7578", "frozen":true, "fstring":true, "bytesize":27, "value":"$(vendorlibdir)/$(sitearch)", "memsize":68, "flags":{"wb_protected":true, "old":true, "uncollectible":true, "marked":true}}
{"address":"0x7fb1f8037e68", "type":"DATA", "class":"0x7fb1f80bdc48", "struct":"encoding", "memsize":40, "flags":{"uncollectible":true, "marked":true}}
{"address":"0x7fb1f8037e90", "type":"STRING", "class":"0x7fb1f80b7578", "frozen":true, "embedded":true, "fstring":true, "bytesize":5, "value":"CP860", "encoding":"US-ASCII", "memsize":40, "flags":{"wb_protected":true, "old":true, "uncollectible":true, "marked":true}}
{"address":"0x7fb1f8037eb8", "type":"STRING", "class":"0x7fb1f80b7578", "frozen":true, "embedded":true, "fstring":true, "bytesize":13, "value":"vendorarchdir", "memsize":40, "flags":{"wb_protected":true, "old":true, "uncollectible":true, "marked":true}}
{"address":"0x7fb1f8037ee0", "type":"STRING", "class":"0x7fb1f80b7578", "frozen":true, "embedded":true, "fstring":true, "bytesize":6, "value":"IBM860", "encoding":"US-ASCII", "memsize":40, "flags":{"wb_protected":true, "old":true, "uncollectible":true, "marked":true}}
{"address":"0x7fb1f8037f08", "type":"STRING", "class":"0x7fb1f80b7578", "frozen":true, "embedded":true, "fstring":true, "bytesize":6, "value":"writer", "encoding":"US-ASCII", "memsize":40, "flags":{"wb_protected":true, "old":true, "uncollectible":true, "marked":true}}
{"address":"0x7fb1f8037f30", "type":"DATA", "class":"0x7fb1f80bdc48", "struct":"encoding", "memsize":40, "flags":{"uncollectible":true, "marked":true}}
{"address":"0x7fb1f8037f58", "type":"STRING", "class":"0x7fb1f80b7578", "frozen":true, "embedded":true, "fstring":true, "bytesize":5, "value":"CP857", "encoding":"US-ASCII", "memsize":40, "flags":{"wb_protected":true, "old":true, "uncollectible":true, "marked":true}}
{"address":"0x7fb1f8037f80", "type":"STRING", "class":"0x7fb1f80b7578", "frozen":true, "embedded":true, "fstring":true, "bytesize":9, "value":"CONFIGURE", "memsize":40, "flags":{"wb_protected":true, "old":true, "uncollectible":true, "marked":true}}
{"address":"0x7fb1f8037fa8", "type":"STRING", "class":"0x7fb1f80b7578", "frozen":true, "embedded":true, "fstring":true, "bytesize":6, "value":"IBM857", "encoding":"US-ASCII", "memsize":40, "flags":{"wb_protected":true, "old":true, "uncollectible":true, "marked":true}}
{"address":"0x7fb1f803c008", "type":"STRING", "class":"0x7fb1f80b7578", "frozen":true, "embedded":true, "fstring":true, "bytesize":14, "value":"configure_args", "memsize":40, "flags":{"wb_protected":true, "old":true, "uncollectible":true, "marked":true}}
{"address":"0x7fb1f803c030", "type":"DATA", "class":"0x7fb1f80bdc48", "struct":"encoding", "memsize":40, "flags":{"uncollectible":true, "marked":true}}
{"address":"0x7fb1f803c058", "type":"STRING", "class":"0x7fb1f80b7578", "frozen":true, "embedded":true, "fstring":true, "bytesize":5, "value":"CP855", "encoding":"US-ASCII", "memsize":40, "flags":{"wb_protected":true, "old":true, "uncollectible":true, "marked":true}}
{"address":"0x7fb1f803c080", "type":"STRING", "class":"0x7fb1f80b7578", "frozen":true, "embedded":true, "fstring":true, "bytesize":19, "value":"UNIVERSAL_ARCHNAMES", "memsize":40, "flags":{"wb_protected":true, "old":true, "uncollectible":true, "marked":true}}
{"address":"0x7fb1f803c0a8", "type":"DATA", "class":"0x7fb1f80bdc48", "struct":"encoding", "memsize":40, "flags":{"uncollectible":true, "marked":true}}
{"address":"0x7fb1f803c0d0", "type":"STRING", "class":"0x7fb1f80b7578", "frozen":true, "embedded":true, "fstring":true, "bytesize":6, "value":"IBM855", "encoding":"US-ASCII", "memsize":40, "flags":{"wb_protected":true, "old":true, "uncollectible":true, "marked":true}}
{"address":"0x7fb1f803c0f8", "type":"STRING", "class":"0x7fb1f80b7578", "frozen":true, "embedded":true, "fstring":true, "bytesize":14, "value":"UNIVERSAL_INTS", "memsize":40, "flags":{"wb_protected":true, "old":true, "uncollectible":true, "marked":true}}
{"address":"0x7fb1f803c120", "type":"DATA", "class":"0x7fb1f80bdc48", "struct":"encoding", "memsize":40, "flags":{"uncollectible":true, "marked":true}}
{"address":"0x7fb1f803c148", "type":"STRING", "class":"0x7fb1f80b7578", "frozen":true, "embedded":true, "fstring":true, "bytesize":5, "value":"CP852", "encoding":"US-ASCII", "memsize":40, "flags":{"wb_protected":true, "old":true, "uncollectible":true, "marked":true}}
{"address":"0x7fb1f803c170", "type":"STRING", "class":"0x7fb1f80b7578", "frozen":true, "embedded":true, "fstring":true, "bytesize":16, "value":"RUBY_SEARCH_PATH", "memsize":40, "flags":{"wb_protected":true, "old":true, "uncollectible":true, "marked":true}}
{"address":"0x7fb1f803c198", "type":"DATA", "class":"0x7fb1f80bdc48", "struct":"encoding", "memsize":40, "flags":{"uncollectible":true, "marked":true}}
{"address":"0x7fb1f803c1c0", "type":"STRING", "class":"0x7fb1f80b7578", "frozen":true, "embedded":true, "fstring":true, "bytesize":6, "value":"IBM852", "encoding":"US-ASCII", "memsize":40, "flags":{"wb_protected":true, "old":true, "uncollectible":true, "marked":true}}
{"address":"0x7fb1f803c1e8", "type":"STRING", "class":"0x7fb1f80b7578", "frozen":true, "fstring":true, "bytesize":34, "value":"$(includedir)/$(RUBY_VERSION_NAME)", "memsize":75, "flags":{"wb_protected":true, "old":true, "uncollectible":true, "marked":true}}
{"address":"0x7fb1f803c210", "type":"DATA", "class":"0x7fb1f80bdc48", "struct":"encoding", "memsize":40, "flags":{"uncollectible":true, "marked":true}}
{"address":"0x7fb1f803c238", "type":"STRING", "class":"0x7fb1f80b7578", "frozen":true, "embedded":true, "fstring":true, "bytesize":6, "value":"IBM850", "encoding":"US-ASCII", "memsize":40, "flags":{"wb_protected":true, "old":true, "uncollectible":true, "marked":true}}
{"address":"0x7fb1f803c260", "type":"STRING", "class":"0x7fb1f80b7578", "frozen":true, "embedded":true, "fstring":true, "bytesize":10, "value":"rubyhdrdir", "memsize":40, "flags":{"wb_protected":true, "old":true, "uncollectible":true, "marked":true}}
{"address":"0x7fb1f803c288", "type":"STRING", "class":"0x7fb1f80b7578", "frozen":true, "embedded":true, "fstring":true, "bytesize":5, "value":"CP850", "encoding":"US-ASCII", "memsize":40, "flags":{"wb_protected":true, "old":true, "uncollectible":true, "marked":true}}
{"address":"0x7fb1f803c2b0", "type":"STRING", "class":"0x7fb1f80b7578", "frozen":true, "embedded":true, "fstring":true, "bytesize":21, "value":"rdoc/known_classes.rb", "encoding":"UTF-8", "memsize":40, "flags":{"wb_protected":true, "old":true, "uncollectible":true, "marked":true}}
{"address":"0x7fb1f803c2d8", "type":"DATA", "class":"0x7fb1f80bdc48", "struct":"encoding", "memsize":40, "flags":{"uncollectible":true, "marked":true}}
{"address":"0x7fb1f803c300", "type":"STRING", "class":"0x7fb1f80b7578", "frozen":true, "embedded":true, "fstring":true, "bytesize":5, "value":"CP775", "encoding":"US-ASCII", "memsize":40, "flags":{"wb_protected":true, "old":true, "uncollectible":true, "marked":true}}
{"address":"0x7fb1f803c328", "type":"STRING", "class":"0x7fb1f80b7578", "frozen":true, "embedded":true, "fstring":true, "bytesize":10, "value":"sitehdrdir", "memsize":40, "flags":{"wb_protected":true, "old":true, "uncollectible":true, "marked":true}}
{"address":"0x7fb1f803c350", "type":"STRING", "class":"0x7fb1f80b7578", "frozen":true, "embedded":true, "fstring":true, "bytesize":6, "value":"IBM775", "encoding":"US-ASCII", "memsize":40, "flags":{"wb_protected":true, "old":true, "uncollectible":true, "marked":true}}
{"address":"0x7fb1f803c378", "type":"STRING", "class":"0x7fb1f80b7578", "frozen":true, "fstring":true, "bytesize":25, "value":"$(rubyhdrdir)/vendor_ruby", "memsize":66, "flags":{"wb_protected":true, "old":true, "uncollectible":true, "marked":true}}
{"address":"0x7fb1f803c3a0", "type":"DATA", "class":"0x7fb1f80bdc48", "struct":"encoding", "memsize":40, "flags":{"uncollectible":true, "marked":true}}
{"address":"0x7fb1f803c3c8", "type":"STRING", "class":"0x7fb1f80b7578", "frozen":true, "embedded":true, "fstring":true, "bytesize":5, "value":"CP737", "encoding":"US-ASCII", "memsize":40, "flags":{"wb_protected":true, "old":true, "uncollectible":true, "marked":true}}
{"address":"0x7fb1f803c3f0", "type":"STRING", "class":"0x7fb1f80b7578", "frozen":true, "embedded":true, "fstring":true, "bytesize":12, "value":"vendorhdrdir", "memsize":40, "flags":{"wb_protected":true, "old":true, "uncollectible":true, "marked":true}}
{"address":"0x7fb1f803c418", "type":"STRING", "class":"0x7fb1f80b7578", "frozen":true, "embedded":true, "fstring":true, "bytesize":6, "value":"IBM737", "encoding":"US-ASCII", "memsize":40, "flags":{"wb_protected":true, "old":true, "uncollectible":true, "marked":true}}
{"address":"0x7fb1f803c440", "type":"STRING", "class":"0x7fb1f80b7578", "frozen":true, "embedded":true, "fstring":true, "bytesize":15, "value":"rdoc/include.rb", "encoding":"UTF-8", "memsize":40, "flags":{"wb_protected":true, "old":true, "uncollectible":true, "marked":true}}
{"address":"0x7fb1f803c468", "type":"DATA", "class":"0x7fb1f80bdc48", "struct":"encoding", "memsize":40, "flags":{"uncollectible":true, "marked":true}}
{"address":"0x7fb1f803c490", "type":"STRING", "class":"0x7fb1f80b7578", "frozen":true, "embedded":true, "fstring":true, "bytesize":5, "value":"CP437", "encoding":"US-ASCII", "memsize":40, "flags":{"wb_protected":true, "old":true, "uncollectible":true, "marked":true}}
{"address":"0x7fb1f803c4b8", "type":"STRING", "class":"0x7fb1f80b7578", "frozen":true, "embedded":true, "fstring":true, "bytesize":14, "value":"rubyarchhdrdir", "memsize":40, "flags":{"wb_protected":true, "old":true, "uncollectible":true, "marked":true}}
{"address":"0x7fb1f803c4e0", "type":"STRING", "class":"0x7fb1f80b7578", "frozen":true, "embedded":true, "fstring":true, "bytesize":6, "value":"IBM437", "encoding":"US-ASCII", "memsize":40, "flags":{"wb_protected":true, "old":true, "uncollectible":true, "marked":true}}
{"address":"0x7fb1f803c508", "type":"STRING", "class":"0x7fb1f80b7578", "frozen":true, "fstring":true, "bytesize":25, "value":"$(sitehdrdir)/$(sitearch)", "memsize":66, "flags":{"wb_protected":true, "old":true, "uncollectible":true, "marked":true}}
{"address":"0x7fb1f803c530", "type":"DATA", "class":"0x7fb1f80bdc48", "struct":"encoding", "memsize":40, "flags":{"uncollectible":true, "marked":true}}
{"address":"0x7fb1f803c558", "type":"STRING", "class":"0x7fb1f80b7578", "frozen":true, "embedded":true, "fstring":true, "bytesize":12, "value":"WINDOWS_1257", "encoding":"US-ASCII", "memsize":40, "flags":{"wb_protected":true, "old":true, "uncollectible":true, "marked":true}}
{"address":"0x7fb1f803c580", "type":"STRING", "class":"0x7fb1f80b7578", "frozen":true, "embedded":true, "fstring":true, "bytesize":14, "value":"sitearchhdrdir", "memsize":40, "flags":{"wb_protected":true, "old":true, "uncollectible":true, "marked":true}}
{"address":"0x7fb1f803c5a8", "type":"STRING", "class":"0x7fb1f80b7578", "frozen":true, "embedded":true, "fstring":true, "bytesize":12, "value":"Windows_1257", "encoding":"US-ASCII", "memsize":40, "flags":{"wb_protected":true, "old":true, "uncollectible":true, "marked":true}}
{"address":"0x7fb1f803c5d0", "type":"STRING", "class":"0x7fb1f80b7578", "frozen":true, "fstring":true, "bytesize":27, "value":"$(vendorhdrdir)/$(sitearch)", "memsize":68, "flags":{"wb_protected":true, "old":true, "uncollectible":true, "marked":true}}
{"address":"0x7fb1f803c5f8", "type":"DATA", "class":"0x7fb1f80bdc48", "struct":"encoding", "memsize":40, "flags":{"uncollectible":true, "marked":true}}
{"address":"0x7fb1f803c620", "type":"STRING", "class":"0x7fb1f80b7578", "frozen":true, "embedded":true, "fstring":true, "bytesize":12, "value":"WINDOWS_1254", "encoding":"US-ASCII", "memsize":40, "flags":{"wb_protected":true, "old":true, "uncollectible":true, "marked":true}}
{"address":"0x7fb1f803c648", "type":"STRING", "class":"0x7fb1f80b7578", "frozen":true, "embedded":true, "fstring":true, "bytesize":16, "value":"vendorarchhdrdir", "memsize":40, "flags":{"wb_protected":true, "old":true, "uncollectible":true, "marked":true}}
{"address":"0x7fb1f803c670", "type":"STRING", "class":"0x7fb1f80b7578", "frozen":true, "embedded":true, "fstring":true, "bytesize":12, "value":"Windows_1254", "encoding":"US-ASCII", "memsize":40, "flags":{"wb_protected":true, "old":true, "uncollectible":true, "marked":true}}
{"address":"0x7fb1f803c698", "type":"STRING", "class":"0x7fb1f80b7578", "frozen":true, "embedded":true, "fstring":true, "bytesize":13, "value":"require_path=", "encoding":"US-ASCII", "memsize":40, "flags":{"wb_protected":true, "old":true, "uncollectible":true, "marked":true}}
{"address":"0x7fb1f803c6c0", "type":"DATA", "class":"0x7fb1f80bdc48", "struct":"encoding", "memsize":40, "flags":{"uncollectible":true, "marked":true}}
{"address":"0x7fb1f803c6e8", "type":"STRING", "class":"0x7fb1f80b7578", "frozen":true, "embedded":true, "fstring":true, "bytesize":12, "value":"WINDOWS_1253", "encoding":"US-ASCII", "memsize":40, "flags":{"wb_protected":true, "old":true, "uncollectible":true, "marked":true}}
{"address":"0x7fb1f803c710", "type":"STRING", "class":"0x7fb1f80b7578", "frozen":true, "embedded":true, "fstring":true, "bytesize":7, "value":"MANTYPE", "memsize":40, "flags":{"wb_protected":true, "old":true, "uncollectible":true, "marked":true}}
{"address":"0x7fb1f803c738", "type":"STRING", "class":"0x7fb1f80b7578", "frozen":true, "embedded":true, "fstring":true, "bytesize":12, "value":"Windows_1253", "encoding":"US-ASCII", "memsize":40, "flags":{"wb_protected":true, "old":true, "uncollectible":true, "marked":true}}
{"address":"0x7fb1f803c760", "type":"STRING", "class":"0x7fb1f80b7578", "frozen":true, "embedded":true, "fstring":true, "bytesize":6, "value":"reader", "encoding":"US-ASCII", "memsize":40, "flags":{"wb_protected":true, "old":true, "uncollectible":true, "marked":true}}
{"address":"0x7fb1f803c788", "type":"DATA", "class":"0x7fb1f80bdc48", "struct":"encoding", "memsize":40, "flags":{"uncollectible":true, "marked":true}}
{"address":"0x7fb1f803c7b0", "type":"STRING", "class":"0x7fb1f80b7578", "frozen":true, "embedded":true, "fstring":true, "bytesize":12, "value":"WINDOWS_1252", "encoding":"US-ASCII", "memsize":40, "flags":{"wb_protected":true, "old":true, "uncollectible":true, "marked":true}}
{"address":"0x7fb1f803c7d8", "type":"STRING", "class":"0x7fb1f80b7578", "frozen":true, "embedded":true, "fstring":true, "bytesize":17, "value":"BUILTIN_TRANSSRCS", "memsize":40, "flags":{"wb_protected":true, "old":true, "uncollectible":true, "marked":true}}
{"address":"0x7fb1f803c800", "type":"STRING", "class":"0x7fb1f80b7578", "frozen":true, "embedded":true, "fstring":true, "bytesize":12, "value":"Windows_1252", "encoding":"US-ASCII", "memsize":40, "flags":{"wb_protected":true, "old":true, "uncollectible":true, "marked":true}}
{"address":"0x7fb1f803c828", "type":"STRING", "class":"0x7fb1f80b7578", "frozen":true, "embedded":true, "fstring":true, "bytesize":7, "value":"PACKAGE", "memsize":40, "flags":{"wb_protected":true, "old":true, "uncollectible":true, "marked":true}}
{"address":"0x7fb1f803c850", "type":"DATA", "class":"0x7fb1f80bdc48", "struct":"encoding", "memsize":40, "flags":{"uncollectible":true, "marked":true}}
{"address":"0x7fb1f803c878", "type":"STRING", "class":"0x7fb1f80b7578", "frozen":true, "embedded":true, "fstring":true, "bytesize":12, "value":"WINDOWS_1251", "encoding":"US-ASCII", "memsize":40, "flags":{"wb_protected":true, "old":true, "uncollectible":true, "marked":true}}
{"address":"0x7fb1f803c8a0", "type":"STRING", "class":"0x7fb1f80b7578", "frozen":true, "embedded":true, "fstring":true, "bytesize":10, "value":"CC_WRAPPER", "memsize":40, "flags":{"wb_protected":true, "old":true, "uncollectible":true, "marked":true}}
{"address":"0x7fb1f803c8c8", "type":"STRING", "class":"0x7fb1f80b7578", "frozen":true, "embedded":true, "fstring":true, "bytesize":12, "value":"Windows_1251", "encoding":"US-ASCII", "memsize":40, "flags":{"wb_protected":true, "old":true, "uncollectible":true, "marked":true}}
{"address":"0x7fb1f803c8f0", "type":"STRING", "class":"0x7fb1f80b7578", "frozen":true, "embedded":true, "fstring":true, "bytesize":17, "value":"rdoc/i18n/text.rb", "encoding":"UTF-8", "memsize":40, "flags":{"wb_protected":true, "old":true, "uncollectible":true, "marked":true}}
{"address":"0x7fb1f803c918", "type":"DATA", "class":"0x7fb1f80bdc48", "struct":"encoding", "memsize":40, "flags":{"uncollectible":true, "marked":true}}
{"address":"0x7fb1f803c940", "type":"STRING", "class":"0x7fb1f80b7578", "frozen":true, "embedded":true, "fstring":true, "bytesize":12, "value":"WINDOWS_1250", "encoding":"US-ASCII", "memsize":40, "flags":{"wb_protected":true, "old":true, "uncollectible":true, "marked":true}}
{"address":"0x7fb1f803c968", "type":"STRING", "class":"0x7fb1f80b7578", "frozen":true, "embedded":true, "fstring":true, "bytesize":7, "value":"ruby_pc", "memsize":40, "flags":{"wb_protected":true, "old":true, "uncollectible":true, "marked":true}}
{"address":"0x7fb1f803c990", "type":"STRING", "class":"0x7fb1f80b7578", "frozen":true, "embedded":true, "fstring":true, "bytesize":12, "value":"Windows_1250", "encoding":"US-ASCII", "memsize":40, "flags":{"wb_protected":true, "old":true, "uncollectible":true, "marked":true}}
{"address":"0x7fb1f803c9b8", "type":"STRING", "class":"0x7fb1f80b7578", "frozen":true, "embedded":true, "fstring":true, "bytesize":4, "value":"exec", "memsize":40, "flags":{"wb_protected":true, "old":true, "uncollectible":true, "marked":true}}
{"address":"0x7fb1f803c9e0", "type":"DATA", "class":"0x7fb1f80bdc48", "struct":"encoding", "memsize":40, "flags":{"uncollectible":true, "marked":true}}
{"address":"0x7fb1f803ca08", "type":"STRING", "class":"0x7fb1f80b7578", "frozen":true, "embedded":true, "fstring":true, "bytesize":11, "value":"WINDOWS_31J", "encoding":"US-ASCII", "memsize":40, "flags":{"wb_protected":true, "old":true, "uncollectible":true, "marked":true}}
{"address":"0x7fb1f803ca30", "type":"STRING", "class":"0x7fb1f80b7578", "frozen":true, "fstring":true, "bytesize":37, "value":"$(RUBY_BASE_NAME).$(RUBY_API_VERSION)", "memsize":78, "flags":{"wb_protected":true, "old":true, "uncollectible":true, "marked":true}}
{"address":"0x7fb1f803ca58", "type":"STRING", "class":"0x7fb1f80b7578", "frozen":true, "embedded":true, "fstring":true, "bytesize":11, "value":"Windows_31J", "encoding":"US-ASCII", "memsize":40, "flags":{"wb_protected":true, "old":true, "uncollectible":true, "marked":true}}
{"address":"0x7fb1f803ca80", "type":"STRING", "class":"0x7fb1f80b7578", "frozen":true, "embedded":true, "fstring":true, "bytesize":12, "value":"RUBY_SO_NAME", "memsize":40, "flags":{"wb_protected":true, "old":true, "uncollectible":true, "marked":true}}
{"address":"0x7fb1f803caa8", "type":"STRING", "class":"0x7fb1f80b7578", "frozen":true, "embedded":true, "fstring":true, "bytesize":8, "value":"UTF_32LE", "encoding":"US-ASCII", "memsize":40, "flags":{"wb_protected":true, "old":true, "uncollectible":true, "marked":true}}
{"address":"0x7fb1f803cad0", "type":"STRING", "class":"0x7fb1f80b7578", "frozen":true, "embedded":true, "fstring":true, "bytesize":17, "value":"RUBY_INSTALL_NAME", "memsize":40, "flags":{"wb_protected":true, "old":true, "uncollectible":true, "marked":true}}
{"address":"0x7fb1f803caf8", "type":"STRING", "class":"0x7fb1f80b7578", "frozen":true, "embedded":true, "fstring":true, "bytesize":8, "value":"UTF_32BE", "encoding":"US-ASCII", "memsize":40, "flags":{"wb_protected":true, "old":true, "uncollectible":true, "marked":true}}
{"address":"0x7fb1f803cb20", "type":"STRING", "class":"0x7fb1f80b7578", "frozen":true, "embedded":true, "fstring":true, "bytesize":19, "value":"rdoc/i18n/locale.rb", "encoding":"UTF-8", "memsize":40, "flags":{"wb_protected":true, "old":true, "uncollectible":true, "marked":true}}
{"address":"0x7fb1f803cb48", "type":"STRING", "class":"0x7fb1f80b7578", "frozen":true, "embedded":true, "fstring":true, "bytesize":8, "value":"UTF_16LE", "encoding":"US-ASCII", "memsize":40, "flags":{"wb_protected":true, "old":true, "uncollectible":true, "marked":true}}
{"address":"0x7fb1f803cb70", "type":"STRING", "class":"0x7fb1f80b7578", "frozen":true, "embedded":true, "fstring":true, "bytesize":17, "value":"ruby_install_name", "memsize":40, "flags":{"wb_protected":true, "old":true, "uncollectible":true, "marked":true}}
{"address":"0x7fb1f803cb98", "type":"STRING", "class":"0x7fb1f80b7578", "frozen":true, "embedded":true, "fstring":true, "bytesize":8, "value":"UTF_16BE", "encoding":"US-ASCII", "memsize":40, "flags":{"wb_protected":true, "old":true, "uncollectible":true, "marked":true}}
{"address":"0x7fb1f803cbc0", "type":"STRING", "class":"0x7fb1f80b7578", "frozen":true, "fstring":true, "bytesize":36, "value":"/Users/rschneeman/.rubies/ruby-2.7.1", "memsize":77, "flags":{"wb_protected":true, "old":true, "uncollectible":true, "marked":true}}
{"address":"0x7fb1f803cbe8", "type":"STRING", "class":"0x7fb1f80b7578", "frozen":true, "embedded":true, "fstring":true, "bytesize":9, "value":"SHIFT_JIS", "encoding":"US-ASCII", "memsize":40, "flags":{"wb_protected":true, "old":true, "uncollectible":true, "marked":true}}
{"address":"0x7fb1f803cc10", "type":"STRING", "class":"0x7fb1f80b7578", "frozen":true, "embedded":true, "fstring":true, "bytesize":6, "value":"prefix", "memsize":40, "flags":{"wb_protected":true, "old":true, "uncollectible":true, "marked":true}}
{"address":"0x7fb1f803cc38", "type":"STRING", "class":"0x7fb1f80b7578", "frozen":true, "embedded":true, "fstring":true, "bytesize":9, "value":"Shift_JIS", "encoding":"US-ASCII", "memsize":40, "flags":{"wb_protected":true, "old":true, "uncollectible":true, "marked":true}}
{"address":"0x7fb1f803cc60", "type":"STRING", "class":"0x7fb1f80b7578", "frozen":true, "embedded":true, "fstring":true, "bytesize":6, "value":"EXEEXT", "memsize":40, "flags":{"wb_protected":true, "old":true, "uncollectible":true, "marked":true}}
{"address":"0x7fb1f803cc88", "type":"DATA", "class":"0x7fb1f80bdc48", "struct":"encoding", "memsize":40, "flags":{"uncollectible":true, "marked":true}}
{"address":"0x7fb1f803ccb0", "type":"STRING", "class":"0x7fb1f80b7578", "frozen":true, "embedded":true, "fstring":true, "bytesize":6, "value":"KOI8_U", "encoding":"US-ASCII", "memsize":40, "flags":{"wb_protected":true, "old":true, "uncollectible":true, "marked":true}}
{"address":"0x7fb1f803ccd8", "type":"STRING", "class":"0x7fb1f80b7578", "frozen":true, "embedded":true, "fstring":true, "bytesize":12, "value":"rdoc/i18n.rb", "encoding":"UTF-8", "memsize":40, "flags":{"wb_protected":true, "old":true, "uncollectible":true, "marked":true}}
{"address":"0x7fb1f803cd00", "type":"DATA", "class":"0x7fb1f80bdc48", "struct":"encoding", "memsize":40, "flags":{"uncollectible":true, "marked":true}}
{"address":"0x7fb1f803cd28", "type":"STRING", "class":"0x7fb1f80b7578", "frozen":true, "embedded":true, "fstring":true, "bytesize":6, "value":"KOI8_R", "encoding":"US-ASCII", "memsize":40, "flags":{"wb_protected":true, "old":true, "uncollectible":true, "marked":true}}
{"address":"0x7fb1f803cd50", "type":"STRING", "class":"0x7fb1f80b7578", "frozen":true, "embedded":true, "fstring":true, "bytesize":7, "value":"INSTALL", "memsize":40, "flags":{"wb_protected":true, "old":true, "uncollectible":true, "marked":true}}
{"address":"0x7fb1f803cd78", "type":"DATA", "class":"0x7fb1f80bdc48", "struct":"encoding", "memsize":40, "flags":{"uncollectible":true, "marked":true}}
{"address":"0x7fb1f803cda0", "type":"STRING", "class":"0x7fb1f80b7578", "frozen":true, "embedded":true, "fstring":true, "bytesize":11, "value":"ISO_8859_16", "encoding":"US-ASCII", "memsize":40, "flags":{"wb_protected":true, "old":true, "uncollectible":true, "marked":true}}
{"address":"0x7fb1f803cdc8", "type":"STRING", "class":"0x7fb1f80b7578", "frozen":true, "embedded":true, "fstring":true, "bytesize":20, "value":"rdoc/ghost_method.rb", "encoding":"UTF-8", "memsize":40, "flags":{"wb_protected":true, "old":true, "uncollectible":true, "marked":true}}
{"address":"0x7fb1f803cdf0", "type":"DATA", "class":"0x7fb1f80bdc48", "struct":"encoding", "memsize":40, "flags":{"uncollectible":true, "marked":true}}
{"address":"0x7fb1f803ce18", "type":"STRING", "class":"0x7fb1f80b7578", "frozen":true, "embedded":true, "fstring":true, "bytesize":11, "value":"ISO_8859_15", "encoding":"US-ASCII", "memsize":40, "flags":{"wb_protected":true, "old":true, "uncollectible":true, "marked":true}}
{"address":"0x7fb1f803ce40", "type":"STRING", "class":"0x7fb1f80b7578", "frozen":true, "embedded":true, "fstring":true, "bytesize":10, "value":"PATCHLEVEL", "memsize":40, "flags":{"wb_protected":true, "old":true, "uncollectible":true, "marked":true}}
{"address":"0x7fb1f803ce68", "type":"DATA", "class":"0x7fb1f80bdc48", "struct":"encoding", "memsize":40, "flags":{"uncollectible":true, "marked":true}}
{"address":"0x7fb1f803ce90", "type":"STRING", "class":"0x7fb1f80b7578", "frozen":true, "embedded":true, "fstring":true, "bytesize":11, "value":"ISO_8859_14", "encoding":"US-ASCII", "memsize":40, "flags":{"wb_protected":true, "old":true, "uncollectible":true, "marked":true}}
{"address":"0x7fb1f803ceb8", "type":"STRING", "class":"0x7fb1f80b7578", "frozen":true, "embedded":true, "fstring":true, "bytesize":20, "value":"rdoc/generator/ri.rb", "encoding":"UTF-8", "memsize":40, "flags":{"wb_protected":true, "old":true, "uncollectible":true, "marked":true}}
{"address":"0x7fb1f803cee0", "type":"DATA", "class":"0x7fb1f80bdc48", "struct":"encoding", "memsize":40, "flags":{"uncollectible":true, "marked":true}}
{"address":"0x7fb1f803cf08", "type":"STRING", "class":"0x7fb1f80b7578", "frozen":true, "embedded":true, "fstring":true, "bytesize":11, "value":"ISO_8859_13", "encoding":"US-ASCII", "memsize":40, "flags":{"wb_protected":true, "old":true, "uncollectible":true, "marked":true}}
{"address":"0x7fb1f803cf30", "type":"STRING", "class":"0x7fb1f80b7578", "frozen":true, "embedded":true, "fstring":true, "bytesize":5, "value":"TEENY", "memsize":40, "flags":{"wb_protected":true, "old":true, "uncollectible":true, "marked":true}}
{"address":"0x7fb1f803cf58", "type":"DATA", "class":"0x7fb1f80bdc48", "struct":"encoding", "memsize":40, "flags":{"uncollectible":true, "marked":true}}
{"address":"0x7fb1f803cf80", "type":"STRING", "class":"0x7fb1f80b7578", "frozen":true, "embedded":true, "fstring":true, "bytesize":11, "value":"ISO_8859_11", "encoding":"US-ASCII", "memsize":40, "flags":{"wb_protected":true, "old":true, "uncollectible":true, "marked":true}}
{"address":"0x7fb1f803cfa8", "type":"STRING", "class":"0x7fb1f80b7578", "frozen":true, "fstring":true, "bytesize":30, "value":"rdoc/generator/pot/po_entry.rb", "encoding":"UTF-8", "memsize":71, "flags":{"wb_protected":true, "old":true, "uncollectible":true, "marked":true}}
{"address":"0x7fb1f803cfd0", "type":"DATA", "class":"0x7fb1f80bdc48", "struct":"encoding", "memsize":40, "flags":{"uncollectible":true, "marked":true}}
{"address":"0x7fb1f803cff8", "type":"STRING", "class":"0x7fb1f80b7578", "frozen":true, "embedded":true, "fstring":true, "bytesize":11, "value":"ISO_8859_10", "encoding":"US-ASCII", "memsize":40, "flags":{"wb_protected":true, "old":true, "uncollectible":true, "marked":true}}
{"address":"0x7fb1f803d020", "type":"STRING", "class":"0x7fb1f80b7578", "frozen":true, "embedded":true, "fstring":true, "bytesize":5, "value":"MINOR", "memsize":40, "flags":{"wb_protected":true, "old":true, "uncollectible":true, "marked":true}}
{"address":"0x7fb1f803d048", "type":"DATA", "class":"0x7fb1f80bdc48", "struct":"encoding", "memsize":40, "flags":{"uncollectible":true, "marked":true}}
{"address":"0x7fb1f803d070", "type":"STRING", "class":"0x7fb1f80b7578", "frozen":true, "embedded":true, "fstring":true, "bytesize":10, "value":"ISO_8859_9", "encoding":"US-ASCII", "memsize":40, "flags":{"wb_protected":true, "old":true, "uncollectible":true, "marked":true}}
{"address":"0x7fb1f803d098", "type":"STRING", "class":"0x7fb1f80b7578", "frozen":true, "fstring":true, "bytesize":24, "value":"rdoc/generator/pot/po.rb", "encoding":"UTF-8", "memsize":65, "flags":{"wb_protected":true, "old":true, "uncollectible":true, "marked":true}}
{"address":"0x7fb1f803d0c0", "type":"DATA", "class":"0x7fb1f80bdc48", "struct":"encoding", "memsize":40, "flags":{"uncollectible":true, "marked":true}}
{"address":"0x7fb1f803d0e8", "type":"STRING", "class":"0x7fb1f80b7578", "frozen":true, "embedded":true, "fstring":true, "bytesize":10, "value":"ISO_8859_8", "encoding":"US-ASCII", "memsize":40, "flags":{"wb_protected":true, "old":true, "uncollectible":true, "marked":true}}
{"address":"0x7fb1f803d110", "type":"STRING", "class":"0x7fb1f80b7578", "frozen":true, "embedded":true, "fstring":true, "bytesize":5, "value":"MAJOR", "memsize":40, "flags":{"wb_protected":true, "old":true, "uncollectible":true, "marked":true}}
{"address":"0x7fb1f803d138", "type":"DATA", "class":"0x7fb1f80bdc48", "struct":"encoding", "memsize":40, "flags":{"uncollectible":true, "marked":true}}
{"address":"0x7fb1f803d160", "type":"STRING", "class":"0x7fb1f80b7578", "frozen":true, "embedded":true, "fstring":true, "bytesize":10, "value":"ISO_8859_7", "encoding":"US-ASCII", "memsize":40, "flags":{"wb_protected":true, "old":true, "uncollectible":true, "marked":true}}
{"address":"0x7fb1f803d188", "type":"STRING", "class":"0x7fb1f80b7578", "frozen":true, "embedded":true, "fstring":true, "bytesize":7, "value":"DESTDIR", "memsize":40, "flags":{"wb_protected":true, "old":true, "uncollectible":true, "marked":true}}
{"address":"0x7fb1f803d1b0", "type":"DATA", "class":"0x7fb1f80bdc48", "struct":"encoding", "memsize":40, "flags":{"uncollectible":true, "marked":true}}
{"address":"0x7fb1f803d1d8", "type":"STRING", "class":"0x7fb1f80b7578", "frozen":true, "embedded":true, "fstring":true, "bytesize":10, "value":"ISO_8859_6", "encoding":"US-ASCII", "memsize":40, "flags":{"wb_protected":true, "old":true, "uncollectible":true, "marked":true}}
{"address":"0x7fb1f803d200", "type":"STRING", "class":"0x7fb1f80b7578", "frozen":true, "fstring":true, "bytesize":39, "value":"rdoc/generator/pot/message_extractor.rb", "encoding":"UTF-8", "memsize":80, "flags":{"wb_protected":true, "old":true, "uncollectible":true, "marked":true}}
{"address":"0x7fb1f803d228", "type":"DATA", "class":"0x7fb1f80bdc48", "struct":"encoding", "memsize":40, "flags":{"uncollectible":true, "marked":true}}
{"address":"0x7fb1f803d250", "type":"STRING", "class":"0x7fb1f80b7578", "frozen":true, "embedded":true, "fstring":true, "bytesize":10, "value":"ISO_8859_5", "encoding":"US-ASCII", "memsize":40, "flags":{"wb_protected":true, "old":true, "uncollectible":true, "marked":true}}
{"address":"0x7fb1f803d278", "type":"STRING", "class":"0x7fb1f80b7578", "frozen":true, "embedded":true, "fstring":true, "bytesize":21, "value":"rdoc/generator/pot.rb", "encoding":"UTF-8", "memsize":40, "flags":{"wb_protected":true, "old":true, "uncollectible":true, "marked":true}}
{"address":"0x7fb1f803d2a0", "type":"DATA", "class":"0x7fb1f80bdc48", "struct":"encoding", "memsize":40, "flags":{"uncollectible":true, "marked":true}}
{"address":"0x7fb1f803d2c8", "type":"STRING", "class":"0x7fb1f80b7578", "frozen":true, "embedded":true, "fstring":true, "bytesize":10, "value":"ISO_8859_4", "encoding":"US-ASCII", "memsize":40, "flags":{"wb_protected":true, "old":true, "uncollectible":true, "marked":true}}
{"address":"0x7fb1f803d2f0", "type":"STRING", "class":"0x7fb1f80b7578", "frozen":true, "embedded":true, "fstring":true, "bytesize":12, "value":"require_path", "encoding":"US-ASCII", "memsize":40, "flags":{"wb_protected":true, "old":true, "uncollectible":true, "marked":true}}
{"address":"0x7fb1f803d318", "type":"DATA", "class":"0x7fb1f80bdc48", "struct":"encoding", "memsize":40, "flags":{"uncollectible":true, "marked":true}}
{"address":"0x7fb1f803d340", "type":"STRING", "class":"0x7fb1f80b7578", "frozen":true, "embedded":true, "fstring":true, "bytesize":10, "value":"ISO_8859_3", "encoding":"US-ASCII", "memsize":40, "flags":{"wb_protected":true, "old":true, "uncollectible":true, "marked":true}}
{"address":"0x7fb1f803d368", "type":"STRING", "class":"0x7fb1f80b7578", "frozen":true, "fstring":true, "bytesize":24, "value":"rdoc/generator/markup.rb", "encoding":"UTF-8", "memsize":65, "flags":{"wb_protected":true, "old":true, "uncollectible":true, "marked":true}}
{"address":"0x7fb1f803d390", "type":"DATA", "class":"0x7fb1f80bdc48", "struct":"encoding", "memsize":40, "flags":{"uncollectible":true, "marked":true}}
{"address":"0x7fb1f803d3b8", "type":"STRING", "class":"0x7fb1f80b7578", "frozen":true, "embedded":true, "fstring":true, "bytesize":10, "value":"ISO_8859_2", "encoding":"US-ASCII", "memsize":40, "flags":{"wb_protected":true, "old":true, "uncollectible":true, "marked":true}}
{"address":"0x7fb1f803d3e0", "type":"STRING", "class":"0x7fb1f80b7578", "frozen":true, "fstring":true, "bytesize":28, "value":"rdoc/generator/json_index.rb", "encoding":"UTF-8", "memsize":69, "flags":{"wb_protected":true, "old":true, "uncollectible":true, "marked":true}}
{"address":"0x7fb1f803d408", "type":"DATA", "class":"0x7fb1f80bdc48", "struct":"encoding", "memsize":40, "flags":{"uncollectible":true, "marked":true}}
{"address":"0x7fb1f803d430", "type":"STRING", "class":"0x7fb1f80b7578", "frozen":true, "embedded":true, "fstring":true, "bytesize":10, "value":"ISO_8859_1", "encoding":"US-ASCII", "memsize":40, "flags":{"wb_protected":true, "old":true, "uncollectible":true, "marked":true}}
{"address":"0x7fb1f803d458", "type":"STRING", "class":"0x7fb1f80b7578", "frozen":true, "fstring":true, "bytesize":26, "value":"rdoc/generator/darkfish.rb", "encoding":"UTF-8", "memsize":67, "flags":{"wb_protected":true, "old":true, "uncollectible":true, "marked":true}}
{"address":"0x7fb1f803d480", "type":"DATA", "class":"0x7fb1f80bdc48", "struct":"encoding", "memsize":40, "flags":{"uncollectible":true, "marked":true}}
{"address":"0x7fb1f803d4a8", "type":"STRING", "class":"0x7fb1f80b7578", "frozen":true, "embedded":true, "fstring":true, "bytesize":3, "value":"GBK", "encoding":"US-ASCII", "memsize":40, "flags":{"wb_protected":true, "old":true, "uncollectible":true, "marked":true}}
{"address":"0x7fb1f803d4d0", "type":"STRING", "class":"0x7fb1f80b7578", "frozen":true, "embedded":true, "fstring":true, "bytesize":17, "value":"rdoc/generator.rb", "encoding":"UTF-8", "memsize":40, "flags":{"wb_protected":true, "old":true, "uncollectible":true, "marked":true}}
{"address":"0x7fb1f803d4f8", "type":"DATA", "class":"0x7fb1f80bdc48", "struct":"encoding", "memsize":40, "flags":{"uncollectible":true, "marked":true}}
{"address":"0x7fb1f803d520", "type":"STRING", "class":"0x7fb1f80b7578", "frozen":true, "embedded":true, "fstring":true, "bytesize":7, "value":"GB18030", "encoding":"US-ASCII", "memsize":40, "flags":{"wb_protected":true, "old":true, "uncollectible":true, "marked":true}}
{"address":"0x7fb1f803d548", "type":"STRING", "class":"0x7fb1f80b7578", "frozen":true, "embedded":true, "fstring":true, "bytesize":14, "value":"rdoc/extend.rb", "encoding":"UTF-8", "memsize":40, "flags":{"wb_protected":true, "old":true, "uncollectible":true, "marked":true}}
{"address":"0x7fb1f803d570", "type":"DATA", "class":"0x7fb1f80bdc48", "struct":"encoding", "memsize":40, "flags":{"uncollectible":true, "marked":true}}
{"address":"0x7fb1f803d598", "type":"STRING", "class":"0x7fb1f80b7578", "frozen":true, "embedded":true, "fstring":true, "bytesize":6, "value":"EUC_TW", "encoding":"US-ASCII", "memsize":40, "flags":{"wb_protected":true, "old":true, "uncollectible":true, "marked":true}}
{"address":"0x7fb1f803d5c0", "type":"STRING", "class":"0x7fb1f80b7578", "frozen":true, "embedded":true, "fstring":true, "bytesize":13, "value":"rdoc/erbio.rb", "encoding":"UTF-8", "memsize":40, "flags":{"wb_protected":true, "old":true, "uncollectible":true, "marked":true}}
{"address":"0x7fb1f803d5e8", "type":"DATA", "class":"0x7fb1f80bdc48", "struct":"encoding", "memsize":40, "flags":{"uncollectible":true, "marked":true}}
{"address":"0x7fb1f803d610", "type":"STRING", "class":"0x7fb1f80b7578", "frozen":true, "embedded":true, "fstring":true, "bytesize":6, "value":"EUC_KR", "encoding":"US-ASCII", "memsize":40, "flags":{"wb_protected":true, "old":true, "uncollectible":true, "marked":true}}
{"address":"0x7fb1f803d638", "type":"STRING", "class":"0x7fb1f80b7578", "frozen":true, "embedded":true, "fstring":true, "bytesize":8, "value":"gems_dir", "encoding":"US-ASCII", "memsize":40, "flags":{"wb_protected":true, "old":true, "uncollectible":true, "marked":true}}
{"address":"0x7fb1f803d660", "type":"DATA", "class":"0x7fb1f80bdc48", "struct":"encoding", "memsize":40, "flags":{"uncollectible":true, "marked":true}}
{"address":"0x7fb1f803d688", "type":"STRING", "class":"0x7fb1f80b7578", "frozen":true, "embedded":true, "fstring":true, "bytesize":6, "value":"EUC_JP", "encoding":"US-ASCII", "memsize":40, "flags":{"wb_protected":true, "old":true, "uncollectible":true, "marked":true}}
{"address":"0x7fb1f803d6b0", "type":"STRING", "class":"0x7fb1f80b7578", "frozen":true, "embedded":true, "fstring":true, "bytesize":19, "value":"rdoc/erb_partial.rb", "encoding":"UTF-8", "memsize":40, "flags":{"wb_protected":true, "old":true, "uncollectible":true, "marked":true}}
{"address":"0x7fb1f803d6d8", "type":"STRING", "class":"0x7fb1f80b7578", "frozen":true, "embedded":true, "fstring":true, "bytesize":10, "value":"EMACS_MULE", "encoding":"US-ASCII", "memsize":40, "flags":{"wb_protected":true, "old":true, "uncollectible":true, "marked":true}}
{"address":"0x7fb1f803d700", "type":"STRING", "class":"0x7fb1f80b7578", "frozen":true, "embedded":true, "fstring":true, "bytesize":15, "value":"CROSS_COMPILING", "encoding":"US-ASCII", "memsize":40, "flags":{"wb_protected":true, "old":true, "uncollectible":true, "marked":true}}
{"address":"0x7fb1f803d728", "type":"STRING", "class":"0x7fb1f80b7578", "frozen":true, "embedded":true, "fstring":true, "bytesize":10, "value":"Emacs_Mule", "encoding":"US-ASCII", "memsize":40, "flags":{"wb_protected":true, "old":true, "uncollectible":true, "marked":true}}
{"address":"0x7fb1f803d750", "type":"STRING", "class":"0x7fb1f80b7578", "frozen":true, "embedded":true, "fstring":true, "bytesize":9, "value":"map_stubs", "encoding":"US-ASCII", "memsize":40, "flags":{"wb_protected":true, "old":true, "uncollectible":true, "marked":true}}
{"address":"0x7fb1f803d778", "type":"DATA", "class":"0x7fb1f80bdc48", "struct":"encoding", "memsize":40, "flags":{"uncollectible":true, "marked":true}}
{"address":"0x7fb1f803d7a0", "type":"STRING", "class":"0x7fb1f80b7578", "frozen":true, "embedded":true, "fstring":true, "bytesize":5, "value":"CP949", "encoding":"US-ASCII", "memsize":40, "flags":{"wb_protected":true, "old":true, "uncollectible":true, "marked":true}}
{"address":"0x7fb1f803d7c8", "type":"STRING", "class":"0x7fb1f80b7578", "frozen":true, "embedded":true, "fstring":true, "bytesize":16, "value":"rdoc/encoding.rb", "encoding":"UTF-8", "memsize":40, "flags":{"wb_protected":true, "old":true, "uncollectible":true, "marked":true}}
{"address":"0x7fb1f803d7f0", "type":"DATA", "class":"0x7fb1f80bdc48", "struct":"encoding", "memsize":40, "flags":{"uncollectible":true, "marked":true}}
{"address":"0x7fb1f803d818", "type":"STRING", "class":"0x7fb1f80b7578", "frozen":true, "embedded":true, "fstring":true, "bytesize":6, "value":"CESU_8", "encoding":"US-ASCII", "memsize":40, "flags":{"wb_protected":true, "old":true, "uncollectible":true, "marked":true}}
{"address":"0x7fb1f803d840", "type":"STRING", "class":"0x7fb1f80b7578", "frozen":true, "embedded":true, "fstring":true, "bytesize":23, "value":"rdoc/cross_reference.rb", "encoding":"UTF-8", "memsize":40, "flags":{"wb_protected":true, "old":true, "uncollectible":true, "marked":true}}
{"address":"0x7fb1f803d868", "type":"DATA", "class":"0x7fb1f80bdc48", "struct":"encoding", "memsize":40, "flags":{"uncollectible":true, "marked":true}}
{"address":"0x7fb1f803d890", "type":"STRING", "class":"0x7fb1f80b7578", "frozen":true, "embedded":true, "fstring":true, "bytesize":8, "value":"BIG5_UAO", "encoding":"US-ASCII", "memsize":40, "flags":{"wb_protected":true, "old":true, "uncollectible":true, "marked":true}}
{"address":"0x7fb1f803d8b8", "type":"STRING", "class":"0x7fb1f80b7578", "frozen":true, "embedded":true, "fstring":true, "bytesize":23, "value":"rdoc/context/section.rb", "encoding":"UTF-8", "memsize":40, "flags":{"wb_protected":true, "old":true, "uncollectible":true, "marked":true}}
{"address":"0x7fb1f803d8e0", "type":"STRING", "class":"0x7fb1f80b7578", "frozen":true, "embedded":true, "fstring":true, "bytesize":8, "value":"Big5_UAO", "encoding":"US-ASCII", "memsize":40, "flags":{"wb_protected":true, "old":true, "uncollectible":true, "marked":true}}
{"address":"0x7fb1f803d908", "type":"STRING", "class":"0x7fb1f80b7578", "frozen":true, "embedded":true, "fstring":true, "bytesize":15, "value":"installed_stubs", "encoding":"US-ASCII", "memsize":40, "flags":{"wb_protected":true, "old":true, "uncollectible":true, "marked":true}}
{"address":"0x7fb1f803d930", "type":"DATA", "class":"0x7fb1f80bdc48", "struct":"encoding", "memsize":40, "flags":{"uncollectible":true, "marked":true}}
{"address":"0x7fb1f803d958", "type":"STRING", "class":"0x7fb1f80b7578", "frozen":true, "embedded":true, "fstring":true, "bytesize":10, "value":"BIG5_HKSCS", "encoding":"US-ASCII", "memsize":40, "flags":{"wb_protected":true, "old":true, "uncollectible":true, "marked":true}}
{"address":"0x7fb1f803d980", "type":"STRING", "class":"0x7fb1f80b7578", "frozen":true, "embedded":true, "fstring":true, "bytesize":15, "value":"rdoc/context.rb", "encoding":"UTF-8", "memsize":40, "flags":{"wb_protected":true, "old":true, "uncollectible":true, "marked":true}}
{"address":"0x7fb1f803d9a8", "type":"STRING", "class":"0x7fb1f80b7578", "frozen":true, "embedded":true, "fstring":true, "bytesize":10, "value":"Big5_HKSCS", "encoding":"US-ASCII", "memsize":40, "flags":{"wb_protected":true, "old":true, "uncollectible":true, "marked":true}}
{"address":"0x7fb1f803d9d0", "type":"STRING", "class":"0x7fb1f80b7578", "frozen":true, "embedded":true, "fstring":true, "bytesize":16, "value":"rdoc/constant.rb", "encoding":"UTF-8", "memsize":40, "flags":{"wb_protected":true, "old":true, "uncollectible":true, "marked":true}}
{"address":"0x7fb1f803d9f8", "type":"DATA", "class":"0x7fb1f80bdc48", "struct":"encoding", "memsize":40, "flags":{"uncollectible":true, "marked":true}}
{"address":"0x7fb1f803da20", "type":"STRING", "class":"0x7fb1f80b7578", "frozen":true, "embedded":true, "fstring":true, "bytesize":4, "value":"BIG5", "encoding":"US-ASCII", "memsize":40, "flags":{"wb_protected":true, "old":true, "uncollectible":true, "marked":true}}
{"address":"0x7fb1f803da48", "type":"STRING", "class":"0x7fb1f80b7578", "frozen":true, "embedded":true, "fstring":true, "bytesize":15, "value":"rdoc/comment.rb", "encoding":"UTF-8", "memsize":40, "flags":{"wb_protected":true, "old":true, "uncollectible":true, "marked":true}}
{"address":"0x7fb1f803da70", "type":"STRING", "class":"0x7fb1f80b7578", "frozen":true, "embedded":true, "fstring":true, "bytesize":4, "value":"Big5", "encoding":"US-ASCII", "memsize":40, "flags":{"wb_protected":true, "old":true, "uncollectible":true, "marked":true}}
{"address":"0x7fb1f803da98", "type":"STRING", "class":"0x7fb1f80b7578", "frozen":true, "embedded":true, "fstring":true, "bytesize":20, "value":"rdoc/code_objects.rb", "encoding":"UTF-8", "memsize":40, "flags":{"wb_protected":true, "old":true, "uncollectible":true, "marked":true}}
{"address":"0x7fb1f803dac0", "type":"DATA", "class":"0x7fb1f80bdc48", "struct":"encoding", "memsize":40, "flags":{"uncollectible":true, "marked":true}}
{"address":"0x7fb1f803dae8", "type":"STRING", "class":"0x7fb1f80b7578", "frozen":true, "embedded":true, "fstring":true, "bytesize":8, "value":"US_ASCII", "encoding":"US-ASCII", "memsize":40, "flags":{"wb_protected":true, "old":true, "uncollectible":true, "marked":true}}
{"address":"0x7fb1f803db10", "type":"STRING", "class":"0x7fb1f80b7578", "frozen":true, "embedded":true, "fstring":true, "bytesize":19, "value":"rdoc/code_object.rb", "encoding":"UTF-8", "memsize":40, "flags":{"wb_protected":true, "old":true, "uncollectible":true, "marked":true}}
{"address":"0x7fb1f803db38", "type":"STRING", "class":"0x7fb1f80b7578", "frozen":true, "embedded":true, "fstring":true, "bytesize":5, "value":"UTF_8", "encoding":"US-ASCII", "memsize":40, "flags":{"wb_protected":true, "old":true, "uncollectible":true, "marked":true}}
{"address":"0x7fb1f803db60", "type":"STRING", "class":"0x7fb1f80b7578", "frozen":true, "embedded":true, "fstring":true, "bytesize":20, "value":"rdoc/class_module.rb", "encoding":"UTF-8", "memsize":40, "flags":{"wb_protected":true, "old":true, "uncollectible":true, "marked":true}}
{"address":"0x7fb1f803db88", "type":"STRING", "class":"0x7fb1f80b7578", "frozen":true, "embedded":true, "fstring":true, "bytesize":10, "value":"ASCII_8BIT", "encoding":"US-ASCII", "memsize":40, "flags":{"wb_protected":true, "old":true, "uncollectible":true, "marked":true}}
{"address":"0x7fb1f803dbb0", "type":"STRING", "class":"0x7fb1f80b7578", "frozen":true, "embedded":true, "fstring":true, "bytesize":6, "value":"valid?", "encoding":"US-ASCII", "memsize":40, "flags":{"wb_protected":true, "old":true, "uncollectible":true, "marked":true}}
{"address":"0x7fb1f803dbd8", "type":"STRING", "class":"0x7fb1f80b7578", "frozen":true, "embedded":true, "fstring":true, "bytesize":12, "value":"rdoc/attr.rb", "encoding":"UTF-8", "memsize":40, "flags":{"wb_protected":true, "old":true, "uncollectible":true, "marked":true}}
{"address":"0x7fb1f803dc00", "type":"STRING", "class":"0x7fb1f80b7578", "frozen":true, "embedded":true, "fstring":true, "bytesize":18, "value":"rdoc/any_method.rb", "encoding":"UTF-8", "memsize":40, "flags":{"wb_protected":true, "old":true, "uncollectible":true, "marked":true}}
{"address":"0x7fb1f803dc28", "type":"STRING", "class":"0x7fb1f80b7578", "frozen":true, "fstring":true, "bytesize":84, "capacity":158, "value":"/Users/rschneeman/.rubies/ruby-2.7.1/lib/ruby/2.7.0/x86_64-darwin17/enc/encdb.bundle", "encoding":"US-ASCII", "memsize":199, "flags":{"wb_protected":true, "old":true, "uncollectible":true, "marked":true}}
{"address":"0x7fb1f803dc50", "type":"STRING", "class":"0x7fb1f80b7578", "frozen":true, "embedded":true, "fstring":true, "bytesize":18, "value":"rdoc/anon_class.rb", "encoding":"UTF-8", "memsize":40, "flags":{"wb_protected":true, "old":true, "uncollectible":true, "marked":true}}
{"address":"0x7fb1f803dc78", "type":"STRING", "class":"0x7fb1f80b7578", "frozen":true, "embedded":true, "fstring":true, "bytesize":13, "value":"rdoc/alias.rb", "encoding":"UTF-8", "memsize":40, "flags":{"wb_protected":true, "old":true, "uncollectible":true, "marked":true}}
{"address":"0x7fb1f803dca0", "type":"STRING", "class":"0x7fb1f80b7578", "frozen":true, "embedded":true, "fstring":true, "bytesize":7, "value":"rdoc.rb", "encoding":"UTF-8", "memsize":40, "flags":{"wb_protected":true, "old":true, "uncollectible":true, "marked":true}}
{"address":"0x7fb1f803dcc8", "type":"STRING", "class":"0x7fb1f80b7578", "frozen":true, "embedded":true, "fstring":true, "bytesize":7, "value":"pattern", "encoding":"US-ASCII", "memsize":40, "flags":{"wb_protected":true, "old":true, "uncollectible":true, "marked":true}}
{"address":"0x7fb1f803dcf0", "type":"STRING", "class":"0x7fb1f80b7578", "frozen":true, "embedded":true, "fstring":true, "bytesize":6, "value":"exe/ri", "encoding":"UTF-8", "memsize":40, "flags":{"wb_protected":true, "old":true, "uncollectible":true, "marked":true}}
{"address":"0x7fb1f803dd18", "type":"STRING", "class":"0x7fb1f80b7578", "frozen":true, "fstring":true, "bytesize":189, "value":" '--prefix=/Users/rschneeman/.rubies/ruby-2.7.1' '--with-opt-dir=/usr/local/opt/openssl@1.1:/usr/local/opt/readline:/usr/local/opt/libyaml:/usr/local/opt/gdbm' 'CPPFLAGS=-I/opt/X11/include'", "memsize":230, "flags":{"wb_protected":true, "old":true, "uncollectible":true, "marked":true}}
{"address":"0x7fb1f803dd40", "type":"STRING", "class":"0x7fb1f80b7578", "frozen":true, "fstring":true, "bytesize":67, "value":"/Users/rschneeman/.rubies/ruby-2.7.1/lib/ruby/2.7.0/x86_64-darwin17", "memsize":108, "flags":{"wb_protected":true, "old":true, "uncollectible":true, "marked":true}}
{"address":"0x7fb1f803dd68", "type":"STRING", "class":"0x7fb1f80b7578", "frozen":true, "embedded":true, "fstring":true, "bytesize":16, "value":"gemspec_stubs_in", "encoding":"US-ASCII", "memsize":40, "flags":{"wb_protected":true, "old":true, "uncollectible":true, "marked":true}}
{"address":"0x7fb1f803dd90", "type":"STRING", "class":"0x7fb1f80b7578", "frozen":true, "fstring":true, "bytesize":51, "value":"/Users/rschneeman/.rubies/ruby-2.7.1/lib/ruby/2.7.0", "memsize":92, "flags":{"wb_protected":true, "old":true, "uncollectible":true, "marked":true}}
{"address":"0x7fb1f803ddb8", "type":"STRING", "class":"0x7fb1f80b7578", "frozen":true, "embedded":true, "fstring":true, "bytesize":8, "value":"exe/rdoc", "encoding":"UTF-8", "memsize":40, "flags":{"wb_protected":true, "old":true, "uncollectible":true, "marked":true}}
{"address":"0x7fb1f803dde0", "type":"STRING", "class":"0x7fb1f80b7578", "frozen":true, "fstring":true, "bytesize":57, "value":"/Users/rschneeman/.rubies/ruby-2.7.1/lib/ruby/vendor_ruby", "memsize":98, "flags":{"wb_protected":true, "old":true, "uncollectible":true, "marked":true}}
{"address":"0x7fb1f803de08", "type":"STRING", "class":"0x7fb1f80b7578", "frozen":true, "embedded":true, "fstring":true, "bytesize":9, "value":"TODO.rdoc", "encoding":"UTF-8", "memsize":40, "flags":{"wb_protected":true, "old":true, "uncollectible":true, "marked":true}}
{"address":"0x7fb1f803de30", "type":"STRING", "class":"0x7fb1f80b7578", "frozen":true, "fstring":true, "bytesize":79, "value":"/Users/rschneeman/.rubies/ruby-2.7.1/lib/ruby/vendor_ruby/2.7.0/x86_64-darwin17", "memsize":120, "flags":{"wb_protected":true, "old":true, "uncollectible":true, "marked":true}}
{"address":"0x7fb1f803de58", "type":"STRING", "class":"0x7fb1f80b7578", "frozen":true, "embedded":true, "fstring":true, "bytesize":7, "value":"RI.rdoc", "encoding":"UTF-8", "memsize":40, "flags":{"wb_protected":true, "old":true, "uncollectible":true, "marked":true}}
{"address":"0x7fb1f803de80", "type":"STRING", "class":"0x7fb1f80b7578", "frozen":true, "fstring":true, "bytesize":63, "value":"/Users/rschneeman/.rubies/ruby-2.7.1/lib/ruby/vendor_ruby/2.7.0", "memsize":104, "flags":{"wb_protected":true, "old":true, "uncollectible":true, "marked":true}}
{"address":"0x7fb1f803dea8", "type":"STRING", "class":"0x7fb1f80b7578", "frozen":true, "embedded":true, "fstring":true, "bytesize":11, "value":"README.rdoc", "encoding":"UTF-8", "memsize":40, "flags":{"wb_protected":true, "old":true, "uncollectible":true, "marked":true}}
{"address":"0x7fb1f803ded0", "type":"STRING", "class":"0x7fb1f80b7578", "frozen":true, "fstring":true, "bytesize":55, "value":"/Users/rschneeman/.rubies/ruby-2.7.1/lib/ruby/site_ruby", "memsize":96, "flags":{"wb_protected":true, "old":true, "uncollectible":true, "marked":true}}
{"address":"0x7fb1f803def8", "type":"STRING", "class":"0x7fb1f80b7578", "frozen":true, "embedded":true, "fstring":true, "bytesize":12, "value":"LICENSE.rdoc", "encoding":"UTF-8", "memsize":40, "flags":{"wb_protected":true, "old":true, "uncollectible":true, "marked":true}}
{"address":"0x7fb1f803df20", "type":"STRING", "class":"0x7fb1f80b7578", "frozen":true, "fstring":true, "bytesize":77, "value":"/Users/rschneeman/.rubies/ruby-2.7.1/lib/ruby/site_ruby/2.7.0/x86_64-darwin17", "memsize":118, "flags":{"wb_protected":true, "old":true, "uncollectible":true, "marked":true}}
{"address":"0x7fb1f803df48", "type":"STRING", "class":"0x7fb1f80b7578", "frozen":true, "embedded":true, "fstring":true, "bytesize":10, "value":"LEGAL.rdoc", "encoding":"UTF-8", "memsize":40, "flags":{"wb_protected":true, "old":true, "uncollectible":true, "marked":true}}
{"address":"0x7fb1f803df70", "type":"STRING", "class":"0x7fb1f80b7578", "frozen":true, "fstring":true, "bytesize":61, "value":"/Users/rschneeman/.rubies/ruby-2.7.1/lib/ruby/site_ruby/2.7.0", "memsize":102, "flags":{"wb_protected":true, "old":true, "uncollectible":true, "marked":true}}
{"address":"0x7fb1f803df98", "type":"STRING", "class":"0x7fb1f80b7578", "frozen":true, "embedded":true, "fstring":true, "bytesize":12, "value":"History.rdoc", "encoding":"UTF-8", "memsize":40, "flags":{"wb_protected":true, "old":true, "uncollectible":true, "marked":true}}
{"address":"0x7fb1f803dfc0", "type":"ARRAY", "frozen":true, "length":8, "references":["0x7fb1f803df70", "0x7fb1f803df20", "0x7fb1f803ded0", "0x7fb1f803de80", "0x7fb1f803de30", "0x7fb1f803dde0", "0x7fb1f803dd90", "0x7fb1f803dd40"], "memsize":104, "flags":{"wb_protected":true, "old":true, "uncollectible":true, "marked":true}}
{"address":"0x7fb1f803dfe8", "type":"STRING", "class":"0x7fb1f80b7578", "frozen":true, "embedded":true, "fstring":true, "bytesize":16, "value":"ExampleRDoc.rdoc", "encoding":"UTF-8", "memsize":40, "flags":{"wb_protected":true, "old":true, "uncollectible":true, "marked":true}}
{"address":"0x7fb1f803e010", "type":"STRING", "class":"0x7fb1f80b7578", "frozen":true, "embedded":true, "fstring":true, "bytesize":16, "value":"RUBY_DESCRIPTION", "encoding":"US-ASCII", "memsize":40, "flags":{"wb_protected":true, "old":true, "uncollectible":true, "marked":true}}
{"address":"0x7fb1f803e038", "type":"STRING", "class":"0x7fb1f80b7578", "frozen":true, "embedded":true, "fstring":true, "bytesize":18, "value":"ExampleMarkdown.md", "encoding":"UTF-8", "memsize":40, "flags":{"wb_protected":true, "old":true, "uncollectible":true, "marked":true}}
{"address":"0x7fb1f803e060", "type":"STRING", "class":"0x7fb1f80b7578", "frozen":true, "bytesize":64, "value":"ruby 2.7.1p83 (2020-03-31 revision a0c7c23c9c) [x86_64-darwin17]", "encoding":"US-ASCII", "memsize":40, "flags":{"wb_protected":true, "old":true, "uncollectible":true, "marked":true}}
{"address":"0x7fb1f803e088", "type":"STRING", "class":"0x7fb1f80b7578", "frozen":true, "embedded":true, "fstring":true, "bytesize":15, "value":"TMP_RUBY_PREFIX", "encoding":"US-ASCII", "memsize":40, "flags":{"wb_protected":true, "old":true, "uncollectible":true, "marked":true}}
{"address":"0x7fb1f803e0b0", "type":"STRING", "class":"0x7fb1f80b7578", "frozen":true, "embedded":true, "fstring":true, "bytesize":17, "value":"CONTRIBUTING.rdoc", "encoding":"UTF-8", "memsize":40, "flags":{"wb_protected":true, "old":true, "uncollectible":true, "marked":true}}
{"address":"0x7fb1f803e0d8", "type":"STRING", "class":"0x7fb1f80b7578", "frozen":true, "bytesize":67, "value":"/Users/rschneeman/.rubies/ruby-2.7.1/lib/ruby/2.7.0/x86_64-darwin17", "references":["0x7fb1f803e0d8"], "memsize":124, "flags":{"wb_protected":true, "old":true, "uncollectible":true, "marked":true}}
{"address":"0x7fb1f803e100", "type":"STRING", "class":"0x7fb1f80b7578", "frozen":true, "bytesize":51, "value":"/Users/rschneeman/.rubies/ruby-2.7.1/lib/ruby/2.7.0", "references":["0x7fb1f803e100"], "memsize":108, "flags":{"wb_protected":true, "old":true, "uncollectible":true, "marked":true}}
{"address":"0x7fb1f803e128", "type":"STRING", "class":"0x7fb1f80b7578", "frozen":true, "bytesize":57, "value":"/Users/rschneeman/.rubies/ruby-2.7.1/lib/ruby/vendor_ruby", "references":["0x7fb1f803e128"], "memsize":114, "flags":{"wb_protected":true, "old":true, "uncollectible":true, "marked":true}}
{"address":"0x7fb1f803e150", "type":"STRING", "class":"0x7fb1f80b7578", "frozen":true, "bytesize":79, "value":"/Users/rschneeman/.rubies/ruby-2.7.1/lib/ruby/vendor_ruby/2.7.0/x86_64-darwin17", "references":["0x7fb1f803e150"], "memsize":136, "flags":{"wb_protected":true, "old":true, "uncollectible":true, "marked":true}}
{"address":"0x7fb1f803e178", "type":"STRING", "class":"0x7fb1f80b7578", "frozen":true, "bytesize":63, "value":"/Users/rschneeman/.rubies/ruby-2.7.1/lib/ruby/vendor_ruby/2.7.0", "references":["0x7fb1f803e178"], "memsize":120, "flags":{"wb_protected":true, "old":true, "uncollectible":true, "marked":true}}
{"address":"0x7fb1f803e1a0", "type":"STRING", "class":"0x7fb1f80b7578", "frozen":true, "bytesize":55, "value":"/Users/rschneeman/.rubies/ruby-2.7.1/lib/ruby/site_ruby", "references":["0x7fb1f803e1a0"], "memsize":112, "flags":{"wb_protected":true, "old":true, "uncollectible":true, "marked":true}}
{"address":"0x7fb1f803e1c8", "type":"STRING", "class":"0x7fb1f80b7578", "frozen":true, "bytesize":77, "value":"/Users/rschneeman/.rubies/ruby-2.7.1/lib/ruby/site_ruby/2.7.0/x86_64-darwin17", "references":["0x7fb1f803e1c8"], "memsize":134, "flags":{"wb_protected":true, "old":true, "uncollectible":true, "marked":true}}
{"address":"0x7fb1f803e1f0", "type":"STRING", "class":"0x7fb1f80b7578", "frozen":true, "bytesize":61, "value":"/Users/rschneeman/.rubies/ruby-2.7.1/lib/ruby/site_ruby/2.7.0", "references":["0x7fb1f803e1f0"], "memsize":118, "flags":{"wb_protected":true, "old":true, "uncollectible":true, "marked":true}}
{"address":"0x7fb1f803e218", "type":"STRING", "class":"0x7fb1f80b7578", "frozen":true, "embedded":true, "fstring":true, "bytesize":18, "value":"@gem_prelude_index", "encoding":"US-ASCII", "memsize":40, "flags":{"wb_protected":true, "old":true, "uncollectible":true, "marked":true}}
{"address":"0x7fb1f803e240", "type":"STRING", "class":"0x7fb1f80b7578", "frozen":true, "embedded":true, "fstring":true, "bytesize":18, "value":"CVE-2013-0256.rdoc", "encoding":"UTF-8", "memsize":40, "flags":{"wb_protected":true, "old":true, "uncollectible":true, "marked":true}}
{"address":"0x7fb1f803e268", "type":"STRING", "class":"0x7fb1f80b7578", "frozen":true, "bytesize":36, "value":"/Users/rschneeman/.rubies/ruby-2.7.1", "memsize":77, "flags":{"wb_protected":true, "old":true, "uncollectible":true, "marked":true}}
{"address":"0x7fb1f803e2b8", "type":"STRING", "class":"0x7fb1f80b7578", "frozen":true, "embedded":true, "bytesize":4, "value":"ruby", "memsize":40, "flags":{"wb_protected":true, "old":true, "uncollectible":true, "marked":true}}
{"address":"0x7fb1f803e308", "type":"STRING", "class":"0x7fb1f80b7578", "frozen":true, "embedded":true, "fstring":true, "bytesize":4, "value":"ruby", "memsize":40, "flags":{"wb_protected":true, "old":true, "uncollectible":true, "marked":true}}
{"address":"0x7fb1f803e330", "type":"STRING", "class":"0x7fb1f80b7578", "frozen":true, "embedded":true, "fstring":true, "bytesize":17, "value":"aycabta@gmail.com", "encoding":"UTF-8", "memsize":40, "flags":{"wb_protected":true, "old":true, "uncollectible":true, "marked":true}}
{"address":"0x7fb1f803e380", "type":"STRING", "class":"0x7fb1f80b7578", "frozen":true, "embedded":true, "fstring":true, "bytesize":4, "value":"ARGV", "encoding":"US-ASCII", "memsize":40, "flags":{"wb_protected":true, "old":true, "uncollectible":true, "marked":true}}
{"address":"0x7fb1f803e3a8", "type":"STRING", "class":"0x7fb1f80b7578", "frozen":true, "embedded":true, "fstring":true, "bytesize":18, "value":"hsbt@ruby-lang.org", "encoding":"UTF-8", "memsize":40, "flags":{"wb_protected":true, "old":true, "uncollectible":true, "marked":true}}
{"address":"0x7fb1f803e3d0", "type":"IMEMO", "class":"0x7fb1f8057ad8", "imemo_type":"ment", "memsize":48, "flags":{"wb_protected":true, "old":true, "uncollectible":true, "marked":true}}
{"address":"0x7fb1f803e3f8", "type":"IMEMO", "imemo_type":"ment", "references":["0x7fb1f8057ba0"], "memsize":48, "flags":{"wb_protected":true, "old":true, "uncollectible":true, "marked":true}}
{"address":"0x7fb1f803e420", "type":"STRING", "class":"0x7fb1f80b7578", "frozen":true, "embedded":true, "fstring":true, "bytesize":12, "value":"setproctitle", "encoding":"US-ASCII", "memsize":40, "flags":{"wb_protected":true, "old":true, "uncollectible":true, "marked":true}}
{"address":"0x7fb1f803e448", "type":"STRING", "class":"0x7fb1f80b7578", "frozen":true, "embedded":true, "fstring":true, "bytesize":12, "value":"mail@zzak.io", "encoding":"UTF-8", "memsize":40, "flags":{"wb_protected":true, "old":true, "uncollectible":true, "marked":true}}
{"address":"0x7fb1f803e470", "type":"IMEMO", "class":"0x7fb1f8057ad8", "imemo_type":"ment", "memsize":48, "flags":{"wb_protected":true, "old":true, "uncollectible":true, "marked":true}}
{"address":"0x7fb1f803e498", "type":"IMEMO", "imemo_type":"ment", "references":["0x7fb1f8057ba0"], "memsize":48, "flags":{"wb_protected":true, "old":true, "uncollectible":true, "marked":true}}
{"address":"0x7fb1f803e4c0", "type":"STRING", "class":"0x7fb1f80b7578", "frozen":true, "embedded":true, "fstring":true, "bytesize":5, "value":"argv0", "encoding":"US-ASCII", "memsize":40, "flags":{"wb_protected":true, "old":true, "uncollectible":true, "marked":true}}
{"address":"0x7fb1f803e4e8", "type":"STRING", "class":"0x7fb1f80b7578", "frozen":true, "embedded":true, "fstring":true, "bytesize":20, "value":"drbrain@segment7.net", "encoding":"UTF-8", "memsize":40, "flags":{"wb_protected":true, "old":true, "uncollectible":true, "marked":true}}
{"address":"0x7fb1f803e510", "type":"STRING", "class":"0x7fb1f80b7578", "frozen":true, "embedded":true, "fstring":true, "bytesize":13, "value":"$PROGRAM_NAME", "encoding":"US-ASCII", "memsize":40, "flags":{"wb_protected":true, "old":true, "uncollectible":true, "marked":true}}
{"address":"0x7fb1f803e538", "type":"STRING", "class":"0x7fb1f80b7578", "frozen":true, "fstring":true, "bytesize":176, "value":"RDoc produces HTML and command-line documentation for Ruby projects.\nRDoc includes the +rdoc+ and +ri+ tools for generating and displaying documentation from the command-line.\n", "encoding":"UTF-8", "memsize":217, "flags":{"wb_protected":true, "old":true, "uncollectible":true, "marked":true}}
{"address":"0x7fb1f803e560", "type":"STRING", "class":"0x7fb1f80b7578", "frozen":true, "embedded":true, "fstring":true, "bytesize":2, "value":"$0", "encoding":"US-ASCII", "memsize":40, "flags":{"wb_protected":true, "old":true, "uncollectible":true, "marked":true}}
{"address":"0x7fb1f803e588", "type":"STRING", "class":"0x7fb1f80b7578", "frozen":true, "embedded":true, "fstring":true, "bytesize":16, "value":"ITOYANAGI Sakura", "encoding":"UTF-8", "memsize":40, "flags":{"wb_protected":true, "old":true, "uncollectible":true, "marked":true}}
{"address":"0x7fb1f803e5b0", "type":"STRING", "class":"0x7fb1f80b7578", "frozen":true, "embedded":true, "fstring":true, "bytesize":3, "value":"$-d", "encoding":"US-ASCII", "memsize":40, "flags":{"wb_protected":true, "old":true, "uncollectible":true, "marked":true}}
{"address":"0x7fb1f803e5d8", "type":"STRING", "class":"0x7fb1f80b7578", "frozen":true, "embedded":true, "fstring":true, "bytesize":12, "value":"each_gemspec", "encoding":"US-ASCII", "memsize":40, "flags":{"wb_protected":true, "old":true, "uncollectible":true, "marked":true}}
{"address":"0x7fb1f803e600", "type":"STRING", "class":"0x7fb1f80b7578", "frozen":true, "embedded":true, "fstring":true, "bytesize":6, "value":"$DEBUG", "encoding":"US-ASCII", "memsize":40, "flags":{"wb_protected":true, "old":true, "uncollectible":true, "marked":true}}
{"address":"0x7fb1f803e628", "type":"STRING", "class":"0x7fb1f80b7578", "frozen":true, "embedded":true, "fstring":true, "bytesize":15, "value":"Hiroshi SHIBATA", "encoding":"UTF-8", "memsize":40, "flags":{"wb_protected":true, "old":true, "uncollectible":true, "marked":true}}
{"address":"0x7fb1f803e650", "type":"STRING", "class":"0x7fb1f80b7578", "frozen":true, "embedded":true, "fstring":true, "bytesize":3, "value":"$-W", "encoding":"US-ASCII", "memsize":40, "flags":{"wb_protected":true, "old":true, "uncollectible":true, "marked":true}}
{"address":"0x7fb1f803e678", "type":"STRING", "class":"0x7fb1f80b7578", "frozen":true, "embedded":true, "fstring":true, "bytesize":13, "value":"Zachary Scott", "encoding":"UTF-8", "memsize":40, "flags":{"wb_protected":true, "old":true, "uncollectible":true, "marked":true}}
{"address":"0x7fb1f803e6a0", "type":"STRING", "class":"0x7fb1f80b7578", "frozen":true, "embedded":true, "fstring":true, "bytesize":3, "value":"$-w", "encoding":"US-ASCII", "memsize":40, "flags":{"wb_protected":true, "old":true, "uncollectible":true, "marked":true}}
{"address":"0x7fb1f803e6c8", "type":"STRING", "class":"0x7fb1f80b7578", "frozen":true, "embedded":true, "fstring":true, "bytesize":12, "value":"Tony Strauss", "encoding":"UTF-8", "memsize":40, "flags":{"wb_protected":true, "old":true, "uncollectible":true, "marked":true}}
{"address":"0x7fb1f803e6f0", "type":"STRING", "class":"0x7fb1f80b7578", "frozen":true, "embedded":true, "fstring":true, "bytesize":3, "value":"$-v", "encoding":"US-ASCII", "memsize":40, "flags":{"wb_protected":true, "old":true, "uncollectible":true, "marked":true}}
{"address":"0x7fb1f803e718", "type":"STRING", "class":"0x7fb1f80b7578", "frozen":true, "embedded":true, "fstring":true, "bytesize":2, "value":"re", "encoding":"US-ASCII", "memsize":40, "flags":{"wb_protected":true, "old":true, "uncollectible":true, "marked":true}}
{"address":"0x7fb1f803e740", "type":"STRING", "class":"0x7fb1f80b7578", "frozen":true, "embedded":true, "fstring":true, "bytesize":8, "value":"$VERBOSE", "encoding":"US-ASCII", "memsize":40, "flags":{"wb_protected":true, "old":true, "uncollectible":true, "marked":true}}
{"address":"0x7fb1f803e768", "type":"STRING", "class":"0x7fb1f80b7578", "frozen":true, "embedded":true, "fstring":true, "bytesize":14, "value":"Phil Hagelberg", "encoding":"UTF-8", "memsize":40, "flags":{"wb_protected":true, "old":true, "uncollectible":true, "marked":true}}
{"address":"0x7fb1f803e790", "type":"IMEMO", "imemo_type":"ment", "references":["0x7fb1f80c4ef8", "0x7fb1f803e7b8"], "memsize":48, "flags":{"wb_protected":true, "old":true, "uncollectible":true, "marked":true}}
{"address":"0x7fb1f803e7b8", "type":"IMEMO", "imemo_type":"ment", "references":["0x7fb1f80c4ef8", "0x7fb1f803eba0", "0x7fb1f803e808"], "memsize":48, "flags":{"wb_protected":true, "old":true, "uncollectible":true, "marked":true}}
{"address":"0x7fb1f803e808", "type":"IMEMO", "class":"0x8", "imemo_type":"cref", "references":["0x7fb1f80c4ef8", "0x7fb1f803e998"], "memsize":40, "flags":{"wb_protected":true, "old":true, "uncollectible":true, "marked":true}}
{"address":"0x7fb1f803e830", "type":"IMEMO", "class":"0x7fb1f806dbf8", "imemo_type":"ment", "references":["0x7fb1f803ee20", "0x7fb1f803e858"], "memsize":48, "flags":{"wb_protected":true, "old":true, "uncollectible":true, "marked":true}}
{"address":"0x7fb1f803e858", "type":"IMEMO", "class":"0x8", "imemo_type":"cref", "references":["0x7fb1f806dbf8", "0x7fb1f803e998"], "memsize":40, "flags":{"wb_protected":true, "old":true, "uncollectible":true, "marked":true}}
{"address":"0x7fb1f803e880", "type":"IMEMO", "class":"0x7fb1f8065e30", "imemo_type":"ment", "references":["0x7fb1f803e8a8"], "memsize":48, "flags":{"wb_protected":true, "old":true, "uncollectible":true, "marked":true}}
{"address":"0x7fb1f803e8a8", "type":"DATA", "class":"0x7fb1f806f160", "struct":"proc", "references":["0x7fb1f8065e30", "0x7fb1f803f2a8", "0x7fb1f803e8f8"], "memsize":80, "flags":{"wb_protected":true, "old":true, "uncollectible":true, "marked":true}}
{"address":"0x7fb1f803e8d0", "type":"STRING", "class":"0x7fb1f80b7578", "frozen":true, "embedded":true, "fstring":true, "bytesize":11, "value":"Dave Thomas", "encoding":"UTF-8", "memsize":40, "flags":{"wb_protected":true, "old":true, "uncollectible":true, "marked":true}}
{"address":"0x7fb1f803e8f8", "type":"IMEMO", "class":"0x7fb1f803f398", "imemo_type":"env", "references":["0x7fb1f803e920", "0x7fb1f803e948", "0x7fb1f803e8f8"], "memsize":80, "flags":{"wb_protected":true, "old":true, "uncollectible":true, "marked":true}}
{"address":"0x7fb1f803e920", "type":"DATA", "class":"0x7fb1f805d5a0", "struct":"mutex", "memsize":72, "flags":{"uncollectible":true, "marked":true}}
{"address":"0x7fb1f803e948", "type":"IMEMO", "class":"0x8", "imemo_type":"cref", "references":["0x7fb1f8065e30", "0x7fb1f803e998"], "memsize":40, "flags":{"wb_protected":true, "old":true, "uncollectible":true, "marked":true}}
{"address":"0x7fb1f803e970", "type":"CLASS", "class":"0x7fb1f8074bd8", "name":"Class", "references":["0x7fb1f8074b88", "0x7fb1f8065e30"], "memsize":464, "flags":{"wb_protected":true, "old":true, "uncollectible":true, "marked":true}}
{"address":"0x7fb1f803e998", "type":"IMEMO", "class":"0x8", "imemo_type":"cref", "references":["0x7fb1f80c5240"], "memsize":40, "flags":{"wb_protected":true, "old":true, "uncollectible":true, "marked":true}}
{"address":"0x7fb1f803e9c0", "type":"STRING", "class":"0x7fb1f80b7578", "frozen":true, "embedded":true, "fstring":true, "bytesize":10, "value":"Eric Hodel", "encoding":"UTF-8", "memsize":40, "flags":{"wb_protected":true, "old":true, "uncollectible":true, "marked":true}}
{"address":"0x7fb1f803e9e8", "type":"STRING", "class":"0x7fb1f80b7578", "frozen":true, "embedded":true, "fstring":true, "bytesize":4, "value":"deps", "encoding":"US-ASCII", "memsize":40, "flags":{"wb_protected":true, "old":true, "uncollectible":true, "marked":true}}
{"address":"0x7fb1f803ea38", "type":"STRING", "class":"0x7fb1f80b7578", "frozen":true, "embedded":true, "fstring":true, "bytesize":5, "value":"6.2.1", "encoding":"UTF-8", "memsize":40, "flags":{"wb_protected":true, "old":true, "uncollectible":true, "marked":true}}
{"address":"0x7fb1f803ea60", "type":"STRING", "class":"0x7fb1f80b7578", "frozen":true, "embedded":true, "fstring":true, "bytesize":17, "value":"_clear_load_cache", "encoding":"US-ASCII", "memsize":40, "flags":{"wb_protected":true, "old":true, "uncollectible":true, "marked":true}}
{"address":"0x7fb1f803ea88", "type":"ARRAY", "class":"0x7fb1f8097228", "frozen":true, "length":2, "embedded":true, "references":["0x7fb1f803f0f0"], "memsize":40, "flags":{"wb_protected":true, "old":true, "uncollectible":true, "marked":true}}
{"address":"0x7fb1f803eab0", "type":"STRING", "class":"0x7fb1f80b7578", "frozen":true, "embedded":true, "fstring":true, "bytesize":4, "value":"rdoc", "encoding":"UTF-8", "memsize":40, "flags":{"wb_protected":true, "old":true, "uncollectible":true, "marked":true}}
{"address":"0x7fb1f803ead8", "type":"STRING", "class":"0x7fb1f80b7578", "frozen":true, "embedded":true, "fstring":true, "bytesize":2, "value":"pp", "encoding":"UTF-8", "memsize":40, "flags":{"wb_protected":true, "old":true, "uncollectible":true, "marked":true}}
{"address":"0x7fb1f803eb50", "type":"STRING", "class":"0x7fb1f80b7578", "frozen":true, "embedded":true, "fstring":true, "bytesize":4, "value":"objs", "encoding":"US-ASCII", "memsize":40, "flags":{"wb_protected":true, "old":true, "uncollectible":true, "marked":true}}
{"address":"0x7fb1f803eb78", "type":"STRING", "class":"0x7fb1f80b7578", "frozen":true, "embedded":true, "fstring":true, "bytesize":4, "value":"conf", "encoding":"US-ASCII", "memsize":40, "flags":{"wb_protected":true, "old":true, "uncollectible":true, "marked":true}}
{"address":"0x7fb1f803eba0", "type":"IMEMO", "imemo_type":"iseq", "references":["0x7fb1f803ead8", "0x7fb1f803ebf0", "0x7fb1f803ebf0", "0x7fb1f803ea88"], "memsize":676, "flags":{"wb_protected":true, "old":true, "uncollectible":true, "marked":true}}
{"address":"0x7fb1f803ebf0", "type":"STRING", "class":"0x7fb1f80b7578", "frozen":true, "embedded":true, "fstring":true, "bytesize":2, "value":"pp", "encoding":"US-ASCII", "memsize":40, "flags":{"wb_protected":true, "old":true, "uncollectible":true, "marked":true}}
{"address":"0x7fb1f803ec18", "type":"STRING", "class":"0x7fb1f80b7578", "frozen":true, "embedded":true, "fstring":true, "bytesize":6, "value":"mkconf", "encoding":"US-ASCII", "memsize":40, "flags":{"wb_protected":true, "old":true, "uncollectible":true, "marked":true}}
{"address":"0x7fb1f803ec68", "type":"STRING", "class":"0x7fb1f80b7578", "frozen":true, "embedded":true, "fstring":true, "bytesize":12, "value":"fire_update!", "encoding":"US-ASCII", "memsize":40, "flags":{"wb_protected":true, "old":true, "uncollectible":true, "marked":true}}
{"address":"0x7fb1f803ecb8", "type":"STRING", "class":"0x7fb1f80b7578", "frozen":true, "embedded":true, "fstring":true, "bytesize":10, "value":"@namespace", "encoding":"US-ASCII", "memsize":40, "flags":{"wb_protected":true, "old":true, "uncollectible":true, "marked":true}}
{"address":"0x7fb1f803ed08", "type":"STRING", "class":"0x7fb1f80b7578", "frozen":true, "embedded":true, "fstring":true, "bytesize":10, "value":"activated=", "encoding":"US-ASCII", "memsize":40, "flags":{"wb_protected":true, "old":true, "uncollectible":true, "marked":true}}
{"address":"0x7fb1f803ed58", "type":"ARRAY", "class":"0x7fb1f8097228", "frozen":true, "length":2, "embedded":true, "references":["0x7fb1f803f0f0"], "memsize":40, "flags":{"wb_protected":true, "old":true, "uncollectible":true, "marked":true}}
{"address":"0x7fb1f803eda8", "type":"STRING", "class":"0x7fb1f80b7578", "frozen":true, "embedded":true, "fstring":true, "bytesize":3, "value":"irb", "encoding":"UTF-8", "memsize":40, "flags":{"wb_protected":true, "old":true, "uncollectible":true, "marked":true}}
{"address":"0x7fb1f803ee20", "type":"IMEMO", "imemo_type":"iseq", "references":["0x7fb1f803eda8", "0x7fb1f803ee70", "0x7fb1f803ee70", "0x7fb1f803ed58"], "memsize":636, "flags":{"wb_protected":true, "old":true, "uncollectible":true, "marked":true}}
{"address":"0x7fb1f803ee70", "type":"STRING", "class":"0x7fb1f80b7578", "frozen":true, "embedded":true, "fstring":true, "bytesize":3, "value":"irb", "encoding":"US-ASCII", "memsize":40, "flags":{"wb_protected":true, "old":true, "uncollectible":true, "marked":true}}
{"address":"0x7fb1f803eee8", "type":"STRING", "class":"0x7fb1f80b7578", "frozen":true, "embedded":true, "fstring":true, "bytesize":9, "value":"namespace", "encoding":"US-ASCII", "memsize":40, "flags":{"wb_protected":true, "old":true, "uncollectible":true, "marked":true}}
{"address":"0x7fb1f803ef38", "type":"ARRAY", "class":"0x7fb1f8097228", "frozen":true, "length":2, "embedded":true, "references":["0x7fb1f803f0f0"], "memsize":40, "flags":{"wb_protected":true, "old":true, "uncollectible":true, "marked":true}}
{"address":"0x7fb1f803efb0", "type":"STRING", "class":"0x7fb1f80b7578", "frozen":true, "embedded":true, "fstring":true, "bytesize":9, "value":"exclusive", "encoding":"US-ASCII", "memsize":40, "flags":{"wb_protected":true, "old":true, "uncollectible":true, "marked":true}}
{"address":"0x7fb1f803efd8", "type":"STRING", "class":"0x7fb1f80b7578", "frozen":true, "embedded":true, "fstring":true, "bytesize":5, "value":"@@all", "encoding":"US-ASCII", "memsize":40, "flags":{"wb_protected":true, "old":true, "uncollectible":true, "marked":true}}
{"address":"0x7fb1f803f028", "type":"STRING", "class":"0x7fb1f80b7578", "frozen":true, "fstring":true, "bytesize":24, "value":"block in singleton class", "memsize":65, "flags":{"wb_protected":true, "old":true, "uncollectible":true, "marked":true}}
{"address":"0x7fb1f803f078", "type":"STRING", "class":"0x7fb1f80b7578", "frozen":true, "embedded":true, "fstring":true, "bytesize":15, "value":"singleton class", "encoding":"US-ASCII", "memsize":40, "flags":{"wb_protected":true, "old":true, "uncollectible":true, "marked":true}}
{"address":"0x7fb1f803f0c8", "type":"ARRAY", "class":"0x7fb1f8097228", "frozen":true, "length":2, "embedded":true, "references":["0x7fb1f803f0f0"], "memsize":40, "flags":{"wb_protected":true, "old":true, "uncollectible":true, "marked":true}}
{"address":"0x7fb1f803f0f0", "type":"STRING", "class":"0x7fb1f80b7578", "frozen":true, "embedded":true, "fstring":true, "bytesize":18, "value":"<internal:prelude>", "encoding":"US-ASCII", "memsize":40, "flags":{"wb_protected":true, "old":true, "uncollectible":true, "marked":true}}
{"address":"0x7fb1f803f118", "type":"STRING", "class":"0x7fb1f80b7578", "frozen":true, "embedded":true, "fstring":true, "bytesize":4, "value":"_all", "encoding":"US-ASCII", "memsize":40, "flags":{"wb_protected":true, "old":true, "uncollectible":true, "marked":true}}
{"address":"0x7fb1f803f168", "type":"STRING", "class":"0x7fb1f80b7578", "frozen":true, "fstring":true, "bytesize":49, "value":"Thread.exclusive is deprecated, use Thread::Mutex", "encoding":"UTF-8", "memsize":90, "flags":{"wb_protected":true, "old":true, "uncollectible":true, "marked":true}}
{"address":"0x7fb1f803f1e0", "type":"STRING", "class":"0x7fb1f80b7578", "frozen":true, "embedded":true, "fstring":true, "bytesize":5, "value":"block", "encoding":"US-ASCII", "memsize":40, "flags":{"wb_protected":true, "old":true, "uncollectible":true, "marked":true}}
{"address":"0x7fb1f803f208", "type":"STRING", "class":"0x7fb1f80b7578", "frozen":true, "embedded":true, "fstring":true, "bytesize":7, "value":"_scopes", "encoding":"US-ASCII", "memsize":40, "flags":{"wb_protected":true, "old":true, "uncollectible":true, "marked":true}}
{"address":"0x7fb1f803f2a8", "type":"IMEMO", "imemo_type":"iseq", "references":["0x7fb1f803f168", "0x7fb1f803f028", "0x7fb1f803f078", "0x7fb1f803f0c8", "0x7fb1f803f398"], "memsize":816, "flags":{"wb_protected":true, "old":true, "uncollectible":true, "marked":true}}
{"address":"0x7fb1f803f2d0", "type":"STRING", "class":"0x7fb1f80b7578", "frozen":true, "embedded":true, "fstring":true, "bytesize":7, "value":"@scopes", "encoding":"US-ASCII", "memsize":40, "flags":{"wb_protected":true, "old":true, "uncollectible":true, "marked":true}}
{"address":"0x7fb1f803f2f8", "type":"STRING", "class":"0x7fb1f80b7578", "frozen":true, "embedded":true, "fstring":true, "bytesize":5, "value":"mutex", "encoding":"US-ASCII", "memsize":40, "flags":{"wb_protected":true, "old":true, "uncollectible":true, "marked":true}}
{"address":"0x7fb1f803f370", "type":"STRING", "class":"0x7fb1f80b7578", "frozen":true, "embedded":true, "fstring":true, "bytesize":18, "value":"rubyforge_project=", "encoding":"US-ASCII", "memsize":40, "flags":{"wb_protected":true, "old":true, "uncollectible":true, "marked":true}}
{"address":"0x7fb1f803f398", "type":"IMEMO", "imemo_type":"iseq", "references":["0x7fb1f803f2a8", "0x7fb1f803f078", "0x7fb1f803f078", "0x7fb1f803ef38", "0x7fb1f803f2a8"], "memsize":804, "flags":{"wb_protected":true, "old":true, "uncollectible":true, "marked":true}}
{"address":"0x7fb1f803f3e8", "type":"STRING", "class":"0x7fb1f80b7578", "frozen":true, "embedded":true, "fstring":true, "bytesize":14, "value":"singletonclass", "encoding":"US-ASCII", "memsize":40, "flags":{"wb_protected":true, "old":true, "uncollectible":true, "marked":true}}
{"address":"0x7fb1f803f438", "type":"STRING", "class":"0x7fb1f80b7578", "frozen":true, "embedded":true, "fstring":true, "bytesize":17, "value":"rubyforge_project", "encoding":"US-ASCII", "memsize":40, "flags":{"wb_protected":true, "old":true, "uncollectible":true, "marked":true}}
{"address":"0x7fb1f803f500", "type":"IMEMO", "class":"0x7fb1f80bfbb0", "imemo_type":"ment", "references":["0x7fb1f803f820", "0x7fb1f803f550"], "memsize":48, "flags":{"wb_protected":true, "old":true, "uncollectible":true, "marked":true}}
{"address":"0x7fb1f803f550", "type":"IMEMO", "class":"0x8", "imemo_type":"cref", "references":["0x7fb1f80c4ef8", "0x7fb1f803f578"], "memsize":40, "flags":{"wb_protected":true, "old":true, "uncollectible":true, "marked":true}}
{"address":"0x7fb1f803f578", "type":"IMEMO", "class":"0x8", "imemo_type":"cref", "references":["0x7fb1f80c5240"], "memsize":40, "flags":{"wb_protected":true, "old":true, "uncollectible":true, "marked":true}}
{"address":"0x7fb1f803f5f0", "type":"STRING", "class":"0x7fb1f80b7578", "frozen":true, "embedded":true, "fstring":true, "bytesize":3, "value":"pat", "encoding":"US-ASCII", "memsize":40, "flags":{"wb_protected":true, "old":true, "uncollectible":true, "marked":true}}
{"address":"0x7fb1f803f668", "type":"STRING", "class":"0x7fb1f80b7578", "frozen":true, "fstring":true, "bytesize":29, "value":"\\A[^:]+(?=(?::(.*?)=(.*))?\\z)", "encoding":"US-ASCII", "memsize":70, "flags":{"wb_protected":true, "old":true, "uncollectible":true, "marked":true}}
{"address":"0x7fb1f803f690", "type":"ARRAY", "class":"0x7fb1f8097228", "frozen":true, "length":2, "embedded":true, "references":["0x7fb1f803f6b8"], "memsize":40, "flags":{"wb_protected":true, "old":true, "uncollectible":true, "marked":true}}
{"address":"0x7fb1f803f6b8", "type":"STRING", "class":"0x7fb1f80b7578", "frozen":true, "embedded":true, "fstring":true, "bytesize":18, "value":"<internal:warning>", "encoding":"US-ASCII", "memsize":40, "flags":{"wb_protected":true, "old":true, "uncollectible":true, "marked":true}}
{"address":"0x7fb1f803f6e0", "type":"STRING", "class":"0x7fb1f80b7578", "frozen":true, "embedded":true, "fstring":true, "bytesize":17, "value":"original_platform", "encoding":"US-ASCII", "memsize":40, "flags":{"wb_protected":true, "old":true, "uncollectible":true, "marked":true}}
{"address":"0x7fb1f803f758", "type":"STRING", "class":"0x7fb1f80b7578", "frozen":true, "embedded":true, "fstring":true, "bytesize":4, "value":"msgs", "encoding":"US-ASCII", "memsize":40, "flags":{"wb_protected":true, "old":true, "uncollectible":true, "marked":true}}
{"address":"0x7fb1f803f780", "type":"REGEXP", "class":"0x7fb1f808ea60", "references":["0x7fb1f803f668"], "memsize":604, "flags":{"wb_protected":true, "old":true, "uncollectible":true, "marked":true}}
{"address":"0x7fb1f803f7d0", "type":"STRING", "class":"0x7fb1f80b7578", "frozen":true, "embedded":true, "fstring":true, "bytesize":7, "value":"uplevel", "encoding":"US-ASCII", "memsize":40, "flags":{"wb_protected":true, "old":true, "uncollectible":true, "marked":true}}
{"address":"0x7fb1f803f7f8", "type":"STRING", "class":"0x7fb1f80b7578", "frozen":true, "embedded":true, "fstring":true, "bytesize":9, "value":"ClassName", "encoding":"US-ASCII", "memsize":40, "flags":{"wb_protected":true, "old":true, "uncollectible":true, "marked":true}}
{"address":"0x7fb1f803f820", "type":"IMEMO", "imemo_type":"iseq", "references":["0x7fb1f80ade38", "0x7fb1f80ade38", "0x7fb1f803f690"], "memsize":456, "flags":{"wb_protected":true, "old":true, "uncollectible":true, "marked":true}}
{"address":"0x7fb1f803f848", "type":"STRING", "class":"0x7fb1f80b7578", "frozen":true, "embedded":true, "fstring":true, "bytesize":11, "value":"locked_puts", "encoding":"US-ASCII", "memsize":40, "flags":{"wb_protected":true, "old":true, "uncollectible":true, "marked":true}}
{"address":"0x7fb1f803f898", "type":"STRING", "class":"0x7fb1f80b7578", "frozen":true, "embedded":true, "fstring":true, "bytesize":19, "value":"default_executable=", "encoding":"US-ASCII", "memsize":40, "flags":{"wb_protected":true, "old":true, "uncollectible":true, "marked":true}}
{"address":"0x7fb1f803f8c0", "type":"ARRAY", "class":"0x7fb1f8097228", "length":208, "references":["0x7fb1f80678c0", "0x7fb1f8067820", "0x7fb1f80676e0", "0x7fb1f8067640", "0x7fb1f80675a0", "0x7fb1f8067500", "0x7fb1f80673c0", "0x7fb1f8066d80", "0x7fb1f8066cb8", "0x7fb1f8066b50", "0x7fb1f80669e8", "0x7fb1f80668f8", "0x7fb1f80663a8", "0x7fb1f8066100", "0x7fb1f8066088", "0x7fb1f8066010", "0x7fb1f8065f98", "0x7fb1f8065de0", "0x7fb1f805fda0", "0x7fb1f805fd28", "0x7fb1f805fcd8", "0x7fb1f805fc38", "0x7fb1f805fbe8", "0x7fb1f805fb20", "0x7fb1f805fa08", "0x7fb1f805f940", "0x7fb1f805f850", "0x7fb1f805f738", "0x7fb1f805f300", "0x7fb1f805f238", "0x7fb1f805f1c0", "0x7fb1f805f148", "0x7fb1f805f030", "0x7fb1f805ee50", "0x7fb1f805edd8", "0x7fb1f805eae0", "0x7fb1f805ea68", "0x7fb1f805e9f0", "0x7fb1f805e888", "0x7fb1f805e798", "0x7fb1f805e608", "0x7fb1f805e518", "0x7fb1f805e338", "0x7fb1f805e0e0", "0x7fb1f805dfc8", "0x7fb1f805ded8", "0x7fb1f805dde8", "0x7fb1f805dd70", "0x7fb1f805d820", "0x7fb1f805d780", "0x7fb1f805d6e0", "0x7fb1f805d5f0", "0x7fb1f805d500", "0x7fb1f805d488", "0x7fb1f805d410", "0x7fb1f805d320", "0x7fb1f805d2a8", "0x7fb1f805d208", "0x7fb1f805cf10", "0x7fb1f805cbf0", "0x7fb1f805c880", "0x7fb1f805c808", "0x7fb1f805c790", "0x7fb1f805c5b0", "0x7fb1f805c560", "0x7fb1f805c510", "0x7fb1f805c4c0", "0x7fb1f805c470", "0x7fb1f805c420", "0x7fb1f805c3d0", "0x7fb1f805c330", "0x7fb1f805c2e0", "0x7fb1f805c290", "0x7fb1f805c240", "0x7fb1f805c1f0", "0x7fb1f805c1a0", "0x7fb1f805c150", "0x7fb1f805c0d8", "0x7fb1f805c038", "0x7fb1f8057f10", "0x7fb1f8057e70", "0x7fb1f8057c90", "0x7fb1f8057bf0", "0x7fb1f8057b78", "0x7fb1f80579c0", "0x7fb1f80578a8", "0x7fb1f8057768", "0x7fb1f80576c8", "0x7fb1f8057588", "0x7fb1f80571f0", "0x7fb1f8057100", "0x7fb1f8057088", "0x7fb1f8056f70", "0x7fb1f8056ea8", "0x7fb1f8056e08", "0x7fb1f8056d68", "0x7fb1f8056c28", "0x7fb1f8056b88", "0x7fb1f8056ae8", "0x7fb1f80569a8", "0x7fb1f8056908", "0x7fb1f80568b8", "0x7fb1f8056818", "0x7fb1f8056778", "0x7fb1f80566b0", "0x7fb1f8056660", "0x7fb1f8056610", "0x7fb1f80565c0", "0x7fb1f8056570", "0x7fb1f8056520", "0x7fb1f80564d0", "0x7fb1f8056480", "0x7fb1f8056430", "0x7fb1f80563e0", "0x7fb1f8056390", "0x7fb1f8056340", "0x7fb1f80562f0", "0x7fb1f8056250", "0x7fb1f8056160", "0x7fb1f80560c0", "0x7fb1f8056020", "0x7fb1f8055ee0", "0x7fb1f8055da0", "0x7fb1f8055d00", "0x7fb1f8055c60", "0x7fb1f8055bc0", "0x7fb1f8055b20", "0x7fb1f8055a30", "0x7fb1f80559e0", "0x7fb1f8055990", "0x7fb1f8055940", "0x7fb1f80558f0", "0x7fb1f8055850", "0x7fb1f8055800", "0x7fb1f80557b0", "0x7fb1f8055710", "0x7fb1f8055670", "0x7fb1f8055648", "0x7fb1f80555a8", "0x7fb1f8055580", "0x7fb1f8055508", "0x7fb1f8055440", "0x7fb1f80552b0", "0x7fb1f8055170", "0x7fb1f8055120", "0x7fb1f8055030", "0x7fb1f8054fe0", "0x7fb1f8054ea0", "0x7fb1f8054dd8", "0x7fb1f8054d10", "0x7fb1f8054c98", "0x7fb1f8057010", "0x7fb1f804fab8", "0x7fb1f804f978", "0x7fb1f804f8d8", "0x7fb1f804f838", "0x7fb1f804f798", "0x7fb1f804f5b8", "0x7fb1f804f3b0", "0x7fb1f804e780", "0x7fb1f804e708", "0x7fb1f804e280", "0x7fb1f804e000", "0x7fb1f804df60", "0x7fb1f804ddf8", "0x7fb1f804d9e8", "0x7fb1f804d5d8", "0x7fb1f804d588", "0x7fb1f804d498", "0x7fb1f804d448", "0x7fb1f804d3d0", "0x7fb1f804d268", "0x7fb1f804d178", "0x7fb1f804d0d8", "0x7fb1f804d0b0", "0x7fb1f804d088", "0x7fb1f804d060", "0x7fb1f804d038", "0x7fb1f804cfe8", "0x7fb1f804cf98", "0x7fb1f804cf20", "0x7fb1f804ced0", "0x7fb1f804cea8", "0x7fb1f804ce58", "0x7fb1f804ce30", "0x7fb1f804ce08", "0x7fb1f804cd90", "0x7fb1f804cd40", "0x7fb1f804ccf0", "0x7fb1f804cc00", "0x7fb1f804cb10", "0x7fb1f804ca70", "0x7fb1f804ca20", "0x7fb1f804c9d0", "0x7fb1f804c980", "0x7fb1f804c930", "0x7fb1f804c8e0", "0x7fb1f804c868", "0x7fb1f804c7c8", "0x7fb1f804c728", "0x7fb1f804c700", "0x7fb1f804c6b0", "0x7fb1f804c520", "0x7fb1f804c4d0", "0x7fb1f804c4a8", "0x7fb1f804c480", "0x7fb1f804c430", "0x7fb1f804c408"], "memsize":1704, "flags":{"wb_protected":true, "old":true, "uncollectible":true, "marked":true}}
{"address":"0x7fb1f803f910", "type":"STRING", "class":"0x7fb1f80b7578", "frozen":true, "embedded":true, "fstring":true, "bytesize":3, "value":"var", "encoding":"US-ASCII", "memsize":40, "flags":{"wb_protected":true, "old":true, "uncollectible":true, "marked":true}}
{"address":"0x7fb1f803f938", "type":"STRING", "class":"0x7fb1f80b7578", "frozen":true, "embedded":true, "fstring":true, "bytesize":18, "value":"default_executable", "encoding":"US-ASCII", "memsize":40, "flags":{"wb_protected":true, "old":true, "uncollectible":true, "marked":true}}
{"address":"0x7fb1f803f988", "type":"IMEMO", "class":"0x7fb1f80b7578", "imemo_type":"ment", "references":["0x7fb1f803fbb8", "0x7fb1f803f9d8"], "memsize":48, "flags":{"wb_protected":true, "old":true, "uncollectible":true, "marked":true}}
{"address":"0x7fb1f803f9b0", "type":"IMEMO", "class":"0x7fb1f80b7578", "imemo_type":"ment", "references":["0x7fb1f803fca8", "0x7fb1f803f9d8"], "memsize":48, "flags":{"wb_protected":true, "old":true, "uncollectible":true, "marked":true}}
{"address":"0x7fb1f803f9d8", "type":"IMEMO", "class":"0x8", "imemo_type":"cref", "references":["0x7fb1f80b7578", "0x7fb1f803fa50"], "memsize":40, "flags":{"wb_protected":true, "old":true, "uncollectible":true, "marked":true}}
{"address":"0x7fb1f803fa00", "type":"IMEMO", "class":"0x7fb1f8097228", "imemo_type":"ment", "references":["0x7fb1f803ff78", "0x7fb1f803fa28"], "memsize":48, "flags":{"wb_protected":true, "old":true, "uncollectible":true, "marked":true}}
{"address":"0x7fb1f803fa28", "type":"IMEMO", "class":"0x8", "imemo_type":"cref", "references":["0x7fb1f8097228", "0x7fb1f803fa50"], "memsize":40, "flags":{"wb_protected":true, "old":true, "uncollectible":true, "marked":true}}
{"address":"0x7fb1f803fa50", "type":"IMEMO", "class":"0x8", "imemo_type":"cref", "references":["0x7fb1f80c5240"], "memsize":40, "flags":{"wb_protected":true, "old":true, "uncollectible":true, "marked":true}}
{"address":"0x7fb1f803fa78", "type":"STRING", "class":"0x7fb1f80b7578", "frozen":true, "fstring":true, "bytesize":34, "value":"\\$\\$|\\$\\(([^()]+)\\)|\\$\\{([^{}]+)\\}", "encoding":"US-ASCII", "memsize":75, "flags":{"wb_protected":true, "old":true, "uncollectible":true, "marked":true}}
{"address":"0x7fb1f803faf0", "type":"STRING", "class":"0x7fb1f80b7578", "frozen":true, "embedded":true, "fstring":true, "bytesize":5, "value":"scope", "encoding":"US-ASCII", "memsize":40, "flags":{"wb_protected":true, "old":true, "uncollectible":true, "marked":true}}
{"address":"0x7fb1f803fb18", "type":"REGEXP", "class":"0x7fb1f808ea60", "references":["0x7fb1f803fa78"], "memsize":760, "flags":{"wb_protected":true, "old":true, "uncollectible":true, "marked":true}}
{"address":"0x7fb1f803fb68", "type":"ARRAY", "class":"0x7fb1f8097228", "frozen":true, "length":2, "embedded":true, "references":["0x7fb1f803fe60"], "memsize":40, "flags":{"wb_protected":true, "old":true, "uncollectible":true, "marked":true}}
{"address":"0x7fb1f803fb90", "type":"STRING", "class":"0x7fb1f80b7578", "frozen":true, "embedded":true, "fstring":true, "bytesize":6, "value":"scopes", "encoding":"US-ASCII", "memsize":40, "flags":{"wb_protected":true, "old":true, "uncollectible":true, "marked":true}}
{"address":"0x7fb1f803fbb8", "type":"IMEMO", "imemo_type":"iseq", "references":["0x7fb1f803fc08", "0x7fb1f803fc08", "0x7fb1f803fb68"], "memsize":400, "flags":{"wb_protected":true, "old":true, "uncollectible":true, "marked":true}}
{"address":"0x7fb1f803fbe0", "type":"STRING", "class":"0x7fb1f80b7578", "frozen":true, "embedded":true, "fstring":true, "bytesize":6, "value":"newval", "encoding":"US-ASCII", "memsize":40, "flags":{"wb_protected":true, "old":true, "uncollectible":true, "marked":true}}
{"address":"0x7fb1f803fc08", "type":"STRING", "class":"0x7fb1f80b7578", "frozen":true, "embedded":true, "fstring":true, "bytesize":7, "value":"unpack1", "encoding":"US-ASCII", "memsize":40, "flags":{"wb_protected":true, "old":true, "uncollectible":true, "marked":true}}
{"address":"0x7fb1f803fc58", "type":"ARRAY", "class":"0x7fb1f8097228", "frozen":true, "length":2, "embedded":true, "references":["0x7fb1f803fe60"], "memsize":40, "flags":{"wb_protected":true, "old":true, "uncollectible":true, "marked":true}}
{"address":"0x7fb1f803fca8", "type":"IMEMO", "imemo_type":"iseq", "references":["0x7fb1f803fcf8", "0x7fb1f803fcf8", "0x7fb1f803fc58"], "memsize":400, "flags":{"wb_protected":true, "old":true, "uncollectible":true, "marked":true}}
{"address":"0x7fb1f803fcf8", "type":"STRING", "class":"0x7fb1f80b7578", "frozen":true, "embedded":true, "fstring":true, "bytesize":6, "value":"unpack", "encoding":"US-ASCII", "memsize":40, "flags":{"wb_protected":true, "old":true, "uncollectible":true, "marked":true}}
{"address":"0x7fb1f803fd20", "type":"STRING", "class":"0x7fb1f80b7578", "frozen":true, "embedded":true, "fstring":true, "bytesize":6, "value":"expand", "encoding":"US-ASCII", "memsize":40, "flags":{"wb_protected":true, "old":true, "uncollectible":true, "marked":true}}
{"address":"0x7fb1f803fd48", "type":"STRING", "class":"0x7fb1f80b7578", "frozen":true, "embedded":true, "fstring":true, "bytesize":13, "value":"current_value", "encoding":"US-ASCII", "memsize":40, "flags":{"wb_protected":true, "old":true, "uncollectible":true, "marked":true}}
{"address":"0x7fb1f803fde8", "type":"STRING", "class":"0x7fb1f80b7578", "frozen":true, "embedded":true, "fstring":true, "bytesize":9, "value":"attr_name", "encoding":"US-ASCII", "memsize":40, "flags":{"wb_protected":true, "old":true, "uncollectible":true, "marked":true}}
{"address":"0x7fb1f803fe38", "type":"ARRAY", "class":"0x7fb1f8097228", "frozen":true, "length":2, "embedded":true, "references":["0x7fb1f803fe60"], "memsize":40, "flags":{"wb_protected":true, "old":true, "uncollectible":true, "marked":true}}
{"address":"0x7fb1f803fe60", "type":"STRING", "class":"0x7fb1f80b7578", "frozen":true, "embedded":true, "fstring":true, "bytesize":15, "value":"<internal:pack>", "encoding":"US-ASCII", "memsize":40, "flags":{"wb_protected":true, "old":true, "uncollectible":true, "marked":true}}
{"address":"0x7fb1f803feb0", "type":"STRING", "class":"0x7fb1f80b7578", "frozen":true, "embedded":true, "fstring":true, "bytesize":10, "value":"@file_name", "encoding":"US-ASCII", "memsize":40, "flags":{"wb_protected":true, "old":true, "uncollectible":true, "marked":true}}
{"address":"0x7fb1f803fed8", "type":"STRING", "class":"0x7fb1f80b7578", "frozen":true, "embedded":true, "fstring":true, "bytesize":9, "value":"activated", "encoding":"US-ASCII", "memsize":40, "flags":{"wb_protected":true, "old":true, "uncollectible":true, "marked":true}}
{"address":"0x7fb1f803ff00", "type":"STRING", "class":"0x7fb1f80b7578", "frozen":true, "embedded":true, "fstring":true, "bytesize":3, "value":"fmt", "encoding":"US-ASCII", "memsize":40, "flags":{"wb_protected":true, "old":true, "uncollectible":true, "marked":true}}
{"address":"0x7fb1f803ff28", "type":"STRING", "class":"0x7fb1f80b7578", "frozen":true, "embedded":true, "fstring":true, "bytesize":14, "value":"qualified_name", "encoding":"US-ASCII", "memsize":40, "flags":{"wb_protected":true, "old":true, "uncollectible":true, "marked":true}}
{"address":"0x7fb1f803ff78", "type":"IMEMO", "imemo_type":"iseq", "references":["0x7fb1f8044028", "0x7fb1f8044028", "0x7fb1f803fe38"], "memsize":456, "flags":{"wb_protected":true, "old":true, "uncollectible":true, "marked":true}}
{"address":"0x7fb1f8044028", "type":"STRING", "class":"0x7fb1f80b7578", "frozen":true, "embedded":true, "fstring":true, "bytesize":4, "value":"pack", "encoding":"US-ASCII", "memsize":40, "flags":{"wb_protected":true, "old":true, "uncollectible":true, "marked":true}}
{"address":"0x7fb1f80440a0", "type":"STRING", "class":"0x7fb1f80b7578", "frozen":true, "embedded":true, "fstring":true, "bytesize":15, "value":"MAKEFILE_CONFIG", "encoding":"US-ASCII", "memsize":40, "flags":{"wb_protected":true, "old":true, "uncollectible":true, "marked":true}}
{"address":"0x7fb1f80440c8", "type":"STRING", "class":"0x7fb1f80b7578", "frozen":true, "embedded":true, "fstring":true, "bytesize":9, "value":"attribute", "encoding":"US-ASCII", "memsize":40, "flags":{"wb_protected":true, "old":true, "uncollectible":true, "marked":true}}
{"address":"0x7fb1f80440f0", "type":"STRING", "class":"0x7fb1f80b7578", "frozen":true, "embedded":true, "fstring":true, "bytesize":11, "value":"class_names", "encoding":"US-ASCII", "memsize":40, "flags":{"wb_protected":true, "old":true, "uncollectible":true, "marked":true}}
{"address":"0x7fb1f8044168", "type":"IMEMO", "class":"0x7fb1f80458d8", "imemo_type":"ment", "references":["0x7fb1f8044640", "0x7fb1f80444b0"], "memsize":48, "flags":{"wb_protected":true, "old":true, "uncollectible":true, "marked":true}}
{"address":"0x7fb1f8044190", "type":"IMEMO", "class":"0x7fb1f80458d8", "imemo_type":"ment", "references":["0x7fb1f8044730", "0x7fb1f80444b0"], "memsize":48, "flags":{"wb_protected":true, "old":true, "uncollectible":true, "marked":true}}
{"address":"0x7fb1f80441b8", "type":"IMEMO", "class":"0x7fb1f80458d8", "imemo_type":"ment", "references":["0x7fb1f8044820", "0x7fb1f80444b0"], "memsize":48, "flags":{"wb_protected":true, "old":true, "uncollectible":true, "marked":true}}
{"address":"0x7fb1f80441e0", "type":"IMEMO", "class":"0x7fb1f80458d8", "imemo_type":"ment", "references":["0x7fb1f8044910", "0x7fb1f80444b0"], "memsize":48, "flags":{"wb_protected":true, "old":true, "uncollectible":true, "marked":true}}
{"address":"0x7fb1f8044208", "type":"IMEMO", "class":"0x7fb1f80458d8", "imemo_type":"ment", "references":["0x7fb1f8044a00", "0x7fb1f80444b0"], "memsize":48, "flags":{"wb_protected":true, "old":true, "uncollectible":true, "marked":true}}
{"address":"0x7fb1f8044230", "type":"IMEMO", "class":"0x7fb1f80458d8", "imemo_type":"ment", "references":["0x7fb1f8044af0", "0x7fb1f80444b0"], "memsize":48, "flags":{"wb_protected":true, "old":true, "uncollectible":true, "marked":true}}
{"address":"0x7fb1f8044258", "type":"IMEMO", "class":"0x7fb1f80458d8", "imemo_type":"ment", "references":["0x7fb1f8044b90", "0x7fb1f80444b0"], "memsize":48, "flags":{"wb_protected":true, "old":true, "uncollectible":true, "marked":true}}
{"address":"0x7fb1f8044280", "type":"IMEMO", "class":"0x7fb1f80458d8", "imemo_type":"ment", "references":["0x7fb1f8044c80", "0x7fb1f80444b0"], "memsize":48, "flags":{"wb_protected":true, "old":true, "uncollectible":true, "marked":true}}
{"address":"0x7fb1f80442a8", "type":"IMEMO", "class":"0x7fb1f80458d8", "imemo_type":"ment", "references":["0x7fb1f8044d70", "0x7fb1f80444b0"], "memsize":48, "flags":{"wb_protected":true, "old":true, "uncollectible":true, "marked":true}}
{"address":"0x7fb1f80442d0", "type":"IMEMO", "class":"0x7fb1f80458d8", "imemo_type":"ment", "references":["0x7fb1f8044e60", "0x7fb1f80444b0"], "memsize":48, "flags":{"wb_protected":true, "old":true, "uncollectible":true, "marked":true}}
{"address":"0x7fb1f80442f8", "type":"IMEMO", "class":"0x7fb1f80458d8", "imemo_type":"ment", "references":["0x7fb1f8044f00", "0x7fb1f80444b0"], "memsize":48, "flags":{"wb_protected":true, "old":true, "uncollectible":true, "marked":true}}
{"address":"0x7fb1f8044320", "type":"IMEMO", "class":"0x7fb1f80458d8", "imemo_type":"ment", "references":["0x7fb1f8044fa0", "0x7fb1f80444b0"], "memsize":48, "flags":{"wb_protected":true, "old":true, "uncollectible":true, "marked":true}}
{"address":"0x7fb1f8044348", "type":"IMEMO", "class":"0x7fb1f80458d8", "imemo_type":"ment", "references":["0x7fb1f8045040", "0x7fb1f80444b0"], "memsize":48, "flags":{"wb_protected":true, "old":true, "uncollectible":true, "marked":true}}
{"address":"0x7fb1f8044370", "type":"IMEMO", "class":"0x7fb1f80458d8", "imemo_type":"ment", "references":["0x7fb1f8045130", "0x7fb1f80444b0"], "memsize":48, "flags":{"wb_protected":true, "old":true, "uncollectible":true, "marked":true}}
{"address":"0x7fb1f8044398", "type":"IMEMO", "class":"0x7fb1f80458d8", "imemo_type":"ment", "references":["0x7fb1f80451d0", "0x7fb1f80444b0"], "memsize":48, "flags":{"wb_protected":true, "old":true, "uncollectible":true, "marked":true}}
{"address":"0x7fb1f80443c0", "type":"IMEMO", "class":"0x7fb1f80458d8", "imemo_type":"ment", "references":["0x7fb1f80453d8", "0x7fb1f80444b0"], "memsize":48, "flags":{"wb_protected":true, "old":true, "uncollectible":true, "marked":true}}
{"address":"0x7fb1f80443e8", "type":"IMEMO", "class":"0x7fb1f80458b0", "imemo_type":"ment", "references":["0x7fb1f8045478", "0x7fb1f80444b0"], "memsize":48, "flags":{"wb_protected":true, "old":true, "uncollectible":true, "marked":true}}
{"address":"0x7fb1f8044410", "type":"IMEMO", "class":"0x7fb1f80458b0", "imemo_type":"ment", "references":["0x7fb1f8045568", "0x7fb1f80444b0"], "memsize":48, "flags":{"wb_protected":true, "old":true, "uncollectible":true, "marked":true}}
{"address":"0x7fb1f8044438", "type":"IMEMO", "class":"0x7fb1f80458d8", "imemo_type":"ment", "references":["0x7fb1f8045608", "0x7fb1f80444b0"], "memsize":48, "flags":{"wb_protected":true, "old":true, "uncollectible":true, "marked":true}}
{"address":"0x7fb1f8044460", "type":"IMEMO", "class":"0x7fb1f80458b0", "imemo_type":"ment", "references":["0x7fb1f8045770", "0x7fb1f80444b0"], "memsize":48, "flags":{"wb_protected":true, "old":true, "uncollectible":true, "marked":true}}
{"address":"0x7fb1f8044488", "type":"CLASS", "class":"0x7fb1f8074bd8", "name":"Class", "references":["0x7fb1f8074b88", "0x7fb1f80458b0"], "memsize":464, "flags":{"wb_protected":true, "old":true, "uncollectible":true, "marked":true}}
{"address":"0x7fb1f80444b0", "type":"IMEMO", "class":"0x8", "imemo_type":"cref", "references":["0x7fb1f80458d8", "0x7fb1f80444d8"], "memsize":40, "flags":{"wb_protected":true, "old":true, "uncollectible":true, "marked":true}}
{"address":"0x7fb1f80444d8", "type":"IMEMO", "class":"0x8", "imemo_type":"cref", "references":["0x7fb1f80c5240"], "memsize":40, "flags":{"wb_protected":true, "old":true, "uncollectible":true, "marked":true}}
{"address":"0x7fb1f8044500", "type":"STRING", "class":"0x7fb1f80b7578", "frozen":true, "fstring":true, "bytesize":100, "capacity":158, "value":"/Users/rschneeman/.rubies/ruby-2.7.1/lib/ruby/gems/2.7.0/specifications/default/pstore-0.1.0.gemspec", "encoding":"US-ASCII", "memsize":199, "flags":{"wb_protected":true, "old":true, "uncollectible":true, "marked":true}}
{"address":"0x7fb1f8044550", "type":"STRING", "class":"0x7fb1f80b7578", "frozen":true, "embedded":true, "fstring":true, "bytesize":14, "value":"reline/windows", "encoding":"UTF-8", "memsize":40, "flags":{"wb_protected":true, "old":true, "uncollectible":true, "marked":true}}
{"address":"0x7fb1f80445a0", "type":"STRING", "class":"0x7fb1f80b7578", "frozen":true, "embedded":true, "fstring":true, "bytesize":11, "value":"test_files=", "encoding":"US-ASCII", "memsize":40, "flags":{"wb_protected":true, "old":true, "uncollectible":true, "marked":true}}
{"address":"0x7fb1f80445f0", "type":"ARRAY", "class":"0x7fb1f8097228", "frozen":true, "length":2, "embedded":true, "references":["0x7fb1f8045680"], "memsize":40, "flags":{"wb_protected":true, "old":true, "uncollectible":true, "marked":true}}
{"address":"0x7fb1f8044618", "type":"STRING", "class":"0x7fb1f80b7578", "frozen":true, "embedded":true, "fstring":true, "bytesize":14, "value":"reline/version", "encoding":"UTF-8", "memsize":40, "flags":{"wb_protected":true, "old":true, "uncollectible":true, "marked":true}}
{"address":"0x7fb1f8044640", "type":"IMEMO", "imemo_type":"iseq", "references":["0x7fb1f8044690", "0x7fb1f8044690", "0x7fb1f80445f0"], "memsize":392, "flags":{"wb_protected":true, "old":true, "uncollectible":true, "marked":true}}
{"address":"0x7fb1f8044690", "type":"STRING", "class":"0x7fb1f80b7578", "frozen":true, "embedded":true, "fstring":true, "bytesize":20, "value":"instruction_sequence", "encoding":"US-ASCII", "memsize":40, "flags":{"wb_protected":true, "old":true, "uncollectible":true, "marked":true}}
{"address":"0x7fb1f80446e0", "type":"ARRAY", "class":"0x7fb1f8097228", "frozen":true, "length":2, "embedded":true, "references":["0x7fb1f8045680"], "memsize":40, "flags":{"wb_protected":true, "old":true, "uncollectible":true, "marked":true}}
{"address":"0x7fb1f8044708", "type":"STRING", "class":"0x7fb1f80b7578", "frozen":true, "fstring":true, "bytesize":31, "capacity":34, "value":"reline/unicode/east_asian_width", "encoding":"UTF-8", "memsize":75, "flags":{"wb_protected":true, "old":true, "uncollectible":true, "marked":true}}
{"address":"0x7fb1f8044730", "type":"IMEMO", "imemo_type":"iseq", "references":["0x7fb1f8044780", "0x7fb1f8044780", "0x7fb1f80446e0"], "memsize":392, "flags":{"wb_protected":true, "old":true, "uncollectible":true, "marked":true}}
{"address":"0x7fb1f8044758", "type":"STRING", "class":"0x7fb1f80b7578", "frozen":true, "embedded":true, "fstring":true, "bytesize":17, "value":"@original_message", "encoding":"US-ASCII", "memsize":40, "flags":{"wb_protected":true, "old":true, "uncollectible":true, "marked":true}}
{"address":"0x7fb1f8044780", "type":"STRING", "class":"0x7fb1f80b7578", "frozen":true, "embedded":true, "fstring":true, "bytesize":11, "value":"eval_script", "encoding":"US-ASCII", "memsize":40, "flags":{"wb_protected":true, "old":true, "uncollectible":true, "marked":true}}
{"address":"0x7fb1f80447a8", "type":"STRING", "class":"0x7fb1f80b7578", "frozen":true, "embedded":true, "fstring":true, "bytesize":14, "value":"nil_attributes", "encoding":"US-ASCII", "memsize":40, "flags":{"wb_protected":true, "old":true, "uncollectible":true, "marked":true}}
{"address":"0x7fb1f80447d0", "type":"ARRAY", "class":"0x7fb1f8097228", "frozen":true, "length":2, "embedded":true, "references":["0x7fb1f8045680"], "memsize":40, "flags":{"wb_protected":true, "old":true, "uncollectible":true, "marked":true}}
{"address":"0x7fb1f80447f8", "type":"STRING", "class":"0x7fb1f80b7578", "frozen":true, "embedded":true, "fstring":true, "bytesize":14, "value":"reline/unicode", "encoding":"UTF-8", "memsize":40, "flags":{"wb_protected":true, "old":true, "uncollectible":true, "marked":true}}
{"address":"0x7fb1f8044820", "type":"IMEMO", "imemo_type":"iseq", "references":["0x7fb1f8044870", "0x7fb1f8044870", "0x7fb1f80447d0"], "memsize":392, "flags":{"wb_protected":true, "old":true, "uncollectible":true, "marked":true}}
{"address":"0x7fb1f8044870", "type":"STRING", "class":"0x7fb1f80b7578", "frozen":true, "embedded":true, "fstring":true, "bytesize":16, "value":"raised_exception", "encoding":"US-ASCII", "memsize":40, "flags":{"wb_protected":true, "old":true, "uncollectible":true, "marked":true}}
{"address":"0x7fb1f8044898", "type":"STRING", "class":"0x7fb1f80b7578", "frozen":true, "embedded":true, "fstring":true, "bytesize":9, "value":"@receiver", "encoding":"US-ASCII", "memsize":40, "flags":{"wb_protected":true, "old":true, "uncollectible":true, "marked":true}}
{"address":"0x7fb1f80448c0", "type":"ARRAY", "class":"0x7fb1f8097228", "frozen":true, "length":2, "embedded":true, "references":["0x7fb1f8045680"], "memsize":40, "flags":{"wb_protected":true, "old":true, "uncollectible":true, "marked":true}}
{"address":"0x7fb1f80448e8", "type":"STRING", "class":"0x7fb1f80b7578", "frozen":true, "embedded":true, "fstring":true, "bytesize":18, "value":"reline/line_editor", "encoding":"UTF-8", "memsize":40, "flags":{"wb_protected":true, "old":true, "uncollectible":true, "marked":true}}
{"address":"0x7fb1f8044910", "type":"IMEMO", "imemo_type":"iseq", "references":["0x7fb1f8044960", "0x7fb1f8044960", "0x7fb1f80448c0"], "memsize":392, "flags":{"wb_protected":true, "old":true, "uncollectible":true, "marked":true}}
{"address":"0x7fb1f8044938", "type":"STRING", "class":"0x7fb1f80b7578", "frozen":true, "embedded":true, "fstring":true, "bytesize":5, "value":"MUTEX", "encoding":"US-ASCII", "memsize":40, "flags":{"wb_protected":true, "old":true, "uncollectible":true, "marked":true}}
{"address":"0x7fb1f8044960", "type":"STRING", "class":"0x7fb1f80b7578", "frozen":true, "embedded":true, "fstring":true, "bytesize":12, "value":"return_value", "encoding":"US-ASCII", "memsize":40, "flags":{"wb_protected":true, "old":true, "uncollectible":true, "marked":true}}
{"address":"0x7fb1f8044988", "type":"STRING", "class":"0x7fb1f80b7578", "frozen":true, "embedded":true, "fstring":true, "bytesize":13, "value":"@requirements", "encoding":"US-ASCII", "memsize":40, "flags":{"wb_protected":true, "old":true, "uncollectible":true, "marked":true}}
{"address":"0x7fb1f80449b0", "type":"ARRAY", "class":"0x7fb1f8097228", "frozen":true, "length":2, "embedded":true, "references":["0x7fb1f8045680"], "memsize":40, "flags":{"wb_protected":true, "old":true, "uncollectible":true, "marked":true}}
{"address":"0x7fb1f8044a00", "type":"IMEMO", "imemo_type":"iseq", "references":["0x7fb1f8044a50", "0x7fb1f8044a50", "0x7fb1f80449b0"], "memsize":392, "flags":{"wb_protected":true, "old":true, "uncollectible":true, "marked":true}}
{"address":"0x7fb1f8044a28", "type":"STRING", "class":"0x7fb1f80b7578", "frozen":true, "embedded":true, "fstring":true, "bytesize":11, "value":"@class_name", "encoding":"US-ASCII", "memsize":40, "flags":{"wb_protected":true, "old":true, "uncollectible":true, "marked":true}}
{"address":"0x7fb1f8044a50", "type":"STRING", "class":"0x7fb1f80b7578", "frozen":true, "embedded":true, "fstring":true, "bytesize":4, "value":"self", "encoding":"US-ASCII", "memsize":40, "flags":{"wb_protected":true, "old":true, "uncollectible":true, "marked":true}}
{"address":"0x7fb1f8044a78", "type":"STRING", "class":"0x7fb1f80b7578", "frozen":true, "embedded":true, "fstring":true, "bytesize":16, "value":"reline/kill_ring", "encoding":"UTF-8", "memsize":40, "flags":{"wb_protected":true, "old":true, "uncollectible":true, "marked":true}}
{"address":"0x7fb1f8044aa0", "type":"ARRAY", "class":"0x7fb1f8097228", "frozen":true, "length":2, "embedded":true, "references":["0x7fb1f8045680"], "memsize":40, "flags":{"wb_protected":true, "old":true, "uncollectible":true, "marked":true}}
{"address":"0x7fb1f8044af0", "type":"IMEMO", "imemo_type":"iseq", "references":["0x7fb1f806ee40", "0x7fb1f806ee40", "0x7fb1f8044aa0"], "memsize":392, "flags":{"wb_protected":true, "old":true, "uncollectible":true, "marked":true}}
{"address":"0x7fb1f8044b40", "type":"ARRAY", "class":"0x7fb1f8097228", "frozen":true, "length":2, "embedded":true, "references":["0x7fb1f8045680"], "memsize":40, "flags":{"wb_protected":true, "old":true, "uncollectible":true, "marked":true}}
{"address":"0x7fb1f8044b68", "type":"STRING", "class":"0x7fb1f80b7578", "frozen":true, "embedded":true, "fstring":true, "bytesize":17, "value":"reline/key_stroke", "encoding":"UTF-8", "memsize":40, "flags":{"wb_protected":true, "old":true, "uncollectible":true, "marked":true}}
{"address":"0x7fb1f8044b90", "type":"IMEMO", "imemo_type":"iseq", "references":["0x7fb1f8044be0", "0x7fb1f8044be0", "0x7fb1f8044b40"], "memsize":392, "flags":{"wb_protected":true, "old":true, "uncollectible":true, "marked":true}}
{"address":"0x7fb1f8044be0", "type":"STRING", "class":"0x7fb1f80b7578", "frozen":true, "embedded":true, "fstring":true, "bytesize":13, "value":"defined_class", "encoding":"US-ASCII", "memsize":40, "flags":{"wb_protected":true, "old":true, "uncollectible":true, "marked":true}}
{"address":"0x7fb1f8044c30", "type":"ARRAY", "class":"0x7fb1f8097228", "frozen":true, "length":2, "embedded":true, "references":["0x7fb1f8045680"], "memsize":40, "flags":{"wb_protected":true, "old":true, "uncollectible":true, "marked":true}}
{"address":"0x7fb1f8044c58", "type":"STRING", "class":"0x7fb1f80b7578", "frozen":true, "fstring":true, "bytesize":26, "capacity":29, "value":"reline/key_actor/vi_insert", "encoding":"UTF-8", "memsize":70, "flags":{"wb_protected":true, "old":true, "uncollectible":true, "marked":true}}
{"address":"0x7fb1f8044c80", "type":"IMEMO", "imemo_type":"iseq", "references":["0x7fb1f8044cd0", "0x7fb1f8044cd0", "0x7fb1f8044c30"], "memsize":392, "flags":{"wb_protected":true, "old":true, "uncollectible":true, "marked":true}}
{"address":"0x7fb1f8044cd0", "type":"STRING", "class":"0x7fb1f80b7578", "frozen":true, "embedded":true, "fstring":true, "bytesize":9, "value":"callee_id", "encoding":"US-ASCII", "memsize":40, "flags":{"wb_protected":true, "old":true, "uncollectible":true, "marked":true}}
{"address":"0x7fb1f8044cf8", "type":"STRING", "class":"0x7fb1f80b7578", "frozen":true, "fstring":true, "bytesize":27, "capacity":30, "value":"reline/key_actor/vi_command", "encoding":"UTF-8", "memsize":71, "flags":{"wb_protected":true, "old":true, "uncollectible":true, "marked":true}}
{"address":"0x7fb1f8044d20", "type":"ARRAY", "class":"0x7fb1f8097228", "frozen":true, "length":2, "embedded":true, "references":["0x7fb1f8045680"], "memsize":40, "flags":{"wb_protected":true, "old":true, "uncollectible":true, "marked":true}}
{"address":"0x7fb1f8044d48", "type":"STRING", "class":"0x7fb1f80b7578", "frozen":true, "embedded":true, "fstring":true, "bytesize":10, "value":"class_name", "encoding":"US-ASCII", "memsize":40, "flags":{"wb_protected":true, "old":true, "uncollectible":true, "marked":true}}
{"address":"0x7fb1f8044d70", "type":"IMEMO", "imemo_type":"iseq", "references":["0x7fb1f8044dc0", "0x7fb1f8044dc0", "0x7fb1f8044d20"], "memsize":392, "flags":{"wb_protected":true, "old":true, "uncollectible":true, "marked":true}}
{"address":"0x7fb1f8044d98", "type":"STRING", "class":"0x7fb1f80b7578", "frozen":true, "embedded":true, "fstring":true, "bytesize":22, "value":"reline/key_actor/emacs", "encoding":"UTF-8", "memsize":40, "flags":{"wb_protected":true, "old":true, "uncollectible":true, "marked":true}}
{"address":"0x7fb1f8044dc0", "type":"STRING", "class":"0x7fb1f80b7578", "frozen":true, "embedded":true, "fstring":true, "bytesize":9, "value":"method_id", "encoding":"US-ASCII", "memsize":40, "flags":{"wb_protected":true, "old":true, "uncollectible":true, "marked":true}}
{"address":"0x7fb1f8044de8", "type":"STRING", "class":"0x7fb1f80b7578", "bytesize":101, "value":"/Users/rschneeman/.rubies/ruby-2.7.1/lib/ruby/gems/2.7.0/specifications/default/bundler-2.1.4.gemspec", "encoding":"US-ASCII", "memsize":142, "flags":{"wb_protected":true, "old":true, "uncollectible":true, "marked":true}}
{"address":"0x7fb1f8044e10", "type":"ARRAY", "class":"0x7fb1f8097228", "frozen":true, "length":2, "embedded":true, "references":["0x7fb1f8045680"], "memsize":40, "flags":{"wb_protected":true, "old":true, "uncollectible":true, "marked":true}}
{"address":"0x7fb1f8044e38", "type":"STRING", "class":"0x7fb1f80b7578", "frozen":true, "embedded":true, "fstring":true, "bytesize":21, "value":"reline/key_actor/base", "encoding":"UTF-8", "memsize":40, "flags":{"wb_protected":true, "old":true, "uncollectible":true, "marked":true}}
{"address":"0x7fb1f8044e60", "type":"IMEMO", "imemo_type":"iseq", "references":["0x7fb1f806ec88", "0x7fb1f806ec88", "0x7fb1f8044e10"], "memsize":392, "flags":{"wb_protected":true, "old":true, "uncollectible":true, "marked":true}}
{"address":"0x7fb1f8044e88", "type":"STRING", "class":"0x7fb1f80b7578", "shared":true, "encoding":"UTF-8", "references":["0x7fb1f804c2a0"], "memsize":40, "flags":{"wb_protected":true, "old":true, "uncollectible":true, "marked":true}}
{"address":"0x7fb1f8044eb0", "type":"ARRAY", "class":"0x7fb1f8097228", "frozen":true, "length":2, "embedded":true, "references":["0x7fb1f8045680"], "memsize":40, "flags":{"wb_protected":true, "old":true, "uncollectible":true, "marked":true}}
{"address":"0x7fb1f8044ed8", "type":"STRING", "class":"0x7fb1f80b7578", "frozen":true, "fstring":true, "bytesize":26, "value":"@required_rubygems_version", "encoding":"US-ASCII", "memsize":67, "flags":{"wb_protected":true, "old":true, "uncollectible":true, "marked":true}}
{"address":"0x7fb1f8044f00", "type":"IMEMO", "imemo_type":"iseq", "references":["0x7fb1f80aebd0", "0x7fb1f80aebd0", "0x7fb1f8044eb0"], "memsize":392, "flags":{"wb_protected":true, "old":true, "uncollectible":true, "marked":true}}
{"address":"0x7fb1f8044f28", "type":"STRING", "class":"0x7fb1f80b7578", "frozen":true, "embedded":true, "fstring":true, "bytesize":16, "value":"reline/key_actor", "encoding":"UTF-8", "memsize":40, "flags":{"wb_protected":true, "old":true, "uncollectible":true, "marked":true}}
{"address":"0x7fb1f8044f50", "type":"ARRAY", "class":"0x7fb1f8097228", "frozen":true, "length":2, "embedded":true, "references":["0x7fb1f8045680"], "memsize":40, "flags":{"wb_protected":true, "old":true, "uncollectible":true, "marked":true}}
{"address":"0x7fb1f8044fa0", "type":"IMEMO", "imemo_type":"iseq", "references":["0x7fb1f80857a8", "0x7fb1f80857a8", "0x7fb1f8044f50"], "memsize":392, "flags":{"wb_protected":true, "old":true, "uncollectible":true, "marked":true}}
{"address":"0x7fb1f8044ff0", "type":"ARRAY", "class":"0x7fb1f8097228", "frozen":true, "length":2, "embedded":true, "references":["0x7fb1f8045680"], "memsize":40, "flags":{"wb_protected":true, "old":true, "uncollectible":true, "marked":true}}
{"address":"0x7fb1f8045018", "type":"STRING", "class":"0x7fb1f80b7578", "frozen":true, "fstring":true, "bytesize":26, "value":"required_rubygems_version=", "encoding":"US-ASCII", "memsize":67, "flags":{"wb_protected":true, "old":true, "uncollectible":true, "marked":true}}
{"address":"0x7fb1f8045040", "type":"IMEMO", "imemo_type":"iseq", "references":["0x7fb1f8045090", "0x7fb1f8045090", "0x7fb1f8044ff0"], "memsize":392, "flags":{"wb_protected":true, "old":true, "uncollectible":true, "marked":true}}
{"address":"0x7fb1f8045068", "type":"STRING", "class":"0x7fb1f80b7578", "frozen":true, "embedded":true, "fstring":true, "bytesize":14, "value":"reline/history", "encoding":"UTF-8", "memsize":40, "flags":{"wb_protected":true, "old":true, "uncollectible":true, "marked":true}}
{"address":"0x7fb1f8045090", "type":"STRING", "class":"0x7fb1f80b7578", "frozen":true, "embedded":true, "fstring":true, "bytesize":5, "value":"event", "encoding":"US-ASCII", "memsize":40, "flags":{"wb_protected":true, "old":true, "uncollectible":true, "marked":true}}
{"address":"0x7fb1f80450e0", "type":"ARRAY", "class":"0x7fb1f8097228", "frozen":true, "length":2, "embedded":true, "references":["0x7fb1f8045680"], "memsize":40, "flags":{"wb_protected":true, "old":true, "uncollectible":true, "marked":true}}
{"address":"0x7fb1f8045108", "type":"STRING", "class":"0x7fb1f80b7578", "frozen":true, "embedded":true, "fstring":true, "bytesize":4, "value":"date", "encoding":"UTF-8", "memsize":40, "flags":{"wb_protected":true, "old":true, "uncollectible":true, "marked":true}}
{"address":"0x7fb1f8045130", "type":"IMEMO", "imemo_type":"iseq", "references":["0x7fb1f8065fe8", "0x7fb1f8065fe8", "0x7fb1f80450e0"], "memsize":392, "flags":{"wb_protected":true, "old":true, "uncollectible":true, "marked":true}}
{"address":"0x7fb1f8045180", "type":"ARRAY", "class":"0x7fb1f8097228", "frozen":true, "length":2, "embedded":true, "references":["0x7fb1f8045680"], "memsize":40, "flags":{"wb_protected":true, "old":true, "uncollectible":true, "marked":true}}
{"address":"0x7fb1f80451a8", "type":"STRING", "class":"0x7fb1f80b7578", "frozen":true, "embedded":true, "fstring":true, "bytesize":17, "value":"reline/general_io", "encoding":"UTF-8", "memsize":40, "flags":{"wb_protected":true, "old":true, "uncollectible":true, "marked":true}}
{"address":"0x7fb1f80451d0", "type":"IMEMO", "imemo_type":"iseq", "references":["0x7fb1f804cb88", "0x7fb1f804cb88", "0x7fb1f8045180"], "memsize":392, "flags":{"wb_protected":true, "old":true, "uncollectible":true, "marked":true}}
{"address":"0x7fb1f80451f8", "type":"ARRAY", "class":"0x7fb1f8097228", "length":2, "embedded":true, "references":["0x7fb1f80452e8", "0x7fb1f80ddca0"], "memsize":40, "flags":{"wb_protected":true, "old":true, "uncollectible":true, "marked":true}}
{"address":"0x7fb1f8045220", "type":"ARRAY", "class":"0x7fb1f8097228", "frozen":true, "length":2, "embedded":true, "references":["0x7fb1f8045680"], "memsize":40, "flags":{"wb_protected":true, "old":true, "uncollectible":true, "marked":true}}
{"address":"0x7fb1f8045270", "type":"STRING", "class":"0x7fb1f80b7578", "frozen":true, "embedded":true, "fstring":true, "bytesize":13, "value":"reline/config", "encoding":"UTF-8", "memsize":40, "flags":{"wb_protected":true, "old":true, "uncollectible":true, "marked":true}}
{"address":"0x7fb1f8045298", "type":"STRING", "class":"0x7fb1f80b7578", "frozen":true, "embedded":true, "fstring":true, "bytesize":13, "value":"target_thread", "encoding":"US-ASCII", "memsize":40, "flags":{"wb_protected":true, "old":true, "uncollectible":true, "marked":true}}
{"address":"0x7fb1f80452c0", "type":"STRING", "class":"0x7fb1f80b7578", "frozen":true, "embedded":true, "fstring":true, "bytesize":22, "value":"@required_ruby_version", "encoding":"US-ASCII", "memsize":40, "flags":{"wb_protected":true, "old":true, "uncollectible":true, "marked":true}}
{"address":"0x7fb1f80452e8", "type":"STRING", "class":"0x7fb1f80b7578", "embedded":true, "bytesize":2, "value":">=", "encoding":"UTF-8", "memsize":40, "flags":{"wb_protected":true, "old":true, "uncollectible":true, "marked":true}}
{"address":"0x7fb1f8045310", "type":"STRING", "class":"0x7fb1f80b7578", "frozen":true, "embedded":true, "fstring":true, "bytesize":11, "value":"target_line", "encoding":"US-ASCII", "memsize":40, "flags":{"wb_protected":true, "old":true, "uncollectible":true, "marked":true}}
{"address":"0x7fb1f8045360", "type":"STRING", "class":"0x7fb1f80b7578", "frozen":true, "embedded":true, "fstring":true, "bytesize":11, "value":"reline/ansi", "encoding":"UTF-8", "memsize":40, "flags":{"wb_protected":true, "old":true, "uncollectible":true, "marked":true}}
{"address":"0x7fb1f8045388", "type":"STRING", "class":"0x7fb1f80b7578", "frozen":true, "embedded":true, "fstring":true, "bytesize":6, "value":"target", "encoding":"US-ASCII", "memsize":40, "flags":{"wb_protected":true, "old":true, "uncollectible":true, "marked":true}}
{"address":"0x7fb1f80453b0", "type":"STRING", "class":"0x7fb1f80b7578", "frozen":true, "embedded":true, "fstring":true, "bytesize":22, "value":"required_ruby_version=", "encoding":"US-ASCII", "memsize":40, "flags":{"wb_protected":true, "old":true, "uncollectible":true, "marked":true}}
{"address":"0x7fb1f80453d8", "type":"IMEMO", "imemo_type":"iseq", "references":["0x7fb1f804cc78", "0x7fb1f804cc78", "0x7fb1f8045220"], "memsize":480, "flags":{"wb_protected":true, "old":true, "uncollectible":true, "marked":true}}
{"address":"0x7fb1f8045428", "type":"ARRAY", "class":"0x7fb1f8097228", "frozen":true, "length":2, "embedded":true, "references":["0x7fb1f8045680"], "memsize":40, "flags":{"wb_protected":true, "old":true, "uncollectible":true, "marked":true}}
{"address":"0x7fb1f8045450", "type":"STRING", "class":"0x7fb1f80b7578", "frozen":true, "embedded":true, "fstring":true, "bytesize":4, "value":"ivar", "encoding":"US-ASCII", "memsize":40, "flags":{"wb_protected":true, "old":true, "uncollectible":true, "marked":true}}
{"address":"0x7fb1f8045478", "type":"IMEMO", "imemo_type":"iseq", "references":["0x7fb1f80454c8", "0x7fb1f80454c8", "0x7fb1f8045428"], "memsize":400, "flags":{"wb_protected":true, "old":true, "uncollectible":true, "marked":true}}
{"address":"0x7fb1f80454c8", "type":"STRING", "class":"0x7fb1f80b7578", "frozen":true, "embedded":true, "fstring":true, "bytesize":5, "value":"trace", "encoding":"US-ASCII", "memsize":40, "flags":{"wb_protected":true, "old":true, "uncollectible":true, "marked":true}}
{"address":"0x7fb1f8045518", "type":"ARRAY", "class":"0x7fb1f8097228", "frozen":true, "length":2, "embedded":true, "references":["0x7fb1f8045680"], "memsize":40, "flags":{"wb_protected":true, "old":true, "uncollectible":true, "marked":true}}
{"address":"0x7fb1f8045568", "type":"IMEMO", "imemo_type":"iseq", "references":["0x7fb1f807de40", "0x7fb1f807de40", "0x7fb1f8045518"], "memsize":392, "flags":{"wb_protected":true, "old":true, "uncollectible":true, "marked":true}}
{"address":"0x7fb1f8045590", "type":"STRING", "class":"0x7fb1f80b7578", "frozen":true, "embedded":true, "fstring":true, "bytesize":4, "value":"vals", "encoding":"US-ASCII", "memsize":40, "flags":{"wb_protected":true, "old":true, "uncollectible":true, "marked":true}}
{"address":"0x7fb1f80455b8", "type":"ARRAY", "class":"0x7fb1f8097228", "frozen":true, "length":2, "embedded":true, "references":["0x7fb1f8045680"], "memsize":40, "flags":{"wb_protected":true, "old":true, "uncollectible":true, "marked":true}}
{"address":"0x7fb1f8045608", "type":"IMEMO", "imemo_type":"iseq", "references":["0x7fb1f80c6d20", "0x7fb1f80c6d20", "0x7fb1f80455b8"], "memsize":392, "flags":{"wb_protected":true, "old":true, "uncollectible":true, "marked":true}}
{"address":"0x7fb1f8045630", "type":"ARRAY", "class":"0x7fb1f8097228", "length":1, "embedded":true, "references":["0x7fb1f80451f8"], "memsize":40, "flags":{"wb_protected":true, "old":true, "uncollectible":true, "marked":true}}
{"address":"0x7fb1f8045658", "type":"ARRAY", "class":"0x7fb1f8097228", "frozen":true, "length":2, "embedded":true, "references":["0x7fb1f8045680"], "memsize":40, "flags":{"wb_protected":true, "old":true, "uncollectible":true, "marked":true}}
{"address":"0x7fb1f8045680", "type":"STRING", "class":"0x7fb1f80b7578", "frozen":true, "embedded":true, "fstring":true, "bytesize":22, "value":"<internal:trace_point>", "encoding":"US-ASCII", "memsize":40, "flags":{"wb_protected":true, "old":true, "uncollectible":true, "marked":true}}
{"address":"0x7fb1f80456d0", "type":"ARRAY", "class":"0x7fb1f8097228", "length":17, "references":["0x7fb1f8054a18", "0x7fb1f8054928", "0x7fb1f8054838", "0x7fb1f8054798", "0x7fb1f80546a8", "0x7fb1f80545b8", "0x7fb1f80544c8", "0x7fb1f80543d8", "0x7fb1f8054270", "0x7fb1f8054220", "0x7fb1f8054158", "0x7fb1f80540b8", "0x7fb1f8054018", "0x7fb1f8057b28", "0x7fb1f804ff18", "0x7fb1f804fdd8", "0x7fb1f804fd38"], "memsize":176, "flags":{"wb_protected":true, "old":true, "uncollectible":true, "marked":true}}
{"address":"0x7fb1f80456f8", "type":"OBJECT", "class":"0x7fb1f80e0680", "ivars":3, "references":["0x7fb1f8045630"], "memsize":40, "flags":{"wb_protected":true, "old":true, "uncollectible":true, "marked":true}}
{"address":"0x7fb1f8045720", "type":"STRING", "class":"0x7fb1f80b7578", "frozen":true, "embedded":true, "fstring":true, "bytesize":6, "value":"events", "encoding":"US-ASCII", "memsize":40, "flags":{"wb_protected":true, "old":true, "uncollectible":true, "marked":true}}
{"address":"0x7fb1f8045748", "type":"ARRAY", "class":"0x7fb1f8097228", "length":1, "embedded":true, "references":["0x7fb1f8128b60"], "memsize":40, "flags":{"wb_protected":true, "old":true, "uncollectible":true, "marked":true}}
{"address":"0x7fb1f8045770", "type":"IMEMO", "imemo_type":"iseq", "references":["0x7fb1f80bf408", "0x7fb1f80bf408", "0x7fb1f8045658"], "memsize":400, "flags":{"wb_protected":true, "old":true, "uncollectible":true, "marked":true}}
{"address":"0x7fb1f8045798", "type":"STRING", "class":"0x7fb1f80b7578", "frozen":true, "embedded":true, "fstring":true, "bytesize":8, "value":"stubbed?", "encoding":"US-ASCII", "memsize":40, "flags":{"wb_protected":true, "old":true, "uncollectible":true, "marked":true}}
{"address":"0x7fb1f80457e8", "type":"ARRAY", "class":"0x7fb1f8097228", "length":2, "embedded":true, "references":["0x7fb1fb02faf8", "0x7fb1f80c55d8"], "memsize":40, "flags":{"wb_protected":true, "old":true, "uncollectible":true, "marked":true}}
{"address":"0x7fb1f8045810", "type":"STRING", "class":"0x7fb1f80b7578", "frozen":true, "embedded":true, "fstring":true, "bytesize":8, "value":"filesize", "encoding":"US-ASCII", "memsize":40, "flags":{"wb_protected":true, "old":true, "uncollectible":true, "marked":true}}
{"address":"0x7fb1f8045838", "type":"ARRAY", "class":"0x7fb1f8097228", "length":1, "embedded":true, "references":["0x7fb1f8067960"], "memsize":40, "flags":{"wb_protected":true, "old":true, "uncollectible":true, "marked":true}}
{"address":"0x7fb1f8045860", "type":"DATA", "class":"0x7fb1f80760c8", "struct":"time", "references":["0x7fb1f8112a90"], "memsize":86, "flags":{"uncollectible":true, "marked":true}}
{"address":"0x7fb1f80458b0", "type":"CLASS", "class":"0x7fb1f8044488", "name":"Class", "references":["0x7fb1f80bf6b0", "0x7fb1f80443e8", "0x7fb1f8044460", "0x7fb1f8044410", "0x7fb1f80458d8"], "memsize":528, "flags":{"wb_protected":true, "old":true, "uncollectible":true, "marked":true}}
{"address":"0x7fb1f80458d8", "type":"CLASS", "class":"0x7fb1f80458b0", "name":"TracePoint", "references":["0x7fb1f80c5240", "0x7fb1f8044320", "0x7fb1f8044348", "0x7fb1f80442a8", "0x7fb1f8044280", "0x7fb1f8044438", "0x7fb1f8044258", "0x7fb1f8044208", "0x7fb1f80441e0", "0x7fb1f80441b8", "0x7fb1f8044190", "0x7fb1f80442f8", "0x7fb1f8044230", "0x7fb1f8044168", "0x7fb1f8044370", "0x7fb1f80442d0", "0x7fb1f80443c0", "0x7fb1f8044398", "0x7fb1f8045900"], "memsize":976, "flags":{"wb_protected":true, "old":true, "uncollectible":true, "marked":true}}
{"address":"0x7fb1f8045900", "type":"STRING", "class":"0x7fb1f80b7578", "frozen":true, "embedded":true, "fstring":true, "bytesize":10, "value":"TracePoint", "encoding":"US-ASCII", "memsize":40, "flags":{"wb_protected":true, "old":true, "uncollectible":true, "marked":true}}
{"address":"0x7fb1f8045928", "type":"STRING", "class":"0x7fb1f80b7578", "frozen":true, "fstring":true, "bytesize":121, "value":"/Users/rschneeman/.rubies/ruby-2.7.1/lib/ruby/2.7.0/did_you_mean/spell_checkers/name_error_checkers/class_name_checker.rb", "encoding":"US-ASCII", "memsize":162, "flags":{"wb_protected":true, "old":true, "uncollectible":true, "marked":true}}
{"address":"0x7fb1f8045950", "type":"IMEMO", "class":"0x7fb1f8065e58", "imemo_type":"ment", "memsize":48, "flags":{"wb_protected":true, "old":true, "uncollectible":true, "marked":true}}
{"address":"0x7fb1f8045978", "type":"STRING", "class":"0x7fb1f80b7578", "frozen":true, "embedded":true, "fstring":true, "bytesize":14, "value":"add_trace_func", "encoding":"US-ASCII", "memsize":40, "flags":{"wb_protected":true, "old":true, "uncollectible":true, "marked":true}}
{"address":"0x7fb1f80459c8", "type":"IMEMO", "class":"0x7fb1f8065e58", "imemo_type":"ment", "memsize":48, "flags":{"wb_protected":true, "old":true, "uncollectible":true, "marked":true}}
{"address":"0x7fb1f80459f0", "type":"IMEMO", "class":"0x7fb1f80bfbb0", "imemo_type":"ment", "memsize":48, "flags":{"wb_protected":true, "old":true, "uncollectible":true, "marked":true}}
{"address":"0x7fb1f8045a18", "type":"IMEMO", "imemo_type":"ment", "references":["0x7fb1f80c4ef8"], "memsize":48, "flags":{"wb_protected":true, "old":true, "uncollectible":true, "marked":true}}
{"address":"0x7fb1f8045a40", "type":"STRING", "class":"0x7fb1f80b7578", "frozen":true, "embedded":true, "fstring":true, "bytesize":14, "value":"set_trace_func", "encoding":"US-ASCII", "memsize":40, "flags":{"wb_protected":true, "old":true, "uncollectible":true, "marked":true}}
{"address":"0x7fb1f8045a90", "type":"IMEMO", "class":"0x7fb1f8046a80", "imemo_type":"ment", "references":["0x7fb1f8045f68", "0x7fb1f8045ba8"], "memsize":48, "flags":{"wb_protected":true, "old":true, "uncollectible":true, "marked":true}}
{"address":"0x7fb1f8045ab8", "type":"IMEMO", "class":"0x7fb1f8046a80", "imemo_type":"ment", "references":["0x7fb1f8046008", "0x7fb1f8045ba8"], "memsize":48, "flags":{"wb_protected":true, "old":true, "uncollectible":true, "marked":true}}
{"address":"0x7fb1f8045ae0", "type":"IMEMO", "class":"0x7fb1f8046a80", "imemo_type":"ment", "references":["0x7fb1f80460a8", "0x7fb1f8045ba8"], "memsize":48, "flags":{"wb_protected":true, "old":true, "uncollectible":true, "marked":true}}
{"address":"0x7fb1f8045b08", "type":"IMEMO", "class":"0x7fb1f8046a80", "imemo_type":"ment", "references":["0x7fb1f8046198", "0x7fb1f8045ba8"], "memsize":48, "flags":{"wb_protected":true, "old":true, "uncollectible":true, "marked":true}}
{"address":"0x7fb1f8045b30", "type":"IMEMO", "class":"0x7fb1f8046a80", "imemo_type":"ment", "references":["0x7fb1f8046288", "0x7fb1f8045ba8"], "memsize":48, "flags":{"wb_protected":true, "old":true, "uncollectible":true, "marked":true}}
{"address":"0x7fb1f8045b58", "type":"IMEMO", "class":"0x7fb1f8046a80", "imemo_type":"ment", "references":["0x7fb1f8046378", "0x7fb1f8045ba8"], "memsize":48, "flags":{"wb_protected":true, "old":true, "uncollectible":true, "marked":true}}
{"address":"0x7fb1f8045b80", "type":"IMEMO", "class":"0x7fb1f8046a80", "imemo_type":"ment", "references":["0x7fb1f8046418", "0x7fb1f8045ba8"], "memsize":48, "flags":{"wb_protected":true, "old":true, "uncollectible":true, "marked":true}}
{"address":"0x7fb1f8045ba8", "type":"IMEMO", "class":"0x8", "imemo_type":"cref", "references":["0x7fb1f8046a80", "0x7fb1f8045c70"], "memsize":40, "flags":{"wb_protected":true, "old":true, "uncollectible":true, "marked":true}}
{"address":"0x7fb1f8045bd0", "type":"IMEMO", "class":"0x7fb1f8045c48", "imemo_type":"ment", "references":["0x7fb1f80465d0", "0x7fb1f8045c70"], "memsize":48, "flags":{"wb_protected":true, "old":true, "uncollectible":true, "marked":true}}
{"address":"0x7fb1f8045bf8", "type":"IMEMO", "class":"0x7fb1f8045c48", "imemo_type":"ment", "references":["0x7fb1f80466e8", "0x7fb1f8045c70"], "memsize":48, "flags":{"wb_protected":true, "old":true, "uncollectible":true, "marked":true}}
{"address":"0x7fb1f8045c20", "type":"IMEMO", "class":"0x7fb1f8045c48", "imemo_type":"ment", "references":["0x7fb1f8046850", "0x7fb1f8045c70"], "memsize":48, "flags":{"wb_protected":true, "old":true, "uncollectible":true, "marked":true}}
{"address":"0x7fb1f8045c48", "type":"CLASS", "class":"0x7fb1f80bf6d8", "name":"Module", "references":["0x7fb1f80c51c8", "0x7fb1f8045bd0", "0x7fb1f8045c20", "0x7fb1f8045bf8", "0x7fb1f8046b48"], "memsize":528, "flags":{"wb_protected":true, "old":true, "uncollectible":true, "marked":true}}
{"address":"0x7fb1f8045c70", "type":"IMEMO", "class":"0x8", "imemo_type":"cref", "references":["0x7fb1f8046b48", "0x7fb1f8045c98"], "memsize":40, "flags":{"wb_protected":true, "old":true, "uncollectible":true, "marked":true}}
{"address":"0x7fb1f8045c98", "type":"IMEMO", "class":"0x8", "imemo_type":"cref", "references":["0x7fb1f8066358", "0x7fb1f8045cc0"], "memsize":40, "flags":{"wb_protected":true, "old":true, "uncollectible":true, "marked":true}}
{"address":"0x7fb1f8045cc0", "type":"IMEMO", "class":"0x8", "imemo_type":"cref", "references":["0x7fb1f80c5240"], "memsize":40, "flags":{"wb_protected":true, "old":true, "uncollectible":true, "marked":true}}
{"address":"0x7fb1f8045d60", "type":"STRING", "class":"0x7fb1f80b7578", "frozen":true, "embedded":true, "fstring":true, "bytesize":13, "value":"@rdoc_options", "encoding":"US-ASCII", "memsize":40, "flags":{"wb_protected":true, "old":true, "uncollectible":true, "marked":true}}
{"address":"0x7fb1f8045dd8", "type":"ARRAY", "class":"0x7fb1f8097228", "length":15, "references":["0x7fb1f806cf00", "0x7fb1f806ce60", "0x7fb1f806cdc0", "0x7fb1f806cd20", "0x7fb1f806cb90", "0x7fb1f806caf0", "0x7fb1f806c910", "0x7fb1f806c690", "0x7fb1f806c5f0", "0x7fb1f806c578", "0x7fb1f806c2f8", "0x7fb1f806c280", "0x7fb1f806c168", "0x7fb1f806c0f0", "0x7fb1f806f2f0"], "memsize":200, "flags":{"wb_protected":true, "old":true, "uncollectible":true, "marked":true}}
{"address":"0x7fb1f8045e50", "type":"STRING", "class":"0x7fb1f80b7578", "bytesize":100, "value":"/Users/rschneeman/.rubies/ruby-2.7.1/lib/ruby/gems/2.7.0/specifications/default/reline-0.1.3.gemspec", "encoding":"US-ASCII", "memsize":141, "flags":{"wb_protected":true, "old":true, "uncollectible":true, "marked":true}}
{"address":"0x7fb1f8045ea0", "type":"ARRAY", "class":"0x7fb1f8097228", "length":1, "embedded":true, "references":["0x7fb1f80b6ab0"], "memsize":40, "flags":{"wb_protected":true, "old":true, "uncollectible":true, "marked":true}}
{"address":"0x7fb1f8045ec8", "type":"HASH", "class":"0x7fb1f8095130", "size":4, "references":["0x7fb1f80f1318", "0x7fb1f8045fe0", "0x7fb1f80f1200", "0x7fb1f8045f90", "0x7fb1f8110e20", "0x7fb1f8045f40", "0x7fb1f8110dd0", "0x7fb1f8045ef0"], "memsize":168, "flags":{"wb_protected":true, "old":true, "uncollectible":true, "marked":true}}
{"address":"0x7fb1f8045ef0", "type":"STRING", "class":"0x7fb1f80b7578", "shared":true, "encoding":"UTF-8", "references":["0x7fb1f806cfa0"], "memsize":40, "flags":{"wb_protected":true, "old":true, "uncollectible":true, "marked":true}}
{"address":"0x7fb1f8045f18", "type":"ARRAY", "class":"0x7fb1f8097228", "frozen":true, "length":2, "embedded":true, "references":["0x7fb1f80467b0"], "memsize":40, "flags":{"wb_protected":true, "old":true, "uncollectible":true, "marked":true}}
{"address":"0x7fb1f8045f40", "type":"STRING", "class":"0x7fb1f80b7578", "embedded":true, "bytesize":19, "value":"https://bundler.io/", "encoding":"UTF-8", "memsize":40, "flags":{"wb_protected":true, "old":true, "uncollectible":true, "marked":true}}
{"address":"0x7fb1f8045f68", "type":"IMEMO", "imemo_type":"iseq", "references":["0x7fb1f80c6d20", "0x7fb1f80c6d20", "0x7fb1f8045f18"], "memsize":392, "flags":{"wb_protected":true, "old":true, "uncollectible":true, "marked":true}}
{"address":"0x7fb1f8045f90", "type":"STRING", "class":"0x7fb1f80b7578", "shared":true, "encoding":"UTF-8", "references":["0x7fb1f806d220"], "memsize":40, "flags":{"wb_protected":true, "old":true, "uncollectible":true, "marked":true}}
{"address":"0x7fb1f8045fb8", "type":"ARRAY", "class":"0x7fb1f8097228", "frozen":true, "length":2, "embedded":true, "references":["0x7fb1f80467b0"], "memsize":40, "flags":{"wb_protected":true, "old":true, "uncollectible":true, "marked":true}}
{"address":"0x7fb1f8045fe0", "type":"STRING", "class":"0x7fb1f80b7578", "shared":true, "encoding":"UTF-8", "references":["0x7fb1f806d2c0"], "memsize":40, "flags":{"wb_protected":true, "old":true, "uncollectible":true, "marked":true}}
{"address":"0x7fb1f8046008", "type":"IMEMO", "imemo_type":"iseq", "references":["0x7fb1f8077130", "0x7fb1f8077130", "0x7fb1f8045fb8"], "memsize":392, "flags":{"wb_protected":true, "old":true, "uncollectible":true, "marked":true}}
{"address":"0x7fb1f8046030", "type":"ARRAY", "class":"0x7fb1f8097228", "length":1, "embedded":true, "references":["0x7fb1f80f3780"], "memsize":40, "flags":{"wb_protected":true, "old":true, "uncollectible":true, "marked":true}}
{"address":"0x7fb1f8046058", "type":"ARRAY", "class":"0x7fb1f8097228", "frozen":true, "length":2, "embedded":true, "references":["0x7fb1f80467b0"], "memsize":40, "flags":{"wb_protected":true, "old":true, "uncollectible":true, "marked":true}}
{"address":"0x7fb1f80460a8", "type":"IMEMO", "imemo_type":"iseq", "references":["0x7fb1f80460f8", "0x7fb1f80460f8", "0x7fb1f8046058"], "memsize":392, "flags":{"wb_protected":true, "old":true, "uncollectible":true, "marked":true}}
{"address":"0x7fb1f80460d0", "type":"OBJECT", "class":"0x7fb1f80e0680", "ivars":3, "references":["0x7fb1f8046030"], "memsize":40, "flags":{"wb_protected":true, "old":true, "uncollectible":true, "marked":true}}
{"address":"0x7fb1f80460f8", "type":"STRING", "class":"0x7fb1f80b7578", "frozen":true, "embedded":true, "fstring":true, "bytesize":11, "value":"last_column", "encoding":"US-ASCII", "memsize":40, "flags":{"wb_protected":true, "old":true, "uncollectible":true, "marked":true}}
{"address":"0x7fb1f8046120", "type":"ARRAY", "class":"0x7fb1f8097228", "length":2, "embedded":true, "references":["0x7fb1f80465f8", "0x7fb1f80464e0"], "memsize":40, "flags":{"wb_protected":true, "old":true, "uncollectible":true, "marked":true}}
{"address":"0x7fb1f8046148", "type":"ARRAY", "class":"0x7fb1f8097228", "frozen":true, "length":2, "embedded":true, "references":["0x7fb1f80467b0"], "memsize":40, "flags":{"wb_protected":true, "old":true, "uncollectible":true, "marked":true}}
{"address":"0x7fb1f8046170", "type":"STRING", "class":"0x7fb1f80b7578", "frozen":true, "embedded":true, "fstring":true, "bytesize":5, "value":"2.5.2", "encoding":"UTF-8", "memsize":40, "flags":{"wb_protected":true, "old":true, "uncollectible":true, "marked":true}}
{"address":"0x7fb1f8046198", "type":"IMEMO", "imemo_type":"iseq", "references":["0x7fb1f80461e8", "0x7fb1f80461e8", "0x7fb1f8046148"], "memsize":392, "flags":{"wb_protected":true, "old":true, "uncollectible":true, "marked":true}}
{"address":"0x7fb1f80461c0", "type":"STRING", "class":"0x7fb1f80b7578", "frozen":true, "embedded":true, "fstring":true, "bytesize":21, "value":"installed_by_version=", "encoding":"US-ASCII", "memsize":40, "flags":{"wb_protected":true, "old":true, "uncollectible":true, "marked":true}}
{"address":"0x7fb1f80461e8", "type":"STRING", "class":"0x7fb1f80b7578", "frozen":true, "embedded":true, "fstring":true, "bytesize":11, "value":"last_lineno", "encoding":"US-ASCII", "memsize":40, "flags":{"wb_protected":true, "old":true, "uncollectible":true, "marked":true}}
{"address":"0x7fb1f8046210", "type":"OBJECT", "class":"0x7fb1fb02e860", "ivars":5, "references":["0x7fb1f8087490", "0x7fb1f80460d0", "0x7fb1f80460d0"], "memsize":80, "flags":{"wb_protected":true, "old":true, "uncollectible":true, "marked":true}}
{"address":"0x7fb1f8046238", "type":"ARRAY", "class":"0x7fb1f8097228", "frozen":true, "length":2, "embedded":true, "references":["0x7fb1f80467b0"], "memsize":40, "flags":{"wb_protected":true, "old":true, "uncollectible":true, "marked":true}}
{"address":"0x7fb1f8046260", "type":"STRING", "class":"0x7fb1f80b7578", "embedded":true, "bytesize":5, "value":"2.5.2", "encoding":"UTF-8", "memsize":40, "flags":{"wb_protected":true, "old":true, "uncollectible":true, "marked":true}}
{"address":"0x7fb1f8046288", "type":"IMEMO", "imemo_type":"iseq", "references":["0x7fb1f80462d8", "0x7fb1f80462d8", "0x7fb1f8046238"], "memsize":392, "flags":{"wb_protected":true, "old":true, "uncollectible":true, "marked":true}}
{"address":"0x7fb1f80462d8", "type":"STRING", "class":"0x7fb1f80b7578", "frozen":true, "embedded":true, "fstring":true, "bytesize":12, "value":"first_column", "encoding":"US-ASCII", "memsize":40, "flags":{"wb_protected":true, "old":true, "uncollectible":true, "marked":true}}
{"address":"0x7fb1f8046300", "type":"STRING", "class":"0x7fb1f80b7578", "frozen":true, "embedded":true, "fstring":true, "bytesize":20, "value":"validate_permissions", "encoding":"US-ASCII", "memsize":40, "flags":{"wb_protected":true, "old":true, "uncollectible":true, "marked":true}}
{"address":"0x7fb1f8046328", "type":"ARRAY", "class":"0x7fb1f8097228", "frozen":true, "length":2, "embedded":true, "references":["0x7fb1f80467b0"], "memsize":40, "flags":{"wb_protected":true, "old":true, "uncollectible":true, "marked":true}}
{"address":"0x7fb1f8046378", "type":"IMEMO", "imemo_type":"iseq", "references":["0x7fb1f805f008", "0x7fb1f805f008", "0x7fb1f8046328"], "memsize":392, "flags":{"wb_protected":true, "old":true, "uncollectible":true, "marked":true}}
{"address":"0x7fb1f80463a0", "type":"STRING", "class":"0x7fb1f80b7578", "frozen":true, "fstring":true, "bytesize":24, "value":"ThreadedDownloadReporter", "encoding":"US-ASCII", "memsize":65, "flags":{"wb_protected":true, "old":true, "uncollectible":true, "marked":true}}
{"address":"0x7fb1f80463c8", "type":"ARRAY", "class":"0x7fb1f8097228", "frozen":true, "length":2, "embedded":true, "references":["0x7fb1f80467b0"], "memsize":40, "flags":{"wb_protected":true, "old":true, "uncollectible":true, "marked":true}}
{"address":"0x7fb1f8046418", "type":"IMEMO", "imemo_type":"iseq", "references":["0x7fb1f8046468", "0x7fb1f8046468", "0x7fb1f80463c8"], "memsize":392, "flags":{"wb_protected":true, "old":true, "uncollectible":true, "marked":true}}
{"address":"0x7fb1f8046468", "type":"STRING", "class":"0x7fb1f80b7578", "frozen":true, "embedded":true, "fstring":true, "bytesize":4, "value":"type", "encoding":"US-ASCII", "memsize":40, "flags":{"wb_protected":true, "old":true, "uncollectible":true, "marked":true}}
{"address":"0x7fb1f8046490", "type":"STRING", "class":"0x7fb1f80b7578", "frozen":true, "embedded":true, "fstring":true, "bytesize":21, "value":"@installed_by_version", "encoding":"US-ASCII", "memsize":40, "flags":{"wb_protected":true, "old":true, "uncollectible":true, "marked":true}}
{"address":"0x7fb1f80464b8", "type":"IMEMO", "class":"0x8", "imemo_type":"cref", "references":["0x7fb1f80c5240"], "memsize":40, "flags":{"wb_protected":true, "old":true, "uncollectible":true, "marked":true}}
{"address":"0x7fb1f80464e0", "type":"OBJECT", "class":"0x7fb1f80dd4f8", "ivars":3, "references":["0x7fb1f8046260"], "memsize":40, "flags":{"wb_protected":true, "old":true, "uncollectible":true, "marked":true}}
{"address":"0x7fb1f8046508", "type":"ARRAY", "class":"0x7fb1f8097228", "frozen":true, "length":2, "embedded":true, "references":["0x7fb1f80467b0"], "memsize":40, "flags":{"wb_protected":true, "old":true, "uncollectible":true, "marked":true}}
{"address":"0x7fb1f8046530", "type":"STRING", "class":"0x7fb1f80b7578", "frozen":true, "embedded":true, "fstring":true, "bytesize":22, "value":"SilentDownloadReporter", "encoding":"US-ASCII", "memsize":40, "flags":{"wb_protected":true, "old":true, "uncollectible":true, "marked":true}}
{"address":"0x7fb1f8046558", "type":"STRING", "class":"0x7fb1f80b7578", "frozen":true, "embedded":true, "fstring":true, "bytesize":20, "value":"installed_by_version", "encoding":"US-ASCII", "memsize":40, "flags":{"wb_protected":true, "old":true, "uncollectible":true, "marked":true}}
{"address":"0x7fb1f8046580", "type":"STRING", "class":"0x7fb1f80b7578", "frozen":true, "embedded":true, "fstring":true, "bytesize":4, "value":"body", "encoding":"US-ASCII", "memsize":40, "flags":{"wb_protected":true, "old":true, "uncollectible":true, "marked":true}}
{"address":"0x7fb1f80465d0", "type":"IMEMO", "imemo_type":"iseq", "references":["0x7fb1f805ece8", "0x7fb1f805ece8", "0x7fb1f8046508"], "memsize":400, "flags":{"wb_protected":true, "old":true, "uncollectible":true, "marked":true}}
{"address":"0x7fb1f80465f8", "type":"STRING", "class":"0x7fb1f80b7578", "embedded":true, "bytesize":2, "value":">=", "encoding":"UTF-8", "memsize":40, "flags":{"wb_protected":true, "old":true, "uncollectible":true, "marked":true}}
{"address":"0x7fb1f8046620", "type":"ARRAY", "class":"0x7fb1f8097228", "frozen":true, "length":2, "embedded":true, "references":["0x7fb1f80467b0"], "memsize":40, "flags":{"wb_protected":true, "old":true, "uncollectible":true, "marked":true}}
{"address":"0x7fb1f8046648", "type":"STRING", "class":"0x7fb1f80b7578", "frozen":true, "embedded":true, "fstring":true, "bytesize":21, "value":"validate_dependencies", "encoding":"US-ASCII", "memsize":40, "flags":{"wb_protected":true, "old":true, "uncollectible":true, "marked":true}}
{"address":"0x7fb1f8046670", "type":"IMEMO", "imemo_type":"iseq", "references":["0x7fb1f806ed28", "0x7fb1f806df40", "0x7fb1f806d860", "0x7fb1f806d360", "0x7fb1f8047d68", "0x7fb1f80bf408", "0x7fb1f80bf408", "0x7fb1f8075b78"], "memsize":1428, "flags":{"wb_protected":true, "old":true, "uncollectible":true, "marked":true}}
{"address":"0x7fb1f8046698", "type":"STRING", "class":"0x7fb1f80b7578", "frozen":true, "embedded":true, "fstring":true, "bytesize":8, "value":"pathname", "encoding":"US-ASCII", "memsize":40, "flags":{"wb_protected":true, "old":true, "uncollectible":true, "marked":true}}
{"address":"0x7fb1f80466e8", "type":"IMEMO", "imemo_type":"iseq", "references":["0x7fb1f8046738", "0x7fb1f8046738", "0x7fb1f8046620"], "memsize":400, "flags":{"wb_protected":true, "old":true, "uncollectible":true, "marked":true}}
{"address":"0x7fb1f8046738", "type":"STRING", "class":"0x7fb1f80b7578", "frozen":true, "embedded":true, "fstring":true, "bytesize":10, "value":"parse_file", "encoding":"US-ASCII", "memsize":40, "flags":{"wb_protected":true, "old":true, "uncollectible":true, "marked":true}}
{"address":"0x7fb1f8046760", "type":"STRING", "class":"0x7fb1f80b7578", "frozen":true, "embedded":true, "fstring":true, "bytesize":17, "value":"download_reporter", "encoding":"US-ASCII", "memsize":40, "flags":{"wb_protected":true, "old":true, "uncollectible":true, "marked":true}}
{"address":"0x7fb1f8046788", "type":"ARRAY", "class":"0x7fb1f8097228", "frozen":true, "length":2, "embedded":true, "references":["0x7fb1f80467b0"], "memsize":40, "flags":{"wb_protected":true, "old":true, "uncollectible":true, "marked":true}}
{"address":"0x7fb1f80467b0", "type":"STRING", "class":"0x7fb1f80b7578", "frozen":true, "embedded":true, "fstring":true, "bytesize":14, "value":"<internal:ast>", "encoding":"US-ASCII", "memsize":40, "flags":{"wb_protected":true, "old":true, "uncollectible":true, "marked":true}}
{"address":"0x7fb1f8046800", "type":"ARRAY", "class":"0x7fb1f8097228", "length":1, "embedded":true, "references":["0x7fb1f80f3780"], "memsize":40, "flags":{"wb_protected":true, "old":true, "uncollectible":true, "marked":true}}
{"address":"0x7fb1f8046850", "type":"IMEMO", "imemo_type":"iseq", "references":["0x7fb1f80468a0", "0x7fb1f80468a0", "0x7fb1f8046788"], "memsize":400, "flags":{"wb_protected":true, "old":true, "uncollectible":true, "marked":true}}
{"address":"0x7fb1f8046878", "type":"OBJECT", "class":"0x7fb1f80e0680", "ivars":3, "references":["0x7fb1f8046800"], "memsize":40, "flags":{"wb_protected":true, "old":true, "uncollectible":true, "marked":true}}
{"address":"0x7fb1f80468a0", "type":"STRING", "class":"0x7fb1f80b7578", "frozen":true, "embedded":true, "fstring":true, "bytesize":5, "value":"parse", "encoding":"US-ASCII", "memsize":40, "flags":{"wb_protected":true, "old":true, "uncollectible":true, "marked":true}}
{"address":"0x7fb1f80468f0", "type":"ARRAY", "class":"0x7fb1f8097228", "length":1, "embedded":true, "references":["0x7fb1f8046120"], "memsize":40, "flags":{"wb_protected":true, "old":true, "uncollectible":true, "marked":true}}
{"address":"0x7fb1f8046918", "type":"OBJECT", "class":"0x7fb1fb02e860", "ivars":5, "references":["0x7fb1f80dee98", "0x7fb1f8046878", "0x7fb1f8046878"], "memsize":80, "flags":{"wb_protected":true, "old":true, "uncollectible":true, "marked":true}}
{"address":"0x7fb1f8046940", "type":"STRING", "class":"0x7fb1f80b7578", "frozen":true, "embedded":true, "fstring":true, "bytesize":17, "value":"validate_metadata", "encoding":"US-ASCII", "memsize":40, "flags":{"wb_protected":true, "old":true, "uncollectible":true, "marked":true}}
{"address":"0x7fb1f8046990", "type":"OBJECT", "class":"0x7fb1f80e0680", "ivars":3, "references":["0x7fb1f80468f0"], "memsize":40, "flags":{"wb_protected":true, "old":true, "uncollectible":true, "marked":true}}
{"address":"0x7fb1f80469e0", "type":"STRING", "class":"0x7fb1f80b7578", "embedded":true, "bytesize":5, "value":"2.1.4", "encoding":"UTF-8", "memsize":40, "flags":{"wb_protected":true, "old":true, "uncollectible":true, "marked":true}}
{"address":"0x7fb1f8046a30", "type":"STRING", "class":"0x7fb1f80b7578", "frozen":true, "bytesize":32, "capacity":53, "value":"RubyVM::AbstractSyntaxTree::Node", "encoding":"US-ASCII", "memsize":94, "flags":{"wb_protected":true, "old":true, "uncollectible":true, "marked":true}}
{"address":"0x7fb1f8046a58", "type":"CLASS", "class":"0x7fb1f80bf700", "name":"Class", "references":["0x7fb1f80bf6b0", "0x7fb1f8046a80"], "memsize":464, "flags":{"wb_protected":true, "old":true, "uncollectible":true, "marked":true}}
{"address":"0x7fb1f8046a80", "type":"CLASS", "class":"0x7fb1f8046a58", "name":"RubyVM::AbstractSyntaxTree::Node", "references":["0x7fb1f80c5240", "0x7fb1f8045ae0", "0x7fb1f8045b30", "0x7fb1f8045b58", "0x7fb1f8045a90", "0x7fb1f8045b80", "0x7fb1f8045ab8", "0x7fb1f8045b08", "0x7fb1f8046a30"], "memsize":720, "flags":{"wb_protected":true, "old":true, "uncollectible":true, "marked":true}}
{"address":"0x7fb1f8046aa8", "type":"STRING", "class":"0x7fb1f80b7578", "frozen":true, "embedded":true, "fstring":true, "bytesize":4, "value":"Node", "encoding":"US-ASCII", "memsize":40, "flags":{"wb_protected":true, "old":true, "uncollectible":true, "marked":true}}
{"address":"0x7fb1f8046af8", "type":"STRING", "class":"0x7fb1f80b7578", "frozen":true, "bytesize":26, "capacity":47, "value":"RubyVM::AbstractSyntaxTree", "encoding":"US-ASCII", "memsize":88, "flags":{"wb_protected":true, "old":true, "uncollectible":true, "marked":true}}
{"address":"0x7fb1f8046b48", "type":"MODULE", "class":"0x7fb1f8045c48", "name":"RubyVM::AbstractSyntaxTree", "references":["0x7fb1f8046af8", "0x7fb1f8046a80", "0x7fb1f804d240"], "memsize":552, "flags":{"wb_protected":true, "old":true, "uncollectible":true, "marked":true}}
{"address":"0x7fb1f8046b70", "type":"STRING", "class":"0x7fb1f80b7578", "frozen":true, "embedded":true, "fstring":true, "bytesize":18, "value":"AbstractSyntaxTree", "encoding":"US-ASCII", "memsize":40, "flags":{"wb_protected":true, "old":true, "uncollectible":true, "marked":true}}
{"address":"0x7fb1f8046bc0", "type":"IMEMO", "class":"0x7fb1f8086bd0", "imemo_type":"ment", "references":["0x7fb1f8046da0", "0x7fb1f8046c10"], "memsize":48, "flags":{"wb_protected":true, "old":true, "uncollectible":true, "marked":true}}
{"address":"0x7fb1f8046be8", "type":"IMEMO", "class":"0x7fb1f8086bd0", "imemo_type":"ment", "references":["0x7fb1f8046ff8", "0x7fb1f8046c10"], "memsize":48, "flags":{"wb_protected":true, "old":true, "uncollectible":true, "marked":true}}
{"address":"0x7fb1f8046c10", "type":"IMEMO", "class":"0x8", "imemo_type":"cref", "references":["0x7fb1f8086bd0", "0x7fb1f8046c38"], "memsize":40, "flags":{"wb_protected":true, "old":true, "uncollectible":true, "marked":true}}
{"address":"0x7fb1f8046c38", "type":"IMEMO", "class":"0x8", "imemo_type":"cref", "references":["0x7fb1f80c5240"], "memsize":40, "flags":{"wb_protected":true, "old":true, "uncollectible":true, "marked":true}}
{"address":"0x7fb1f8046c88", "type":"OBJECT", "class":"0x7fb1f80dd4f8", "ivars":3, "references":["0x7fb1f80469e0"], "memsize":40, "flags":{"wb_protected":true, "old":true, "uncollectible":true, "marked":true}}
{"address":"0x7fb1f8046cd8", "type":"ARRAY", "class":"0x7fb1f8097228", "length":0, "memsize":40, "flags":{"wb_protected":true, "old":true, "uncollectible":true, "marked":true}}
{"address":"0x7fb1f8046d28", "type":"ARRAY", "class":"0x7fb1f8097228", "length":1, "embedded":true, "references":["0x7fb1f80f3780"], "memsize":40, "flags":{"wb_protected":true, "old":true, "uncollectible":true, "marked":true}}
{"address":"0x7fb1f8046d50", "type":"ARRAY", "class":"0x7fb1f8097228", "frozen":true, "length":2, "embedded":true, "references":["0x7fb1f8046e68"], "memsize":40, "flags":{"wb_protected":true, "old":true, "uncollectible":true, "marked":true}}
{"address":"0x7fb1f8046d78", "type":"ARRAY", "class":"0x7fb1f8097228", "length":0, "memsize":40, "flags":{"wb_protected":true, "old":true, "uncollectible":true, "marked":true}}
{"address":"0x7fb1f8046da0", "type":"IMEMO", "imemo_type":"iseq", "references":["0x7fb1f8046df0", "0x7fb1f8046df0", "0x7fb1f8046d50"], "memsize":456, "flags":{"wb_protected":true, "old":true, "uncollectible":true, "marked":true}}
{"address":"0x7fb1f8046dc8", "type":"OBJECT", "class":"0x7fb1f80e0680", "ivars":3, "references":["0x7fb1f8046d28"], "memsize":40, "flags":{"wb_protected":true, "old":true, "uncollectible":true, "marked":true}}
{"address":"0x7fb1f8046df0", "type":"STRING", "class":"0x7fb1f80b7578", "frozen":true, "embedded":true, "fstring":true, "bytesize":14, "value":"write_nonblock", "encoding":"US-ASCII", "memsize":40, "flags":{"wb_protected":true, "old":true, "uncollectible":true, "marked":true}}
{"address":"0x7fb1f8046e40", "type":"ARRAY", "class":"0x7fb1f8097228", "frozen":true, "length":2, "embedded":true, "references":["0x7fb1f8046e68"], "memsize":40, "flags":{"wb_protected":true, "old":true, "uncollectible":true, "marked":true}}
{"address":"0x7fb1f8046e68", "type":"STRING", "class":"0x7fb1f80b7578", "frozen":true, "embedded":true, "fstring":true, "bytesize":13, "value":"<internal:io>", "encoding":"US-ASCII", "memsize":40, "flags":{"wb_protected":true, "old":true, "uncollectible":true, "marked":true}}
{"address":"0x7fb1f8046eb8", "type":"OBJECT", "class":"0x7fb1fb02e860", "ivars":5, "references":["0x7fb1f80c55d8", "0x7fb1f8046dc8", "0x7fb1f8046dc8"], "memsize":80, "flags":{"wb_protected":true, "old":true, "uncollectible":true, "marked":true}}
{"address":"0x7fb1f8046ee0", "type":"STRING", "class":"0x7fb1f80b7578", "frozen":true, "embedded":true, "fstring":true, "bytesize":19, "value":"VariableNameChecker", "encoding":"US-ASCII", "memsize":40, "flags":{"wb_protected":true, "old":true, "uncollectible":true, "marked":true}}
{"address":"0x7fb1f8046f08", "type":"STRING", "class":"0x7fb1f80b7578", "frozen":true, "embedded":true, "fstring":true, "bytesize":3, "value":"buf", "encoding":"US-ASCII", "memsize":40, "flags":{"wb_protected":true, "old":true, "uncollectible":true, "marked":true}}
{"address":"0x7fb1f8046f30", "type":"ARRAY", "class":"0x7fb1f8097228", "length":0, "memsize":40, "flags":{"wb_protected":true, "old":true, "uncollectible":true, "marked":true}}
{"address":"0x7fb1f8046f58", "type":"STRING", "class":"0x7fb1f80b7578", "frozen":true, "fstring":true, "bytesize":31, "value":"keep_only_files_and_directories", "encoding":"US-ASCII", "memsize":72, "flags":{"wb_protected":true, "old":true, "uncollectible":true, "marked":true}}
{"address":"0x7fb1f8046f80", "type":"STRING", "class":"0x7fb1f80b7578", "frozen":true, "embedded":true, "fstring":true, "bytesize":3, "value":"len", "encoding":"US-ASCII", "memsize":40, "flags":{"wb_protected":true, "old":true, "uncollectible":true, "marked":true}}
{"address":"0x7fb1f8046fa8", "type":"STRING", "class":"0x7fb1f80b7578", "embedded":true, "bytesize":4, "value":"ruby", "encoding":"UTF-8", "memsize":40, "flags":{"wb_protected":true, "old":true, "uncollectible":true, "marked":true}}
{"address":"0x7fb1f8046ff8", "type":"IMEMO", "imemo_type":"iseq", "references":["0x7fb1f807fd80", "0x7fb1f807fd80", "0x7fb1f8046e40"], "memsize":508, "flags":{"wb_protected":true, "old":true, "uncollectible":true, "marked":true}}
{"address":"0x7fb1f8047048", "type":"STRING", "class":"0x7fb1f80b7578", "frozen":true, "fstring":true, "bytesize":24, "value":"no member '.*' in struct", "encoding":"US-ASCII", "memsize":65, "flags":{"wb_protected":true, "old":true, "uncollectible":true, "marked":true}}
{"address":"0x7fb1f8047070", "type":"ARRAY", "class":"0x7fb1f8097228", "length":2, "embedded":true, "references":["0x7fb1f80479a8", "0x7fb1f8047868"], "memsize":40, "flags":{"wb_protected":true, "old":true, "uncollectible":true, "marked":true}}
{"address":"0x7fb1f8047098", "type":"STRING", "class":"0x7fb1f80b7578", "frozen":true, "embedded":true, "fstring":true, "bytesize":3, "value":"0.5", "encoding":"UTF-8", "memsize":40, "flags":{"wb_protected":true, "old":true, "uncollectible":true, "marked":true}}
{"address":"0x7fb1f80470c0", "type":"STRING", "class":"0x7fb1f80b7578", "frozen":true, "embedded":true, "fstring":true, "bytesize":10, "value":"packaging=", "encoding":"US-ASCII", "memsize":40, "flags":{"wb_protected":true, "old":true, "uncollectible":true, "marked":true}}
{"address":"0x7fb1f80470e8", "type":"STRING", "class":"0x7fb1f80b7578", "embedded":true, "bytesize":3, "value":"0.5", "encoding":"UTF-8", "memsize":40, "flags":{"wb_protected":true, "old":true, "uncollectible":true, "marked":true}}
{"address":"0x7fb1f8047110", "type":"ARRAY", "class":"0x7fb1f8097228", "length":0, "memsize":40, "flags":{"wb_protected":true, "old":true, "uncollectible":true, "marked":true}}
{"address":"0x7fb1f8047138", "type":"STRING", "class":"0x7fb1f80b7578", "frozen":true, "fstring":true, "bytesize":20, "value":"GC_ENABLE_LAZY_SWEEP", "encoding":"US-ASCII", "memsize":40, "flags":{"wb_protected":true, "old":true, "uncollectible":true, "marked":true}}
{"address":"0x7fb1f8047160", "type":"STRING", "class":"0x7fb1f80b7578", "frozen":true, "fstring":true, "bytesize":25, "value":"RGENGC_ESTIMATE_OLDMALLOC", "encoding":"US-ASCII", "memsize":40, "flags":{"wb_protected":true, "old":true, "uncollectible":true, "marked":true}}
{"address":"0x7fb1f8047188", "type":"STRING", "class":"0x7fb1f80b7578", "frozen":true, "fstring":true, "bytesize":10, "value":"USE_RGENGC", "encoding":"US-ASCII", "memsize":40, "flags":{"wb_protected":true, "old":true, "uncollectible":true, "marked":true}}
{"address":"0x7fb1f80471b0", "type":"ARRAY", "class":"0x7fb1f8097228", "frozen":true, "length":3, "embedded":true, "references":["0x7fb1f8047188", "0x7fb1f8047160", "0x7fb1f8047138"], "memsize":40, "flags":{"wb_protected":true, "old":true, "uncollectible":true, "marked":true}}
{"address":"0x7fb1f80471d8", "type":"IMEMO", "class":"0x7fb1f804c200", "imemo_type":"ment", "memsize":48, "flags":{"wb_protected":true, "old":true, "uncollectible":true, "marked":true}}
{"address":"0x7fb1f8047200", "type":"STRING", "class":"0x7fb1f80b7578", "frozen":true, "fstring":true, "bytesize":42, "value":"verify_transient_heap_internal_consistency", "encoding":"US-ASCII", "memsize":83, "flags":{"wb_protected":true, "old":true, "uncollectible":true, "marked":true}}
{"address":"0x7fb1f8047228", "type":"ARRAY", "class":"0x7fb1f8097228", "length":0, "memsize":40, "flags":{"wb_protected":true, "old":true, "uncollectible":true, "marked":true}}
{"address":"0x7fb1f8047250", "type":"IMEMO", "class":"0x7fb1f804c200", "imemo_type":"ment", "memsize":48, "flags":{"wb_protected":true, "old":true, "uncollectible":true, "marked":true}}
{"address":"0x7fb1f8047278", "type":"STRING", "class":"0x7fb1f80b7578", "frozen":true, "fstring":true, "bytesize":28, "value":"verify_compaction_references", "encoding":"US-ASCII", "memsize":69, "flags":{"wb_protected":true, "old":true, "uncollectible":true, "marked":true}}
{"address":"0x7fb1f80472a0", "type":"STRING", "class":"0x7fb1f80b7578", "frozen":true, "embedded":true, "fstring":true, "bytesize":19, "value":"SpecificationPolicy", "encoding":"US-ASCII", "memsize":40, "flags":{"wb_protected":true, "old":true, "uncollectible":true, "marked":true}}
{"address":"0x7fb1f80472c8", "type":"IMEMO", "class":"0x7fb1f804c200", "imemo_type":"ment", "memsize":48, "flags":{"wb_protected":true, "old":true, "uncollectible":true, "marked":true}}
{"address":"0x7fb1f80472f0", "type":"STRING", "class":"0x7fb1f80b7578", "frozen":true, "fstring":true, "bytesize":27, "value":"verify_internal_consistency", "encoding":"US-ASCII", "memsize":68, "flags":{"wb_protected":true, "old":true, "uncollectible":true, "marked":true}}
{"address":"0x7fb1f8047340", "type":"ICLASS", "class":"0x7fb1f80bcf28", "references":["0x7fb1f80c5240"], "memsize":40, "flags":{"uncollectible":true, "marked":true}}
{"address":"0x7fb1f8047368", "type":"IMEMO", "class":"0x7fb1f80475e8", "imemo_type":"ment", "memsize":48, "flags":{"wb_protected":true, "old":true, "uncollectible":true, "marked":true}}
{"address":"0x7fb1f8047390", "type":"IMEMO", "class":"0x7fb1f80475e8", "imemo_type":"ment", "memsize":48, "flags":{"wb_protected":true, "old":true, "uncollectible":true, "marked":true}}
{"address":"0x7fb1f80473b8", "type":"IMEMO", "class":"0x7fb1f80475e8", "imemo_type":"ment", "memsize":48, "flags":{"wb_protected":true, "old":true, "uncollectible":true, "marked":true}}
{"address":"0x7fb1f80473e0", "type":"IMEMO", "class":"0x7fb1f80475e8", "imemo_type":"ment", "memsize":48, "flags":{"wb_protected":true, "old":true, "uncollectible":true, "marked":true}}
{"address":"0x7fb1f8047408", "type":"IMEMO", "class":"0x7fb1f80475e8", "imemo_type":"ment", "memsize":48, "flags":{"wb_protected":true, "old":true, "uncollectible":true, "marked":true}}
{"address":"0x7fb1f8047430", "type":"IMEMO", "class":"0x7fb1f80475e8", "imemo_type":"ment", "memsize":48, "flags":{"wb_protected":true, "old":true, "uncollectible":true, "marked":true}}
{"address":"0x7fb1f8047458", "type":"IMEMO", "class":"0x7fb1f80475e8", "imemo_type":"ment", "memsize":48, "flags":{"wb_protected":true, "old":true, "uncollectible":true, "marked":true}}
{"address":"0x7fb1f8047480", "type":"IMEMO", "class":"0x7fb1f80475e8", "imemo_type":"ment", "memsize":48, "flags":{"wb_protected":true, "old":true, "uncollectible":true, "marked":true}}
{"address":"0x7fb1f80474a8", "type":"IMEMO", "class":"0x7fb1f80475e8", "imemo_type":"ment", "memsize":48, "flags":{"wb_protected":true, "old":true, "uncollectible":true, "marked":true}}
{"address":"0x7fb1f80474d0", "type":"IMEMO", "class":"0x7fb1f80475e8", "imemo_type":"ment", "memsize":48, "flags":{"wb_protected":true, "old":true, "uncollectible":true, "marked":true}}
{"address":"0x7fb1f80474f8", "type":"IMEMO", "class":"0x7fb1f80475e8", "imemo_type":"ment", "memsize":48, "flags":{"wb_protected":true, "old":true, "uncollectible":true, "marked":true}}
{"address":"0x7fb1f8047520", "type":"IMEMO", "class":"0x7fb1f80475e8", "imemo_type":"ment", "memsize":48, "flags":{"wb_protected":true, "old":true, "uncollectible":true, "marked":true}}
{"address":"0x7fb1f8047548", "type":"IMEMO", "class":"0x7fb1f80475e8", "imemo_type":"ment", "memsize":48, "flags":{"wb_protected":true, "old":true, "uncollectible":true, "marked":true}}
{"address":"0x7fb1f8047570", "type":"IMEMO", "class":"0x7fb1f80475e8", "imemo_type":"ment", "memsize":48, "flags":{"wb_protected":true, "old":true, "uncollectible":true, "marked":true}}
{"address":"0x7fb1f8047598", "type":"STRING", "class":"0x7fb1f80b7578", "frozen":true, "embedded":true, "bytesize":20, "value":"ObjectSpace::WeakMap", "encoding":"US-ASCII", "memsize":40, "flags":{"wb_protected":true, "old":true, "uncollectible":true, "marked":true}}
{"address":"0x7fb1f80475c0", "type":"CLASS", "class":"0x7fb1f80bf700", "name":"Class", "references":["0x7fb1f80bf6b0", "0x7fb1f80475e8"], "memsize":464, "flags":{"wb_protected":true, "old":true, "uncollectible":true, "marked":true}}
{"address":"0x7fb1f80475e8", "type":"CLASS", "class":"0x7fb1f80475c0", "name":"ObjectSpace::WeakMap", "references":["0x7fb1f8047340", "0x7fb1f8047520", "0x7fb1f8047408", "0x7fb1f8047430", "0x7fb1f8047458", "0x7fb1f80474a8", "0x7fb1f80473e0", "0x7fb1f8047548", "0x7fb1f8047570", "0x7fb1f80473b8", "0x7fb1f8047368", "0x7fb1f8047390", "0x7fb1f80474d0", "0x7fb1f8047480", "0x7fb1f80474f8", "0x7fb1f8047598"], "memsize":976, "flags":{"wb_protected":true, "old":true, "uncollectible":true, "marked":true}}
{"address":"0x7fb1f8047610", "type":"STRING", "class":"0x7fb1f80b7578", "frozen":true, "embedded":true, "fstring":true, "bytesize":7, "value":"WeakMap", "encoding":"US-ASCII", "memsize":40, "flags":{"wb_protected":true, "old":true, "uncollectible":true, "marked":true}}
{"address":"0x7fb1f8047638", "type":"STRING", "class":"0x7fb1f80b7578", "frozen":true, "embedded":true, "fstring":true, "bytesize":17, "value":"validation_policy", "encoding":"US-ASCII", "memsize":40, "flags":{"wb_protected":true, "old":true, "uncollectible":true, "marked":true}}
{"address":"0x7fb1f8047660", "type":"IMEMO", "class":"0x7fb1f8047f70", "imemo_type":"ment", "memsize":48, "flags":{"wb_protected":true, "old":true, "uncollectible":true, "marked":true}}
{"address":"0x7fb1f8047688", "type":"IMEMO", "imemo_type":"ment", "references":["0x7fb1f804c048"], "memsize":48, "flags":{"wb_protected":true, "old":true, "uncollectible":true, "marked":true}}
{"address":"0x7fb1f80476b0", "type":"STRING", "class":"0x7fb1f80b7578", "frozen":true, "embedded":true, "fstring":true, "bytesize":13, "value":"count_objects", "encoding":"US-ASCII", "memsize":40, "flags":{"wb_protected":true, "old":true, "uncollectible":true, "marked":true}}
{"address":"0x7fb1f80476d8", "type":"ARRAY", "class":"0x7fb1f8097228", "length":0, "memsize":40, "flags":{"wb_protected":true, "old":true, "uncollectible":true, "marked":true}}
{"address":"0x7fb1f8047700", "type":"IMEMO", "imemo_type":"ment", "references":["0x7fb1f80c4ef8"], "memsize":48, "flags":{"wb_protected":true, "old":true, "uncollectible":true, "marked":true}}
{"address":"0x7fb1f8047728", "type":"IMEMO", "class":"0x7fb1f80c52b8", "imemo_type":"ment", "memsize":48, "flags":{"wb_protected":true, "old":true, "uncollectible":true, "marked":true}}
{"address":"0x7fb1f8047750", "type":"STRING", "class":"0x7fb1f80b7578", "frozen":true, "embedded":true, "fstring":true, "bytesize":6, "value":"__id__", "encoding":"US-ASCII", "memsize":40, "flags":{"wb_protected":true, "old":true, "uncollectible":true, "marked":true}}
{"address":"0x7fb1f8047778", "type":"ARRAY", "class":"0x7fb1f8097228", "length":0, "memsize":40, "flags":{"wb_protected":true, "old":true, "uncollectible":true, "marked":true}}
{"address":"0x7fb1f80477a0", "type":"OBJECT", "class":"0x7fb1f80ae388", "frozen":true, "ivars":3, "references":["0x7fb1f80477c8"], "memsize":40, "flags":{"wb_protected":true, "old":true, "uncollectible":true, "marked":true}}
{"address":"0x7fb1f80477c8", "type":"STRING", "class":"0x7fb1f80b7578", "frozen":true, "bytesize":25, "value":"failed to allocate memory", "encoding":"US-ASCII", "memsize":40, "flags":{"wb_protected":true, "old":true, "uncollectible":true, "marked":true}}
{"address":"0x7fb1f80477f0", "type":"IMEMO", "class":"0x7fb1f8047f70", "imemo_type":"ment", "memsize":48, "flags":{"wb_protected":true, "old":true, "uncollectible":true, "marked":true}}
{"address":"0x7fb1f8047818", "type":"IMEMO", "imemo_type":"ment", "references":["0x7fb1f804c048"], "memsize":48, "flags":{"wb_protected":true, "old":true, "uncollectible":true, "marked":true}}
{"address":"0x7fb1f8047840", "type":"STRING", "class":"0x7fb1f80b7578", "frozen":true, "embedded":true, "fstring":true, "bytesize":7, "value":"_id2ref", "encoding":"US-ASCII", "memsize":40, "flags":{"wb_protected":true, "old":true, "uncollectible":true, "marked":true}}
{"address":"0x7fb1f8047868", "type":"OBJECT", "class":"0x7fb1f80dd4f8", "ivars":3, "references":["0x7fb1f80470e8"], "memsize":40, "flags":{"wb_protected":true, "old":true, "uncollectible":true, "marked":true}}
{"address":"0x7fb1f8047890", "type":"IMEMO", "class":"0x7fb1f8047f70", "imemo_type":"ment", "memsize":48, "flags":{"wb_protected":true, "old":true, "uncollectible":true, "marked":true}}
{"address":"0x7fb1f80478b8", "type":"IMEMO", "imemo_type":"ment", "references":["0x7fb1f804c048"], "memsize":48, "flags":{"wb_protected":true, "old":true, "uncollectible":true, "marked":true}}
{"address":"0x7fb1f80478e0", "type":"STRING", "class":"0x7fb1f80b7578", "frozen":true, "embedded":true, "fstring":true, "bytesize":18, "value":"undefine_finalizer", "encoding":"US-ASCII", "memsize":40, "flags":{"wb_protected":true, "old":true, "uncollectible":true, "marked":true}}
{"address":"0x7fb1f8047930", "type":"IMEMO", "class":"0x7fb1f8047f70", "imemo_type":"ment", "memsize":48, "flags":{"wb_protected":true, "old":true, "uncollectible":true, "marked":true}}
{"address":"0x7fb1f8047958", "type":"IMEMO", "imemo_type":"ment", "references":["0x7fb1f804c048"], "memsize":48, "flags":{"wb_protected":true, "old":true, "uncollectible":true, "marked":true}}
{"address":"0x7fb1f8047980", "type":"STRING", "class":"0x7fb1f80b7578", "frozen":true, "embedded":true, "fstring":true, "bytesize":16, "value":"define_finalizer", "encoding":"US-ASCII", "memsize":40, "flags":{"wb_protected":true, "old":true, "uncollectible":true, "marked":true}}
{"address":"0x7fb1f80479a8", "type":"STRING", "class":"0x7fb1f80b7578", "embedded":true, "bytesize":2, "value":"~>", "encoding":"UTF-8", "memsize":40, "flags":{"wb_protected":true, "old":true, "uncollectible":true, "marked":true}}
{"address":"0x7fb1f80479d0", "type":"IMEMO", "class":"0x7fb1f8047f70", "imemo_type":"ment", "memsize":48, "flags":{"wb_protected":true, "old":true, "uncollectible":true, "marked":true}}
{"address":"0x7fb1f80479f8", "type":"IMEMO", "imemo_type":"ment", "references":["0x7fb1f804c048"], "memsize":48, "flags":{"wb_protected":true, "old":true, "uncollectible":true, "marked":true}}
{"address":"0x7fb1f8047a20", "type":"STRING", "class":"0x7fb1f80b7578", "frozen":true, "embedded":true, "fstring":true, "bytesize":11, "value":"each_object", "encoding":"US-ASCII", "memsize":40, "flags":{"wb_protected":true, "old":true, "uncollectible":true, "marked":true}}
{"address":"0x7fb1f8047a48", "type":"STRING", "class":"0x7fb1f80b7578", "frozen":true, "embedded":true, "fstring":true, "bytesize":6, "value":"strict", "encoding":"US-ASCII", "memsize":40, "flags":{"wb_protected":true, "old":true, "uncollectible":true, "marked":true}}
{"address":"0x7fb1f8047a70", "type":"IMEMO", "class":"0x7fb1f8047ca0", "imemo_type":"ment", "memsize":48, "flags":{"wb_protected":true, "old":true, "uncollectible":true, "marked":true}}
{"address":"0x7fb1f8047a98", "type":"STRING", "class":"0x7fb1f80b7578", "frozen":true, "embedded":true, "fstring":true, "bytesize":10, "value":"total_time", "encoding":"US-ASCII", "memsize":40, "flags":{"wb_protected":true, "old":true, "uncollectible":true, "marked":true}}
{"address":"0x7fb1f8047ae8", "type":"IMEMO", "class":"0x7fb1f8047ca0", "imemo_type":"ment", "memsize":48, "flags":{"wb_protected":true, "old":true, "uncollectible":true, "marked":true}}
{"address":"0x7fb1f8047b10", "type":"STRING", "class":"0x7fb1f80b7578", "frozen":true, "embedded":true, "fstring":true, "bytesize":6, "value":"report", "encoding":"US-ASCII", "memsize":40, "flags":{"wb_protected":true, "old":true, "uncollectible":true, "marked":true}}
{"address":"0x7fb1f8047b38", "type":"STRING", "class":"0x7fb1f80b7578", "frozen":true, "embedded":true, "fstring":true, "bytesize":9, "value":"packaging", "encoding":"US-ASCII", "memsize":40, "flags":{"wb_protected":true, "old":true, "uncollectible":true, "marked":true}}
{"address":"0x7fb1f8047b60", "type":"IMEMO", "class":"0x7fb1f8047ca0", "imemo_type":"ment", "memsize":48, "flags":{"wb_protected":true, "old":true, "uncollectible":true, "marked":true}}
{"address":"0x7fb1f8047b88", "type":"IMEMO", "class":"0x7fb1f8047ca0", "imemo_type":"ment", "memsize":48, "flags":{"wb_protected":true, "old":true, "uncollectible":true, "marked":true}}
{"address":"0x7fb1f8047bb0", "type":"IMEMO", "class":"0x7fb1f8047ca0", "imemo_type":"ment", "memsize":48, "flags":{"wb_protected":true, "old":true, "uncollectible":true, "marked":true}}
{"address":"0x7fb1f8047bd8", "type":"IMEMO", "class":"0x7fb1f8047ca0", "imemo_type":"ment", "memsize":48, "flags":{"wb_protected":true, "old":true, "uncollectible":true, "marked":true}}
{"address":"0x7fb1f8047c00", "type":"STRING", "class":"0x7fb1f80b7578", "frozen":true, "embedded":true, "fstring":true, "bytesize":8, "value":"raw_data", "encoding":"US-ASCII", "memsize":40, "flags":{"wb_protected":true, "old":true, "uncollectible":true, "marked":true}}
{"address":"0x7fb1f8047c28", "type":"OBJECT", "class":"0x7fb1f8112db0", "ivars":49, "references":["0x7fb1f8044de8", "0x7fb1f8045860", "0x7fb1f8067aa0", "0x7fb1f8045838", "0x7fb1f804c390", "0x7fb1f80c55d8", "0x7fb1f8044e88", "0x7fb1f8046c88", "0x7fb1f8045dd8", "0x7fb1f8067d20", "0x7fb1f8047778", "0x7fb1f80476d8", "0x7fb1f80457e8", "0x7fb1f8047228", "0x7fb1f8047110", "0x7fb1f803f8c0", "0x7fb1f8045748", "0x7fb1f8045ec8", "0x7fb1f8046fa8", "0x7fb1f8046f30", "0x7fb1f8045ea0", "0x7fb1f80456f8", "0x7fb1f8046990", "0x7fb1f8046d78", "0x7fb1f80c6b68", "0x7fb1f8046cd8", "0x7fb1f80b4418"], "memsize":432, "flags":{"wb_protected":true, "old":true, "uncollectible":true, "marked":true}}
{"address":"0x7fb1f8047c50", "type":"IMEMO", "class":"0x7fb1f8047ca0", "imemo_type":"ment", "memsize":48, "flags":{"wb_protected":true, "old":true, "uncollectible":true, "marked":true}}
{"address":"0x7fb1f8047c78", "type":"IMEMO", "class":"0x7fb1f8047ca0", "imemo_type":"ment", "memsize":48, "flags":{"wb_protected":true, "old":true, "uncollectible":true, "marked":true}}
{"address":"0x7fb1f8047ca0", "type":"CLASS", "class":"0x7fb1f80bf6d8", "name":"Module", "references":["0x7fb1f80c51c8", "0x7fb1f8047c78", "0x7fb1f8047bd8", "0x7fb1f8047b60", "0x7fb1f8047c50", "0x7fb1f8047bb0", "0x7fb1f8047ae8", "0x7fb1f8047a70", "0x7fb1f8047b88", "0x7fb1f8047d18"], "memsize":720, "flags":{"wb_protected":true, "old":true, "uncollectible":true, "marked":true}}
{"address":"0x7fb1f8047cc8", "type":"STRING", "class":"0x7fb1f80b7578", "frozen":true, "embedded":true, "bytesize":12, "value":"GC::Profiler", "encoding":"US-ASCII", "memsize":40, "flags":{"wb_protected":true, "old":true, "uncollectible":true, "marked":true}}
{"address":"0x7fb1f8047cf0", "type":"STRING", "class":"0x7fb1f80b7578", "frozen":true, "embedded":true, "fstring":true, "bytesize":8, "value":"validate", "encoding":"US-ASCII", "memsize":40, "flags":{"wb_protected":true, "old":true, "uncollectible":true, "marked":true}}
{"address":"0x7fb1f8047d18", "type":"MODULE", "class":"0x7fb1f8047ca0", "name":"GC::Profiler", "references":["0x7fb1f8047cc8"], "memsize":464, "flags":{"wb_protected":true, "old":true, "uncollectible":true, "marked":true}}
{"address":"0x7fb1f8047d40", "type":"STRING", "class":"0x7fb1f80b7578", "frozen":true, "embedded":true, "fstring":true, "bytesize":8, "value":"Profiler", "encoding":"US-ASCII", "memsize":40, "flags":{"wb_protected":true, "old":true, "uncollectible":true, "marked":true}}
{"address":"0x7fb1f8047d68", "type":"REGEXP", "class":"0x7fb1f808ea60", "references":["0x7fb1f8047048"], "memsize":547, "flags":{"wb_protected":true, "old":true, "uncollectible":true, "marked":true}}
{"address":"0x7fb1f8047d90", "type":"STRING", "class":"0x7fb1f80b7578", "frozen":true, "embedded":true, "fstring":true, "bytesize":18, "value":"INTERNAL_CONSTANTS", "encoding":"US-ASCII", "memsize":40, "flags":{"wb_protected":true, "old":true, "uncollectible":true, "marked":true}}
{"address":"0x7fb1f8047de0", "type":"STRING", "class":"0x7fb1f80b7578", "frozen":true, "embedded":true, "fstring":true, "bytesize":23, "value":"HEAP_PAGE_BITMAP_PLANES", "encoding":"US-ASCII", "memsize":40, "flags":{"wb_protected":true, "old":true, "uncollectible":true, "marked":true}}
{"address":"0x7fb1f8047e30", "type":"STRING", "class":"0x7fb1f80b7578", "frozen":true, "embedded":true, "fstring":true, "bytesize":21, "value":"HEAP_PAGE_BITMAP_SIZE", "encoding":"US-ASCII", "memsize":40, "flags":{"wb_protected":true, "old":true, "uncollectible":true, "marked":true}}
{"address":"0x7fb1f8047e80", "type":"STRING", "class":"0x7fb1f80b7578", "frozen":true, "embedded":true, "fstring":true, "bytesize":19, "value":"HEAP_PAGE_OBJ_LIMIT", "encoding":"US-ASCII", "memsize":40, "flags":{"wb_protected":true, "old":true, "uncollectible":true, "marked":true}}
{"address":"0x7fb1f8047ea8", "type":"STRING", "class":"0x7fb1f80b7578", "frozen":true, "fstring":true, "bytesize":28, "value":"uninitialized class variable", "encoding":"US-ASCII", "memsize":69, "flags":{"wb_protected":true, "old":true, "uncollectible":true, "marked":true}}
{"address":"0x7fb1f8047ed0", "type":"STRING", "class":"0x7fb1f80b7578", "frozen":true, "embedded":true, "fstring":true, "bytesize":11, "value":"RVALUE_SIZE", "encoding":"US-ASCII", "memsize":40, "flags":{"wb_protected":true, "old":true, "uncollectible":true, "marked":true}}
{"address":"0x7fb1f8047ef8", "type":"STRING", "class":"0x7fb1f80b7578", "frozen":true, "embedded":true, "fstring":true, "bytesize":7, "value":"runtime", "encoding":"US-ASCII", "memsize":40, "flags":{"wb_protected":true, "old":true, "uncollectible":true, "marked":true}}
{"address":"0x7fb1f8047f20", "type":"HASH", "class":"0x7fb1f8095130", "frozen":true, "size":4, "memsize":168, "flags":{"wb_protected":true, "old":true, "uncollectible":true, "marked":true}}
{"address":"0x7fb1f8047f48", "type":"IMEMO", "class":"0x7fb1f8047f70", "imemo_type":"ment", "references":["0x7fb1f804c3b8", "0x7fb1f804c020"], "memsize":48, "flags":{"wb_protected":true, "old":true, "uncollectible":true, "marked":true}}
{"address":"0x7fb1f8047f70", "type":"CLASS", "class":"0x7fb1f80bf6d8", "name":"Module", "references":["0x7fb1f80c51c8", "0x7fb1f8110df8", "0x7fb1f8110a60", "0x7fb1f8110948", "0x7fb1f8110768", "0x7fb1f8110678", "0x7fb1f8110330", "0x7fb1f8103f68", "0x7fb1f8103db0", "0x7fb1f8103bd0", "0x7fb1f8047f48", "0x7fb1f8103b80", "0x7fb1f80479d0", "0x7fb1f8047930", "0x7fb1f8047890", "0x7fb1f80477f0", "0x7fb1f8110c90", "0x7fb1f8047660", "0x7fb1f8103b30", "0x7fb1f81133c8", "0x7fb1f8112608", "0x7fb1f8111fc8", "0x7fb1f8111e38", "0x7fb1f8111a78", "0x7fb1f8111910", "0x7fb1f81115f0", "0x7fb1f8111488", "0x7fb1f8111370", "0x7fb1f8111230", "0x7fb1f8111118", "0x7fb1f804c048"], "memsize":1488, "flags":{"wb_protected":true, "old":true, "uncollectible":true, "marked":true}}
{"address":"0x7fb1f8047f98", "type":"IMEMO", "imemo_type":"ment", "references":["0x7fb1f804c048", "0x7fb1f804c3b8", "0x7fb1f804c020"], "memsize":48, "flags":{"wb_protected":true, "old":true, "uncollectible":true, "marked":true}}
{"address":"0x7fb1f804c020", "type":"IMEMO", "class":"0x8", "imemo_type":"cref", "references":["0x7fb1f804c048", "0x7fb1f804c250"], "memsize":40, "flags":{"wb_protected":true, "old":true, "uncollectible":true, "marked":true}}
{"address":"0x7fb1f804c048", "type":"MODULE", "class":"0x7fb1f8047f70", "name":"ObjectSpace", "references":["0x7fb1f8110e48", "0x7fb1f8110a88", "0x7fb1f8110970", "0x7fb1f81108a8", "0x7fb1f81106a0", "0x7fb1f8110380", "0x7fb1f8110da8", "0x7fb1f8103e78", "0x7fb1f8103c20", "0x7fb1f8047f98", "0x7fb1f8103ba8", "0x7fb1f80479f8", "0x7fb1f8047958", "0x7fb1f80478b8", "0x7fb1f8047818", "0x7fb1f8110d30", "0x7fb1f8047688", "0x7fb1f8103b58", "0x7fb1f8113418", "0x7fb1f8112748", "0x7fb1f81120e0", "0x7fb1f8111eb0", "0x7fb1f8111b18", "0x7fb1f8111988", "0x7fb1f8111758", "0x7fb1f81114d8", "0x7fb1f81113c0", "0x7fb1f8111280", "0x7fb1f8111168", "0x7fb1f804c458", "0x7fb1f80475e8", "0x7fb1f804d240", "0x7fb1f8111078", "0x7fb1f8113648"], "memsize":1576, "flags":{"wb_protected":true, "old":true, "uncollectible":true, "marked":true}}
{"address":"0x7fb1f804c070", "type":"IMEMO", "class":"0x7fb1f804c200", "imemo_type":"ment", "references":["0x7fb1f804c598", "0x7fb1f804c228"], "memsize":48, "flags":{"wb_protected":true, "old":true, "uncollectible":true, "marked":true}}
{"address":"0x7fb1f804c098", "type":"IMEMO", "class":"0x7fb1f804c200", "imemo_type":"ment", "references":["0x7fb1f804c638", "0x7fb1f804c228"], "memsize":48, "flags":{"wb_protected":true, "old":true, "uncollectible":true, "marked":true}}
{"address":"0x7fb1f804c0c0", "type":"IMEMO", "class":"0x7fb1f804c200", "imemo_type":"ment", "references":["0x7fb1f804c7a0", "0x7fb1f804c228"], "memsize":48, "flags":{"wb_protected":true, "old":true, "uncollectible":true, "marked":true}}
{"address":"0x7fb1f804c0e8", "type":"IMEMO", "class":"0x7fb1f804c200", "imemo_type":"ment", "references":["0x7fb1f804c840", "0x7fb1f804c228"], "memsize":48, "flags":{"wb_protected":true, "old":true, "uncollectible":true, "marked":true}}
{"address":"0x7fb1f804c110", "type":"IMEMO", "class":"0x7fb1f804c200", "imemo_type":"ment", "references":["0x7fb1f804c958", "0x7fb1f804c228"], "memsize":48, "flags":{"wb_protected":true, "old":true, "uncollectible":true, "marked":true}}
{"address":"0x7fb1f804c138", "type":"IMEMO", "class":"0x7fb1f804c200", "imemo_type":"ment", "references":["0x7fb1f804ca48", "0x7fb1f804c228"], "memsize":48, "flags":{"wb_protected":true, "old":true, "uncollectible":true, "marked":true}}
{"address":"0x7fb1f804c160", "type":"IMEMO", "class":"0x7fb1f804c200", "imemo_type":"ment", "references":["0x7fb1f804cb38", "0x7fb1f804c228"], "memsize":48, "flags":{"wb_protected":true, "old":true, "uncollectible":true, "marked":true}}
{"address":"0x7fb1f804c188", "type":"IMEMO", "class":"0x7fb1f804c200", "imemo_type":"ment", "references":["0x7fb1f804cc28", "0x7fb1f804c228"], "memsize":48, "flags":{"wb_protected":true, "old":true, "uncollectible":true, "marked":true}}
{"address":"0x7fb1f804c1b0", "type":"IMEMO", "imemo_type":"ment", "references":["0x7fb1f804d100", "0x7fb1f804cd18", "0x7fb1f804c228"], "memsize":48, "flags":{"wb_protected":true, "old":true, "uncollectible":true, "marked":true}}
{"address":"0x7fb1f804c1d8", "type":"IMEMO", "class":"0x7fb1f804c200", "imemo_type":"ment", "references":["0x7fb1f804cfc0", "0x7fb1f804c228"], "memsize":48, "flags":{"wb_protected":true, "old":true, "uncollectible":true, "marked":true}}
{"address":"0x7fb1f804c200", "type":"CLASS", "class":"0x7fb1f80bf6d8", "name":"Module", "references":["0x7fb1f80c51c8", "0x7fb1f804c0e8", "0x7fb1f804c070", "0x7fb1f8047250", "0x7fb1f80471d8", "0x7fb1f80472c8", "0x7fb1f804c0c0", "0x7fb1f804c1d8", "0x7fb1f804c188", "0x7fb1f804c160", "0x7fb1f804c138", "0x7fb1f804c110", "0x7fb1f804c098", "0x7fb1f804d100"], "memsize":976, "flags":{"wb_protected":true, "old":true, "uncollectible":true, "marked":true}}
{"address":"0x7fb1f804c228", "type":"IMEMO", "class":"0x8", "imemo_type":"cref", "references":["0x7fb1f804d100", "0x7fb1f804c250"], "memsize":40, "flags":{"wb_protected":true, "old":true, "uncollectible":true, "marked":true}}
{"address":"0x7fb1f804c250", "type":"IMEMO", "class":"0x8", "imemo_type":"cref", "references":["0x7fb1f80c5240"], "memsize":40, "flags":{"wb_protected":true, "old":true, "uncollectible":true, "marked":true}}
{"address":"0x7fb1f804c278", "type":"ARRAY", "class":"0x7fb1f8097228", "length":1, "embedded":true, "references":["0x7fb1f8047070"], "memsize":40, "flags":{"wb_protected":true, "old":true, "uncollectible":true, "marked":true}}
{"address":"0x7fb1f804c2a0", "type":"STRING", "class":"0x7fb1f80b7578", "frozen":true, "fstring":true, "bytesize":54, "value":"The best way to manage your application's dependencies", "encoding":"UTF-8", "memsize":95, "flags":{"wb_protected":true, "old":true, "uncollectible":true, "marked":true}}
{"address":"0x7fb1f804c2c8", "type":"OBJECT", "class":"0x7fb1f80e0680", "ivars":3, "references":["0x7fb1f804c278"], "memsize":40, "flags":{"wb_protected":true, "old":true, "uncollectible":true, "marked":true}}
{"address":"0x7fb1f804c2f0", "type":"STRING", "class":"0x7fb1f80b7578", "frozen":true, "embedded":true, "fstring":true, "bytesize":22, "value":"add_runtime_dependency", "encoding":"US-ASCII", "memsize":40, "flags":{"wb_protected":true, "old":true, "uncollectible":true, "marked":true}}
{"address":"0x7fb1f804c318", "type":"STRING", "class":"0x7fb1f80b7578", "frozen":true, "embedded":true, "fstring":true, "bytesize":9, "value":"breakable", "encoding":"US-ASCII", "memsize":40, "flags":{"wb_protected":true, "old":true, "uncollectible":true, "marked":true}}
{"address":"0x7fb1f804c368", "type":"ARRAY", "class":"0x7fb1f8097228", "frozen":true, "length":2, "embedded":true, "references":["0x7fb1f804cde0"], "memsize":40, "flags":{"wb_protected":true, "old":true, "uncollectible":true, "marked":true}}
{"address":"0x7fb1f804c390", "type":"STRING", "class":"0x7fb1f80b7578", "frozen":true, "embedded":true, "fstring":true, "bytesize":18, "value":"https://bundler.io", "encoding":"UTF-8", "memsize":40, "flags":{"wb_protected":true, "old":true, "uncollectible":true, "marked":true}}
{"address":"0x7fb1f804c3b8", "type":"IMEMO", "imemo_type":"iseq", "references":["0x7fb1f804cd68", "0x7fb1f804cd68", "0x7fb1f804c368"], "memsize":480, "flags":{"wb_protected":true, "old":true, "uncollectible":true, "marked":true}}
{"address":"0x7fb1f804c3e0", "type":"OBJECT", "class":"0x7fb1fb02e860", "ivars":5, "references":["0x7fb1f804fb58", "0x7fb1f804c2c8", "0x7fb1f804c2c8"], "memsize":80, "flags":{"wb_protected":true, "old":true, "uncollectible":true, "marked":true}}
{"address":"0x7fb1f804c408", "type":"STRING", "class":"0x7fb1f80b7578", "frozen":true, "embedded":true, "fstring":true, "bytesize":15, "value":"libexec/bundler", "encoding":"UTF-8", "memsize":40, "flags":{"wb_protected":true, "old":true, "uncollectible":true, "marked":true}}
{"address":"0x7fb1f804c430", "type":"STRING", "class":"0x7fb1f80b7578", "frozen":true, "embedded":true, "fstring":true, "bytesize":14, "value":"libexec/bundle", "encoding":"UTF-8", "memsize":40, "flags":{"wb_protected":true, "old":true, "uncollectible":true, "marked":true}}
{"address":"0x7fb1f804c458", "type":"STRING", "class":"0x7fb1f80b7578", "frozen":true, "embedded":true, "fstring":true, "bytesize":11, "value":"ObjectSpace", "encoding":"US-ASCII", "memsize":40, "flags":{"wb_protected":true, "old":true, "uncollectible":true, "marked":true}}
{"address":"0x7fb1f804c480", "type":"STRING", "class":"0x7fb1f80b7578", "frozen":true, "fstring":true, "bytesize":26, "value":"bundler/yaml_serializer.rb", "encoding":"UTF-8", "memsize":67, "flags":{"wb_protected":true, "old":true, "uncollectible":true, "marked":true}}
{"address":"0x7fb1f804c4a8", "type":"STRING", "class":"0x7fb1f80b7578", "frozen":true, "embedded":true, "fstring":true, "bytesize":17, "value":"bundler/worker.rb", "encoding":"UTF-8", "memsize":40, "flags":{"wb_protected":true, "old":true, "uncollectible":true, "marked":true}}
{"address":"0x7fb1f804c4d0", "type":"STRING", "class":"0x7fb1f80b7578", "frozen":true, "embedded":true, "fstring":true, "bytesize":15, "value":"bundler/vlad.rb", "encoding":"UTF-8", "memsize":40, "flags":{"wb_protected":true, "old":true, "uncollectible":true, "marked":true}}
{"address":"0x7fb1f804c4f8", "type":"STRING", "class":"0x7fb1f80b7578", "frozen":true, "embedded":true, "fstring":true, "bytesize":1, "value":"q", "encoding":"US-ASCII", "memsize":40, "flags":{"wb_protected":true, "old":true, "uncollectible":true, "marked":true}}
{"address":"0x7fb1f804c520", "type":"STRING", "class":"0x7fb1f80b7578", "frozen":true, "fstring":true, "bytesize":25, "value":"bundler/version_ranges.rb", "encoding":"UTF-8", "memsize":66, "flags":{"wb_protected":true, "old":true, "uncollectible":true, "marked":true}}
{"address":"0x7fb1f804c548", "type":"ARRAY", "class":"0x7fb1f8097228", "frozen":true, "length":2, "embedded":true, "references":["0x7fb1f804cde0"], "memsize":40, "flags":{"wb_protected":true, "old":true, "uncollectible":true, "marked":true}}
{"address":"0x7fb1f804c570", "type":"STRING", "class":"0x7fb1f80b7578", "shared":true, "encoding":"UTF-8", "references":["0x7fb1f8054b08"], "memsize":40, "flags":{"wb_protected":true, "old":true, "uncollectible":true, "marked":true}}
{"address":"0x7fb1f804c598", "type":"IMEMO", "imemo_type":"iseq", "references":["0x7fb1f8095ae0", "0x7fb1f8095ae0", "0x7fb1f804c548"], "memsize":392, "flags":{"wb_protected":true, "old":true, "uncollectible":true, "marked":true}}
{"address":"0x7fb1f804c5c0", "type":"STRING", "class":"0x7fb1f80b7578", "frozen":true, "embedded":true, "fstring":true, "bytesize":11, "value":"development", "encoding":"US-ASCII", "memsize":40, "flags":{"wb_protected":true, "old":true, "uncollectible":true, "marked":true}}
{"address":"0x7fb1f804c5e8", "type":"ARRAY", "class":"0x7fb1f8097228", "frozen":true, "length":2, "embedded":true, "references":["0x7fb1f804cde0"], "memsize":40, "flags":{"wb_protected":true, "old":true, "uncollectible":true, "marked":true}}
{"address":"0x7fb1f804c610", "type":"STRING", "class":"0x7fb1f80b7578", "frozen":true, "embedded":true, "fstring":true, "bytesize":12, "value":"pretty_print", "encoding":"US-ASCII", "memsize":40, "flags":{"wb_protected":true, "old":true, "uncollectible":true, "marked":true}}
{"address":"0x7fb1f804c638", "type":"IMEMO", "imemo_type":"iseq", "references":["0x7fb1f804c688", "0x7fb1f804c688", "0x7fb1f804c5e8"], "memsize":444, "flags":{"wb_protected":true, "old":true, "uncollectible":true, "marked":true}}
{"address":"0x7fb1f804c660", "type":"STRING", "class":"0x7fb1f80b7578", "frozen":true, "fstring":true, "bytesize":24, "value":"add_dependency_with_type", "encoding":"US-ASCII", "memsize":65, "flags":{"wb_protected":true, "old":true, "uncollectible":true, "marked":true}}
{"address":"0x7fb1f804c688", "type":"STRING", "class":"0x7fb1f80b7578", "frozen":true, "embedded":true, "fstring":true, "bytesize":14, "value":"latest_gc_info", "encoding":"US-ASCII", "memsize":40, "flags":{"wb_protected":true, "old":true, "uncollectible":true, "marked":true}}
{"address":"0x7fb1f804c6b0", "type":"STRING", "class":"0x7fb1f80b7578", "frozen":true, "embedded":true, "fstring":true, "bytesize":18, "value":"bundler/version.rb", "encoding":"UTF-8", "memsize":40, "flags":{"wb_protected":true, "old":true, "uncollectible":true, "marked":true}}
{"address":"0x7fb1f804c6d8", "type":"ARRAY", "class":"0x7fb1f8097228", "frozen":true, "length":2, "embedded":true, "references":["0x7fb1f804cde0"], "memsize":40, "flags":{"wb_protected":true, "old":true, "uncollectible":true, "marked":true}}
{"address":"0x7fb1f804c700", "type":"STRING", "class":"0x7fb1f80b7578", "frozen":true, "embedded":true, "fstring":true, "bytesize":23, "value":"bundler/vendored_uri.rb", "encoding":"UTF-8", "memsize":40, "flags":{"wb_protected":true, "old":true, "uncollectible":true, "marked":true}}
{"address":"0x7fb1f804c728", "type":"STRING", "class":"0x7fb1f80b7578", "frozen":true, "fstring":true, "bytesize":24, "value":"bundler/vendored_thor.rb", "encoding":"UTF-8", "memsize":65, "flags":{"wb_protected":true, "old":true, "uncollectible":true, "marked":true}}
{"address":"0x7fb1f804c750", "type":"STRING", "class":"0x7fb1f80b7578", "frozen":true, "embedded":true, "fstring":true, "bytesize":11, "value":"hash_or_key", "encoding":"US-ASCII", "memsize":40, "flags":{"wb_protected":true, "old":true, "uncollectible":true, "marked":true}}
{"address":"0x7fb1f804c778", "type":"STRING", "class":"0x7fb1f80b7578", "frozen":true, "fstring":true, "bytesize":26, "value":"add_development_dependency", "encoding":"US-ASCII", "memsize":67, "flags":{"wb_protected":true, "old":true, "uncollectible":true, "marked":true}}
{"address":"0x7fb1f804c7a0", "type":"IMEMO", "imemo_type":"iseq", "references":["0x7fb1f807de40", "0x7fb1f807de40", "0x7fb1f804c6d8"], "memsize":444, "flags":{"wb_protected":true, "old":true, "uncollectible":true, "marked":true}}
{"address":"0x7fb1f804c7c8", "type":"STRING", "class":"0x7fb1f80b7578", "frozen":true, "fstring":true, "bytesize":30, "value":"bundler/vendored_persistent.rb", "encoding":"UTF-8", "memsize":71, "flags":{"wb_protected":true, "old":true, "uncollectible":true, "marked":true}}
{"address":"0x7fb1f804c7f0", "type":"ARRAY", "class":"0x7fb1f8097228", "frozen":true, "length":2, "embedded":true, "references":["0x7fb1f804cde0"], "memsize":40, "flags":{"wb_protected":true, "old":true, "uncollectible":true, "marked":true}}
{"address":"0x7fb1f804c818", "type":"ARRAY", "class":"0x7fb1f8097228", "length":2, "embedded":true, "references":["0x7fb1f804c8b8", "0x7fb1f80f9838"], "memsize":40, "flags":{"wb_protected":true, "old":true, "uncollectible":true, "marked":true}}
{"address":"0x7fb1f804c840", "type":"IMEMO", "imemo_type":"iseq", "references":["0x7fb1f80bcc30", "0x7fb1f80bcc30", "0x7fb1f804c7f0"], "memsize":392, "flags":{"wb_protected":true, "old":true, "uncollectible":true, "marked":true}}
{"address":"0x7fb1f804c868", "type":"STRING", "class":"0x7fb1f80b7578", "frozen":true, "fstring":true, "bytesize":29, "value":"bundler/vendored_molinillo.rb", "encoding":"UTF-8", "memsize":70, "flags":{"wb_protected":true, "old":true, "uncollectible":true, "marked":true}}
{"address":"0x7fb1f804c890", "type":"ARRAY", "class":"0x7fb1f8097228", "frozen":true, "length":2, "embedded":true, "references":["0x7fb1f804cde0"], "memsize":40, "flags":{"wb_protected":true, "old":true, "uncollectible":true, "marked":true}}
{"address":"0x7fb1f804c8b8", "type":"STRING", "class":"0x7fb1f80b7578", "embedded":true, "bytesize":2, "value":">=", "encoding":"UTF-8", "memsize":40, "flags":{"wb_protected":true, "old":true, "uncollectible":true, "marked":true}}
{"address":"0x7fb1f804c8e0", "type":"STRING", "class":"0x7fb1f80b7578", "frozen":true, "fstring":true, "bytesize":29, "value":"bundler/vendored_fileutils.rb", "encoding":"UTF-8", "memsize":70, "flags":{"wb_protected":true, "old":true, "uncollectible":true, "marked":true}}
{"address":"0x7fb1f804c908", "type":"STRING", "class":"0x7fb1f80b7578", "frozen":true, "embedded":true, "fstring":true, "bytesize":4, "value":"flag", "encoding":"US-ASCII", "memsize":40, "flags":{"wb_protected":true, "old":true, "uncollectible":true, "marked":true}}
{"address":"0x7fb1f804c930", "type":"STRING", "class":"0x7fb1f80b7578", "frozen":true, "fstring":true, "bytesize":37, "value":"bundler/vendor/uri/lib/uri/version.rb", "encoding":"UTF-8", "memsize":78, "flags":{"wb_protected":true, "old":true, "uncollectible":true, "marked":true}}
{"address":"0x7fb1f804c958", "type":"IMEMO", "imemo_type":"iseq", "references":["0x7fb1f804c9a8", "0x7fb1f804c9a8", "0x7fb1f804c890"], "memsize":400, "flags":{"wb_protected":true, "old":true, "uncollectible":true, "marked":true}}
{"address":"0x7fb1f804c980", "type":"STRING", "class":"0x7fb1f80b7578", "frozen":true, "fstring":true, "bytesize":44, "value":"bundler/vendor/uri/lib/uri/rfc3986_parser.rb", "encoding":"UTF-8", "memsize":85, "flags":{"wb_protected":true, "old":true, "uncollectible":true, "marked":true}}
{"address":"0x7fb1f804c9a8", "type":"STRING", "class":"0x7fb1f80b7578", "frozen":true, "embedded":true, "fstring":true, "bytesize":7, "value":"stress=", "encoding":"US-ASCII", "memsize":40, "flags":{"wb_protected":true, "old":true, "uncollectible":true, "marked":true}}
{"address":"0x7fb1f804c9d0", "type":"STRING", "class":"0x7fb1f80b7578", "frozen":true, "fstring":true, "bytesize":44, "value":"bundler/vendor/uri/lib/uri/rfc2396_parser.rb", "encoding":"UTF-8", "memsize":85, "flags":{"wb_protected":true, "old":true, "uncollectible":true, "marked":true}}
{"address":"0x7fb1f804c9f8", "type":"ARRAY", "class":"0x7fb1f8097228", "frozen":true, "length":2, "embedded":true, "references":["0x7fb1f804cde0"], "memsize":40, "flags":{"wb_protected":true, "old":true, "uncollectible":true, "marked":true}}
{"address":"0x7fb1f804ca20", "type":"STRING", "class":"0x7fb1f80b7578", "frozen":true, "fstring":true, "bytesize":36, "value":"bundler/vendor/uri/lib/uri/mailto.rb", "encoding":"UTF-8", "memsize":77, "flags":{"wb_protected":true, "old":true, "uncollectible":true, "marked":true}}
{"address":"0x7fb1f804ca48", "type":"IMEMO", "imemo_type":"iseq", "references":["0x7fb1f804ca98", "0x7fb1f804ca98", "0x7fb1f804c9f8"], "memsize":392, "flags":{"wb_protected":true, "old":true, "uncollectible":true, "marked":true}}
{"address":"0x7fb1f804ca70", "type":"STRING", "class":"0x7fb1f80b7578", "frozen":true, "fstring":true, "bytesize":35, "value":"bundler/vendor/uri/lib/uri/ldaps.rb", "encoding":"UTF-8", "memsize":76, "flags":{"wb_protected":true, "old":true, "uncollectible":true, "marked":true}}
{"address":"0x7fb1f804ca98", "type":"STRING", "class":"0x7fb1f80b7578", "frozen":true, "embedded":true, "fstring":true, "bytesize":6, "value":"stress", "encoding":"US-ASCII", "memsize":40, "flags":{"wb_protected":true, "old":true, "uncollectible":true, "marked":true}}
{"address":"0x7fb1f804cac0", "type":"ARRAY", "class":"0x7fb1f8097228", "length":1, "embedded":true, "references":["0x7fb1f804c818"], "memsize":40, "flags":{"wb_protected":true, "old":true, "uncollectible":true, "marked":true}}
{"address":"0x7fb1f804cae8", "type":"ARRAY", "class":"0x7fb1f8097228", "frozen":true, "length":2, "embedded":true, "references":["0x7fb1f804cde0"], "memsize":40, "flags":{"wb_protected":true, "old":true, "uncollectible":true, "marked":true}}
{"address":"0x7fb1f804cb10", "type":"STRING", "class":"0x7fb1f80b7578", "frozen":true, "fstring":true, "bytesize":34, "value":"bundler/vendor/uri/lib/uri/ldap.rb", "encoding":"UTF-8", "memsize":75, "flags":{"wb_protected":true, "old":true, "uncollectible":true, "marked":true}}
{"address":"0x7fb1f804cb38", "type":"IMEMO", "imemo_type":"iseq", "references":["0x7fb1f804cb88", "0x7fb1f804cb88", "0x7fb1f804cae8"], "memsize":392, "flags":{"wb_protected":true, "old":true, "uncollectible":true, "marked":true}}
{"address":"0x7fb1f804cb60", "type":"OBJECT", "class":"0x7fb1f80e0680", "ivars":3, "references":["0x7fb1f804cac0"], "memsize":40, "flags":{"wb_protected":true, "old":true, "uncollectible":true, "marked":true}}
{"address":"0x7fb1f804cb88", "type":"STRING", "class":"0x7fb1f80b7578", "frozen":true, "embedded":true, "fstring":true, "bytesize":7, "value":"disable", "encoding":"US-ASCII", "memsize":40, "flags":{"wb_protected":true, "old":true, "uncollectible":true, "marked":true}}
{"address":"0x7fb1f804cbb0", "type":"ARRAY", "class":"0x7fb1f8097228", "length":1, "embedded":true, "references":["0x7fb1f804fbf8"], "memsize":40, "flags":{"wb_protected":true, "old":true, "uncollectible":true, "marked":true}}
{"address":"0x7fb1f804cbd8", "type":"ARRAY", "class":"0x7fb1f8097228", "frozen":true, "length":2, "embedded":true, "references":["0x7fb1f804cde0"], "memsize":40, "flags":{"wb_protected":true, "old":true, "uncollectible":true, "marked":true}}
{"address":"0x7fb1f804cc00", "type":"STRING", "class":"0x7fb1f80b7578", "frozen":true, "fstring":true, "bytesize":35, "value":"bundler/vendor/uri/lib/uri/https.rb", "encoding":"UTF-8", "memsize":76, "flags":{"wb_protected":true, "old":true, "uncollectible":true, "marked":true}}
{"address":"0x7fb1f804cc28", "type":"IMEMO", "imemo_type":"iseq", "references":["0x7fb1f804cc78", "0x7fb1f804cc78", "0x7fb1f804cbd8"], "memsize":392, "flags":{"wb_protected":true, "old":true, "uncollectible":true, "marked":true}}
{"address":"0x7fb1f804cc50", "type":"ARRAY", "class":"0x7fb1f8097228", "length":1, "embedded":true, "references":["0x7fb1f803e330"], "memsize":40, "flags":{"wb_protected":true, "old":true, "uncollectible":true, "marked":true}}
{"address":"0x7fb1f804cc78", "type":"STRING", "class":"0x7fb1f80b7578", "frozen":true, "embedded":true, "fstring":true, "bytesize":6, "value":"enable", "encoding":"US-ASCII", "memsize":40, "flags":{"wb_protected":true, "old":true, "uncollectible":true, "marked":true}}
{"address":"0x7fb1f804cca0", "type":"DATA", "class":"0x7fb1f80760c8", "struct":"time", "references":["0x7fb1f8112a90"], "memsize":86, "flags":{"uncollectible":true, "marked":true}}
{"address":"0x7fb1f804ccc8", "type":"ARRAY", "class":"0x7fb1f8097228", "frozen":true, "length":2, "embedded":true, "references":["0x7fb1f804cde0"], "memsize":40, "flags":{"wb_protected":true, "old":true, "uncollectible":true, "marked":true}}
{"address":"0x7fb1f804ccf0", "type":"STRING", "class":"0x7fb1f80b7578", "frozen":true, "fstring":true, "bytesize":34, "value":"bundler/vendor/uri/lib/uri/http.rb", "encoding":"UTF-8", "memsize":75, "flags":{"wb_protected":true, "old":true, "uncollectible":true, "marked":true}}
{"address":"0x7fb1f804cd18", "type":"IMEMO", "imemo_type":"iseq", "references":["0x7fb1f804cd68", "0x7fb1f804cd68", "0x7fb1f804ccc8"], "memsize":480, "flags":{"wb_protected":true, "old":true, "uncollectible":true, "marked":true}}
{"address":"0x7fb1f804cd40", "type":"STRING", "class":"0x7fb1f80b7578", "frozen":true, "fstring":true, "bytesize":37, "value":"bundler/vendor/uri/lib/uri/generic.rb", "encoding":"UTF-8", "memsize":78, "flags":{"wb_protected":true, "old":true, "uncollectible":true, "marked":true}}
{"address":"0x7fb1f804cd68", "type":"STRING", "class":"0x7fb1f80b7578", "frozen":true, "embedded":true, "fstring":true, "bytesize":15, "value":"garbage_collect", "encoding":"US-ASCII", "memsize":40, "flags":{"wb_protected":true, "old":true, "uncollectible":true, "marked":true}}
{"address":"0x7fb1f804cd90", "type":"STRING", "class":"0x7fb1f80b7578", "frozen":true, "fstring":true, "bytesize":33, "value":"bundler/vendor/uri/lib/uri/ftp.rb", "encoding":"UTF-8", "memsize":74, "flags":{"wb_protected":true, "old":true, "uncollectible":true, "marked":true}}
{"address":"0x7fb1f804cdb8", "type":"ARRAY", "class":"0x7fb1f8097228", "frozen":true, "length":2, "embedded":true, "references":["0x7fb1f804cde0"], "memsize":40, "flags":{"wb_protected":true, "old":true, "uncollectible":true, "marked":true}}
{"address":"0x7fb1f804cde0", "type":"STRING", "class":"0x7fb1f80b7578", "frozen":true, "embedded":true, "fstring":true, "bytesize":13, "value":"<internal:gc>", "encoding":"US-ASCII", "memsize":40, "flags":{"wb_protected":true, "old":true, "uncollectible":true, "marked":true}}
{"address":"0x7fb1f804ce08", "type":"STRING", "class":"0x7fb1f80b7578", "frozen":true, "fstring":true, "bytesize":34, "value":"bundler/vendor/uri/lib/uri/file.rb", "encoding":"UTF-8", "memsize":75, "flags":{"wb_protected":true, "old":true, "uncollectible":true, "marked":true}}
{"address":"0x7fb1f804ce30", "type":"STRING", "class":"0x7fb1f80b7578", "frozen":true, "fstring":true, "bytesize":36, "value":"bundler/vendor/uri/lib/uri/common.rb", "encoding":"UTF-8", "memsize":77, "flags":{"wb_protected":true, "old":true, "uncollectible":true, "marked":true}}
{"address":"0x7fb1f804ce58", "type":"STRING", "class":"0x7fb1f80b7578", "frozen":true, "fstring":true, "bytesize":29, "value":"bundler/vendor/uri/lib/uri.rb", "encoding":"UTF-8", "memsize":70, "flags":{"wb_protected":true, "old":true, "uncollectible":true, "marked":true}}
{"address":"0x7fb1f804ce80", "type":"STRING", "class":"0x7fb1f80b7578", "frozen":true, "embedded":true, "fstring":true, "bytesize":15, "value":"immediate_sweep", "encoding":"US-ASCII", "memsize":40, "flags":{"wb_protected":true, "old":true, "uncollectible":true, "marked":true}}
{"address":"0x7fb1f804cea8", "type":"STRING", "class":"0x7fb1f80b7578", "frozen":true, "fstring":true, "bytesize":39, "value":"bundler/vendor/thor/lib/thor/version.rb", "encoding":"UTF-8", "memsize":80, "flags":{"wb_protected":true, "old":true, "uncollectible":true, "marked":true}}
{"address":"0x7fb1f804ced0", "type":"STRING", "class":"0x7fb1f80b7578", "frozen":true, "fstring":true, "bytesize":36, "value":"bundler/vendor/thor/lib/thor/util.rb", "encoding":"UTF-8", "memsize":77, "flags":{"wb_protected":true, "old":true, "uncollectible":true, "marked":true}}
{"address":"0x7fb1f804cef8", "type":"STRING", "class":"0x7fb1f80b7578", "frozen":true, "embedded":true, "fstring":true, "bytesize":14, "value":"immediate_mark", "encoding":"US-ASCII", "memsize":40, "flags":{"wb_protected":true, "old":true, "uncollectible":true, "marked":true}}
{"address":"0x7fb1f804cf20", "type":"STRING", "class":"0x7fb1f80b7578", "frozen":true, "fstring":true, "bytesize":42, "value":"bundler/vendor/thor/lib/thor/shell/html.rb", "encoding":"UTF-8", "memsize":83, "flags":{"wb_protected":true, "old":true, "uncollectible":true, "marked":true}}
{"address":"0x7fb1f804cf48", "type":"ARRAY", "class":"0x7fb1f8097228", "length":1, "embedded":true, "references":["0x7fb1f800cfb0"], "memsize":40, "flags":{"wb_protected":true, "old":true, "uncollectible":true, "marked":true}}
{"address":"0x7fb1f804cf70", "type":"STRING", "class":"0x7fb1f80b7578", "frozen":true, "embedded":true, "fstring":true, "bytesize":9, "value":"full_mark", "encoding":"US-ASCII", "memsize":40, "flags":{"wb_protected":true, "old":true, "uncollectible":true, "marked":true}}
{"address":"0x7fb1f804cf98", "type":"STRING", "class":"0x7fb1f80b7578", "frozen":true, "fstring":true, "bytesize":43, "value":"bundler/vendor/thor/lib/thor/shell/color.rb", "encoding":"UTF-8", "memsize":84, "flags":{"wb_protected":true, "old":true, "uncollectible":true, "marked":true}}
{"address":"0x7fb1f804cfc0", "type":"IMEMO", "imemo_type":"iseq", "references":["0x7fb1f805eab8", "0x7fb1f805eab8", "0x7fb1f804cdb8"], "memsize":480, "flags":{"wb_protected":true, "old":true, "uncollectible":true, "marked":true}}
{"address":"0x7fb1f804cfe8", "type":"STRING", "class":"0x7fb1f80b7578", "frozen":true, "fstring":true, "bytesize":43, "value":"bundler/vendor/thor/lib/thor/shell/basic.rb", "encoding":"UTF-8", "memsize":84, "flags":{"wb_protected":true, "old":true, "uncollectible":true, "marked":true}}
{"address":"0x7fb1f804d010", "type":"ARRAY", "class":"0x7fb1f8097228", "length":1, "embedded":true, "references":["0x7fb1f80b6ab0"], "memsize":40, "flags":{"wb_protected":true, "old":true, "uncollectible":true, "marked":true}}
{"address":"0x7fb1f804d038", "type":"STRING", "class":"0x7fb1f80b7578", "frozen":true, "fstring":true, "bytesize":37, "value":"bundler/vendor/thor/lib/thor/shell.rb", "encoding":"UTF-8", "memsize":78, "flags":{"wb_protected":true, "old":true, "uncollectible":true, "marked":true}}
{"address":"0x7fb1f804d060", "type":"STRING", "class":"0x7fb1f80b7578", "frozen":true, "fstring":true, "bytesize":38, "value":"bundler/vendor/thor/lib/thor/runner.rb", "encoding":"UTF-8", "memsize":79, "flags":{"wb_protected":true, "old":true, "uncollectible":true, "marked":true}}
{"address":"0x7fb1f804d088", "type":"STRING", "class":"0x7fb1f80b7578", "frozen":true, "fstring":true, "bytesize":43, "value":"bundler/vendor/thor/lib/thor/rake_compat.rb", "encoding":"UTF-8", "memsize":84, "flags":{"wb_protected":true, "old":true, "uncollectible":true, "marked":true}}
{"address":"0x7fb1f804d0b0", "type":"STRING", "class":"0x7fb1f80b7578", "frozen":true, "fstring":true, "bytesize":46, "value":"bundler/vendor/thor/lib/thor/parser/options.rb", "encoding":"UTF-8", "memsize":87, "flags":{"wb_protected":true, "old":true, "uncollectible":true, "marked":true}}
{"address":"0x7fb1f804d0d8", "type":"STRING", "class":"0x7fb1f80b7578", "frozen":true, "fstring":true, "bytesize":45, "value":"bundler/vendor/thor/lib/thor/parser/option.rb", "encoding":"UTF-8", "memsize":86, "flags":{"wb_protected":true, "old":true, "uncollectible":true, "marked":true}}
{"address":"0x7fb1f804d100", "type":"MODULE", "class":"0x7fb1f804c200", "name":"GC", "references":["0x7fb1f804c1b0", "0x7fb1f804d128", "0x7fb1f8047f20", "0x7fb1f804d240", "0x7fb1f8047d18", "0x7fb1f804d240", "0x7fb1f80471b0", "0x7fb1f804d240"], "memsize":616, "flags":{"wb_protected":true, "old":true, "uncollectible":true, "marked":true}}
{"address":"0x7fb1f804d128", "type":"STRING", "class":"0x7fb1f80b7578", "frozen":true, "embedded":true, "fstring":true, "bytesize":2, "value":"GC", "encoding":"US-ASCII", "memsize":40, "flags":{"wb_protected":true, "old":true, "uncollectible":true, "marked":true}}
{"address":"0x7fb1f804d150", "type":"ARRAY", "class":"0x7fb1f8097228", "length":1, "embedded":true, "references":["0x7fb1f80f3780"], "memsize":40, "flags":{"wb_protected":true, "old":true, "uncollectible":true, "marked":true}}
{"address":"0x7fb1f804d178", "type":"STRING", "class":"0x7fb1f80b7578", "frozen":true, "fstring":true, "bytesize":48, "value":"bundler/vendor/thor/lib/thor/parser/arguments.rb", "encoding":"UTF-8", "memsize":89, "flags":{"wb_protected":true, "old":true, "uncollectible":true, "marked":true}}
{"address":"0x7fb1f804d1a0", "type":"STRING", "class":"0x7fb1f80b7578", "frozen":true, "fstring":true, "bytesize":17, "value":"ruby2_keywords.rb", "encoding":"US-ASCII", "memsize":40, "flags":{"wb_protected":true, "old":true, "uncollectible":true, "marked":true}}
{"address":"0x7fb1f804d1c8", "type":"STRING", "class":"0x7fb1f80b7578", "frozen":true, "embedded":true, "fstring":true, "bytesize":19, "value":"RUBY_ENGINE_VERSION", "encoding":"US-ASCII", "memsize":40, "flags":{"wb_protected":true, "old":true, "uncollectible":true, "marked":true}}
{"address":"0x7fb1f804d1f0", "type":"OBJECT", "class":"0x7fb1f80e0680", "ivars":3, "references":["0x7fb1f804d150"], "memsize":40, "flags":{"wb_protected":true, "old":true, "uncollectible":true, "marked":true}}
{"address":"0x7fb1f804d218", "type":"STRING", "class":"0x7fb1f80b7578", "frozen":true, "embedded":true, "fstring":true, "bytesize":14, "value":"@require_paths", "encoding":"US-ASCII", "memsize":40, "flags":{"wb_protected":true, "old":true, "uncollectible":true, "marked":true}}
{"address":"0x7fb1f804d240", "type":"STRING", "class":"0x7fb1f80b7578", "frozen":true, "embedded":true, "fstring":true, "bytesize":4, "value":"ruby", "encoding":"US-ASCII", "memsize":40, "flags":{"wb_protected":true, "old":true, "uncollectible":true, "marked":true}}
{"address":"0x7fb1f804d268", "type":"STRING", "class":"0x7fb1f80b7578", "frozen":true, "fstring":true, "bytesize":47, "value":"bundler/vendor/thor/lib/thor/parser/argument.rb", "encoding":"UTF-8", "memsize":88, "flags":{"wb_protected":true, "old":true, "uncollectible":true, "marked":true}}
{"address":"0x7fb1f804d290", "type":"STRING", "class":"0x7fb1f80b7578", "frozen":true, "embedded":true, "fstring":true, "bytesize":9, "value":"NameTuple", "encoding":"US-ASCII", "memsize":40, "flags":{"wb_protected":true, "old":true, "uncollectible":true, "marked":true}}
{"address":"0x7fb1f804d2b8", "type":"STRING", "class":"0x7fb1f80b7578", "frozen":true, "embedded":true, "fstring":true, "bytesize":11, "value":"RUBY_ENGINE", "encoding":"US-ASCII", "memsize":40, "flags":{"wb_protected":true, "old":true, "uncollectible":true, "marked":true}}
{"address":"0x7fb1f804d2e0", "type":"STRING", "class":"0x7fb1f80b7578", "embedded":true, "bytesize":5, "value":"0.1.3", "encoding":"UTF-8", "memsize":40, "flags":{"wb_protected":true, "old":true, "uncollectible":true, "marked":true}}
{"address":"0x7fb1f804d308", "type":"STRING", "class":"0x7fb1f80b7578", "frozen":true, "bytesize":4, "value":"ruby", "encoding":"US-ASCII", "memsize":40, "flags":{"wb_protected":true, "old":true, "uncollectible":true, "marked":true}}
{"address":"0x7fb1f804d330", "type":"STRING", "class":"0x7fb1f80b7578", "frozen":true, "embedded":true, "fstring":true, "bytesize":14, "value":"RUBY_COPYRIGHT", "encoding":"US-ASCII", "memsize":40, "flags":{"wb_protected":true, "old":true, "uncollectible":true, "marked":true}}
{"address":"0x7fb1f804d358", "type":"STRING", "class":"0x7fb1f80b7578", "frozen":true, "embedded":true, "fstring":true, "bytesize":14, "value":"require_paths=", "encoding":"US-ASCII", "memsize":40, "flags":{"wb_protected":true, "old":true, "uncollectible":true, "marked":true}}
{"address":"0x7fb1f804d380", "type":"STRING", "class":"0x7fb1f80b7578", "frozen":true, "bytesize":49, "value":"ruby - Copyright (C) 1993-2020 Yukihiro Matsumoto", "encoding":"US-ASCII", "memsize":40, "flags":{"wb_protected":true, "old":true, "uncollectible":true, "marked":true}}
{"address":"0x7fb1f804d3a8", "type":"STRING", "class":"0x7fb1f80b7578", "frozen":true, "embedded":true, "fstring":true, "bytesize":13, "value":"RUBY_REVISION", "encoding":"US-ASCII", "memsize":40, "flags":{"wb_protected":true, "old":true, "uncollectible":true, "marked":true}}
{"address":"0x7fb1f804d3d0", "type":"STRING", "class":"0x7fb1f80b7578", "frozen":true, "fstring":true, "bytesize":38, "value":"bundler/vendor/thor/lib/thor/parser.rb", "encoding":"UTF-8", "memsize":79, "flags":{"wb_protected":true, "old":true, "uncollectible":true, "marked":true}}
{"address":"0x7fb1f804d3f8", "type":"STRING", "class":"0x7fb1f80b7578", "frozen":true, "bytesize":40, "value":"a0c7c23c9cec0d0ffcba012279cd652d28ad5bf3", "encoding":"US-ASCII", "memsize":40, "flags":{"wb_protected":true, "old":true, "uncollectible":true, "marked":true}}
{"address":"0x7fb1f804d420", "type":"STRING", "class":"0x7fb1f80b7578", "frozen":true, "embedded":true, "fstring":true, "bytesize":15, "value":"RUBY_PATCHLEVEL", "encoding":"US-ASCII", "memsize":40, "flags":{"wb_protected":true, "old":true, "uncollectible":true, "marked":true}}
{"address":"0x7fb1f804d448", "type":"STRING", "class":"0x7fb1f80b7578", "frozen":true, "fstring":true, "bytesize":46, "value":"bundler/vendor/thor/lib/thor/nested_context.rb", "encoding":"UTF-8", "memsize":87, "flags":{"wb_protected":true, "old":true, "uncollectible":true, "marked":true}}
{"address":"0x7fb1f804d470", "type":"STRING", "class":"0x7fb1f80b7578", "frozen":true, "embedded":true, "fstring":true, "bytesize":13, "value":"RUBY_PLATFORM", "encoding":"US-ASCII", "memsize":40, "flags":{"wb_protected":true, "old":true, "uncollectible":true, "marked":true}}
{"address":"0x7fb1f804d498", "type":"STRING", "class":"0x7fb1f80b7578", "frozen":true, "fstring":true, "bytesize":52, "value":"bundler/vendor/thor/lib/thor/line_editor/readline.rb", "encoding":"UTF-8", "memsize":93, "flags":{"wb_protected":true, "old":true, "uncollectible":true, "marked":true}}
{"address":"0x7fb1f804d4c0", "type":"STRING", "class":"0x7fb1f80b7578", "frozen":true, "bytesize":15, "value":"x86_64-darwin17", "encoding":"US-ASCII", "memsize":40, "flags":{"wb_protected":true, "old":true, "uncollectible":true, "marked":true}}
{"address":"0x7fb1f804d4e8", "type":"STRING", "class":"0x7fb1f80b7578", "frozen":true, "embedded":true, "fstring":true, "bytesize":17, "value":"RUBY_RELEASE_DATE", "encoding":"US-ASCII", "memsize":40, "flags":{"wb_protected":true, "old":true, "uncollectible":true, "marked":true}}
{"address":"0x7fb1f804d510", "type":"STRING", "class":"0x7fb1f80b7578", "frozen":true, "embedded":true, "fstring":true, "bytesize":10, "value":"name_tuple", "encoding":"US-ASCII", "memsize":40, "flags":{"wb_protected":true, "old":true, "uncollectible":true, "marked":true}}
{"address":"0x7fb1f804d538", "type":"STRING", "class":"0x7fb1f80b7578", "frozen":true, "bytesize":10, "value":"2020-03-31", "encoding":"US-ASCII", "memsize":40, "flags":{"wb_protected":true, "old":true, "uncollectible":true, "marked":true}}
{"address":"0x7fb1f804d560", "type":"STRING", "class":"0x7fb1f80b7578", "frozen":true, "embedded":true, "fstring":true, "bytesize":12, "value":"RUBY_VERSION", "encoding":"US-ASCII", "memsize":40, "flags":{"wb_protected":true, "old":true, "uncollectible":true, "marked":true}}
{"address":"0x7fb1f804d588", "type":"STRING", "class":"0x7fb1f80b7578", "frozen":true, "fstring":true, "bytesize":49, "value":"bundler/vendor/thor/lib/thor/line_editor/basic.rb", "encoding":"UTF-8", "memsize":90, "flags":{"wb_protected":true, "old":true, "uncollectible":true, "marked":true}}
{"address":"0x7fb1f804d5b0", "type":"STRING", "class":"0x7fb1f80b7578", "frozen":true, "bytesize":5, "value":"2.7.1", "encoding":"US-ASCII", "memsize":40, "flags":{"wb_protected":true, "old":true, "uncollectible":true, "marked":true}}
{"address":"0x7fb1f804d5d8", "type":"STRING", "class":"0x7fb1f80b7578", "frozen":true, "fstring":true, "bytesize":43, "value":"bundler/vendor/thor/lib/thor/line_editor.rb", "encoding":"UTF-8", "memsize":84, "flags":{"wb_protected":true, "old":true, "uncollectible":true, "marked":true}}
{"address":"0x7fb1f804d600", "type":"STRING", "class":"0x7fb1f80b7578", "frozen":true, "fstring":true, "bytesize":10, "value":"complex.so", "encoding":"US-ASCII", "memsize":40, "flags":{"wb_protected":true, "old":true, "uncollectible":true, "marked":true}}
{"address":"0x7fb1f804d628", "type":"STRING", "class":"0x7fb1f80b7578", "frozen":true, "embedded":true, "fstring":true, "bytesize":1, "value":"I", "encoding":"US-ASCII", "memsize":40, "flags":{"wb_protected":true, "old":true, "uncollectible":true, "marked":true}}
{"address":"0x7fb1f804d650", "type":"OBJECT", "class":"0x7fb1f80dd4f8", "ivars":3, "references":["0x7fb1f804d2e0"], "memsize":40, "flags":{"wb_protected":true, "old":true, "uncollectible":true, "marked":true}}
{"address":"0x7fb1f804d678", "type":"COMPLEX", "class":"0x7fb1f804e898", "frozen":true, "memsize":40, "flags":{"wb_protected":true, "old":true, "uncollectible":true, "marked":true}}
{"address":"0x7fb1f804d6a0", "type":"IMEMO", "class":"0x7fb1f80a63b8", "imemo_type":"ment", "memsize":48, "flags":{"wb_protected":true, "old":true, "uncollectible":true, "marked":true}}
{"address":"0x7fb1f804d6c8", "type":"IMEMO", "class":"0x7fb1f80a63b8", "imemo_type":"ment", "memsize":48, "flags":{"wb_protected":true, "old":true, "uncollectible":true, "marked":true}}
{"address":"0x7fb1f804d6f0", "type":"IMEMO", "class":"0x7fb1f80a63b8", "imemo_type":"ment", "memsize":48, "flags":{"wb_protected":true, "old":true, "uncollectible":true, "marked":true}}
{"address":"0x7fb1f804d718", "type":"IMEMO", "class":"0x7fb1f80a7bf0", "imemo_type":"ment", "memsize":48, "flags":{"wb_protected":true, "old":true, "uncollectible":true, "marked":true}}
{"address":"0x7fb1f804d740", "type":"IMEMO", "class":"0x7fb1f80a7bf0", "imemo_type":"ment", "memsize":48, "flags":{"wb_protected":true, "old":true, "uncollectible":true, "marked":true}}
{"address":"0x7fb1f804d768", "type":"IMEMO", "class":"0x7fb1f80a7bf0", "imemo_type":"ment", "memsize":48, "flags":{"wb_protected":true, "old":true, "uncollectible":true, "marked":true}}
{"address":"0x7fb1f804d790", "type":"IMEMO", "class":"0x7fb1f80a7bf0", "imemo_type":"ment", "memsize":48, "flags":{"wb_protected":true, "old":true, "uncollectible":true, "marked":true}}
{"address":"0x7fb1f804d7b8", "type":"IMEMO", "class":"0x7fb1f80a7bf0", "imemo_type":"ment", "memsize":48, "flags":{"wb_protected":true, "old":true, "uncollectible":true, "marked":true}}
{"address":"0x7fb1f804d7e0", "type":"IMEMO", "class":"0x7fb1f80a7bf0", "imemo_type":"ment", "memsize":48, "flags":{"wb_protected":true, "old":true, "uncollectible":true, "marked":true}}
{"address":"0x7fb1f804d808", "type":"IMEMO", "class":"0x7fb1f80a7bf0", "imemo_type":"ment", "memsize":48, "flags":{"wb_protected":true, "old":true, "uncollectible":true, "marked":true}}
{"address":"0x7fb1f804d830", "type":"IMEMO", "class":"0x7fb1f80a7bf0", "imemo_type":"ment", "memsize":48, "flags":{"wb_protected":true, "old":true, "uncollectible":true, "marked":true}}
{"address":"0x7fb1f804d858", "type":"IMEMO", "class":"0x7fb1f80a7bf0", "imemo_type":"ment", "memsize":48, "flags":{"wb_protected":true, "old":true, "uncollectible":true, "marked":true}}
{"address":"0x7fb1f804d880", "type":"IMEMO", "class":"0x7fb1f80a7bf0", "imemo_type":"ment", "memsize":48, "flags":{"wb_protected":true, "old":true, "uncollectible":true, "marked":true}}
{"address":"0x7fb1f804d8a8", "type":"IMEMO", "class":"0x7fb1f80a7bf0", "imemo_type":"ment", "memsize":48, "flags":{"wb_protected":true, "old":true, "uncollectible":true, "marked":true}}
{"address":"0x7fb1f804d8d0", "type":"IMEMO", "class":"0x7fb1f80a7bf0", "imemo_type":"ment", "memsize":48, "flags":{"wb_protected":true, "old":true, "uncollectible":true, "marked":true}}
{"address":"0x7fb1f804d8f8", "type":"IMEMO", "class":"0x7fb1f804e870", "imemo_type":"ment", "memsize":48, "flags":{"wb_protected":true, "old":true, "uncollectible":true, "marked":true}}
{"address":"0x7fb1f804d920", "type":"IMEMO", "class":"0x7fb1f80b7578", "imemo_type":"ment", "memsize":48, "flags":{"wb_protected":true, "old":true, "uncollectible":true, "marked":true}}
{"address":"0x7fb1f804d948", "type":"IMEMO", "class":"0x7fb1f80a7bf0", "imemo_type":"ment", "memsize":48, "flags":{"wb_protected":true, "old":true, "uncollectible":true, "marked":true}}
{"address":"0x7fb1f804d970", "type":"IMEMO", "class":"0x7fb1f80bf750", "imemo_type":"ment", "memsize":48, "flags":{"wb_protected":true, "old":true, "uncollectible":true, "marked":true}}
{"address":"0x7fb1f804d998", "type":"IMEMO", "class":"0x7fb1f804e898", "imemo_type":"ment", "memsize":48, "flags":{"wb_protected":true, "old":true, "uncollectible":true, "marked":true}}
{"address":"0x7fb1f804d9c0", "type":"STRING", "class":"0x7fb1f80b7578", "frozen":true, "embedded":true, "fstring":true, "bytesize":4, "value":"to_c", "encoding":"US-ASCII", "memsize":40, "flags":{"wb_protected":true, "old":true, "uncollectible":true, "marked":true}}
{"address":"0x7fb1f804d9e8", "type":"STRING", "class":"0x7fb1f80b7578", "frozen":true, "fstring":true, "bytesize":42, "value":"bundler/vendor/thor/lib/thor/invocation.rb", "encoding":"UTF-8", "memsize":83, "flags":{"wb_protected":true, "old":true, "uncollectible":true, "marked":true}}
{"address":"0x7fb1f804da10", "type":"IMEMO", "class":"0x7fb1f804e898", "imemo_type":"ment", "memsize":48, "flags":{"wb_protected":true, "old":true, "uncollectible":true, "marked":true}}
{"address":"0x7fb1f804da38", "type":"IMEMO", "class":"0x7fb1f804e898", "imemo_type":"ment", "memsize":48, "flags":{"wb_protected":true, "old":true, "uncollectible":true, "marked":true}}
{"address":"0x7fb1f804da60", "type":"IMEMO", "class":"0x7fb1f804e898", "imemo_type":"ment", "memsize":48, "flags":{"wb_protected":true, "old":true, "uncollectible":true, "marked":true}}
{"address":"0x7fb1f804da88", "type":"IMEMO", "class":"0x7fb1f804e898", "imemo_type":"ment", "memsize":48, "flags":{"wb_protected":true, "old":true, "uncollectible":true, "marked":true}}
{"address":"0x7fb1f804dab0", "type":"IMEMO", "class":"0x7fb1f804db28", "imemo_type":"ment", "memsize":48, "flags":{"wb_protected":true, "old":true, "uncollectible":true, "marked":true}}
{"address":"0x7fb1f804dad8", "type":"STRING", "class":"0x7fb1f80b7578", "frozen":true, "embedded":true, "bytesize":19, "value":"Complex::compatible", "encoding":"US-ASCII", "memsize":40, "flags":{"wb_protected":true, "old":true, "uncollectible":true, "marked":true}}
{"address":"0x7fb1f804db00", "type":"CLASS", "class":"0x7fb1f80bf700", "name":"Class", "references":["0x7fb1f80bf6b0", "0x7fb1f804db28"], "memsize":464, "flags":{"wb_protected":true, "old":true, "uncollectible":true, "marked":true}}
{"address":"0x7fb1f804db28", "type":"CLASS", "class":"0x7fb1f804db00", "name":"Complex::compatible", "references":["0x7fb1f80c5240", "0x7fb1f804dab0", "0x7fb1f804dad8"], "memsize":528, "flags":{"wb_protected":true, "old":true, "uncollectible":true, "marked":true}}
{"address":"0x7fb1f804db50", "type":"IMEMO", "class":"0x7fb1f804e898", "imemo_type":"ment", "memsize":48, "flags":{"wb_protected":true, "old":true, "uncollectible":true, "marked":true}}
{"address":"0x7fb1f804db78", "type":"IMEMO", "class":"0x7fb1f804e898", "imemo_type":"ment", "memsize":48, "flags":{"wb_protected":true, "old":true, "uncollectible":true, "marked":true}}
{"address":"0x7fb1f804dba0", "type":"IMEMO", "class":"0x7fb1f804e898", "imemo_type":"ment", "memsize":48, "flags":{"wb_protected":true, "old":true, "uncollectible":true, "marked":true}}
{"address":"0x7fb1f804dbc8", "type":"IMEMO", "class":"0x7fb1f804e898", "imemo_type":"ment", "memsize":48, "flags":{"wb_protected":true, "old":true, "uncollectible":true, "marked":true}}
{"address":"0x7fb1f804dbf0", "type":"IMEMO", "class":"0x7fb1f804e898", "imemo_type":"ment", "memsize":48, "flags":{"wb_protected":true, "old":true, "uncollectible":true, "marked":true}}
{"address":"0x7fb1f804dc18", "type":"IMEMO", "class":"0x7fb1f804e898", "imemo_type":"ment", "memsize":48, "flags":{"wb_protected":true, "old":true, "uncollectible":true, "marked":true}}
{"address":"0x7fb1f804dc40", "type":"IMEMO", "class":"0x7fb1f804e898", "imemo_type":"ment", "memsize":48, "flags":{"wb_protected":true, "old":true, "uncollectible":true, "marked":true}}
{"address":"0x7fb1f804dc68", "type":"IMEMO", "class":"0x7fb1f804e898", "imemo_type":"ment", "memsize":48, "flags":{"wb_protected":true, "old":true, "uncollectible":true, "marked":true}}
{"address":"0x7fb1f804dc90", "type":"IMEMO", "class":"0x7fb1f804e898", "imemo_type":"ment", "memsize":48, "flags":{"wb_protected":true, "old":true, "uncollectible":true, "marked":true}}
{"address":"0x7fb1f804dcb8", "type":"IMEMO", "class":"0x7fb1f804e898", "imemo_type":"ment", "memsize":48, "flags":{"wb_protected":true, "old":true, "uncollectible":true, "marked":true}}
{"address":"0x7fb1f804dce0", "type":"IMEMO", "class":"0x7fb1f804e898", "imemo_type":"ment", "memsize":48, "flags":{"wb_protected":true, "old":true, "uncollectible":true, "marked":true}}
{"address":"0x7fb1f804dd08", "type":"IMEMO", "class":"0x7fb1f804e898", "imemo_type":"ment", "memsize":48, "flags":{"wb_protected":true, "old":true, "uncollectible":true, "marked":true}}
{"address":"0x7fb1f804dd30", "type":"IMEMO", "class":"0x7fb1f804e898", "imemo_type":"ment", "memsize":48, "flags":{"wb_protected":true, "old":true, "uncollectible":true, "marked":true}}
{"address":"0x7fb1f804dd58", "type":"STRING", "class":"0x7fb1f80b7578", "frozen":true, "embedded":true, "fstring":true, "bytesize":4, "value":"conj", "encoding":"US-ASCII", "memsize":40, "flags":{"wb_protected":true, "old":true, "uncollectible":true, "marked":true}}
{"address":"0x7fb1f804dd80", "type":"ARRAY", "class":"0x7fb1f8097228", "length":0, "memsize":40, "flags":{"wb_protected":true, "old":true, "uncollectible":true, "marked":true}}
{"address":"0x7fb1f804dda8", "type":"IMEMO", "class":"0x7fb1f804e898", "imemo_type":"ment", "memsize":48, "flags":{"wb_protected":true, "old":true, "uncollectible":true, "marked":true}}
{"address":"0x7fb1f804ddd0", "type":"STRING", "class":"0x7fb1f80b7578", "frozen":true, "embedded":true, "fstring":true, "bytesize":9, "value":"conjugate", "encoding":"US-ASCII", "memsize":40, "flags":{"wb_protected":true, "old":true, "uncollectible":true, "marked":true}}
{"address":"0x7fb1f804ddf8", "type":"STRING", "class":"0x7fb1f80b7578", "frozen":true, "fstring":true, "bytesize":37, "value":"bundler/vendor/thor/lib/thor/group.rb", "encoding":"UTF-8", "memsize":78, "flags":{"wb_protected":true, "old":true, "uncollectible":true, "marked":true}}
{"address":"0x7fb1f804de20", "type":"IMEMO", "class":"0x7fb1f804e898", "imemo_type":"ment", "memsize":48, "flags":{"wb_protected":true, "old":true, "uncollectible":true, "marked":true}}
{"address":"0x7fb1f804de48", "type":"IMEMO", "class":"0x7fb1f804e898", "imemo_type":"ment", "memsize":48, "flags":{"wb_protected":true, "old":true, "uncollectible":true, "marked":true}}
{"address":"0x7fb1f804de70", "type":"IMEMO", "class":"0x7fb1f804e898", "imemo_type":"ment", "memsize":48, "flags":{"wb_protected":true, "old":true, "uncollectible":true, "marked":true}}
{"address":"0x7fb1f804de98", "type":"IMEMO", "class":"0x7fb1f804e898", "imemo_type":"ment", "memsize":48, "flags":{"wb_protected":true, "old":true, "uncollectible":true, "marked":true}}
{"address":"0x7fb1f804dec0", "type":"STRING", "class":"0x7fb1f80b7578", "frozen":true, "embedded":true, "fstring":true, "bytesize":5, "value":"phase", "encoding":"US-ASCII", "memsize":40, "flags":{"wb_protected":true, "old":true, "uncollectible":true, "marked":true}}
{"address":"0x7fb1f804dee8", "type":"ARRAY", "class":"0x7fb1f8097228", "length":0, "memsize":40, "flags":{"wb_protected":true, "old":true, "uncollectible":true, "marked":true}}
{"address":"0x7fb1f804df10", "type":"IMEMO", "class":"0x7fb1f804e898", "imemo_type":"ment", "memsize":48, "flags":{"wb_protected":true, "old":true, "uncollectible":true, "marked":true}}
{"address":"0x7fb1f804df38", "type":"STRING", "class":"0x7fb1f80b7578", "frozen":true, "embedded":true, "fstring":true, "bytesize":5, "value":"angle", "encoding":"US-ASCII", "memsize":40, "flags":{"wb_protected":true, "old":true, "uncollectible":true, "marked":true}}
{"address":"0x7fb1f804df60", "type":"STRING", "class":"0x7fb1f80b7578", "frozen":true, "fstring":true, "bytesize":37, "value":"bundler/vendor/thor/lib/thor/error.rb", "encoding":"UTF-8", "memsize":78, "flags":{"wb_protected":true, "old":true, "uncollectible":true, "marked":true}}
{"address":"0x7fb1f804df88", "type":"IMEMO", "class":"0x7fb1f804e898", "imemo_type":"ment", "memsize":48, "flags":{"wb_protected":true, "old":true, "uncollectible":true, "marked":true}}
{"address":"0x7fb1f804dfb0", "type":"IMEMO", "class":"0x7fb1f804e898", "imemo_type":"ment", "memsize":48, "flags":{"wb_protected":true, "old":true, "uncollectible":true, "marked":true}}
{"address":"0x7fb1f804dfd8", "type":"STRING", "class":"0x7fb1f80b7578", "frozen":true, "embedded":true, "fstring":true, "bytesize":4, "value":"abs2", "encoding":"US-ASCII", "memsize":40, "flags":{"wb_protected":true, "old":true, "uncollectible":true, "marked":true}}
{"address":"0x7fb1f804e000", "type":"STRING", "class":"0x7fb1f80b7578", "frozen":true, "fstring":true, "bytesize":53, "value":"bundler/vendor/thor/lib/thor/core_ext/ordered_hash.rb", "encoding":"UTF-8", "memsize":94, "flags":{"wb_protected":true, "old":true, "uncollectible":true, "marked":true}}
{"address":"0x7fb1f804e028", "type":"IMEMO", "class":"0x7fb1f804e898", "imemo_type":"ment", "memsize":48, "flags":{"wb_protected":true, "old":true, "uncollectible":true, "marked":true}}
{"address":"0x7fb1f804e050", "type":"IMEMO", "class":"0x7fb1f804e898", "imemo_type":"ment", "memsize":48, "flags":{"wb_protected":true, "old":true, "uncollectible":true, "marked":true}}
{"address":"0x7fb1f804e078", "type":"IMEMO", "class":"0x7fb1f804e898", "imemo_type":"ment", "memsize":48, "flags":{"wb_protected":true, "old":true, "uncollectible":true, "marked":true}}
{"address":"0x7fb1f804e0a0", "type":"IMEMO", "class":"0x7fb1f804e898", "imemo_type":"ment", "memsize":48, "flags":{"wb_protected":true, "old":true, "uncollectible":true, "marked":true}}
{"address":"0x7fb1f804e0c8", "type":"IMEMO", "class":"0x7fb1f804e898", "imemo_type":"ment", "memsize":48, "flags":{"wb_protected":true, "old":true, "uncollectible":true, "marked":true}}
{"address":"0x7fb1f804e0f0", "type":"IMEMO", "class":"0x7fb1f804e898", "imemo_type":"ment", "memsize":48, "flags":{"wb_protected":true, "old":true, "uncollectible":true, "marked":true}}
{"address":"0x7fb1f804e118", "type":"IMEMO", "class":"0x7fb1f804e898", "imemo_type":"ment", "memsize":48, "flags":{"wb_protected":true, "old":true, "uncollectible":true, "marked":true}}
{"address":"0x7fb1f804e140", "type":"IMEMO", "class":"0x7fb1f804e898", "imemo_type":"ment", "memsize":48, "flags":{"wb_protected":true, "old":true, "uncollectible":true, "marked":true}}
{"address":"0x7fb1f804e168", "type":"IMEMO", "class":"0x7fb1f804e898", "imemo_type":"ment", "memsize":48, "flags":{"wb_protected":true, "old":true, "uncollectible":true, "marked":true}}
{"address":"0x7fb1f804e190", "type":"IMEMO", "class":"0x7fb1f804e898", "imemo_type":"ment", "memsize":48, "flags":{"wb_protected":true, "old":true, "uncollectible":true, "marked":true}}
{"address":"0x7fb1f804e1b8", "type":"IMEMO", "class":"0x7fb1f804e898", "imemo_type":"ment", "memsize":48, "flags":{"wb_protected":true, "old":true, "uncollectible":true, "marked":true}}
{"address":"0x7fb1f804e1e0", "type":"IMEMO", "class":"0x7fb1f804e898", "imemo_type":"ment", "memsize":48, "flags":{"wb_protected":true, "old":true, "uncollectible":true, "marked":true}}
{"address":"0x7fb1f804e208", "type":"IMEMO", "class":"0x7fb1f804e898", "imemo_type":"ment", "memsize":48, "flags":{"wb_protected":true, "old":true, "uncollectible":true, "marked":true}}
{"address":"0x7fb1f804e230", "type":"IMEMO", "class":"0x7fb1f804e898", "imemo_type":"ment", "memsize":48, "flags":{"wb_protected":true, "old":true, "uncollectible":true, "marked":true}}
{"address":"0x7fb1f804e258", "type":"STRING", "class":"0x7fb1f80b7578", "frozen":true, "embedded":true, "fstring":true, "bytesize":4, "value":"imag", "encoding":"US-ASCII", "memsize":40, "flags":{"wb_protected":true, "old":true, "uncollectible":true, "marked":true}}
{"address":"0x7fb1f804e280", "type":"STRING", "class":"0x7fb1f80b7578", "frozen":true, "fstring":true, "bytesize":55, "value":"bundler/vendor/thor/lib/thor/core_ext/io_binary_read.rb", "encoding":"UTF-8", "memsize":96, "flags":{"wb_protected":true, "old":true, "uncollectible":true, "marked":true}}
{"address":"0x7fb1f804e2a8", "type":"IMEMO", "class":"0x7fb1f804e898", "imemo_type":"ment", "memsize":48, "flags":{"wb_protected":true, "old":true, "uncollectible":true, "marked":true}}
{"address":"0x7fb1f804e2d0", "type":"STRING", "class":"0x7fb1f80b7578", "frozen":true, "embedded":true, "fstring":true, "bytesize":9, "value":"imaginary", "encoding":"US-ASCII", "memsize":40, "flags":{"wb_protected":true, "old":true, "uncollectible":true, "marked":true}}
{"address":"0x7fb1f804e2f8", "type":"ARRAY", "class":"0x7fb1f8097228", "length":0, "memsize":40, "flags":{"wb_protected":true, "old":true, "uncollectible":true, "marked":true}}
{"address":"0x7fb1f804e320", "type":"IMEMO", "class":"0x7fb1f804e898", "imemo_type":"ment", "memsize":48, "flags":{"wb_protected":true, "old":true, "uncollectible":true, "marked":true}}
{"address":"0x7fb1f804e348", "type":"STRING", "class":"0x7fb1f80b7578", "frozen":true, "embedded":true, "fstring":true, "bytesize":4, "value":"real", "encoding":"US-ASCII", "memsize":40, "flags":{"wb_protected":true, "old":true, "uncollectible":true, "marked":true}}
{"address":"0x7fb1f804e370", "type":"STRING", "class":"0x7fb1f80b7578", "embedded":true, "bytesize":4, "value":"ruby", "encoding":"UTF-8", "memsize":40, "flags":{"wb_protected":true, "old":true, "uncollectible":true, "marked":true}}
{"address":"0x7fb1f804e398", "type":"IMEMO", "class":"0x7fb1f804e898", "imemo_type":"ment", "memsize":48, "flags":{"wb_protected":true, "old":true, "uncollectible":true, "marked":true}}
{"address":"0x7fb1f804e3c0", "type":"IMEMO", "class":"0x7fb1f804e898", "imemo_type":"ment", "memsize":48, "flags":{"wb_protected":true, "old":true, "uncollectible":true, "marked":true}}
{"address":"0x7fb1f804e3e8", "type":"IMEMO", "class":"0x7fb1f804e898", "imemo_type":"ment", "memsize":48, "flags":{"wb_protected":true, "old":true, "uncollectible":true, "marked":true}}
{"address":"0x7fb1f804e410", "type":"IMEMO", "class":"0x7fb1f804e898", "imemo_type":"ment", "memsize":48, "flags":{"wb_protected":true, "old":true, "uncollectible":true, "marked":true}}
{"address":"0x7fb1f804e438", "type":"IMEMO", "class":"0x7fb1f804e898", "imemo_type":"ment", "memsize":48, "flags":{"wb_protected":true, "old":true, "uncollectible":true, "marked":true}}
{"address":"0x7fb1f804e460", "type":"IMEMO", "class":"0x7fb1f804e898", "imemo_type":"ment", "memsize":48, "flags":{"wb_protected":true, "old":true, "uncollectible":true, "marked":true}}
{"address":"0x7fb1f804e488", "type":"IMEMO", "class":"0x7fb1f804e898", "imemo_type":"ment", "memsize":48, "flags":{"wb_protected":true, "old":true, "uncollectible":true, "marked":true}}
{"address":"0x7fb1f804e4b0", "type":"IMEMO", "class":"0x7fb1f804e898", "imemo_type":"ment", "memsize":48, "flags":{"wb_protected":true, "old":true, "uncollectible":true, "marked":true}}
{"address":"0x7fb1f804e4d8", "type":"IMEMO", "class":"0x7fb1f804e898", "imemo_type":"ment", "memsize":48, "flags":{"wb_protected":true, "old":true, "uncollectible":true, "marked":true}}
{"address":"0x7fb1f804e500", "type":"IMEMO", "class":"0x7fb1f804e898", "imemo_type":"ment", "memsize":48, "flags":{"wb_protected":true, "old":true, "uncollectible":true, "marked":true}}
{"address":"0x7fb1f804e528", "type":"IMEMO", "class":"0x7fb1f804e898", "imemo_type":"ment", "memsize":48, "flags":{"wb_protected":true, "old":true, "uncollectible":true, "marked":true}}
{"address":"0x7fb1f804e550", "type":"IMEMO", "class":"0x7fb1f804e898", "imemo_type":"ment", "memsize":48, "flags":{"wb_protected":true, "old":true, "uncollectible":true, "marked":true}}
{"address":"0x7fb1f804e578", "type":"IMEMO", "class":"0x7fb1f804e898", "imemo_type":"ment", "memsize":48, "flags":{"wb_protected":true, "old":true, "uncollectible":true, "marked":true}}
{"address":"0x7fb1f804e5a0", "type":"HASH", "class":"0x7fb1f8095130", "size":0, "memsize":40, "flags":{"wb_protected":true, "old":true, "uncollectible":true, "marked":true}}
{"address":"0x7fb1f804e5c8", "type":"IMEMO", "class":"0x7fb1f804e898", "imemo_type":"ment", "memsize":48, "flags":{"wb_protected":true, "old":true, "uncollectible":true, "marked":true}}
{"address":"0x7fb1f804e5f0", "type":"IMEMO", "class":"0x7fb1f804e898", "imemo_type":"ment", "memsize":48, "flags":{"wb_protected":true, "old":true, "uncollectible":true, "marked":true}}
{"address":"0x7fb1f804e618", "type":"IMEMO", "class":"0x7fb1f804e898", "imemo_type":"ment", "memsize":48, "flags":{"wb_protected":true, "old":true, "uncollectible":true, "marked":true}}
{"address":"0x7fb1f804e640", "type":"IMEMO", "class":"0x7fb1f804e898", "imemo_type":"ment", "memsize":48, "flags":{"wb_protected":true, "old":true, "uncollectible":true, "marked":true}}
{"address":"0x7fb1f804e668", "type":"IMEMO", "class":"0x7fb1f80bfbb0", "imemo_type":"ment", "memsize":48, "flags":{"wb_protected":true, "old":true, "uncollectible":true, "marked":true}}
{"address":"0x7fb1f804e690", "type":"IMEMO", "imemo_type":"ment", "references":["0x7fb1f80c4ef8"], "memsize":48, "flags":{"wb_protected":true, "old":true, "uncollectible":true, "marked":true}}
{"address":"0x7fb1f804e6b8", "type":"IMEMO", "class":"0x7fb1f804e870", "imemo_type":"ment", "memsize":48, "flags":{"wb_protected":true, "old":true, "uncollectible":true, "marked":true}}
{"address":"0x7fb1f804e6e0", "type":"STRING", "class":"0x7fb1f80b7578", "frozen":true, "embedded":true, "fstring":true, "bytesize":5, "value":"polar", "encoding":"US-ASCII", "memsize":40, "flags":{"wb_protected":true, "old":true, "uncollectible":true, "marked":true}}
{"address":"0x7fb1f804e708", "type":"STRING", "class":"0x7fb1f80b7578", "frozen":true, "fstring":true, "bytesize":69, "value":"bundler/vendor/thor/lib/thor/core_ext/hash_with_indifferent_access.rb", "encoding":"UTF-8", "memsize":110, "flags":{"wb_protected":true, "old":true, "uncollectible":true, "marked":true}}
{"address":"0x7fb1f804e730", "type":"IMEMO", "class":"0x7fb1f804e870", "imemo_type":"ment", "memsize":48, "flags":{"wb_protected":true, "old":true, "uncollectible":true, "marked":true}}
{"address":"0x7fb1f804e758", "type":"STRING", "class":"0x7fb1f80b7578", "frozen":true, "embedded":true, "fstring":true, "bytesize":4, "value":"rect", "encoding":"US-ASCII", "memsize":40, "flags":{"wb_protected":true, "old":true, "uncollectible":true, "marked":true}}
{"address":"0x7fb1f804e780", "type":"STRING", "class":"0x7fb1f80b7578", "frozen":true, "fstring":true, "bytesize":39, "value":"bundler/vendor/thor/lib/thor/command.rb", "encoding":"UTF-8", "memsize":80, "flags":{"wb_protected":true, "old":true, "uncollectible":true, "marked":true}}
{"address":"0x7fb1f804e7a8", "type":"IMEMO", "class":"0x7fb1f804e870", "imemo_type":"ment", "memsize":48, "flags":{"wb_protected":true, "old":true, "uncollectible":true, "marked":true}}
{"address":"0x7fb1f804e7d0", "type":"STRING", "class":"0x7fb1f80b7578", "frozen":true, "embedded":true, "fstring":true, "bytesize":11, "value":"rectangular", "encoding":"US-ASCII", "memsize":40, "flags":{"wb_protected":true, "old":true, "uncollectible":true, "marked":true}}
{"address":"0x7fb1f804e7f8", "type":"ARRAY", "class":"0x7fb1f8097228", "length":0, "memsize":40, "flags":{"wb_protected":true, "old":true, "uncollectible":true, "marked":true}}
{"address":"0x7fb1f804e820", "type":"IMEMO", "class":"0x7fb1f804e870", "imemo_type":"ment", "memsize":48, "flags":{"wb_protected":true, "old":true, "uncollectible":true, "marked":true}}
{"address":"0x7fb1f804e848", "type":"IMEMO", "class":"0x7fb1f804e870", "imemo_type":"ment", "memsize":48, "flags":{"wb_protected":true, "old":true, "uncollectible":true, "marked":true}}
{"address":"0x7fb1f804e870", "type":"CLASS", "class":"0x7fb1f80bf700", "name":"Class", "references":["0x7fb1f80a7bc8", "0x7fb1f804e730", "0x7fb1f804e6b8", "0x7fb1f804e820", "0x7fb1f804d8f8", "0x7fb1f804e848", "0x7fb1f804e7a8", "0x7fb1f804e898"], "memsize":592, "flags":{"wb_protected":true, "old":true, "uncollectible":true, "marked":true}}
{"address":"0x7fb1f804e898", "type":"CLASS", "class":"0x7fb1f804e870", "name":"Complex", "references":["0x7fb1f80a7bf0", "0x7fb1f804de48", "0x7fb1f804de20", "0x7fb1f804e320", "0x7fb1f804e2a8", "0x7fb1f804e230", "0x7fb1f804e208", "0x7fb1f804e0f0", "0x7fb1f804e0a0", "0x7fb1f804dfb0", "0x7fb1f804df10", "0x7fb1f804e5f0", "0x7fb1f804e5c8", "0x7fb1f804e0c8", "0x7fb1f804de98", "0x7fb1f804dda8", "0x7fb1f804dd30", "0x7fb1f804d998", "0x7fb1f804dc68", "0x7fb1f804e528", "0x7fb1f804e190", "0x7fb1f804e1e0", "0x7fb1f804dc18", "0x7fb1f804e1b8", "0x7fb1f804e168", "0x7fb1f804e550", "0x7fb1f804e578", "0x7fb1f804dc40", "0x7fb1f804da88", "0x7fb1f804da60", "0x7fb1f804da38", "0x7fb1f804e500", "0x7fb1f804e4d8", "0x7fb1f804e640", "0x7fb1f804e618", "0x7fb1f804e140", "0x7fb1f804e118", "0x7fb1f804e078", "0x7fb1f804e398", "0x7fb1f804e460", "0x7fb1f804e438", "0x7fb1f804e050", "0x7fb1f804e028", "0x7fb1f804dd08", "0x7fb1f804db50", "0x7fb1f804dba0", "0x7fb1f804db78", "0x7fb1f804e4b0", "0x7fb1f804e488", "0x7fb1f804e410", "0x7fb1f804e3c0", "0x7fb1f804e3e8", "0x7fb1f804dbf0", "0x7fb1f804dce0", "0x7fb1f804dcb8", "0x7fb1f804da10", "0x7fb1f804dbc8", "0x7fb1f804df88", "0x7fb1f804dc90", "0x7fb1f804de70", "0x7fb1f804e8c0", "0x7fb1f804d678", "0x7fb1f805fb98", "0x7fb1f804db28", "0x7fb1f805fb98"], "memsize":2600, "flags":{"wb_protected":true, "old":true, "uncollectible":true, "marked":true}}
{"address":"0x7fb1f804e8c0", "type":"STRING", "class":"0x7fb1f80b7578", "frozen":true, "embedded":true, "fstring":true, "bytesize":7, "value":"Complex", "encoding":"US-ASCII", "memsize":40, "flags":{"wb_protected":true, "old":true, "uncollectible":true, "marked":true}}
{"address":"0x7fb1f804e8e8", "type":"ARRAY", "class":"0x7fb1f8097228", "length":0, "memsize":40, "flags":{"wb_protected":true, "old":true, "uncollectible":true, "marked":true}}
{"address":"0x7fb1f804e910", "type":"STRING", "class":"0x7fb1f80b7578", "frozen":true, "embedded":true, "fstring":true, "bytesize":6, "value":"@image", "encoding":"US-ASCII", "memsize":40, "flags":{"wb_protected":true, "old":true, "uncollectible":true, "marked":true}}
{"address":"0x7fb1f804e938", "type":"STRING", "class":"0x7fb1f80b7578", "frozen":true, "embedded":true, "fstring":true, "bytesize":17, "value":"@terminal_message", "encoding":"US-ASCII", "memsize":40, "flags":{"wb_protected":true, "old":true, "uncollectible":true, "marked":true}}
{"address":"0x7fb1f804e960", "type":"STRING", "class":"0x7fb1f80b7578", "frozen":true, "embedded":true, "fstring":true, "bytesize":5, "value":"@real", "encoding":"US-ASCII", "memsize":40, "flags":{"wb_protected":true, "old":true, "uncollectible":true, "marked":true}}
{"address":"0x7fb1f804e988", "type":"ARRAY", "class":"0x7fb1f8097228", "length":0, "memsize":40, "flags":{"wb_protected":true, "old":true, "uncollectible":true, "marked":true}}
{"address":"0x7fb1f804e9b0", "type":"STRING", "class":"0x7fb1f80b7578", "frozen":true, "embedded":true, "fstring":true, "bytesize":3, "value":"arg", "encoding":"US-ASCII", "memsize":40, "flags":{"wb_protected":true, "old":true, "uncollectible":true, "marked":true}}
{"address":"0x7fb1f804e9d8", "type":"ARRAY", "class":"0x7fb1f8097228", "length":4, "references":["0x7fb1f804c3e0", "0x7fb1f8046eb8", "0x7fb1f8046918", "0x7fb1f8046210"], "memsize":200, "flags":{"wb_protected":true, "old":true, "uncollectible":true, "marked":true}}
{"address":"0x7fb1f804ea00", "type":"STRING", "class":"0x7fb1f80b7578", "frozen":true, "fstring":true, "bytesize":11, "value":"rational.so", "encoding":"US-ASCII", "memsize":40, "flags":{"wb_protected":true, "old":true, "uncollectible":true, "marked":true}}
{"address":"0x7fb1f804ea28", "type":"IMEMO", "class":"0x7fb1f804f4f0", "imemo_type":"ment", "memsize":48, "flags":{"wb_protected":true, "old":true, "uncollectible":true, "marked":true}}
{"address":"0x7fb1f804ea50", "type":"IMEMO", "class":"0x7fb1f80b7578", "imemo_type":"ment", "memsize":48, "flags":{"wb_protected":true, "old":true, "uncollectible":true, "marked":true}}
{"address":"0x7fb1f804ea78", "type":"IMEMO", "class":"0x7fb1f80a63b8", "imemo_type":"ment", "memsize":48, "flags":{"wb_protected":true, "old":true, "uncollectible":true, "marked":true}}
{"address":"0x7fb1f804eaa0", "type":"IMEMO", "class":"0x7fb1f80a63b8", "imemo_type":"ment", "memsize":48, "flags":{"wb_protected":true, "old":true, "uncollectible":true, "marked":true}}
{"address":"0x7fb1f804eac8", "type":"IMEMO", "class":"0x7fb1f80a7100", "imemo_type":"ment", "memsize":48, "flags":{"wb_protected":true, "old":true, "uncollectible":true, "marked":true}}
{"address":"0x7fb1f804eaf0", "type":"IMEMO", "class":"0x7fb1f80a7100", "imemo_type":"ment", "memsize":48, "flags":{"wb_protected":true, "old":true, "uncollectible":true, "marked":true}}
{"address":"0x7fb1f804eb18", "type":"IMEMO", "class":"0x7fb1f80bf750", "imemo_type":"ment", "memsize":48, "flags":{"wb_protected":true, "old":true, "uncollectible":true, "marked":true}}
{"address":"0x7fb1f804eb40", "type":"IMEMO", "class":"0x7fb1f80bf750", "imemo_type":"ment", "memsize":48, "flags":{"wb_protected":true, "old":true, "uncollectible":true, "marked":true}}
{"address":"0x7fb1f804eb68", "type":"IMEMO", "class":"0x7fb1f80a63b8", "imemo_type":"ment", "memsize":48, "flags":{"wb_protected":true, "old":true, "uncollectible":true, "marked":true}}
{"address":"0x7fb1f804eb90", "type":"IMEMO", "class":"0x7fb1f80a63b8", "imemo_type":"ment", "memsize":48, "flags":{"wb_protected":true, "old":true, "uncollectible":true, "marked":true}}
{"address":"0x7fb1f804ebb8", "type":"IMEMO", "class":"0x7fb1f80a7100", "imemo_type":"ment", "memsize":48, "flags":{"wb_protected":true, "old":true, "uncollectible":true, "marked":true}}
{"address":"0x7fb1f804ebe0", "type":"IMEMO", "class":"0x7fb1f80a7100", "imemo_type":"ment", "memsize":48, "flags":{"wb_protected":true, "old":true, "uncollectible":true, "marked":true}}
{"address":"0x7fb1f804ec08", "type":"IMEMO", "class":"0x7fb1f80a7bf0", "imemo_type":"ment", "memsize":48, "flags":{"wb_protected":true, "old":true, "uncollectible":true, "marked":true}}
{"address":"0x7fb1f804ec30", "type":"IMEMO", "class":"0x7fb1f80a7bf0", "imemo_type":"ment", "memsize":48, "flags":{"wb_protected":true, "old":true, "uncollectible":true, "marked":true}}
{"address":"0x7fb1f804ec58", "type":"IMEMO", "class":"0x7fb1f80a7bf0", "imemo_type":"ment", "memsize":48, "flags":{"wb_protected":true, "old":true, "uncollectible":true, "marked":true}}
{"address":"0x7fb1f804ec80", "type":"IMEMO", "class":"0x7fb1f80a7100", "imemo_type":"ment", "memsize":48, "flags":{"wb_protected":true, "old":true, "uncollectible":true, "marked":true}}
{"address":"0x7fb1f804eca8", "type":"STRING", "class":"0x7fb1f80b7578", "frozen":true, "embedded":true, "fstring":true, "bytesize":6, "value":"gcdlcm", "encoding":"US-ASCII", "memsize":40, "flags":{"wb_protected":true, "old":true, "uncollectible":true, "marked":true}}
{"address":"0x7fb1f804ecd0", "type":"STRING", "class":"0x7fb1f80b7578", "frozen":true, "fstring":true, "bytesize":30, "value":"invalidate_memoized_attributes", "encoding":"US-ASCII", "memsize":71, "flags":{"wb_protected":true, "old":true, "uncollectible":true, "marked":true}}
{"address":"0x7fb1f804ecf8", "type":"IMEMO", "class":"0x7fb1f80a7100", "imemo_type":"ment", "memsize":48, "flags":{"wb_protected":true, "old":true, "uncollectible":true, "marked":true}}
{"address":"0x7fb1f804ed20", "type":"STRING", "class":"0x7fb1f80b7578", "frozen":true, "embedded":true, "fstring":true, "bytesize":3, "value":"lcm", "encoding":"US-ASCII", "memsize":40, "flags":{"wb_protected":true, "old":true, "uncollectible":true, "marked":true}}
{"address":"0x7fb1f804ed48", "type":"ARRAY", "class":"0x7fb1f8097228", "length":0, "memsize":40, "flags":{"wb_protected":true, "old":true, "uncollectible":true, "marked":true}}
{"address":"0x7fb1f804ed70", "type":"IMEMO", "class":"0x7fb1f80a7100", "imemo_type":"ment", "memsize":48, "flags":{"wb_protected":true, "old":true, "uncollectible":true, "marked":true}}
{"address":"0x7fb1f804ed98", "type":"STRING", "class":"0x7fb1f80b7578", "frozen":true, "embedded":true, "fstring":true, "bytesize":3, "value":"gcd", "encoding":"US-ASCII", "memsize":40, "flags":{"wb_protected":true, "old":true, "uncollectible":true, "marked":true}}
{"address":"0x7fb1f804edc0", "type":"STRING", "class":"0x7fb1f80b7578", "frozen":true, "embedded":true, "fstring":true, "bytesize":6, "value":"@count", "encoding":"US-ASCII", "memsize":40, "flags":{"wb_protected":true, "old":true, "uncollectible":true, "marked":true}}
{"address":"0x7fb1f804ede8", "type":"IMEMO", "class":"0x7fb1f804ee60", "imemo_type":"ment", "memsize":48, "flags":{"wb_protected":true, "old":true, "uncollectible":true, "marked":true}}
{"address":"0x7fb1f804ee10", "type":"STRING", "class":"0x7fb1f80b7578", "frozen":true, "embedded":true, "bytesize":20, "value":"Rational::compatible", "encoding":"US-ASCII", "memsize":40, "flags":{"wb_protected":true, "old":true, "uncollectible":true, "marked":true}}
{"address":"0x7fb1f804ee38", "type":"CLASS", "class":"0x7fb1f80bf700", "name":"Class", "references":["0x7fb1f80bf6b0", "0x7fb1f804ee60"], "memsize":464, "flags":{"wb_protected":true, "old":true, "uncollectible":true, "marked":true}}
{"address":"0x7fb1f804ee60", "type":"CLASS", "class":"0x7fb1f804ee38", "name":"Rational::compatible", "references":["0x7fb1f80c5240", "0x7fb1f804ede8", "0x7fb1f804ee10"], "memsize":528, "flags":{"wb_protected":true, "old":true, "uncollectible":true, "marked":true}}
{"address":"0x7fb1f804ee88", "type":"STRING", "class":"0x7fb1f80b7578", "frozen":true, "embedded":true, "fstring":true, "bytesize":10, "value":"compatible", "encoding":"US-ASCII", "memsize":40, "flags":{"wb_protected":true, "old":true, "uncollectible":true, "marked":true}}
{"address":"0x7fb1f804eeb0", "type":"STRING", "class":"0x7fb1f80b7578", "embedded":true, "bytesize":3, "value":"bin", "encoding":"UTF-8", "memsize":40, "flags":{"wb_protected":true, "old":true, "uncollectible":true, "marked":true}}
{"address":"0x7fb1f804eed8", "type":"IMEMO", "class":"0x7fb1f804f518", "imemo_type":"ment", "memsize":48, "flags":{"wb_protected":true, "old":true, "uncollectible":true, "marked":true}}
{"address":"0x7fb1f804ef00", "type":"IMEMO", "class":"0x7fb1f804f518", "imemo_type":"ment", "memsize":48, "flags":{"wb_protected":true, "old":true, "uncollectible":true, "marked":true}}
{"address":"0x7fb1f804ef28", "type":"IMEMO", "class":"0x7fb1f804f518", "imemo_type":"ment", "memsize":48, "flags":{"wb_protected":true, "old":true, "uncollectible":true, "marked":true}}
{"address":"0x7fb1f804ef50", "type":"IMEMO", "class":"0x7fb1f804f518", "imemo_type":"ment", "memsize":48, "flags":{"wb_protected":true, "old":true, "uncollectible":true, "marked":true}}
{"address":"0x7fb1f804ef78", "type":"IMEMO", "class":"0x7fb1f804f518", "imemo_type":"ment", "memsize":48, "flags":{"wb_protected":true, "old":true, "uncollectible":true, "marked":true}}
{"address":"0x7fb1f804efa0", "type":"STRING", "class":"0x7fb1f80b7578", "frozen":true, "embedded":true, "fstring":true, "bytesize":11, "value":"rationalize", "encoding":"US-ASCII", "memsize":40, "flags":{"wb_protected":true, "old":true, "uncollectible":true, "marked":true}}
{"address":"0x7fb1f804efc8", "type":"STRING", "class":"0x7fb1f80b7578", "frozen":true, "embedded":true, "fstring":true, "bytesize":9, "value":"@platform", "encoding":"US-ASCII", "memsize":40, "flags":{"wb_protected":true, "old":true, "uncollectible":true, "marked":true}}
{"address":"0x7fb1f804eff0", "type":"IMEMO", "class":"0x7fb1f804f518", "imemo_type":"ment", "memsize":48, "flags":{"wb_protected":true, "old":true, "uncollectible":true, "marked":true}}
{"address":"0x7fb1f804f018", "type":"IMEMO", "class":"0x7fb1f804f518", "imemo_type":"ment", "memsize":48, "flags":{"wb_protected":true, "old":true, "uncollectible":true, "marked":true}}
{"address":"0x7fb1f804f040", "type":"IMEMO", "class":"0x7fb1f804f518", "imemo_type":"ment", "memsize":48, "flags":{"wb_protected":true, "old":true, "uncollectible":true, "marked":true}}
{"address":"0x7fb1f804f068", "type":"IMEMO", "class":"0x7fb1f804f518", "imemo_type":"ment", "memsize":48, "flags":{"wb_protected":true, "old":true, "uncollectible":true, "marked":true}}
{"address":"0x7fb1f804f090", "type":"IMEMO", "class":"0x7fb1f804f518", "imemo_type":"ment", "memsize":48, "flags":{"wb_protected":true, "old":true, "uncollectible":true, "marked":true}}
{"address":"0x7fb1f804f0b8", "type":"IMEMO", "class":"0x7fb1f804f518", "imemo_type":"ment", "memsize":48, "flags":{"wb_protected":true, "old":true, "uncollectible":true, "marked":true}}
{"address":"0x7fb1f804f0e0", "type":"IMEMO", "class":"0x7fb1f804f518", "imemo_type":"ment", "memsize":48, "flags":{"wb_protected":true, "old":true, "uncollectible":true, "marked":true}}
{"address":"0x7fb1f804f108", "type":"IMEMO", "class":"0x7fb1f804f518", "imemo_type":"ment", "memsize":48, "flags":{"wb_protected":true, "old":true, "uncollectible":true, "marked":true}}
{"address":"0x7fb1f804f130", "type":"IMEMO", "class":"0x7fb1f804f518", "imemo_type":"ment", "memsize":48, "flags":{"wb_protected":true, "old":true, "uncollectible":true, "marked":true}}
{"address":"0x7fb1f804f158", "type":"IMEMO", "class":"0x7fb1f804f518", "imemo_type":"ment", "memsize":48, "flags":{"wb_protected":true, "old":true, "uncollectible":true, "marked":true}}
{"address":"0x7fb1f804f180", "type":"IMEMO", "class":"0x7fb1f804f518", "imemo_type":"ment", "memsize":48, "flags":{"wb_protected":true, "old":true, "uncollectible":true, "marked":true}}
{"address":"0x7fb1f804f1a8", "type":"IMEMO", "class":"0x7fb1f804f518", "imemo_type":"ment", "memsize":48, "flags":{"wb_protected":true, "old":true, "uncollectible":true, "marked":true}}
{"address":"0x7fb1f804f1d0", "type":"IMEMO", "class":"0x7fb1f804f518", "imemo_type":"ment", "memsize":48, "flags":{"wb_protected":true, "old":true, "uncollectible":true, "marked":true}}
{"address":"0x7fb1f804f1f8", "type":"IMEMO", "class":"0x7fb1f804f518", "imemo_type":"ment", "memsize":48, "flags":{"wb_protected":true, "old":true, "uncollectible":true, "marked":true}}
{"address":"0x7fb1f804f220", "type":"IMEMO", "class":"0x7fb1f804f518", "imemo_type":"ment", "memsize":48, "flags":{"wb_protected":true, "old":true, "uncollectible":true, "marked":true}}
{"address":"0x7fb1f804f248", "type":"IMEMO", "class":"0x7fb1f804f518", "imemo_type":"ment", "memsize":48, "flags":{"wb_protected":true, "old":true, "uncollectible":true, "marked":true}}
{"address":"0x7fb1f804f270", "type":"IMEMO", "class":"0x7fb1f804f518", "imemo_type":"ment", "memsize":48, "flags":{"wb_protected":true, "old":true, "uncollectible":true, "marked":true}}
{"address":"0x7fb1f804f298", "type":"IMEMO", "class":"0x7fb1f804f518", "imemo_type":"ment", "memsize":48, "flags":{"wb_protected":true, "old":true, "uncollectible":true, "marked":true}}
{"address":"0x7fb1f804f2c0", "type":"IMEMO", "class":"0x7fb1f804f518", "imemo_type":"ment", "memsize":48, "flags":{"wb_protected":true, "old":true, "uncollectible":true, "marked":true}}
{"address":"0x7fb1f804f2e8", "type":"IMEMO", "class":"0x7fb1f804f518", "imemo_type":"ment", "memsize":48, "flags":{"wb_protected":true, "old":true, "uncollectible":true, "marked":true}}
{"address":"0x7fb1f804f310", "type":"IMEMO", "class":"0x7fb1f804f518", "imemo_type":"ment", "memsize":48, "flags":{"wb_protected":true, "old":true, "uncollectible":true, "marked":true}}
{"address":"0x7fb1f804f338", "type":"IMEMO", "class":"0x7fb1f804f518", "imemo_type":"ment", "memsize":48, "flags":{"wb_protected":true, "old":true, "uncollectible":true, "marked":true}}
{"address":"0x7fb1f804f360", "type":"IMEMO", "class":"0x7fb1f804f518", "imemo_type":"ment", "memsize":48, "flags":{"wb_protected":true, "old":true, "uncollectible":true, "marked":true}}
{"address":"0x7fb1f804f388", "type":"STRING", "class":"0x7fb1f80b7578", "frozen":true, "embedded":true, "fstring":true, "bytesize":11, "value":"denominator", "encoding":"US-ASCII", "memsize":40, "flags":{"wb_protected":true, "old":true, "uncollectible":true, "marked":true}}
{"address":"0x7fb1f804f3b0", "type":"STRING", "class":"0x7fb1f80b7578", "frozen":true, "fstring":true, "bytesize":36, "value":"bundler/vendor/thor/lib/thor/base.rb", "encoding":"UTF-8", "memsize":77, "flags":{"wb_protected":true, "old":true, "uncollectible":true, "marked":true}}
{"address":"0x7fb1f804f3d8", "type":"IMEMO", "class":"0x7fb1f804f518", "imemo_type":"ment", "memsize":48, "flags":{"wb_protected":true, "old":true, "uncollectible":true, "marked":true}}
{"address":"0x7fb1f804f400", "type":"STRING", "class":"0x7fb1f80b7578", "frozen":true, "embedded":true, "fstring":true, "bytesize":9, "value":"numerator", "encoding":"US-ASCII", "memsize":40, "flags":{"wb_protected":true, "old":true, "uncollectible":true, "marked":true}}
{"address":"0x7fb1f804f428", "type":"STRING", "class":"0x7fb1f80b7578", "frozen":true, "embedded":true, "fstring":true, "bytesize":6, "value":"@total", "encoding":"US-ASCII", "memsize":40, "flags":{"wb_protected":true, "old":true, "uncollectible":true, "marked":true}}
{"address":"0x7fb1f804f450", "type":"IMEMO", "class":"0x7fb1f80bfbb0", "imemo_type":"ment", "memsize":48, "flags":{"wb_protected":true, "old":true, "uncollectible":true, "marked":true}}
{"address":"0x7fb1f804f478", "type":"IMEMO", "imemo_type":"ment", "references":["0x7fb1f80c4ef8"], "memsize":48, "flags":{"wb_protected":true, "old":true, "uncollectible":true, "marked":true}}
{"address":"0x7fb1f804f4a0", "type":"IMEMO", "class":"0x7fb1f804f4f0", "imemo_type":"ment", "memsize":48, "flags":{"wb_protected":true, "old":true, "uncollectible":true, "marked":true}}
{"address":"0x7fb1f804f4c8", "type":"IMEMO", "class":"0x7fb1f804f4f0", "imemo_type":"ment", "memsize":48, "flags":{"wb_protected":true, "old":true, "uncollectible":true, "marked":true}}
{"address":"0x7fb1f804f4f0", "type":"CLASS", "class":"0x7fb1f80bf700", "name":"Class", "references":["0x7fb1f80a7bc8", "0x7fb1f804ea28", "0x7fb1f804f4c8", "0x7fb1f804f4a0", "0x7fb1f804f518"], "memsize":528, "flags":{"wb_protected":true, "old":true, "uncollectible":true, "marked":true}}
{"address":"0x7fb1f804f518", "type":"CLASS", "class":"0x7fb1f804f4f0", "name":"Rational", "references":["0x7fb1f80a7bf0", "0x7fb1f804f338", "0x7fb1f804f220", "0x7fb1f804f1f8", "0x7fb1f804f1d0", "0x7fb1f804ef28", "0x7fb1f804f040", "0x7fb1f804f018", "0x7fb1f804eff0", "0x7fb1f804f248", "0x7fb1f804f270", "0x7fb1f804f1a8", "0x7fb1f804eed8", "0x7fb1f804f130", "0x7fb1f804f108", "0x7fb1f804f2c0", "0x7fb1f804f310", "0x7fb1f804ef00", "0x7fb1f804f2e8", "0x7fb1f804f0e0", "0x7fb1f804f298", "0x7fb1f804f0b8", "0x7fb1f804f090", "0x7fb1f804f180", "0x7fb1f804f3d8", "0x7fb1f804f360", "0x7fb1f804f068", "0x7fb1f804f158", "0x7fb1f804ef78", "0x7fb1f804ef50", "0x7fb1f804f540", "0x7fb1f804ee60", "0x7fb1f805fb98"], "memsize":1576, "flags":{"wb_protected":true, "old":true, "uncollectible":true, "marked":true}}
{"address":"0x7fb1f804f540", "type":"STRING", "class":"0x7fb1f80b7578", "frozen":true, "embedded":true, "fstring":true, "bytesize":8, "value":"Rational", "encoding":"US-ASCII", "memsize":40, "flags":{"wb_protected":true, "old":true, "uncollectible":true, "marked":true}}
{"address":"0x7fb1f804f568", "type":"OBJECT", "class":"0x7fb1f8112db0", "ivars":49, "references":["0x7fb1f8045e50", "0x7fb1f804cca0", "0x7fb1f8054b08", "0x7fb1f804cc50", "0x7fb1f804fc98", "0x7fb1f800cce0", "0x7fb1f804c570", "0x7fb1f804d650", "0x7fb1f804cf48", "0x7fb1f804eeb0", "0x7fb1f804ed48", "0x7fb1f804e9d8", "0x7fb1f804e988", "0x7fb1f804e8e8", "0x7fb1f804e7f8", "0x7fb1f80456d0", "0x7fb1f804cbb0", "0x7fb1f804e5a0", "0x7fb1f804e370", "0x7fb1f804e2f8", "0x7fb1f804d010", "0x7fb1f804cb60", "0x7fb1f804d1f0", "0x7fb1f804dee8", "0x7fb1f80c6b68", "0x7fb1f804dd80", "0x7fb1f80b4418"], "memsize":432, "flags":{"wb_protected":true, "old":true, "uncollectible":true, "marked":true}}
{"address":"0x7fb1f804f590", "type":"STRING", "class":"0x7fb1f80b7578", "frozen":true, "embedded":true, "fstring":true, "bytesize":12, "value":"@denominator", "encoding":"US-ASCII", "memsize":40, "flags":{"wb_protected":true, "old":true, "uncollectible":true, "marked":true}}
{"address":"0x7fb1f804f5b8", "type":"STRING", "class":"0x7fb1f80b7578", "frozen":true, "fstring":true, "bytesize":56, "value":"bundler/vendor/thor/lib/thor/actions/inject_into_file.rb", "encoding":"UTF-8", "memsize":97, "flags":{"wb_protected":true, "old":true, "uncollectible":true, "marked":true}}
{"address":"0x7fb1f804f5e0", "type":"STRING", "class":"0x7fb1f80b7578", "frozen":true, "embedded":true, "fstring":true, "bytesize":10, "value":"@numerator", "encoding":"US-ASCII", "memsize":40, "flags":{"wb_protected":true, "old":true, "uncollectible":true, "marked":true}}
{"address":"0x7fb1f804f608", "type":"STRING", "class":"0x7fb1f80b7578", "frozen":true, "embedded":true, "fstring":true, "bytesize":4, "value":"@out", "encoding":"US-ASCII", "memsize":40, "flags":{"wb_protected":true, "old":true, "uncollectible":true, "marked":true}}
{"address":"0x7fb1f804f630", "type":"IMEMO", "class":"0x7fb1f804f7e8", "imemo_type":"ment", "memsize":48, "flags":{"wb_protected":true, "old":true, "uncollectible":true, "marked":true}}
{"address":"0x7fb1f804f658", "type":"IMEMO", "class":"0x7fb1f804f7e8", "imemo_type":"ment", "memsize":48, "flags":{"wb_protected":true, "old":true, "uncollectible":true, "marked":true}}
{"address":"0x7fb1f804f680", "type":"IMEMO", "class":"0x7fb1f804f7e8", "imemo_type":"ment", "memsize":48, "flags":{"wb_protected":true, "old":true, "uncollectible":true, "marked":true}}
{"address":"0x7fb1f804f6a8", "type":"IMEMO", "class":"0x7fb1f804f7e8", "imemo_type":"ment", "memsize":48, "flags":{"wb_protected":true, "old":true, "uncollectible":true, "marked":true}}
{"address":"0x7fb1f804f6d0", "type":"IMEMO", "class":"0x7fb1f804f7e8", "imemo_type":"ment", "memsize":48, "flags":{"wb_protected":true, "old":true, "uncollectible":true, "marked":true}}
{"address":"0x7fb1f804f6f8", "type":"IMEMO", "class":"0x7fb1f804f7c0", "imemo_type":"ment", "memsize":48, "flags":{"wb_protected":true, "old":true, "uncollectible":true, "marked":true}}
{"address":"0x7fb1f804f720", "type":"CLASS", "class":"0x7fb1f80bf700", "name":"Class", "references":["0x7fb1f80af260", "0x7fb1f804f748"], "memsize":464, "flags":{"wb_protected":true, "old":true, "uncollectible":true, "marked":true}}
{"address":"0x7fb1f804f748", "type":"CLASS", "class":"0x7fb1f804f720", "name":"FiberError", "references":["0x7fb1f80af288", "0x7fb1f804f770"], "memsize":464, "flags":{"wb_protected":true, "old":true, "uncollectible":true, "marked":true}}
{"address":"0x7fb1f804f770", "type":"STRING", "class":"0x7fb1f80b7578", "frozen":true, "embedded":true, "fstring":true, "bytesize":10, "value":"FiberError", "encoding":"US-ASCII", "memsize":40, "flags":{"wb_protected":true, "old":true, "uncollectible":true, "marked":true}}
{"address":"0x7fb1f804f798", "type":"STRING", "class":"0x7fb1f80b7578", "frozen":true, "fstring":true, "bytesize":57, "value":"bundler/vendor/thor/lib/thor/actions/file_manipulation.rb", "encoding":"UTF-8", "memsize":98, "flags":{"wb_protected":true, "old":true, "uncollectible":true, "marked":true}}
{"address":"0x7fb1f804f7c0", "type":"CLASS", "class":"0x7fb1f80bf700", "name":"Class", "references":["0x7fb1f80bf6b0", "0x7fb1f804f6f8", "0x7fb1f804f7e8"], "memsize":528, "flags":{"wb_protected":true, "old":true, "uncollectible":true, "marked":true}}
{"address":"0x7fb1f804f7e8", "type":"CLASS", "class":"0x7fb1f804f7c0", "name":"Fiber", "references":["0x7fb1f80c5240", "0x7fb1f804f6a8", "0x7fb1f804f6d0", "0x7fb1f804f630", "0x7fb1f804f680", "0x7fb1f804f658", "0x7fb1f804f810"], "memsize":592, "flags":{"wb_protected":true, "old":true, "uncollectible":true, "marked":true}}
{"address":"0x7fb1f804f810", "type":"STRING", "class":"0x7fb1f80b7578", "frozen":true, "embedded":true, "fstring":true, "bytesize":5, "value":"Fiber", "encoding":"US-ASCII", "memsize":40, "flags":{"wb_protected":true, "old":true, "uncollectible":true, "marked":true}}
{"address":"0x7fb1f804f838", "type":"STRING", "class":"0x7fb1f80b7578", "frozen":true, "fstring":true, "bytesize":55, "value":"bundler/vendor/thor/lib/thor/actions/empty_directory.rb", "encoding":"UTF-8", "memsize":96, "flags":{"wb_protected":true, "old":true, "uncollectible":true, "marked":true}}
{"address":"0x7fb1f804f860", "type":"IMEMO", "class":"0x7fb1f80541a8", "imemo_type":"ment", "memsize":48, "flags":{"wb_protected":true, "old":true, "uncollectible":true, "marked":true}}
{"address":"0x7fb1f804f888", "type":"IMEMO", "imemo_type":"ment", "references":["0x7fb1f8054298"], "memsize":48, "flags":{"wb_protected":true, "old":true, "uncollectible":true, "marked":true}}
{"address":"0x7fb1f804f8b0", "type":"STRING", "class":"0x7fb1f80b7578", "frozen":true, "embedded":true, "fstring":true, "bytesize":9, "value":"issetugid", "encoding":"US-ASCII", "memsize":40, "flags":{"wb_protected":true, "old":true, "uncollectible":true, "marked":true}}
{"address":"0x7fb1f804f8d8", "type":"STRING", "class":"0x7fb1f80b7578", "frozen":true, "fstring":true, "bytesize":49, "value":"bundler/vendor/thor/lib/thor/actions/directory.rb", "encoding":"UTF-8", "memsize":90, "flags":{"wb_protected":true, "old":true, "uncollectible":true, "marked":true}}
{"address":"0x7fb1f804f900", "type":"IMEMO", "class":"0x7fb1f80541a8", "imemo_type":"ment", "memsize":48, "flags":{"wb_protected":true, "old":true, "uncollectible":true, "marked":true}}
{"address":"0x7fb1f804f928", "type":"IMEMO", "imemo_type":"ment", "references":["0x7fb1f8054298"], "memsize":48, "flags":{"wb_protected":true, "old":true, "uncollectible":true, "marked":true}}
{"address":"0x7fb1f804f950", "type":"STRING", "class":"0x7fb1f80b7578", "frozen":true, "embedded":true, "fstring":true, "bytesize":9, "value":"setresgid", "encoding":"US-ASCII", "memsize":40, "flags":{"wb_protected":true, "old":true, "uncollectible":true, "marked":true}}
{"address":"0x7fb1f804f978", "type":"STRING", "class":"0x7fb1f80b7578", "frozen":true, "fstring":true, "bytesize":51, "value":"bundler/vendor/thor/lib/thor/actions/create_link.rb", "encoding":"UTF-8", "memsize":92, "flags":{"wb_protected":true, "old":true, "uncollectible":true, "marked":true}}
{"address":"0x7fb1f804f9a0", "type":"IMEMO", "class":"0x7fb1f80541a8", "imemo_type":"ment", "memsize":48, "flags":{"wb_protected":true, "old":true, "uncollectible":true, "marked":true}}
{"address":"0x7fb1f804f9c8", "type":"IMEMO", "imemo_type":"ment", "references":["0x7fb1f8054298"], "memsize":48, "flags":{"wb_protected":true, "old":true, "uncollectible":true, "marked":true}}
{"address":"0x7fb1f804f9f0", "type":"STRING", "class":"0x7fb1f80b7578", "frozen":true, "embedded":true, "fstring":true, "bytesize":9, "value":"setresuid", "encoding":"US-ASCII", "memsize":40, "flags":{"wb_protected":true, "old":true, "uncollectible":true, "marked":true}}
{"address":"0x7fb1f804fa18", "type":"STRING", "class":"0x7fb1f80b7578", "frozen":true, "embedded":true, "fstring":true, "bytesize":14, "value":"powerpc-darwin", "encoding":"UTF-8", "memsize":40, "flags":{"wb_protected":true, "old":true, "uncollectible":true, "marked":true}}
{"address":"0x7fb1f804fa40", "type":"IMEMO", "class":"0x7fb1f80541a8", "imemo_type":"ment", "memsize":48, "flags":{"wb_protected":true, "old":true, "uncollectible":true, "marked":true}}
{"address":"0x7fb1f804fa68", "type":"IMEMO", "imemo_type":"ment", "references":["0x7fb1f8054298"], "memsize":48, "flags":{"wb_protected":true, "old":true, "uncollectible":true, "marked":true}}
{"address":"0x7fb1f804fa90", "type":"STRING", "class":"0x7fb1f80b7578", "frozen":true, "embedded":true, "fstring":true, "bytesize":8, "value":"setregid", "encoding":"US-ASCII", "memsize":40, "flags":{"wb_protected":true, "old":true, "uncollectible":true, "marked":true}}
{"address":"0x7fb1f804fab8", "type":"STRING", "class":"0x7fb1f80b7578", "frozen":true, "fstring":true, "bytesize":51, "value":"bundler/vendor/thor/lib/thor/actions/create_file.rb", "encoding":"UTF-8", "memsize":92, "flags":{"wb_protected":true, "old":true, "uncollectible":true, "marked":true}}
{"address":"0x7fb1f804fae0", "type":"IMEMO", "class":"0x7fb1f80541a8", "imemo_type":"ment", "memsize":48, "flags":{"wb_protected":true, "old":true, "uncollectible":true, "marked":true}}
{"address":"0x7fb1f804fb08", "type":"IMEMO", "imemo_type":"ment", "references":["0x7fb1f8054298"], "memsize":48, "flags":{"wb_protected":true, "old":true, "uncollectible":true, "marked":true}}
{"address":"0x7fb1f804fb30", "type":"STRING", "class":"0x7fb1f80b7578", "frozen":true, "embedded":true, "fstring":true, "bytesize":8, "value":"setreuid", "encoding":"US-ASCII", "memsize":40, "flags":{"wb_protected":true, "old":true, "uncollectible":true, "marked":true}}
{"address":"0x7fb1f804fb58", "type":"STRING", "class":"0x7fb1f80b7578", "frozen":true, "embedded":true, "fstring":true, "bytesize":10, "value":"io-console", "encoding":"UTF-8", "memsize":40, "flags":{"wb_protected":true, "old":true, "uncollectible":true, "marked":true}}
{"address":"0x7fb1f804fb80", "type":"IMEMO", "class":"0x7fb1f80541a8", "imemo_type":"ment", "memsize":48, "flags":{"wb_protected":true, "old":true, "uncollectible":true, "marked":true}}
{"address":"0x7fb1f804fba8", "type":"IMEMO", "imemo_type":"ment", "references":["0x7fb1f8054298"], "memsize":48, "flags":{"wb_protected":true, "old":true, "uncollectible":true, "marked":true}}
{"address":"0x7fb1f804fbd0", "type":"STRING", "class":"0x7fb1f80b7578", "frozen":true, "embedded":true, "fstring":true, "bytesize":7, "value":"setegid", "encoding":"US-ASCII", "memsize":40, "flags":{"wb_protected":true, "old":true, "uncollectible":true, "marked":true}}
{"address":"0x7fb1f804fbf8", "type":"STRING", "class":"0x7fb1f80b7578", "frozen":true, "embedded":true, "fstring":true, "bytesize":12, "value":"Ruby License", "encoding":"UTF-8", "memsize":40, "flags":{"wb_protected":true, "old":true, "uncollectible":true, "marked":true}}
{"address":"0x7fb1f804fc20", "type":"IMEMO", "class":"0x7fb1f80541a8", "imemo_type":"ment", "memsize":48, "flags":{"wb_protected":true, "old":true, "uncollectible":true, "marked":true}}
{"address":"0x7fb1f804fc48", "type":"IMEMO", "imemo_type":"ment", "references":["0x7fb1f8054298"], "memsize":48, "flags":{"wb_protected":true, "old":true, "uncollectible":true, "marked":true}}
{"address":"0x7fb1f804fc70", "type":"STRING", "class":"0x7fb1f80b7578", "frozen":true, "embedded":true, "fstring":true, "bytesize":7, "value":"seteuid", "encoding":"US-ASCII", "memsize":40, "flags":{"wb_protected":true, "old":true, "uncollectible":true, "marked":true}}
{"address":"0x7fb1f804fc98", "type":"STRING", "class":"0x7fb1f80b7578", "frozen":true, "fstring":true, "bytesize":30, "value":"https://github.com/ruby/reline", "encoding":"UTF-8", "memsize":71, "flags":{"wb_protected":true, "old":true, "uncollectible":true, "marked":true}}
{"address":"0x7fb1f804fcc0", "type":"IMEMO", "class":"0x7fb1f80541a8", "imemo_type":"ment", "memsize":48, "flags":{"wb_protected":true, "old":true, "uncollectible":true, "marked":true}}
{"address":"0x7fb1f804fce8", "type":"IMEMO", "imemo_type":"ment", "references":["0x7fb1f8054298"], "memsize":48, "flags":{"wb_protected":true, "old":true, "uncollectible":true, "marked":true}}
{"address":"0x7fb1f804fd10", "type":"STRING", "class":"0x7fb1f80b7578", "frozen":true, "embedded":true, "fstring":true, "bytesize":7, "value":"setrgid", "encoding":"US-ASCII", "memsize":40, "flags":{"wb_protected":true, "old":true, "uncollectible":true, "marked":true}}
{"address":"0x7fb1f804fd38", "type":"STRING", "class":"0x7fb1f80b7578", "frozen":true, "embedded":true, "fstring":true, "bytesize":17, "value":"reline/windows.rb", "encoding":"UTF-8", "memsize":40, "flags":{"wb_protected":true, "old":true, "uncollectible":true, "marked":true}}
{"address":"0x7fb1f804fd60", "type":"IMEMO", "class":"0x7fb1f80541a8", "imemo_type":"ment", "memsize":48, "flags":{"wb_protected":true, "old":true, "uncollectible":true, "marked":true}}
{"address":"0x7fb1f804fd88", "type":"IMEMO", "imemo_type":"ment", "references":["0x7fb1f8054298"], "memsize":48, "flags":{"wb_protected":true, "old":true, "uncollectible":true, "marked":true}}
{"address":"0x7fb1f804fdb0", "type":"STRING", "class":"0x7fb1f80b7578", "frozen":true, "embedded":true, "fstring":true, "bytesize":7, "value":"setruid", "encoding":"US-ASCII", "memsize":40, "flags":{"wb_protected":true, "old":true, "uncollectible":true, "marked":true}}
{"address":"0x7fb1f804fdd8", "type":"STRING", "class":"0x7fb1f80b7578", "frozen":true, "embedded":true, "fstring":true, "bytesize":17, "value":"reline/version.rb", "encoding":"UTF-8", "memsize":40, "flags":{"wb_protected":true, "old":true, "uncollectible":true, "marked":true}}
{"address":"0x7fb1f804fe00", "type":"IMEMO", "class":"0x7fb1f80541a8", "imemo_type":"ment", "memsize":48, "flags":{"wb_protected":true, "old":true, "uncollectible":true, "marked":true}}
{"address":"0x7fb1f804fe28", "type":"IMEMO", "imemo_type":"ment", "references":["0x7fb1f8054298"], "memsize":48, "flags":{"wb_protected":true, "old":true, "uncollectible":true, "marked":true}}
{"address":"0x7fb1f804fe50", "type":"STRING", "class":"0x7fb1f80b7578", "frozen":true, "embedded":true, "fstring":true, "bytesize":6, "value":"setgid", "encoding":"US-ASCII", "memsize":40, "flags":{"wb_protected":true, "old":true, "uncollectible":true, "marked":true}}
{"address":"0x7fb1f804fe78", "type":"STRING", "class":"0x7fb1f80b7578", "frozen":true, "embedded":true, "fstring":true, "bytesize":10, "value":"i586-linux", "encoding":"UTF-8", "memsize":40, "flags":{"wb_protected":true, "old":true, "uncollectible":true, "marked":true}}
{"address":"0x7fb1f804fea0", "type":"IMEMO", "class":"0x7fb1f80541a8", "imemo_type":"ment", "memsize":48, "flags":{"wb_protected":true, "old":true, "uncollectible":true, "marked":true}}
{"address":"0x7fb1f804fec8", "type":"IMEMO", "imemo_type":"ment", "references":["0x7fb1f8054298"], "memsize":48, "flags":{"wb_protected":true, "old":true, "uncollectible":true, "marked":true}}
{"address":"0x7fb1f804fef0", "type":"STRING", "class":"0x7fb1f80b7578", "frozen":true, "embedded":true, "fstring":true, "bytesize":6, "value":"setuid", "encoding":"US-ASCII", "memsize":40, "flags":{"wb_protected":true, "old":true, "uncollectible":true, "marked":true}}
{"address":"0x7fb1f804ff18", "type":"STRING", "class":"0x7fb1f80b7578", "frozen":true, "fstring":true, "bytesize":34, "value":"reline/unicode/east_asian_width.rb", "encoding":"UTF-8", "memsize":75, "flags":{"wb_protected":true, "old":true, "uncollectible":true, "marked":true}}
{"address":"0x7fb1f804ff40", "type":"IMEMO", "class":"0x7fb1f80541a8", "imemo_type":"ment", "memsize":48, "flags":{"wb_protected":true, "old":true, "uncollectible":true, "marked":true}}
{"address":"0x7fb1f804ff68", "type":"IMEMO", "imemo_type":"ment", "references":["0x7fb1f8054298"], "memsize":48, "flags":{"wb_protected":true, "old":true, "uncollectible":true, "marked":true}}
{"address":"0x7fb1f804ff90", "type":"STRING", "class":"0x7fb1f80b7578", "frozen":true, "embedded":true, "fstring":true, "bytesize":7, "value":"getegid", "encoding":"US-ASCII", "memsize":40, "flags":{"wb_protected":true, "old":true, "uncollectible":true, "marked":true}}
{"address":"0x7fb1f8054018", "type":"STRING", "class":"0x7fb1f80b7578", "frozen":true, "embedded":true, "fstring":true, "bytesize":21, "value":"reline/line_editor.rb", "encoding":"UTF-8", "memsize":40, "flags":{"wb_protected":true, "old":true, "uncollectible":true, "marked":true}}
{"address":"0x7fb1f8054040", "type":"IMEMO", "class":"0x7fb1f80541a8", "imemo_type":"ment", "memsize":48, "flags":{"wb_protected":true, "old":true, "uncollectible":true, "marked":true}}
{"address":"0x7fb1f8054068", "type":"IMEMO", "imemo_type":"ment", "references":["0x7fb1f8054298"], "memsize":48, "flags":{"wb_protected":true, "old":true, "uncollectible":true, "marked":true}}
{"address":"0x7fb1f8054090", "type":"STRING", "class":"0x7fb1f80b7578", "frozen":true, "embedded":true, "fstring":true, "bytesize":6, "value":"getgid", "encoding":"US-ASCII", "memsize":40, "flags":{"wb_protected":true, "old":true, "uncollectible":true, "marked":true}}
{"address":"0x7fb1f80540b8", "type":"STRING", "class":"0x7fb1f80b7578", "frozen":true, "embedded":true, "fstring":true, "bytesize":19, "value":"reline/kill_ring.rb", "encoding":"UTF-8", "memsize":40, "flags":{"wb_protected":true, "old":true, "uncollectible":true, "marked":true}}
{"address":"0x7fb1f80540e0", "type":"IMEMO", "class":"0x7fb1f80541a8", "imemo_type":"ment", "memsize":48, "flags":{"wb_protected":true, "old":true, "uncollectible":true, "marked":true}}
{"address":"0x7fb1f8054108", "type":"IMEMO", "imemo_type":"ment", "references":["0x7fb1f8054298"], "memsize":48, "flags":{"wb_protected":true, "old":true, "uncollectible":true, "marked":true}}
{"address":"0x7fb1f8054130", "type":"STRING", "class":"0x7fb1f80b7578", "frozen":true, "embedded":true, "fstring":true, "bytesize":7, "value":"geteuid", "encoding":"US-ASCII", "memsize":40, "flags":{"wb_protected":true, "old":true, "uncollectible":true, "marked":true}}
{"address":"0x7fb1f8054158", "type":"STRING", "class":"0x7fb1f80b7578", "frozen":true, "embedded":true, "fstring":true, "bytesize":20, "value":"reline/key_stroke.rb", "encoding":"UTF-8", "memsize":40, "flags":{"wb_protected":true, "old":true, "uncollectible":true, "marked":true}}
{"address":"0x7fb1f8054180", "type":"IMEMO", "class":"0x7fb1f80541a8", "imemo_type":"ment", "memsize":48, "flags":{"wb_protected":true, "old":true, "uncollectible":true, "marked":true}}
{"address":"0x7fb1f80541a8", "type":"CLASS", "class":"0x7fb1f80bf6d8", "name":"Module", "references":["0x7fb1f80c51c8", "0x7fb1f8054180", "0x7fb1f80540e0", "0x7fb1f8054040", "0x7fb1f804ff40", "0x7fb1f804fea0", "0x7fb1f804fe00", "0x7fb1f804fd60", "0x7fb1f804fcc0", "0x7fb1f804fc20", "0x7fb1f804fb80", "0x7fb1f804fae0", "0x7fb1f804fa40", "0x7fb1f804f9a0", "0x7fb1f804f900", "0x7fb1f804f860", "0x7fb1f8054298"], "memsize":976, "flags":{"wb_protected":true, "old":true, "uncollectible":true, "marked":true}}
{"address":"0x7fb1f80541d0", "type":"IMEMO", "imemo_type":"ment", "references":["0x7fb1f8054298"], "memsize":48, "flags":{"wb_protected":true, "old":true, "uncollectible":true, "marked":true}}
{"address":"0x7fb1f80541f8", "type":"STRING", "class":"0x7fb1f80b7578", "frozen":true, "embedded":true, "fstring":true, "bytesize":6, "value":"getuid", "encoding":"US-ASCII", "memsize":40, "flags":{"wb_protected":true, "old":true, "uncollectible":true, "marked":true}}
{"address":"0x7fb1f8054220", "type":"STRING", "class":"0x7fb1f80b7578", "frozen":true, "fstring":true, "bytesize":29, "value":"reline/key_actor/vi_insert.rb", "encoding":"UTF-8", "memsize":70, "flags":{"wb_protected":true, "old":true, "uncollectible":true, "marked":true}}
{"address":"0x7fb1f8054248", "type":"STRING", "class":"0x7fb1f80b7578", "frozen":true, "embedded":true, "bytesize":12, "value":"Process::Sys", "encoding":"US-ASCII", "memsize":40, "flags":{"wb_protected":true, "old":true, "uncollectible":true, "marked":true}}
{"address":"0x7fb1f8054270", "type":"STRING", "class":"0x7fb1f80b7578", "frozen":true, "fstring":true, "bytesize":30, "value":"reline/key_actor/vi_command.rb", "encoding":"UTF-8", "memsize":71, "flags":{"wb_protected":true, "old":true, "uncollectible":true, "marked":true}}
{"address":"0x7fb1f8054298", "type":"MODULE", "class":"0x7fb1f80541a8", "name":"Process::Sys", "references":["0x7fb1f80541d0", "0x7fb1f8054108", "0x7fb1f8054068", "0x7fb1f804ff68", "0x7fb1f804fec8", "0x7fb1f804fe28", "0x7fb1f804fd88", "0x7fb1f804fce8", "0x7fb1f804fc48", "0x7fb1f804fba8", "0x7fb1f804fb08", "0x7fb1f804fa68", "0x7fb1f804f9c8", "0x7fb1f804f928", "0x7fb1f804f888", "0x7fb1f8054248"], "memsize":976, "flags":{"wb_protected":true, "old":true, "uncollectible":true, "marked":true}}
{"address":"0x7fb1f80542c0", "type":"STRING", "class":"0x7fb1f80b7578", "frozen":true, "embedded":true, "fstring":true, "bytesize":3, "value":"Sys", "encoding":"US-ASCII", "memsize":40, "flags":{"wb_protected":true, "old":true, "uncollectible":true, "marked":true}}
{"address":"0x7fb1f80542e8", "type":"STRING", "class":"0x7fb1f80b7578", "frozen":true, "embedded":true, "fstring":true, "bytesize":7, "value":"mswin32", "encoding":"UTF-8", "memsize":40, "flags":{"wb_protected":true, "old":true, "uncollectible":true, "marked":true}}
{"address":"0x7fb1f8054310", "type":"IMEMO", "class":"0x7fb1f8054b58", "imemo_type":"ment", "memsize":48, "flags":{"wb_protected":true, "old":true, "uncollectible":true, "marked":true}}
{"address":"0x7fb1f8054338", "type":"IMEMO", "imemo_type":"ment", "references":["0x7fb1f8054cc0"], "memsize":48, "flags":{"wb_protected":true, "old":true, "uncollectible":true, "marked":true}}
{"address":"0x7fb1f8054360", "type":"IMEMO", "class":"0x7fb1f8054bd0", "imemo_type":"ment", "memsize":48, "flags":{"wb_protected":true, "old":true, "uncollectible":true, "marked":true}}
{"address":"0x7fb1f8054388", "type":"IMEMO", "imemo_type":"ment", "references":["0x7fb1f8054d88"], "memsize":48, "flags":{"wb_protected":true, "old":true, "uncollectible":true, "marked":true}}
{"address":"0x7fb1f80543b0", "type":"STRING", "class":"0x7fb1f80b7578", "frozen":true, "embedded":true, "fstring":true, "bytesize":9, "value":"from_name", "encoding":"US-ASCII", "memsize":40, "flags":{"wb_protected":true, "old":true, "uncollectible":true, "marked":true}}
{"address":"0x7fb1f80543d8", "type":"STRING", "class":"0x7fb1f80b7578", "frozen":true, "fstring":true, "bytesize":25, "value":"reline/key_actor/emacs.rb", "encoding":"UTF-8", "memsize":66, "flags":{"wb_protected":true, "old":true, "uncollectible":true, "marked":true}}
{"address":"0x7fb1f8054400", "type":"IMEMO", "class":"0x7fb1f8054b58", "imemo_type":"ment", "memsize":48, "flags":{"wb_protected":true, "old":true, "uncollectible":true, "marked":true}}
{"address":"0x7fb1f8054428", "type":"IMEMO", "imemo_type":"ment", "references":["0x7fb1f8054cc0"], "memsize":48, "flags":{"wb_protected":true, "old":true, "uncollectible":true, "marked":true}}
{"address":"0x7fb1f8054450", "type":"IMEMO", "class":"0x7fb1f8054bd0", "imemo_type":"ment", "memsize":48, "flags":{"wb_protected":true, "old":true, "uncollectible":true, "marked":true}}
{"address":"0x7fb1f8054478", "type":"IMEMO", "imemo_type":"ment", "references":["0x7fb1f8054d88"], "memsize":48, "flags":{"wb_protected":true, "old":true, "uncollectible":true, "marked":true}}
{"address":"0x7fb1f80544a0", "type":"STRING", "class":"0x7fb1f80b7578", "frozen":true, "embedded":true, "fstring":true, "bytesize":6, "value":"switch", "encoding":"US-ASCII", "memsize":40, "flags":{"wb_protected":true, "old":true, "uncollectible":true, "marked":true}}
{"address":"0x7fb1f80544c8", "type":"STRING", "class":"0x7fb1f80b7578", "frozen":true, "fstring":true, "bytesize":24, "value":"reline/key_actor/base.rb", "encoding":"UTF-8", "memsize":65, "flags":{"wb_protected":true, "old":true, "uncollectible":true, "marked":true}}
{"address":"0x7fb1f80544f0", "type":"IMEMO", "class":"0x7fb1f8054b58", "imemo_type":"ment", "memsize":48, "flags":{"wb_protected":true, "old":true, "uncollectible":true, "marked":true}}
{"address":"0x7fb1f8054518", "type":"IMEMO", "imemo_type":"ment", "references":["0x7fb1f8054cc0"], "memsize":48, "flags":{"wb_protected":true, "old":true, "uncollectible":true, "marked":true}}
{"address":"0x7fb1f8054540", "type":"IMEMO", "class":"0x7fb1f8054bd0", "imemo_type":"ment", "memsize":48, "flags":{"wb_protected":true, "old":true, "uncollectible":true, "marked":true}}
{"address":"0x7fb1f8054568", "type":"IMEMO", "imemo_type":"ment", "references":["0x7fb1f8054d88"], "memsize":48, "flags":{"wb_protected":true, "old":true, "uncollectible":true, "marked":true}}
{"address":"0x7fb1f8054590", "type":"STRING", "class":"0x7fb1f80b7578", "frozen":true, "embedded":true, "fstring":true, "bytesize":14, "value":"sid_available?", "encoding":"US-ASCII", "memsize":40, "flags":{"wb_protected":true, "old":true, "uncollectible":true, "marked":true}}
{"address":"0x7fb1f80545b8", "type":"STRING", "class":"0x7fb1f80b7578", "frozen":true, "embedded":true, "fstring":true, "bytesize":19, "value":"reline/key_actor.rb", "encoding":"UTF-8", "memsize":40, "flags":{"wb_protected":true, "old":true, "uncollectible":true, "marked":true}}
{"address":"0x7fb1f80545e0", "type":"IMEMO", "class":"0x7fb1f8054b58", "imemo_type":"ment", "memsize":48, "flags":{"wb_protected":true, "old":true, "uncollectible":true, "marked":true}}
{"address":"0x7fb1f8054608", "type":"IMEMO", "imemo_type":"ment", "references":["0x7fb1f8054cc0"], "memsize":48, "flags":{"wb_protected":true, "old":true, "uncollectible":true, "marked":true}}
{"address":"0x7fb1f8054630", "type":"IMEMO", "class":"0x7fb1f8054bd0", "imemo_type":"ment", "memsize":48, "flags":{"wb_protected":true, "old":true, "uncollectible":true, "marked":true}}
{"address":"0x7fb1f8054658", "type":"IMEMO", "imemo_type":"ment", "references":["0x7fb1f8054d88"], "memsize":48, "flags":{"wb_protected":true, "old":true, "uncollectible":true, "marked":true}}
{"address":"0x7fb1f8054680", "type":"STRING", "class":"0x7fb1f80b7578", "frozen":true, "embedded":true, "fstring":true, "bytesize":16, "value":"re_exchangeable?", "encoding":"US-ASCII", "memsize":40, "flags":{"wb_protected":true, "old":true, "uncollectible":true, "marked":true}}
{"address":"0x7fb1f80546a8", "type":"STRING", "class":"0x7fb1f80b7578", "frozen":true, "embedded":true, "fstring":true, "bytesize":17, "value":"reline/history.rb", "encoding":"UTF-8", "memsize":40, "flags":{"wb_protected":true, "old":true, "uncollectible":true, "marked":true}}
{"address":"0x7fb1f80546d0", "type":"IMEMO", "class":"0x7fb1f8054b58", "imemo_type":"ment", "memsize":48, "flags":{"wb_protected":true, "old":true, "uncollectible":true, "marked":true}}
{"address":"0x7fb1f80546f8", "type":"IMEMO", "imemo_type":"ment", "references":["0x7fb1f8054cc0"], "memsize":48, "flags":{"wb_protected":true, "old":true, "uncollectible":true, "marked":true}}
{"address":"0x7fb1f8054720", "type":"IMEMO", "class":"0x7fb1f8054bd0", "imemo_type":"ment", "memsize":48, "flags":{"wb_protected":true, "old":true, "uncollectible":true, "marked":true}}
{"address":"0x7fb1f8054748", "type":"IMEMO", "imemo_type":"ment", "references":["0x7fb1f8054d88"], "memsize":48, "flags":{"wb_protected":true, "old":true, "uncollectible":true, "marked":true}}
{"address":"0x7fb1f8054770", "type":"STRING", "class":"0x7fb1f80b7578", "frozen":true, "embedded":true, "fstring":true, "bytesize":11, "value":"re_exchange", "encoding":"US-ASCII", "memsize":40, "flags":{"wb_protected":true, "old":true, "uncollectible":true, "marked":true}}
{"address":"0x7fb1f8054798", "type":"STRING", "class":"0x7fb1f80b7578", "frozen":true, "embedded":true, "fstring":true, "bytesize":20, "value":"reline/general_io.rb", "encoding":"UTF-8", "memsize":40, "flags":{"wb_protected":true, "old":true, "uncollectible":true, "marked":true}}
{"address":"0x7fb1f80547c0", "type":"IMEMO", "class":"0x7fb1f8054b58", "imemo_type":"ment", "memsize":48, "flags":{"wb_protected":true, "old":true, "uncollectible":true, "marked":true}}
{"address":"0x7fb1f80547e8", "type":"IMEMO", "class":"0x7fb1f8054bd0", "imemo_type":"ment", "memsize":48, "flags":{"wb_protected":true, "old":true, "uncollectible":true, "marked":true}}
{"address":"0x7fb1f8054810", "type":"STRING", "class":"0x7fb1f80b7578", "frozen":true, "embedded":true, "fstring":true, "bytesize":4, "value":"eid=", "encoding":"US-ASCII", "memsize":40, "flags":{"wb_protected":true, "old":true, "uncollectible":true, "marked":true}}
{"address":"0x7fb1f8054838", "type":"STRING", "class":"0x7fb1f80b7578", "frozen":true, "embedded":true, "fstring":true, "bytesize":16, "value":"reline/config.rb", "encoding":"UTF-8", "memsize":40, "flags":{"wb_protected":true, "old":true, "uncollectible":true, "marked":true}}
{"address":"0x7fb1f8054860", "type":"IMEMO", "class":"0x7fb1f8054b58", "imemo_type":"ment", "memsize":48, "flags":{"wb_protected":true, "old":true, "uncollectible":true, "marked":true}}
{"address":"0x7fb1f8054888", "type":"IMEMO", "imemo_type":"ment", "references":["0x7fb1f8054cc0"], "memsize":48, "flags":{"wb_protected":true, "old":true, "uncollectible":true, "marked":true}}
{"address":"0x7fb1f80548b0", "type":"IMEMO", "class":"0x7fb1f8054bd0", "imemo_type":"ment", "memsize":48, "flags":{"wb_protected":true, "old":true, "uncollectible":true, "marked":true}}
{"address":"0x7fb1f80548d8", "type":"IMEMO", "imemo_type":"ment", "references":["0x7fb1f8054d88"], "memsize":48, "flags":{"wb_protected":true, "old":true, "uncollectible":true, "marked":true}}
{"address":"0x7fb1f8054900", "type":"STRING", "class":"0x7fb1f80b7578", "frozen":true, "embedded":true, "fstring":true, "bytesize":15, "value":"grant_privilege", "encoding":"US-ASCII", "memsize":40, "flags":{"wb_protected":true, "old":true, "uncollectible":true, "marked":true}}
{"address":"0x7fb1f8054928", "type":"STRING", "class":"0x7fb1f80b7578", "frozen":true, "embedded":true, "fstring":true, "bytesize":14, "value":"reline/ansi.rb", "encoding":"UTF-8", "memsize":40, "flags":{"wb_protected":true, "old":true, "uncollectible":true, "marked":true}}
{"address":"0x7fb1f8054950", "type":"IMEMO", "class":"0x7fb1f8054b58", "imemo_type":"ment", "memsize":48, "flags":{"wb_protected":true, "old":true, "uncollectible":true, "marked":true}}
{"address":"0x7fb1f8054978", "type":"IMEMO", "imemo_type":"ment", "references":["0x7fb1f8054cc0"], "memsize":48, "flags":{"wb_protected":true, "old":true, "uncollectible":true, "marked":true}}
{"address":"0x7fb1f80549a0", "type":"IMEMO", "class":"0x7fb1f8054bd0", "imemo_type":"ment", "memsize":48, "flags":{"wb_protected":true, "old":true, "uncollectible":true, "marked":true}}
{"address":"0x7fb1f80549c8", "type":"IMEMO", "imemo_type":"ment", "references":["0x7fb1f8054d88"], "memsize":48, "flags":{"wb_protected":true, "old":true, "uncollectible":true, "marked":true}}
{"address":"0x7fb1f80549f0", "type":"STRING", "class":"0x7fb1f80b7578", "frozen":true, "embedded":true, "fstring":true, "bytesize":16, "value":"change_privilege", "encoding":"US-ASCII", "memsize":40, "flags":{"wb_protected":true, "old":true, "uncollectible":true, "marked":true}}
{"address":"0x7fb1f8054a18", "type":"STRING", "class":"0x7fb1f80b7578", "frozen":true, "embedded":true, "fstring":true, "bytesize":9, "value":"reline.rb", "encoding":"UTF-8", "memsize":40, "flags":{"wb_protected":true, "old":true, "uncollectible":true, "marked":true}}
{"address":"0x7fb1f8054a40", "type":"IMEMO", "class":"0x7fb1f8054b58", "imemo_type":"ment", "memsize":48, "flags":{"wb_protected":true, "old":true, "uncollectible":true, "marked":true}}
{"address":"0x7fb1f8054a68", "type":"IMEMO", "imemo_type":"ment", "references":["0x7fb1f8054cc0"], "memsize":48, "flags":{"wb_protected":true, "old":true, "uncollectible":true, "marked":true}}
{"address":"0x7fb1f8054a90", "type":"IMEMO", "class":"0x7fb1f8054bd0", "imemo_type":"ment", "memsize":48, "flags":{"wb_protected":true, "old":true, "uncollectible":true, "marked":true}}
{"address":"0x7fb1f8054ab8", "type":"IMEMO", "imemo_type":"ment", "references":["0x7fb1f8054d88"], "memsize":48, "flags":{"wb_protected":true, "old":true, "uncollectible":true, "marked":true}}
{"address":"0x7fb1f8054ae0", "type":"STRING", "class":"0x7fb1f80b7578", "frozen":true, "embedded":true, "fstring":true, "bytesize":3, "value":"eid", "encoding":"US-ASCII", "memsize":40, "flags":{"wb_protected":true, "old":true, "uncollectible":true, "marked":true}}
{"address":"0x7fb1f8054b08", "type":"STRING", "class":"0x7fb1f80b7578", "frozen":true, "fstring":true, "bytesize":65, "value":"Alternative GNU Readline or Editline implementation by pure Ruby.", "encoding":"UTF-8", "memsize":106, "flags":{"wb_protected":true, "old":true, "uncollectible":true, "marked":true}}
{"address":"0x7fb1f8054b30", "type":"IMEMO", "class":"0x7fb1f8054b58", "imemo_type":"ment", "memsize":48, "flags":{"wb_protected":true, "old":true, "uncollectible":true, "marked":true}}
{"address":"0x7fb1f8054b58", "type":"CLASS", "class":"0x7fb1f80bf6d8", "name":"Module", "references":["0x7fb1f80c51c8", "0x7fb1f8054b30", "0x7fb1f8054a40", "0x7fb1f8054950", "0x7fb1f8054860", "0x7fb1f80547c0", "0x7fb1f80546d0", "0x7fb1f80545e0", "0x7fb1f80544f0", "0x7fb1f8054400", "0x7fb1f8054310", "0x7fb1f8054cc0"], "memsize":720, "flags":{"wb_protected":true, "old":true, "uncollectible":true, "marked":true}}
{"address":"0x7fb1f8054b80", "type":"IMEMO", "imemo_type":"ment", "references":["0x7fb1f8054cc0"], "memsize":48, "flags":{"wb_protected":true, "old":true, "uncollectible":true, "marked":true}}
{"address":"0x7fb1f8054ba8", "type":"IMEMO", "class":"0x7fb1f8054bd0", "imemo_type":"ment", "memsize":48, "flags":{"wb_protected":true, "old":true, "uncollectible":true, "marked":true}}
{"address":"0x7fb1f8054bd0", "type":"CLASS", "class":"0x7fb1f80bf6d8", "name":"Module", "references":["0x7fb1f80c51c8", "0x7fb1f8054ba8", "0x7fb1f8054a90", "0x7fb1f80549a0", "0x7fb1f80548b0", "0x7fb1f80547e8", "0x7fb1f8054720", "0x7fb1f8054630", "0x7fb1f8054540", "0x7fb1f8054450", "0x7fb1f8054360", "0x7fb1f8054d88"], "memsize":720, "flags":{"wb_protected":true, "old":true, "uncollectible":true, "marked":true}}
{"address":"0x7fb1f8054bf8", "type":"IMEMO", "imemo_type":"ment", "references":["0x7fb1f8054d88"], "memsize":48, "flags":{"wb_protected":true, "old":true, "uncollectible":true, "marked":true}}
{"address":"0x7fb1f8054c20", "type":"STRING", "class":"0x7fb1f80b7578", "frozen":true, "embedded":true, "fstring":true, "bytesize":3, "value":"rid", "encoding":"US-ASCII", "memsize":40, "flags":{"wb_protected":true, "old":true, "uncollectible":true, "marked":true}}
{"address":"0x7fb1f8054c48", "type":"STRING", "class":"0x7fb1f80b7578", "frozen":true, "embedded":true, "fstring":true, "bytesize":5, "value":"0.1.3", "encoding":"UTF-8", "memsize":40, "flags":{"wb_protected":true, "old":true, "uncollectible":true, "marked":true}}
{"address":"0x7fb1f8054c70", "type":"STRING", "class":"0x7fb1f80b7578", "frozen":true, "embedded":true, "bytesize":12, "value":"Process::GID", "encoding":"US-ASCII", "memsize":40, "flags":{"wb_protected":true, "old":true, "uncollectible":true, "marked":true}}
{"address":"0x7fb1f8054c98", "type":"STRING", "class":"0x7fb1f80b7578", "frozen":true, "fstring":true, "bytesize":31, "value":"bundler/vendor/thor/lib/thor.rb", "encoding":"UTF-8", "memsize":72, "flags":{"wb_protected":true, "old":true, "uncollectible":true, "marked":true}}
{"address":"0x7fb1f8054cc0", "type":"MODULE", "class":"0x7fb1f8054b58", "name":"Process::GID", "references":["0x7fb1f8054b80", "0x7fb1f8054a68", "0x7fb1f8054978", "0x7fb1f8054888", "0x7fb1f80546f8", "0x7fb1f8054608", "0x7fb1f8054518", "0x7fb1f8054428", "0x7fb1f8054338", "0x7fb1f8054c70"], "memsize":720, "flags":{"wb_protected":true, "old":true, "uncollectible":true, "marked":true}}
{"address":"0x7fb1f8054ce8", "type":"STRING", "class":"0x7fb1f80b7578", "frozen":true, "embedded":true, "fstring":true, "bytesize":3, "value":"GID", "encoding":"US-ASCII", "memsize":40, "flags":{"wb_protected":true, "old":true, "uncollectible":true, "marked":true}}
{"address":"0x7fb1f8054d10", "type":"STRING", "class":"0x7fb1f80b7578", "frozen":true, "fstring":true, "bytesize":79, "value":"bundler/vendor/net-http-persistent/lib/net/http/persistent/timed_stack_multi.rb", "encoding":"UTF-8", "memsize":120, "flags":{"wb_protected":true, "old":true, "uncollectible":true, "marked":true}}
{"address":"0x7fb1f8054d38", "type":"STRING", "class":"0x7fb1f80b7578", "frozen":true, "embedded":true, "bytesize":12, "value":"Process::UID", "encoding":"US-ASCII", "memsize":40, "flags":{"wb_protected":true, "old":true, "uncollectible":true, "marked":true}}
{"address":"0x7fb1f8054d60", "type":"STRING", "class":"0x7fb1f80b7578", "frozen":true, "embedded":true, "fstring":true, "bytesize":13, "value":"@new_platform", "encoding":"US-ASCII", "memsize":40, "flags":{"wb_protected":true, "old":true, "uncollectible":true, "marked":true}}
{"address":"0x7fb1f8054d88", "type":"MODULE", "class":"0x7fb1f8054bd0", "name":"Process::UID", "references":["0x7fb1f8054bf8", "0x7fb1f8054ab8", "0x7fb1f80549c8", "0x7fb1f80548d8", "0x7fb1f8054748", "0x7fb1f8054658", "0x7fb1f8054568", "0x7fb1f8054478", "0x7fb1f8054388", "0x7fb1f8054d38"], "memsize":720, "flags":{"wb_protected":true, "old":true, "uncollectible":true, "marked":true}}
{"address":"0x7fb1f8054db0", "type":"STRING", "class":"0x7fb1f80b7578", "frozen":true, "embedded":true, "fstring":true, "bytesize":3, "value":"UID", "encoding":"US-ASCII", "memsize":40, "flags":{"wb_protected":true, "old":true, "uncollectible":true, "marked":true}}
{"address":"0x7fb1f8054dd8", "type":"STRING", "class":"0x7fb1f80b7578", "frozen":true, "fstring":true, "bytesize":66, "value":"bundler/vendor/net-http-persistent/lib/net/http/persistent/pool.rb", "encoding":"UTF-8", "memsize":107, "flags":{"wb_protected":true, "old":true, "uncollectible":true, "marked":true}}
{"address":"0x7fb1f8054e00", "type":"IMEMO", "class":"0x8", "imemo_type":"cref", "references":["0x7fb1f80c5240"], "memsize":40, "flags":{"wb_protected":true, "old":true, "uncollectible":true, "marked":true}}
{"address":"0x7fb1f8054e28", "type":"IMEMO", "class":"0x7fb1f80553f0", "imemo_type":"ment", "references":["0x7fb1f8054e78", "0x7fb1f8054e00"], "memsize":48, "flags":{"wb_protected":true, "old":true, "uncollectible":true, "marked":true}}
{"address":"0x7fb1f8054e50", "type":"ARRAY", "class":"0x7fb1f8097228", "frozen":true, "length":2, "embedded":true, "references":["0x7fb1f805fb98"], "memsize":40, "flags":{"wb_protected":true, "old":true, "uncollectible":true, "marked":true}}
{"address":"0x7fb1f8054e78", "type":"IMEMO", "imemo_type":"iseq", "references":["0x7fb1f8054ec8", "0x7fb1f8054ec8", "0x7fb1f8054e50"], "memsize":420, "flags":{"wb_protected":true, "old":true, "uncollectible":true, "marked":true}}
{"address":"0x7fb1f8054ea0", "type":"STRING", "class":"0x7fb1f80b7578", "frozen":true, "fstring":true, "bytesize":72, "value":"bundler/vendor/net-http-persistent/lib/net/http/persistent/connection.rb", "encoding":"UTF-8", "memsize":113, "flags":{"wb_protected":true, "old":true, "uncollectible":true, "marked":true}}
{"address":"0x7fb1f8054ec8", "type":"STRING", "class":"0x7fb1f80b7578", "frozen":true, "embedded":true, "fstring":true, "bytesize":7, "value":"cstime=", "encoding":"US-ASCII", "memsize":40, "flags":{"wb_protected":true, "old":true, "uncollectible":true, "marked":true}}
{"address":"0x7fb1f8054ef0", "type":"STRING", "class":"0x7fb1f80b7578", "frozen":true, "embedded":true, "fstring":true, "bytesize":7, "value":"CURRENT", "encoding":"US-ASCII", "memsize":40, "flags":{"wb_protected":true, "old":true, "uncollectible":true, "marked":true}}
{"address":"0x7fb1f8054f18", "type":"IMEMO", "class":"0x7fb1f80553f0", "imemo_type":"ment", "memsize":48, "flags":{"wb_protected":true, "old":true, "uncollectible":true, "marked":true}}
{"address":"0x7fb1f8054f40", "type":"IMEMO", "class":"0x8", "imemo_type":"cref", "references":["0x7fb1f80c5240"], "memsize":40, "flags":{"wb_protected":true, "old":true, "uncollectible":true, "marked":true}}
{"address":"0x7fb1f8054f68", "type":"IMEMO", "class":"0x7fb1f80553f0", "imemo_type":"ment", "references":["0x7fb1f8054fb8", "0x7fb1f8054f40"], "memsize":48, "flags":{"wb_protected":true, "old":true, "uncollectible":true, "marked":true}}
{"address":"0x7fb1f8054f90", "type":"ARRAY", "class":"0x7fb1f8097228", "frozen":true, "length":2, "embedded":true, "references":["0x7fb1f805fb98"], "memsize":40, "flags":{"wb_protected":true, "old":true, "uncollectible":true, "marked":true}}
{"address":"0x7fb1f8054fb8", "type":"IMEMO", "imemo_type":"iseq", "references":["0x7fb1f8055008", "0x7fb1f8055008", "0x7fb1f8054f90"], "memsize":420, "flags":{"wb_protected":true, "old":true, "uncollectible":true, "marked":true}}
{"address":"0x7fb1f8054fe0", "type":"STRING", "class":"0x7fb1f80b7578", "frozen":true, "fstring":true, "bytesize":61, "value":"bundler/vendor/net-http-persistent/lib/net/http/persistent.rb", "encoding":"UTF-8", "memsize":102, "flags":{"wb_protected":true, "old":true, "uncollectible":true, "marked":true}}
{"address":"0x7fb1f8055008", "type":"STRING", "class":"0x7fb1f80b7578", "frozen":true, "embedded":true, "fstring":true, "bytesize":7, "value":"cutime=", "encoding":"US-ASCII", "memsize":40, "flags":{"wb_protected":true, "old":true, "uncollectible":true, "marked":true}}
{"address":"0x7fb1f8055030", "type":"STRING", "class":"0x7fb1f80b7578", "frozen":true, "fstring":true, "bytesize":47, "value":"bundler/vendor/molinillo/lib/molinillo/state.rb", "encoding":"UTF-8", "memsize":88, "flags":{"wb_protected":true, "old":true, "uncollectible":true, "marked":true}}
{"address":"0x7fb1f8055058", "type":"IMEMO", "class":"0x7fb1f80553f0", "imemo_type":"ment", "memsize":48, "flags":{"wb_protected":true, "old":true, "uncollectible":true, "marked":true}}
{"address":"0x7fb1f8055080", "type":"IMEMO", "class":"0x8", "imemo_type":"cref", "references":["0x7fb1f80c5240"], "memsize":40, "flags":{"wb_protected":true, "old":true, "uncollectible":true, "marked":true}}
{"address":"0x7fb1f80550a8", "type":"IMEMO", "class":"0x7fb1f80553f0", "imemo_type":"ment", "references":["0x7fb1f80550f8", "0x7fb1f8055080"], "memsize":48, "flags":{"wb_protected":true, "old":true, "uncollectible":true, "marked":true}}
{"address":"0x7fb1f80550d0", "type":"ARRAY", "class":"0x7fb1f8097228", "frozen":true, "length":2, "embedded":true, "references":["0x7fb1f805fb98"], "memsize":40, "flags":{"wb_protected":true, "old":true, "uncollectible":true, "marked":true}}
{"address":"0x7fb1f80550f8", "type":"IMEMO", "imemo_type":"iseq", "references":["0x7fb1f8055148", "0x7fb1f8055148", "0x7fb1f80550d0"], "memsize":412, "flags":{"wb_protected":true, "old":true, "uncollectible":true, "marked":true}}
{"address":"0x7fb1f8055120", "type":"STRING", "class":"0x7fb1f80b7578", "frozen":true, "fstring":true, "bytesize":50, "value":"bundler/vendor/molinillo/lib/molinillo/resolver.rb", "encoding":"UTF-8", "memsize":91, "flags":{"wb_protected":true, "old":true, "uncollectible":true, "marked":true}}
{"address":"0x7fb1f8055148", "type":"STRING", "class":"0x7fb1f80b7578", "frozen":true, "embedded":true, "fstring":true, "bytesize":6, "value":"stime=", "encoding":"US-ASCII", "memsize":40, "flags":{"wb_protected":true, "old":true, "uncollectible":true, "marked":true}}
{"address":"0x7fb1f8055170", "type":"STRING", "class":"0x7fb1f80b7578", "frozen":true, "fstring":true, "bytesize":52, "value":"bundler/vendor/molinillo/lib/molinillo/resolution.rb", "encoding":"UTF-8", "memsize":93, "flags":{"wb_protected":true, "old":true, "uncollectible":true, "marked":true}}
{"address":"0x7fb1f8055198", "type":"IMEMO", "class":"0x7fb1f80553f0", "imemo_type":"ment", "memsize":48, "flags":{"wb_protected":true, "old":true, "uncollectible":true, "marked":true}}
{"address":"0x7fb1f80551c0", "type":"IMEMO", "class":"0x8", "imemo_type":"cref", "references":["0x7fb1f80c5240"], "memsize":40, "flags":{"wb_protected":true, "old":true, "uncollectible":true, "marked":true}}
{"address":"0x7fb1f80551e8", "type":"IMEMO", "class":"0x7fb1f80553f0", "imemo_type":"ment", "references":["0x7fb1f8055238", "0x7fb1f80551c0"], "memsize":48, "flags":{"wb_protected":true, "old":true, "uncollectible":true, "marked":true}}
{"address":"0x7fb1f8055210", "type":"ARRAY", "class":"0x7fb1f8097228", "frozen":true, "length":2, "embedded":true, "references":["0x7fb1f805fb98"], "memsize":40, "flags":{"wb_protected":true, "old":true, "uncollectible":true, "marked":true}}
{"address":"0x7fb1f8055238", "type":"IMEMO", "imemo_type":"iseq", "references":["0x7fb1f8055288", "0x7fb1f8055288", "0x7fb1f8055210"], "memsize":412, "flags":{"wb_protected":true, "old":true, "uncollectible":true, "marked":true}}
{"address":"0x7fb1f8055260", "type":"STRING", "class":"0x7fb1f80b7578", "frozen":true, "embedded":true, "fstring":true, "bytesize":4, "value":"done", "encoding":"US-ASCII", "memsize":40, "flags":{"wb_protected":true, "old":true, "uncollectible":true, "marked":true}}
{"address":"0x7fb1f8055288", "type":"STRING", "class":"0x7fb1f80b7578", "frozen":true, "embedded":true, "fstring":true, "bytesize":6, "value":"utime=", "encoding":"US-ASCII", "memsize":40, "flags":{"wb_protected":true, "old":true, "uncollectible":true, "marked":true}}
{"address":"0x7fb1f80552b0", "type":"STRING", "class":"0x7fb1f80b7578", "frozen":true, "fstring":true, "bytesize":52, "value":"bundler/vendor/molinillo/lib/molinillo/modules/ui.rb", "encoding":"UTF-8", "memsize":93, "flags":{"wb_protected":true, "old":true, "uncollectible":true, "marked":true}}
{"address":"0x7fb1f80552d8", "type":"IMEMO", "class":"0x7fb1f80553f0", "imemo_type":"ment", "memsize":48, "flags":{"wb_protected":true, "old":true, "uncollectible":true, "marked":true}}
{"address":"0x7fb1f8055300", "type":"IMEMO", "class":"0x7fb1f80553c8", "imemo_type":"ment", "memsize":48, "flags":{"wb_protected":true, "old":true, "uncollectible":true, "marked":true}}
{"address":"0x7fb1f8055328", "type":"IMEMO", "class":"0x7fb1f80553c8", "imemo_type":"ment", "memsize":48, "flags":{"wb_protected":true, "old":true, "uncollectible":true, "marked":true}}
{"address":"0x7fb1f8055350", "type":"IMEMO", "class":"0x7fb1f80553c8", "imemo_type":"ment", "memsize":48, "flags":{"wb_protected":true, "old":true, "uncollectible":true, "marked":true}}
{"address":"0x7fb1f8055378", "type":"IMEMO", "class":"0x7fb1f80553c8", "imemo_type":"ment", "memsize":48, "flags":{"wb_protected":true, "old":true, "uncollectible":true, "marked":true}}
{"address":"0x7fb1f80553a0", "type":"STRING", "class":"0x7fb1f80b7578", "frozen":true, "embedded":true, "bytesize":12, "value":"Process::Tms", "encoding":"US-ASCII", "memsize":40, "flags":{"wb_protected":true, "old":true, "uncollectible":true, "marked":true}}
{"address":"0x7fb1f80553c8", "type":"CLASS", "class":"0x7fb1f80bf700", "name":"Class", "references":["0x7fb1f808f1e0", "0x7fb1f8055350", "0x7fb1f8055378", "0x7fb1f8055300", "0x7fb1f8055328", "0x7fb1f80553f0"], "memsize":592, "flags":{"wb_protected":true, "old":true, "uncollectible":true, "marked":true}}
{"address":"0x7fb1f80553f0", "type":"CLASS", "class":"0x7fb1f80553c8", "name":"Process::Tms", "references":["0x7fb1f808f208", "0x7fb1f8054f68", "0x7fb1f80550a8", "0x7fb1f8054f18", "0x7fb1f8054e28", "0x7fb1f80551e8", "0x7fb1f80552d8", "0x7fb1f8055198", "0x7fb1f8055058", "0x7fb1f80553a0", "0x7fb1f8055468", "0x7fb1f8055468"], "memsize":720, "flags":{"wb_protected":true, "old":true, "uncollectible":true, "marked":true}}
{"address":"0x7fb1f8055418", "type":"STRING", "class":"0x7fb1f80b7578", "frozen":true, "embedded":true, "fstring":true, "bytesize":3, "value":"Tms", "encoding":"US-ASCII", "memsize":40, "flags":{"wb_protected":true, "old":true, "uncollectible":true, "marked":true}}
{"address":"0x7fb1f8055440", "type":"STRING", "class":"0x7fb1f80b7578", "frozen":true, "fstring":true, "bytesize":72, "value":"bundler/vendor/molinillo/lib/molinillo/modules/specification_provider.rb", "encoding":"UTF-8", "memsize":113, "flags":{"wb_protected":true, "old":true, "uncollectible":true, "marked":true}}
{"address":"0x7fb1f8055468", "type":"ARRAY", "frozen":true, "length":4, "references":["0x7fb1f80555d0", "0x7fb1f8055530", "0x7fb1f8055490"], "memsize":72, "flags":{"wb_protected":true, "old":true, "uncollectible":true, "marked":true}}
{"address":"0x7fb1f8055490", "type":"SYMBOL", "class":"0x7fb1f80b4170", "frozen":true, "bytesize":6, "value":"cstime", "memsize":40, "flags":{"wb_protected":true, "old":true, "uncollectible":true, "marked":true}}
{"address":"0x7fb1f80554b8", "type":"STRING", "class":"0x7fb1f80b7578", "frozen":true, "embedded":true, "fstring":true, "bytesize":6, "value":"cstime", "encoding":"US-ASCII", "memsize":40, "flags":{"wb_protected":true, "old":true, "uncollectible":true, "marked":true}}
{"address":"0x7fb1f80554e0", "type":"STRING", "class":"0x7fb1f80b7578", "frozen":true, "embedded":true, "fstring":true, "bytesize":18, "value":"@original_platform", "encoding":"US-ASCII", "memsize":40, "flags":{"wb_protected":true, "old":true, "uncollectible":true, "marked":true}}
{"address":"0x7fb1f8055508", "type":"STRING", "class":"0x7fb1f80b7578", "frozen":true, "fstring":true, "bytesize":54, "value":"bundler/vendor/molinillo/lib/molinillo/gem_metadata.rb", "encoding":"UTF-8", "memsize":95, "flags":{"wb_protected":true, "old":true, "uncollectible":true, "marked":true}}
{"address":"0x7fb1f8055530", "type":"SYMBOL", "class":"0x7fb1f80b4170", "frozen":true, "bytesize":6, "value":"cutime", "memsize":40, "flags":{"wb_protected":true, "old":true, "uncollectible":true, "marked":true}}
{"address":"0x7fb1f8055558", "type":"STRING", "class":"0x7fb1f80b7578", "frozen":true, "embedded":true, "fstring":true, "bytesize":6, "value":"cutime", "encoding":"US-ASCII", "memsize":40, "flags":{"wb_protected":true, "old":true, "uncollectible":true, "marked":true}}
{"address":"0x7fb1f8055580", "type":"STRING", "class":"0x7fb1f80b7578", "frozen":true, "fstring":true, "bytesize":48, "value":"bundler/vendor/molinillo/lib/molinillo/errors.rb", "encoding":"UTF-8", "memsize":89, "flags":{"wb_protected":true, "old":true, "uncollectible":true, "marked":true}}
{"address":"0x7fb1f80555a8", "type":"STRING", "class":"0x7fb1f80b7578", "frozen":true, "fstring":true, "bytesize":65, "value":"bundler/vendor/molinillo/lib/molinillo/dependency_graph/vertex.rb", "encoding":"UTF-8", "memsize":106, "flags":{"wb_protected":true, "old":true, "uncollectible":true, "marked":true}}
{"address":"0x7fb1f80555d0", "type":"SYMBOL", "class":"0x7fb1f80b4170", "frozen":true, "bytesize":5, "value":"stime", "memsize":40, "flags":{"wb_protected":true, "old":true, "uncollectible":true, "marked":true}}
{"address":"0x7fb1f80555f8", "type":"STRING", "class":"0x7fb1f80b7578", "frozen":true, "embedded":true, "fstring":true, "bytesize":5, "value":"stime", "encoding":"US-ASCII", "memsize":40, "flags":{"wb_protected":true, "old":true, "uncollectible":true, "marked":true}}
{"address":"0x7fb1f8055620", "type":"STRING", "class":"0x7fb1f80b7578", "frozen":true, "embedded":true, "fstring":true, "bytesize":9, "value":"platform=", "encoding":"US-ASCII", "memsize":40, "flags":{"wb_protected":true, "old":true, "uncollectible":true, "marked":true}}
{"address":"0x7fb1f8055648", "type":"STRING", "class":"0x7fb1f80b7578", "frozen":true, "fstring":true, "bytesize":62, "value":"bundler/vendor/molinillo/lib/molinillo/dependency_graph/tag.rb", "encoding":"UTF-8", "memsize":103, "flags":{"wb_protected":true, "old":true, "uncollectible":true, "marked":true}}
{"address":"0x7fb1f8055670", "type":"STRING", "class":"0x7fb1f80b7578", "frozen":true, "fstring":true, "bytesize":70, "value":"bundler/vendor/molinillo/lib/molinillo/dependency_graph/set_payload.rb", "encoding":"UTF-8", "memsize":111, "flags":{"wb_protected":true, "old":true, "uncollectible":true, "marked":true}}
{"address":"0x7fb1f8055698", "type":"IMEMO", "class":"0x7fb1f8057ad8", "imemo_type":"ment", "memsize":48, "flags":{"wb_protected":true, "old":true, "uncollectible":true, "marked":true}}
{"address":"0x7fb1f80556c0", "type":"IMEMO", "imemo_type":"ment", "references":["0x7fb1f8057ba0"], "memsize":48, "flags":{"wb_protected":true, "old":true, "uncollectible":true, "marked":true}}
{"address":"0x7fb1f80556e8", "type":"STRING", "class":"0x7fb1f80b7578", "frozen":true, "embedded":true, "fstring":true, "bytesize":12, "value":"clock_getres", "encoding":"US-ASCII", "memsize":40, "flags":{"wb_protected":true, "old":true, "uncollectible":true, "marked":true}}
{"address":"0x7fb1f8055710", "type":"STRING", "class":"0x7fb1f80b7578", "frozen":true, "fstring":true, "bytesize":62, "value":"bundler/vendor/molinillo/lib/molinillo/dependency_graph/log.rb", "encoding":"UTF-8", "memsize":103, "flags":{"wb_protected":true, "old":true, "uncollectible":true, "marked":true}}
{"address":"0x7fb1f8055738", "type":"IMEMO", "class":"0x7fb1f8057ad8", "imemo_type":"ment", "memsize":48, "flags":{"wb_protected":true, "old":true, "uncollectible":true, "marked":true}}
{"address":"0x7fb1f8055760", "type":"IMEMO", "imemo_type":"ment", "references":["0x7fb1f8057ba0"], "memsize":48, "flags":{"wb_protected":true, "old":true, "uncollectible":true, "marked":true}}
{"address":"0x7fb1f8055788", "type":"STRING", "class":"0x7fb1f80b7578", "frozen":true, "embedded":true, "fstring":true, "bytesize":13, "value":"clock_gettime", "encoding":"US-ASCII", "memsize":40, "flags":{"wb_protected":true, "old":true, "uncollectible":true, "marked":true}}
{"address":"0x7fb1f80557b0", "type":"STRING", "class":"0x7fb1f80b7578", "frozen":true, "fstring":true, "bytesize":78, "value":"bundler/vendor/molinillo/lib/molinillo/dependency_graph/detach_vertex_named.rb", "encoding":"UTF-8", "memsize":119, "flags":{"wb_protected":true, "old":true, "uncollectible":true, "marked":true}}
{"address":"0x7fb1f80557d8", "type":"STRING", "class":"0x7fb1f80b7578", "frozen":true, "embedded":true, "fstring":true, "bytesize":23, "value":"CLOCK_UPTIME_RAW_APPROX", "encoding":"US-ASCII", "memsize":40, "flags":{"wb_protected":true, "old":true, "uncollectible":true, "marked":true}}
{"address":"0x7fb1f8055800", "type":"STRING", "class":"0x7fb1f80b7578", "frozen":true, "fstring":true, "bytesize":70, "value":"bundler/vendor/molinillo/lib/molinillo/dependency_graph/delete_edge.rb", "encoding":"UTF-8", "memsize":111, "flags":{"wb_protected":true, "old":true, "uncollectible":true, "marked":true}}
{"address":"0x7fb1f8055828", "type":"STRING", "class":"0x7fb1f80b7578", "frozen":true, "embedded":true, "fstring":true, "bytesize":16, "value":"CLOCK_UPTIME_RAW", "encoding":"US-ASCII", "memsize":40, "flags":{"wb_protected":true, "old":true, "uncollectible":true, "marked":true}}
{"address":"0x7fb1f8055850", "type":"STRING", "class":"0x7fb1f80b7578", "frozen":true, "fstring":true, "bytesize":69, "value":"bundler/vendor/molinillo/lib/molinillo/dependency_graph/add_vertex.rb", "encoding":"UTF-8", "memsize":110, "flags":{"wb_protected":true, "old":true, "uncollectible":true, "marked":true}}
{"address":"0x7fb1f8055878", "type":"STRING", "class":"0x7fb1f80b7578", "frozen":true, "fstring":true, "bytesize":26, "value":"CLOCK_MONOTONIC_RAW_APPROX", "encoding":"US-ASCII", "memsize":67, "flags":{"wb_protected":true, "old":true, "uncollectible":true, "marked":true}}
{"address":"0x7fb1f80558a0", "type":"STRING", "class":"0x7fb1f80b7578", "frozen":true, "embedded":true, "fstring":true, "bytesize":7, "value":"updated", "encoding":"US-ASCII", "memsize":40, "flags":{"wb_protected":true, "old":true, "uncollectible":true, "marked":true}}
{"address":"0x7fb1f80558c8", "type":"STRING", "class":"0x7fb1f80b7578", "frozen":true, "embedded":true, "fstring":true, "bytesize":19, "value":"CLOCK_MONOTONIC_RAW", "encoding":"US-ASCII", "memsize":40, "flags":{"wb_protected":true, "old":true, "uncollectible":true, "marked":true}}
{"address":"0x7fb1f80558f0", "type":"STRING", "class":"0x7fb1f80b7578", "frozen":true, "fstring":true, "bytesize":79, "value":"bundler/vendor/molinillo/lib/molinillo/dependency_graph/add_edge_no_circular.rb", "encoding":"UTF-8", "memsize":120, "flags":{"wb_protected":true, "old":true, "uncollectible":true, "marked":true}}
{"address":"0x7fb1f8055918", "type":"STRING", "class":"0x7fb1f80b7578", "frozen":true, "embedded":true, "fstring":true, "bytesize":23, "value":"CLOCK_THREAD_CPUTIME_ID", "encoding":"US-ASCII", "memsize":40, "flags":{"wb_protected":true, "old":true, "uncollectible":true, "marked":true}}
{"address":"0x7fb1f8055940", "type":"STRING", "class":"0x7fb1f80b7578", "frozen":true, "fstring":true, "bytesize":65, "value":"bundler/vendor/molinillo/lib/molinillo/dependency_graph/action.rb", "encoding":"UTF-8", "memsize":106, "flags":{"wb_protected":true, "old":true, "uncollectible":true, "marked":true}}
{"address":"0x7fb1f8055968", "type":"STRING", "class":"0x7fb1f80b7578", "frozen":true, "fstring":true, "bytesize":24, "value":"CLOCK_PROCESS_CPUTIME_ID", "encoding":"US-ASCII", "memsize":65, "flags":{"wb_protected":true, "old":true, "uncollectible":true, "marked":true}}
{"address":"0x7fb1f8055990", "type":"STRING", "class":"0x7fb1f80b7578", "frozen":true, "fstring":true, "bytesize":58, "value":"bundler/vendor/molinillo/lib/molinillo/dependency_graph.rb", "encoding":"UTF-8", "memsize":99, "flags":{"wb_protected":true, "old":true, "uncollectible":true, "marked":true}}
{"address":"0x7fb1f80559b8", "type":"STRING", "class":"0x7fb1f80b7578", "frozen":true, "embedded":true, "fstring":true, "bytesize":15, "value":"CLOCK_MONOTONIC", "encoding":"US-ASCII", "memsize":40, "flags":{"wb_protected":true, "old":true, "uncollectible":true, "marked":true}}
{"address":"0x7fb1f80559e0", "type":"STRING", "class":"0x7fb1f80b7578", "frozen":true, "fstring":true, "bytesize":74, "value":"bundler/vendor/molinillo/lib/molinillo/delegates/specification_provider.rb", "encoding":"UTF-8", "memsize":115, "flags":{"wb_protected":true, "old":true, "uncollectible":true, "marked":true}}
{"address":"0x7fb1f8055a08", "type":"STRING", "class":"0x7fb1f80b7578", "frozen":true, "embedded":true, "fstring":true, "bytesize":14, "value":"CLOCK_REALTIME", "encoding":"US-ASCII", "memsize":40, "flags":{"wb_protected":true, "old":true, "uncollectible":true, "marked":true}}
{"address":"0x7fb1f8055a30", "type":"STRING", "class":"0x7fb1f80b7578", "frozen":true, "fstring":true, "bytesize":68, "value":"bundler/vendor/molinillo/lib/molinillo/delegates/resolution_state.rb", "encoding":"UTF-8", "memsize":109, "flags":{"wb_protected":true, "old":true, "uncollectible":true, "marked":true}}
{"address":"0x7fb1f8055a58", "type":"IMEMO", "class":"0x7fb1f8057ad8", "imemo_type":"ment", "memsize":48, "flags":{"wb_protected":true, "old":true, "uncollectible":true, "marked":true}}
{"address":"0x7fb1f8055a80", "type":"IMEMO", "imemo_type":"ment", "references":["0x7fb1f8057ba0"], "memsize":48, "flags":{"wb_protected":true, "old":true, "uncollectible":true, "marked":true}}
{"address":"0x7fb1f8055aa8", "type":"IMEMO", "class":"0x7fb1f8057ad8", "imemo_type":"ment", "memsize":48, "flags":{"wb_protected":true, "old":true, "uncollectible":true, "marked":true}}
{"address":"0x7fb1f8055ad0", "type":"IMEMO", "imemo_type":"ment", "references":["0x7fb1f8057ba0"], "memsize":48, "flags":{"wb_protected":true, "old":true, "uncollectible":true, "marked":true}}
{"address":"0x7fb1f8055af8", "type":"STRING", "class":"0x7fb1f80b7578", "frozen":true, "embedded":true, "fstring":true, "bytesize":6, "value":"daemon", "encoding":"US-ASCII", "memsize":40, "flags":{"wb_protected":true, "old":true, "uncollectible":true, "marked":true}}
{"address":"0x7fb1f8055b20", "type":"STRING", "class":"0x7fb1f80b7578", "frozen":true, "fstring":true, "bytesize":55, "value":"bundler/vendor/molinillo/lib/molinillo/compatibility.rb", "encoding":"UTF-8", "memsize":96, "flags":{"wb_protected":true, "old":true, "uncollectible":true, "marked":true}}
{"address":"0x7fb1f8055b48", "type":"IMEMO", "class":"0x7fb1f8057ad8", "imemo_type":"ment", "memsize":48, "flags":{"wb_protected":true, "old":true, "uncollectible":true, "marked":true}}
{"address":"0x7fb1f8055b70", "type":"IMEMO", "imemo_type":"ment", "references":["0x7fb1f8057ba0"], "memsize":48, "flags":{"wb_protected":true, "old":true, "uncollectible":true, "marked":true}}
{"address":"0x7fb1f8055b98", "type":"STRING", "class":"0x7fb1f80b7578", "frozen":true, "embedded":true, "fstring":true, "bytesize":10, "value":"maxgroups=", "encoding":"US-ASCII", "memsize":40, "flags":{"wb_protected":true, "old":true, "uncollectible":true, "marked":true}}
{"address":"0x7fb1f8055bc0", "type":"STRING", "class":"0x7fb1f80b7578", "frozen":true, "fstring":true, "bytesize":41, "value":"bundler/vendor/molinillo/lib/molinillo.rb", "encoding":"UTF-8", "memsize":82, "flags":{"wb_protected":true, "old":true, "uncollectible":true, "marked":true}}
{"address":"0x7fb1f8055be8", "type":"IMEMO", "class":"0x7fb1f8057ad8", "imemo_type":"ment", "memsize":48, "flags":{"wb_protected":true, "old":true, "uncollectible":true, "marked":true}}
{"address":"0x7fb1f8055c10", "type":"IMEMO", "imemo_type":"ment", "references":["0x7fb1f8057ba0"], "memsize":48, "flags":{"wb_protected":true, "old":true, "uncollectible":true, "marked":true}}
{"address":"0x7fb1f8055c38", "type":"STRING", "class":"0x7fb1f80b7578", "frozen":true, "embedded":true, "fstring":true, "bytesize":9, "value":"maxgroups", "encoding":"US-ASCII", "memsize":40, "flags":{"wb_protected":true, "old":true, "uncollectible":true, "marked":true}}
{"address":"0x7fb1f8055c60", "type":"STRING", "class":"0x7fb1f80b7578", "frozen":true, "fstring":true, "bytesize":49, "value":"bundler/vendor/fileutils/lib/fileutils/version.rb", "encoding":"UTF-8", "memsize":90, "flags":{"wb_protected":true, "old":true, "uncollectible":true, "marked":true}}
{"address":"0x7fb1f8055c88", "type":"IMEMO", "class":"0x7fb1f8057ad8", "imemo_type":"ment", "memsize":48, "flags":{"wb_protected":true, "old":true, "uncollectible":true, "marked":true}}
{"address":"0x7fb1f8055cb0", "type":"IMEMO", "imemo_type":"ment", "references":["0x7fb1f8057ba0"], "memsize":48, "flags":{"wb_protected":true, "old":true, "uncollectible":true, "marked":true}}
{"address":"0x7fb1f8055cd8", "type":"STRING", "class":"0x7fb1f80b7578", "frozen":true, "embedded":true, "fstring":true, "bytesize":7, "value":"groups=", "encoding":"US-ASCII", "memsize":40, "flags":{"wb_protected":true, "old":true, "uncollectible":true, "marked":true}}
{"address":"0x7fb1f8055d00", "type":"STRING", "class":"0x7fb1f80b7578", "frozen":true, "fstring":true, "bytesize":41, "value":"bundler/vendor/fileutils/lib/fileutils.rb", "encoding":"UTF-8", "memsize":82, "flags":{"wb_protected":true, "old":true, "uncollectible":true, "marked":true}}
{"address":"0x7fb1f8055d28", "type":"IMEMO", "class":"0x7fb1f8057ad8", "imemo_type":"ment", "memsize":48, "flags":{"wb_protected":true, "old":true, "uncollectible":true, "marked":true}}
{"address":"0x7fb1f8055d50", "type":"IMEMO", "imemo_type":"ment", "references":["0x7fb1f8057ba0"], "memsize":48, "flags":{"wb_protected":true, "old":true, "uncollectible":true, "marked":true}}
{"address":"0x7fb1f8055d78", "type":"STRING", "class":"0x7fb1f80b7578", "frozen":true, "embedded":true, "fstring":true, "bytesize":6, "value":"groups", "encoding":"US-ASCII", "memsize":40, "flags":{"wb_protected":true, "old":true, "uncollectible":true, "marked":true}}
{"address":"0x7fb1f8055da0", "type":"STRING", "class":"0x7fb1f80b7578", "frozen":true, "fstring":true, "bytesize":61, "value":"bundler/vendor/connection_pool/lib/connection_pool/version.rb", "encoding":"UTF-8", "memsize":102, "flags":{"wb_protected":true, "old":true, "uncollectible":true, "marked":true}}
{"address":"0x7fb1f8055dc8", "type":"IMEMO", "class":"0x7fb1f8057ad8", "imemo_type":"ment", "memsize":48, "flags":{"wb_protected":true, "old":true, "uncollectible":true, "marked":true}}
{"address":"0x7fb1f8055df0", "type":"IMEMO", "imemo_type":"ment", "references":["0x7fb1f8057ba0"], "memsize":48, "flags":{"wb_protected":true, "old":true, "uncollectible":true, "marked":true}}
{"address":"0x7fb1f8055e18", "type":"STRING", "class":"0x7fb1f80b7578", "frozen":true, "embedded":true, "fstring":true, "bytesize":10, "value":"initgroups", "encoding":"US-ASCII", "memsize":40, "flags":{"wb_protected":true, "old":true, "uncollectible":true, "marked":true}}
{"address":"0x7fb1f8055e40", "type":"STRING", "class":"0x7fb1f80b7578", "frozen":true, "embedded":true, "fstring":true, "bytesize":16, "value":"terminal_message", "encoding":"US-ASCII", "memsize":40, "flags":{"wb_protected":true, "old":true, "uncollectible":true, "marked":true}}
{"address":"0x7fb1f8055e68", "type":"IMEMO", "class":"0x7fb1f8057ad8", "imemo_type":"ment", "memsize":48, "flags":{"wb_protected":true, "old":true, "uncollectible":true, "marked":true}}
{"address":"0x7fb1f8055e90", "type":"IMEMO", "imemo_type":"ment", "references":["0x7fb1f8057ba0"], "memsize":48, "flags":{"wb_protected":true, "old":true, "uncollectible":true, "marked":true}}
{"address":"0x7fb1f8055eb8", "type":"STRING", "class":"0x7fb1f80b7578", "frozen":true, "embedded":true, "fstring":true, "bytesize":5, "value":"egid=", "encoding":"US-ASCII", "memsize":40, "flags":{"wb_protected":true, "old":true, "uncollectible":true, "marked":true}}
{"address":"0x7fb1f8055ee0", "type":"STRING", "class":"0x7fb1f80b7578", "frozen":true, "fstring":true, "bytesize":65, "value":"bundler/vendor/connection_pool/lib/connection_pool/timed_stack.rb", "encoding":"UTF-8", "memsize":106, "flags":{"wb_protected":true, "old":true, "uncollectible":true, "marked":true}}
{"address":"0x7fb1f8055f08", "type":"IMEMO", "class":"0x7fb1f8057ad8", "imemo_type":"ment", "memsize":48, "flags":{"wb_protected":true, "old":true, "uncollectible":true, "marked":true}}
{"address":"0x7fb1f8055f30", "type":"IMEMO", "imemo_type":"ment", "references":["0x7fb1f8057ba0"], "memsize":48, "flags":{"wb_protected":true, "old":true, "uncollectible":true, "marked":true}}
{"address":"0x7fb1f8055f58", "type":"STRING", "class":"0x7fb1f80b7578", "frozen":true, "embedded":true, "fstring":true, "bytesize":4, "value":"egid", "encoding":"US-ASCII", "memsize":40, "flags":{"wb_protected":true, "old":true, "uncollectible":true, "marked":true}}
{"address":"0x7fb1f8055f80", "type":"STRING", "class":"0x7fb1f80b7578", "frozen":true, "embedded":true, "fstring":true, "bytesize":15, "value":"initial_message", "encoding":"US-ASCII", "memsize":40, "flags":{"wb_protected":true, "old":true, "uncollectible":true, "marked":true}}
{"address":"0x7fb1f8055fa8", "type":"IMEMO", "class":"0x7fb1f8057ad8", "imemo_type":"ment", "memsize":48, "flags":{"wb_protected":true, "old":true, "uncollectible":true, "marked":true}}
{"address":"0x7fb1f8055fd0", "type":"IMEMO", "imemo_type":"ment", "references":["0x7fb1f8057ba0"], "memsize":48, "flags":{"wb_protected":true, "old":true, "uncollectible":true, "marked":true}}
{"address":"0x7fb1f8055ff8", "type":"STRING", "class":"0x7fb1f80b7578", "frozen":true, "embedded":true, "fstring":true, "bytesize":5, "value":"euid=", "encoding":"US-ASCII", "memsize":40, "flags":{"wb_protected":true, "old":true, "uncollectible":true, "marked":true}}
{"address":"0x7fb1f8056020", "type":"STRING", "class":"0x7fb1f80b7578", "frozen":true, "fstring":true, "bytesize":68, "value":"bundler/vendor/connection_pool/lib/connection_pool/monotonic_time.rb", "encoding":"UTF-8", "memsize":109, "flags":{"wb_protected":true, "old":true, "uncollectible":true, "marked":true}}
{"address":"0x7fb1f8056048", "type":"IMEMO", "class":"0x7fb1f8057ad8", "imemo_type":"ment", "memsize":48, "flags":{"wb_protected":true, "old":true, "uncollectible":true, "marked":true}}
{"address":"0x7fb1f8056070", "type":"IMEMO", "imemo_type":"ment", "references":["0x7fb1f8057ba0"], "memsize":48, "flags":{"wb_protected":true, "old":true, "uncollectible":true, "marked":true}}
{"address":"0x7fb1f8056098", "type":"STRING", "class":"0x7fb1f80b7578", "frozen":true, "embedded":true, "fstring":true, "bytesize":4, "value":"euid", "encoding":"US-ASCII", "memsize":40, "flags":{"wb_protected":true, "old":true, "uncollectible":true, "marked":true}}
{"address":"0x7fb1f80560c0", "type":"STRING", "class":"0x7fb1f80b7578", "frozen":true, "fstring":true, "bytesize":53, "value":"bundler/vendor/connection_pool/lib/connection_pool.rb", "encoding":"UTF-8", "memsize":94, "flags":{"wb_protected":true, "old":true, "uncollectible":true, "marked":true}}
{"address":"0x7fb1f80560e8", "type":"IMEMO", "class":"0x7fb1f8057ad8", "imemo_type":"ment", "memsize":48, "flags":{"wb_protected":true, "old":true, "uncollectible":true, "marked":true}}
{"address":"0x7fb1f8056110", "type":"IMEMO", "imemo_type":"ment", "references":["0x7fb1f8057ba0"], "memsize":48, "flags":{"wb_protected":true, "old":true, "uncollectible":true, "marked":true}}
{"address":"0x7fb1f8056138", "type":"STRING", "class":"0x7fb1f80b7578", "frozen":true, "embedded":true, "fstring":true, "bytesize":4, "value":"gid=", "encoding":"US-ASCII", "memsize":40, "flags":{"wb_protected":true, "old":true, "uncollectible":true, "marked":true}}
{"address":"0x7fb1f8056160", "type":"STRING", "class":"0x7fb1f80b7578", "frozen":true, "fstring":true, "bytesize":33, "value":"bundler/uri_credentials_filter.rb", "encoding":"UTF-8", "memsize":74, "flags":{"wb_protected":true, "old":true, "uncollectible":true, "marked":true}}
{"address":"0x7fb1f8056188", "type":"IMEMO", "class":"0x7fb1f8057ad8", "imemo_type":"ment", "memsize":48, "flags":{"wb_protected":true, "old":true, "uncollectible":true, "marked":true}}
{"address":"0x7fb1f80561b0", "type":"IMEMO", "imemo_type":"ment", "references":["0x7fb1f8057ba0"], "memsize":48, "flags":{"wb_protected":true, "old":true, "uncollectible":true, "marked":true}}
{"address":"0x7fb1f80561d8", "type":"IMEMO", "class":"0x7fb1f8057ad8", "imemo_type":"ment", "memsize":48, "flags":{"wb_protected":true, "old":true, "uncollectible":true, "marked":true}}
{"address":"0x7fb1f8056200", "type":"IMEMO", "imemo_type":"ment", "references":["0x7fb1f8057ba0"], "memsize":48, "flags":{"wb_protected":true, "old":true, "uncollectible":true, "marked":true}}
{"address":"0x7fb1f8056228", "type":"STRING", "class":"0x7fb1f80b7578", "frozen":true, "embedded":true, "fstring":true, "bytesize":4, "value":"uid=", "encoding":"US-ASCII", "memsize":40, "flags":{"wb_protected":true, "old":true, "uncollectible":true, "marked":true}}
{"address":"0x7fb1f8056250", "type":"STRING", "class":"0x7fb1f80b7578", "frozen":true, "embedded":true, "fstring":true, "bytesize":20, "value":"bundler/ui/silent.rb", "encoding":"UTF-8", "memsize":40, "flags":{"wb_protected":true, "old":true, "uncollectible":true, "marked":true}}
{"address":"0x7fb1f8056278", "type":"IMEMO", "class":"0x7fb1f8057ad8", "imemo_type":"ment", "memsize":48, "flags":{"wb_protected":true, "old":true, "uncollectible":true, "marked":true}}
{"address":"0x7fb1f80562a0", "type":"IMEMO", "imemo_type":"ment", "references":["0x7fb1f8057ba0"], "memsize":48, "flags":{"wb_protected":true, "old":true, "uncollectible":true, "marked":true}}
{"address":"0x7fb1f80562c8", "type":"STRING", "class":"0x7fb1f80b7578", "frozen":true, "embedded":true, "fstring":true, "bytesize":12, "value":"RLIMIT_STACK", "encoding":"US-ASCII", "memsize":40, "flags":{"wb_protected":true, "old":true, "uncollectible":true, "marked":true}}
{"address":"0x7fb1f80562f0", "type":"STRING", "class":"0x7fb1f80b7578", "frozen":true, "embedded":true, "fstring":true, "bytesize":19, "value":"bundler/ui/shell.rb", "encoding":"UTF-8", "memsize":40, "flags":{"wb_protected":true, "old":true, "uncollectible":true, "marked":true}}
{"address":"0x7fb1f8056318", "type":"STRING", "class":"0x7fb1f80b7578", "frozen":true, "embedded":true, "fstring":true, "bytesize":10, "value":"RLIMIT_RSS", "encoding":"US-ASCII", "memsize":40, "flags":{"wb_protected":true, "old":true, "uncollectible":true, "marked":true}}
{"address":"0x7fb1f8056340", "type":"STRING", "class":"0x7fb1f80b7578", "frozen":true, "embedded":true, "fstring":true, "bytesize":22, "value":"bundler/ui/rg_proxy.rb", "encoding":"UTF-8", "memsize":40, "flags":{"wb_protected":true, "old":true, "uncollectible":true, "marked":true}}
{"address":"0x7fb1f8056368", "type":"STRING", "class":"0x7fb1f80b7578", "frozen":true, "embedded":true, "fstring":true, "bytesize":12, "value":"RLIMIT_NPROC", "encoding":"US-ASCII", "memsize":40, "flags":{"wb_protected":true, "old":true, "uncollectible":true, "marked":true}}
{"address":"0x7fb1f8056390", "type":"STRING", "class":"0x7fb1f80b7578", "frozen":true, "embedded":true, "fstring":true, "bytesize":13, "value":"bundler/ui.rb", "encoding":"UTF-8", "memsize":40, "flags":{"wb_protected":true, "old":true, "uncollectible":true, "marked":true}}
{"address":"0x7fb1f80563b8", "type":"STRING", "class":"0x7fb1f80b7578", "frozen":true, "embedded":true, "fstring":true, "bytesize":13, "value":"RLIMIT_NOFILE", "encoding":"US-ASCII", "memsize":40, "flags":{"wb_protected":true, "old":true, "uncollectible":true, "marked":true}}
{"address":"0x7fb1f80563e0", "type":"STRING", "class":"0x7fb1f80b7578", "frozen":true, "fstring":true, "bytesize":25, "value":"bundler/templates/gems.rb", "encoding":"UTF-8", "memsize":66, "flags":{"wb_protected":true, "old":true, "uncollectible":true, "marked":true}}
{"address":"0x7fb1f8056408", "type":"STRING", "class":"0x7fb1f80b7578", "frozen":true, "embedded":true, "fstring":true, "bytesize":14, "value":"RLIMIT_MEMLOCK", "encoding":"US-ASCII", "memsize":40, "flags":{"wb_protected":true, "old":true, "uncollectible":true, "marked":true}}
{"address":"0x7fb1f8056430", "type":"STRING", "class":"0x7fb1f80b7578", "frozen":true, "fstring":true, "bytesize":29, "value":"bundler/stub_specification.rb", "encoding":"UTF-8", "memsize":70, "flags":{"wb_protected":true, "old":true, "uncollectible":true, "marked":true}}
{"address":"0x7fb1f8056458", "type":"STRING", "class":"0x7fb1f80b7578", "frozen":true, "embedded":true, "fstring":true, "bytesize":12, "value":"RLIMIT_FSIZE", "encoding":"US-ASCII", "memsize":40, "flags":{"wb_protected":true, "old":true, "uncollectible":true, "marked":true}}
{"address":"0x7fb1f8056480", "type":"STRING", "class":"0x7fb1f80b7578", "frozen":true, "embedded":true, "fstring":true, "bytesize":19, "value":"bundler/spec_set.rb", "encoding":"UTF-8", "memsize":40, "flags":{"wb_protected":true, "old":true, "uncollectible":true, "marked":true}}
{"address":"0x7fb1f80564a8", "type":"STRING", "class":"0x7fb1f80b7578", "frozen":true, "embedded":true, "fstring":true, "bytesize":11, "value":"RLIMIT_DATA", "encoding":"US-ASCII", "memsize":40, "flags":{"wb_protected":true, "old":true, "uncollectible":true, "marked":true}}
{"address":"0x7fb1f80564d0", "type":"STRING", "class":"0x7fb1f80b7578", "frozen":true, "embedded":true, "fstring":true, "bytesize":22, "value":"bundler/source_list.rb", "encoding":"UTF-8", "memsize":40, "flags":{"wb_protected":true, "old":true, "uncollectible":true, "marked":true}}
{"address":"0x7fb1f80564f8", "type":"STRING", "class":"0x7fb1f80b7578", "frozen":true, "embedded":true, "fstring":true, "bytesize":10, "value":"RLIMIT_CPU", "encoding":"US-ASCII", "memsize":40, "flags":{"wb_protected":true, "old":true, "uncollectible":true, "marked":true}}
{"address":"0x7fb1f8056520", "type":"STRING", "class":"0x7fb1f80b7578", "frozen":true, "fstring":true, "bytesize":33, "value":"bundler/source/rubygems/remote.rb", "encoding":"UTF-8", "memsize":74, "flags":{"wb_protected":true, "old":true, "uncollectible":true, "marked":true}}
{"address":"0x7fb1f8056548", "type":"STRING", "class":"0x7fb1f80b7578", "frozen":true, "embedded":true, "fstring":true, "bytesize":11, "value":"RLIMIT_CORE", "encoding":"US-ASCII", "memsize":40, "flags":{"wb_protected":true, "old":true, "uncollectible":true, "marked":true}}
{"address":"0x7fb1f8056570", "type":"STRING", "class":"0x7fb1f80b7578", "frozen":true, "fstring":true, "bytesize":26, "value":"bundler/source/rubygems.rb", "encoding":"UTF-8", "memsize":67, "flags":{"wb_protected":true, "old":true, "uncollectible":true, "marked":true}}
{"address":"0x7fb1f8056598", "type":"STRING", "class":"0x7fb1f80b7578", "frozen":true, "embedded":true, "fstring":true, "bytesize":9, "value":"RLIMIT_AS", "encoding":"US-ASCII", "memsize":40, "flags":{"wb_protected":true, "old":true, "uncollectible":true, "marked":true}}
{"address":"0x7fb1f80565c0", "type":"STRING", "class":"0x7fb1f80b7578", "frozen":true, "fstring":true, "bytesize":32, "value":"bundler/source/path/installer.rb", "encoding":"UTF-8", "memsize":73, "flags":{"wb_protected":true, "old":true, "uncollectible":true, "marked":true}}
{"address":"0x7fb1f80565e8", "type":"STRING", "class":"0x7fb1f80b7578", "frozen":true, "embedded":true, "fstring":true, "bytesize":14, "value":"RLIM_SAVED_CUR", "encoding":"US-ASCII", "memsize":40, "flags":{"wb_protected":true, "old":true, "uncollectible":true, "marked":true}}
{"address":"0x7fb1f8056610", "type":"STRING", "class":"0x7fb1f80b7578", "frozen":true, "embedded":true, "fstring":true, "bytesize":22, "value":"bundler/source/path.rb", "encoding":"UTF-8", "memsize":40, "flags":{"wb_protected":true, "old":true, "uncollectible":true, "marked":true}}
{"address":"0x7fb1f8056638", "type":"STRING", "class":"0x7fb1f80b7578", "frozen":true, "embedded":true, "fstring":true, "bytesize":13, "value":"RLIM_INFINITY", "encoding":"US-ASCII", "memsize":40, "flags":{"wb_protected":true, "old":true, "uncollectible":true, "marked":true}}
{"address":"0x7fb1f8056660", "type":"STRING", "class":"0x7fb1f80b7578", "frozen":true, "fstring":true, "bytesize":26, "value":"bundler/source/metadata.rb", "encoding":"UTF-8", "memsize":67, "flags":{"wb_protected":true, "old":true, "uncollectible":true, "marked":true}}
{"address":"0x7fb1f8056688", "type":"STRING", "class":"0x7fb1f80b7578", "frozen":true, "embedded":true, "fstring":true, "bytesize":14, "value":"RLIM_SAVED_MAX", "encoding":"US-ASCII", "memsize":40, "flags":{"wb_protected":true, "old":true, "uncollectible":true, "marked":true}}
{"address":"0x7fb1f80566b0", "type":"STRING", "class":"0x7fb1f80b7578", "frozen":true, "fstring":true, "bytesize":31, "value":"bundler/source/git/git_proxy.rb", "encoding":"UTF-8", "memsize":72, "flags":{"wb_protected":true, "old":true, "uncollectible":true, "marked":true}}
{"address":"0x7fb1f80566d8", "type":"BIGNUM", "class":"0x7fb1f80a7100", "frozen":true, "memsize":40, "flags":{"wb_protected":true, "old":true, "uncollectible":true, "marked":true}}
{"address":"0x7fb1f8056700", "type":"IMEMO", "class":"0x7fb1f8057ad8", "imemo_type":"ment", "memsize":48, "flags":{"wb_protected":true, "old":true, "uncollectible":true, "marked":true}}
{"address":"0x7fb1f8056728", "type":"IMEMO", "imemo_type":"ment", "references":["0x7fb1f8057ba0"], "memsize":48, "flags":{"wb_protected":true, "old":true, "uncollectible":true, "marked":true}}
{"address":"0x7fb1f8056750", "type":"STRING", "class":"0x7fb1f80b7578", "frozen":true, "embedded":true, "fstring":true, "bytesize":9, "value":"setrlimit", "encoding":"US-ASCII", "memsize":40, "flags":{"wb_protected":true, "old":true, "uncollectible":true, "marked":true}}
{"address":"0x7fb1f8056778", "type":"STRING", "class":"0x7fb1f80b7578", "frozen":true, "embedded":true, "fstring":true, "bytesize":21, "value":"bundler/source/git.rb", "encoding":"UTF-8", "memsize":40, "flags":{"wb_protected":true, "old":true, "uncollectible":true, "marked":true}}
{"address":"0x7fb1f80567a0", "type":"IMEMO", "class":"0x7fb1f8057ad8", "imemo_type":"ment", "memsize":48, "flags":{"wb_protected":true, "old":true, "uncollectible":true, "marked":true}}
{"address":"0x7fb1f80567c8", "type":"IMEMO", "imemo_type":"ment", "references":["0x7fb1f8057ba0"], "memsize":48, "flags":{"wb_protected":true, "old":true, "uncollectible":true, "marked":true}}
{"address":"0x7fb1f80567f0", "type":"STRING", "class":"0x7fb1f80b7578", "frozen":true, "embedded":true, "fstring":true, "bytesize":9, "value":"getrlimit", "encoding":"US-ASCII", "memsize":40, "flags":{"wb_protected":true, "old":true, "uncollectible":true, "marked":true}}
{"address":"0x7fb1f8056818", "type":"STRING", "class":"0x7fb1f80b7578", "frozen":true, "fstring":true, "bytesize":25, "value":"bundler/source/gemspec.rb", "encoding":"UTF-8", "memsize":66, "flags":{"wb_protected":true, "old":true, "uncollectible":true, "marked":true}}
{"address":"0x7fb1f8056840", "type":"STRING", "class":"0x7fb1f80b7578", "frozen":true, "embedded":true, "fstring":true, "bytesize":9, "value":"PRIO_USER", "encoding":"US-ASCII", "memsize":40, "flags":{"wb_protected":true, "old":true, "uncollectible":true, "marked":true}}
{"address":"0x7fb1f8056868", "type":"STRING", "class":"0x7fb1f80b7578", "frozen":true, "embedded":true, "fstring":true, "bytesize":23, "value":"VerboseProgressReporter", "encoding":"US-ASCII", "memsize":40, "flags":{"wb_protected":true, "old":true, "uncollectible":true, "marked":true}}
{"address":"0x7fb1f8056890", "type":"STRING", "class":"0x7fb1f80b7578", "frozen":true, "embedded":true, "fstring":true, "bytesize":9, "value":"PRIO_PGRP", "encoding":"US-ASCII", "memsize":40, "flags":{"wb_protected":true, "old":true, "uncollectible":true, "marked":true}}
{"address":"0x7fb1f80568b8", "type":"STRING", "class":"0x7fb1f80b7578", "frozen":true, "embedded":true, "fstring":true, "bytesize":17, "value":"bundler/source.rb", "encoding":"UTF-8", "memsize":40, "flags":{"wb_protected":true, "old":true, "uncollectible":true, "marked":true}}
{"address":"0x7fb1f80568e0", "type":"STRING", "class":"0x7fb1f80b7578", "frozen":true, "embedded":true, "fstring":true, "bytesize":12, "value":"PRIO_PROCESS", "encoding":"US-ASCII", "memsize":40, "flags":{"wb_protected":true, "old":true, "uncollectible":true, "marked":true}}
{"address":"0x7fb1f8056908", "type":"STRING", "class":"0x7fb1f80b7578", "frozen":true, "fstring":true, "bytesize":30, "value":"bundler/similarity_detector.rb", "encoding":"UTF-8", "memsize":71, "flags":{"wb_protected":true, "old":true, "uncollectible":true, "marked":true}}
{"address":"0x7fb1f8056930", "type":"IMEMO", "class":"0x7fb1f8057ad8", "imemo_type":"ment", "memsize":48, "flags":{"wb_protected":true, "old":true, "uncollectible":true, "marked":true}}
{"address":"0x7fb1f8056958", "type":"IMEMO", "imemo_type":"ment", "references":["0x7fb1f8057ba0"], "memsize":48, "flags":{"wb_protected":true, "old":true, "uncollectible":true, "marked":true}}
{"address":"0x7fb1f8056980", "type":"STRING", "class":"0x7fb1f80b7578", "frozen":true, "embedded":true, "fstring":true, "bytesize":11, "value":"setpriority", "encoding":"US-ASCII", "memsize":40, "flags":{"wb_protected":true, "old":true, "uncollectible":true, "marked":true}}
{"address":"0x7fb1f80569a8", "type":"STRING", "class":"0x7fb1f80b7578", "frozen":true, "fstring":true, "bytesize":25, "value":"bundler/shared_helpers.rb", "encoding":"UTF-8", "memsize":66, "flags":{"wb_protected":true, "old":true, "uncollectible":true, "marked":true}}
{"address":"0x7fb1f80569d0", "type":"IMEMO", "class":"0x7fb1f8057ad8", "imemo_type":"ment", "memsize":48, "flags":{"wb_protected":true, "old":true, "uncollectible":true, "marked":true}}
{"address":"0x7fb1f80569f8", "type":"IMEMO", "imemo_type":"ment", "references":["0x7fb1f8057ba0"], "memsize":48, "flags":{"wb_protected":true, "old":true, "uncollectible":true, "marked":true}}
{"address":"0x7fb1f8056a20", "type":"STRING", "class":"0x7fb1f80b7578", "frozen":true, "embedded":true, "fstring":true, "bytesize":11, "value":"getpriority", "encoding":"US-ASCII", "memsize":40, "flags":{"wb_protected":true, "old":true, "uncollectible":true, "marked":true}}
{"address":"0x7fb1f8056a48", "type":"STRING", "class":"0x7fb1f80b7578", "frozen":true, "embedded":true, "fstring":true, "bytesize":22, "value":"SimpleProgressReporter", "encoding":"US-ASCII", "memsize":40, "flags":{"wb_protected":true, "old":true, "uncollectible":true, "marked":true}}
{"address":"0x7fb1f8056a70", "type":"IMEMO", "class":"0x7fb1f8057ad8", "imemo_type":"ment", "memsize":48, "flags":{"wb_protected":true, "old":true, "uncollectible":true, "marked":true}}
{"address":"0x7fb1f8056a98", "type":"IMEMO", "imemo_type":"ment", "references":["0x7fb1f8057ba0"], "memsize":48, "flags":{"wb_protected":true, "old":true, "uncollectible":true, "marked":true}}
{"address":"0x7fb1f8056ac0", "type":"STRING", "class":"0x7fb1f80b7578", "frozen":true, "embedded":true, "fstring":true, "bytesize":6, "value":"setsid", "encoding":"US-ASCII", "memsize":40, "flags":{"wb_protected":true, "old":true, "uncollectible":true, "marked":true}}
{"address":"0x7fb1f8056ae8", "type":"STRING", "class":"0x7fb1f80b7578", "frozen":true, "embedded":true, "fstring":true, "bytesize":16, "value":"bundler/setup.rb", "encoding":"UTF-8", "memsize":40, "flags":{"wb_protected":true, "old":true, "uncollectible":true, "marked":true}}
{"address":"0x7fb1f8056b10", "type":"IMEMO", "class":"0x7fb1f8057ad8", "imemo_type":"ment", "memsize":48, "flags":{"wb_protected":true, "old":true, "uncollectible":true, "marked":true}}
{"address":"0x7fb1f8056b38", "type":"IMEMO", "imemo_type":"ment", "references":["0x7fb1f8057ba0"], "memsize":48, "flags":{"wb_protected":true, "old":true, "uncollectible":true, "marked":true}}
{"address":"0x7fb1f8056b60", "type":"STRING", "class":"0x7fb1f80b7578", "frozen":true, "embedded":true, "fstring":true, "bytesize":6, "value":"getsid", "encoding":"US-ASCII", "memsize":40, "flags":{"wb_protected":true, "old":true, "uncollectible":true, "marked":true}}
{"address":"0x7fb1f8056b88", "type":"STRING", "class":"0x7fb1f80b7578", "frozen":true, "fstring":true, "bytesize":29, "value":"bundler/settings/validator.rb", "encoding":"UTF-8", "memsize":70, "flags":{"wb_protected":true, "old":true, "uncollectible":true, "marked":true}}
{"address":"0x7fb1f8056bb0", "type":"IMEMO", "class":"0x7fb1f8057ad8", "imemo_type":"ment", "memsize":48, "flags":{"wb_protected":true, "old":true, "uncollectible":true, "marked":true}}
{"address":"0x7fb1f8056bd8", "type":"IMEMO", "imemo_type":"ment", "references":["0x7fb1f8057ba0"], "memsize":48, "flags":{"wb_protected":true, "old":true, "uncollectible":true, "marked":true}}
{"address":"0x7fb1f8056c00", "type":"STRING", "class":"0x7fb1f80b7578", "frozen":true, "embedded":true, "fstring":true, "bytesize":7, "value":"setpgid", "encoding":"US-ASCII", "memsize":40, "flags":{"wb_protected":true, "old":true, "uncollectible":true, "marked":true}}
{"address":"0x7fb1f8056c28", "type":"STRING", "class":"0x7fb1f80b7578", "frozen":true, "embedded":true, "fstring":true, "bytesize":19, "value":"bundler/settings.rb", "encoding":"UTF-8", "memsize":40, "flags":{"wb_protected":true, "old":true, "uncollectible":true, "marked":true}}
{"address":"0x7fb1f8056c50", "type":"IMEMO", "class":"0x7fb1f8057ad8", "imemo_type":"ment", "memsize":48, "flags":{"wb_protected":true, "old":true, "uncollectible":true, "marked":true}}
{"address":"0x7fb1f8056c78", "type":"IMEMO", "imemo_type":"ment", "references":["0x7fb1f8057ba0"], "memsize":48, "flags":{"wb_protected":true, "old":true, "uncollectible":true, "marked":true}}
{"address":"0x7fb1f8056ca0", "type":"STRING", "class":"0x7fb1f80b7578", "frozen":true, "embedded":true, "fstring":true, "bytesize":7, "value":"getpgid", "encoding":"US-ASCII", "memsize":40, "flags":{"wb_protected":true, "old":true, "uncollectible":true, "marked":true}}
{"address":"0x7fb1f8056cc8", "type":"STRING", "class":"0x7fb1f80b7578", "frozen":true, "embedded":true, "fstring":true, "bytesize":22, "value":"SilentProgressReporter", "encoding":"US-ASCII", "memsize":40, "flags":{"wb_protected":true, "old":true, "uncollectible":true, "marked":true}}
{"address":"0x7fb1f8056cf0", "type":"IMEMO", "class":"0x7fb1f8057ad8", "imemo_type":"ment", "memsize":48, "flags":{"wb_protected":true, "old":true, "uncollectible":true, "marked":true}}
{"address":"0x7fb1f8056d18", "type":"IMEMO", "imemo_type":"ment", "references":["0x7fb1f8057ba0"], "memsize":48, "flags":{"wb_protected":true, "old":true, "uncollectible":true, "marked":true}}
{"address":"0x7fb1f8056d40", "type":"STRING", "class":"0x7fb1f80b7578", "frozen":true, "embedded":true, "fstring":true, "bytesize":7, "value":"setpgrp", "encoding":"US-ASCII", "memsize":40, "flags":{"wb_protected":true, "old":true, "uncollectible":true, "marked":true}}
{"address":"0x7fb1f8056d68", "type":"STRING", "class":"0x7fb1f80b7578", "frozen":true, "embedded":true, "fstring":true, "bytesize":18, "value":"bundler/runtime.rb", "encoding":"UTF-8", "memsize":40, "flags":{"wb_protected":true, "old":true, "uncollectible":true, "marked":true}}
{"address":"0x7fb1f8056d90", "type":"IMEMO", "class":"0x7fb1f8057ad8", "imemo_type":"ment", "memsize":48, "flags":{"wb_protected":true, "old":true, "uncollectible":true, "marked":true}}
{"address":"0x7fb1f8056db8", "type":"IMEMO", "imemo_type":"ment", "references":["0x7fb1f8057ba0"], "memsize":48, "flags":{"wb_protected":true, "old":true, "uncollectible":true, "marked":true}}
{"address":"0x7fb1f8056de0", "type":"STRING", "class":"0x7fb1f80b7578", "frozen":true, "embedded":true, "fstring":true, "bytesize":7, "value":"getpgrp", "encoding":"US-ASCII", "memsize":40, "flags":{"wb_protected":true, "old":true, "uncollectible":true, "marked":true}}
{"address":"0x7fb1f8056e08", "type":"STRING", "class":"0x7fb1f80b7578", "frozen":true, "fstring":true, "bytesize":31, "value":"bundler/rubygems_integration.rb", "encoding":"UTF-8", "memsize":72, "flags":{"wb_protected":true, "old":true, "uncollectible":true, "marked":true}}
{"address":"0x7fb1f8056e30", "type":"IMEMO", "class":"0x7fb1f8057ad8", "imemo_type":"ment", "memsize":48, "flags":{"wb_protected":true, "old":true, "uncollectible":true, "marked":true}}
{"address":"0x7fb1f8056e58", "type":"IMEMO", "imemo_type":"ment", "references":["0x7fb1f8057ba0"], "memsize":48, "flags":{"wb_protected":true, "old":true, "uncollectible":true, "marked":true}}
{"address":"0x7fb1f8056e80", "type":"STRING", "class":"0x7fb1f80b7578", "frozen":true, "embedded":true, "fstring":true, "bytesize":4, "value":"ppid", "encoding":"US-ASCII", "memsize":40, "flags":{"wb_protected":true, "old":true, "uncollectible":true, "marked":true}}
{"address":"0x7fb1f8056ea8", "type":"STRING", "class":"0x7fb1f80b7578", "frozen":true, "fstring":true, "bytesize":33, "value":"bundler/rubygems_gem_installer.rb", "encoding":"UTF-8", "memsize":74, "flags":{"wb_protected":true, "old":true, "uncollectible":true, "marked":true}}
{"address":"0x7fb1f8056ed0", "type":"IMEMO", "class":"0x7fb1f8057ad8", "imemo_type":"ment", "memsize":48, "flags":{"wb_protected":true, "old":true, "uncollectible":true, "marked":true}}
{"address":"0x7fb1f8056ef8", "type":"IMEMO", "imemo_type":"ment", "references":["0x7fb1f8057ba0"], "memsize":48, "flags":{"wb_protected":true, "old":true, "uncollectible":true, "marked":true}}
{"address":"0x7fb1f8056f20", "type":"IMEMO", "class":"0x7fb1f8057420", "imemo_type":"ment", "memsize":48, "flags":{"wb_protected":true, "old":true, "uncollectible":true, "marked":true}}
{"address":"0x7fb1f8056f48", "type":"STRING", "class":"0x7fb1f80b7578", "frozen":true, "embedded":true, "fstring":true, "bytesize":9, "value":"coredump?", "encoding":"US-ASCII", "memsize":40, "flags":{"wb_protected":true, "old":true, "uncollectible":true, "marked":true}}
{"address":"0x7fb1f8056f70", "type":"STRING", "class":"0x7fb1f80b7578", "frozen":true, "embedded":true, "fstring":true, "bytesize":23, "value":"bundler/rubygems_ext.rb", "encoding":"UTF-8", "memsize":40, "flags":{"wb_protected":true, "old":true, "uncollectible":true, "marked":true}}
{"address":"0x7fb1f8056f98", "type":"IMEMO", "class":"0x7fb1f8057420", "imemo_type":"ment", "memsize":48, "flags":{"wb_protected":true, "old":true, "uncollectible":true, "marked":true}}
{"address":"0x7fb1f8056fc0", "type":"IMEMO", "class":"0x7fb1f8057420", "imemo_type":"ment", "memsize":48, "flags":{"wb_protected":true, "old":true, "uncollectible":true, "marked":true}}
{"address":"0x7fb1f8056fe8", "type":"STRING", "class":"0x7fb1f80b7578", "frozen":true, "embedded":true, "fstring":true, "bytesize":10, "value":"exitstatus", "encoding":"US-ASCII", "memsize":40, "flags":{"wb_protected":true, "old":true, "uncollectible":true, "marked":true}}
{"address":"0x7fb1f8057010", "type":"STRING", "class":"0x7fb1f80b7578", "frozen":true, "fstring":true, "bytesize":39, "value":"bundler/vendor/thor/lib/thor/actions.rb", "encoding":"UTF-8", "memsize":80, "flags":{"wb_protected":true, "old":true, "uncollectible":true, "marked":true}}
{"address":"0x7fb1f8057038", "type":"IMEMO", "class":"0x7fb1f8057420", "imemo_type":"ment", "memsize":48, "flags":{"wb_protected":true, "old":true, "uncollectible":true, "marked":true}}
{"address":"0x7fb1f8057060", "type":"STRING", "class":"0x7fb1f80b7578", "frozen":true, "embedded":true, "fstring":true, "bytesize":7, "value":"exited?", "encoding":"US-ASCII", "memsize":40, "flags":{"wb_protected":true, "old":true, "uncollectible":true, "marked":true}}
{"address":"0x7fb1f8057088", "type":"STRING", "class":"0x7fb1f80b7578", "frozen":true, "embedded":true, "fstring":true, "bytesize":23, "value":"bundler/ruby_version.rb", "encoding":"UTF-8", "memsize":40, "flags":{"wb_protected":true, "old":true, "uncollectible":true, "marked":true}}
{"address":"0x7fb1f80570b0", "type":"IMEMO", "class":"0x7fb1f8057420", "imemo_type":"ment", "memsize":48, "flags":{"wb_protected":true, "old":true, "uncollectible":true, "marked":true}}
{"address":"0x7fb1f80570d8", "type":"STRING", "class":"0x7fb1f80b7578", "frozen":true, "embedded":true, "fstring":true, "bytesize":7, "value":"termsig", "encoding":"US-ASCII", "memsize":40, "flags":{"wb_protected":true, "old":true, "uncollectible":true, "marked":true}}
{"address":"0x7fb1f8057100", "type":"STRING", "class":"0x7fb1f80b7578", "frozen":true, "embedded":true, "fstring":true, "bytesize":19, "value":"bundler/ruby_dsl.rb", "encoding":"UTF-8", "memsize":40, "flags":{"wb_protected":true, "old":true, "uncollectible":true, "marked":true}}
{"address":"0x7fb1f8057128", "type":"IMEMO", "class":"0x7fb1f8057420", "imemo_type":"ment", "memsize":48, "flags":{"wb_protected":true, "old":true, "uncollectible":true, "marked":true}}
{"address":"0x7fb1f8057150", "type":"STRING", "class":"0x7fb1f80b7578", "frozen":true, "embedded":true, "fstring":true, "bytesize":9, "value":"signaled?", "encoding":"US-ASCII", "memsize":40, "flags":{"wb_protected":true, "old":true, "uncollectible":true, "marked":true}}
{"address":"0x7fb1f8057178", "type":"STRING", "class":"0x7fb1f80b7578", "frozen":true, "embedded":true, "fstring":true, "bytesize":7, "value":"author=", "encoding":"US-ASCII", "memsize":40, "flags":{"wb_protected":true, "old":true, "uncollectible":true, "marked":true}}
{"address":"0x7fb1f80571a0", "type":"IMEMO", "class":"0x7fb1f8057420", "imemo_type":"ment", "memsize":48, "flags":{"wb_protected":true, "old":true, "uncollectible":true, "marked":true}}
{"address":"0x7fb1f80571c8", "type":"STRING", "class":"0x7fb1f80b7578", "frozen":true, "embedded":true, "fstring":true, "bytesize":7, "value":"stopsig", "encoding":"US-ASCII", "memsize":40, "flags":{"wb_protected":true, "old":true, "uncollectible":true, "marked":true}}
{"address":"0x7fb1f80571f0", "type":"STRING", "class":"0x7fb1f80b7578", "frozen":true, "embedded":true, "fstring":true, "bytesize":16, "value":"bundler/retry.rb", "encoding":"UTF-8", "memsize":40, "flags":{"wb_protected":true, "old":true, "uncollectible":true, "marked":true}}
{"address":"0x7fb1f8057218", "type":"IMEMO", "class":"0x7fb1f8057420", "imemo_type":"ment", "memsize":48, "flags":{"wb_protected":true, "old":true, "uncollectible":true, "marked":true}}
{"address":"0x7fb1f8057240", "type":"STRING", "class":"0x7fb1f80b7578", "frozen":true, "embedded":true, "fstring":true, "bytesize":8, "value":"stopped?", "encoding":"US-ASCII", "memsize":40, "flags":{"wb_protected":true, "old":true, "uncollectible":true, "marked":true}}
{"address":"0x7fb1f8057268", "type":"STRING", "class":"0x7fb1f80b7578", "frozen":true, "embedded":true, "fstring":true, "bytesize":17, "value":"progress_reporter", "encoding":"US-ASCII", "memsize":40, "flags":{"wb_protected":true, "old":true, "uncollectible":true, "marked":true}}
{"address":"0x7fb1f8057290", "type":"IMEMO", "class":"0x7fb1f8057420", "imemo_type":"ment", "memsize":48, "flags":{"wb_protected":true, "old":true, "uncollectible":true, "marked":true}}
{"address":"0x7fb1f80572b8", "type":"IMEMO", "class":"0x7fb1f8057420", "imemo_type":"ment", "memsize":48, "flags":{"wb_protected":true, "old":true, "uncollectible":true, "marked":true}}
{"address":"0x7fb1f80572e0", "type":"IMEMO", "class":"0x7fb1f8057420", "imemo_type":"ment", "memsize":48, "flags":{"wb_protected":true, "old":true, "uncollectible":true, "marked":true}}
{"address":"0x7fb1f8057308", "type":"IMEMO", "class":"0x7fb1f8057420", "imemo_type":"ment", "memsize":48, "flags":{"wb_protected":true, "old":true, "uncollectible":true, "marked":true}}
{"address":"0x7fb1f8057330", "type":"IMEMO", "class":"0x7fb1f8057420", "imemo_type":"ment", "memsize":48, "flags":{"wb_protected":true, "old":true, "uncollectible":true, "marked":true}}
{"address":"0x7fb1f8057358", "type":"IMEMO", "class":"0x7fb1f8057420", "imemo_type":"ment", "memsize":48, "flags":{"wb_protected":true, "old":true, "uncollectible":true, "marked":true}}
{"address":"0x7fb1f8057380", "type":"IMEMO", "class":"0x7fb1f8057420", "imemo_type":"ment", "memsize":48, "flags":{"wb_protected":true, "old":true, "uncollectible":true, "marked":true}}
{"address":"0x7fb1f80573a8", "type":"IMEMO", "class":"0x7fb1f80573f8", "imemo_type":"ment", "memsize":48, "flags":{"wb_protected":true, "old":true, "uncollectible":true, "marked":true}}
{"address":"0x7fb1f80573d0", "type":"STRING", "class":"0x7fb1f80b7578", "frozen":true, "embedded":true, "bytesize":15, "value":"Process::Status", "encoding":"US-ASCII", "memsize":40, "flags":{"wb_protected":true, "old":true, "uncollectible":true, "marked":true}}
{"address":"0x7fb1f80573f8", "type":"CLASS", "class":"0x7fb1f80bf700", "name":"Class", "references":["0x7fb1f80bf6b0", "0x7fb1f80573a8", "0x7fb1f8057420"], "memsize":528, "flags":{"wb_protected":true, "old":true, "uncollectible":true, "marked":true}}
{"address":"0x7fb1f8057420", "type":"CLASS", "class":"0x7fb1f80573f8", "name":"Process::Status", "references":["0x7fb1f80c5240", "0x7fb1f8057290", "0x7fb1f8056f98", "0x7fb1f8057358", "0x7fb1f8057330", "0x7fb1f80572b8", "0x7fb1f8057380", "0x7fb1f80572e0", "0x7fb1f8057308", "0x7fb1f8057218", "0x7fb1f80571a0", "0x7fb1f8057128", "0x7fb1f80570b0", "0x7fb1f8057038", "0x7fb1f8056fc0", "0x7fb1f8056f20", "0x7fb1f80573d0"], "memsize":976, "flags":{"wb_protected":true, "old":true, "uncollectible":true, "marked":true}}
{"address":"0x7fb1f8057448", "type":"STRING", "class":"0x7fb1f80b7578", "frozen":true, "embedded":true, "fstring":true, "bytesize":6, "value":"Status", "encoding":"US-ASCII", "memsize":40, "flags":{"wb_protected":true, "old":true, "uncollectible":true, "marked":true}}
{"address":"0x7fb1f8057470", "type":"STRING", "class":"0x7fb1f80b7578", "frozen":true, "fstring":true, "bytesize":98, "capacity":158, "value":"/Users/rschneeman/.rubies/ruby-2.7.1/lib/ruby/gems/2.7.0/specifications/default/rdoc-6.2.1.gemspec", "encoding":"US-ASCII", "memsize":199, "flags":{"wb_protected":true, "old":true, "uncollectible":true, "marked":true}}
{"address":"0x7fb1f8057498", "type":"IMEMO", "class":"0x7fb1f8057538", "imemo_type":"ment", "memsize":48, "flags":{"wb_protected":true, "old":true, "uncollectible":true, "marked":true}}
{"address":"0x7fb1f80574c0", "type":"IMEMO", "class":"0x7fb1f8057510", "imemo_type":"ment", "memsize":48, "flags":{"wb_protected":true, "old":true, "uncollectible":true, "marked":true}}
{"address":"0x7fb1f80574e8", "type":"STRING", "class":"0x7fb1f80b7578", "frozen":true, "embedded":true, "bytesize":15, "value":"Process::Waiter", "encoding":"US-ASCII", "memsize":40, "flags":{"wb_protected":true, "old":true, "uncollectible":true, "marked":true}}
{"address":"0x7fb1f8057510", "type":"CLASS", "class":"0x7fb1f80bf700", "name":"Class", "references":["0x7fb1f8065e30", "0x7fb1f80574c0", "0x7fb1f8057538"], "memsize":528, "flags":{"wb_protected":true, "old":true, "uncollectible":true, "marked":true}}
{"address":"0x7fb1f8057538", "type":"CLASS", "class":"0x7fb1f8057510", "name":"Process::Waiter", "references":["0x7fb1f8065e58", "0x7fb1f8057498", "0x7fb1f80574e8"], "memsize":528, "flags":{"wb_protected":true, "old":true, "uncollectible":true, "marked":true}}
{"address":"0x7fb1f8057560", "type":"STRING", "class":"0x7fb1f80b7578", "frozen":true, "embedded":true, "fstring":true, "bytesize":6, "value":"Waiter", "encoding":"US-ASCII", "memsize":40, "flags":{"wb_protected":true, "old":true, "uncollectible":true, "marked":true}}
{"address":"0x7fb1f8057588", "type":"STRING", "class":"0x7fb1f80b7578", "frozen":true, "fstring":true, "bytesize":30, "value":"bundler/resolver/spec_group.rb", "encoding":"UTF-8", "memsize":71, "flags":{"wb_protected":true, "old":true, "uncollectible":true, "marked":true}}
{"address":"0x7fb1f80575b0", "type":"IMEMO", "class":"0x7fb1f8057ad8", "imemo_type":"ment", "memsize":48, "flags":{"wb_protected":true, "old":true, "uncollectible":true, "marked":true}}
{"address":"0x7fb1f80575d8", "type":"IMEMO", "imemo_type":"ment", "references":["0x7fb1f8057ba0"], "memsize":48, "flags":{"wb_protected":true, "old":true, "uncollectible":true, "marked":true}}
{"address":"0x7fb1f8057600", "type":"STRING", "class":"0x7fb1f80b7578", "frozen":true, "embedded":true, "fstring":true, "bytesize":6, "value":"detach", "encoding":"US-ASCII", "memsize":40, "flags":{"wb_protected":true, "old":true, "uncollectible":true, "marked":true}}
{"address":"0x7fb1f8057628", "type":"STRING", "class":"0x7fb1f80b7578", "frozen":true, "embedded":true, "fstring":true, "bytesize":15, "value":"timeout/version", "encoding":"UTF-8", "memsize":40, "flags":{"wb_protected":true, "old":true, "uncollectible":true, "marked":true}}
{"address":"0x7fb1f8057650", "type":"IMEMO", "class":"0x7fb1f8057ad8", "imemo_type":"ment", "memsize":48, "flags":{"wb_protected":true, "old":true, "uncollectible":true, "marked":true}}
{"address":"0x7fb1f8057678", "type":"IMEMO", "imemo_type":"ment", "references":["0x7fb1f8057ba0"], "memsize":48, "flags":{"wb_protected":true, "old":true, "uncollectible":true, "marked":true}}
{"address":"0x7fb1f80576a0", "type":"STRING", "class":"0x7fb1f80b7578", "frozen":true, "embedded":true, "fstring":true, "bytesize":7, "value":"waitall", "encoding":"US-ASCII", "memsize":40, "flags":{"wb_protected":true, "old":true, "uncollectible":true, "marked":true}}
{"address":"0x7fb1f80576c8", "type":"STRING", "class":"0x7fb1f80b7578", "frozen":true, "embedded":true, "fstring":true, "bytesize":19, "value":"bundler/resolver.rb", "encoding":"UTF-8", "memsize":40, "flags":{"wb_protected":true, "old":true, "uncollectible":true, "marked":true}}
{"address":"0x7fb1f80576f0", "type":"IMEMO", "class":"0x7fb1f8057ad8", "imemo_type":"ment", "memsize":48, "flags":{"wb_protected":true, "old":true, "uncollectible":true, "marked":true}}
{"address":"0x7fb1f8057718", "type":"IMEMO", "imemo_type":"ment", "references":["0x7fb1f8057ba0"], "memsize":48, "flags":{"wb_protected":true, "old":true, "uncollectible":true, "marked":true}}
{"address":"0x7fb1f8057740", "type":"STRING", "class":"0x7fb1f80b7578", "frozen":true, "embedded":true, "fstring":true, "bytesize":8, "value":"waitpid2", "encoding":"US-ASCII", "memsize":40, "flags":{"wb_protected":true, "old":true, "uncollectible":true, "marked":true}}
{"address":"0x7fb1f8057768", "type":"STRING", "class":"0x7fb1f80b7578", "frozen":true, "fstring":true, "bytesize":31, "value":"bundler/remote_specification.rb", "encoding":"UTF-8", "memsize":72, "flags":{"wb_protected":true, "old":true, "uncollectible":true, "marked":true}}
{"address":"0x7fb1f8057790", "type":"IMEMO", "class":"0x7fb1f8057ad8", "imemo_type":"ment", "memsize":48, "flags":{"wb_protected":true, "old":true, "uncollectible":true, "marked":true}}
{"address":"0x7fb1f80577b8", "type":"IMEMO", "imemo_type":"ment", "references":["0x7fb1f8057ba0"], "memsize":48, "flags":{"wb_protected":true, "old":true, "uncollectible":true, "marked":true}}
{"address":"0x7fb1f80577e0", "type":"STRING", "class":"0x7fb1f80b7578", "frozen":true, "embedded":true, "fstring":true, "bytesize":7, "value":"waitpid", "encoding":"US-ASCII", "memsize":40, "flags":{"wb_protected":true, "old":true, "uncollectible":true, "marked":true}}
{"address":"0x7fb1f8057808", "type":"STRING", "class":"0x7fb1f80b7578", "frozen":true, "fstring":true, "bytesize":71, "value":"/Users/rschneeman/.rubies/ruby-2.7.1/lib/ruby/2.7.0/rubygems/version.rb", "encoding":"US-ASCII", "memsize":112, "flags":{"wb_protected":true, "old":true, "uncollectible":true, "marked":true}}
{"address":"0x7fb1f8057830", "type":"IMEMO", "class":"0x7fb1f8057ad8", "imemo_type":"ment", "memsize":48, "flags":{"wb_protected":true, "old":true, "uncollectible":true, "marked":true}}
{"address":"0x7fb1f8057858", "type":"IMEMO", "imemo_type":"ment", "references":["0x7fb1f8057ba0"], "memsize":48, "flags":{"wb_protected":true, "old":true, "uncollectible":true, "marked":true}}
{"address":"0x7fb1f8057880", "type":"STRING", "class":"0x7fb1f80b7578", "frozen":true, "embedded":true, "fstring":true, "bytesize":5, "value":"wait2", "encoding":"US-ASCII", "memsize":40, "flags":{"wb_protected":true, "old":true, "uncollectible":true, "marked":true}}
{"address":"0x7fb1f80578a8", "type":"STRING", "class":"0x7fb1f80b7578", "frozen":true, "embedded":true, "fstring":true, "bytesize":23, "value":"bundler/psyched_yaml.rb", "encoding":"UTF-8", "memsize":40, "flags":{"wb_protected":true, "old":true, "uncollectible":true, "marked":true}}
{"address":"0x7fb1f80578d0", "type":"IMEMO", "class":"0x7fb1f8057ad8", "imemo_type":"ment", "memsize":48, "flags":{"wb_protected":true, "old":true, "uncollectible":true, "marked":true}}
{"address":"0x7fb1f80578f8", "type":"IMEMO", "imemo_type":"ment", "references":["0x7fb1f8057ba0"], "memsize":48, "flags":{"wb_protected":true, "old":true, "uncollectible":true, "marked":true}}
{"address":"0x7fb1f8057920", "type":"IMEMO", "class":"0x7fb1f8057ad8", "imemo_type":"ment", "memsize":48, "flags":{"wb_protected":true, "old":true, "uncollectible":true, "marked":true}}
{"address":"0x7fb1f8057948", "type":"IMEMO", "imemo_type":"ment", "references":["0x7fb1f8057ba0"], "memsize":48, "flags":{"wb_protected":true, "old":true, "uncollectible":true, "marked":true}}
{"address":"0x7fb1f8057970", "type":"IMEMO", "class":"0x7fb1f8057ad8", "imemo_type":"ment", "memsize":48, "flags":{"wb_protected":true, "old":true, "uncollectible":true, "marked":true}}
{"address":"0x7fb1f8057998", "type":"STRING", "class":"0x7fb1f80b7578", "frozen":true, "embedded":true, "fstring":true, "bytesize":11, "value":"last_status", "encoding":"US-ASCII", "memsize":40, "flags":{"wb_protected":true, "old":true, "uncollectible":true, "marked":true}}
{"address":"0x7fb1f80579c0", "type":"STRING", "class":"0x7fb1f80b7578", "frozen":true, "embedded":true, "fstring":true, "bytesize":23, "value":"bundler/process_lock.rb", "encoding":"UTF-8", "memsize":40, "flags":{"wb_protected":true, "old":true, "uncollectible":true, "marked":true}}
{"address":"0x7fb1f80579e8", "type":"IMEMO", "class":"0x7fb1f8057ad8", "imemo_type":"ment", "memsize":48, "flags":{"wb_protected":true, "old":true, "uncollectible":true, "marked":true}}
{"address":"0x7fb1f8057a10", "type":"IMEMO", "class":"0x7fb1f8057ad8", "imemo_type":"ment", "memsize":48, "flags":{"wb_protected":true, "old":true, "uncollectible":true, "marked":true}}
{"address":"0x7fb1f8057a38", "type":"IMEMO", "class":"0x7fb1f8057ad8", "imemo_type":"ment", "memsize":48, "flags":{"wb_protected":true, "old":true, "uncollectible":true, "marked":true}}
{"address":"0x7fb1f8057a60", "type":"IMEMO", "class":"0x7fb1f8057ad8", "imemo_type":"ment", "memsize":48, "flags":{"wb_protected":true, "old":true, "uncollectible":true, "marked":true}}
{"address":"0x7fb1f8057a88", "type":"IMEMO", "class":"0x7fb1f8057ad8", "imemo_type":"ment", "memsize":48, "flags":{"wb_protected":true, "old":true, "uncollectible":true, "marked":true}}
{"address":"0x7fb1f8057ab0", "type":"IMEMO", "class":"0x7fb1f8057ad8", "imemo_type":"ment", "memsize":48, "flags":{"wb_protected":true, "old":true, "uncollectible":true, "marked":true}}
{"address":"0x7fb1f8057ad8", "type":"CLASS", "class":"0x7fb1f80bf6d8", "name":"Module", "references":["0x7fb1f80c51c8", "0x7fb1f8057ab0", "0x7fb1f8057a38", "0x7fb1f8057a60", "0x7fb1f80579e8", "0x7fb1f8057970", "0x7fb1f8057830", "0x7fb1f8057790", "0x7fb1f80576f0", "0x7fb1f8057650", "0x7fb1f80575b0", "0x7fb1f8056e30", "0x7fb1f8056d90", "0x7fb1f8056cf0", "0x7fb1f8056c50", "0x7fb1f8056bb0", "0x7fb1f8056b10", "0x7fb1f8056a70", "0x7fb1f80569d0", "0x7fb1f8056930", "0x7fb1f80567a0", "0x7fb1f8056700", "0x7fb1f8056278", "0x7fb1f80561d8", "0x7fb1f8056188", "0x7fb1f80560e8", "0x7fb1f8056048", "0x7fb1f8055fa8", "0x7fb1f8057a88", "0x7fb1f8055dc8", "0x7fb1f8055f08", "0x7fb1f8055c88", "0x7fb1f8055be8", "0x7fb1f8055b48", "0x7fb1f8055aa8", "0x7fb1f8056ed0", "0x7fb1f8055d28", "0x7fb1f8055e68", "0x7fb1f8057a10", "0x7fb1f8057920", "0x7fb1f8055738", "0x7fb1f8055698", "0x7fb1f803e470", "0x7fb1f803e3d0", "0x7fb1f80578d0", "0x7fb1f8055a58", "0x7fb1f8057ba0"], "memsize":2512, "flags":{"wb_protected":true, "old":true, "uncollectible":true, "marked":true}}
{"address":"0x7fb1f8057b00", "type":"STRING", "class":"0x7fb1f80b7578", "frozen":true, "embedded":true, "fstring":true, "bytesize":9, "value":"WUNTRACED", "encoding":"US-ASCII", "memsize":40, "flags":{"wb_protected":true, "old":true, "uncollectible":true, "marked":true}}
{"address":"0x7fb1f8057b28", "type":"STRING", "class":"0x7fb1f80b7578", "frozen":true, "embedded":true, "fstring":true, "bytesize":17, "value":"reline/unicode.rb", "encoding":"UTF-8", "memsize":40, "flags":{"wb_protected":true, "old":true, "uncollectible":true, "marked":true}}
{"address":"0x7fb1f8057b50", "type":"STRING", "class":"0x7fb1f80b7578", "frozen":true, "embedded":true, "fstring":true, "bytesize":7, "value":"WNOHANG", "encoding":"US-ASCII", "memsize":40, "flags":{"wb_protected":true, "old":true, "uncollectible":true, "marked":true}}
{"address":"0x7fb1f8057b78", "type":"STRING", "class":"0x7fb1f80b7578", "frozen":true, "fstring":true, "bytesize":29, "value":"bundler/plugin/source_list.rb", "encoding":"UTF-8", "memsize":70, "flags":{"wb_protected":true, "old":true, "uncollectible":true, "marked":true}}
{"address":"0x7fb1f8057ba0", "type":"MODULE", "class":"0x7fb1f8057ad8", "name":"Process", "references":["0x7fb1f8055cb0", "0x7fb1f8056ef8", "0x7fb1f8055b70", "0x7fb1f8055ad0", "0x7fb1f8055a80", "0x7fb1f8055760", "0x7fb1f80556c0", "0x7fb1f8057858", "0x7fb1f80577b8", "0x7fb1f8057718", "0x7fb1f8057678", "0x7fb1f80575d8", "0x7fb1f8056e58", "0x7fb1f8056db8", "0x7fb1f8056d18", "0x7fb1f8056c78", "0x7fb1f8056bd8", "0x7fb1f8056b38", "0x7fb1f8056a98", "0x7fb1f80569f8", "0x7fb1f8056958", "0x7fb1f80567c8", "0x7fb1f8056728", "0x7fb1f803e498", "0x7fb1f803e3f8", "0x7fb1f80578f8", "0x7fb1f80562a0", "0x7fb1f8056200", "0x7fb1f80561b0", "0x7fb1f8056110", "0x7fb1f8056070", "0x7fb1f8055fd0", "0x7fb1f8055f30", "0x7fb1f8055e90", "0x7fb1f8055df0", "0x7fb1f8055d50", "0x7fb1f8057948", "0x7fb1f8055c10", "0x7fb1f8057bc8", "0x7fb1f805fb98", "0x7fb1f805fb98", "0x7fb1f805fb98", "0x7fb1f805fb98", "0x7fb1f805fb98", "0x7fb1f805fb98", "0x7fb1f805fb98", "0x7fb1f805fb98", "0x7fb1f805fb98", "0x7fb1f805fb98", "0x7fb1f80553f0", "0x7fb1f805fb98", "0x7fb1f8057538", "0x7fb1f805fb98", "0x7fb1f8057420", "0x7fb1f805fb98", "0x7fb1f8054d88", "0x7fb1f805fb98", "0x7fb1f8054cc0", "0x7fb1f805fb98", "0x7fb1f8054298", "0x7fb1f805fb98", "0x7fb1f805fb98", "0x7fb1f805fb98", "0x7fb1f805fb98", "0x7fb1f80566d8", "0x7fb1f805fb98", "0x7fb1f80566d8", "0x7fb1f805fb98", "0x7fb1f80566d8", "0x7fb1f805fb98", "0x7fb1f805fb98", "0x7fb1f805fb98", "0x7fb1f805fb98", "0x7fb1f805fb98", "0x7fb1f805fb98", "0x7fb1f805fb98", "0x7fb1f805fb98", "0x7fb1f805fb98", "0x7fb1f805fb98", "0x7fb1f805fb98"], "memsize":2536, "flags":{"wb_protected":true, "old":true, "uncollectible":true, "marked":true}}
{"address":"0x7fb1f8057bc8", "type":"STRING", "class":"0x7fb1f80b7578", "frozen":true, "embedded":true, "fstring":true, "bytesize":7, "value":"Process", "encoding":"US-ASCII", "memsize":40, "flags":{"wb_protected":true, "old":true, "uncollectible":true, "marked":true}}
{"address":"0x7fb1f8057bf0", "type":"STRING", "class":"0x7fb1f80b7578", "frozen":true, "fstring":true, "bytesize":36, "value":"bundler/plugin/installer/rubygems.rb", "encoding":"UTF-8", "memsize":77, "flags":{"wb_protected":true, "old":true, "uncollectible":true, "marked":true}}
{"address":"0x7fb1f8057c18", "type":"IMEMO", "class":"0x7fb1f80bfbb0", "imemo_type":"ment", "memsize":48, "flags":{"wb_protected":true, "old":true, "uncollectible":true, "marked":true}}
{"address":"0x7fb1f8057c40", "type":"IMEMO", "imemo_type":"ment", "references":["0x7fb1f80c4ef8"], "memsize":48, "flags":{"wb_protected":true, "old":true, "uncollectible":true, "marked":true}}
{"address":"0x7fb1f8057c68", "type":"STRING", "class":"0x7fb1f80b7578", "frozen":true, "embedded":true, "fstring":true, "bytesize":5, "value":"abort", "encoding":"US-ASCII", "memsize":40, "flags":{"wb_protected":true, "old":true, "uncollectible":true, "marked":true}}
{"address":"0x7fb1f8057c90", "type":"STRING", "class":"0x7fb1f80b7578", "frozen":true, "fstring":true, "bytesize":31, "value":"bundler/plugin/installer/git.rb", "encoding":"UTF-8", "memsize":72, "flags":{"wb_protected":true, "old":true, "uncollectible":true, "marked":true}}
{"address":"0x7fb1f8057cb8", "type":"IMEMO", "class":"0x7fb1f80bfbb0", "imemo_type":"ment", "memsize":48, "flags":{"wb_protected":true, "old":true, "uncollectible":true, "marked":true}}
{"address":"0x7fb1f8057ce0", "type":"IMEMO", "imemo_type":"ment", "references":["0x7fb1f80c4ef8"], "memsize":48, "flags":{"wb_protected":true, "old":true, "uncollectible":true, "marked":true}}
{"address":"0x7fb1f8057d08", "type":"IMEMO", "class":"0x7fb1f80bfbb0", "imemo_type":"ment", "memsize":48, "flags":{"wb_protected":true, "old":true, "uncollectible":true, "marked":true}}
{"address":"0x7fb1f8057d30", "type":"IMEMO", "imemo_type":"ment", "references":["0x7fb1f80c4ef8"], "memsize":48, "flags":{"wb_protected":true, "old":true, "uncollectible":true, "marked":true}}
{"address":"0x7fb1f8057d58", "type":"IMEMO", "class":"0x7fb1f80bfbb0", "imemo_type":"ment", "memsize":48, "flags":{"wb_protected":true, "old":true, "uncollectible":true, "marked":true}}
{"address":"0x7fb1f8057d80", "type":"IMEMO", "imemo_type":"ment", "references":["0x7fb1f80c4ef8"], "memsize":48, "flags":{"wb_protected":true, "old":true, "uncollectible":true, "marked":true}}
{"address":"0x7fb1f8057da8", "type":"STRING", "class":"0x7fb1f80b7578", "frozen":true, "embedded":true, "fstring":true, "bytesize":5, "value":"spawn", "encoding":"US-ASCII", "memsize":40, "flags":{"wb_protected":true, "old":true, "uncollectible":true, "marked":true}}
{"address":"0x7fb1f8057dd0", "type":"ARRAY", "class":"0x7fb1f8097228", "length":2, "embedded":true, "references":["0x7fb1f805f468", "0x7fb1f805f378"], "memsize":40, "flags":{"wb_protected":true, "old":true, "uncollectible":true, "marked":true}}
{"address":"0x7fb1f8057df8", "type":"IMEMO", "class":"0x7fb1f80bfbb0", "imemo_type":"ment", "memsize":48, "flags":{"wb_protected":true, "old":true, "uncollectible":true, "marked":true}}
{"address":"0x7fb1f8057e20", "type":"IMEMO", "imemo_type":"ment", "references":["0x7fb1f80c4ef8"], "memsize":48, "flags":{"wb_protected":true, "old":true, "uncollectible":true, "marked":true}}
{"address":"0x7fb1f8057e48", "type":"STRING", "class":"0x7fb1f80b7578", "frozen":true, "embedded":true, "fstring":true, "bytesize":6, "value":"system", "encoding":"US-ASCII", "memsize":40, "flags":{"wb_protected":true, "old":true, "uncollectible":true, "marked":true}}
{"address":"0x7fb1f8057e70", "type":"STRING", "class":"0x7fb1f80b7578", "frozen":true, "fstring":true, "bytesize":27, "value":"bundler/plugin/installer.rb", "encoding":"UTF-8", "memsize":68, "flags":{"wb_protected":true, "old":true, "uncollectible":true, "marked":true}}
{"address":"0x7fb1f8057e98", "type":"IMEMO", "class":"0x7fb1f80bfbb0", "imemo_type":"ment", "memsize":48, "flags":{"wb_protected":true, "old":true, "uncollectible":true, "marked":true}}
{"address":"0x7fb1f8057ec0", "type":"IMEMO", "imemo_type":"ment", "references":["0x7fb1f80c4ef8"], "memsize":48, "flags":{"wb_protected":true, "old":true, "uncollectible":true, "marked":true}}
{"address":"0x7fb1f8057ee8", "type":"STRING", "class":"0x7fb1f80b7578", "frozen":true, "embedded":true, "fstring":true, "bytesize":5, "value":"exit!", "encoding":"US-ASCII", "memsize":40, "flags":{"wb_protected":true, "old":true, "uncollectible":true, "marked":true}}
{"address":"0x7fb1f8057f10", "type":"STRING", "class":"0x7fb1f80b7578", "frozen":true, "embedded":true, "fstring":true, "bytesize":23, "value":"bundler/plugin/index.rb", "encoding":"UTF-8", "memsize":40, "flags":{"wb_protected":true, "old":true, "uncollectible":true, "marked":true}}
{"address":"0x7fb1f8057f38", "type":"IMEMO", "class":"0x7fb1f80bfbb0", "imemo_type":"ment", "memsize":48, "flags":{"wb_protected":true, "old":true, "uncollectible":true, "marked":true}}
{"address":"0x7fb1f8057f60", "type":"IMEMO", "imemo_type":"ment", "references":["0x7fb1f80c4ef8"], "memsize":48, "flags":{"wb_protected":true, "old":true, "uncollectible":true, "marked":true}}
{"address":"0x7fb1f8057f88", "type":"IMEMO", "class":"0x7fb1f80bfbb0", "imemo_type":"ment", "memsize":48, "flags":{"wb_protected":true, "old":true, "uncollectible":true, "marked":true}}
{"address":"0x7fb1f8057fb0", "type":"IMEMO", "imemo_type":"ment", "references":["0x7fb1f80c4ef8"], "memsize":48, "flags":{"wb_protected":true, "old":true, "uncollectible":true, "marked":true}}
{"address":"0x7fb1f805c010", "type":"STRING", "class":"0x7fb1f80b7578", "frozen":true, "embedded":true, "fstring":true, "bytesize":4, "value":"exec", "encoding":"US-ASCII", "memsize":40, "flags":{"wb_protected":true, "old":true, "uncollectible":true, "marked":true}}
{"address":"0x7fb1f805c038", "type":"STRING", "class":"0x7fb1f80b7578", "frozen":true, "fstring":true, "bytesize":24, "value":"bundler/plugin/events.rb", "encoding":"UTF-8", "memsize":65, "flags":{"wb_protected":true, "old":true, "uncollectible":true, "marked":true}}
{"address":"0x7fb1f805c060", "type":"STRING", "class":"0x7fb1f80b7578", "frozen":true, "embedded":true, "fstring":true, "bytesize":2, "value":"$$", "encoding":"US-ASCII", "memsize":40, "flags":{"wb_protected":true, "old":true, "uncollectible":true, "marked":true}}
{"address":"0x7fb1f805c088", "type":"STRING", "class":"0x7fb1f80b7578", "frozen":true, "embedded":true, "fstring":true, "bytesize":19, "value":"missing_extensions?", "encoding":"US-ASCII", "memsize":40, "flags":{"wb_protected":true, "old":true, "uncollectible":true, "marked":true}}
{"address":"0x7fb1f805c0b0", "type":"STRING", "class":"0x7fb1f80b7578", "frozen":true, "embedded":true, "fstring":true, "bytesize":2, "value":"$?", "encoding":"US-ASCII", "memsize":40, "flags":{"wb_protected":true, "old":true, "uncollectible":true, "marked":true}}
{"address":"0x7fb1f805c0d8", "type":"STRING", "class":"0x7fb1f80b7578", "frozen":true, "embedded":true, "fstring":true, "bytesize":21, "value":"bundler/plugin/dsl.rb", "encoding":"UTF-8", "memsize":40, "flags":{"wb_protected":true, "old":true, "uncollectible":true, "marked":true}}
{"address":"0x7fb1f805c100", "type":"ARRAY", "length":1024, "references":["0x7fb1f805c128", "0x7fb1f805c0b0", "0x7fb1f805c060", "0x7fb1f805c010", "0x7fb1f8057ee8", "0x7fb1f8057e48", "0x7fb1f8057da8", "0x7fb1f8057c68", "0x7fb1f8057bc8", "0x7fb1f8057b50", "0x7fb1f8057b00", "0x7fb1f8057998", "0x7fb1f8057880", "0x7fb1f80577e0", "0x7fb1f8057740", "0x7fb1f80576a0", "0x7fb1f8057600", "0x7fb1f8057560", "0x7fb1f8057448", "0x7fb1f8057240", "0x7fb1f80571c8", "0x7fb1f8057150", "0x7fb1f80570d8", "0x7fb1f8057060", "0x7fb1f8056fe8", "0x7fb1f8056f48", "0x7fb1f8056e80", "0x7fb1f8056de0", "0x7fb1f8056d40", "0x7fb1f8056ca0", "0x7fb1f8056c00", "0x7fb1f8056b60", "0x7fb1f8056ac0", "0x7fb1f8056a20", "0x7fb1f8056980", "0x7fb1f80568e0", "0x7fb1f8056890", "0x7fb1f8056840", "0x7fb1f80567f0", "0x7fb1f8056750", "0x7fb1f8056688", "0x7fb1f8056638", "0x7fb1f80565e8", "0x7fb1f8056598", "0x7fb1f8056548", "0x7fb1f80564f8", "0x7fb1f80564a8", "0x7fb1f8056458", "0x7fb1f8056408", "0x7fb1f80563b8", "0x7fb1f8056368", "0x7fb1f8056318", "0x7fb1f80562c8", "0x7fb1f8056228", "0x7fb1f8056138", "0x7fb1f8056098", "0x7fb1f8055ff8", "0x7fb1f8055f58", "0x7fb1f8055eb8", "0x7fb1f8055e18", "0x7fb1f8055d78", "0x7fb1f8055cd8", "0x7fb1f8055c38", "0x7fb1f8055b98", "0x7fb1f8055af8", "0x7fb1f8055a08", "0x7fb1f80559b8", "0x7fb1f8055968", "0x7fb1f8055918", "0x7fb1f80558c8", "0x7fb1f8055878", "0x7fb1f8055828", "0x7fb1f80557d8", "0x7fb1f8055788", "0x7fb1f80556e8", "0x7fb1f8055418", "0x7fb1f8055288", "0x7fb1f80555f8", "0x7fb1f80555d0", "0x7fb1f8055148", "0x7fb1f8055558", "0x7fb1f8055530", "0x7fb1f8055008", "0x7fb1f80554b8", "0x7fb1f8055490", "0x7fb1f8054ec8", "0x7fb1f8054db0", "0x7fb1f8054ce8", "0x7fb1f8054c20", "0x7fb1f8054ae0", "0x7fb1f80549f0", "0x7fb1f8054900", "0x7fb1f8054810", "0x7fb1f8054770", "0x7fb1f8054680", "0x7fb1f8054590", "0x7fb1f80544a0", "0x7fb1f80543b0", "0x7fb1f80542c0", "0x7fb1f80541f8", "0x7fb1f8054130", "0x7fb1f8054090", "0x7fb1f804ff90", "0x7fb1f804fef0", "0x7fb1f804fe50", "0x7fb1f804fdb0", "0x7fb1f804fd10", "0x7fb1f804fc70", "0x7fb1f804fbd0", "0x7fb1f804fb30", "0x7fb1f804fa90", "0x7fb1f804f9f0", "0x7fb1f804f950", "0x7fb1f804f8b0", "0x7fb1f804f810", "0x7fb1f804f770", "0x7fb1f804f5e0", "0x7fb1f804f590", "0x7fb1f804f540", "0x7fb1f804f400", "0x7fb1f804f388", "0x7fb1f804efa0", "0x7fb1f804ee88", "0x7fb1f804ed98", "0x7fb1f804ed20", "0x7fb1f804eca8", "0x7fb1f804e9b0", "0x7fb1f804e960", "0x7fb1f804e910", "0x7fb1f804e8c0", "0x7fb1f804e7d0", "0x7fb1f804e758", "0x7fb1f804e6e0", "0x7fb1f804e348", "0x7fb1f804e2d0", "0x7fb1f804e258", "0x7fb1f804dfd8", "0x7fb1f804df38", "0x7fb1f804dec0", "0x7fb1f804ddd0", "0x7fb1f804dd58", "0x7fb1f804d9c0", "0x7fb1f804d628", "0x7fb1f804d560", "0x7fb1f804d4e8", "0x7fb1f804d470", "0x7fb1f804d420", "0x7fb1f804d3a8", "0x7fb1f804d330", "0x7fb1f804d2b8", "0x7fb1f804d1c8", "0x7fb1f804d128", "0x7fb1f804cf70", "0x7fb1f804cef8", "0x7fb1f804ce80", "0x7fb1f804cd68", "0x7fb1f804cc78", "0x7fb1f804cb88", "0x7fb1f804ca98", "0x7fb1f804c9a8", "0x7fb1f804c908", "0x7fb1f804c750", "0x7fb1f804c688", "0x7fb1f804c458", "0x7fb1f8047ed0", "0x7fb1f8047e80", "0x7fb1f8047e30", "0x7fb1f8047de0", "0x7fb1f8047d90", "0x7fb1f8047d40", "0x7fb1f8047c00", "0x7fb1f8047b10", "0x7fb1f8047a98", "0x7fb1f8047a20", "0x7fb1f8047980", "0x7fb1f80478e0", "0x7fb1f8047840", "0x7fb1f8047750", "0x7fb1f80476b0", "0x7fb1f8047610", "0x7fb1f80472f0", "0x7fb1f8047278", "0x7fb1f8047200", "0x7fb1f8046f80", "0x7fb1f8046f08", "0x7fb1f8046df0", "0x7fb1f8046b70", "0x7fb1f8046aa8", "0x7fb1f80468a0", "0x7fb1f8046738", "0x7fb1f8046698", "0x7fb1f8046580", "0x7fb1f8046468", "0x7fb1f80462d8", "0x7fb1f80461e8", "0x7fb1f80460f8", "0x7fb1f8045a40", "0x7fb1f8045978", "0x7fb1f8045900", "0x7fb1f8045720", "0x7fb1f80454c8", "0x7fb1f8045388", "0x7fb1f8045310", "0x7fb1f8045298", "0x7fb1f8045090", "0x7fb1f8044dc0", "0x7fb1f8044cd0", "0x7fb1f8044be0", "0x7fb1f8044a50", "0x7fb1f8044960", "0x7fb1f8044870", "0x7fb1f8044780", "0x7fb1f8044690", "0x7fb1f8044028", "0x7fb1f803ff00", "0x7fb1f803fcf8", "0x7fb1f803fc08", "0x7fb1f803f7d0", "0x7fb1f803f758", "0x7fb1f803f3e8", "0x7fb1f803f2f8", "0x7fb1f803f1e0", "0x7fb1f803efb0", "0x7fb1f803ee70", "0x7fb1f803ebf0", "0x7fb1f803eb50", "0x7fb1f803e740", "0x7fb1f803e6f0", "0x7fb1f803e6a0", "0x7fb1f803e650", "0x7fb1f803e600", "0x7fb1f803e5b0", "0x7fb1f803e560", "0x7fb1f803e510", "0x7fb1f803e4c0", "0x7fb1f803e420", "0x7fb1f803e380", "0x7fb1f803e218", "0x7fb1f803e088", "0x7fb1f803e010", "0x7fb1f803db88", "0x7fb1f803db38", "0x7fb1f803dae8", "0x7fb1f803da70", "0x7fb1f803da20", "0x7fb1f803d9a8", "0x7fb1f803d958", "0x7fb1f803d8e0", "0x7fb1f803d890", "0x7fb1f803d818", "0x7fb1f803d7a0", "0x7fb1f803d728", "0x7fb1f803d6d8", "0x7fb1f803d688", "0x7fb1f803d610", "0x7fb1f803d598", "0x7fb1f803d520", "0x7fb1f803d4a8", "0x7fb1f803d430", "0x7fb1f803d3b8", "0x7fb1f803d340", "0x7fb1f803d2c8", "0x7fb1f803d250", "0x7fb1f803d1d8", "0x7fb1f803d160", "0x7fb1f803d0e8", "0x7fb1f803d070", "0x7fb1f803cff8", "0x7fb1f803cf80", "0x7fb1f803cf08", "0x7fb1f803ce90", "0x7fb1f803ce18", "0x7fb1f803cda0", "0x7fb1f803cd28", "0x7fb1f803ccb0", "0x7fb1f803cc38", "0x7fb1f803cbe8", "0x7fb1f803cb98", "0x7fb1f803cb48", "0x7fb1f803caf8", "0x7fb1f803caa8", "0x7fb1f803ca58", "0x7fb1f803ca08", "0x7fb1f803c990", "0x7fb1f803c940", "0x7fb1f803c8c8", "0x7fb1f803c878", "0x7fb1f803c800", "0x7fb1f803c7b0", "0x7fb1f803c738", "0x7fb1f803c6e8", "0x7fb1f803c670", "0x7fb1f803c620", "0x7fb1f803c5a8", "0x7fb1f803c558", "0x7fb1f803c4e0", "0x7fb1f803c490", "0x7fb1f803c418", "0x7fb1f803c3c8", "0x7fb1f803c350", "0x7fb1f803c300", "0x7fb1f803c288", "0x7fb1f803c238", "0x7fb1f803c1c0", "0x7fb1f803c148", "0x7fb1f803c0d0", "0x7fb1f803c058", "0x7fb1f8037fa8", "0x7fb1f8037f58", "0x7fb1f8037ee0", "0x7fb1f8037e90", "0x7fb1f8037e18", "0x7fb1f8037dc8", "0x7fb1f8037d50", "0x7fb1f8037d00", "0x7fb1f8037c88", "0x7fb1f8037c38", "0x7fb1f8037bc0", "0x7fb1f8037b70", "0x7fb1f8037af8", "0x7fb1f8037aa8", "0x7fb1f8037a30", "0x7fb1f80379e0", "0x7fb1f8037968", "0x7fb1f8037918", "0x7fb1f80378a0", "0x7fb1f8037850", "0x7fb1f8037800", "0x7fb1f8037788", "0x7fb1f8037710", "0x7fb1f80376c0", "0x7fb1f8037648", "0x7fb1f80375f8", "0x7fb1f8037580", "0x7fb1f8037530", "0x7fb1f80374b8", "0x7fb1f8037468", "0x7fb1f80373f0", "0x7fb1f80373a0", "0x7fb1f8037328", "0x7fb1f80372d8", "0x7fb1f8037260", "0x7fb1f8037210", "0x7fb1f8037198", "0x7fb1f8037148", "0x7fb1f80370d0", "0x7fb1f8037080", "0x7fb1f8037008", "0x7fb1f8036fb8", "0x7fb1f8036f40", "0x7fb1f8036ef0", "0x7fb1f8036ea0", "0x7fb1f8036e28", "0x7fb1f8036db0", "0x7fb1f8036d60", "0x7fb1f8036ce8", "0x7fb1f8036c98", "0x7fb1f8036c48", "0x7fb1f8036bf8", "0x7fb1f8036b80", "0x7fb1f8036b30", "0x7fb1f8036ae0", "0x7fb1f8036a68", "0x7fb1f80369f0", "0x7fb1f80369a0", "0x7fb1f8036950", "0x7fb1f8036900", "0x7fb1f80368b0", "0x7fb1f8036860", "0x7fb1f80367e8", "0x7fb1f8036798", "0x7fb1f8036748", "0x7fb1f80366f8", "0x7fb1f8036680", "0x7fb1f8036630", "0x7fb1f80365b8", "0x7fb1f8036568", "0x7fb1f80364f0", "0x7fb1f80364a0", "0x7fb1f8036428", "0x7fb1f80363b0", "0x7fb1f8036360", "0x7fb1f8036310", "0x7fb1f80362c0", "0x7fb1f8036270", "0x7fb1f8036220", "0x7fb1f80361d0", "0x7fb1f8036158", "0x7fb1f8036108", "0x7fb1f80360b8", "0x7fb1f8036068", "0x7fb1f8036018", "0x7fb1f8035fa0", "0x7fb1f8035f50", "0x7fb1f8035f00", "0x7fb1f8035eb0", "0x7fb1f8035e60", "0x7fb1f8035e10", "0x7fb1f8035d98", "0x7fb1f8035d20", "0x7fb1f8035cd0", "0x7fb1f8035c80", "0x7fb1f8035c30", "0x7fb1f8035be0", "0x7fb1f8035b90", "0x7fb1f8035b40", "0x7fb1f8035af0", "0x7fb1f8035a78", "0x7fb1f8035a28", "0x7fb1f80359d8", "0x7fb1f8035988", "0x7fb1f8035938", "0x7fb1f80358e8", "0x7fb1f8035870", "0x7fb1f8035820", "0x7fb1f80357d0", "0x7fb1f8035780", "0x7fb1f8035730", "0x7fb1f80356e0", "0x7fb1f8035690", "0x7fb1f8035640", "0x7fb1f80355f0", "0x7fb1f80355a0", "0x7fb1f8035550", "0x7fb1f8035500", "0x7fb1f80354b0", "0x7fb1f8035460", "0x7fb1f8035410", "0x7fb1f80353c0", "0x7fb1f8035370", "0x7fb1f8035320", "0x7fb1f80352d0", "0x7fb1f8035280", "0x7fb1f8035230", "0x7fb1f80351e0", "0x7fb1f8035168", "0x7fb1f8035118", "0x7fb1f80350a0", "0x7fb1f8035050", "0x7fb1f8034fd8", "0x7fb1f8034f60", "0x7fb1f8034ee8", "0x7fb1f8034e70", "0x7fb1f8034e20", "0x7fb1f8034da8", "0x7fb1f8034d58", "0x7fb1f8034ce0", "0x7fb1f8034c90", "0x7fb1f80348f8", "0x7fb1f8034880", "0x7fb1f8034380", "0x7fb1f8034290", "0x7fb1f8034038", "0x7fb1f802edb8", "0x7fb1f802ec78", "0x7fb1f802eb10", "0x7fb1f802e3b8", "0x7fb1f802e110", "0x7fb1f802ddc8", "0x7fb1f802dbc0", "0x7fb1f802daa8", "0x7fb1f802da08", "0x7fb1f802d968", "0x7fb1f802d8f0", "0x7fb1f802d878", "0x7fb1f802d800", "0x7fb1f802d788", "0x7fb1f802d710", "0x7fb1f802d698", "0x7fb1f802d620", "0x7fb1f802d5a8", "0x7fb1f802d508", "0x7fb1f802d490", "0x7fb1f802d418", "0x7fb1f802d3a0", "0x7fb1f802d328", "0x7fb1f802d2b0", "0x7fb1f802d238", "0x7fb1f802d0d0", "0x7fb1f802cf40", "0x7fb1f802cef0", "0x7fb1f802cea0", "0x7fb1f802ce00", "0x7fb1f802cd38", "0x7fb1f802ccc0", "0x7fb1f802cc48", "0x7fb1f802cbf8", "0x7fb1f802c9c8", "0x7fb1f802c928", "0x7fb1f802c8d8", "0x7fb1f802c7e8", "0x7fb1f802c6f8", "0x7fb1f802c658", "0x7fb1f802c608", "0x7fb1f802c590", "0x7fb1f802c540", "0x7fb1f802c4c8", "0x7fb1f802c478", "0x7fb1f802c3b0", "0x7fb1f802c310", "0x7fb1f802c0e0", "0x7fb1f802c090", "0x7fb1f802c040", "0x7fb1f8027ec8", "0x7fb1f8027e00", "0x7fb1f8027db0", "0x7fb1f8027bd0", "0x7fb1f8027b30", "0x7fb1f8027a90", "0x7fb1f80279f0", "0x7fb1f80279a0", "0x7fb1f80278b0", "0x7fb1f8027798", "0x7fb1f8027658"], "memsize":8232, "flags":{"wb_protected":true, "old":true, "uncollectible":true, "marked":true}}
{"address":"0x7fb1f805c128", "type":"STRING", "class":"0x7fb1f80b7578", "frozen":true, "embedded":true, "fstring":true, "bytesize":5, "value":"hertz", "encoding":"US-ASCII", "memsize":40, "flags":{"wb_protected":true, "old":true, "uncollectible":true, "marked":true}}
{"address":"0x7fb1f805c150", "type":"STRING", "class":"0x7fb1f80b7578", "frozen":true, "fstring":true, "bytesize":28, "value":"bundler/plugin/api/source.rb", "encoding":"UTF-8", "memsize":69, "flags":{"wb_protected":true, "old":true, "uncollectible":true, "marked":true}}
{"address":"0x7fb1f805c178", "type":"STRING", "class":"0x7fb1f80b7578", "frozen":true, "fstring":true, "bytesize":40, "value":"MACH_ABSOLUTE_TIME_BASED_CLOCK_MONOTONIC", "encoding":"US-ASCII", "memsize":81, "flags":{"wb_protected":true, "old":true, "uncollectible":true, "marked":true}}
{"address":"0x7fb1f805c1a0", "type":"STRING", "class":"0x7fb1f80b7578", "frozen":true, "embedded":true, "fstring":true, "bytesize":21, "value":"bundler/plugin/api.rb", "encoding":"UTF-8", "memsize":40, "flags":{"wb_protected":true, "old":true, "uncollectible":true, "marked":true}}
{"address":"0x7fb1f805c1c8", "type":"STRING", "class":"0x7fb1f80b7578", "frozen":true, "fstring":true, "bytesize":36, "value":"CLOCK_BASED_CLOCK_PROCESS_CPUTIME_ID", "encoding":"US-ASCII", "memsize":77, "flags":{"wb_protected":true, "old":true, "uncollectible":true, "marked":true}}
{"address":"0x7fb1f805c1f0", "type":"STRING", "class":"0x7fb1f80b7578", "frozen":true, "embedded":true, "fstring":true, "bytesize":17, "value":"bundler/plugin.rb", "encoding":"UTF-8", "memsize":40, "flags":{"wb_protected":true, "old":true, "uncollectible":true, "marked":true}}
{"address":"0x7fb1f805c218", "type":"STRING", "class":"0x7fb1f80b7578", "frozen":true, "fstring":true, "bytesize":40, "value":"GETRUSAGE_BASED_CLOCK_PROCESS_CPUTIME_ID", "encoding":"US-ASCII", "memsize":81, "flags":{"wb_protected":true, "old":true, "uncollectible":true, "marked":true}}
{"address":"0x7fb1f805c240", "type":"STRING", "class":"0x7fb1f80b7578", "frozen":true, "embedded":true, "fstring":true, "bytesize":17, "value":"bundler/mirror.rb", "encoding":"UTF-8", "memsize":40, "flags":{"wb_protected":true, "old":true, "uncollectible":true, "marked":true}}
{"address":"0x7fb1f805c268", "type":"STRING", "class":"0x7fb1f80b7578", "frozen":true, "fstring":true, "bytesize":36, "value":"TIMES_BASED_CLOCK_PROCESS_CPUTIME_ID", "encoding":"US-ASCII", "memsize":77, "flags":{"wb_protected":true, "old":true, "uncollectible":true, "marked":true}}
{"address":"0x7fb1f805c290", "type":"STRING", "class":"0x7fb1f80b7578", "frozen":true, "fstring":true, "bytesize":25, "value":"bundler/match_platform.rb", "encoding":"UTF-8", "memsize":66, "flags":{"wb_protected":true, "old":true, "uncollectible":true, "marked":true}}
{"address":"0x7fb1f805c2b8", "type":"STRING", "class":"0x7fb1f80b7578", "frozen":true, "fstring":true, "bytesize":27, "value":"TIMES_BASED_CLOCK_MONOTONIC", "encoding":"US-ASCII", "memsize":68, "flags":{"wb_protected":true, "old":true, "uncollectible":true, "marked":true}}
{"address":"0x7fb1f805c2e0", "type":"STRING", "class":"0x7fb1f80b7578", "frozen":true, "fstring":true, "bytesize":26, "value":"bundler/lockfile_parser.rb", "encoding":"UTF-8", "memsize":67, "flags":{"wb_protected":true, "old":true, "uncollectible":true, "marked":true}}
{"address":"0x7fb1f805c308", "type":"STRING", "class":"0x7fb1f80b7578", "frozen":true, "fstring":true, "bytesize":25, "value":"TIME_BASED_CLOCK_REALTIME", "encoding":"US-ASCII", "memsize":66, "flags":{"wb_protected":true, "old":true, "uncollectible":true, "marked":true}}
{"address":"0x7fb1f805c330", "type":"STRING", "class":"0x7fb1f80b7578", "frozen":true, "fstring":true, "bytesize":29, "value":"bundler/lockfile_generator.rb", "encoding":"UTF-8", "memsize":70, "flags":{"wb_protected":true, "old":true, "uncollectible":true, "marked":true}}
{"address":"0x7fb1f805c358", "type":"STRING", "class":"0x7fb1f80b7578", "frozen":true, "fstring":true, "bytesize":33, "value":"GETTIMEOFDAY_BASED_CLOCK_REALTIME", "encoding":"US-ASCII", "memsize":74, "flags":{"wb_protected":true, "old":true, "uncollectible":true, "marked":true}}
{"address":"0x7fb1f805c380", "type":"STRING", "class":"0x7fb1f80b7578", "frozen":true, "embedded":true, "fstring":true, "bytesize":19, "value":"SystemExitException", "encoding":"US-ASCII", "memsize":40, "flags":{"wb_protected":true, "old":true, "uncollectible":true, "marked":true}}
{"address":"0x7fb1f805c3a8", "type":"STRING", "class":"0x7fb1f80b7578", "frozen":true, "embedded":true, "fstring":true, "bytesize":12, "value":"float_second", "encoding":"US-ASCII", "memsize":40, "flags":{"wb_protected":true, "old":true, "uncollectible":true, "marked":true}}
{"address":"0x7fb1f805c3d0", "type":"STRING", "class":"0x7fb1f80b7578", "frozen":true, "fstring":true, "bytesize":29, "value":"bundler/lazy_specification.rb", "encoding":"UTF-8", "memsize":70, "flags":{"wb_protected":true, "old":true, "uncollectible":true, "marked":true}}
{"address":"0x7fb1f805c3f8", "type":"STRING", "class":"0x7fb1f80b7578", "frozen":true, "embedded":true, "fstring":true, "bytesize":17, "value":"float_millisecond", "encoding":"US-ASCII", "memsize":40, "flags":{"wb_protected":true, "old":true, "uncollectible":true, "marked":true}}
{"address":"0x7fb1f805c420", "type":"STRING", "class":"0x7fb1f80b7578", "frozen":true, "fstring":true, "bytesize":31, "value":"bundler/installer/standalone.rb", "encoding":"UTF-8", "memsize":72, "flags":{"wb_protected":true, "old":true, "uncollectible":true, "marked":true}}
{"address":"0x7fb1f805c448", "type":"STRING", "class":"0x7fb1f80b7578", "frozen":true, "embedded":true, "fstring":true, "bytesize":17, "value":"float_microsecond", "encoding":"US-ASCII", "memsize":40, "flags":{"wb_protected":true, "old":true, "uncollectible":true, "marked":true}}
{"address":"0x7fb1f805c470", "type":"STRING", "class":"0x7fb1f80b7578", "frozen":true, "fstring":true, "bytesize":39, "value":"bundler/installer/parallel_installer.rb", "encoding":"UTF-8", "memsize":80, "flags":{"wb_protected":true, "old":true, "uncollectible":true, "marked":true}}
{"address":"0x7fb1f805c498", "type":"STRING", "class":"0x7fb1f80b7578", "frozen":true, "embedded":true, "fstring":true, "bytesize":6, "value":"second", "encoding":"US-ASCII", "memsize":40, "flags":{"wb_protected":true, "old":true, "uncollectible":true, "marked":true}}
{"address":"0x7fb1f805c4c0", "type":"STRING", "class":"0x7fb1f80b7578", "frozen":true, "fstring":true, "bytesize":34, "value":"bundler/installer/gem_installer.rb", "encoding":"UTF-8", "memsize":75, "flags":{"wb_protected":true, "old":true, "uncollectible":true, "marked":true}}
{"address":"0x7fb1f805c4e8", "type":"STRING", "class":"0x7fb1f80b7578", "frozen":true, "embedded":true, "fstring":true, "bytesize":12, "value":"close_others", "encoding":"US-ASCII", "memsize":40, "flags":{"wb_protected":true, "old":true, "uncollectible":true, "marked":true}}
{"address":"0x7fb1f805c510", "type":"STRING", "class":"0x7fb1f80b7578", "frozen":true, "embedded":true, "fstring":true, "bytesize":20, "value":"bundler/installer.rb", "encoding":"UTF-8", "memsize":40, "flags":{"wb_protected":true, "old":true, "uncollectible":true, "marked":true}}
{"address":"0x7fb1f805c538", "type":"STRING", "class":"0x7fb1f80b7578", "frozen":true, "embedded":true, "fstring":true, "bytesize":15, "value":"unsetenv_others", "encoding":"US-ASCII", "memsize":40, "flags":{"wb_protected":true, "old":true, "uncollectible":true, "marked":true}}
{"address":"0x7fb1f805c560", "type":"STRING", "class":"0x7fb1f80b7578", "frozen":true, "embedded":true, "fstring":true, "bytesize":17, "value":"bundler/inline.rb", "encoding":"UTF-8", "memsize":40, "flags":{"wb_protected":true, "old":true, "uncollectible":true, "marked":true}}
{"address":"0x7fb1f805c588", "type":"STRING", "class":"0x7fb1f80b7578", "frozen":true, "embedded":true, "fstring":true, "bytesize":6, "value":"pgroup", "encoding":"US-ASCII", "memsize":40, "flags":{"wb_protected":true, "old":true, "uncollectible":true, "marked":true}}
{"address":"0x7fb1f805c5b0", "type":"STRING", "class":"0x7fb1f80b7578", "frozen":true, "embedded":true, "fstring":true, "bytesize":19, "value":"bundler/injector.rb", "encoding":"UTF-8", "memsize":40, "flags":{"wb_protected":true, "old":true, "uncollectible":true, "marked":true}}
{"address":"0x7fb1f805c5d8", "type":"STRING", "class":"0x7fb1f80b7578", "frozen":true, "embedded":true, "fstring":true, "bytesize":5, "value":"child", "encoding":"US-ASCII", "memsize":40, "flags":{"wb_protected":true, "old":true, "uncollectible":true, "marked":true}}
{"address":"0x7fb1f805c600", "type":"STRING", "class":"0x7fb1f80b7578", "frozen":true, "embedded":true, "fstring":true, "bytesize":2, "value":"=$", "encoding":"US-ASCII", "memsize":40, "flags":{"wb_protected":true, "old":true, "uncollectible":true, "marked":true}}
{"address":"0x7fb1f805c628", "type":"STRING", "class":"0x7fb1f80b7578", "frozen":true, "embedded":true, "fstring":true, "bytesize":3, "value":"err", "encoding":"US-ASCII", "memsize":40, "flags":{"wb_protected":true, "old":true, "uncollectible":true, "marked":true}}
{"address":"0x7fb1f805c650", "type":"STRING", "class":"0x7fb1f80b7578", "bytesize":101, "value":"/Users/rschneeman/.rubies/ruby-2.7.1/lib/ruby/gems/2.7.0/specifications/default/timeout-0.1.0.gemspec", "encoding":"US-ASCII", "memsize":142, "flags":{"wb_protected":true, "old":true, "uncollectible":true, "marked":true}}
{"address":"0x7fb1f805c678", "type":"STRING", "class":"0x7fb1f80b7578", "frozen":true, "embedded":true, "fstring":true, "bytesize":3, "value":"out", "encoding":"US-ASCII", "memsize":40, "flags":{"wb_protected":true, "old":true, "uncollectible":true, "marked":true}}
{"address":"0x7fb1f805c6a0", "type":"STRING", "class":"0x7fb1f80b7578", "shared":true, "encoding":"UTF-8", "references":["0x7fb1f805f508"], "memsize":40, "flags":{"wb_protected":true, "old":true, "uncollectible":true, "marked":true}}
{"address":"0x7fb1f805c6c8", "type":"STRING", "class":"0x7fb1f80b7578", "frozen":true, "embedded":true, "fstring":true, "bytesize":2, "value":"in", "encoding":"US-ASCII", "memsize":40, "flags":{"wb_protected":true, "old":true, "uncollectible":true, "marked":true}}
{"address":"0x7fb1f805c6f0", "type":"REGEXP", "class":"0x7fb1f808ea60", "references":["0x7fb1f805c600"], "memsize":493, "flags":{"wb_protected":true, "old":true, "uncollectible":true, "marked":true}}
{"address":"0x7fb1f805c718", "type":"STRING", "class":"0x7fb1f80b7578", "frozen":true, "fstring":true, "bytesize":9, "value":"thread.rb", "encoding":"US-ASCII", "memsize":40, "flags":{"wb_protected":true, "old":true, "uncollectible":true, "marked":true}}
{"address":"0x7fb1f805c740", "type":"IMEMO", "class":"0x7fb1f805c970", "imemo_type":"ment", "memsize":48, "flags":{"wb_protected":true, "old":true, "uncollectible":true, "marked":true}}
{"address":"0x7fb1f805c768", "type":"STRING", "class":"0x7fb1f80b7578", "frozen":true, "embedded":true, "fstring":true, "bytesize":9, "value":"broadcast", "encoding":"US-ASCII", "memsize":40, "flags":{"wb_protected":true, "old":true, "uncollectible":true, "marked":true}}
{"address":"0x7fb1f805c790", "type":"STRING", "class":"0x7fb1f80b7578", "frozen":true, "embedded":true, "fstring":true, "bytesize":16, "value":"bundler/index.rb", "encoding":"UTF-8", "memsize":40, "flags":{"wb_protected":true, "old":true, "uncollectible":true, "marked":true}}
{"address":"0x7fb1f805c7b8", "type":"IMEMO", "class":"0x7fb1f805c970", "imemo_type":"ment", "memsize":48, "flags":{"wb_protected":true, "old":true, "uncollectible":true, "marked":true}}
{"address":"0x7fb1f805c7e0", "type":"STRING", "class":"0x7fb1f80b7578", "frozen":true, "embedded":true, "fstring":true, "bytesize":6, "value":"signal", "encoding":"US-ASCII", "memsize":40, "flags":{"wb_protected":true, "old":true, "uncollectible":true, "marked":true}}
{"address":"0x7fb1f805c808", "type":"STRING", "class":"0x7fb1f80b7578", "frozen":true, "embedded":true, "fstring":true, "bytesize":16, "value":"bundler/graph.rb", "encoding":"UTF-8", "memsize":40, "flags":{"wb_protected":true, "old":true, "uncollectible":true, "marked":true}}
{"address":"0x7fb1f805c830", "type":"IMEMO", "class":"0x7fb1f805c970", "imemo_type":"ment", "memsize":48, "flags":{"wb_protected":true, "old":true, "uncollectible":true, "marked":true}}
{"address":"0x7fb1f805c858", "type":"STRING", "class":"0x7fb1f80b7578", "frozen":true, "embedded":true, "fstring":true, "bytesize":4, "value":"wait", "encoding":"US-ASCII", "memsize":40, "flags":{"wb_protected":true, "old":true, "uncollectible":true, "marked":true}}
{"address":"0x7fb1f805c880", "type":"STRING", "class":"0x7fb1f80b7578", "frozen":true, "embedded":true, "fstring":true, "bytesize":18, "value":"bundler/gemdeps.rb", "encoding":"UTF-8", "memsize":40, "flags":{"wb_protected":true, "old":true, "uncollectible":true, "marked":true}}
{"address":"0x7fb1f805c8a8", "type":"IMEMO", "class":"0x7fb1f805c970", "imemo_type":"ment", "memsize":48, "flags":{"wb_protected":true, "old":true, "uncollectible":true, "marked":true}}
{"address":"0x7fb1f805c8d0", "type":"IMEMO", "class":"0x7fb1f805c970", "imemo_type":"ment", "memsize":48, "flags":{"wb_protected":true, "old":true, "uncollectible":true, "marked":true}}
{"address":"0x7fb1f805c8f8", "type":"IMEMO", "class":"0x7fb1f805c970", "imemo_type":"ment", "memsize":48, "flags":{"wb_protected":true, "old":true, "uncollectible":true, "marked":true}}
{"address":"0x7fb1f805c920", "type":"STRING", "class":"0x7fb1f80b7578", "frozen":true, "bytesize":25, "capacity":47, "value":"Thread::ConditionVariable", "encoding":"US-ASCII", "memsize":88, "flags":{"wb_protected":true, "old":true, "uncollectible":true, "marked":true}}
{"address":"0x7fb1f805c948", "type":"CLASS", "class":"0x7fb1f80bf700", "name":"Class", "references":["0x7fb1f80bf6b0", "0x7fb1f805c970"], "memsize":464, "flags":{"wb_protected":true, "old":true, "uncollectible":true, "marked":true}}
{"address":"0x7fb1f805c970", "type":"CLASS", "class":"0x7fb1f805c948", "name":"Thread::ConditionVariable", "references":["0x7fb1f80c5240", "0x7fb1f805c8f8", "0x7fb1f805c8d0", "0x7fb1f805c8a8", "0x7fb1f805c830", "0x7fb1f805c7b8", "0x7fb1f805c740", "0x7fb1f805c920"], "memsize":592, "flags":{"wb_protected":true, "old":true, "uncollectible":true, "marked":true}}
{"address":"0x7fb1f805c998", "type":"STRING", "class":"0x7fb1f80b7578", "frozen":true, "embedded":true, "fstring":true, "bytesize":17, "value":"ConditionVariable", "encoding":"US-ASCII", "memsize":40, "flags":{"wb_protected":true, "old":true, "uncollectible":true, "marked":true}}
{"address":"0x7fb1f805c9c0", "type":"ARRAY", "class":"0x7fb1f8097228", "length":1, "embedded":true, "references":["0x7fb1f80e2ac0"], "memsize":40, "flags":{"wb_protected":true, "old":true, "uncollectible":true, "marked":true}}
{"address":"0x7fb1f805c9e8", "type":"IMEMO", "class":"0x7fb1f805cce0", "imemo_type":"ment", "memsize":48, "flags":{"wb_protected":true, "old":true, "uncollectible":true, "marked":true}}
{"address":"0x7fb1f805ca10", "type":"IMEMO", "class":"0x7fb1f805cce0", "imemo_type":"ment", "memsize":48, "flags":{"wb_protected":true, "old":true, "uncollectible":true, "marked":true}}
{"address":"0x7fb1f805ca38", "type":"IMEMO", "class":"0x7fb1f805cce0", "imemo_type":"ment", "memsize":48, "flags":{"wb_protected":true, "old":true, "uncollectible":true, "marked":true}}
{"address":"0x7fb1f805ca60", "type":"IMEMO", "class":"0x7fb1f805cce0", "imemo_type":"ment", "memsize":48, "flags":{"wb_protected":true, "old":true, "uncollectible":true, "marked":true}}
{"address":"0x7fb1f805ca88", "type":"IMEMO", "class":"0x7fb1f805cce0", "imemo_type":"ment", "memsize":48, "flags":{"wb_protected":true, "old":true, "uncollectible":true, "marked":true}}
{"address":"0x7fb1f805cab0", "type":"IMEMO", "class":"0x7fb1f805cce0", "imemo_type":"ment", "memsize":48, "flags":{"wb_protected":true, "old":true, "uncollectible":true, "marked":true}}
{"address":"0x7fb1f805cad8", "type":"IMEMO", "class":"0x7fb1f805cce0", "imemo_type":"ment", "memsize":48, "flags":{"wb_protected":true, "old":true, "uncollectible":true, "marked":true}}
{"address":"0x7fb1f805cb00", "type":"IMEMO", "class":"0x7fb1f805cce0", "imemo_type":"ment", "memsize":48, "flags":{"wb_protected":true, "old":true, "uncollectible":true, "marked":true}}
{"address":"0x7fb1f805cb28", "type":"IMEMO", "class":"0x7fb1f805cce0", "imemo_type":"ment", "memsize":48, "flags":{"wb_protected":true, "old":true, "uncollectible":true, "marked":true}}
{"address":"0x7fb1f805cb50", "type":"IMEMO", "class":"0x7fb1f805cce0", "imemo_type":"ment", "memsize":48, "flags":{"wb_protected":true, "old":true, "uncollectible":true, "marked":true}}
{"address":"0x7fb1f805cb78", "type":"IMEMO", "class":"0x7fb1f805cce0", "imemo_type":"ment", "memsize":48, "flags":{"wb_protected":true, "old":true, "uncollectible":true, "marked":true}}
{"address":"0x7fb1f805cba0", "type":"IMEMO", "class":"0x7fb1f805cce0", "imemo_type":"ment", "memsize":48, "flags":{"wb_protected":true, "old":true, "uncollectible":true, "marked":true}}
{"address":"0x7fb1f805cbc8", "type":"STRING", "class":"0x7fb1f80b7578", "frozen":true, "embedded":true, "fstring":true, "bytesize":4, "value":"max=", "encoding":"US-ASCII", "memsize":40, "flags":{"wb_protected":true, "old":true, "uncollectible":true, "marked":true}}
{"address":"0x7fb1f805cbf0", "type":"STRING", "class":"0x7fb1f80b7578", "frozen":true, "fstring":true, "bytesize":31, "value":"bundler/gem_version_promoter.rb", "encoding":"UTF-8", "memsize":72, "flags":{"wb_protected":true, "old":true, "uncollectible":true, "marked":true}}
{"address":"0x7fb1f805cc18", "type":"IMEMO", "class":"0x7fb1f805cce0", "imemo_type":"ment", "memsize":48, "flags":{"wb_protected":true, "old":true, "uncollectible":true, "marked":true}}
{"address":"0x7fb1f805cc40", "type":"IMEMO", "class":"0x7fb1f805cce0", "imemo_type":"ment", "memsize":48, "flags":{"wb_protected":true, "old":true, "uncollectible":true, "marked":true}}
{"address":"0x7fb1f805cc68", "type":"IMEMO", "class":"0x7fb1f805cce0", "imemo_type":"ment", "memsize":48, "flags":{"wb_protected":true, "old":true, "uncollectible":true, "marked":true}}
{"address":"0x7fb1f805cc90", "type":"STRING", "class":"0x7fb1f80b7578", "frozen":true, "embedded":true, "bytesize":18, "value":"Thread::SizedQueue", "encoding":"US-ASCII", "memsize":40, "flags":{"wb_protected":true, "old":true, "uncollectible":true, "marked":true}}
{"address":"0x7fb1f805ccb8", "type":"CLASS", "class":"0x7fb1f80bf700", "name":"Class", "references":["0x7fb1f805d190", "0x7fb1f805cce0"], "memsize":464, "flags":{"wb_protected":true, "old":true, "uncollectible":true, "marked":true}}
{"address":"0x7fb1f805cce0", "type":"CLASS", "class":"0x7fb1f805ccb8", "name":"Thread::SizedQueue", "references":["0x7fb1f805d1b8", "0x7fb1f805cc68", "0x7fb1f805c9e8", "0x7fb1f805cab0", "0x7fb1f805ca88", "0x7fb1f805ca38", "0x7fb1f805ca60", "0x7fb1f805cc18", "0x7fb1f805cba0", "0x7fb1f805cc40", "0x7fb1f805cad8", "0x7fb1f805cb78", "0x7fb1f805cb28", "0x7fb1f805cb50", "0x7fb1f805ca10", "0x7fb1f805cb00", "0x7fb1f805cc90"], "memsize":976, "flags":{"wb_protected":true, "old":true, "uncollectible":true, "marked":true}}
{"address":"0x7fb1f805cd08", "type":"STRING", "class":"0x7fb1f80b7578", "frozen":true, "embedded":true, "fstring":true, "bytesize":10, "value":"SizedQueue", "encoding":"US-ASCII", "memsize":40, "flags":{"wb_protected":true, "old":true, "uncollectible":true, "marked":true}}
{"address":"0x7fb1f805cd30", "type":"STRING", "class":"0x7fb1f80b7578", "frozen":true, "embedded":true, "fstring":true, "bytesize":3, "value":"sym", "encoding":"US-ASCII", "memsize":40, "flags":{"wb_protected":true, "old":true, "uncollectible":true, "marked":true}}
{"address":"0x7fb1f805cd58", "type":"IMEMO", "class":"0x7fb1f805d1b8", "imemo_type":"ment", "memsize":48, "flags":{"wb_protected":true, "old":true, "uncollectible":true, "marked":true}}
{"address":"0x7fb1f805cd80", "type":"IMEMO", "class":"0x7fb1f805d1b8", "imemo_type":"ment", "memsize":48, "flags":{"wb_protected":true, "old":true, "uncollectible":true, "marked":true}}
{"address":"0x7fb1f805cda8", "type":"IMEMO", "class":"0x7fb1f805d1b8", "imemo_type":"ment", "memsize":48, "flags":{"wb_protected":true, "old":true, "uncollectible":true, "marked":true}}
{"address":"0x7fb1f805cdd0", "type":"STRING", "class":"0x7fb1f80b7578", "frozen":true, "embedded":true, "fstring":true, "bytesize":3, "value":"deq", "encoding":"US-ASCII", "memsize":40, "flags":{"wb_protected":true, "old":true, "uncollectible":true, "marked":true}}
{"address":"0x7fb1f805cdf8", "type":"ARRAY", "class":"0x7fb1f8097228", "length":1, "embedded":true, "references":["0x7fb1f80e2b60"], "memsize":40, "flags":{"wb_protected":true, "old":true, "uncollectible":true, "marked":true}}
{"address":"0x7fb1f805ce20", "type":"IMEMO", "class":"0x7fb1f805d1b8", "imemo_type":"ment", "memsize":48, "flags":{"wb_protected":true, "old":true, "uncollectible":true, "marked":true}}
{"address":"0x7fb1f805ce48", "type":"IMEMO", "class":"0x7fb1f805d1b8", "imemo_type":"ment", "memsize":48, "flags":{"wb_protected":true, "old":true, "uncollectible":true, "marked":true}}
{"address":"0x7fb1f805ce70", "type":"STRING", "class":"0x7fb1f80b7578", "frozen":true, "embedded":true, "fstring":true, "bytesize":3, "value":"enq", "encoding":"US-ASCII", "memsize":40, "flags":{"wb_protected":true, "old":true, "uncollectible":true, "marked":true}}
{"address":"0x7fb1f805ce98", "type":"DATA", "class":"0x7fb1f80760c8", "struct":"time", "references":["0x7fb1f8112a90"], "memsize":86, "flags":{"uncollectible":true, "marked":true}}
{"address":"0x7fb1f805cec0", "type":"IMEMO", "class":"0x7fb1f805d1b8", "imemo_type":"ment", "memsize":48, "flags":{"wb_protected":true, "old":true, "uncollectible":true, "marked":true}}
{"address":"0x7fb1f805cee8", "type":"STRING", "class":"0x7fb1f80b7578", "frozen":true, "embedded":true, "fstring":true, "bytesize":11, "value":"num_waiting", "encoding":"US-ASCII", "memsize":40, "flags":{"wb_protected":true, "old":true, "uncollectible":true, "marked":true}}
{"address":"0x7fb1f805cf10", "type":"STRING", "class":"0x7fb1f80b7578", "frozen":true, "embedded":true, "fstring":true, "bytesize":20, "value":"bundler/gem_tasks.rb", "encoding":"UTF-8", "memsize":40, "flags":{"wb_protected":true, "old":true, "uncollectible":true, "marked":true}}
{"address":"0x7fb1f805cf38", "type":"IMEMO", "class":"0x7fb1f805d1b8", "imemo_type":"ment", "memsize":48, "flags":{"wb_protected":true, "old":true, "uncollectible":true, "marked":true}}
{"address":"0x7fb1f805cf60", "type":"IMEMO", "class":"0x7fb1f805d1b8", "imemo_type":"ment", "memsize":48, "flags":{"wb_protected":true, "old":true, "uncollectible":true, "marked":true}}
{"address":"0x7fb1f805cf88", "type":"IMEMO", "class":"0x7fb1f805d1b8", "imemo_type":"ment", "memsize":48, "flags":{"wb_protected":true, "old":true, "uncollectible":true, "marked":true}}
{"address":"0x7fb1f805cfb0", "type":"IMEMO", "class":"0x7fb1f805d1b8", "imemo_type":"ment", "memsize":48, "flags":{"wb_protected":true, "old":true, "uncollectible":true, "marked":true}}
{"address":"0x7fb1f805cfd8", "type":"IMEMO", "class":"0x7fb1f805d1b8", "imemo_type":"ment", "memsize":48, "flags":{"wb_protected":true, "old":true, "uncollectible":true, "marked":true}}
{"address":"0x7fb1f805d000", "type":"IMEMO", "class":"0x7fb1f805d1b8", "imemo_type":"ment", "memsize":48, "flags":{"wb_protected":true, "old":true, "uncollectible":true, "marked":true}}
{"address":"0x7fb1f805d028", "type":"IMEMO", "class":"0x7fb1f805d1b8", "imemo_type":"ment", "memsize":48, "flags":{"wb_protected":true, "old":true, "uncollectible":true, "marked":true}}
{"address":"0x7fb1f805d050", "type":"IMEMO", "class":"0x7fb1f805d1b8", "imemo_type":"ment", "memsize":48, "flags":{"wb_protected":true, "old":true, "uncollectible":true, "marked":true}}
{"address":"0x7fb1f805d078", "type":"IMEMO", "class":"0x7fb1f805d1b8", "imemo_type":"ment", "memsize":48, "flags":{"wb_protected":true, "old":true, "uncollectible":true, "marked":true}}
{"address":"0x7fb1f805d0a0", "type":"IMEMO", "class":"0x7fb1f805d1b8", "imemo_type":"ment", "memsize":48, "flags":{"wb_protected":true, "old":true, "uncollectible":true, "marked":true}}
{"address":"0x7fb1f805d0c8", "type":"CLASS", "class":"0x7fb1f80bf700", "name":"Class", "references":["0x7fb1f8066d08", "0x7fb1f805d0f0"], "memsize":464, "flags":{"wb_protected":true, "old":true, "uncollectible":true, "marked":true}}
{"address":"0x7fb1f805d0f0", "type":"CLASS", "class":"0x7fb1f805d0c8", "name":"ClosedQueueError", "references":["0x7fb1f8066d30", "0x7fb1f805d118"], "memsize":464, "flags":{"wb_protected":true, "old":true, "uncollectible":true, "marked":true}}
{"address":"0x7fb1f805d118", "type":"STRING", "class":"0x7fb1f80b7578", "frozen":true, "embedded":true, "fstring":true, "bytesize":16, "value":"ClosedQueueError", "encoding":"US-ASCII", "memsize":40, "flags":{"wb_protected":true, "old":true, "uncollectible":true, "marked":true}}
{"address":"0x7fb1f805d140", "type":"STRING", "class":"0x7fb1f80b7578", "frozen":true, "embedded":true, "fstring":true, "bytesize":9, "value":"@licenses", "encoding":"US-ASCII", "memsize":40, "flags":{"wb_protected":true, "old":true, "uncollectible":true, "marked":true}}
{"address":"0x7fb1f805d168", "type":"STRING", "class":"0x7fb1f80b7578", "frozen":true, "embedded":true, "bytesize":13, "value":"Thread::Queue", "encoding":"US-ASCII", "memsize":40, "flags":{"wb_protected":true, "old":true, "uncollectible":true, "marked":true}}
{"address":"0x7fb1f805d190", "type":"CLASS", "class":"0x7fb1f80bf700", "name":"Class", "references":["0x7fb1f80bf6b0", "0x7fb1f805d1b8"], "memsize":464, "flags":{"wb_protected":true, "old":true, "uncollectible":true, "marked":true}}
{"address":"0x7fb1f805d1b8", "type":"CLASS", "class":"0x7fb1f805d190", "name":"Thread::Queue", "references":["0x7fb1f80c5240", "0x7fb1f805d0a0", "0x7fb1f805d078", "0x7fb1f805d050", "0x7fb1f805cec0", "0x7fb1f805ce48", "0x7fb1f805cda8", "0x7fb1f805ce20", "0x7fb1f805cd58", "0x7fb1f805d028", "0x7fb1f805d000", "0x7fb1f805cfd8", "0x7fb1f805cf88", "0x7fb1f805cfb0", "0x7fb1f805cd80", "0x7fb1f805cf38", "0x7fb1f805cf60", "0x7fb1f805d168"], "memsize":976, "flags":{"wb_protected":true, "old":true, "uncollectible":true, "marked":true}}
{"address":"0x7fb1f805d1e0", "type":"STRING", "class":"0x7fb1f80b7578", "frozen":true, "embedded":true, "fstring":true, "bytesize":5, "value":"Queue", "encoding":"US-ASCII", "memsize":40, "flags":{"wb_protected":true, "old":true, "uncollectible":true, "marked":true}}
{"address":"0x7fb1f805d208", "type":"STRING", "class":"0x7fb1f80b7578", "frozen":true, "fstring":true, "bytesize":29, "value":"bundler/gem_remote_fetcher.rb", "encoding":"UTF-8", "memsize":70, "flags":{"wb_protected":true, "old":true, "uncollectible":true, "marked":true}}
{"address":"0x7fb1f805d230", "type":"IMEMO", "class":"0x7fb1f805d5a0", "imemo_type":"ment", "memsize":48, "flags":{"wb_protected":true, "old":true, "uncollectible":true, "marked":true}}
{"address":"0x7fb1f805d258", "type":"IMEMO", "class":"0x7fb1f805d5a0", "imemo_type":"ment", "memsize":48, "flags":{"wb_protected":true, "old":true, "uncollectible":true, "marked":true}}
{"address":"0x7fb1f805d280", "type":"STRING", "class":"0x7fb1f80b7578", "frozen":true, "embedded":true, "fstring":true, "bytesize":11, "value":"synchronize", "encoding":"US-ASCII", "memsize":40, "flags":{"wb_protected":true, "old":true, "uncollectible":true, "marked":true}}
{"address":"0x7fb1f805d2a8", "type":"STRING", "class":"0x7fb1f80b7578", "frozen":true, "embedded":true, "fstring":true, "bytesize":22, "value":"bundler/gem_helpers.rb", "encoding":"UTF-8", "memsize":40, "flags":{"wb_protected":true, "old":true, "uncollectible":true, "marked":true}}
{"address":"0x7fb1f805d2d0", "type":"IMEMO", "class":"0x7fb1f805d5a0", "imemo_type":"ment", "memsize":48, "flags":{"wb_protected":true, "old":true, "uncollectible":true, "marked":true}}
{"address":"0x7fb1f805d2f8", "type":"STRING", "class":"0x7fb1f80b7578", "frozen":true, "embedded":true, "fstring":true, "bytesize":5, "value":"sleep", "encoding":"US-ASCII", "memsize":40, "flags":{"wb_protected":true, "old":true, "uncollectible":true, "marked":true}}
{"address":"0x7fb1f805d320", "type":"STRING", "class":"0x7fb1f80b7578", "frozen":true, "embedded":true, "fstring":true, "bytesize":21, "value":"bundler/gem_helper.rb", "encoding":"UTF-8", "memsize":40, "flags":{"wb_protected":true, "old":true, "uncollectible":true, "marked":true}}
{"address":"0x7fb1f805d348", "type":"IMEMO", "class":"0x7fb1f805d5a0", "imemo_type":"ment", "memsize":48, "flags":{"wb_protected":true, "old":true, "uncollectible":true, "marked":true}}
{"address":"0x7fb1f805d370", "type":"STRING", "class":"0x7fb1f80b7578", "frozen":true, "embedded":true, "fstring":true, "bytesize":6, "value":"unlock", "encoding":"US-ASCII", "memsize":40, "flags":{"wb_protected":true, "old":true, "uncollectible":true, "marked":true}}
{"address":"0x7fb1f805d398", "type":"STRING", "class":"0x7fb1f80b7578", "frozen":true, "embedded":true, "fstring":true, "bytesize":5, "value":"debug", "encoding":"US-ASCII", "memsize":40, "flags":{"wb_protected":true, "old":true, "uncollectible":true, "marked":true}}
{"address":"0x7fb1f805d3c0", "type":"IMEMO", "class":"0x7fb1f805d5a0", "imemo_type":"ment", "memsize":48, "flags":{"wb_protected":true, "old":true, "uncollectible":true, "marked":true}}
{"address":"0x7fb1f805d3e8", "type":"STRING", "class":"0x7fb1f80b7578", "frozen":true, "embedded":true, "fstring":true, "bytesize":4, "value":"lock", "encoding":"US-ASCII", "memsize":40, "flags":{"wb_protected":true, "old":true, "uncollectible":true, "marked":true}}
{"address":"0x7fb1f805d410", "type":"STRING", "class":"0x7fb1f80b7578", "frozen":true, "fstring":true, "bytesize":26, "value":"bundler/friendly_errors.rb", "encoding":"UTF-8", "memsize":67, "flags":{"wb_protected":true, "old":true, "uncollectible":true, "marked":true}}
{"address":"0x7fb1f805d438", "type":"IMEMO", "class":"0x7fb1f805d5a0", "imemo_type":"ment", "memsize":48, "flags":{"wb_protected":true, "old":true, "uncollectible":true, "marked":true}}
{"address":"0x7fb1f805d460", "type":"STRING", "class":"0x7fb1f80b7578", "frozen":true, "embedded":true, "fstring":true, "bytesize":8, "value":"try_lock", "encoding":"US-ASCII", "memsize":40, "flags":{"wb_protected":true, "old":true, "uncollectible":true, "marked":true}}
{"address":"0x7fb1f805d488", "type":"STRING", "class":"0x7fb1f80b7578", "frozen":true, "fstring":true, "bytesize":24, "value":"bundler/fetcher/index.rb", "encoding":"UTF-8", "memsize":65, "flags":{"wb_protected":true, "old":true, "uncollectible":true, "marked":true}}
{"address":"0x7fb1f805d4b0", "type":"IMEMO", "class":"0x7fb1f805d5a0", "imemo_type":"ment", "memsize":48, "flags":{"wb_protected":true, "old":true, "uncollectible":true, "marked":true}}
{"address":"0x7fb1f805d4d8", "type":"STRING", "class":"0x7fb1f80b7578", "frozen":true, "embedded":true, "fstring":true, "bytesize":7, "value":"locked?", "encoding":"US-ASCII", "memsize":40, "flags":{"wb_protected":true, "old":true, "uncollectible":true, "marked":true}}
{"address":"0x7fb1f805d500", "type":"STRING", "class":"0x7fb1f80b7578", "frozen":true, "fstring":true, "bytesize":29, "value":"bundler/fetcher/downloader.rb", "encoding":"UTF-8", "memsize":70, "flags":{"wb_protected":true, "old":true, "uncollectible":true, "marked":true}}
{"address":"0x7fb1f805d528", "type":"IMEMO", "class":"0x7fb1f805d5a0", "imemo_type":"ment", "memsize":48, "flags":{"wb_protected":true, "old":true, "uncollectible":true, "marked":true}}
{"address":"0x7fb1f805d550", "type":"STRING", "class":"0x7fb1f80b7578", "frozen":true, "embedded":true, "bytesize":13, "value":"Thread::Mutex", "encoding":"US-ASCII", "memsize":40, "flags":{"wb_protected":true, "old":true, "uncollectible":true, "marked":true}}
{"address":"0x7fb1f805d578", "type":"CLASS", "class":"0x7fb1f80bf700", "name":"Class", "references":["0x7fb1f80bf6b0", "0x7fb1f805d5a0"], "memsize":464, "flags":{"wb_protected":true, "old":true, "uncollectible":true, "marked":true}}
{"address":"0x7fb1f805d5a0", "type":"CLASS", "class":"0x7fb1f805d578", "name":"Thread::Mutex", "references":["0x7fb1f80c5240", "0x7fb1f805d348", "0x7fb1f805d528", "0x7fb1f805d2d0", "0x7fb1f805d258", "0x7fb1f805d230", "0x7fb1f805d4b0", "0x7fb1f805d438", "0x7fb1f805d3c0", "0x7fb1f805d550"], "memsize":720, "flags":{"wb_protected":true, "old":true, "uncollectible":true, "marked":true}}
{"address":"0x7fb1f805d5c8", "type":"STRING", "class":"0x7fb1f80b7578", "frozen":true, "embedded":true, "fstring":true, "bytesize":5, "value":"Mutex", "encoding":"US-ASCII", "memsize":40, "flags":{"wb_protected":true, "old":true, "uncollectible":true, "marked":true}}
{"address":"0x7fb1f805d5f0", "type":"STRING", "class":"0x7fb1f80b7578", "frozen":true, "fstring":true, "bytesize":29, "value":"bundler/fetcher/dependency.rb", "encoding":"UTF-8", "memsize":70, "flags":{"wb_protected":true, "old":true, "uncollectible":true, "marked":true}}
{"address":"0x7fb1f805d618", "type":"ARRAY", "length":0, "memsize":40, "flags":{"wb_protected":true, "old":true, "uncollectible":true, "marked":true}}
{"address":"0x7fb1f805d640", "type":"ARRAY", "length":0, "memsize":40, "flags":{"wb_protected":true, "old":true, "uncollectible":true, "marked":true}}
{"address":"0x7fb1f805d668", "type":"CLASS", "class":"0x7fb1f80bf700", "name":"Class", "references":["0x7fb1f80af260", "0x7fb1f805d690"], "memsize":464, "flags":{"wb_protected":true, "old":true, "uncollectible":true, "marked":true}}
{"address":"0x7fb1f805d690", "type":"CLASS", "class":"0x7fb1f805d668", "name":"ThreadError", "references":["0x7fb1f80af288", "0x7fb1f805d6b8"], "memsize":464, "flags":{"wb_protected":true, "old":true, "uncollectible":true, "marked":true}}
{"address":"0x7fb1f805d6b8", "type":"STRING", "class":"0x7fb1f80b7578", "frozen":true, "embedded":true, "fstring":true, "bytesize":11, "value":"ThreadError", "encoding":"US-ASCII", "memsize":40, "flags":{"wb_protected":true, "old":true, "uncollectible":true, "marked":true}}
{"address":"0x7fb1f805d6e0", "type":"STRING", "class":"0x7fb1f80b7578", "frozen":true, "fstring":true, "bytesize":32, "value":"bundler/fetcher/compact_index.rb", "encoding":"UTF-8", "memsize":73, "flags":{"wb_protected":true, "old":true, "uncollectible":true, "marked":true}}
{"address":"0x7fb1f805d708", "type":"STRING", "class":"0x7fb1f80b7578", "frozen":true, "embedded":true, "fstring":true, "bytesize":17, "value":"__recursive_key__", "encoding":"US-ASCII", "memsize":40, "flags":{"wb_protected":true, "old":true, "uncollectible":true, "marked":true}}
{"address":"0x7fb1f805d730", "type":"ARRAY", "class":"0x7fb1f8097228", "length":1, "embedded":true, "references":["0x7fb1f80e2c00"], "memsize":40, "flags":{"wb_protected":true, "old":true, "uncollectible":true, "marked":true}}
{"address":"0x7fb1f805d758", "type":"STRING", "class":"0x7fb1f80b7578", "frozen":true, "embedded":true, "fstring":true, "bytesize":7, "value":"Default", "encoding":"US-ASCII", "memsize":40, "flags":{"wb_protected":true, "old":true, "uncollectible":true, "marked":true}}
{"address":"0x7fb1f805d780", "type":"STRING", "class":"0x7fb1f80b7578", "frozen":true, "embedded":true, "fstring":true, "bytesize":23, "value":"bundler/fetcher/base.rb", "encoding":"UTF-8", "memsize":40, "flags":{"wb_protected":true, "old":true, "uncollectible":true, "marked":true}}
{"address":"0x7fb1f805d7a8", "type":"DATA", "class":"0x7fb1f805d988", "struct":"thgroup", "memsize":56, "flags":{"uncollectible":true, "marked":true}}
{"address":"0x7fb1f805d7d0", "type":"IMEMO", "class":"0x7fb1f805d988", "imemo_type":"ment", "memsize":48, "flags":{"wb_protected":true, "old":true, "uncollectible":true, "marked":true}}
{"address":"0x7fb1f805d7f8", "type":"STRING", "class":"0x7fb1f80b7578", "frozen":true, "embedded":true, "fstring":true, "bytesize":3, "value":"add", "encoding":"US-ASCII", "memsize":40, "flags":{"wb_protected":true, "old":true, "uncollectible":true, "marked":true}}
{"address":"0x7fb1f805d820", "type":"STRING", "class":"0x7fb1f80b7578", "frozen":true, "embedded":true, "fstring":true, "bytesize":18, "value":"bundler/fetcher.rb", "encoding":"UTF-8", "memsize":40, "flags":{"wb_protected":true, "old":true, "uncollectible":true, "marked":true}}
{"address":"0x7fb1f805d848", "type":"IMEMO", "class":"0x7fb1f805d988", "imemo_type":"ment", "memsize":48, "flags":{"wb_protected":true, "old":true, "uncollectible":true, "marked":true}}
{"address":"0x7fb1f805d870", "type":"STRING", "class":"0x7fb1f80b7578", "frozen":true, "embedded":true, "fstring":true, "bytesize":9, "value":"enclosed?", "encoding":"US-ASCII", "memsize":40, "flags":{"wb_protected":true, "old":true, "uncollectible":true, "marked":true}}
{"address":"0x7fb1f805d898", "type":"ARRAY", "class":"0x7fb1f8097228", "length":1, "embedded":true, "references":["0x7fb1f80b6ab0"], "memsize":40, "flags":{"wb_protected":true, "old":true, "uncollectible":true, "marked":true}}
{"address":"0x7fb1f805d8c0", "type":"IMEMO", "class":"0x7fb1f805d988", "imemo_type":"ment", "memsize":48, "flags":{"wb_protected":true, "old":true, "uncollectible":true, "marked":true}}
{"address":"0x7fb1f805d8e8", "type":"STRING", "class":"0x7fb1f80b7578", "frozen":true, "embedded":true, "fstring":true, "bytesize":7, "value":"enclose", "encoding":"US-ASCII", "memsize":40, "flags":{"wb_protected":true, "old":true, "uncollectible":true, "marked":true}}
{"address":"0x7fb1f805d910", "type":"HASH", "class":"0x7fb1f8095130", "size":2, "references":["0x7fb1f8110e20", "0x7fb1f805dbe0", "0x7fb1f8110dd0", "0x7fb1f805daf0"], "memsize":168, "flags":{"wb_protected":true, "old":true, "uncollectible":true, "marked":true}}
{"address":"0x7fb1f805d938", "type":"IMEMO", "class":"0x7fb1f805d988", "imemo_type":"ment", "memsize":48, "flags":{"wb_protected":true, "old":true, "uncollectible":true, "marked":true}}
{"address":"0x7fb1f805d960", "type":"CLASS", "class":"0x7fb1f80bf700", "name":"Class", "references":["0x7fb1f80bf6b0", "0x7fb1f805d988"], "memsize":464, "flags":{"wb_protected":true, "old":true, "uncollectible":true, "marked":true}}
{"address":"0x7fb1f805d988", "type":"CLASS", "class":"0x7fb1f805d960", "name":"ThreadGroup", "references":["0x7fb1f80c5240", "0x7fb1f805d7d0", "0x7fb1f805d938", "0x7fb1f805d8c0", "0x7fb1f805d848", "0x7fb1f805d9b0", "0x7fb1f805d7a8", "0x7fb1f805fb98"], "memsize":680, "flags":{"wb_protected":true, "old":true, "uncollectible":true, "marked":true}}
{"address":"0x7fb1f805d9b0", "type":"STRING", "class":"0x7fb1f80b7578", "frozen":true, "embedded":true, "fstring":true, "bytesize":11, "value":"ThreadGroup", "encoding":"US-ASCII", "memsize":40, "flags":{"wb_protected":true, "old":true, "uncollectible":true, "marked":true}}
{"address":"0x7fb1f805d9d8", "type":"STRING", "class":"0x7fb1f80b7578", "frozen":true, "embedded":true, "fstring":true, "bytesize":10, "value":"@spec_file", "encoding":"US-ASCII", "memsize":40, "flags":{"wb_protected":true, "old":true, "uncollectible":true, "marked":true}}
{"address":"0x7fb1f805da00", "type":"OBJECT", "class":"0x7fb1f8087580", "frozen":true, "ivars":3, "references":["0x7fb1f805da28"], "memsize":40, "flags":{"wb_protected":true, "old":true, "uncollectible":true, "marked":true}}
{"address":"0x7fb1f805da28", "type":"STRING", "class":"0x7fb1f80b7578", "frozen":true, "bytesize":31, "value":"stream closed in another thread", "encoding":"US-ASCII", "memsize":40, "flags":{"wb_protected":true, "old":true, "uncollectible":true, "marked":true}}
{"address":"0x7fb1f805da50", "type":"IMEMO", "class":"0x7fb1f8065e58", "imemo_type":"ment", "memsize":48, "flags":{"wb_protected":true, "old":true, "uncollectible":true, "marked":true}}
{"address":"0x7fb1f805da78", "type":"IMEMO", "class":"0x7fb1f8065e58", "imemo_type":"ment", "memsize":48, "flags":{"wb_protected":true, "old":true, "uncollectible":true, "marked":true}}
{"address":"0x7fb1f805daa0", "type":"IMEMO", "class":"0x7fb1f8065e58", "imemo_type":"ment", "memsize":48, "flags":{"wb_protected":true, "old":true, "uncollectible":true, "marked":true}}
{"address":"0x7fb1f805dac8", "type":"STRING", "class":"0x7fb1f80b7578", "frozen":true, "embedded":true, "fstring":true, "bytesize":5, "value":"name=", "encoding":"US-ASCII", "memsize":40, "flags":{"wb_protected":true, "old":true, "uncollectible":true, "marked":true}}
{"address":"0x7fb1f805daf0", "type":"STRING", "class":"0x7fb1f80b7578", "shared":true, "encoding":"UTF-8", "references":["0x7fb1f805f5a8"], "memsize":40, "flags":{"wb_protected":true, "old":true, "uncollectible":true, "marked":true}}
{"address":"0x7fb1f805db18", "type":"IMEMO", "class":"0x7fb1f8065e58", "imemo_type":"ment", "memsize":48, "flags":{"wb_protected":true, "old":true, "uncollectible":true, "marked":true}}
{"address":"0x7fb1f805db40", "type":"IMEMO", "class":"0x7fb1f8065e58", "imemo_type":"ment", "memsize":48, "flags":{"wb_protected":true, "old":true, "uncollectible":true, "marked":true}}
{"address":"0x7fb1f805db68", "type":"IMEMO", "class":"0x7fb1f8065e58", "imemo_type":"ment", "memsize":48, "flags":{"wb_protected":true, "old":true, "uncollectible":true, "marked":true}}
{"address":"0x7fb1f805db90", "type":"IMEMO", "class":"0x7fb1f8065e58", "imemo_type":"ment", "memsize":48, "flags":{"wb_protected":true, "old":true, "uncollectible":true, "marked":true}}
{"address":"0x7fb1f805dbb8", "type":"STRING", "class":"0x7fb1f80b7578", "frozen":true, "embedded":true, "fstring":true, "bytesize":5, "value":"group", "encoding":"US-ASCII", "memsize":40, "flags":{"wb_protected":true, "old":true, "uncollectible":true, "marked":true}}
{"address":"0x7fb1f805dbe0", "type":"STRING", "class":"0x7fb1f80b7578", "shared":true, "encoding":"UTF-8", "references":["0x7fb1f805f5a8"], "memsize":40, "flags":{"wb_protected":true, "old":true, "uncollectible":true, "marked":true}}
{"address":"0x7fb1f805dc08", "type":"IMEMO", "class":"0x7fb1f8065e58", "imemo_type":"ment", "memsize":48, "flags":{"wb_protected":true, "old":true, "uncollectible":true, "marked":true}}
{"address":"0x7fb1f805dc30", "type":"STRING", "class":"0x7fb1f80b7578", "frozen":true, "embedded":true, "fstring":true, "bytesize":10, "value":"safe_level", "encoding":"US-ASCII", "memsize":40, "flags":{"wb_protected":true, "old":true, "uncollectible":true, "marked":true}}
{"address":"0x7fb1f805dc58", "type":"STRING", "class":"0x7fb1f80b7578", "frozen":true, "embedded":true, "fstring":true, "bytesize":9, "value":"@spec_dir", "encoding":"US-ASCII", "memsize":40, "flags":{"wb_protected":true, "old":true, "uncollectible":true, "marked":true}}
{"address":"0x7fb1f805dc80", "type":"IMEMO", "class":"0x7fb1f8065e58", "imemo_type":"ment", "memsize":48, "flags":{"wb_protected":true, "old":true, "uncollectible":true, "marked":true}}
{"address":"0x7fb1f805dca8", "type":"IMEMO", "class":"0x7fb1f8065e58", "imemo_type":"ment", "memsize":48, "flags":{"wb_protected":true, "old":true, "uncollectible":true, "marked":true}}
{"address":"0x7fb1f805dcd0", "type":"IMEMO", "class":"0x7fb1f8065e58", "imemo_type":"ment", "memsize":48, "flags":{"wb_protected":true, "old":true, "uncollectible":true, "marked":true}}
{"address":"0x7fb1f805dcf8", "type":"IMEMO", "class":"0x7fb1f8065e58", "imemo_type":"ment", "memsize":48, "flags":{"wb_protected":true, "old":true, "uncollectible":true, "marked":true}}
{"address":"0x7fb1f805dd20", "type":"IMEMO", "class":"0x7fb1f8065e58", "imemo_type":"ment", "memsize":48, "flags":{"wb_protected":true, "old":true, "uncollectible":true, "marked":true}}
{"address":"0x7fb1f805dd48", "type":"STRING", "class":"0x7fb1f80b7578", "frozen":true, "embedded":true, "fstring":true, "bytesize":5, "value":"stop?", "encoding":"US-ASCII", "memsize":40, "flags":{"wb_protected":true, "old":true, "uncollectible":true, "marked":true}}
{"address":"0x7fb1f805dd70", "type":"STRING", "class":"0x7fb1f80b7578", "frozen":true, "embedded":true, "fstring":true, "bytesize":23, "value":"bundler/feature_flag.rb", "encoding":"UTF-8", "memsize":40, "flags":{"wb_protected":true, "old":true, "uncollectible":true, "marked":true}}
{"address":"0x7fb1f805dd98", "type":"IMEMO", "class":"0x7fb1f8065e58", "imemo_type":"ment", "memsize":48, "flags":{"wb_protected":true, "old":true, "uncollectible":true, "marked":true}}
{"address":"0x7fb1f805ddc0", "type":"STRING", "class":"0x7fb1f80b7578", "frozen":true, "embedded":true, "fstring":true, "bytesize":6, "value":"alive?", "encoding":"US-ASCII", "memsize":40, "flags":{"wb_protected":true, "old":true, "uncollectible":true, "marked":true}}
{"address":"0x7fb1f805dde8", "type":"STRING", "class":"0x7fb1f80b7578", "frozen":true, "embedded":true, "fstring":true, "bytesize":17, "value":"bundler/errors.rb", "encoding":"UTF-8", "memsize":40, "flags":{"wb_protected":true, "old":true, "uncollectible":true, "marked":true}}
{"address":"0x7fb1f805de10", "type":"IMEMO", "class":"0x7fb1f8065e58", "imemo_type":"ment", "memsize":48, "flags":{"wb_protected":true, "old":true, "uncollectible":true, "marked":true}}
{"address":"0x7fb1f805de38", "type":"STRING", "class":"0x7fb1f80b7578", "frozen":true, "embedded":true, "fstring":true, "bytesize":16, "value":"thread_variable?", "encoding":"US-ASCII", "memsize":40, "flags":{"wb_protected":true, "old":true, "uncollectible":true, "marked":true}}
{"address":"0x7fb1f805de60", "type":"STRING", "class":"0x7fb1f80b7578", "frozen":true, "embedded":true, "fstring":true, "bytesize":9, "value":"licenses=", "encoding":"US-ASCII", "memsize":40, "flags":{"wb_protected":true, "old":true, "uncollectible":true, "marked":true}}
{"address":"0x7fb1f805de88", "type":"IMEMO", "class":"0x7fb1f8065e58", "imemo_type":"ment", "memsize":48, "flags":{"wb_protected":true, "old":true, "uncollectible":true, "marked":true}}
{"address":"0x7fb1f805deb0", "type":"STRING", "class":"0x7fb1f80b7578", "frozen":true, "embedded":true, "fstring":true, "bytesize":16, "value":"thread_variables", "encoding":"US-ASCII", "memsize":40, "flags":{"wb_protected":true, "old":true, "uncollectible":true, "marked":true}}
{"address":"0x7fb1f805ded8", "type":"STRING", "class":"0x7fb1f80b7578", "frozen":true, "fstring":true, "bytesize":32, "value":"bundler/environment_preserver.rb", "encoding":"UTF-8", "memsize":73, "flags":{"wb_protected":true, "old":true, "uncollectible":true, "marked":true}}
{"address":"0x7fb1f805df00", "type":"IMEMO", "class":"0x7fb1f8065e58", "imemo_type":"ment", "memsize":48, "flags":{"wb_protected":true, "old":true, "uncollectible":true, "marked":true}}
{"address":"0x7fb1f805df28", "type":"STRING", "class":"0x7fb1f80b7578", "frozen":true, "embedded":true, "fstring":true, "bytesize":19, "value":"thread_variable_set", "encoding":"US-ASCII", "memsize":40, "flags":{"wb_protected":true, "old":true, "uncollectible":true, "marked":true}}
{"address":"0x7fb1f805df50", "type":"STRING", "class":"0x7fb1f80b7578", "frozen":true, "embedded":true, "fstring":true, "bytesize":7, "value":"@ri_dir", "encoding":"US-ASCII", "memsize":40, "flags":{"wb_protected":true, "old":true, "uncollectible":true, "marked":true}}
{"address":"0x7fb1f805df78", "type":"IMEMO", "class":"0x7fb1f8065e58", "imemo_type":"ment", "memsize":48, "flags":{"wb_protected":true, "old":true, "uncollectible":true, "marked":true}}
{"address":"0x7fb1f805dfa0", "type":"STRING", "class":"0x7fb1f80b7578", "frozen":true, "embedded":true, "fstring":true, "bytesize":19, "value":"thread_variable_get", "encoding":"US-ASCII", "memsize":40, "flags":{"wb_protected":true, "old":true, "uncollectible":true, "marked":true}}
{"address":"0x7fb1f805dfc8", "type":"STRING", "class":"0x7fb1f80b7578", "frozen":true, "embedded":true, "fstring":true, "bytesize":14, "value":"bundler/env.rb", "encoding":"UTF-8", "memsize":40, "flags":{"wb_protected":true, "old":true, "uncollectible":true, "marked":true}}
{"address":"0x7fb1f805dff0", "type":"IMEMO", "class":"0x7fb1f8065e58", "imemo_type":"ment", "memsize":48, "flags":{"wb_protected":true, "old":true, "uncollectible":true, "marked":true}}
{"address":"0x7fb1f805e018", "type":"IMEMO", "class":"0x7fb1f8065e58", "imemo_type":"ment", "memsize":48, "flags":{"wb_protected":true, "old":true, "uncollectible":true, "marked":true}}
{"address":"0x7fb1f805e040", "type":"STRING", "class":"0x7fb1f80b7578", "frozen":true, "embedded":true, "fstring":true, "bytesize":9, "value":"priority=", "encoding":"US-ASCII", "memsize":40, "flags":{"wb_protected":true, "old":true, "uncollectible":true, "marked":true}}
{"address":"0x7fb1f805e068", "type":"STRING", "class":"0x7fb1f80b7578", "frozen":true, "embedded":true, "fstring":true, "bytesize":1, "value":"o", "encoding":"US-ASCII", "memsize":40, "flags":{"wb_protected":true, "old":true, "uncollectible":true, "marked":true}}
{"address":"0x7fb1f805e090", "type":"IMEMO", "class":"0x7fb1f8065e58", "imemo_type":"ment", "memsize":48, "flags":{"wb_protected":true, "old":true, "uncollectible":true, "marked":true}}
{"address":"0x7fb1f805e0b8", "type":"STRING", "class":"0x7fb1f80b7578", "frozen":true, "embedded":true, "fstring":true, "bytesize":8, "value":"priority", "encoding":"US-ASCII", "memsize":40, "flags":{"wb_protected":true, "old":true, "uncollectible":true, "marked":true}}
{"address":"0x7fb1f805e0e0", "type":"STRING", "class":"0x7fb1f80b7578", "frozen":true, "fstring":true, "bytesize":33, "value":"bundler/endpoint_specification.rb", "encoding":"UTF-8", "memsize":74, "flags":{"wb_protected":true, "old":true, "uncollectible":true, "marked":true}}
{"address":"0x7fb1f805e108", "type":"IMEMO", "class":"0x7fb1f8065e58", "imemo_type":"ment", "memsize":48, "flags":{"wb_protected":true, "old":true, "uncollectible":true, "marked":true}}
{"address":"0x7fb1f805e130", "type":"IMEMO", "class":"0x7fb1f8065e58", "imemo_type":"ment", "memsize":48, "flags":{"wb_protected":true, "old":true, "uncollectible":true, "marked":true}}
{"address":"0x7fb1f805e158", "type":"IMEMO", "class":"0x7fb1f8065e58", "imemo_type":"ment", "memsize":48, "flags":{"wb_protected":true, "old":true, "uncollectible":true, "marked":true}}
{"address":"0x7fb1f805e180", "type":"IMEMO", "class":"0x7fb1f8065e58", "imemo_type":"ment", "memsize":48, "flags":{"wb_protected":true, "old":true, "uncollectible":true, "marked":true}}
{"address":"0x7fb1f805e1a8", "type":"IMEMO", "class":"0x7fb1f8065e58", "imemo_type":"ment", "memsize":48, "flags":{"wb_protected":true, "old":true, "uncollectible":true, "marked":true}}
{"address":"0x7fb1f805e1d0", "type":"IMEMO", "class":"0x7fb1f8065e58", "imemo_type":"ment", "memsize":48, "flags":{"wb_protected":true, "old":true, "uncollectible":true, "marked":true}}
{"address":"0x7fb1f805e1f8", "type":"STRING", "class":"0x7fb1f80b7578", "frozen":true, "embedded":true, "fstring":true, "bytesize":6, "value":"wakeup", "encoding":"US-ASCII", "memsize":40, "flags":{"wb_protected":true, "old":true, "uncollectible":true, "marked":true}}
{"address":"0x7fb1f805e220", "type":"STRING", "class":"0x7fb1f80b7578", "frozen":true, "embedded":true, "fstring":true, "bytesize":8, "value":"license=", "encoding":"US-ASCII", "memsize":40, "flags":{"wb_protected":true, "old":true, "uncollectible":true, "marked":true}}
{"address":"0x7fb1f805e248", "type":"IMEMO", "class":"0x7fb1f8065e58", "imemo_type":"ment", "memsize":48, "flags":{"wb_protected":true, "old":true, "uncollectible":true, "marked":true}}
{"address":"0x7fb1f805e270", "type":"STRING", "class":"0x7fb1f80b7578", "frozen":true, "embedded":true, "fstring":true, "bytesize":3, "value":"run", "encoding":"US-ASCII", "memsize":40, "flags":{"wb_protected":true, "old":true, "uncollectible":true, "marked":true}}
{"address":"0x7fb1f805e298", "type":"ARRAY", "class":"0x7fb1f8097228", "length":1, "embedded":true, "references":["0x7fb1f80f3780"], "memsize":40, "flags":{"wb_protected":true, "old":true, "uncollectible":true, "marked":true}}
{"address":"0x7fb1f805e2c0", "type":"IMEMO", "class":"0x7fb1f8065e58", "imemo_type":"ment", "memsize":48, "flags":{"wb_protected":true, "old":true, "uncollectible":true, "marked":true}}
{"address":"0x7fb1f805e2e8", "type":"IMEMO", "class":"0x7fb1f8065e58", "imemo_type":"ment", "memsize":48, "flags":{"wb_protected":true, "old":true, "uncollectible":true, "marked":true}}
{"address":"0x7fb1f805e310", "type":"STRING", "class":"0x7fb1f80b7578", "frozen":true, "embedded":true, "fstring":true, "bytesize":9, "value":"terminate", "encoding":"US-ASCII", "memsize":40, "flags":{"wb_protected":true, "old":true, "uncollectible":true, "marked":true}}
{"address":"0x7fb1f805e338", "type":"STRING", "class":"0x7fb1f80b7578", "frozen":true, "embedded":true, "fstring":true, "bytesize":14, "value":"bundler/dsl.rb", "encoding":"UTF-8", "memsize":40, "flags":{"wb_protected":true, "old":true, "uncollectible":true, "marked":true}}
{"address":"0x7fb1f805e360", "type":"IMEMO", "class":"0x7fb1f8065e58", "imemo_type":"ment", "memsize":48, "flags":{"wb_protected":true, "old":true, "uncollectible":true, "marked":true}}
{"address":"0x7fb1f805e388", "type":"IMEMO", "class":"0x7fb1f8065e58", "imemo_type":"ment", "memsize":48, "flags":{"wb_protected":true, "old":true, "uncollectible":true, "marked":true}}
{"address":"0x7fb1f805e3b0", "type":"IMEMO", "class":"0x7fb1f8065e58", "imemo_type":"ment", "memsize":48, "flags":{"wb_protected":true, "old":true, "uncollectible":true, "marked":true}}
{"address":"0x7fb1f805e3d8", "type":"IMEMO", "class":"0x7fb1f8065e58", "imemo_type":"ment", "memsize":48, "flags":{"wb_protected":true, "old":true, "uncollectible":true, "marked":true}}
{"address":"0x7fb1f805e400", "type":"IMEMO", "class":"0x7fb1f8065e58", "imemo_type":"ment", "memsize":48, "flags":{"wb_protected":true, "old":true, "uncollectible":true, "marked":true}}
{"address":"0x7fb1f805e428", "type":"IMEMO", "class":"0x7fb1f8065e58", "imemo_type":"ment", "memsize":48, "flags":{"wb_protected":true, "old":true, "uncollectible":true, "marked":true}}
{"address":"0x7fb1f805e450", "type":"IMEMO", "class":"0x7fb1f8065e30", "imemo_type":"ment", "memsize":48, "flags":{"wb_protected":true, "old":true, "uncollectible":true, "marked":true}}
{"address":"0x7fb1f805e478", "type":"STRING", "class":"0x7fb1f80b7578", "frozen":true, "embedded":true, "fstring":true, "bytesize":18, "value":"pending_interrupt?", "encoding":"US-ASCII", "memsize":40, "flags":{"wb_protected":true, "old":true, "uncollectible":true, "marked":true}}
{"address":"0x7fb1f805e4a0", "type":"OBJECT", "class":"0x7fb1f80e0680", "ivars":3, "references":["0x7fb1f805e298"], "memsize":40, "flags":{"wb_protected":true, "old":true, "uncollectible":true, "marked":true}}
{"address":"0x7fb1f805e4c8", "type":"IMEMO", "class":"0x7fb1f8065e30", "imemo_type":"ment", "memsize":48, "flags":{"wb_protected":true, "old":true, "uncollectible":true, "marked":true}}
{"address":"0x7fb1f805e4f0", "type":"STRING", "class":"0x7fb1f80b7578", "frozen":true, "embedded":true, "fstring":true, "bytesize":16, "value":"handle_interrupt", "encoding":"US-ASCII", "memsize":40, "flags":{"wb_protected":true, "old":true, "uncollectible":true, "marked":true}}
{"address":"0x7fb1f805e518", "type":"STRING", "class":"0x7fb1f80b7578", "frozen":true, "embedded":true, "fstring":true, "bytesize":20, "value":"bundler/deprecate.rb", "encoding":"UTF-8", "memsize":40, "flags":{"wb_protected":true, "old":true, "uncollectible":true, "marked":true}}
{"address":"0x7fb1f805e540", "type":"IMEMO", "class":"0x7fb1f8065e30", "imemo_type":"ment", "memsize":48, "flags":{"wb_protected":true, "old":true, "uncollectible":true, "marked":true}}
{"address":"0x7fb1f805e568", "type":"STRING", "class":"0x7fb1f80b7578", "frozen":true, "embedded":true, "fstring":true, "bytesize":20, "value":"report_on_exception=", "encoding":"US-ASCII", "memsize":40, "flags":{"wb_protected":true, "old":true, "uncollectible":true, "marked":true}}
{"address":"0x7fb1f805e590", "type":"ARRAY", "class":"0x7fb1f8097228", "length":0, "memsize":40, "flags":{"wb_protected":true, "old":true, "uncollectible":true, "marked":true}}
{"address":"0x7fb1f805e5b8", "type":"IMEMO", "class":"0x7fb1f8065e30", "imemo_type":"ment", "memsize":48, "flags":{"wb_protected":true, "old":true, "uncollectible":true, "marked":true}}
{"address":"0x7fb1f805e5e0", "type":"STRING", "class":"0x7fb1f80b7578", "frozen":true, "embedded":true, "fstring":true, "bytesize":19, "value":"report_on_exception", "encoding":"US-ASCII", "memsize":40, "flags":{"wb_protected":true, "old":true, "uncollectible":true, "marked":true}}
{"address":"0x7fb1f805e608", "type":"STRING", "class":"0x7fb1f80b7578", "frozen":true, "embedded":true, "fstring":true, "bytesize":21, "value":"bundler/deployment.rb", "encoding":"UTF-8", "memsize":40, "flags":{"wb_protected":true, "old":true, "uncollectible":true, "marked":true}}
{"address":"0x7fb1f805e630", "type":"IMEMO", "class":"0x7fb1f8065e30", "imemo_type":"ment", "memsize":48, "flags":{"wb_protected":true, "old":true, "uncollectible":true, "marked":true}}
{"address":"0x7fb1f805e658", "type":"STRING", "class":"0x7fb1f80b7578", "frozen":true, "embedded":true, "fstring":true, "bytesize":19, "value":"abort_on_exception=", "encoding":"US-ASCII", "memsize":40, "flags":{"wb_protected":true, "old":true, "uncollectible":true, "marked":true}}
{"address":"0x7fb1f805e680", "type":"ARRAY", "class":"0x7fb1f8097228", "length":0, "memsize":40, "flags":{"wb_protected":true, "old":true, "uncollectible":true, "marked":true}}
{"address":"0x7fb1f805e6a8", "type":"IMEMO", "class":"0x7fb1f8065e30", "imemo_type":"ment", "memsize":48, "flags":{"wb_protected":true, "old":true, "uncollectible":true, "marked":true}}
{"address":"0x7fb1f805e6d0", "type":"STRING", "class":"0x7fb1f80b7578", "frozen":true, "embedded":true, "fstring":true, "bytesize":18, "value":"abort_on_exception", "encoding":"US-ASCII", "memsize":40, "flags":{"wb_protected":true, "old":true, "uncollectible":true, "marked":true}}
{"address":"0x7fb1f805e6f8", "type":"STRING", "class":"0x7fb1f80b7578", "frozen":true, "embedded":true, "fstring":true, "bytesize":13, "value":"internal_init", "encoding":"US-ASCII", "memsize":40, "flags":{"wb_protected":true, "old":true, "uncollectible":true, "marked":true}}
{"address":"0x7fb1f805e720", "type":"IMEMO", "class":"0x7fb1f8065e30", "imemo_type":"ment", "memsize":48, "flags":{"wb_protected":true, "old":true, "uncollectible":true, "marked":true}}
{"address":"0x7fb1f805e748", "type":"IMEMO", "class":"0x7fb1f8065e30", "imemo_type":"ment", "memsize":48, "flags":{"wb_protected":true, "old":true, "uncollectible":true, "marked":true}}
{"address":"0x7fb1f805e770", "type":"STRING", "class":"0x7fb1f80b7578", "frozen":true, "embedded":true, "fstring":true, "bytesize":4, "value":"pass", "encoding":"US-ASCII", "memsize":40, "flags":{"wb_protected":true, "old":true, "uncollectible":true, "marked":true}}
{"address":"0x7fb1f805e798", "type":"STRING", "class":"0x7fb1f80b7578", "frozen":true, "embedded":true, "fstring":true, "bytesize":21, "value":"bundler/dependency.rb", "encoding":"UTF-8", "memsize":40, "flags":{"wb_protected":true, "old":true, "uncollectible":true, "marked":true}}
{"address":"0x7fb1f805e7c0", "type":"IMEMO", "class":"0x7fb1f8065e30", "imemo_type":"ment", "memsize":48, "flags":{"wb_protected":true, "old":true, "uncollectible":true, "marked":true}}
{"address":"0x7fb1f805e7e8", "type":"STRING", "class":"0x7fb1f80b7578", "frozen":true, "embedded":true, "fstring":true, "bytesize":4, "value":"exit", "encoding":"US-ASCII", "memsize":40, "flags":{"wb_protected":true, "old":true, "uncollectible":true, "marked":true}}
{"address":"0x7fb1f805e810", "type":"OBJECT", "class":"0x7fb1f80e0680", "ivars":3, "references":["0x7fb1f8112770"], "memsize":40, "flags":{"wb_protected":true, "old":true, "uncollectible":true, "marked":true}}
{"address":"0x7fb1f805e838", "type":"IMEMO", "class":"0x7fb1f8065e30", "imemo_type":"ment", "memsize":48, "flags":{"wb_protected":true, "old":true, "uncollectible":true, "marked":true}}
{"address":"0x7fb1f805e860", "type":"STRING", "class":"0x7fb1f80b7578", "frozen":true, "embedded":true, "fstring":true, "bytesize":4, "value":"kill", "encoding":"US-ASCII", "memsize":40, "flags":{"wb_protected":true, "old":true, "uncollectible":true, "marked":true}}
{"address":"0x7fb1f805e888", "type":"STRING", "class":"0x7fb1f80b7578", "frozen":true, "embedded":true, "fstring":true, "bytesize":20, "value":"bundler/dep_proxy.rb", "encoding":"UTF-8", "memsize":40, "flags":{"wb_protected":true, "old":true, "uncollectible":true, "marked":true}}
{"address":"0x7fb1f805e8b0", "type":"IMEMO", "class":"0x7fb1f8065e30", "imemo_type":"ment", "memsize":48, "flags":{"wb_protected":true, "old":true, "uncollectible":true, "marked":true}}
{"address":"0x7fb1f805e8d8", "type":"STRING", "class":"0x7fb1f80b7578", "frozen":true, "embedded":true, "fstring":true, "bytesize":4, "value":"stop", "encoding":"US-ASCII", "memsize":40, "flags":{"wb_protected":true, "old":true, "uncollectible":true, "marked":true}}
{"address":"0x7fb1f805e900", "type":"ARRAY", "class":"0x7fb1f8097228", "length":0, "memsize":40, "flags":{"wb_protected":true, "old":true, "uncollectible":true, "marked":true}}
{"address":"0x7fb1f805e928", "type":"IMEMO", "class":"0x7fb1f8065e30", "imemo_type":"ment", "memsize":48, "flags":{"wb_protected":true, "old":true, "uncollectible":true, "marked":true}}
{"address":"0x7fb1f805e950", "type":"STRING", "class":"0x7fb1f80b7578", "frozen":true, "embedded":true, "fstring":true, "bytesize":7, "value":"current", "encoding":"US-ASCII", "memsize":40, "flags":{"wb_protected":true, "old":true, "uncollectible":true, "marked":true}}
{"address":"0x7fb1f805e978", "type":"STRING", "class":"0x7fb1f80b7578", "embedded":true, "bytesize":4, "value":"ruby", "encoding":"UTF-8", "memsize":40, "flags":{"wb_protected":true, "old":true, "uncollectible":true, "marked":true}}
{"address":"0x7fb1f805e9a0", "type":"IMEMO", "class":"0x7fb1f8065e30", "imemo_type":"ment", "memsize":48, "flags":{"wb_protected":true, "old":true, "uncollectible":true, "marked":true}}
{"address":"0x7fb1f805e9c8", "type":"STRING", "class":"0x7fb1f80b7578", "frozen":true, "embedded":true, "fstring":true, "bytesize":4, "value":"main", "encoding":"US-ASCII", "memsize":40, "flags":{"wb_protected":true, "old":true, "uncollectible":true, "marked":true}}
{"address":"0x7fb1f805e9f0", "type":"STRING", "class":"0x7fb1f80b7578", "frozen":true, "embedded":true, "fstring":true, "bytesize":21, "value":"bundler/definition.rb", "encoding":"UTF-8", "memsize":40, "flags":{"wb_protected":true, "old":true, "uncollectible":true, "marked":true}}
{"address":"0x7fb1f805ea18", "type":"IMEMO", "class":"0x7fb1f8065e30", "imemo_type":"ment", "memsize":48, "flags":{"wb_protected":true, "old":true, "uncollectible":true, "marked":true}}
{"address":"0x7fb1f805ea40", "type":"STRING", "class":"0x7fb1f80b7578", "frozen":true, "embedded":true, "fstring":true, "bytesize":4, "value":"fork", "encoding":"US-ASCII", "memsize":40, "flags":{"wb_protected":true, "old":true, "uncollectible":true, "marked":true}}
{"address":"0x7fb1f805ea68", "type":"STRING", "class":"0x7fb1f80b7578", "frozen":true, "embedded":true, "fstring":true, "bytesize":23, "value":"bundler/current_ruby.rb", "encoding":"UTF-8", "memsize":40, "flags":{"wb_protected":true, "old":true, "uncollectible":true, "marked":true}}
{"address":"0x7fb1f805ea90", "type":"IMEMO", "class":"0x7fb1f8065e30", "imemo_type":"ment", "memsize":48, "flags":{"wb_protected":true, "old":true, "uncollectible":true, "marked":true}}
{"address":"0x7fb1f805eab8", "type":"STRING", "class":"0x7fb1f80b7578", "frozen":true, "embedded":true, "fstring":true, "bytesize":5, "value":"start", "encoding":"US-ASCII", "memsize":40, "flags":{"wb_protected":true, "old":true, "uncollectible":true, "marked":true}}
{"address":"0x7fb1f805eae0", "type":"STRING", "class":"0x7fb1f80b7578", "frozen":true, "embedded":true, "fstring":true, "bytesize":20, "value":"bundler/constants.rb", "encoding":"UTF-8", "memsize":40, "flags":{"wb_protected":true, "old":true, "uncollectible":true, "marked":true}}
{"address":"0x7fb1f805eb08", "type":"IMEMO", "class":"0x7fb1f8065e30", "imemo_type":"ment", "memsize":48, "flags":{"wb_protected":true, "old":true, "uncollectible":true, "marked":true}}
{"address":"0x7fb1f805eb30", "type":"STRING", "class":"0x7fb1f80b7578", "frozen":true, "embedded":true, "fstring":true, "bytesize":11, "value":"on_blocking", "encoding":"US-ASCII", "memsize":40, "flags":{"wb_protected":true, "old":true, "uncollectible":true, "marked":true}}
{"address":"0x7fb1f805eb58", "type":"ARRAY", "class":"0x7fb1f8097228", "length":0, "memsize":40, "flags":{"wb_protected":true, "old":true, "uncollectible":true, "marked":true}}
{"address":"0x7fb1f805eb80", "type":"STRING", "class":"0x7fb1f80b7578", "frozen":true, "embedded":true, "fstring":true, "bytesize":9, "value":"immediate", "encoding":"US-ASCII", "memsize":40, "flags":{"wb_protected":true, "old":true, "uncollectible":true, "marked":true}}
{"address":"0x7fb1f805eba8", "type":"ARRAY", "class":"0x7fb1f8097228", "length":0, "memsize":40, "flags":{"wb_protected":true, "old":true, "uncollectible":true, "marked":true}}
{"address":"0x7fb1f805ebd0", "type":"STRING", "class":"0x7fb1f80b7578", "frozen":true, "embedded":true, "fstring":true, "bytesize":5, "value":"never", "encoding":"US-ASCII", "memsize":40, "flags":{"wb_protected":true, "old":true, "uncollectible":true, "marked":true}}
{"address":"0x7fb1f805ebf8", "type":"ARRAY", "class":"0x7fb1f8097228", "length":0, "memsize":40, "flags":{"wb_protected":true, "old":true, "uncollectible":true, "marked":true}}
{"address":"0x7fb1f805ec20", "type":"IMEMO", "class":"0x7fb1f805f3f0", "imemo_type":"ment", "memsize":48, "flags":{"wb_protected":true, "old":true, "uncollectible":true, "marked":true}}
{"address":"0x7fb1f805ec48", "type":"STRING", "class":"0x7fb1f80b7578", "frozen":true, "embedded":true, "fstring":true, "bytesize":9, "value":"load_iseq", "encoding":"US-ASCII", "memsize":40, "flags":{"wb_protected":true, "old":true, "uncollectible":true, "marked":true}}
{"address":"0x7fb1f805ec70", "type":"ARRAY", "class":"0x7fb1f8097228", "length":0, "memsize":40, "flags":{"wb_protected":true, "old":true, "uncollectible":true, "marked":true}}
{"address":"0x7fb1f805ec98", "type":"IMEMO", "class":"0x7fb1f805f3f0", "imemo_type":"ment", "memsize":48, "flags":{"wb_protected":true, "old":true, "uncollectible":true, "marked":true}}
{"address":"0x7fb1f805ecc0", "type":"IMEMO", "class":"0x7fb1f805f3f0", "imemo_type":"ment", "memsize":48, "flags":{"wb_protected":true, "old":true, "uncollectible":true, "marked":true}}
{"address":"0x7fb1f805ece8", "type":"STRING", "class":"0x7fb1f80b7578", "frozen":true, "embedded":true, "fstring":true, "bytesize":2, "value":"of", "encoding":"US-ASCII", "memsize":40, "flags":{"wb_protected":true, "old":true, "uncollectible":true, "marked":true}}
{"address":"0x7fb1f805ed10", "type":"ARRAY", "class":"0x7fb1f8097228", "length":0, "memsize":40, "flags":{"wb_protected":true, "old":true, "uncollectible":true, "marked":true}}
{"address":"0x7fb1f805ed38", "type":"IMEMO", "class":"0x7fb1f805f3f0", "imemo_type":"ment", "memsize":48, "flags":{"wb_protected":true, "old":true, "uncollectible":true, "marked":true}}
{"address":"0x7fb1f805ed60", "type":"IMEMO", "class":"0x7fb1f805f3f0", "imemo_type":"ment", "memsize":48, "flags":{"wb_protected":true, "old":true, "uncollectible":true, "marked":true}}
{"address":"0x7fb1f805ed88", "type":"IMEMO", "class":"0x7fb1f805f3f0", "imemo_type":"ment", "memsize":48, "flags":{"wb_protected":true, "old":true, "uncollectible":true, "marked":true}}
{"address":"0x7fb1f805edb0", "type":"STRING", "class":"0x7fb1f80b7578", "frozen":true, "embedded":true, "fstring":true, "bytesize":15, "value":"compile_option=", "encoding":"US-ASCII", "memsize":40, "flags":{"wb_protected":true, "old":true, "uncollectible":true, "marked":true}}
{"address":"0x7fb1f805edd8", "type":"STRING", "class":"0x7fb1f80b7578", "frozen":true, "fstring":true, "bytesize":39, "value":"bundler/compact_index_client/updater.rb", "encoding":"UTF-8", "memsize":80, "flags":{"wb_protected":true, "old":true, "uncollectible":true, "marked":true}}
{"address":"0x7fb1f805ee00", "type":"IMEMO", "class":"0x7fb1f805f3f0", "imemo_type":"ment", "memsize":48, "flags":{"wb_protected":true, "old":true, "uncollectible":true, "marked":true}}
{"address":"0x7fb1f805ee28", "type":"STRING", "class":"0x7fb1f80b7578", "frozen":true, "embedded":true, "fstring":true, "bytesize":14, "value":"compile_option", "encoding":"US-ASCII", "memsize":40, "flags":{"wb_protected":true, "old":true, "uncollectible":true, "marked":true}}
{"address":"0x7fb1f805ee50", "type":"STRING", "class":"0x7fb1f80b7578", "frozen":true, "fstring":true, "bytesize":37, "value":"bundler/compact_index_client/cache.rb", "encoding":"UTF-8", "memsize":78, "flags":{"wb_protected":true, "old":true, "uncollectible":true, "marked":true}}
{"address":"0x7fb1f805ee78", "type":"IMEMO", "class":"0x7fb1f805f3f0", "imemo_type":"ment", "memsize":48, "flags":{"wb_protected":true, "old":true, "uncollectible":true, "marked":true}}
{"address":"0x7fb1f805eea0", "type":"STRING", "class":"0x7fb1f80b7578", "frozen":true, "embedded":true, "fstring":true, "bytesize":12, "value":"compile_file", "encoding":"US-ASCII", "memsize":40, "flags":{"wb_protected":true, "old":true, "uncollectible":true, "marked":true}}
{"address":"0x7fb1f805eec8", "type":"OBJECT", "class":"0x7fb1f8112db0", "ivars":49, "references":["0x7fb1f805c650", "0x7fb1f805ce98", "0x7fb1f805f508", "0x7fb1f805cdf8", "0x7fb1f805f5a8", "0x7fb1f805f6c0", "0x7fb1f805c6a0", "0x7fb1f80e2638", "0x7fb1f805d730", "0x7fb1f80e2bd8", "0x7fb1f805ed10", "0x7fb1f805ec70", "0x7fb1f805ebf8", "0x7fb1f805eba8", "0x7fb1f805eb58", "0x7fb1f8057dd0", "0x7fb1f805c9c0", "0x7fb1f805d910", "0x7fb1f805e978", "0x7fb1f805e900", "0x7fb1f805d898", "0x7fb1f805e810", "0x7fb1f805e4a0", "0x7fb1f805e680", "0x7fb1f80c6b68", "0x7fb1f805e590", "0x7fb1f80b4418"], "memsize":432, "flags":{"wb_protected":true, "old":true, "uncollectible":true, "marked":true}}
{"address":"0x7fb1f805eef0", "type":"IMEMO", "class":"0x7fb1f805f3f0", "imemo_type":"ment", "memsize":48, "flags":{"wb_protected":true, "old":true, "uncollectible":true, "marked":true}}
{"address":"0x7fb1f805ef18", "type":"IMEMO", "class":"0x7fb1f805f3f0", "imemo_type":"ment", "memsize":48, "flags":{"wb_protected":true, "old":true, "uncollectible":true, "marked":true}}
{"address":"0x7fb1f805ef40", "type":"IMEMO", "class":"0x7fb1f805f418", "imemo_type":"ment", "memsize":48, "flags":{"wb_protected":true, "old":true, "uncollectible":true, "marked":true}}
{"address":"0x7fb1f805ef68", "type":"IMEMO", "class":"0x7fb1f805f418", "imemo_type":"ment", "memsize":48, "flags":{"wb_protected":true, "old":true, "uncollectible":true, "marked":true}}
{"address":"0x7fb1f805ef90", "type":"STRING", "class":"0x7fb1f80b7578", "frozen":true, "embedded":true, "fstring":true, "bytesize":12, "value":"trace_points", "encoding":"US-ASCII", "memsize":40, "flags":{"wb_protected":true, "old":true, "uncollectible":true, "marked":true}}
{"address":"0x7fb1f805efb8", "type":"STRING", "class":"0x7fb1f80b7578", "frozen":true, "embedded":true, "fstring":true, "bytesize":7, "value":"license", "encoding":"US-ASCII", "memsize":40, "flags":{"wb_protected":true, "old":true, "uncollectible":true, "marked":true}}
{"address":"0x7fb1f805efe0", "type":"IMEMO", "class":"0x7fb1f805f418", "imemo_type":"ment", "memsize":48, "flags":{"wb_protected":true, "old":true, "uncollectible":true, "marked":true}}
{"address":"0x7fb1f805f008", "type":"STRING", "class":"0x7fb1f80b7578", "frozen":true, "embedded":true, "fstring":true, "bytesize":12, "value":"first_lineno", "encoding":"US-ASCII", "memsize":40, "flags":{"wb_protected":true, "old":true, "uncollectible":true, "marked":true}}
{"address":"0x7fb1f805f030", "type":"STRING", "class":"0x7fb1f80b7578", "frozen":true, "fstring":true, "bytesize":31, "value":"bundler/compact_index_client.rb", "encoding":"UTF-8", "memsize":72, "flags":{"wb_protected":true, "old":true, "uncollectible":true, "marked":true}}
{"address":"0x7fb1f805f058", "type":"IMEMO", "class":"0x7fb1f805f418", "imemo_type":"ment", "memsize":48, "flags":{"wb_protected":true, "old":true, "uncollectible":true, "marked":true}}
{"address":"0x7fb1f805f080", "type":"IMEMO", "class":"0x7fb1f805f418", "imemo_type":"ment", "memsize":48, "flags":{"wb_protected":true, "old":true, "uncollectible":true, "marked":true}}
{"address":"0x7fb1f805f0a8", "type":"IMEMO", "class":"0x7fb1f805f418", "imemo_type":"ment", "memsize":48, "flags":{"wb_protected":true, "old":true, "uncollectible":true, "marked":true}}
{"address":"0x7fb1f805f0d0", "type":"IMEMO", "class":"0x7fb1f805f418", "imemo_type":"ment", "memsize":48, "flags":{"wb_protected":true, "old":true, "uncollectible":true, "marked":true}}
{"address":"0x7fb1f805f0f8", "type":"IMEMO", "class":"0x7fb1f805f3f0", "imemo_type":"ment", "memsize":48, "flags":{"wb_protected":true, "old":true, "uncollectible":true, "marked":true}}
{"address":"0x7fb1f805f120", "type":"STRING", "class":"0x7fb1f80b7578", "frozen":true, "fstring":true, "bytesize":27, "value":"load_from_binary_extra_data", "encoding":"US-ASCII", "memsize":68, "flags":{"wb_protected":true, "old":true, "uncollectible":true, "marked":true}}
{"address":"0x7fb1f805f148", "type":"STRING", "class":"0x7fb1f80b7578", "frozen":true, "embedded":true, "fstring":true, "bytesize":18, "value":"bundler/cli/viz.rb", "encoding":"UTF-8", "memsize":40, "flags":{"wb_protected":true, "old":true, "uncollectible":true, "marked":true}}
{"address":"0x7fb1f805f170", "type":"IMEMO", "class":"0x7fb1f805f3f0", "imemo_type":"ment", "memsize":48, "flags":{"wb_protected":true, "old":true, "uncollectible":true, "marked":true}}
{"address":"0x7fb1f805f198", "type":"STRING", "class":"0x7fb1f80b7578", "frozen":true, "embedded":true, "fstring":true, "bytesize":16, "value":"load_from_binary", "encoding":"US-ASCII", "memsize":40, "flags":{"wb_protected":true, "old":true, "uncollectible":true, "marked":true}}
{"address":"0x7fb1f805f1c0", "type":"STRING", "class":"0x7fb1f80b7578", "frozen":true, "embedded":true, "fstring":true, "bytesize":21, "value":"bundler/cli/update.rb", "encoding":"UTF-8", "memsize":40, "flags":{"wb_protected":true, "old":true, "uncollectible":true, "marked":true}}
{"address":"0x7fb1f805f1e8", "type":"IMEMO", "class":"0x7fb1f805f418", "imemo_type":"ment", "memsize":48, "flags":{"wb_protected":true, "old":true, "uncollectible":true, "marked":true}}
{"address":"0x7fb1f805f210", "type":"STRING", "class":"0x7fb1f80b7578", "frozen":true, "embedded":true, "fstring":true, "bytesize":9, "value":"to_binary", "encoding":"US-ASCII", "memsize":40, "flags":{"wb_protected":true, "old":true, "uncollectible":true, "marked":true}}
{"address":"0x7fb1f805f238", "type":"STRING", "class":"0x7fb1f80b7578", "frozen":true, "embedded":true, "fstring":true, "bytesize":19, "value":"bundler/cli/show.rb", "encoding":"UTF-8", "memsize":40, "flags":{"wb_protected":true, "old":true, "uncollectible":true, "marked":true}}
{"address":"0x7fb1f805f260", "type":"IMEMO", "class":"0x7fb1f805f418", "imemo_type":"ment", "memsize":48, "flags":{"wb_protected":true, "old":true, "uncollectible":true, "marked":true}}
{"address":"0x7fb1f805f288", "type":"IMEMO", "class":"0x7fb1f805f418", "imemo_type":"ment", "memsize":48, "flags":{"wb_protected":true, "old":true, "uncollectible":true, "marked":true}}
{"address":"0x7fb1f805f2b0", "type":"IMEMO", "class":"0x7fb1f805f418", "imemo_type":"ment", "memsize":48, "flags":{"wb_protected":true, "old":true, "uncollectible":true, "marked":true}}
{"address":"0x7fb1f805f2d8", "type":"STRING", "class":"0x7fb1f80b7578", "frozen":true, "embedded":true, "fstring":true, "bytesize":11, "value":"disassemble", "encoding":"US-ASCII", "memsize":40, "flags":{"wb_protected":true, "old":true, "uncollectible":true, "marked":true}}
{"address":"0x7fb1f805f300", "type":"STRING", "class":"0x7fb1f80b7578", "frozen":true, "embedded":true, "fstring":true, "bytesize":21, "value":"bundler/cli/remove.rb", "encoding":"UTF-8", "memsize":40, "flags":{"wb_protected":true, "old":true, "uncollectible":true, "marked":true}}
{"address":"0x7fb1f805f328", "type":"IMEMO", "class":"0x7fb1f805f418", "imemo_type":"ment", "memsize":48, "flags":{"wb_protected":true, "old":true, "uncollectible":true, "marked":true}}
{"address":"0x7fb1f805f350", "type":"STRING", "class":"0x7fb1f80b7578", "frozen":true, "embedded":true, "fstring":true, "bytesize":6, "value":"disasm", "encoding":"US-ASCII", "memsize":40, "flags":{"wb_protected":true, "old":true, "uncollectible":true, "marked":true}}
{"address":"0x7fb1f805f378", "type":"STRING", "class":"0x7fb1f80b7578", "frozen":true, "embedded":true, "fstring":true, "bytesize":18, "value":"timeout/version.rb", "encoding":"UTF-8", "memsize":40, "flags":{"wb_protected":true, "old":true, "uncollectible":true, "marked":true}}
{"address":"0x7fb1f805f3a0", "type":"IMEMO", "class":"0x7fb1f805f418", "imemo_type":"ment", "memsize":48, "flags":{"wb_protected":true, "old":true, "uncollectible":true, "marked":true}}
{"address":"0x7fb1f805f3c8", "type":"STRING", "class":"0x7fb1f80b7578", "frozen":true, "bytesize":27, "capacity":47, "value":"RubyVM::InstructionSequence", "encoding":"US-ASCII", "memsize":88, "flags":{"wb_protected":true, "old":true, "uncollectible":true, "marked":true}}
{"address":"0x7fb1f805f3f0", "type":"CLASS", "class":"0x7fb1f80bf700", "name":"Class", "references":["0x7fb1f80bf6b0", "0x7fb1f805ec98", "0x7fb1f805eef0", "0x7fb1f805ed60", "0x7fb1f805ed38", "0x7fb1f805f170", "0x7fb1f805f0f8", "0x7fb1f805ef18", "0x7fb1f805ee78", "0x7fb1f805ee00", "0x7fb1f805ed88", "0x7fb1f805ecc0", "0x7fb1f805ec20", "0x7fb1f805f418"], "memsize":976, "flags":{"wb_protected":true, "old":true, "uncollectible":true, "marked":true}}
{"address":"0x7fb1f805f418", "type":"CLASS", "class":"0x7fb1f805f3f0", "name":"RubyVM::InstructionSequence", "references":["0x7fb1f80c5240", "0x7fb1f805f080", "0x7fb1f805f058", "0x7fb1f805f328", "0x7fb1f805f2b0", "0x7fb1f805f3a0", "0x7fb1f805f288", "0x7fb1f805f0a8", "0x7fb1f805efe0", "0x7fb1f805ef68", "0x7fb1f805f0d0", "0x7fb1f805ef40", "0x7fb1f805f1e8", "0x7fb1f805f260", "0x7fb1f805f3c8"], "memsize":976, "flags":{"wb_protected":true, "old":true, "uncollectible":true, "marked":true}}
{"address":"0x7fb1f805f440", "type":"STRING", "class":"0x7fb1f80b7578", "frozen":true, "embedded":true, "fstring":true, "bytesize":19, "value":"InstructionSequence", "encoding":"US-ASCII", "memsize":40, "flags":{"wb_protected":true, "old":true, "uncollectible":true, "marked":true}}
{"address":"0x7fb1f805f468", "type":"STRING", "class":"0x7fb1f80b7578", "frozen":true, "embedded":true, "fstring":true, "bytesize":10, "value":"timeout.rb", "encoding":"UTF-8", "memsize":40, "flags":{"wb_protected":true, "old":true, "uncollectible":true, "marked":true}}
{"address":"0x7fb1f805f490", "type":"IMEMO", "class":"0x7fb1f80bfbb0", "imemo_type":"ment", "memsize":48, "flags":{"wb_protected":true, "old":true, "uncollectible":true, "marked":true}}
{"address":"0x7fb1f805f4b8", "type":"IMEMO", "imemo_type":"ment", "references":["0x7fb1f80c4ef8"], "memsize":48, "flags":{"wb_protected":true, "old":true, "uncollectible":true, "marked":true}}
{"address":"0x7fb1f805f4e0", "type":"STRING", "class":"0x7fb1f80b7578", "frozen":true, "embedded":true, "fstring":true, "bytesize":16, "value":"caller_locations", "encoding":"US-ASCII", "memsize":40, "flags":{"wb_protected":true, "old":true, "uncollectible":true, "marked":true}}
{"address":"0x7fb1f805f508", "type":"STRING", "class":"0x7fb1f80b7578", "frozen":true, "fstring":true, "bytesize":59, "value":"Auto-terminate potentially long-running operations in Ruby.", "encoding":"UTF-8", "memsize":100, "flags":{"wb_protected":true, "old":true, "uncollectible":true, "marked":true}}
{"address":"0x7fb1f805f530", "type":"IMEMO", "class":"0x7fb1f80bfbb0", "imemo_type":"ment", "memsize":48, "flags":{"wb_protected":true, "old":true, "uncollectible":true, "marked":true}}
{"address":"0x7fb1f805f558", "type":"IMEMO", "imemo_type":"ment", "references":["0x7fb1f80c4ef8"], "memsize":48, "flags":{"wb_protected":true, "old":true, "uncollectible":true, "marked":true}}
{"address":"0x7fb1f805f580", "type":"STRING", "class":"0x7fb1f80b7578", "frozen":true, "embedded":true, "fstring":true, "bytesize":6, "value":"caller", "encoding":"US-ASCII", "memsize":40, "flags":{"wb_protected":true, "old":true, "uncollectible":true, "marked":true}}
{"address":"0x7fb1f805f5a8", "type":"STRING", "class":"0x7fb1f80b7578", "frozen":true, "fstring":true, "bytesize":31, "value":"https://github.com/ruby/timeout", "encoding":"UTF-8", "memsize":72, "flags":{"wb_protected":true, "old":true, "uncollectible":true, "marked":true}}
{"address":"0x7fb1f805f5d0", "type":"IMEMO", "class":"0x7fb1f805f800", "imemo_type":"ment", "memsize":48, "flags":{"wb_protected":true, "old":true, "uncollectible":true, "marked":true}}
{"address":"0x7fb1f805f5f8", "type":"IMEMO", "class":"0x7fb1f805f800", "imemo_type":"ment", "memsize":48, "flags":{"wb_protected":true, "old":true, "uncollectible":true, "marked":true}}
{"address":"0x7fb1f805f620", "type":"IMEMO", "class":"0x7fb1f805f800", "imemo_type":"ment", "memsize":48, "flags":{"wb_protected":true, "old":true, "uncollectible":true, "marked":true}}
{"address":"0x7fb1f805f648", "type":"IMEMO", "class":"0x7fb1f805f800", "imemo_type":"ment", "memsize":48, "flags":{"wb_protected":true, "old":true, "uncollectible":true, "marked":true}}
{"address":"0x7fb1f805f670", "type":"IMEMO", "class":"0x7fb1f805f800", "imemo_type":"ment", "memsize":48, "flags":{"wb_protected":true, "old":true, "uncollectible":true, "marked":true}}
{"address":"0x7fb1f805f698", "type":"STRING", "class":"0x7fb1f80b7578", "frozen":true, "embedded":true, "fstring":true, "bytesize":10, "value":"base_label", "encoding":"US-ASCII", "memsize":40, "flags":{"wb_protected":true, "old":true, "uncollectible":true, "marked":true}}
{"address":"0x7fb1f805f6c0", "type":"STRING", "class":"0x7fb1f80b7578", "frozen":true, "embedded":true, "fstring":true, "bytesize":7, "value":"timeout", "encoding":"UTF-8", "memsize":40, "flags":{"wb_protected":true, "old":true, "uncollectible":true, "marked":true}}
{"address":"0x7fb1f805f6e8", "type":"IMEMO", "class":"0x7fb1f805f800", "imemo_type":"ment", "memsize":48, "flags":{"wb_protected":true, "old":true, "uncollectible":true, "marked":true}}
{"address":"0x7fb1f805f710", "type":"STRING", "class":"0x7fb1f80b7578", "frozen":true, "embedded":true, "fstring":true, "bytesize":5, "value":"label", "encoding":"US-ASCII", "memsize":40, "flags":{"wb_protected":true, "old":true, "uncollectible":true, "marked":true}}
{"address":"0x7fb1f805f738", "type":"STRING", "class":"0x7fb1f80b7578", "frozen":true, "embedded":true, "fstring":true, "bytesize":23, "value":"bundler/cli/pristine.rb", "encoding":"UTF-8", "memsize":40, "flags":{"wb_protected":true, "old":true, "uncollectible":true, "marked":true}}
{"address":"0x7fb1f805f760", "type":"IMEMO", "class":"0x7fb1f805f800", "imemo_type":"ment", "memsize":48, "flags":{"wb_protected":true, "old":true, "uncollectible":true, "marked":true}}
{"address":"0x7fb1f805f788", "type":"IMEMO", "class":"0x7fb1f805f7d8", "imemo_type":"ment", "memsize":48, "flags":{"wb_protected":true, "old":true, "uncollectible":true, "marked":true}}
{"address":"0x7fb1f805f7b0", "type":"STRING", "class":"0x7fb1f80b7578", "frozen":true, "bytesize":27, "capacity":47, "value":"Thread::Backtrace::Location", "encoding":"US-ASCII", "memsize":88, "flags":{"wb_protected":true, "old":true, "uncollectible":true, "marked":true}}
{"address":"0x7fb1f805f7d8", "type":"CLASS", "class":"0x7fb1f80bf700", "name":"Class", "references":["0x7fb1f80bf6b0", "0x7fb1f805f788", "0x7fb1f805f800"], "memsize":528, "flags":{"wb_protected":true, "old":true, "uncollectible":true, "marked":true}}
{"address":"0x7fb1f805f800", "type":"CLASS", "class":"0x7fb1f805f7d8", "name":"Thread::Backtrace::Location", "references":["0x7fb1f80c5240", "0x7fb1f805f760", "0x7fb1f805f648", "0x7fb1f805f6e8", "0x7fb1f805f670", "0x7fb1f805f620", "0x7fb1f805f5d0", "0x7fb1f805f5f8", "0x7fb1f805f7b0"], "memsize":720, "flags":{"wb_protected":true, "old":true, "uncollectible":true, "marked":true}}
{"address":"0x7fb1f805f828", "type":"STRING", "class":"0x7fb1f80b7578", "frozen":true, "embedded":true, "fstring":true, "bytesize":8, "value":"Location", "encoding":"US-ASCII", "memsize":40, "flags":{"wb_protected":true, "old":true, "uncollectible":true, "marked":true}}
{"address":"0x7fb1f805f850", "type":"STRING", "class":"0x7fb1f80b7578", "frozen":true, "embedded":true, "fstring":true, "bytesize":21, "value":"bundler/cli/plugin.rb", "encoding":"UTF-8", "memsize":40, "flags":{"wb_protected":true, "old":true, "uncollectible":true, "marked":true}}
{"address":"0x7fb1f805f878", "type":"IMEMO", "class":"0x7fb1f805f8c8", "imemo_type":"ment", "memsize":48, "flags":{"wb_protected":true, "old":true, "uncollectible":true, "marked":true}}
{"address":"0x7fb1f805f8a0", "type":"STRING", "class":"0x7fb1f80b7578", "frozen":true, "embedded":true, "bytesize":17, "value":"Thread::Backtrace", "encoding":"US-ASCII", "memsize":40, "flags":{"wb_protected":true, "old":true, "uncollectible":true, "marked":true}}
{"address":"0x7fb1f805f8c8", "type":"CLASS", "class":"0x7fb1f80bf700", "name":"Class", "references":["0x7fb1f80bf6b0", "0x7fb1f805f878", "0x7fb1f805f8f0"], "memsize":528, "flags":{"wb_protected":true, "old":true, "uncollectible":true, "marked":true}}
{"address":"0x7fb1f805f8f0", "type":"CLASS", "class":"0x7fb1f805f8c8", "name":"Thread::Backtrace", "references":["0x7fb1f80c5240", "0x7fb1f805f8a0", "0x7fb1f805f800", "0x7fb1f805fb98"], "memsize":552, "flags":{"wb_protected":true, "old":true, "uncollectible":true, "marked":true}}
{"address":"0x7fb1f805f918", "type":"STRING", "class":"0x7fb1f80b7578", "frozen":true, "embedded":true, "fstring":true, "bytesize":9, "value":"Backtrace", "encoding":"US-ASCII", "memsize":40, "flags":{"wb_protected":true, "old":true, "uncollectible":true, "marked":true}}
{"address":"0x7fb1f805f940", "type":"STRING", "class":"0x7fb1f80b7578", "frozen":true, "embedded":true, "fstring":true, "bytesize":23, "value":"bundler/cli/platform.rb", "encoding":"UTF-8", "memsize":40, "flags":{"wb_protected":true, "old":true, "uncollectible":true, "marked":true}}
{"address":"0x7fb1f805f968", "type":"IMEMO", "class":"0x7fb1f805f990", "imemo_type":"ment", "memsize":48, "flags":{"wb_protected":true, "old":true, "uncollectible":true, "marked":true}}
{"address":"0x7fb1f805f990", "type":"CLASS", "class":"0x7fb1f80bf6b0", "frozen":true, "name":"Object", "references":["0x7fb1f80c5240", "0x7fb1f805f968", "0x7fb1f805f9b8"], "memsize":528, "flags":{"wb_protected":true, "old":true, "uncollectible":true, "marked":true}}
{"address":"0x7fb1f805f9b8", "type":"OBJECT", "class":"0x7fb1f805f990", "frozen":true, "ivars":0, "memsize":40, "flags":{"wb_protected":true, "old":true, "uncollectible":true, "marked":true}}
{"address":"0x7fb1f805f9e0", "type":"STRING", "class":"0x7fb1f80b7578", "frozen":true, "embedded":true, "fstring":true, "bytesize":16, "value":"TOPLEVEL_BINDING", "encoding":"US-ASCII", "memsize":40, "flags":{"wb_protected":true, "old":true, "uncollectible":true, "marked":true}}
{"address":"0x7fb1f805fa08", "type":"STRING", "class":"0x7fb1f80b7578", "frozen":true, "embedded":true, "fstring":true, "bytesize":22, "value":"bundler/cli/package.rb", "encoding":"UTF-8", "memsize":40, "flags":{"wb_protected":true, "old":true, "uncollectible":true, "marked":true}}
{"address":"0x7fb1f805fa30", "type":"DATA", "class":"0x7fb1f806dbf8", "struct":"binding", "references":["0x7fb1f80bdd38", "0x7fb1f805fb70", "0x7fb1f805fa58", "0x7fb1f805fb48"], "memsize":88, "flags":{"wb_protected":true, "old":true, "uncollectible":true, "marked":true}}
{"address":"0x7fb1f805fa58", "type":"IMEMO", "class":"0x7fb1f805fb70", "imemo_type":"env", "references":["0x7fb1f805fa80", "0x7fb1f805fa58"], "memsize":72, "flags":{"wb_protected":true, "old":true, "uncollectible":true, "marked":true}}
{"address":"0x7fb1f805fa80", "type":"IMEMO", "class":"0x8", "imemo_type":"cref", "references":["0x7fb1f80c5240"], "memsize":40, "flags":{"wb_protected":true, "old":true, "uncollectible":true, "marked":true}}
{"address":"0x7fb1f805faa8", "type":"DATA", "class":"0x7fb1f8065e58", "struct":"VM/thread", "references":["0x7fb1f805fa80", "0x7fb1f805fa58", "0x7fb1f80bdd38", "0x7fb1f81297b8", "0x7fb1f8102cd0", "0x7fb1f804c048", "0x7fb1f8129768", "0x7fb1f8103b30", "0x7fb1f804c048", "0x7fb1f80bdd38", "0x7fb1f81202a8", "0x7fb1f80bdd38", "0x7fb1f8120438", "0x7fb1f8120028", "0x7fb1f805fa58", "0x7fb1f80bdd38", "0x7fb1f805fb70", "0x7fb1f81124a0", "0x7fb1f805d7a8", "0x7fb1f805d640", "0x7fb1f805d618", "0x7fb1f80bdd38", "0x7fb1f805fa80", "0x7fb1f805fa58", "0x7fb1f80bdd38", "0x7fb1f81297b8", "0x7fb1f8102cd0", "0x7fb1f804c048", "0x7fb1f8129768", "0x7fb1f8103b30", "0x7fb1f804c048", "0x7fb1f80bdd38", "0x7fb1f81202a8", "0x7fb1f80bdd38", "0x7fb1f8120438", "0x7fb1f8120028", "0x7fb1f805fa58", "0x7fb1f80bdd38", "0x7fb1f805fb70", "0x7fb1f81124a0"], "memsize":1049168}
{"address":"0x7fb1f805fad0", "type":"DATA", "class":"0x7fb1f8066358", "struct":"VM", "memsize":1696}
{"address":"0x7fb1f805faf8", "type":"STRING", "class":"0x7fb1f80b7578", "frozen":true, "embedded":true, "fstring":true, "bytesize":9, "value":"translate", "encoding":"US-ASCII", "memsize":40, "flags":{"wb_protected":true, "old":true, "uncollectible":true, "marked":true}}
{"address":"0x7fb1f805fb20", "type":"STRING", "class":"0x7fb1f80b7578", "frozen":true, "embedded":true, "fstring":true, "bytesize":23, "value":"bundler/cli/outdated.rb", "encoding":"UTF-8", "memsize":40, "flags":{"wb_protected":true, "old":true, "uncollectible":true, "marked":true}}
{"address":"0x7fb1f805fb48", "type":"ARRAY", "class":"0x7fb1f8097228", "frozen":true, "length":2, "embedded":true, "references":["0x7fb1f805fb98"], "memsize":40, "flags":{"wb_protected":true, "old":true, "uncollectible":true, "marked":true}}
{"address":"0x7fb1f805fb70", "type":"IMEMO", "imemo_type":"iseq", "references":["0x7fb1f805fb98", "0x7fb1f805fb98", "0x7fb1f8120500"], "memsize":364, "flags":{"wb_protected":true, "old":true, "uncollectible":true, "marked":true}}
{"address":"0x7fb1f805fb98", "type":"STRING", "class":"0x7fb1f80b7578", "frozen":true, "fstring":true, "bytesize":6, "value":"<main>", "encoding":"US-ASCII", "memsize":40, "flags":{"wb_protected":true, "old":true, "uncollectible":true, "marked":true}}
{"address":"0x7fb1f805fbc0", "type":"STRING", "class":"0x7fb1f80b7578", "frozen":true, "embedded":true, "fstring":true, "bytesize":14, "value":"DEFAULT_PARAMS", "encoding":"US-ASCII", "memsize":40, "flags":{"wb_protected":true, "old":true, "uncollectible":true, "marked":true}}
{"address":"0x7fb1f805fbe8", "type":"STRING", "class":"0x7fb1f80b7578", "frozen":true, "embedded":true, "fstring":true, "bytesize":19, "value":"bundler/cli/open.rb", "encoding":"UTF-8", "memsize":40, "flags":{"wb_protected":true, "old":true, "uncollectible":true, "marked":true}}
{"address":"0x7fb1f805fc10", "type":"STRING", "class":"0x7fb1f80b7578", "frozen":true, "fstring":true, "bytesize":24, "value":"fiber_machine_stack_size", "encoding":"US-ASCII", "memsize":65, "flags":{"wb_protected":true, "old":true, "uncollectible":true, "marked":true}}
{"address":"0x7fb1f805fc38", "type":"STRING", "class":"0x7fb1f80b7578", "frozen":true, "embedded":true, "fstring":true, "bytesize":19, "value":"bundler/cli/lock.rb", "encoding":"UTF-8", "memsize":40, "flags":{"wb_protected":true, "old":true, "uncollectible":true, "marked":true}}
{"address":"0x7fb1f805fc60", "type":"STRING", "class":"0x7fb1f80b7578", "frozen":true, "embedded":true, "fstring":true, "bytesize":19, "value":"fiber_vm_stack_size", "encoding":"US-ASCII", "memsize":40, "flags":{"wb_protected":true, "old":true, "uncollectible":true, "marked":true}}
{"address":"0x7fb1f805fc88", "type":"STRING", "class":"0x7fb1f80b7578", "frozen":true, "embedded":true, "fstring":true, "bytesize":9, "value":"lib_files", "encoding":"US-ASCII", "memsize":40, "flags":{"wb_protected":true, "old":true, "uncollectible":true, "marked":true}}
{"address":"0x7fb1f805fcb0", "type":"STRING", "class":"0x7fb1f80b7578", "frozen":true, "fstring":true, "bytesize":25, "value":"thread_machine_stack_size", "encoding":"US-ASCII", "memsize":66, "flags":{"wb_protected":true, "old":true, "uncollectible":true, "marked":true}}
{"address":"0x7fb1f805fcd8", "type":"STRING", "class":"0x7fb1f80b7578", "frozen":true, "embedded":true, "fstring":true, "bytesize":19, "value":"bundler/cli/list.rb", "encoding":"UTF-8", "memsize":40, "flags":{"wb_protected":true, "old":true, "uncollectible":true, "marked":true}}
{"address":"0x7fb1f805fd00", "type":"STRING", "class":"0x7fb1f80b7578", "frozen":true, "embedded":true, "fstring":true, "bytesize":20, "value":"thread_vm_stack_size", "encoding":"US-ASCII", "memsize":40, "flags":{"wb_protected":true, "old":true, "uncollectible":true, "marked":true}}
{"address":"0x7fb1f805fd28", "type":"STRING", "class":"0x7fb1f80b7578", "frozen":true, "embedded":true, "fstring":true, "bytesize":20, "value":"bundler/cli/issue.rb", "encoding":"UTF-8", "memsize":40, "flags":{"wb_protected":true, "old":true, "uncollectible":true, "marked":true}}
{"address":"0x7fb1f805fd50", "type":"HASH", "class":"0x7fb1f8095130", "frozen":true, "size":4, "memsize":168, "flags":{"wb_protected":true, "old":true, "uncollectible":true, "marked":true}}
{"address":"0x7fb1f805fd78", "type":"STRING", "class":"0x7fb1f80b7578", "frozen":true, "embedded":true, "fstring":true, "bytesize":17, "value":"INSTRUCTION_NAMES", "encoding":"US-ASCII", "memsize":40, "flags":{"wb_protected":true, "old":true, "uncollectible":true, "marked":true}}
{"address":"0x7fb1f805fda0", "type":"STRING", "class":"0x7fb1f80b7578", "frozen":true, "embedded":true, "fstring":true, "bytesize":22, "value":"bundler/cli/install.rb", "encoding":"UTF-8", "memsize":40, "flags":{"wb_protected":true, "old":true, "uncollectible":true, "marked":true}}
{"address":"0x7fb1f805fdc8", "type":"STRING", "class":"0x7fb1f80b7578", "frozen":true, "fstring":true, "bytesize":26, "value":"trace_putobject_INT2FIX_1_", "encoding":"US-ASCII", "memsize":40, "flags":{"wb_protected":true, "old":true, "uncollectible":true, "marked":true}}
{"address":"0x7fb1f805fdf0", "type":"STRING", "class":"0x7fb1f80b7578", "frozen":true, "fstring":true, "bytesize":26, "value":"trace_putobject_INT2FIX_0_", "encoding":"US-ASCII", "memsize":40, "flags":{"wb_protected":true, "old":true, "uncollectible":true, "marked":true}}
{"address":"0x7fb1f805fe18", "type":"STRING", "class":"0x7fb1f80b7578", "frozen":true, "fstring":true, "bytesize":19, "value":"trace_setlocal_WC_1", "encoding":"US-ASCII", "memsize":40, "flags":{"wb_protected":true, "old":true, "uncollectible":true, "marked":true}}
{"address":"0x7fb1f805fe40", "type":"STRING", "class":"0x7fb1f80b7578", "frozen":true, "fstring":true, "bytesize":19, "value":"trace_setlocal_WC_0", "encoding":"US-ASCII", "memsize":40, "flags":{"wb_protected":true, "old":true, "uncollectible":true, "marked":true}}
{"address":"0x7fb1f805fe68", "type":"STRING", "class":"0x7fb1f80b7578", "frozen":true, "fstring":true, "bytesize":19, "value":"trace_getlocal_WC_1", "encoding":"US-ASCII", "memsize":40, "flags":{"wb_protected":true, "old":true, "uncollectible":true, "marked":true}}
{"address":"0x7fb1f805fe90", "type":"STRING", "class":"0x7fb1f80b7578", "frozen":true, "fstring":true, "bytesize":19, "value":"trace_getlocal_WC_0", "encoding":"US-ASCII", "memsize":40, "flags":{"wb_protected":true, "old":true, "uncollectible":true, "marked":true}}
{"address":"0x7fb1f805feb8", "type":"STRING", "class":"0x7fb1f80b7578", "frozen":true, "fstring":true, "bytesize":38, "value":"trace_opt_invokebuiltin_delegate_leave", "encoding":"US-ASCII", "memsize":40, "flags":{"wb_protected":true, "old":true, "uncollectible":true, "marked":true}}
{"address":"0x7fb1f805fee0", "type":"STRING", "class":"0x7fb1f80b7578", "frozen":true, "fstring":true, "bytesize":32, "value":"trace_opt_invokebuiltin_delegate", "encoding":"US-ASCII", "memsize":40, "flags":{"wb_protected":true, "old":true, "uncollectible":true, "marked":true}}
{"address":"0x7fb1f805ff08", "type":"STRING", "class":"0x7fb1f80b7578", "frozen":true, "fstring":true, "bytesize":19, "value":"trace_invokebuiltin", "encoding":"US-ASCII", "memsize":40, "flags":{"wb_protected":true, "old":true, "uncollectible":true, "marked":true}}
{"address":"0x7fb1f805ff30", "type":"STRING", "class":"0x7fb1f80b7578", "frozen":true, "fstring":true, "bytesize":25, "value":"trace_opt_call_c_function", "encoding":"US-ASCII", "memsize":40, "flags":{"wb_protected":true, "old":true, "uncollectible":true, "marked":true}}
{"address":"0x7fb1f805ff58", "type":"STRING", "class":"0x7fb1f80b7578", "frozen":true, "fstring":true, "bytesize":22, "value":"trace_opt_regexpmatch2", "encoding":"US-ASCII", "memsize":40, "flags":{"wb_protected":true, "old":true, "uncollectible":true, "marked":true}}
{"address":"0x7fb1f805ff80", "type":"STRING", "class":"0x7fb1f80b7578", "frozen":true, "fstring":true, "bytesize":13, "value":"trace_opt_not", "encoding":"US-ASCII", "memsize":40, "flags":{"wb_protected":true, "old":true, "uncollectible":true, "marked":true}}
{"address":"0x7fb1f805ffa8", "type":"STRING", "class":"0x7fb1f80b7578", "frozen":true, "fstring":true, "bytesize":14, "value":"trace_opt_succ", "encoding":"US-ASCII", "memsize":40, "flags":{"wb_protected":true, "old":true, "uncollectible":true, "marked":true}}
{"address":"0x7fb1f8064008", "type":"STRING", "class":"0x7fb1f80b7578", "frozen":true, "fstring":true, "bytesize":17, "value":"trace_opt_empty_p", "encoding":"US-ASCII", "memsize":40, "flags":{"wb_protected":true, "old":true, "uncollectible":true, "marked":true}}
{"address":"0x7fb1f8064030", "type":"STRING", "class":"0x7fb1f80b7578", "frozen":true, "fstring":true, "bytesize":14, "value":"trace_opt_size", "encoding":"US-ASCII", "memsize":40, "flags":{"wb_protected":true, "old":true, "uncollectible":true, "marked":true}}
{"address":"0x7fb1f8064058", "type":"STRING", "class":"0x7fb1f80b7578", "frozen":true, "fstring":true, "bytesize":16, "value":"trace_opt_length", "encoding":"US-ASCII", "memsize":40, "flags":{"wb_protected":true, "old":true, "uncollectible":true, "marked":true}}
{"address":"0x7fb1f8064080", "type":"STRING", "class":"0x7fb1f80b7578", "frozen":true, "fstring":true, "bytesize":19, "value":"trace_opt_aref_with", "encoding":"US-ASCII", "memsize":40, "flags":{"wb_protected":true, "old":true, "uncollectible":true, "marked":true}}
{"address":"0x7fb1f80640a8", "type":"STRING", "class":"0x7fb1f80b7578", "frozen":true, "fstring":true, "bytesize":19, "value":"trace_opt_aset_with", "encoding":"US-ASCII", "memsize":40, "flags":{"wb_protected":true, "old":true, "uncollectible":true, "marked":true}}
{"address":"0x7fb1f80640d0", "type":"STRING", "class":"0x7fb1f80b7578", "frozen":true, "fstring":true, "bytesize":14, "value":"trace_opt_aset", "encoding":"US-ASCII", "memsize":40, "flags":{"wb_protected":true, "old":true, "uncollectible":true, "marked":true}}
{"address":"0x7fb1f80640f8", "type":"STRING", "class":"0x7fb1f80b7578", "frozen":true, "fstring":true, "bytesize":14, "value":"trace_opt_aref", "encoding":"US-ASCII", "memsize":40, "flags":{"wb_protected":true, "old":true, "uncollectible":true, "marked":true}}
{"address":"0x7fb1f8064120", "type":"STRING", "class":"0x7fb1f80b7578", "frozen":true, "fstring":true, "bytesize":12, "value":"trace_opt_or", "encoding":"US-ASCII", "memsize":40, "flags":{"wb_protected":true, "old":true, "uncollectible":true, "marked":true}}
{"address":"0x7fb1f8064148", "type":"STRING", "class":"0x7fb1f80b7578", "frozen":true, "fstring":true, "bytesize":13, "value":"trace_opt_and", "encoding":"US-ASCII", "memsize":40, "flags":{"wb_protected":true, "old":true, "uncollectible":true, "marked":true}}
{"address":"0x7fb1f8064170", "type":"STRING", "class":"0x7fb1f80b7578", "frozen":true, "fstring":true, "bytesize":14, "value":"trace_opt_ltlt", "encoding":"US-ASCII", "memsize":40, "flags":{"wb_protected":true, "old":true, "uncollectible":true, "marked":true}}
{"address":"0x7fb1f8064198", "type":"STRING", "class":"0x7fb1f80b7578", "frozen":true, "fstring":true, "bytesize":12, "value":"trace_opt_ge", "encoding":"US-ASCII", "memsize":40, "flags":{"wb_protected":true, "old":true, "uncollectible":true, "marked":true}}
{"address":"0x7fb1f80641c0", "type":"STRING", "class":"0x7fb1f80b7578", "frozen":true, "fstring":true, "bytesize":12, "value":"trace_opt_gt", "encoding":"US-ASCII", "memsize":40, "flags":{"wb_protected":true, "old":true, "uncollectible":true, "marked":true}}
{"address":"0x7fb1f80641e8", "type":"STRING", "class":"0x7fb1f80b7578", "frozen":true, "fstring":true, "bytesize":12, "value":"trace_opt_le", "encoding":"US-ASCII", "memsize":40, "flags":{"wb_protected":true, "old":true, "uncollectible":true, "marked":true}}
{"address":"0x7fb1f8064210", "type":"STRING", "class":"0x7fb1f80b7578", "frozen":true, "fstring":true, "bytesize":12, "value":"trace_opt_lt", "encoding":"US-ASCII", "memsize":40, "flags":{"wb_protected":true, "old":true, "uncollectible":true, "marked":true}}
{"address":"0x7fb1f8064238", "type":"STRING", "class":"0x7fb1f80b7578", "frozen":true, "fstring":true, "bytesize":13, "value":"trace_opt_neq", "encoding":"US-ASCII", "memsize":40, "flags":{"wb_protected":true, "old":true, "uncollectible":true, "marked":true}}
{"address":"0x7fb1f8064260", "type":"STRING", "class":"0x7fb1f80b7578", "frozen":true, "fstring":true, "bytesize":12, "value":"trace_opt_eq", "encoding":"US-ASCII", "memsize":40, "flags":{"wb_protected":true, "old":true, "uncollectible":true, "marked":true}}
{"address":"0x7fb1f8064288", "type":"STRING", "class":"0x7fb1f80b7578", "frozen":true, "fstring":true, "bytesize":13, "value":"trace_opt_mod", "encoding":"US-ASCII", "memsize":40, "flags":{"wb_protected":true, "old":true, "uncollectible":true, "marked":true}}
{"address":"0x7fb1f80642b0", "type":"STRING", "class":"0x7fb1f80b7578", "frozen":true, "fstring":true, "bytesize":13, "value":"trace_opt_div", "encoding":"US-ASCII", "memsize":40, "flags":{"wb_protected":true, "old":true, "uncollectible":true, "marked":true}}
{"address":"0x7fb1f80642d8", "type":"STRING", "class":"0x7fb1f80b7578", "frozen":true, "fstring":true, "bytesize":14, "value":"trace_opt_mult", "encoding":"US-ASCII", "memsize":40, "flags":{"wb_protected":true, "old":true, "uncollectible":true, "marked":true}}
{"address":"0x7fb1f8064300", "type":"STRING", "class":"0x7fb1f80b7578", "frozen":true, "fstring":true, "bytesize":15, "value":"trace_opt_minus", "encoding":"US-ASCII", "memsize":40, "flags":{"wb_protected":true, "old":true, "uncollectible":true, "marked":true}}
{"address":"0x7fb1f8064328", "type":"STRING", "class":"0x7fb1f80b7578", "frozen":true, "fstring":true, "bytesize":14, "value":"trace_opt_plus", "encoding":"US-ASCII", "memsize":40, "flags":{"wb_protected":true, "old":true, "uncollectible":true, "marked":true}}
{"address":"0x7fb1f8064350", "type":"STRING", "class":"0x7fb1f80b7578", "frozen":true, "fstring":true, "bytesize":23, "value":"trace_opt_case_dispatch", "encoding":"US-ASCII", "memsize":40, "flags":{"wb_protected":true, "old":true, "uncollectible":true, "marked":true}}
{"address":"0x7fb1f8064378", "type":"STRING", "class":"0x7fb1f80b7578", "frozen":true, "fstring":true, "bytesize":10, "value":"trace_once", "encoding":"US-ASCII", "memsize":40, "flags":{"wb_protected":true, "old":true, "uncollectible":true, "marked":true}}
{"address":"0x7fb1f80643a0", "type":"STRING", "class":"0x7fb1f80b7578", "frozen":true, "fstring":true, "bytesize":24, "value":"trace_opt_setinlinecache", "encoding":"US-ASCII", "memsize":40, "flags":{"wb_protected":true, "old":true, "uncollectible":true, "marked":true}}
{"address":"0x7fb1f80643c8", "type":"STRING", "class":"0x7fb1f80b7578", "frozen":true, "fstring":true, "bytesize":24, "value":"trace_opt_getinlinecache", "encoding":"US-ASCII", "memsize":40, "flags":{"wb_protected":true, "old":true, "uncollectible":true, "marked":true}}
{"address":"0x7fb1f80643f0", "type":"STRING", "class":"0x7fb1f80b7578", "frozen":true, "fstring":true, "bytesize":15, "value":"trace_branchnil", "encoding":"US-ASCII", "memsize":40, "flags":{"wb_protected":true, "old":true, "uncollectible":true, "marked":true}}
{"address":"0x7fb1f8064418", "type":"STRING", "class":"0x7fb1f80b7578", "frozen":true, "fstring":true, "bytesize":18, "value":"trace_branchunless", "encoding":"US-ASCII", "memsize":40, "flags":{"wb_protected":true, "old":true, "uncollectible":true, "marked":true}}
{"address":"0x7fb1f8064440", "type":"STRING", "class":"0x7fb1f80b7578", "frozen":true, "fstring":true, "bytesize":14, "value":"trace_branchif", "encoding":"US-ASCII", "memsize":40, "flags":{"wb_protected":true, "old":true, "uncollectible":true, "marked":true}}
{"address":"0x7fb1f8064468", "type":"STRING", "class":"0x7fb1f80b7578", "frozen":true, "fstring":true, "bytesize":10, "value":"trace_jump", "encoding":"US-ASCII", "memsize":40, "flags":{"wb_protected":true, "old":true, "uncollectible":true, "marked":true}}
{"address":"0x7fb1f8064490", "type":"STRING", "class":"0x7fb1f80b7578", "frozen":true, "fstring":true, "bytesize":11, "value":"trace_throw", "encoding":"US-ASCII", "memsize":40, "flags":{"wb_protected":true, "old":true, "uncollectible":true, "marked":true}}
{"address":"0x7fb1f80644b8", "type":"STRING", "class":"0x7fb1f80b7578", "frozen":true, "fstring":true, "bytesize":11, "value":"trace_leave", "encoding":"US-ASCII", "memsize":40, "flags":{"wb_protected":true, "old":true, "uncollectible":true, "marked":true}}
{"address":"0x7fb1f80644e0", "type":"STRING", "class":"0x7fb1f80b7578", "frozen":true, "fstring":true, "bytesize":17, "value":"trace_invokeblock", "encoding":"US-ASCII", "memsize":40, "flags":{"wb_protected":true, "old":true, "uncollectible":true, "marked":true}}
{"address":"0x7fb1f8064508", "type":"STRING", "class":"0x7fb1f80b7578", "frozen":true, "fstring":true, "bytesize":17, "value":"trace_invokesuper", "encoding":"US-ASCII", "memsize":40, "flags":{"wb_protected":true, "old":true, "uncollectible":true, "marked":true}}
{"address":"0x7fb1f8064530", "type":"STRING", "class":"0x7fb1f80b7578", "frozen":true, "fstring":true, "bytesize":22, "value":"trace_opt_newarray_min", "encoding":"US-ASCII", "memsize":40, "flags":{"wb_protected":true, "old":true, "uncollectible":true, "marked":true}}
{"address":"0x7fb1f8064558", "type":"STRING", "class":"0x7fb1f80b7578", "frozen":true, "fstring":true, "bytesize":22, "value":"trace_opt_newarray_max", "encoding":"US-ASCII", "memsize":40, "flags":{"wb_protected":true, "old":true, "uncollectible":true, "marked":true}}
{"address":"0x7fb1f8064580", "type":"STRING", "class":"0x7fb1f80b7578", "frozen":true, "fstring":true, "bytesize":20, "value":"trace_opt_str_uminus", "encoding":"US-ASCII", "memsize":40, "flags":{"wb_protected":true, "old":true, "uncollectible":true, "marked":true}}
{"address":"0x7fb1f80645a8", "type":"STRING", "class":"0x7fb1f80b7578", "frozen":true, "fstring":true, "bytesize":15, "value":"trace_opt_nil_p", "encoding":"US-ASCII", "memsize":40, "flags":{"wb_protected":true, "old":true, "uncollectible":true, "marked":true}}
{"address":"0x7fb1f80645d0", "type":"STRING", "class":"0x7fb1f80b7578", "frozen":true, "fstring":true, "bytesize":20, "value":"trace_opt_str_freeze", "encoding":"US-ASCII", "memsize":40, "flags":{"wb_protected":true, "old":true, "uncollectible":true, "marked":true}}
{"address":"0x7fb1f80645f8", "type":"STRING", "class":"0x7fb1f80b7578", "frozen":true, "fstring":true, "bytesize":28, "value":"trace_opt_send_without_block", "encoding":"US-ASCII", "memsize":40, "flags":{"wb_protected":true, "old":true, "uncollectible":true, "marked":true}}
{"address":"0x7fb1f8064620", "type":"STRING", "class":"0x7fb1f80b7578", "frozen":true, "fstring":true, "bytesize":10, "value":"trace_send", "encoding":"US-ASCII", "memsize":40, "flags":{"wb_protected":true, "old":true, "uncollectible":true, "marked":true}}
{"address":"0x7fb1f8064648", "type":"STRING", "class":"0x7fb1f80b7578", "frozen":true, "fstring":true, "bytesize":19, "value":"trace_definesmethod", "encoding":"US-ASCII", "memsize":40, "flags":{"wb_protected":true, "old":true, "uncollectible":true, "marked":true}}
{"address":"0x7fb1f8064670", "type":"STRING", "class":"0x7fb1f80b7578", "frozen":true, "fstring":true, "bytesize":18, "value":"trace_definemethod", "encoding":"US-ASCII", "memsize":40, "flags":{"wb_protected":true, "old":true, "uncollectible":true, "marked":true}}
{"address":"0x7fb1f8064698", "type":"STRING", "class":"0x7fb1f80b7578", "frozen":true, "fstring":true, "bytesize":17, "value":"trace_defineclass", "encoding":"US-ASCII", "memsize":40, "flags":{"wb_protected":true, "old":true, "uncollectible":true, "marked":true}}
{"address":"0x7fb1f80646c0", "type":"STRING", "class":"0x7fb1f80b7578", "frozen":true, "fstring":true, "bytesize":15, "value":"trace_checktype", "encoding":"US-ASCII", "memsize":40, "flags":{"wb_protected":true, "old":true, "uncollectible":true, "marked":true}}
{"address":"0x7fb1f80646e8", "type":"STRING", "class":"0x7fb1f80b7578", "frozen":true, "fstring":true, "bytesize":18, "value":"trace_checkkeyword", "encoding":"US-ASCII", "memsize":40, "flags":{"wb_protected":true, "old":true, "uncollectible":true, "marked":true}}
{"address":"0x7fb1f8064710", "type":"STRING", "class":"0x7fb1f80b7578", "frozen":true, "fstring":true, "bytesize":16, "value":"trace_checkmatch", "encoding":"US-ASCII", "memsize":40, "flags":{"wb_protected":true, "old":true, "uncollectible":true, "marked":true}}
{"address":"0x7fb1f8064738", "type":"STRING", "class":"0x7fb1f80b7578", "frozen":true, "fstring":true, "bytesize":13, "value":"trace_defined", "encoding":"US-ASCII", "memsize":40, "flags":{"wb_protected":true, "old":true, "uncollectible":true, "marked":true}}
{"address":"0x7fb1f8064760", "type":"STRING", "class":"0x7fb1f80b7578", "frozen":true, "fstring":true, "bytesize":17, "value":"trace_adjuststack", "encoding":"US-ASCII", "memsize":40, "flags":{"wb_protected":true, "old":true, "uncollectible":true, "marked":true}}
{"address":"0x7fb1f8064788", "type":"STRING", "class":"0x7fb1f80b7578", "frozen":true, "fstring":true, "bytesize":10, "value":"trace_setn", "encoding":"US-ASCII", "memsize":40, "flags":{"wb_protected":true, "old":true, "uncollectible":true, "marked":true}}
{"address":"0x7fb1f80647b0", "type":"STRING", "class":"0x7fb1f80b7578", "frozen":true, "fstring":true, "bytesize":10, "value":"trace_topn", "encoding":"US-ASCII", "memsize":40, "flags":{"wb_protected":true, "old":true, "uncollectible":true, "marked":true}}
{"address":"0x7fb1f80647d8", "type":"STRING", "class":"0x7fb1f80b7578", "frozen":true, "fstring":true, "bytesize":13, "value":"trace_reverse", "encoding":"US-ASCII", "memsize":40, "flags":{"wb_protected":true, "old":true, "uncollectible":true, "marked":true}}
{"address":"0x7fb1f8064800", "type":"STRING", "class":"0x7fb1f80b7578", "frozen":true, "fstring":true, "bytesize":10, "value":"trace_swap", "encoding":"US-ASCII", "memsize":40, "flags":{"wb_protected":true, "old":true, "uncollectible":true, "marked":true}}
{"address":"0x7fb1f8064828", "type":"STRING", "class":"0x7fb1f80b7578", "frozen":true, "fstring":true, "bytesize":10, "value":"trace_dupn", "encoding":"US-ASCII", "memsize":40, "flags":{"wb_protected":true, "old":true, "uncollectible":true, "marked":true}}
{"address":"0x7fb1f8064850", "type":"STRING", "class":"0x7fb1f80b7578", "frozen":true, "fstring":true, "bytesize":9, "value":"trace_dup", "encoding":"US-ASCII", "memsize":40, "flags":{"wb_protected":true, "old":true, "uncollectible":true, "marked":true}}
{"address":"0x7fb1f8064878", "type":"STRING", "class":"0x7fb1f80b7578", "frozen":true, "fstring":true, "bytesize":9, "value":"trace_pop", "encoding":"US-ASCII", "memsize":40, "flags":{"wb_protected":true, "old":true, "uncollectible":true, "marked":true}}
{"address":"0x7fb1f80648a0", "type":"STRING", "class":"0x7fb1f80b7578", "frozen":true, "fstring":true, "bytesize":14, "value":"trace_newrange", "encoding":"US-ASCII", "memsize":40, "flags":{"wb_protected":true, "old":true, "uncollectible":true, "marked":true}}
{"address":"0x7fb1f80648c8", "type":"STRING", "class":"0x7fb1f80b7578", "frozen":true, "fstring":true, "bytesize":13, "value":"trace_newhash", "encoding":"US-ASCII", "memsize":40, "flags":{"wb_protected":true, "old":true, "uncollectible":true, "marked":true}}
{"address":"0x7fb1f80648f0", "type":"STRING", "class":"0x7fb1f80b7578", "frozen":true, "fstring":true, "bytesize":16, "value":"trace_splatarray", "encoding":"US-ASCII", "memsize":40, "flags":{"wb_protected":true, "old":true, "uncollectible":true, "marked":true}}
{"address":"0x7fb1f8064918", "type":"STRING", "class":"0x7fb1f80b7578", "frozen":true, "fstring":true, "bytesize":17, "value":"trace_concatarray", "encoding":"US-ASCII", "memsize":40, "flags":{"wb_protected":true, "old":true, "uncollectible":true, "marked":true}}
{"address":"0x7fb1f8064940", "type":"STRING", "class":"0x7fb1f80b7578", "frozen":true, "fstring":true, "bytesize":17, "value":"trace_expandarray", "encoding":"US-ASCII", "memsize":40, "flags":{"wb_protected":true, "old":true, "uncollectible":true, "marked":true}}
{"address":"0x7fb1f8064968", "type":"STRING", "class":"0x7fb1f80b7578", "frozen":true, "fstring":true, "bytesize":13, "value":"trace_duphash", "encoding":"US-ASCII", "memsize":40, "flags":{"wb_protected":true, "old":true, "uncollectible":true, "marked":true}}
{"address":"0x7fb1f8064990", "type":"STRING", "class":"0x7fb1f80b7578", "frozen":true, "fstring":true, "bytesize":14, "value":"trace_duparray", "encoding":"US-ASCII", "memsize":40, "flags":{"wb_protected":true, "old":true, "uncollectible":true, "marked":true}}
{"address":"0x7fb1f80649b8", "type":"STRING", "class":"0x7fb1f80b7578", "frozen":true, "fstring":true, "bytesize":21, "value":"trace_newarraykwsplat", "encoding":"US-ASCII", "memsize":40, "flags":{"wb_protected":true, "old":true, "uncollectible":true, "marked":true}}
{"address":"0x7fb1f80649e0", "type":"STRING", "class":"0x7fb1f80b7578", "frozen":true, "fstring":true, "bytesize":14, "value":"trace_newarray", "encoding":"US-ASCII", "memsize":40, "flags":{"wb_protected":true, "old":true, "uncollectible":true, "marked":true}}
{"address":"0x7fb1f8064a08", "type":"STRING", "class":"0x7fb1f80b7578", "frozen":true, "fstring":true, "bytesize":12, "value":"trace_intern", "encoding":"US-ASCII", "memsize":40, "flags":{"wb_protected":true, "old":true, "uncollectible":true, "marked":true}}
{"address":"0x7fb1f8064a30", "type":"STRING", "class":"0x7fb1f80b7578", "frozen":true, "fstring":true, "bytesize":14, "value":"trace_toregexp", "encoding":"US-ASCII", "memsize":40, "flags":{"wb_protected":true, "old":true, "uncollectible":true, "marked":true}}
{"address":"0x7fb1f8064a58", "type":"STRING", "class":"0x7fb1f80b7578", "frozen":true, "fstring":true, "bytesize":18, "value":"trace_freezestring", "encoding":"US-ASCII", "memsize":40, "flags":{"wb_protected":true, "old":true, "uncollectible":true, "marked":true}}
{"address":"0x7fb1f8064a80", "type":"STRING", "class":"0x7fb1f80b7578", "frozen":true, "fstring":true, "bytesize":14, "value":"trace_tostring", "encoding":"US-ASCII", "memsize":40, "flags":{"wb_protected":true, "old":true, "uncollectible":true, "marked":true}}
{"address":"0x7fb1f8064aa8", "type":"STRING", "class":"0x7fb1f80b7578", "frozen":true, "fstring":true, "bytesize":19, "value":"trace_concatstrings", "encoding":"US-ASCII", "memsize":40, "flags":{"wb_protected":true, "old":true, "uncollectible":true, "marked":true}}
{"address":"0x7fb1f8064ad0", "type":"STRING", "class":"0x7fb1f80b7578", "frozen":true, "fstring":true, "bytesize":15, "value":"trace_putstring", "encoding":"US-ASCII", "memsize":40, "flags":{"wb_protected":true, "old":true, "uncollectible":true, "marked":true}}
{"address":"0x7fb1f8064af8", "type":"STRING", "class":"0x7fb1f80b7578", "frozen":true, "fstring":true, "bytesize":22, "value":"trace_putspecialobject", "encoding":"US-ASCII", "memsize":40, "flags":{"wb_protected":true, "old":true, "uncollectible":true, "marked":true}}
{"address":"0x7fb1f8064b20", "type":"STRING", "class":"0x7fb1f80b7578", "frozen":true, "fstring":true, "bytesize":15, "value":"trace_putobject", "encoding":"US-ASCII", "memsize":40, "flags":{"wb_protected":true, "old":true, "uncollectible":true, "marked":true}}
{"address":"0x7fb1f8064b48", "type":"STRING", "class":"0x7fb1f80b7578", "frozen":true, "fstring":true, "bytesize":13, "value":"trace_putself", "encoding":"US-ASCII", "memsize":40, "flags":{"wb_protected":true, "old":true, "uncollectible":true, "marked":true}}
{"address":"0x7fb1f8064b70", "type":"STRING", "class":"0x7fb1f80b7578", "frozen":true, "fstring":true, "bytesize":12, "value":"trace_putnil", "encoding":"US-ASCII", "memsize":40, "flags":{"wb_protected":true, "old":true, "uncollectible":true, "marked":true}}
{"address":"0x7fb1f8064b98", "type":"STRING", "class":"0x7fb1f80b7578", "frozen":true, "fstring":true, "bytesize":15, "value":"trace_setglobal", "encoding":"US-ASCII", "memsize":40, "flags":{"wb_protected":true, "old":true, "uncollectible":true, "marked":true}}
{"address":"0x7fb1f8064bc0", "type":"STRING", "class":"0x7fb1f80b7578", "frozen":true, "fstring":true, "bytesize":15, "value":"trace_getglobal", "encoding":"US-ASCII", "memsize":40, "flags":{"wb_protected":true, "old":true, "uncollectible":true, "marked":true}}
{"address":"0x7fb1f8064be8", "type":"STRING", "class":"0x7fb1f80b7578", "frozen":true, "fstring":true, "bytesize":17, "value":"trace_setconstant", "encoding":"US-ASCII", "memsize":40, "flags":{"wb_protected":true, "old":true, "uncollectible":true, "marked":true}}
{"address":"0x7fb1f8064c10", "type":"STRING", "class":"0x7fb1f80b7578", "frozen":true, "fstring":true, "bytesize":17, "value":"trace_getconstant", "encoding":"US-ASCII", "memsize":40, "flags":{"wb_protected":true, "old":true, "uncollectible":true, "marked":true}}
{"address":"0x7fb1f8064c38", "type":"STRING", "class":"0x7fb1f80b7578", "frozen":true, "fstring":true, "bytesize":22, "value":"trace_setclassvariable", "encoding":"US-ASCII", "memsize":40, "flags":{"wb_protected":true, "old":true, "uncollectible":true, "marked":true}}
{"address":"0x7fb1f8064c60", "type":"STRING", "class":"0x7fb1f80b7578", "frozen":true, "fstring":true, "bytesize":22, "value":"trace_getclassvariable", "encoding":"US-ASCII", "memsize":40, "flags":{"wb_protected":true, "old":true, "uncollectible":true, "marked":true}}
{"address":"0x7fb1f8064c88", "type":"STRING", "class":"0x7fb1f80b7578", "frozen":true, "fstring":true, "bytesize":25, "value":"trace_setinstancevariable", "encoding":"US-ASCII", "memsize":40, "flags":{"wb_protected":true, "old":true, "uncollectible":true, "marked":true}}
{"address":"0x7fb1f8064cb0", "type":"STRING", "class":"0x7fb1f80b7578", "frozen":true, "fstring":true, "bytesize":25, "value":"trace_getinstancevariable", "encoding":"US-ASCII", "memsize":40, "flags":{"wb_protected":true, "old":true, "uncollectible":true, "marked":true}}
{"address":"0x7fb1f8064cd8", "type":"STRING", "class":"0x7fb1f80b7578", "frozen":true, "fstring":true, "bytesize":16, "value":"trace_setspecial", "encoding":"US-ASCII", "memsize":40, "flags":{"wb_protected":true, "old":true, "uncollectible":true, "marked":true}}
{"address":"0x7fb1f8064d00", "type":"STRING", "class":"0x7fb1f80b7578", "frozen":true, "fstring":true, "bytesize":16, "value":"trace_getspecial", "encoding":"US-ASCII", "memsize":40, "flags":{"wb_protected":true, "old":true, "uncollectible":true, "marked":true}}
{"address":"0x7fb1f8064d28", "type":"STRING", "class":"0x7fb1f80b7578", "frozen":true, "fstring":true, "bytesize":24, "value":"trace_getblockparamproxy", "encoding":"US-ASCII", "memsize":40, "flags":{"wb_protected":true, "old":true, "uncollectible":true, "marked":true}}
{"address":"0x7fb1f8064d50", "type":"STRING", "class":"0x7fb1f80b7578", "frozen":true, "fstring":true, "bytesize":19, "value":"trace_setblockparam", "encoding":"US-ASCII", "memsize":40, "flags":{"wb_protected":true, "old":true, "uncollectible":true, "marked":true}}
{"address":"0x7fb1f8064d78", "type":"STRING", "class":"0x7fb1f80b7578", "frozen":true, "fstring":true, "bytesize":19, "value":"trace_getblockparam", "encoding":"US-ASCII", "memsize":40, "flags":{"wb_protected":true, "old":true, "uncollectible":true, "marked":true}}
{"address":"0x7fb1f8064da0", "type":"STRING", "class":"0x7fb1f80b7578", "frozen":true, "fstring":true, "bytesize":14, "value":"trace_setlocal", "encoding":"US-ASCII", "memsize":40, "flags":{"wb_protected":true, "old":true, "uncollectible":true, "marked":true}}
{"address":"0x7fb1f8064dc8", "type":"STRING", "class":"0x7fb1f80b7578", "frozen":true, "fstring":true, "bytesize":14, "value":"trace_getlocal", "encoding":"US-ASCII", "memsize":40, "flags":{"wb_protected":true, "old":true, "uncollectible":true, "marked":true}}
{"address":"0x7fb1f8064df0", "type":"STRING", "class":"0x7fb1f80b7578", "frozen":true, "fstring":true, "bytesize":9, "value":"trace_nop", "encoding":"US-ASCII", "memsize":40, "flags":{"wb_protected":true, "old":true, "uncollectible":true, "marked":true}}
{"address":"0x7fb1f8064e18", "type":"STRING", "class":"0x7fb1f80b7578", "frozen":true, "fstring":true, "bytesize":20, "value":"putobject_INT2FIX_1_", "encoding":"US-ASCII", "memsize":40, "flags":{"wb_protected":true, "old":true, "uncollectible":true, "marked":true}}
{"address":"0x7fb1f8064e40", "type":"STRING", "class":"0x7fb1f80b7578", "frozen":true, "fstring":true, "bytesize":20, "value":"putobject_INT2FIX_0_", "encoding":"US-ASCII", "memsize":40, "flags":{"wb_protected":true, "old":true, "uncollectible":true, "marked":true}}
{"address":"0x7fb1f8064e68", "type":"STRING", "class":"0x7fb1f80b7578", "frozen":true, "fstring":true, "bytesize":13, "value":"setlocal_WC_1", "encoding":"US-ASCII", "memsize":40, "flags":{"wb_protected":true, "old":true, "uncollectible":true, "marked":true}}
{"address":"0x7fb1f8064e90", "type":"STRING", "class":"0x7fb1f80b7578", "frozen":true, "fstring":true, "bytesize":13, "value":"setlocal_WC_0", "encoding":"US-ASCII", "memsize":40, "flags":{"wb_protected":true, "old":true, "uncollectible":true, "marked":true}}
{"address":"0x7fb1f8064eb8", "type":"STRING", "class":"0x7fb1f80b7578", "frozen":true, "fstring":true, "bytesize":13, "value":"getlocal_WC_1", "encoding":"US-ASCII", "memsize":40, "flags":{"wb_protected":true, "old":true, "uncollectible":true, "marked":true}}
{"address":"0x7fb1f8064ee0", "type":"STRING", "class":"0x7fb1f80b7578", "frozen":true, "fstring":true, "bytesize":13, "value":"getlocal_WC_0", "encoding":"US-ASCII", "memsize":40, "flags":{"wb_protected":true, "old":true, "uncollectible":true, "marked":true}}
{"address":"0x7fb1f8064f08", "type":"STRING", "class":"0x7fb1f80b7578", "frozen":true, "fstring":true, "bytesize":32, "value":"opt_invokebuiltin_delegate_leave", "encoding":"US-ASCII", "memsize":40, "flags":{"wb_protected":true, "old":true, "uncollectible":true, "marked":true}}
{"address":"0x7fb1f8064f30", "type":"STRING", "class":"0x7fb1f80b7578", "frozen":true, "fstring":true, "bytesize":26, "value":"opt_invokebuiltin_delegate", "encoding":"US-ASCII", "memsize":40, "flags":{"wb_protected":true, "old":true, "uncollectible":true, "marked":true}}
{"address":"0x7fb1f8064f58", "type":"STRING", "class":"0x7fb1f80b7578", "frozen":true, "fstring":true, "bytesize":13, "value":"invokebuiltin", "encoding":"US-ASCII", "memsize":40, "flags":{"wb_protected":true, "old":true, "uncollectible":true, "marked":true}}
{"address":"0x7fb1f8064f80", "type":"STRING", "class":"0x7fb1f80b7578", "frozen":true, "fstring":true, "bytesize":19, "value":"opt_call_c_function", "encoding":"US-ASCII", "memsize":40, "flags":{"wb_protected":true, "old":true, "uncollectible":true, "marked":true}}
{"address":"0x7fb1f8064fa8", "type":"STRING", "class":"0x7fb1f80b7578", "frozen":true, "fstring":true, "bytesize":16, "value":"opt_regexpmatch2", "encoding":"US-ASCII", "memsize":40, "flags":{"wb_protected":true, "old":true, "uncollectible":true, "marked":true}}
{"address":"0x7fb1f8064fd0", "type":"STRING", "class":"0x7fb1f80b7578", "frozen":true, "fstring":true, "bytesize":7, "value":"opt_not", "encoding":"US-ASCII", "memsize":40, "flags":{"wb_protected":true, "old":true, "uncollectible":true, "marked":true}}
{"address":"0x7fb1f8064ff8", "type":"STRING", "class":"0x7fb1f80b7578", "frozen":true, "fstring":true, "bytesize":8, "value":"opt_succ", "encoding":"US-ASCII", "memsize":40, "flags":{"wb_protected":true, "old":true, "uncollectible":true, "marked":true}}
{"address":"0x7fb1f8065020", "type":"STRING", "class":"0x7fb1f80b7578", "frozen":true, "fstring":true, "bytesize":11, "value":"opt_empty_p", "encoding":"US-ASCII", "memsize":40, "flags":{"wb_protected":true, "old":true, "uncollectible":true, "marked":true}}
{"address":"0x7fb1f8065048", "type":"STRING", "class":"0x7fb1f80b7578", "frozen":true, "fstring":true, "bytesize":8, "value":"opt_size", "encoding":"US-ASCII", "memsize":40, "flags":{"wb_protected":true, "old":true, "uncollectible":true, "marked":true}}
{"address":"0x7fb1f8065070", "type":"STRING", "class":"0x7fb1f80b7578", "frozen":true, "fstring":true, "bytesize":10, "value":"opt_length", "encoding":"US-ASCII", "memsize":40, "flags":{"wb_protected":true, "old":true, "uncollectible":true, "marked":true}}
{"address":"0x7fb1f8065098", "type":"STRING", "class":"0x7fb1f80b7578", "frozen":true, "fstring":true, "bytesize":13, "value":"opt_aref_with", "encoding":"US-ASCII", "memsize":40, "flags":{"wb_protected":true, "old":true, "uncollectible":true, "marked":true}}
{"address":"0x7fb1f80650c0", "type":"STRING", "class":"0x7fb1f80b7578", "frozen":true, "fstring":true, "bytesize":13, "value":"opt_aset_with", "encoding":"US-ASCII", "memsize":40, "flags":{"wb_protected":true, "old":true, "uncollectible":true, "marked":true}}
{"address":"0x7fb1f80650e8", "type":"STRING", "class":"0x7fb1f80b7578", "frozen":true, "fstring":true, "bytesize":8, "value":"opt_aset", "encoding":"US-ASCII", "memsize":40, "flags":{"wb_protected":true, "old":true, "uncollectible":true, "marked":true}}
{"address":"0x7fb1f8065110", "type":"STRING", "class":"0x7fb1f80b7578", "frozen":true, "fstring":true, "bytesize":8, "value":"opt_aref", "encoding":"US-ASCII", "memsize":40, "flags":{"wb_protected":true, "old":true, "uncollectible":true, "marked":true}}
{"address":"0x7fb1f8065138", "type":"STRING", "class":"0x7fb1f80b7578", "frozen":true, "fstring":true, "bytesize":6, "value":"opt_or", "encoding":"US-ASCII", "memsize":40, "flags":{"wb_protected":true, "old":true, "uncollectible":true, "marked":true}}
{"address":"0x7fb1f8065160", "type":"STRING", "class":"0x7fb1f80b7578", "frozen":true, "fstring":true, "bytesize":7, "value":"opt_and", "encoding":"US-ASCII", "memsize":40, "flags":{"wb_protected":true, "old":true, "uncollectible":true, "marked":true}}
{"address":"0x7fb1f8065188", "type":"STRING", "class":"0x7fb1f80b7578", "frozen":true, "fstring":true, "bytesize":8, "value":"opt_ltlt", "encoding":"US-ASCII", "memsize":40, "flags":{"wb_protected":true, "old":true, "uncollectible":true, "marked":true}}
{"address":"0x7fb1f80651b0", "type":"STRING", "class":"0x7fb1f80b7578", "frozen":true, "fstring":true, "bytesize":6, "value":"opt_ge", "encoding":"US-ASCII", "memsize":40, "flags":{"wb_protected":true, "old":true, "uncollectible":true, "marked":true}}
{"address":"0x7fb1f80651d8", "type":"STRING", "class":"0x7fb1f80b7578", "frozen":true, "fstring":true, "bytesize":6, "value":"opt_gt", "encoding":"US-ASCII", "memsize":40, "flags":{"wb_protected":true, "old":true, "uncollectible":true, "marked":true}}
{"address":"0x7fb1f8065200", "type":"STRING", "class":"0x7fb1f80b7578", "frozen":true, "fstring":true, "bytesize":6, "value":"opt_le", "encoding":"US-ASCII", "memsize":40, "flags":{"wb_protected":true, "old":true, "uncollectible":true, "marked":true}}
{"address":"0x7fb1f8065228", "type":"STRING", "class":"0x7fb1f80b7578", "frozen":true, "fstring":true, "bytesize":6, "value":"opt_lt", "encoding":"US-ASCII", "memsize":40, "flags":{"wb_protected":true, "old":true, "uncollectible":true, "marked":true}}
{"address":"0x7fb1f8065250", "type":"STRING", "class":"0x7fb1f80b7578", "frozen":true, "fstring":true, "bytesize":7, "value":"opt_neq", "encoding":"US-ASCII", "memsize":40, "flags":{"wb_protected":true, "old":true, "uncollectible":true, "marked":true}}
{"address":"0x7fb1f8065278", "type":"STRING", "class":"0x7fb1f80b7578", "frozen":true, "fstring":true, "bytesize":6, "value":"opt_eq", "encoding":"US-ASCII", "memsize":40, "flags":{"wb_protected":true, "old":true, "uncollectible":true, "marked":true}}
{"address":"0x7fb1f80652a0", "type":"STRING", "class":"0x7fb1f80b7578", "frozen":true, "fstring":true, "bytesize":7, "value":"opt_mod", "encoding":"US-ASCII", "memsize":40, "flags":{"wb_protected":true, "old":true, "uncollectible":true, "marked":true}}
{"address":"0x7fb1f80652c8", "type":"STRING", "class":"0x7fb1f80b7578", "frozen":true, "fstring":true, "bytesize":7, "value":"opt_div", "encoding":"US-ASCII", "memsize":40, "flags":{"wb_protected":true, "old":true, "uncollectible":true, "marked":true}}
{"address":"0x7fb1f80652f0", "type":"STRING", "class":"0x7fb1f80b7578", "frozen":true, "fstring":true, "bytesize":8, "value":"opt_mult", "encoding":"US-ASCII", "memsize":40, "flags":{"wb_protected":true, "old":true, "uncollectible":true, "marked":true}}
{"address":"0x7fb1f8065318", "type":"STRING", "class":"0x7fb1f80b7578", "frozen":true, "fstring":true, "bytesize":9, "value":"opt_minus", "encoding":"US-ASCII", "memsize":40, "flags":{"wb_protected":true, "old":true, "uncollectible":true, "marked":true}}
{"address":"0x7fb1f8065340", "type":"STRING", "class":"0x7fb1f80b7578", "frozen":true, "fstring":true, "bytesize":8, "value":"opt_plus", "encoding":"US-ASCII", "memsize":40, "flags":{"wb_protected":true, "old":true, "uncollectible":true, "marked":true}}
{"address":"0x7fb1f8065368", "type":"STRING", "class":"0x7fb1f80b7578", "frozen":true, "fstring":true, "bytesize":17, "value":"opt_case_dispatch", "encoding":"US-ASCII", "memsize":40, "flags":{"wb_protected":true, "old":true, "uncollectible":true, "marked":true}}
{"address":"0x7fb1f8065390", "type":"STRING", "class":"0x7fb1f80b7578", "frozen":true, "fstring":true, "bytesize":4, "value":"once", "encoding":"US-ASCII", "memsize":40, "flags":{"wb_protected":true, "old":true, "uncollectible":true, "marked":true}}
{"address":"0x7fb1f80653b8", "type":"STRING", "class":"0x7fb1f80b7578", "frozen":true, "fstring":true, "bytesize":18, "value":"opt_setinlinecache", "encoding":"US-ASCII", "memsize":40, "flags":{"wb_protected":true, "old":true, "uncollectible":true, "marked":true}}
{"address":"0x7fb1f80653e0", "type":"STRING", "class":"0x7fb1f80b7578", "frozen":true, "fstring":true, "bytesize":18, "value":"opt_getinlinecache", "encoding":"US-ASCII", "memsize":40, "flags":{"wb_protected":true, "old":true, "uncollectible":true, "marked":true}}
{"address":"0x7fb1f8065408", "type":"STRING", "class":"0x7fb1f80b7578", "frozen":true, "fstring":true, "bytesize":9, "value":"branchnil", "encoding":"US-ASCII", "memsize":40, "flags":{"wb_protected":true, "old":true, "uncollectible":true, "marked":true}}
{"address":"0x7fb1f8065430", "type":"STRING", "class":"0x7fb1f80b7578", "frozen":true, "fstring":true, "bytesize":12, "value":"branchunless", "encoding":"US-ASCII", "memsize":40, "flags":{"wb_protected":true, "old":true, "uncollectible":true, "marked":true}}
{"address":"0x7fb1f8065458", "type":"STRING", "class":"0x7fb1f80b7578", "frozen":true, "fstring":true, "bytesize":8, "value":"branchif", "encoding":"US-ASCII", "memsize":40, "flags":{"wb_protected":true, "old":true, "uncollectible":true, "marked":true}}
{"address":"0x7fb1f8065480", "type":"STRING", "class":"0x7fb1f80b7578", "frozen":true, "fstring":true, "bytesize":4, "value":"jump", "encoding":"US-ASCII", "memsize":40, "flags":{"wb_protected":true, "old":true, "uncollectible":true, "marked":true}}
{"address":"0x7fb1f80654a8", "type":"STRING", "class":"0x7fb1f80b7578", "frozen":true, "fstring":true, "bytesize":5, "value":"leave", "encoding":"US-ASCII", "memsize":40, "flags":{"wb_protected":true, "old":true, "uncollectible":true, "marked":true}}
{"address":"0x7fb1f80654d0", "type":"STRING", "class":"0x7fb1f80b7578", "frozen":true, "fstring":true, "bytesize":11, "value":"invokeblock", "encoding":"US-ASCII", "memsize":40, "flags":{"wb_protected":true, "old":true, "uncollectible":true, "marked":true}}
{"address":"0x7fb1f80654f8", "type":"STRING", "class":"0x7fb1f80b7578", "frozen":true, "fstring":true, "bytesize":11, "value":"invokesuper", "encoding":"US-ASCII", "memsize":40, "flags":{"wb_protected":true, "old":true, "uncollectible":true, "marked":true}}
{"address":"0x7fb1f8065520", "type":"STRING", "class":"0x7fb1f80b7578", "frozen":true, "fstring":true, "bytesize":16, "value":"opt_newarray_min", "encoding":"US-ASCII", "memsize":40, "flags":{"wb_protected":true, "old":true, "uncollectible":true, "marked":true}}
{"address":"0x7fb1f8065548", "type":"STRING", "class":"0x7fb1f80b7578", "frozen":true, "fstring":true, "bytesize":16, "value":"opt_newarray_max", "encoding":"US-ASCII", "memsize":40, "flags":{"wb_protected":true, "old":true, "uncollectible":true, "marked":true}}
{"address":"0x7fb1f8065570", "type":"STRING", "class":"0x7fb1f80b7578", "frozen":true, "fstring":true, "bytesize":14, "value":"opt_str_uminus", "encoding":"US-ASCII", "memsize":40, "flags":{"wb_protected":true, "old":true, "uncollectible":true, "marked":true}}
{"address":"0x7fb1f8065598", "type":"STRING", "class":"0x7fb1f80b7578", "frozen":true, "fstring":true, "bytesize":9, "value":"opt_nil_p", "encoding":"US-ASCII", "memsize":40, "flags":{"wb_protected":true, "old":true, "uncollectible":true, "marked":true}}
{"address":"0x7fb1f80655c0", "type":"STRING", "class":"0x7fb1f80b7578", "frozen":true, "fstring":true, "bytesize":14, "value":"opt_str_freeze", "encoding":"US-ASCII", "memsize":40, "flags":{"wb_protected":true, "old":true, "uncollectible":true, "marked":true}}
{"address":"0x7fb1f80655e8", "type":"STRING", "class":"0x7fb1f80b7578", "frozen":true, "fstring":true, "bytesize":22, "value":"opt_send_without_block", "encoding":"US-ASCII", "memsize":40, "flags":{"wb_protected":true, "old":true, "uncollectible":true, "marked":true}}
{"address":"0x7fb1f8065610", "type":"STRING", "class":"0x7fb1f80b7578", "frozen":true, "fstring":true, "bytesize":13, "value":"definesmethod", "encoding":"US-ASCII", "memsize":40, "flags":{"wb_protected":true, "old":true, "uncollectible":true, "marked":true}}
{"address":"0x7fb1f8065638", "type":"STRING", "class":"0x7fb1f80b7578", "frozen":true, "fstring":true, "bytesize":12, "value":"definemethod", "encoding":"US-ASCII", "memsize":40, "flags":{"wb_protected":true, "old":true, "uncollectible":true, "marked":true}}
{"address":"0x7fb1f8065660", "type":"STRING", "class":"0x7fb1f80b7578", "frozen":true, "fstring":true, "bytesize":11, "value":"defineclass", "encoding":"US-ASCII", "memsize":40, "flags":{"wb_protected":true, "old":true, "uncollectible":true, "marked":true}}
{"address":"0x7fb1f8065688", "type":"STRING", "class":"0x7fb1f80b7578", "frozen":true, "fstring":true, "bytesize":9, "value":"checktype", "encoding":"US-ASCII", "memsize":40, "flags":{"wb_protected":true, "old":true, "uncollectible":true, "marked":true}}
{"address":"0x7fb1f80656b0", "type":"STRING", "class":"0x7fb1f80b7578", "frozen":true, "fstring":true, "bytesize":12, "value":"checkkeyword", "encoding":"US-ASCII", "memsize":40, "flags":{"wb_protected":true, "old":true, "uncollectible":true, "marked":true}}
{"address":"0x7fb1f80656d8", "type":"STRING", "class":"0x7fb1f80b7578", "frozen":true, "fstring":true, "bytesize":10, "value":"checkmatch", "encoding":"US-ASCII", "memsize":40, "flags":{"wb_protected":true, "old":true, "uncollectible":true, "marked":true}}
{"address":"0x7fb1f8065700", "type":"STRING", "class":"0x7fb1f80b7578", "frozen":true, "fstring":true, "bytesize":7, "value":"defined", "encoding":"US-ASCII", "memsize":40, "flags":{"wb_protected":true, "old":true, "uncollectible":true, "marked":true}}
{"address":"0x7fb1f8065728", "type":"STRING", "class":"0x7fb1f80b7578", "frozen":true, "fstring":true, "bytesize":11, "value":"adjuststack", "encoding":"US-ASCII", "memsize":40, "flags":{"wb_protected":true, "old":true, "uncollectible":true, "marked":true}}
{"address":"0x7fb1f8065750", "type":"STRING", "class":"0x7fb1f80b7578", "frozen":true, "fstring":true, "bytesize":4, "value":"setn", "encoding":"US-ASCII", "memsize":40, "flags":{"wb_protected":true, "old":true, "uncollectible":true, "marked":true}}
{"address":"0x7fb1f8065778", "type":"STRING", "class":"0x7fb1f80b7578", "frozen":true, "fstring":true, "bytesize":4, "value":"topn", "encoding":"US-ASCII", "memsize":40, "flags":{"wb_protected":true, "old":true, "uncollectible":true, "marked":true}}
{"address":"0x7fb1f80657a0", "type":"STRING", "class":"0x7fb1f80b7578", "frozen":true, "fstring":true, "bytesize":4, "value":"swap", "encoding":"US-ASCII", "memsize":40, "flags":{"wb_protected":true, "old":true, "uncollectible":true, "marked":true}}
{"address":"0x7fb1f80657c8", "type":"STRING", "class":"0x7fb1f80b7578", "frozen":true, "fstring":true, "bytesize":4, "value":"dupn", "encoding":"US-ASCII", "memsize":40, "flags":{"wb_protected":true, "old":true, "uncollectible":true, "marked":true}}
{"address":"0x7fb1f80657f0", "type":"STRING", "class":"0x7fb1f80b7578", "frozen":true, "fstring":true, "bytesize":8, "value":"newrange", "encoding":"US-ASCII", "memsize":40, "flags":{"wb_protected":true, "old":true, "uncollectible":true, "marked":true}}
{"address":"0x7fb1f8065818", "type":"STRING", "class":"0x7fb1f80b7578", "frozen":true, "fstring":true, "bytesize":7, "value":"newhash", "encoding":"US-ASCII", "memsize":40, "flags":{"wb_protected":true, "old":true, "uncollectible":true, "marked":true}}
{"address":"0x7fb1f8065840", "type":"STRING", "class":"0x7fb1f80b7578", "frozen":true, "fstring":true, "bytesize":10, "value":"splatarray", "encoding":"US-ASCII", "memsize":40, "flags":{"wb_protected":true, "old":true, "uncollectible":true, "marked":true}}
{"address":"0x7fb1f8065868", "type":"STRING", "class":"0x7fb1f80b7578", "frozen":true, "fstring":true, "bytesize":11, "value":"concatarray", "encoding":"US-ASCII", "memsize":40, "flags":{"wb_protected":true, "old":true, "uncollectible":true, "marked":true}}
{"address":"0x7fb1f8065890", "type":"STRING", "class":"0x7fb1f80b7578", "frozen":true, "fstring":true, "bytesize":11, "value":"expandarray", "encoding":"US-ASCII", "memsize":40, "flags":{"wb_protected":true, "old":true, "uncollectible":true, "marked":true}}
{"address":"0x7fb1f80658b8", "type":"STRING", "class":"0x7fb1f80b7578", "frozen":true, "fstring":true, "bytesize":7, "value":"duphash", "encoding":"US-ASCII", "memsize":40, "flags":{"wb_protected":true, "old":true, "uncollectible":true, "marked":true}}
{"address":"0x7fb1f80658e0", "type":"STRING", "class":"0x7fb1f80b7578", "frozen":true, "fstring":true, "bytesize":8, "value":"duparray", "encoding":"US-ASCII", "memsize":40, "flags":{"wb_protected":true, "old":true, "uncollectible":true, "marked":true}}
{"address":"0x7fb1f8065908", "type":"STRING", "class":"0x7fb1f80b7578", "frozen":true, "fstring":true, "bytesize":15, "value":"newarraykwsplat", "encoding":"US-ASCII", "memsize":40, "flags":{"wb_protected":true, "old":true, "uncollectible":true, "marked":true}}
{"address":"0x7fb1f8065930", "type":"STRING", "class":"0x7fb1f80b7578", "frozen":true, "fstring":true, "bytesize":8, "value":"newarray", "encoding":"US-ASCII", "memsize":40, "flags":{"wb_protected":true, "old":true, "uncollectible":true, "marked":true}}
{"address":"0x7fb1f8065958", "type":"STRING", "class":"0x7fb1f80b7578", "frozen":true, "fstring":true, "bytesize":8, "value":"toregexp", "encoding":"US-ASCII", "memsize":40, "flags":{"wb_protected":true, "old":true, "uncollectible":true, "marked":true}}
{"address":"0x7fb1f8065980", "type":"STRING", "class":"0x7fb1f80b7578", "frozen":true, "fstring":true, "bytesize":12, "value":"freezestring", "encoding":"US-ASCII", "memsize":40, "flags":{"wb_protected":true, "old":true, "uncollectible":true, "marked":true}}
{"address":"0x7fb1f80659a8", "type":"STRING", "class":"0x7fb1f80b7578", "frozen":true, "fstring":true, "bytesize":8, "value":"tostring", "encoding":"US-ASCII", "memsize":40, "flags":{"wb_protected":true, "old":true, "uncollectible":true, "marked":true}}
{"address":"0x7fb1f80659d0", "type":"STRING", "class":"0x7fb1f80b7578", "frozen":true, "fstring":true, "bytesize":13, "value":"concatstrings", "encoding":"US-ASCII", "memsize":40, "flags":{"wb_protected":true, "old":true, "uncollectible":true, "marked":true}}
{"address":"0x7fb1f80659f8", "type":"STRING", "class":"0x7fb1f80b7578", "frozen":true, "fstring":true, "bytesize":9, "value":"putstring", "encoding":"US-ASCII", "memsize":40, "flags":{"wb_protected":true, "old":true, "uncollectible":true, "marked":true}}
{"address":"0x7fb1f8065a20", "type":"STRING", "class":"0x7fb1f80b7578", "frozen":true, "fstring":true, "bytesize":16, "value":"putspecialobject", "encoding":"US-ASCII", "memsize":40, "flags":{"wb_protected":true, "old":true, "uncollectible":true, "marked":true}}
{"address":"0x7fb1f8065a48", "type":"STRING", "class":"0x7fb1f80b7578", "frozen":true, "fstring":true, "bytesize":9, "value":"putobject", "encoding":"US-ASCII", "memsize":40, "flags":{"wb_protected":true, "old":true, "uncollectible":true, "marked":true}}
{"address":"0x7fb1f8065a70", "type":"STRING", "class":"0x7fb1f80b7578", "frozen":true, "fstring":true, "bytesize":7, "value":"putself", "encoding":"US-ASCII", "memsize":40, "flags":{"wb_protected":true, "old":true, "uncollectible":true, "marked":true}}
{"address":"0x7fb1f8065a98", "type":"STRING", "class":"0x7fb1f80b7578", "frozen":true, "fstring":true, "bytesize":6, "value":"putnil", "encoding":"US-ASCII", "memsize":40, "flags":{"wb_protected":true, "old":true, "uncollectible":true, "marked":true}}
{"address":"0x7fb1f8065ac0", "type":"STRING", "class":"0x7fb1f80b7578", "frozen":true, "fstring":true, "bytesize":9, "value":"setglobal", "encoding":"US-ASCII", "memsize":40, "flags":{"wb_protected":true, "old":true, "uncollectible":true, "marked":true}}
{"address":"0x7fb1f8065ae8", "type":"STRING", "class":"0x7fb1f80b7578", "frozen":true, "fstring":true, "bytesize":9, "value":"getglobal", "encoding":"US-ASCII", "memsize":40, "flags":{"wb_protected":true, "old":true, "uncollectible":true, "marked":true}}
{"address":"0x7fb1f8065b10", "type":"STRING", "class":"0x7fb1f80b7578", "frozen":true, "fstring":true, "bytesize":11, "value":"setconstant", "encoding":"US-ASCII", "memsize":40, "flags":{"wb_protected":true, "old":true, "uncollectible":true, "marked":true}}
{"address":"0x7fb1f8065b38", "type":"STRING", "class":"0x7fb1f80b7578", "frozen":true, "fstring":true, "bytesize":11, "value":"getconstant", "encoding":"US-ASCII", "memsize":40, "flags":{"wb_protected":true, "old":true, "uncollectible":true, "marked":true}}
{"address":"0x7fb1f8065b60", "type":"STRING", "class":"0x7fb1f80b7578", "frozen":true, "fstring":true, "bytesize":16, "value":"setclassvariable", "encoding":"US-ASCII", "memsize":40, "flags":{"wb_protected":true, "old":true, "uncollectible":true, "marked":true}}
{"address":"0x7fb1f8065b88", "type":"STRING", "class":"0x7fb1f80b7578", "frozen":true, "fstring":true, "bytesize":16, "value":"getclassvariable", "encoding":"US-ASCII", "memsize":40, "flags":{"wb_protected":true, "old":true, "uncollectible":true, "marked":true}}
{"address":"0x7fb1f8065bb0", "type":"STRING", "class":"0x7fb1f80b7578", "frozen":true, "fstring":true, "bytesize":19, "value":"setinstancevariable", "encoding":"US-ASCII", "memsize":40, "flags":{"wb_protected":true, "old":true, "uncollectible":true, "marked":true}}
{"address":"0x7fb1f8065bd8", "type":"STRING", "class":"0x7fb1f80b7578", "frozen":true, "fstring":true, "bytesize":19, "value":"getinstancevariable", "encoding":"US-ASCII", "memsize":40, "flags":{"wb_protected":true, "old":true, "uncollectible":true, "marked":true}}
{"address":"0x7fb1f8065c00", "type":"STRING", "class":"0x7fb1f80b7578", "frozen":true, "fstring":true, "bytesize":10, "value":"setspecial", "encoding":"US-ASCII", "memsize":40, "flags":{"wb_protected":true, "old":true, "uncollectible":true, "marked":true}}
{"address":"0x7fb1f8065c28", "type":"STRING", "class":"0x7fb1f80b7578", "frozen":true, "fstring":true, "bytesize":10, "value":"getspecial", "encoding":"US-ASCII", "memsize":40, "flags":{"wb_protected":true, "old":true, "uncollectible":true, "marked":true}}
{"address":"0x7fb1f8065c50", "type":"STRING", "class":"0x7fb1f80b7578", "frozen":true, "fstring":true, "bytesize":18, "value":"getblockparamproxy", "encoding":"US-ASCII", "memsize":40, "flags":{"wb_protected":true, "old":true, "uncollectible":true, "marked":true}}
{"address":"0x7fb1f8065c78", "type":"STRING", "class":"0x7fb1f80b7578", "frozen":true, "fstring":true, "bytesize":13, "value":"setblockparam", "encoding":"US-ASCII", "memsize":40, "flags":{"wb_protected":true, "old":true, "uncollectible":true, "marked":true}}
{"address":"0x7fb1f8065ca0", "type":"STRING", "class":"0x7fb1f80b7578", "frozen":true, "fstring":true, "bytesize":13, "value":"getblockparam", "encoding":"US-ASCII", "memsize":40, "flags":{"wb_protected":true, "old":true, "uncollectible":true, "marked":true}}
{"address":"0x7fb1f8065cc8", "type":"STRING", "class":"0x7fb1f80b7578", "frozen":true, "fstring":true, "bytesize":8, "value":"setlocal", "encoding":"US-ASCII", "memsize":40, "flags":{"wb_protected":true, "old":true, "uncollectible":true, "marked":true}}
{"address":"0x7fb1f8065cf0", "type":"STRING", "class":"0x7fb1f80b7578", "frozen":true, "fstring":true, "bytesize":3, "value":"nop", "encoding":"US-ASCII", "memsize":40, "flags":{"wb_protected":true, "old":true, "uncollectible":true, "marked":true}}
{"address":"0x7fb1f8065d18", "type":"ARRAY", "class":"0x7fb1f8097228", "frozen":true, "length":206, "references":["0x7fb1f8065cf0", "0x7fb1f8075b50", "0x7fb1f8065cc8", "0x7fb1f8065ca0", "0x7fb1f8065c78", "0x7fb1f8065c50", "0x7fb1f8065c28", "0x7fb1f8065c00", "0x7fb1f8065bd8", "0x7fb1f8065bb0", "0x7fb1f8065b88", "0x7fb1f8065b60", "0x7fb1f8065b38", "0x7fb1f8065b10", "0x7fb1f8065ae8", "0x7fb1f8065ac0", "0x7fb1f8065a98", "0x7fb1f8065a70", "0x7fb1f8065a48", "0x7fb1f8065a20", "0x7fb1f80659f8", "0x7fb1f80659d0", "0x7fb1f80659a8", "0x7fb1f8065980", "0x7fb1f8065958", "0x7fb1f80c6cd0", "0x7fb1f8065930", "0x7fb1f8065908", "0x7fb1f80658e0", "0x7fb1f80658b8", "0x7fb1f8065890", "0x7fb1f8065868", "0x7fb1f8065840", "0x7fb1f8065818", "0x7fb1f80657f0", "0x7fb1f8096b20", "0x7fb1f80c4908", "0x7fb1f80657c8", "0x7fb1f80657a0", "0x7fb1f80b5db8", "0x7fb1f8065778", "0x7fb1f8065750", "0x7fb1f8065728", "0x7fb1f8065700", "0x7fb1f80656d8", "0x7fb1f80656b0", "0x7fb1f8065688", "0x7fb1f8065660", "0x7fb1f8065638", "0x7fb1f8065610", "0x7fb1f80c6780", "0x7fb1f80655e8", "0x7fb1f80655c0", "0x7fb1f8065598", "0x7fb1f8065570", "0x7fb1f8065548", "0x7fb1f8065520", "0x7fb1f80654f8", "0x7fb1f80654d0", "0x7fb1f80654a8", "0x7fb1f80ad1b8", "0x7fb1f8065480", "0x7fb1f8065458", "0x7fb1f8065430", "0x7fb1f8065408", "0x7fb1f80653e0", "0x7fb1f80653b8", "0x7fb1f8065390", "0x7fb1f8065368", "0x7fb1f8065340", "0x7fb1f8065318", "0x7fb1f80652f0", "0x7fb1f80652c8", "0x7fb1f80652a0", "0x7fb1f8065278", "0x7fb1f8065250", "0x7fb1f8065228", "0x7fb1f8065200", "0x7fb1f80651d8", "0x7fb1f80651b0", "0x7fb1f8065188", "0x7fb1f8065160", "0x7fb1f8065138", "0x7fb1f8065110", "0x7fb1f80650e8", "0x7fb1f80650c0", "0x7fb1f8065098", "0x7fb1f8065070", "0x7fb1f8065048", "0x7fb1f8065020", "0x7fb1f8064ff8", "0x7fb1f8064fd0", "0x7fb1f8064fa8", "0x7fb1f8064f80", "0x7fb1f8064f58", "0x7fb1f8064f30", "0x7fb1f8064f08", "0x7fb1f8064ee0", "0x7fb1f8064eb8", "0x7fb1f8064e90", "0x7fb1f8064e68", "0x7fb1f8064e40", "0x7fb1f8064e18", "0x7fb1f8064df0", "0x7fb1f8064dc8", "0x7fb1f8064da0", "0x7fb1f8064d78", "0x7fb1f8064d50", "0x7fb1f8064d28", "0x7fb1f8064d00", "0x7fb1f8064cd8", "0x7fb1f8064cb0", "0x7fb1f8064c88", "0x7fb1f8064c60", "0x7fb1f8064c38", "0x7fb1f8064c10", "0x7fb1f8064be8", "0x7fb1f8064bc0", "0x7fb1f8064b98", "0x7fb1f8064b70", "0x7fb1f8064b48", "0x7fb1f8064b20", "0x7fb1f8064af8", "0x7fb1f8064ad0", "0x7fb1f8064aa8", "0x7fb1f8064a80", "0x7fb1f8064a58", "0x7fb1f8064a30", "0x7fb1f8064a08", "0x7fb1f80649e0", "0x7fb1f80649b8", "0x7fb1f8064990", "0x7fb1f8064968", "0x7fb1f8064940", "0x7fb1f8064918", "0x7fb1f80648f0", "0x7fb1f80648c8", "0x7fb1f80648a0", "0x7fb1f8064878", "0x7fb1f8064850", "0x7fb1f8064828", "0x7fb1f8064800", "0x7fb1f80647d8", "0x7fb1f80647b0", "0x7fb1f8064788", "0x7fb1f8064760", "0x7fb1f8064738", "0x7fb1f8064710", "0x7fb1f80646e8", "0x7fb1f80646c0", "0x7fb1f8064698", "0x7fb1f8064670", "0x7fb1f8064648", "0x7fb1f8064620", "0x7fb1f80645f8", "0x7fb1f80645d0", "0x7fb1f80645a8", "0x7fb1f8064580", "0x7fb1f8064558", "0x7fb1f8064530", "0x7fb1f8064508", "0x7fb1f80644e0", "0x7fb1f80644b8", "0x7fb1f8064490", "0x7fb1f8064468", "0x7fb1f8064440", "0x7fb1f8064418", "0x7fb1f80643f0", "0x7fb1f80643c8", "0x7fb1f80643a0", "0x7fb1f8064378", "0x7fb1f8064350", "0x7fb1f8064328", "0x7fb1f8064300", "0x7fb1f80642d8", "0x7fb1f80642b0", "0x7fb1f8064288", "0x7fb1f8064260", "0x7fb1f8064238", "0x7fb1f8064210", "0x7fb1f80641e8", "0x7fb1f80641c0", "0x7fb1f8064198", "0x7fb1f8064170", "0x7fb1f8064148", "0x7fb1f8064120", "0x7fb1f80640f8", "0x7fb1f80640d0", "0x7fb1f80640a8", "0x7fb1f8064080", "0x7fb1f8064058", "0x7fb1f8064030", "0x7fb1f8064008", "0x7fb1f805ffa8", "0x7fb1f805ff80", "0x7fb1f805ff58", "0x7fb1f805ff30", "0x7fb1f805ff08", "0x7fb1f805fee0", "0x7fb1f805feb8", "0x7fb1f805fe90", "0x7fb1f805fe68", "0x7fb1f805fe40", "0x7fb1f805fe18", "0x7fb1f805fdf0", "0x7fb1f805fdc8"], "memsize":1688, "flags":{"wb_protected":true, "old":true, "uncollectible":true, "marked":true}}
{"address":"0x7fb1f8065d40", "type":"STRING", "class":"0x7fb1f80b7578", "bytesize":19, "value":"inline method cache", "memsize":40, "flags":{"wb_protected":true, "old":true, "uncollectible":true, "marked":true}}
{"address":"0x7fb1f8065d68", "type":"STRING", "class":"0x7fb1f80b7578", "bytesize":20, "value":"operands unification", "memsize":40, "flags":{"wb_protected":true, "old":true, "uncollectible":true, "marked":true}}
{"address":"0x7fb1f8065d90", "type":"STRING", "class":"0x7fb1f80b7578", "bytesize":20, "value":"direct threaded code", "memsize":40, "flags":{"wb_protected":true, "old":true, "uncollectible":true, "marked":true}}
{"address":"0x7fb1f8065db8", "type":"STRING", "class":"0x7fb1f80b7578", "frozen":true, "embedded":true, "fstring":true, "bytesize":4, "value":"OPTS", "encoding":"US-ASCII", "memsize":40, "flags":{"wb_protected":true, "old":true, "uncollectible":true, "marked":true}}
{"address":"0x7fb1f8065de0", "type":"STRING", "class":"0x7fb1f80b7578", "frozen":true, "embedded":true, "fstring":true, "bytesize":21, "value":"bundler/cli/inject.rb", "encoding":"UTF-8", "memsize":40, "flags":{"wb_protected":true, "old":true, "uncollectible":true, "marked":true}}
{"address":"0x7fb1f8065e08", "type":"ARRAY", "class":"0x7fb1f8097228", "length":3, "embedded":true, "references":["0x7fb1f8065d90", "0x7fb1f8065d68", "0x7fb1f8065d40"], "memsize":40, "flags":{"wb_protected":true, "old":true, "uncollectible":true, "marked":true}}
{"address":"0x7fb1f8065e30", "type":"CLASS", "class":"0x7fb1f803e970", "name":"Class", "references":["0x7fb1f80bf6b0", "0x7fb1f805e748", "0x7fb1f805e6a8", "0x7fb1f805eb08", "0x7fb1f805e630", "0x7fb1f805e5b8", "0x7fb1f805e540", "0x7fb1f805e4c8", "0x7fb1f805e450", "0x7fb1f803e880", "0x7fb1f805e720", "0x7fb1f805ea90", "0x7fb1f805ea18", "0x7fb1f805e9a0", "0x7fb1f805e928", "0x7fb1f805e8b0", "0x7fb1f805e838", "0x7fb1f805e7c0", "0x7fb1f8065e58"], "memsize":976, "flags":{"wb_protected":true, "old":true, "uncollectible":true, "marked":true}}
{"address":"0x7fb1f8065e58", "type":"CLASS", "class":"0x7fb1f8065e30", "name":"Thread", "references":["0x7fb1f80c5240", "0x7fb1f805e2c0", "0x7fb1f805e400", "0x7fb1f805dff0", "0x7fb1f805dcd0", "0x7fb1f805dcf8", "0x7fb1f805dc80", "0x7fb1f805e428", "0x7fb1f805e388", "0x7fb1f805e2e8", "0x7fb1f805e248", "0x7fb1f805e1d0", "0x7fb1f805e090", "0x7fb1f805e018", "0x7fb1f805df00", "0x7fb1f805de88", "0x7fb1f805df78", "0x7fb1f805de10", "0x7fb1f805e1a8", "0x7fb1f805e180", "0x7fb1f805dd98", "0x7fb1f805dd20", "0x7fb1f805dc08", "0x7fb1f805db90", "0x7fb1f805daa0", "0x7fb1f805dca8", "0x7fb1f805db40", "0x7fb1f805da78", "0x7fb1f80459c8", "0x7fb1f805db18", "0x7fb1f8045950", "0x7fb1f805da50", "0x7fb1f805e3d8", "0x7fb1f805e108", "0x7fb1f805e158", "0x7fb1f805e130", "0x7fb1f805db68", "0x7fb1f805e3b0", "0x7fb1f805e360", "0x7fb1f8065e80", "0x7fb1f805cce0", "0x7fb1f805fb98", "0x7fb1f805c970", "0x7fb1f805fb98", "0x7fb1f805d1b8", "0x7fb1f805fb98", "0x7fb1f805d5a0", "0x7fb1f805fb98", "0x7fb1f805f8f0", "0x7fb1f805fb98"], "memsize":1640, "flags":{"wb_protected":true, "old":true, "uncollectible":true, "marked":true}}
{"address":"0x7fb1f8065e80", "type":"STRING", "class":"0x7fb1f80b7578", "frozen":true, "embedded":true, "fstring":true, "bytesize":6, "value":"Thread", "encoding":"US-ASCII", "memsize":40, "flags":{"wb_protected":true, "old":true, "uncollectible":true, "marked":true}}
{"address":"0x7fb1f8065ea8", "type":"IMEMO", "class":"0x8", "imemo_type":"cref", "references":["0x7fb1f80c5240"], "memsize":40, "flags":{"wb_protected":true, "old":true, "uncollectible":true, "marked":true}}
{"address":"0x7fb1f8065ed0", "type":"IMEMO", "class":"0x7fb1f8066038", "imemo_type":"ment", "memsize":48, "flags":{"wb_protected":true, "old":true, "uncollectible":true, "marked":true}}
{"address":"0x7fb1f8065ef8", "type":"STRING", "class":"0x7fb1f80b7578", "frozen":true, "embedded":true, "fstring":true, "bytesize":6, "value":"resume", "encoding":"US-ASCII", "memsize":40, "flags":{"wb_protected":true, "old":true, "uncollectible":true, "marked":true}}
{"address":"0x7fb1f8065f20", "type":"IMEMO", "imemo_type":"iseq", "references":["0x7fb1f801c370", "0x7fb1f801c370", "0x7fb1f808c788"], "memsize":416, "flags":{"wb_protected":true, "old":true, "uncollectible":true, "marked":true}}
{"address":"0x7fb1f8065f48", "type":"IMEMO", "class":"0x7fb1f8066038", "imemo_type":"ment", "memsize":48, "flags":{"wb_protected":true, "old":true, "uncollectible":true, "marked":true}}
{"address":"0x7fb1f8065f70", "type":"STRING", "class":"0x7fb1f80b7578", "frozen":true, "embedded":true, "fstring":true, "bytesize":5, "value":"pause", "encoding":"US-ASCII", "memsize":40, "flags":{"wb_protected":true, "old":true, "uncollectible":true, "marked":true}}
{"address":"0x7fb1f8065f98", "type":"STRING", "class":"0x7fb1f80b7578", "frozen":true, "embedded":true, "fstring":true, "bytesize":19, "value":"bundler/cli/init.rb", "encoding":"UTF-8", "memsize":40, "flags":{"wb_protected":true, "old":true, "uncollectible":true, "marked":true}}
{"address":"0x7fb1f8065fc0", "type":"IMEMO", "class":"0x7fb1f8066038", "imemo_type":"ment", "memsize":48, "flags":{"wb_protected":true, "old":true, "uncollectible":true, "marked":true}}
{"address":"0x7fb1f8065fe8", "type":"STRING", "class":"0x7fb1f80b7578", "frozen":true, "embedded":true, "fstring":true, "bytesize":8, "value":"enabled?", "encoding":"US-ASCII", "memsize":40, "flags":{"wb_protected":true, "old":true, "uncollectible":true, "marked":true}}
{"address":"0x7fb1f8066010", "type":"STRING", "class":"0x7fb1f80b7578", "frozen":true, "embedded":true, "fstring":true, "bytesize":19, "value":"bundler/cli/info.rb", "encoding":"UTF-8", "memsize":40, "flags":{"wb_protected":true, "old":true, "uncollectible":true, "marked":true}}
{"address":"0x7fb1f8066038", "type":"CLASS", "class":"0x7fb1f80bf6d8", "name":"Module", "references":["0x7fb1f80c51c8", "0x7fb1f8065ed0", "0x7fb1f8065fc0", "0x7fb1f8065f48", "0x7fb1f80660b0"], "memsize":528, "flags":{"wb_protected":true, "old":true, "uncollectible":true, "marked":true}}
{"address":"0x7fb1f8066060", "type":"STRING", "class":"0x7fb1f80b7578", "frozen":true, "embedded":true, "bytesize":12, "value":"RubyVM::MJIT", "encoding":"US-ASCII", "memsize":40, "flags":{"wb_protected":true, "old":true, "uncollectible":true, "marked":true}}
{"address":"0x7fb1f8066088", "type":"STRING", "class":"0x7fb1f80b7578", "frozen":true, "embedded":true, "fstring":true, "bytesize":18, "value":"bundler/cli/gem.rb", "encoding":"UTF-8", "memsize":40, "flags":{"wb_protected":true, "old":true, "uncollectible":true, "marked":true}}
{"address":"0x7fb1f80660b0", "type":"MODULE", "class":"0x7fb1f8066038", "name":"RubyVM::MJIT", "references":["0x7fb1f8066060"], "memsize":464, "flags":{"wb_protected":true, "old":true, "uncollectible":true, "marked":true}}
{"address":"0x7fb1f80660d8", "type":"STRING", "class":"0x7fb1f80b7578", "frozen":true, "embedded":true, "fstring":true, "bytesize":4, "value":"MJIT", "encoding":"US-ASCII", "memsize":40, "flags":{"wb_protected":true, "old":true, "uncollectible":true, "marked":true}}
{"address":"0x7fb1f8066100", "type":"STRING", "class":"0x7fb1f80b7578", "frozen":true, "embedded":true, "fstring":true, "bytesize":19, "value":"bundler/cli/exec.rb", "encoding":"UTF-8", "memsize":40, "flags":{"wb_protected":true, "old":true, "uncollectible":true, "marked":true}}
{"address":"0x7fb1f8066128", "type":"IMEMO", "class":"0x7fb1f8066290", "imemo_type":"ment", "memsize":48, "flags":{"wb_protected":true, "old":true, "uncollectible":true, "marked":true}}
{"address":"0x7fb1f8066150", "type":"IMEMO", "class":"0x7fb1f8066290", "imemo_type":"ment", "memsize":48, "flags":{"wb_protected":true, "old":true, "uncollectible":true, "marked":true}}
{"address":"0x7fb1f8066178", "type":"IMEMO", "class":"0x7fb1f8066290", "imemo_type":"ment", "memsize":48, "flags":{"wb_protected":true, "old":true, "uncollectible":true, "marked":true}}
{"address":"0x7fb1f80661a0", "type":"IMEMO", "class":"0x7fb1f8066290", "imemo_type":"ment", "memsize":48, "flags":{"wb_protected":true, "old":true, "uncollectible":true, "marked":true}}
{"address":"0x7fb1f80661c8", "type":"IMEMO", "class":"0x7fb1f8066290", "imemo_type":"ment", "memsize":48, "flags":{"wb_protected":true, "old":true, "uncollectible":true, "marked":true}}
{"address":"0x7fb1f80661f0", "type":"IMEMO", "class":"0x7fb1f8066290", "imemo_type":"ment", "memsize":48, "flags":{"wb_protected":true, "old":true, "uncollectible":true, "marked":true}}
{"address":"0x7fb1f8066218", "type":"IMEMO", "class":"0x7fb1f8066290", "imemo_type":"ment", "memsize":48, "flags":{"wb_protected":true, "old":true, "uncollectible":true, "marked":true}}
{"address":"0x7fb1f8066240", "type":"IMEMO", "class":"0x7fb1f8066290", "imemo_type":"ment", "memsize":48, "flags":{"wb_protected":true, "old":true, "uncollectible":true, "marked":true}}
{"address":"0x7fb1f8066268", "type":"IMEMO", "class":"0x7fb1f8066290", "imemo_type":"ment", "memsize":48, "flags":{"wb_protected":true, "old":true, "uncollectible":true, "marked":true}}
{"address":"0x7fb1f8066290", "type":"CLASS", "frozen":true, "references":["0x7fb1f80c5150", "0x7fb1f8066240", "0x7fb1f8066218", "0x7fb1f80661f0", "0x7fb1f80661c8", "0x7fb1f80661a0", "0x7fb1f8066178", "0x7fb1f8066150", "0x7fb1f8066128", "0x7fb1f8066268", "0x7fb1f80662b8"], "memsize":720, "flags":{"wb_protected":true, "old":true, "uncollectible":true, "marked":true}}
{"address":"0x7fb1f80662b8", "type":"ICLASS", "class":"0x7fb1f8066290", "frozen":true, "references":["0x7fb1f80c52b8"], "memsize":40, "flags":{"wb_protected":true, "old":true, "uncollectible":true, "marked":true}}
{"address":"0x7fb1f80662e0", "type":"IMEMO", "class":"0x7fb1f8066330", "imemo_type":"ment", "memsize":48, "flags":{"wb_protected":true, "old":true, "uncollectible":true, "marked":true}}
{"address":"0x7fb1f8066308", "type":"IMEMO", "class":"0x7fb1f8066330", "imemo_type":"ment", "memsize":48, "flags":{"wb_protected":true, "old":true, "uncollectible":true, "marked":true}}
{"address":"0x7fb1f8066330", "type":"CLASS", "class":"0x7fb1f80bf700", "name":"Class", "references":["0x7fb1f80bf6b0", "0x7fb1f8066308", "0x7fb1f80662e0", "0x7fb1f8066358"], "memsize":528, "flags":{"wb_protected":true, "old":true, "uncollectible":true, "marked":true}}
{"address":"0x7fb1f8066358", "type":"CLASS", "class":"0x7fb1f8066330", "name":"RubyVM", "references":["0x7fb1f80c5240", "0x7fb1f8066380", "0x7fb1f805fd50", "0x7fb1f805f418", "0x7fb1f805fb98", "0x7fb1f8065e08", "0x7fb1f8065d18", "0x7fb1f80660b0", "0x7fb1f8046b48", "0x7fb1f804d240"], "memsize":616, "flags":{"wb_protected":true, "old":true, "uncollectible":true, "marked":true}}
{"address":"0x7fb1f8066380", "type":"STRING", "class":"0x7fb1f80b7578", "frozen":true, "embedded":true, "fstring":true, "bytesize":6, "value":"RubyVM", "encoding":"US-ASCII", "memsize":40, "flags":{"wb_protected":true, "old":true, "uncollectible":true, "marked":true}}
{"address":"0x7fb1f80663a8", "type":"STRING", "class":"0x7fb1f80b7578", "frozen":true, "embedded":true, "fstring":true, "bytesize":21, "value":"bundler/cli/doctor.rb", "encoding":"UTF-8", "memsize":40, "flags":{"wb_protected":true, "old":true, "uncollectible":true, "marked":true}}
{"address":"0x7fb1f80663d0", "type":"STRING", "class":"0x7fb1f80b7578", "frozen":true, "fstring":true, "bytesize":13, "value":"enumerator.so", "encoding":"US-ASCII", "memsize":40, "flags":{"wb_protected":true, "old":true, "uncollectible":true, "marked":true}}
{"address":"0x7fb1f80663f8", "type":"IMEMO", "class":"0x7fb1f8066678", "imemo_type":"ment", "memsize":48, "flags":{"wb_protected":true, "old":true, "uncollectible":true, "marked":true}}
{"address":"0x7fb1f8066420", "type":"IMEMO", "class":"0x7fb1f8066678", "imemo_type":"ment", "memsize":48, "flags":{"wb_protected":true, "old":true, "uncollectible":true, "marked":true}}
{"address":"0x7fb1f8066448", "type":"IMEMO", "class":"0x7fb1f8066678", "imemo_type":"ment", "memsize":48, "flags":{"wb_protected":true, "old":true, "uncollectible":true, "marked":true}}
{"address":"0x7fb1f8066470", "type":"IMEMO", "class":"0x7fb1f8066678", "imemo_type":"ment", "memsize":48, "flags":{"wb_protected":true, "old":true, "uncollectible":true, "marked":true}}
{"address":"0x7fb1f8066498", "type":"IMEMO", "class":"0x7fb1f8066678", "imemo_type":"ment", "memsize":48, "flags":{"wb_protected":true, "old":true, "uncollectible":true, "marked":true}}
{"address":"0x7fb1f80664c0", "type":"IMEMO", "class":"0x7fb1f8066678", "imemo_type":"ment", "memsize":48, "flags":{"wb_protected":true, "old":true, "uncollectible":true, "marked":true}}
{"address":"0x7fb1f80664e8", "type":"IMEMO", "class":"0x7fb1f8066678", "imemo_type":"ment", "memsize":48, "flags":{"wb_protected":true, "old":true, "uncollectible":true, "marked":true}}
{"address":"0x7fb1f8066510", "type":"IMEMO", "class":"0x7fb1f8066678", "imemo_type":"ment", "memsize":48, "flags":{"wb_protected":true, "old":true, "uncollectible":true, "marked":true}}
{"address":"0x7fb1f8066538", "type":"IMEMO", "class":"0x7fb1f8066678", "imemo_type":"ment", "memsize":48, "flags":{"wb_protected":true, "old":true, "uncollectible":true, "marked":true}}
{"address":"0x7fb1f8066560", "type":"IMEMO", "class":"0x7fb1f8066678", "imemo_type":"ment", "memsize":48, "flags":{"wb_protected":true, "old":true, "uncollectible":true, "marked":true}}
{"address":"0x7fb1f8066588", "type":"IMEMO", "class":"0x7fb1f8066678", "imemo_type":"ment", "memsize":48, "flags":{"wb_protected":true, "old":true, "uncollectible":true, "marked":true}}
{"address":"0x7fb1f80665b0", "type":"IMEMO", "class":"0x7fb1f8066678", "imemo_type":"ment", "memsize":48, "flags":{"wb_protected":true, "old":true, "uncollectible":true, "marked":true}}
{"address":"0x7fb1f80665d8", "type":"IMEMO", "class":"0x7fb1f8066678", "imemo_type":"ment", "memsize":48, "flags":{"wb_protected":true, "old":true, "uncollectible":true, "marked":true}}
{"address":"0x7fb1f8066600", "type":"IMEMO", "class":"0x7fb1f8066650", "imemo_type":"ment", "memsize":48, "flags":{"wb_protected":true, "old":true, "uncollectible":true, "marked":true}}
{"address":"0x7fb1f8066628", "type":"STRING", "class":"0x7fb1f80b7578", "frozen":true, "bytesize":30, "capacity":47, "value":"Enumerator::ArithmeticSequence", "encoding":"US-ASCII", "memsize":88, "flags":{"wb_protected":true, "old":true, "uncollectible":true, "marked":true}}
{"address":"0x7fb1f8066650", "type":"CLASS", "class":"0x7fb1f80bf700", "name":"Class", "references":["0x7fb1f806c488", "0x7fb1f8066600", "0x7fb1f8066678"], "memsize":528, "flags":{"wb_protected":true, "old":true, "uncollectible":true, "marked":true}}
{"address":"0x7fb1f8066678", "type":"CLASS", "class":"0x7fb1f8066650", "name":"Enumerator::ArithmeticSequence", "references":["0x7fb1f806c4b0", "0x7fb1f80665d8", "0x7fb1f80665b0", "0x7fb1f80664e8", "0x7fb1f80664c0", "0x7fb1f8066498", "0x7fb1f8066588", "0x7fb1f8066560", "0x7fb1f8066538", "0x7fb1f8066510", "0x7fb1f80663f8", "0x7fb1f8066470", "0x7fb1f8066420", "0x7fb1f8066448", "0x7fb1f8066628"], "memsize":976, "flags":{"wb_protected":true, "old":true, "uncollectible":true, "marked":true}}
{"address":"0x7fb1f80666a0", "type":"STRING", "class":"0x7fb1f80b7578", "frozen":true, "embedded":true, "fstring":true, "bytesize":18, "value":"ArithmeticSequence", "encoding":"US-ASCII", "memsize":40, "flags":{"wb_protected":true, "old":true, "uncollectible":true, "marked":true}}
{"address":"0x7fb1f80666c8", "type":"IMEMO", "imemo_type":"iseq", "references":["0x7fb1f80d48f8", "0x7fb1f8067320", "0x7fb1f80172f8", "0x7fb1f808c788", "0x7fb1f8067460"], "memsize":1864, "flags":{"wb_protected":true, "old":true, "uncollectible":true, "marked":true}}
{"address":"0x7fb1f80666f0", "type":"IMEMO", "class":"0x7fb1f8066830", "imemo_type":"ment", "memsize":48, "flags":{"wb_protected":true, "old":true, "uncollectible":true, "marked":true}}
{"address":"0x7fb1f8066718", "type":"IMEMO", "class":"0x7fb1f8066830", "imemo_type":"ment", "memsize":48, "flags":{"wb_protected":true, "old":true, "uncollectible":true, "marked":true}}
{"address":"0x7fb1f8066740", "type":"IMEMO", "class":"0x7fb1f8066830", "imemo_type":"ment", "memsize":48, "flags":{"wb_protected":true, "old":true, "uncollectible":true, "marked":true}}
{"address":"0x7fb1f8066768", "type":"IMEMO", "class":"0x7fb1f8066830", "imemo_type":"ment", "memsize":48, "flags":{"wb_protected":true, "old":true, "uncollectible":true, "marked":true}}
{"address":"0x7fb1f8066790", "type":"IMEMO", "class":"0x7fb1f8066830", "imemo_type":"ment", "memsize":48, "flags":{"wb_protected":true, "old":true, "uncollectible":true, "marked":true}}
{"address":"0x7fb1f80667b8", "type":"IMEMO", "class":"0x7fb1f8066830", "imemo_type":"ment", "memsize":48, "flags":{"wb_protected":true, "old":true, "uncollectible":true, "marked":true}}
{"address":"0x7fb1f80667e0", "type":"STRING", "class":"0x7fb1f80b7578", "frozen":true, "embedded":true, "bytesize":17, "value":"Enumerator::Chain", "encoding":"US-ASCII", "memsize":40, "flags":{"wb_protected":true, "old":true, "uncollectible":true, "marked":true}}
{"address":"0x7fb1f8066808", "type":"CLASS", "class":"0x7fb1f80bf700", "name":"Class", "references":["0x7fb1f806c488", "0x7fb1f8066830"], "memsize":464, "flags":{"wb_protected":true, "old":true, "uncollectible":true, "marked":true}}
{"address":"0x7fb1f8066830", "type":"CLASS", "class":"0x7fb1f8066808", "name":"Enumerator::Chain", "references":["0x7fb1f806c4b0", "0x7fb1f8066740", "0x7fb1f80667b8", "0x7fb1f8066790", "0x7fb1f8066768", "0x7fb1f80666f0", "0x7fb1f8066718", "0x7fb1f80667e0"], "memsize":592, "flags":{"wb_protected":true, "old":true, "uncollectible":true, "marked":true}}
{"address":"0x7fb1f8066858", "type":"STRING", "class":"0x7fb1f80b7578", "frozen":true, "embedded":true, "fstring":true, "bytesize":5, "value":"Chain", "encoding":"US-ASCII", "memsize":40, "flags":{"wb_protected":true, "old":true, "uncollectible":true, "marked":true}}
{"address":"0x7fb1f8066880", "type":"STRING", "class":"0x7fb1f80b7578", "frozen":true, "embedded":true, "fstring":true, "bytesize":6, "value":"noecho", "encoding":"US-ASCII", "memsize":40, "flags":{"wb_protected":true, "old":true, "uncollectible":true, "marked":true}}
{"address":"0x7fb1f80668a8", "type":"IMEMO", "class":"0x7fb1f806c488", "imemo_type":"ment", "memsize":48, "flags":{"wb_protected":true, "old":true, "uncollectible":true, "marked":true}}
{"address":"0x7fb1f80668d0", "type":"STRING", "class":"0x7fb1f80b7578", "frozen":true, "embedded":true, "fstring":true, "bytesize":7, "value":"produce", "encoding":"US-ASCII", "memsize":40, "flags":{"wb_protected":true, "old":true, "uncollectible":true, "marked":true}}
{"address":"0x7fb1f80668f8", "type":"STRING", "class":"0x7fb1f80b7578", "frozen":true, "embedded":true, "fstring":true, "bytesize":22, "value":"bundler/cli/console.rb", "encoding":"UTF-8", "memsize":40, "flags":{"wb_protected":true, "old":true, "uncollectible":true, "marked":true}}
{"address":"0x7fb1f8066920", "type":"IMEMO", "class":"0x7fb1f8066998", "imemo_type":"ment", "memsize":48, "flags":{"wb_protected":true, "old":true, "uncollectible":true, "marked":true}}
{"address":"0x7fb1f8066948", "type":"STRING", "class":"0x7fb1f80b7578", "frozen":true, "embedded":true, "bytesize":20, "value":"Enumerator::Producer", "encoding":"US-ASCII", "memsize":40, "flags":{"wb_protected":true, "old":true, "uncollectible":true, "marked":true}}
{"address":"0x7fb1f8066970", "type":"CLASS", "class":"0x7fb1f80bf700", "name":"Class", "references":["0x7fb1f80bf6b0", "0x7fb1f8066998"], "memsize":464, "flags":{"wb_protected":true, "old":true, "uncollectible":true, "marked":true}}
{"address":"0x7fb1f8066998", "type":"CLASS", "class":"0x7fb1f8066970", "name":"Enumerator::Producer", "references":["0x7fb1f80c5240", "0x7fb1f8066920", "0x7fb1f8066948"], "memsize":528, "flags":{"wb_protected":true, "old":true, "uncollectible":true, "marked":true}}
{"address":"0x7fb1f80669c0", "type":"STRING", "class":"0x7fb1f80b7578", "frozen":true, "embedded":true, "fstring":true, "bytesize":8, "value":"Producer", "encoding":"US-ASCII", "memsize":40, "flags":{"wb_protected":true, "old":true, "uncollectible":true, "marked":true}}
{"address":"0x7fb1f80669e8", "type":"STRING", "class":"0x7fb1f80b7578", "frozen":true, "embedded":true, "fstring":true, "bytesize":21, "value":"bundler/cli/config.rb", "encoding":"UTF-8", "memsize":40, "flags":{"wb_protected":true, "old":true, "uncollectible":true, "marked":true}}
{"address":"0x7fb1f8066a10", "type":"IMEMO", "class":"0x7fb1f8066b00", "imemo_type":"ment", "memsize":48, "flags":{"wb_protected":true, "old":true, "uncollectible":true, "marked":true}}
{"address":"0x7fb1f8066a38", "type":"IMEMO", "class":"0x7fb1f8066b00", "imemo_type":"ment", "memsize":48, "flags":{"wb_protected":true, "old":true, "uncollectible":true, "marked":true}}
{"address":"0x7fb1f8066a60", "type":"IMEMO", "class":"0x7fb1f8066b00", "imemo_type":"ment", "memsize":48, "flags":{"wb_protected":true, "old":true, "uncollectible":true, "marked":true}}
{"address":"0x7fb1f8066a88", "type":"IMEMO", "class":"0x7fb1f8066b00", "imemo_type":"ment", "memsize":48, "flags":{"wb_protected":true, "old":true, "uncollectible":true, "marked":true}}
{"address":"0x7fb1f8066ab0", "type":"STRING", "class":"0x7fb1f80b7578", "frozen":true, "embedded":true, "bytesize":19, "value":"Enumerator::Yielder", "encoding":"US-ASCII", "memsize":40, "flags":{"wb_protected":true, "old":true, "uncollectible":true, "marked":true}}
{"address":"0x7fb1f8066ad8", "type":"CLASS", "class":"0x7fb1f80bf700", "name":"Class", "references":["0x7fb1f80bf6b0", "0x7fb1f8066b00"], "memsize":464, "flags":{"wb_protected":true, "old":true, "uncollectible":true, "marked":true}}
{"address":"0x7fb1f8066b00", "type":"CLASS", "class":"0x7fb1f8066ad8", "name":"Enumerator::Yielder", "references":["0x7fb1f80c5240", "0x7fb1f8066a38", "0x7fb1f8066a88", "0x7fb1f8066a60", "0x7fb1f8066a10", "0x7fb1f8066ab0"], "memsize":592, "flags":{"wb_protected":true, "old":true, "uncollectible":true, "marked":true}}
{"address":"0x7fb1f8066b28", "type":"STRING", "class":"0x7fb1f80b7578", "frozen":true, "embedded":true, "fstring":true, "bytesize":7, "value":"Yielder", "encoding":"US-ASCII", "memsize":40, "flags":{"wb_protected":true, "old":true, "uncollectible":true, "marked":true}}
{"address":"0x7fb1f8066b50", "type":"STRING", "class":"0x7fb1f80b7578", "frozen":true, "embedded":true, "fstring":true, "bytesize":21, "value":"bundler/cli/common.rb", "encoding":"UTF-8", "memsize":40, "flags":{"wb_protected":true, "old":true, "uncollectible":true, "marked":true}}
{"address":"0x7fb1f8066b78", "type":"IMEMO", "class":"0x7fb1f8066c68", "imemo_type":"ment", "memsize":48, "flags":{"wb_protected":true, "old":true, "uncollectible":true, "marked":true}}
{"address":"0x7fb1f8066ba0", "type":"IMEMO", "class":"0x7fb1f8066c68", "imemo_type":"ment", "memsize":48, "flags":{"wb_protected":true, "old":true, "uncollectible":true, "marked":true}}
{"address":"0x7fb1f8066bc8", "type":"IMEMO", "class":"0x7fb1f8066c68", "imemo_type":"ment", "memsize":48, "flags":{"wb_protected":true, "old":true, "uncollectible":true, "marked":true}}
{"address":"0x7fb1f8066bf0", "type":"ICLASS", "class":"0x7fb1f80bcf28", "references":["0x7fb1f80c5240"], "memsize":40, "flags":{"uncollectible":true, "marked":true}}
{"address":"0x7fb1f8066c18", "type":"STRING", "class":"0x7fb1f80b7578", "frozen":true, "embedded":true, "bytesize":21, "value":"Enumerator::Generator", "encoding":"US-ASCII", "memsize":40, "flags":{"wb_protected":true, "old":true, "uncollectible":true, "marked":true}}
{"address":"0x7fb1f8066c40", "type":"CLASS", "class":"0x7fb1f80bf700", "name":"Class", "references":["0x7fb1f80bf6b0", "0x7fb1f8066c68"], "memsize":464, "flags":{"wb_protected":true, "old":true, "uncollectible":true, "marked":true}}
{"address":"0x7fb1f8066c68", "type":"CLASS", "class":"0x7fb1f8066c40", "name":"Enumerator::Generator", "references":["0x7fb1f8066bf0", "0x7fb1f8066bc8", "0x7fb1f8066ba0", "0x7fb1f8066b78", "0x7fb1f8066c18"], "memsize":528, "flags":{"wb_protected":true, "old":true, "uncollectible":true, "marked":true}}
{"address":"0x7fb1f8066c90", "type":"STRING", "class":"0x7fb1f80b7578", "frozen":true, "embedded":true, "fstring":true, "bytesize":9, "value":"Generator", "encoding":"US-ASCII", "memsize":40, "flags":{"wb_protected":true, "old":true, "uncollectible":true, "marked":true}}
{"address":"0x7fb1f8066cb8", "type":"STRING", "class":"0x7fb1f80b7578", "frozen":true, "embedded":true, "fstring":true, "bytesize":20, "value":"bundler/cli/clean.rb", "encoding":"UTF-8", "memsize":40, "flags":{"wb_protected":true, "old":true, "uncollectible":true, "marked":true}}
{"address":"0x7fb1f8066ce0", "type":"IMEMO", "class":"0x7fb1f8066d30", "imemo_type":"ment", "memsize":48, "flags":{"wb_protected":true, "old":true, "uncollectible":true, "marked":true}}
{"address":"0x7fb1f8066d08", "type":"CLASS", "class":"0x7fb1f80bf700", "name":"Class", "references":["0x7fb1f80af080", "0x7fb1f8066d30"], "memsize":464, "flags":{"wb_protected":true, "old":true, "uncollectible":true, "marked":true}}
{"address":"0x7fb1f8066d30", "type":"CLASS", "class":"0x7fb1f8066d08", "name":"StopIteration", "references":["0x7fb1f80af0a8", "0x7fb1f8066ce0", "0x7fb1f8066d58"], "memsize":528, "flags":{"wb_protected":true, "old":true, "uncollectible":true, "marked":true}}
{"address":"0x7fb1f8066d58", "type":"STRING", "class":"0x7fb1f80b7578", "frozen":true, "embedded":true, "fstring":true, "bytesize":13, "value":"StopIteration", "encoding":"US-ASCII", "memsize":40, "flags":{"wb_protected":true, "old":true, "uncollectible":true, "marked":true}}
{"address":"0x7fb1f8066d80", "type":"STRING", "class":"0x7fb1f80b7578", "frozen":true, "embedded":true, "fstring":true, "bytesize":20, "value":"bundler/cli/check.rb", "encoding":"UTF-8", "memsize":40, "flags":{"wb_protected":true, "old":true, "uncollectible":true, "marked":true}}
{"address":"0x7fb1f8066da8", "type":"IMEMO", "class":"0x7fb1f8067eb0", "imemo_type":"ment", "references":["0x7fb1f8066dd0"], "memsize":48, "flags":{"wb_protected":true, "old":true, "uncollectible":true, "marked":true}}
{"address":"0x7fb1f8066dd0", "type":"IMEMO", "imemo_type":"ment", "references":["0x7fb1f80bcf28"], "memsize":48, "flags":{"wb_protected":true, "old":true, "uncollectible":true, "marked":true}}
{"address":"0x7fb1f8066df8", "type":"HASH", "class":"0x7fb1f8095130", "frozen":true, "size":18, "memsize":928, "flags":{"wb_protected":true, "old":true, "uncollectible":true, "marked":true}}
{"address":"0x7fb1f8066e20", "type":"IMEMO", "class":"0x7fb1f8067eb0", "imemo_type":"ment", "memsize":48, "flags":{"wb_protected":true, "old":true, "uncollectible":true, "marked":true}}
{"address":"0x7fb1f8066e48", "type":"IMEMO", "class":"0x7fb1f8067eb0", "imemo_type":"ment", "memsize":48, "flags":{"wb_protected":true, "old":true, "uncollectible":true, "marked":true}}
{"address":"0x7fb1f8066e70", "type":"IMEMO", "class":"0x7fb1f8067eb0", "imemo_type":"ment", "memsize":48, "flags":{"wb_protected":true, "old":true, "uncollectible":true, "marked":true}}
{"address":"0x7fb1f8066e98", "type":"IMEMO", "class":"0x7fb1f8067eb0", "imemo_type":"ment", "memsize":48, "flags":{"wb_protected":true, "old":true, "uncollectible":true, "marked":true}}
{"address":"0x7fb1f8066ec0", "type":"IMEMO", "class":"0x7fb1f8067eb0", "imemo_type":"ment", "memsize":48, "flags":{"wb_protected":true, "old":true, "uncollectible":true, "marked":true}}
{"address":"0x7fb1f8066ee8", "type":"IMEMO", "class":"0x7fb1f8067eb0", "imemo_type":"ment", "memsize":48, "flags":{"wb_protected":true, "old":true, "uncollectible":true, "marked":true}}
{"address":"0x7fb1f8066f10", "type":"IMEMO", "class":"0x7fb1f8067eb0", "imemo_type":"ment", "memsize":48, "flags":{"wb_protected":true, "old":true, "uncollectible":true, "marked":true}}
{"address":"0x7fb1f8066f38", "type":"IMEMO", "class":"0x7fb1f8067eb0", "imemo_type":"ment", "memsize":48, "flags":{"wb_protected":true, "old":true, "uncollectible":true, "marked":true}}
{"address":"0x7fb1f8066f60", "type":"IMEMO", "class":"0x7fb1f8067eb0", "imemo_type":"ment", "memsize":48, "flags":{"wb_protected":true, "old":true, "uncollectible":true, "marked":true}}
{"address":"0x7fb1f8066f88", "type":"IMEMO", "class":"0x7fb1f8067eb0", "imemo_type":"ment", "memsize":48, "flags":{"wb_protected":true, "old":true, "uncollectible":true, "marked":true}}
{"address":"0x7fb1f8066fb0", "type":"IMEMO", "class":"0x7fb1f8067eb0", "imemo_type":"ment", "memsize":48, "flags":{"wb_protected":true, "old":true, "uncollectible":true, "marked":true}}
{"address":"0x7fb1f8066fd8", "type":"IMEMO", "class":"0x7fb1f8067eb0", "imemo_type":"ment", "memsize":48, "flags":{"wb_protected":true, "old":true, "uncollectible":true, "marked":true}}
{"address":"0x7fb1f8067000", "type":"IMEMO", "class":"0x7fb1f8067eb0", "imemo_type":"ment", "memsize":48, "flags":{"wb_protected":true, "old":true, "uncollectible":true, "marked":true}}
{"address":"0x7fb1f8067028", "type":"IMEMO", "class":"0x7fb1f8067eb0", "imemo_type":"ment", "memsize":48, "flags":{"wb_protected":true, "old":true, "uncollectible":true, "marked":true}}
{"address":"0x7fb1f8067050", "type":"IMEMO", "class":"0x7fb1f8067eb0", "imemo_type":"ment", "memsize":48, "flags":{"wb_protected":true, "old":true, "uncollectible":true, "marked":true}}
{"address":"0x7fb1f8067078", "type":"IMEMO", "class":"0x7fb1f8067eb0", "imemo_type":"ment", "memsize":48, "flags":{"wb_protected":true, "old":true, "uncollectible":true, "marked":true}}
{"address":"0x7fb1f80670a0", "type":"IMEMO", "class":"0x7fb1f8067eb0", "imemo_type":"ment", "memsize":48, "flags":{"wb_protected":true, "old":true, "uncollectible":true, "marked":true}}
{"address":"0x7fb1f80670c8", "type":"IMEMO", "class":"0x7fb1f8067eb0", "imemo_type":"ment", "memsize":48, "flags":{"wb_protected":true, "old":true, "uncollectible":true, "marked":true}}
{"address":"0x7fb1f80670f0", "type":"IMEMO", "class":"0x7fb1f8067eb0", "imemo_type":"ment", "memsize":48, "flags":{"wb_protected":true, "old":true, "uncollectible":true, "marked":true}}
{"address":"0x7fb1f8067118", "type":"IMEMO", "class":"0x7fb1f8067eb0", "imemo_type":"ment", "memsize":48, "flags":{"wb_protected":true, "old":true, "uncollectible":true, "marked":true}}
{"address":"0x7fb1f8067140", "type":"IMEMO", "class":"0x7fb1f8067eb0", "imemo_type":"ment", "memsize":48, "flags":{"wb_protected":true, "old":true, "uncollectible":true, "marked":true}}
{"address":"0x7fb1f8067168", "type":"IMEMO", "class":"0x7fb1f8067eb0", "imemo_type":"ment", "memsize":48, "flags":{"wb_protected":true, "old":true, "uncollectible":true, "marked":true}}
{"address":"0x7fb1f8067190", "type":"IMEMO", "class":"0x7fb1f8067eb0", "imemo_type":"ment", "memsize":48, "flags":{"wb_protected":true, "old":true, "uncollectible":true, "marked":true}}
{"address":"0x7fb1f80671b8", "type":"IMEMO", "class":"0x7fb1f8067eb0", "imemo_type":"ment", "memsize":48, "flags":{"wb_protected":true, "old":true, "uncollectible":true, "marked":true}}
{"address":"0x7fb1f80671e0", "type":"IMEMO", "class":"0x7fb1f8067eb0", "imemo_type":"ment", "memsize":48, "flags":{"wb_protected":true, "old":true, "uncollectible":true, "marked":true}}
{"address":"0x7fb1f8067208", "type":"STRING", "class":"0x7fb1f80b7578", "frozen":true, "embedded":true, "fstring":true, "bytesize":5, "value":"eager", "encoding":"US-ASCII", "memsize":40, "flags":{"wb_protected":true, "old":true, "uncollectible":true, "marked":true}}
{"address":"0x7fb1f8067230", "type":"IMEMO", "imemo_type":"iseq", "references":["0x7fb1f80d48f8", "0x7fb1f80d48f8", "0x7fb1f8067320", "0x7fb1f80172f8", "0x7fb1f808c788", "0x7fb1f8067460"], "memsize":1360, "flags":{"wb_protected":true, "old":true, "uncollectible":true, "marked":true}}
{"address":"0x7fb1f8067258", "type":"IMEMO", "class":"0x7fb1f8067eb0", "imemo_type":"ment", "memsize":48, "flags":{"wb_protected":true, "old":true, "uncollectible":true, "marked":true}}
{"address":"0x7fb1f8067280", "type":"IMEMO", "class":"0x7fb1f8067eb0", "imemo_type":"ment", "memsize":48, "flags":{"wb_protected":true, "old":true, "uncollectible":true, "marked":true}}
{"address":"0x7fb1f80672a8", "type":"IMEMO", "class":"0x7fb1f8067eb0", "imemo_type":"ment", "memsize":48, "flags":{"wb_protected":true, "old":true, "uncollectible":true, "marked":true}}
{"address":"0x7fb1f80672d0", "type":"IMEMO", "class":"0x7fb1f8067eb0", "imemo_type":"ment", "memsize":48, "flags":{"wb_protected":true, "old":true, "uncollectible":true, "marked":true}}
{"address":"0x7fb1f80672f8", "type":"STRING", "class":"0x7fb1f80b7578", "frozen":true, "embedded":true, "fstring":true, "bytesize":22, "value":"_enumerable_with_index", "encoding":"US-ASCII", "memsize":40, "flags":{"wb_protected":true, "old":true, "uncollectible":true, "marked":true}}
{"address":"0x7fb1f8067320", "type":"STRING", "class":"0x7fb1f80b7578", "frozen":true, "fstring":true, "bytesize":40, "value":"block in reset_nil_attributes_to_default", "memsize":81, "flags":{"wb_protected":true, "old":true, "uncollectible":true, "marked":true}}
{"address":"0x7fb1f8067348", "type":"IMEMO", "class":"0x7fb1f8067eb0", "imemo_type":"ment", "references":["0x7fb1f8067370"], "memsize":48, "flags":{"wb_protected":true, "old":true, "uncollectible":true, "marked":true}}
{"address":"0x7fb1f8067370", "type":"IMEMO", "imemo_type":"ment", "references":["0x7fb1f80bcf28"], "memsize":48, "flags":{"wb_protected":true, "old":true, "uncollectible":true, "marked":true}}
{"address":"0x7fb1f8067398", "type":"STRING", "class":"0x7fb1f80b7578", "frozen":true, "embedded":true, "fstring":true, "bytesize":16, "value":"_enumerable_uniq", "encoding":"US-ASCII", "memsize":40, "flags":{"wb_protected":true, "old":true, "uncollectible":true, "marked":true}}
{"address":"0x7fb1f80673c0", "type":"STRING", "class":"0x7fb1f80b7578", "frozen":true, "embedded":true, "fstring":true, "bytesize":20, "value":"bundler/cli/cache.rb", "encoding":"UTF-8", "memsize":40, "flags":{"wb_protected":true, "old":true, "uncollectible":true, "marked":true}}
{"address":"0x7fb1f80673e8", "type":"IMEMO", "class":"0x7fb1f8067eb0", "imemo_type":"ment", "references":["0x7fb1f8067410"], "memsize":48, "flags":{"wb_protected":true, "old":true, "uncollectible":true, "marked":true}}
{"address":"0x7fb1f8067410", "type":"IMEMO", "imemo_type":"ment", "references":["0x7fb1f80bcf28"], "memsize":48, "flags":{"wb_protected":true, "old":true, "uncollectible":true, "marked":true}}
{"address":"0x7fb1f8067438", "type":"STRING", "class":"0x7fb1f80b7578", "frozen":true, "embedded":true, "fstring":true, "bytesize":22, "value":"_enumerable_drop_while", "encoding":"US-ASCII", "memsize":40, "flags":{"wb_protected":true, "old":true, "uncollectible":true, "marked":true}}
{"address":"0x7fb1f8067460", "type":"IMEMO", "imemo_type":"iseq", "references":["0x7fb1f8067230", "0x7fb1f80666c8", "0x7fb1f80172f8", "0x7fb1f80172f8", "0x7fb1f808c788", "0x7fb1f8067230", "0x7fb1f80666c8"], "memsize":1192, "flags":{"wb_protected":true, "old":true, "uncollectible":true, "marked":true}}
{"address":"0x7fb1f8067488", "type":"IMEMO", "class":"0x7fb1f8067eb0", "imemo_type":"ment", "references":["0x7fb1f80674b0"], "memsize":48, "flags":{"wb_protected":true, "old":true, "uncollectible":true, "marked":true}}
{"address":"0x7fb1f80674b0", "type":"IMEMO", "imemo_type":"ment", "references":["0x7fb1f80bcf28"], "memsize":48, "flags":{"wb_protected":true, "old":true, "uncollectible":true, "marked":true}}
{"address":"0x7fb1f80674d8", "type":"STRING", "class":"0x7fb1f80b7578", "frozen":true, "embedded":true, "fstring":true, "bytesize":16, "value":"_enumerable_drop", "encoding":"US-ASCII", "memsize":40, "flags":{"wb_protected":true, "old":true, "uncollectible":true, "marked":true}}
{"address":"0x7fb1f8067500", "type":"STRING", "class":"0x7fb1f80b7578", "frozen":true, "embedded":true, "fstring":true, "bytesize":23, "value":"bundler/cli/binstubs.rb", "encoding":"UTF-8", "memsize":40, "flags":{"wb_protected":true, "old":true, "uncollectible":true, "marked":true}}
{"address":"0x7fb1f8067528", "type":"IMEMO", "class":"0x7fb1f8067eb0", "imemo_type":"ment", "references":["0x7fb1f8067550"], "memsize":48, "flags":{"wb_protected":true, "old":true, "uncollectible":true, "marked":true}}
{"address":"0x7fb1f8067550", "type":"IMEMO", "imemo_type":"ment", "references":["0x7fb1f80bcf28"], "memsize":48, "flags":{"wb_protected":true, "old":true, "uncollectible":true, "marked":true}}
{"address":"0x7fb1f8067578", "type":"STRING", "class":"0x7fb1f80b7578", "frozen":true, "embedded":true, "fstring":true, "bytesize":22, "value":"_enumerable_take_while", "encoding":"US-ASCII", "memsize":40, "flags":{"wb_protected":true, "old":true, "uncollectible":true, "marked":true}}
{"address":"0x7fb1f80675a0", "type":"STRING", "class":"0x7fb1f80b7578", "frozen":true, "embedded":true, "fstring":true, "bytesize":18, "value":"bundler/cli/add.rb", "encoding":"UTF-8", "memsize":40, "flags":{"wb_protected":true, "old":true, "uncollectible":true, "marked":true}}
{"address":"0x7fb1f80675c8", "type":"IMEMO", "class":"0x7fb1f8067eb0", "imemo_type":"ment", "references":["0x7fb1f80675f0"], "memsize":48, "flags":{"wb_protected":true, "old":true, "uncollectible":true, "marked":true}}
{"address":"0x7fb1f80675f0", "type":"IMEMO", "imemo_type":"ment", "references":["0x7fb1f80bcf28"], "memsize":48, "flags":{"wb_protected":true, "old":true, "uncollectible":true, "marked":true}}
{"address":"0x7fb1f8067618", "type":"STRING", "class":"0x7fb1f80b7578", "frozen":true, "embedded":true, "fstring":true, "bytesize":16, "value":"_enumerable_take", "encoding":"US-ASCII", "memsize":40, "flags":{"wb_protected":true, "old":true, "uncollectible":true, "marked":true}}
{"address":"0x7fb1f8067640", "type":"STRING", "class":"0x7fb1f80b7578", "frozen":true, "embedded":true, "fstring":true, "bytesize":14, "value":"bundler/cli.rb", "encoding":"UTF-8", "memsize":40, "flags":{"wb_protected":true, "old":true, "uncollectible":true, "marked":true}}
{"address":"0x7fb1f8067668", "type":"IMEMO", "class":"0x7fb1f8067eb0", "imemo_type":"ment", "references":["0x7fb1f8067690"], "memsize":48, "flags":{"wb_protected":true, "old":true, "uncollectible":true, "marked":true}}
{"address":"0x7fb1f8067690", "type":"IMEMO", "imemo_type":"ment", "references":["0x7fb1f80bcf28"], "memsize":48, "flags":{"wb_protected":true, "old":true, "uncollectible":true, "marked":true}}
{"address":"0x7fb1f80676b8", "type":"STRING", "class":"0x7fb1f80b7578", "frozen":true, "embedded":true, "fstring":true, "bytesize":15, "value":"_enumerable_zip", "encoding":"US-ASCII", "memsize":40, "flags":{"wb_protected":true, "old":true, "uncollectible":true, "marked":true}}
{"address":"0x7fb1f80676e0", "type":"STRING", "class":"0x7fb1f80b7578", "frozen":true, "embedded":true, "fstring":true, "bytesize":21, "value":"bundler/capistrano.rb", "encoding":"UTF-8", "memsize":40, "flags":{"wb_protected":true, "old":true, "uncollectible":true, "marked":true}}
{"address":"0x7fb1f8067708", "type":"IMEMO", "class":"0x7fb1f8067eb0", "imemo_type":"ment", "references":["0x7fb1f8067730"], "memsize":48, "flags":{"wb_protected":true, "old":true, "uncollectible":true, "marked":true}}
{"address":"0x7fb1f8067730", "type":"IMEMO", "imemo_type":"ment", "references":["0x7fb1f80bcf28"], "memsize":48, "flags":{"wb_protected":true, "old":true, "uncollectible":true, "marked":true}}
{"address":"0x7fb1f8067758", "type":"STRING", "class":"0x7fb1f80b7578", "frozen":true, "embedded":true, "fstring":true, "bytesize":18, "value":"_enumerable_grep_v", "encoding":"US-ASCII", "memsize":40, "flags":{"wb_protected":true, "old":true, "uncollectible":true, "marked":true}}
{"address":"0x7fb1f8067780", "type":"STRING", "class":"0x7fb1f80b7578", "frozen":true, "embedded":true, "fstring":true, "bytesize":8, "value":"@authors", "encoding":"US-ASCII", "memsize":40, "flags":{"wb_protected":true, "old":true, "uncollectible":true, "marked":true}}
{"address":"0x7fb1f80677a8", "type":"IMEMO", "class":"0x7fb1f8067eb0", "imemo_type":"ment", "references":["0x7fb1f80677d0"], "memsize":48, "flags":{"wb_protected":true, "old":true, "uncollectible":true, "marked":true}}
{"address":"0x7fb1f80677d0", "type":"IMEMO", "imemo_type":"ment", "references":["0x7fb1f80bcf28"], "memsize":48, "flags":{"wb_protected":true, "old":true, "uncollectible":true, "marked":true}}
{"address":"0x7fb1f80677f8", "type":"STRING", "class":"0x7fb1f80b7578", "frozen":true, "embedded":true, "fstring":true, "bytesize":16, "value":"_enumerable_grep", "encoding":"US-ASCII", "memsize":40, "flags":{"wb_protected":true, "old":true, "uncollectible":true, "marked":true}}
{"address":"0x7fb1f8067820", "type":"STRING", "class":"0x7fb1f80b7578", "frozen":true, "fstring":true, "bytesize":25, "value":"bundler/build_metadata.rb", "encoding":"UTF-8", "memsize":66, "flags":{"wb_protected":true, "old":true, "uncollectible":true, "marked":true}}
{"address":"0x7fb1f8067848", "type":"IMEMO", "class":"0x7fb1f8067eb0", "imemo_type":"ment", "references":["0x7fb1f8067870"], "memsize":48, "flags":{"wb_protected":true, "old":true, "uncollectible":true, "marked":true}}
{"address":"0x7fb1f8067870", "type":"IMEMO", "imemo_type":"ment", "references":["0x7fb1f80bcf28"], "memsize":48, "flags":{"wb_protected":true, "old":true, "uncollectible":true, "marked":true}}
{"address":"0x7fb1f8067898", "type":"STRING", "class":"0x7fb1f80b7578", "frozen":true, "embedded":true, "fstring":true, "bytesize":18, "value":"_enumerable_reject", "encoding":"US-ASCII", "memsize":40, "flags":{"wb_protected":true, "old":true, "uncollectible":true, "marked":true}}
{"address":"0x7fb1f80678c0", "type":"STRING", "class":"0x7fb1f80b7578", "frozen":true, "embedded":true, "fstring":true, "bytesize":10, "value":"bundler.rb", "encoding":"UTF-8", "memsize":40, "flags":{"wb_protected":true, "old":true, "uncollectible":true, "marked":true}}
{"address":"0x7fb1f80678e8", "type":"IMEMO", "class":"0x7fb1f8067eb0", "imemo_type":"ment", "references":["0x7fb1f8067910"], "memsize":48, "flags":{"wb_protected":true, "old":true, "uncollectible":true, "marked":true}}
{"address":"0x7fb1f8067910", "type":"IMEMO", "imemo_type":"ment", "references":["0x7fb1f80bcf28"], "memsize":48, "flags":{"wb_protected":true, "old":true, "uncollectible":true, "marked":true}}
{"address":"0x7fb1f8067938", "type":"STRING", "class":"0x7fb1f80b7578", "frozen":true, "embedded":true, "fstring":true, "bytesize":22, "value":"_enumerable_filter_map", "encoding":"US-ASCII", "memsize":40, "flags":{"wb_protected":true, "old":true, "uncollectible":true, "marked":true}}
{"address":"0x7fb1f8067960", "type":"STRING", "class":"0x7fb1f80b7578", "frozen":true, "embedded":true, "fstring":true, "bytesize":15, "value":"team@bundler.io", "encoding":"UTF-8", "memsize":40, "flags":{"wb_protected":true, "old":true, "uncollectible":true, "marked":true}}
{"address":"0x7fb1f8067988", "type":"IMEMO", "class":"0x7fb1f8067eb0", "imemo_type":"ment", "references":["0x7fb1f80679b0"], "memsize":48, "flags":{"wb_protected":true, "old":true, "uncollectible":true, "marked":true}}
{"address":"0x7fb1f80679b0", "type":"IMEMO", "imemo_type":"ment", "references":["0x7fb1f80bcf28"], "memsize":48, "flags":{"wb_protected":true, "old":true, "uncollectible":true, "marked":true}}
{"address":"0x7fb1f80679d8", "type":"STRING", "class":"0x7fb1f80b7578", "frozen":true, "embedded":true, "fstring":true, "bytesize":18, "value":"_enumerable_filter", "encoding":"US-ASCII", "memsize":40, "flags":{"wb_protected":true, "old":true, "uncollectible":true, "marked":true}}
{"address":"0x7fb1f8067a00", "type":"STRING", "class":"0x7fb1f80b7578", "frozen":true, "embedded":true, "fstring":true, "bytesize":8, "value":"authors=", "encoding":"US-ASCII", "memsize":40, "flags":{"wb_protected":true, "old":true, "uncollectible":true, "marked":true}}
{"address":"0x7fb1f8067a28", "type":"IMEMO", "class":"0x7fb1f8067eb0", "imemo_type":"ment", "references":["0x7fb1f8067a50"], "memsize":48, "flags":{"wb_protected":true, "old":true, "uncollectible":true, "marked":true}}
{"address":"0x7fb1f8067a50", "type":"IMEMO", "imemo_type":"ment", "references":["0x7fb1f80bcf28"], "memsize":48, "flags":{"wb_protected":true, "old":true, "uncollectible":true, "marked":true}}
{"address":"0x7fb1f8067a78", "type":"STRING", "class":"0x7fb1f80b7578", "frozen":true, "embedded":true, "fstring":true, "bytesize":20, "value":"_enumerable_find_all", "encoding":"US-ASCII", "memsize":40, "flags":{"wb_protected":true, "old":true, "uncollectible":true, "marked":true}}
{"address":"0x7fb1f8067aa0", "type":"STRING", "class":"0x7fb1f80b7578", "frozen":true, "fstring":true, "bytesize":122, "value":"Bundler manages an application's dependencies through its entire life, across many machines, systematically and repeatably", "encoding":"UTF-8", "memsize":163, "flags":{"wb_protected":true, "old":true, "uncollectible":true, "marked":true}}
{"address":"0x7fb1f8067ac8", "type":"IMEMO", "class":"0x7fb1f8067eb0", "imemo_type":"ment", "references":["0x7fb1f8067af0"], "memsize":48, "flags":{"wb_protected":true, "old":true, "uncollectible":true, "marked":true}}
{"address":"0x7fb1f8067af0", "type":"IMEMO", "imemo_type":"ment", "references":["0x7fb1f80bcf28"], "memsize":48, "flags":{"wb_protected":true, "old":true, "uncollectible":true, "marked":true}}
{"address":"0x7fb1f8067b18", "type":"STRING", "class":"0x7fb1f80b7578", "frozen":true, "embedded":true, "fstring":true, "bytesize":18, "value":"_enumerable_select", "encoding":"US-ASCII", "memsize":40, "flags":{"wb_protected":true, "old":true, "uncollectible":true, "marked":true}}
{"address":"0x7fb1f8067b40", "type":"HASH", "frozen":true, "size":1, "references":["0x7fb1f8045108"], "memsize":192, "flags":{"wb_protected":true, "old":true, "uncollectible":true, "marked":true}}
{"address":"0x7fb1f8067b68", "type":"IMEMO", "class":"0x7fb1f8067eb0", "imemo_type":"ment", "references":["0x7fb1f8067b90"], "memsize":48, "flags":{"wb_protected":true, "old":true, "uncollectible":true, "marked":true}}
{"address":"0x7fb1f8067b90", "type":"IMEMO", "imemo_type":"ment", "references":["0x7fb1f80bcf28"], "memsize":48, "flags":{"wb_protected":true, "old":true, "uncollectible":true, "marked":true}}
{"address":"0x7fb1f8067bb8", "type":"STRING", "class":"0x7fb1f80b7578", "frozen":true, "fstring":true, "bytesize":26, "value":"_enumerable_collect_concat", "encoding":"US-ASCII", "memsize":67, "flags":{"wb_protected":true, "old":true, "uncollectible":true, "marked":true}}
{"address":"0x7fb1f8067be0", "type":"IMEMO", "imemo_type":"iseq", "references":["0x7fb1f8067b40", "0x7fb1f8045108", "0x7fb1f80d48f8", "0x7fb1f8067c80", "0x7fb1f807f5d8", "0x7fb1f808c788", "0x7fb1f8067dc0"], "memsize":1680, "flags":{"wb_protected":true, "old":true, "uncollectible":true, "marked":true}}
{"address":"0x7fb1f8067c08", "type":"IMEMO", "class":"0x7fb1f8067eb0", "imemo_type":"ment", "references":["0x7fb1f8067c30"], "memsize":48, "flags":{"wb_protected":true, "old":true, "uncollectible":true, "marked":true}}
{"address":"0x7fb1f8067c30", "type":"IMEMO", "imemo_type":"ment", "references":["0x7fb1f80bcf28"], "memsize":48, "flags":{"wb_protected":true, "old":true, "uncollectible":true, "marked":true}}
{"address":"0x7fb1f8067c58", "type":"STRING", "class":"0x7fb1f80b7578", "frozen":true, "embedded":true, "fstring":true, "bytesize":20, "value":"_enumerable_flat_map", "encoding":"US-ASCII", "memsize":40, "flags":{"wb_protected":true, "old":true, "uncollectible":true, "marked":true}}
{"address":"0x7fb1f8067c80", "type":"STRING", "class":"0x7fb1f80b7578", "frozen":true, "fstring":true, "bytesize":24, "value":"block in yaml_initialize", "memsize":65, "flags":{"wb_protected":true, "old":true, "uncollectible":true, "marked":true}}
{"address":"0x7fb1f8067ca8", "type":"IMEMO", "class":"0x7fb1f8067eb0", "imemo_type":"ment", "references":["0x7fb1f8067cd0"], "memsize":48, "flags":{"wb_protected":true, "old":true, "uncollectible":true, "marked":true}}
{"address":"0x7fb1f8067cd0", "type":"IMEMO", "imemo_type":"ment", "references":["0x7fb1f80bcf28"], "memsize":48, "flags":{"wb_protected":true, "old":true, "uncollectible":true, "marked":true}}
{"address":"0x7fb1f8067cf8", "type":"STRING", "class":"0x7fb1f80b7578", "frozen":true, "embedded":true, "fstring":true, "bytesize":19, "value":"_enumerable_collect", "encoding":"US-ASCII", "memsize":40, "flags":{"wb_protected":true, "old":true, "uncollectible":true, "marked":true}}
{"address":"0x7fb1f8067d20", "type":"STRING", "class":"0x7fb1f80b7578", "frozen":true, "embedded":true, "fstring":true, "bytesize":7, "value":"libexec", "encoding":"UTF-8", "memsize":40, "flags":{"wb_protected":true, "old":true, "uncollectible":true, "marked":true}}
{"address":"0x7fb1f8067d48", "type":"IMEMO", "class":"0x7fb1f8067eb0", "imemo_type":"ment", "references":["0x7fb1f8067d70"], "memsize":48, "flags":{"wb_protected":true, "old":true, "uncollectible":true, "marked":true}}
{"address":"0x7fb1f8067d70", "type":"IMEMO", "imemo_type":"ment", "references":["0x7fb1f80bcf28"], "memsize":48, "flags":{"wb_protected":true, "old":true, "uncollectible":true, "marked":true}}
{"address":"0x7fb1f8067d98", "type":"STRING", "class":"0x7fb1f80b7578", "frozen":true, "embedded":true, "fstring":true, "bytesize":15, "value":"_enumerable_map", "encoding":"US-ASCII", "memsize":40, "flags":{"wb_protected":true, "old":true, "uncollectible":true, "marked":true}}
{"address":"0x7fb1f8067dc0", "type":"IMEMO", "imemo_type":"iseq", "references":["0x7fb1f8067be0", "0x7fb1f807f5d8", "0x7fb1f807f5d8", "0x7fb1f808c788", "0x7fb1f8067be0"], "memsize":1120, "flags":{"wb_protected":true, "old":true, "uncollectible":true, "marked":true}}
{"address":"0x7fb1f8067de8", "type":"IMEMO", "imemo_type":"ment", "references":["0x7fb1f80bcf28"], "memsize":48, "flags":{"wb_protected":true, "old":true, "uncollectible":true, "marked":true}}
{"address":"0x7fb1f8067e10", "type":"STRING", "class":"0x7fb1f80b7578", "frozen":true, "embedded":true, "fstring":true, "bytesize":4, "value":"lazy", "encoding":"US-ASCII", "memsize":40, "flags":{"wb_protected":true, "old":true, "uncollectible":true, "marked":true}}
{"address":"0x7fb1f8067e38", "type":"IMEMO", "imemo_type":"iseq", "references":["0x7fb1f8045798", "0x7fb1f8045798", "0x7fb1f808c788"], "memsize":384, "flags":{"wb_protected":true, "old":true, "uncollectible":true, "marked":true}}
{"address":"0x7fb1f8067e60", "type":"STRING", "class":"0x7fb1f80b7578", "frozen":true, "embedded":true, "bytesize":16, "value":"Enumerator::Lazy", "encoding":"US-ASCII", "memsize":40, "flags":{"wb_protected":true, "old":true, "uncollectible":true, "marked":true}}
{"address":"0x7fb1f8067e88", "type":"CLASS", "class":"0x7fb1f80bf700", "name":"Class", "references":["0x7fb1f806c488", "0x7fb1f8067eb0"], "memsize":464, "flags":{"wb_protected":true, "old":true, "uncollectible":true, "marked":true}}
{"address":"0x7fb1f8067eb0", "type":"CLASS", "class":"0x7fb1f8067e88", "name":"Enumerator::Lazy", "references":["0x7fb1f806c4b0", "0x7fb1f8067988", "0x7fb1f80678e8", "0x7fb1f8067848", "0x7fb1f80677a8", "0x7fb1f8067708", "0x7fb1f8067668", "0x7fb1f80675c8", "0x7fb1f8067528", "0x7fb1f8067488", "0x7fb1f80673e8", "0x7fb1f8067348", "0x7fb1f80672d0", "0x7fb1f80671e0", "0x7fb1f8067000", "0x7fb1f8066fd8", "0x7fb1f8066fb0", "0x7fb1f8066ee8", "0x7fb1f8066f60", "0x7fb1f8066e98", "0x7fb1f8066f10", "0x7fb1f8066f88", "0x7fb1f8066e70", "0x7fb1f8066e48", "0x7fb1f8066ec0", "0x7fb1f80672a8", "0x7fb1f8067050", "0x7fb1f8067028", "0x7fb1f80670f0", "0x7fb1f8067118", "0x7fb1f80670c8", "0x7fb1f80670a0", "0x7fb1f8067078", "0x7fb1f8067190", "0x7fb1f80671b8", "0x7fb1f8067168", "0x7fb1f8067280", "0x7fb1f8067140", "0x7fb1f8067258", "0x7fb1f8066e20", "0x7fb1f8066da8", "0x7fb1f8066f38", "0x7fb1f8067d48", "0x7fb1f8067ca8", "0x7fb1f8067c08", "0x7fb1f8067b68", "0x7fb1f8067ac8", "0x7fb1f8067a28", "0x7fb1f8067e60"], "memsize":2512, "flags":{"wb_protected":true, "old":true, "uncollectible":true, "marked":true}}
{"address":"0x7fb1f8067ed8", "type":"STRING", "class":"0x7fb1f80b7578", "frozen":true, "embedded":true, "fstring":true, "bytesize":4, "value":"Lazy", "encoding":"US-ASCII", "memsize":40, "flags":{"wb_protected":true, "old":true, "uncollectible":true, "marked":true}}
{"address":"0x7fb1f8067f00", "type":"STRING", "class":"0x7fb1f80b7578", "frozen":true, "embedded":true, "fstring":true, "bytesize":7, "value":"> 1.3.1", "encoding":"UTF-8", "memsize":40, "flags":{"wb_protected":true, "old":true, "uncollectible":true, "marked":true}}
{"address":"0x7fb1f8067f28", "type":"IMEMO", "imemo_type":"ment", "references":["0x7fb1f80bcf28"], "memsize":48, "flags":{"wb_protected":true, "old":true, "uncollectible":true, "marked":true}}
{"address":"0x7fb1f8067f50", "type":"STRING", "class":"0x7fb1f80b7578", "frozen":true, "embedded":true, "fstring":true, "bytesize":5, "value":"chain", "encoding":"US-ASCII", "memsize":40, "flags":{"wb_protected":true, "old":true, "uncollectible":true, "marked":true}}
{"address":"0x7fb1f8067f78", "type":"STRING", "class":"0x7fb1f80b7578", "frozen":true, "embedded":true, "fstring":true, "bytesize":8, "value":"rubygems", "encoding":"UTF-8", "memsize":40, "flags":{"wb_protected":true, "old":true, "uncollectible":true, "marked":true}}
{"address":"0x7fb1f8067fa0", "type":"IMEMO", "class":"0x7fb1f806c4b0", "imemo_type":"ment", "memsize":48, "flags":{"wb_protected":true, "old":true, "uncollectible":true, "marked":true}}
{"address":"0x7fb1f806c028", "type":"IMEMO", "class":"0x7fb1f806c4b0", "imemo_type":"ment", "memsize":48, "flags":{"wb_protected":true, "old":true, "uncollectible":true, "marked":true}}
{"address":"0x7fb1f806c050", "type":"IMEMO", "class":"0x7fb1f806c4b0", "imemo_type":"ment", "memsize":48, "flags":{"wb_protected":true, "old":true, "uncollectible":true, "marked":true}}
{"address":"0x7fb1f806c078", "type":"IMEMO", "class":"0x7fb1f806c4b0", "imemo_type":"ment", "memsize":48, "flags":{"wb_protected":true, "old":true, "uncollectible":true, "marked":true}}
{"address":"0x7fb1f806c0a0", "type":"IMEMO", "class":"0x7fb1f806c4b0", "imemo_type":"ment", "memsize":48, "flags":{"wb_protected":true, "old":true, "uncollectible":true, "marked":true}}
{"address":"0x7fb1f806c0c8", "type":"STRING", "class":"0x7fb1f80b7578", "frozen":true, "embedded":true, "fstring":true, "bytesize":4, "value":"feed", "encoding":"US-ASCII", "memsize":40, "flags":{"wb_protected":true, "old":true, "uncollectible":true, "marked":true}}
{"address":"0x7fb1f806c0f0", "type":"STRING", "class":"0x7fb1f80b7578", "frozen":true, "embedded":true, "fstring":true, "bytesize":11, "value":"Carl Lerche", "encoding":"UTF-8", "memsize":40, "flags":{"wb_protected":true, "old":true, "uncollectible":true, "marked":true}}
{"address":"0x7fb1f806c118", "type":"IMEMO", "class":"0x7fb1f806c4b0", "imemo_type":"ment", "memsize":48, "flags":{"wb_protected":true, "old":true, "uncollectible":true, "marked":true}}
{"address":"0x7fb1f806c140", "type":"STRING", "class":"0x7fb1f80b7578", "frozen":true, "embedded":true, "fstring":true, "bytesize":4, "value":"peek", "encoding":"US-ASCII", "memsize":40, "flags":{"wb_protected":true, "old":true, "uncollectible":true, "marked":true}}
{"address":"0x7fb1f806c168", "type":"STRING", "class":"0x7fb1f80b7578", "frozen":true, "embedded":true, "fstring":true, "bytesize":11, "value":"Terence Lee", "encoding":"UTF-8", "memsize":40, "flags":{"wb_protected":true, "old":true, "uncollectible":true, "marked":true}}
{"address":"0x7fb1f806c190", "type":"IMEMO", "class":"0x7fb1f806c4b0", "imemo_type":"ment", "memsize":48, "flags":{"wb_protected":true, "old":true, "uncollectible":true, "marked":true}}
{"address":"0x7fb1f806c1b8", "type":"IMEMO", "class":"0x7fb1f806c4b0", "imemo_type":"ment", "memsize":48, "flags":{"wb_protected":true, "old":true, "uncollectible":true, "marked":true}}
{"address":"0x7fb1f806c1e0", "type":"STRING", "class":"0x7fb1f80b7578", "frozen":true, "embedded":true, "fstring":true, "bytesize":11, "value":"peek_values", "encoding":"US-ASCII", "memsize":40, "flags":{"wb_protected":true, "old":true, "uncollectible":true, "marked":true}}
{"address":"0x7fb1f806c208", "type":"STRING", "class":"0x7fb1f80b7578", "frozen":true, "embedded":true, "fstring":true, "bytesize":19, "value":"@require_io_console", "encoding":"US-ASCII", "memsize":40, "flags":{"wb_protected":true, "old":true, "uncollectible":true, "marked":true}}
{"address":"0x7fb1f806c230", "type":"IMEMO", "class":"0x7fb1f806c4b0", "imemo_type":"ment", "memsize":48, "flags":{"wb_protected":true, "old":true, "uncollectible":true, "marked":true}}
{"address":"0x7fb1f806c258", "type":"STRING", "class":"0x7fb1f80b7578", "frozen":true, "embedded":true, "fstring":true, "bytesize":11, "value":"next_values", "encoding":"US-ASCII", "memsize":40, "flags":{"wb_protected":true, "old":true, "uncollectible":true, "marked":true}}
{"address":"0x7fb1f806c280", "type":"STRING", "class":"0x7fb1f80b7578", "frozen":true, "embedded":true, "fstring":true, "bytesize":20, "value":"Jessica Lynn Suttles", "encoding":"UTF-8", "memsize":40, "flags":{"wb_protected":true, "old":true, "uncollectible":true, "marked":true}}
{"address":"0x7fb1f806c2a8", "type":"IMEMO", "class":"0x7fb1f806c4b0", "imemo_type":"ment", "memsize":48, "flags":{"wb_protected":true, "old":true, "uncollectible":true, "marked":true}}
{"address":"0x7fb1f806c2d0", "type":"STRING", "class":"0x7fb1f80b7578", "frozen":true, "embedded":true, "fstring":true, "bytesize":11, "value":"with_object", "encoding":"US-ASCII", "memsize":40, "flags":{"wb_protected":true, "old":true, "uncollectible":true, "marked":true}}
{"address":"0x7fb1f806c2f8", "type":"STRING", "class":"0x7fb1f80b7578", "frozen":true, "embedded":true, "fstring":true, "bytesize":15, "encoding":"UTF-8", "memsize":40, "flags":{"wb_protected":true, "old":true, "uncollectible":true, "marked":true}}
{"address":"0x7fb1f806c320", "type":"IMEMO", "class":"0x7fb1f806c4b0", "imemo_type":"ment", "memsize":48, "flags":{"wb_protected":true, "old":true, "uncollectible":true, "marked":true}}
{"address":"0x7fb1f806c348", "type":"STRING", "class":"0x7fb1f80b7578", "frozen":true, "embedded":true, "fstring":true, "bytesize":10, "value":"with_index", "encoding":"US-ASCII", "memsize":40, "flags":{"wb_protected":true, "old":true, "uncollectible":true, "marked":true}}
{"address":"0x7fb1f806c398", "type":"IMEMO", "class":"0x7fb1f806c4b0", "imemo_type":"ment", "memsize":48, "flags":{"wb_protected":true, "old":true, "uncollectible":true, "marked":true}}
{"address":"0x7fb1f806c3c0", "type":"IMEMO", "class":"0x7fb1f806c4b0", "imemo_type":"ment", "memsize":48, "flags":{"wb_protected":true, "old":true, "uncollectible":true, "marked":true}}
{"address":"0x7fb1f806c3e8", "type":"IMEMO", "class":"0x7fb1f806c4b0", "imemo_type":"ment", "memsize":48, "flags":{"wb_protected":true, "old":true, "uncollectible":true, "marked":true}}
{"address":"0x7fb1f806c410", "type":"IMEMO", "class":"0x7fb1f806c4b0", "imemo_type":"ment", "memsize":48, "flags":{"wb_protected":true, "old":true, "uncollectible":true, "marked":true}}
{"address":"0x7fb1f806c438", "type":"IMEMO", "class":"0x7fb1f806c4b0", "imemo_type":"ment", "memsize":48, "flags":{"wb_protected":true, "old":true, "uncollectible":true, "marked":true}}
{"address":"0x7fb1f806c460", "type":"ICLASS", "class":"0x7fb1f80bcf28", "references":["0x7fb1f80c5240", "0x7fb1f80deec0"], "memsize":40, "flags":{"uncollectible":true, "marked":true}}
{"address":"0x7fb1f806c488", "type":"CLASS", "class":"0x7fb1f80bf700", "name":"Class", "references":["0x7fb1f80bf6b0", "0x7fb1f80668a8", "0x7fb1f806c4b0"], "memsize":528, "flags":{"wb_protected":true, "old":true, "uncollectible":true, "marked":true}}
{"address":"0x7fb1f806c4b0", "type":"CLASS", "class":"0x7fb1f806c488", "name":"Enumerator", "references":["0x7fb1f806c460", "0x7fb1f806c438", "0x7fb1f806c398", "0x7fb1f806c410", "0x7fb1f8067fa0", "0x7fb1f806c050", "0x7fb1f806c078", "0x7fb1f806c190", "0x7fb1f806c320", "0x7fb1f806c2a8", "0x7fb1f806c230", "0x7fb1f806c1b8", "0x7fb1f806c118", "0x7fb1f806c0a0", "0x7fb1f806c028", "0x7fb1f806c3e8", "0x7fb1f806c3c0", "0x7fb1f806c4d8", "0x7fb1f8067eb0", "0x7fb1f8066998", "0x7fb1f8066830", "0x7fb1f8066678", "0x7fb1f8066c68", "0x7fb1f8066b00"], "memsize":1128, "flags":{"wb_protected":true, "old":true, "uncollectible":true, "marked":true}}
{"address":"0x7fb1f806c4d8", "type":"STRING", "class":"0x7fb1f80b7578", "frozen":true, "embedded":true, "fstring":true, "bytesize":10, "value":"Enumerator", "encoding":"US-ASCII", "memsize":40, "flags":{"wb_protected":true, "old":true, "uncollectible":true, "marked":true}}
{"address":"0x7fb1f806c500", "type":"STRING", "class":"0x7fb1f80b7578", "frozen":true, "embedded":true, "fstring":true, "bytesize":11, "value":"@extensions", "encoding":"US-ASCII", "memsize":40, "flags":{"wb_protected":true, "old":true, "uncollectible":true, "marked":true}}
{"address":"0x7fb1f806c528", "type":"IMEMO", "imemo_type":"ment", "references":["0x7fb1f80c4ef8"], "memsize":48, "flags":{"wb_protected":true, "old":true, "uncollectible":true, "marked":true}}
{"address":"0x7fb1f806c550", "type":"STRING", "class":"0x7fb1f80b7578", "frozen":true, "embedded":true, "fstring":true, "bytesize":8, "value":"enum_for", "encoding":"US-ASCII", "memsize":40, "flags":{"wb_protected":true, "old":true, "uncollectible":true, "marked":true}}
{"address":"0x7fb1f806c578", "type":"STRING", "class":"0x7fb1f80b7578", "frozen":true, "embedded":true, "fstring":true, "bytesize":9, "value":"Tim Moore", "encoding":"UTF-8", "memsize":40, "flags":{"wb_protected":true, "old":true, "uncollectible":true, "marked":true}}
{"address":"0x7fb1f806c5a0", "type":"IMEMO", "imemo_type":"ment", "references":["0x7fb1f80c4ef8"], "memsize":48, "flags":{"wb_protected":true, "old":true, "uncollectible":true, "marked":true}}
{"address":"0x7fb1f806c5c8", "type":"STRING", "class":"0x7fb1f80b7578", "frozen":true, "embedded":true, "fstring":true, "bytesize":11, "value":"exclude_end", "encoding":"US-ASCII", "memsize":40, "flags":{"wb_protected":true, "old":true, "uncollectible":true, "marked":true}}
{"address":"0x7fb1f806c5f0", "type":"STRING", "class":"0x7fb1f80b7578", "frozen":true, "embedded":true, "fstring":true, "bytesize":9, "value":"James Wen", "encoding":"UTF-8", "memsize":40, "flags":{"wb_protected":true, "old":true, "uncollectible":true, "marked":true}}
{"address":"0x7fb1f806c618", "type":"STRING", "class":"0x7fb1f80b7578", "frozen":true, "embedded":true, "fstring":true, "bytesize":7, "value":"to_enum", "encoding":"US-ASCII", "memsize":40, "flags":{"wb_protected":true, "old":true, "uncollectible":true, "marked":true}}
{"address":"0x7fb1f806c640", "type":"STRING", "class":"0x7fb1f80b7578", "frozen":true, "embedded":true, "fstring":true, "bytesize":17, "value":"@extra_rdoc_files", "encoding":"US-ASCII", "memsize":40, "flags":{"wb_protected":true, "old":true, "uncollectible":true, "marked":true}}
{"address":"0x7fb1f806c668", "type":"STRING", "class":"0x7fb1f80b7578", "frozen":true, "embedded":true, "fstring":true, "bytesize":5, "value":"force", "encoding":"US-ASCII", "memsize":40, "flags":{"wb_protected":true, "old":true, "uncollectible":true, "marked":true}}
{"address":"0x7fb1f806c690", "type":"STRING", "class":"0x7fb1f80b7578", "frozen":true, "embedded":true, "fstring":true, "bytesize":12, "value":"Chris Morris", "encoding":"UTF-8", "memsize":40, "flags":{"wb_protected":true, "old":true, "uncollectible":true, "marked":true}}
{"address":"0x7fb1f806c6b8", "type":"STRING", "class":"0x7fb1f80b7578", "frozen":true, "embedded":true, "fstring":true, "bytesize":4, "value":"memo", "encoding":"US-ASCII", "memsize":40, "flags":{"wb_protected":true, "old":true, "uncollectible":true, "marked":true}}
{"address":"0x7fb1f806c6e0", "type":"STRING", "class":"0x7fb1f80b7578", "frozen":true, "embedded":true, "fstring":true, "bytesize":18, "value":"require_io_console", "encoding":"US-ASCII", "memsize":40, "flags":{"wb_protected":true, "old":true, "uncollectible":true, "marked":true}}
{"address":"0x7fb1f806c708", "type":"STRING", "class":"0x7fb1f80b7578", "frozen":true, "embedded":true, "fstring":true, "bytesize":9, "value":"arguments", "encoding":"US-ASCII", "memsize":40, "flags":{"wb_protected":true, "old":true, "uncollectible":true, "marked":true}}
{"address":"0x7fb1f806c730", "type":"STRING", "class":"0x7fb1f80b7578", "frozen":true, "embedded":true, "fstring":true, "bytesize":12, "value":"@executables", "encoding":"US-ASCII", "memsize":40, "flags":{"wb_protected":true, "old":true, "uncollectible":true, "marked":true}}
{"address":"0x7fb1f806c758", "type":"IMEMO", "class":"0x7fb1f806d6d0", "imemo_type":"ment", "memsize":48, "flags":{"wb_protected":true, "old":true, "uncollectible":true, "marked":true}}
{"address":"0x7fb1f806c780", "type":"IMEMO", "imemo_type":"ment", "references":["0x7fb1f806d888"], "memsize":48, "flags":{"wb_protected":true, "old":true, "uncollectible":true, "marked":true}}
{"address":"0x7fb1f806c7a8", "type":"STRING", "class":"0x7fb1f80b7578", "frozen":true, "embedded":true, "fstring":true, "bytesize":6, "value":"lgamma", "encoding":"US-ASCII", "memsize":40, "flags":{"wb_protected":true, "old":true, "uncollectible":true, "marked":true}}
{"address":"0x7fb1f806c7d0", "type":"STRING", "class":"0x7fb1f80b7578", "frozen":true, "fstring":true, "bytesize":100, "capacity":158, "value":"/Users/rschneeman/.rubies/ruby-2.7.1/lib/ruby/gems/2.7.0/specifications/default/reline-0.1.3.gemspec", "encoding":"US-ASCII", "memsize":199, "flags":{"wb_protected":true, "old":true, "uncollectible":true, "marked":true}}
{"address":"0x7fb1f806c7f8", "type":"IMEMO", "class":"0x7fb1f806d6d0", "imemo_type":"ment", "memsize":48, "flags":{"wb_protected":true, "old":true, "uncollectible":true, "marked":true}}
{"address":"0x7fb1f806c820", "type":"IMEMO", "imemo_type":"ment", "references":["0x7fb1f806d888"], "memsize":48, "flags":{"wb_protected":true, "old":true, "uncollectible":true, "marked":true}}
{"address":"0x7fb1f806c848", "type":"STRING", "class":"0x7fb1f80b7578", "frozen":true, "embedded":true, "fstring":true, "bytesize":5, "value":"gamma", "encoding":"US-ASCII", "memsize":40, "flags":{"wb_protected":true, "old":true, "uncollectible":true, "marked":true}}
{"address":"0x7fb1f806c870", "type":"STRING", "class":"0x7fb1f80b7578", "frozen":true, "embedded":true, "fstring":true, "bytesize":10, "value":"add_bindir", "encoding":"US-ASCII", "memsize":40, "flags":{"wb_protected":true, "old":true, "uncollectible":true, "marked":true}}
{"address":"0x7fb1f806c898", "type":"IMEMO", "class":"0x7fb1f806d6d0", "imemo_type":"ment", "memsize":48, "flags":{"wb_protected":true, "old":true, "uncollectible":true, "marked":true}}
{"address":"0x7fb1f806c8c0", "type":"IMEMO", "imemo_type":"ment", "references":["0x7fb1f806d888"], "memsize":48, "flags":{"wb_protected":true, "old":true, "uncollectible":true, "marked":true}}
{"address":"0x7fb1f806c8e8", "type":"STRING", "class":"0x7fb1f80b7578", "frozen":true, "embedded":true, "fstring":true, "bytesize":4, "value":"erfc", "encoding":"US-ASCII", "memsize":40, "flags":{"wb_protected":true, "old":true, "uncollectible":true, "marked":true}}
{"address":"0x7fb1f806c910", "type":"STRING", "class":"0x7fb1f80b7578", "frozen":true, "embedded":true, "fstring":true, "bytesize":17, "value":"Stephanie Morillo", "encoding":"UTF-8", "memsize":40, "flags":{"wb_protected":true, "old":true, "uncollectible":true, "marked":true}}
{"address":"0x7fb1f806c938", "type":"IMEMO", "class":"0x7fb1f806d6d0", "imemo_type":"ment", "memsize":48, "flags":{"wb_protected":true, "old":true, "uncollectible":true, "marked":true}}
{"address":"0x7fb1f806c960", "type":"IMEMO", "imemo_type":"ment", "references":["0x7fb1f806d888"], "memsize":48, "flags":{"wb_protected":true, "old":true, "uncollectible":true, "marked":true}}
{"address":"0x7fb1f806c988", "type":"STRING", "class":"0x7fb1f80b7578", "frozen":true, "embedded":true, "fstring":true, "bytesize":3, "value":"erf", "encoding":"US-ASCII", "memsize":40, "flags":{"wb_protected":true, "old":true, "uncollectible":true, "marked":true}}
{"address":"0x7fb1f806c9b0", "type":"STRING", "class":"0x7fb1f80b7578", "frozen":true, "embedded":true, "fstring":true, "bytesize":16, "value":"delegate/version", "encoding":"UTF-8", "memsize":40, "flags":{"wb_protected":true, "old":true, "uncollectible":true, "marked":true}}
{"address":"0x7fb1f806c9d8", "type":"IMEMO", "class":"0x7fb1f806d6d0", "imemo_type":"ment", "memsize":48, "flags":{"wb_protected":true, "old":true, "uncollectible":true, "marked":true}}
{"address":"0x7fb1f806ca00", "type":"IMEMO", "imemo_type":"ment", "references":["0x7fb1f806d888"], "memsize":48, "flags":{"wb_protected":true, "old":true, "uncollectible":true, "marked":true}}
{"address":"0x7fb1f806ca28", "type":"STRING", "class":"0x7fb1f80b7578", "frozen":true, "embedded":true, "fstring":true, "bytesize":5, "value":"hypot", "encoding":"US-ASCII", "memsize":40, "flags":{"wb_protected":true, "old":true, "uncollectible":true, "marked":true}}
{"address":"0x7fb1f806ca50", "type":"STRING", "class":"0x7fb1f80b7578", "frozen":true, "embedded":true, "fstring":true, "bytesize":11, "value":"@test_files", "encoding":"US-ASCII", "memsize":40, "flags":{"wb_protected":true, "old":true, "uncollectible":true, "marked":true}}
{"address":"0x7fb1f806ca78", "type":"IMEMO", "class":"0x7fb1f806d6d0", "imemo_type":"ment", "memsize":48, "flags":{"wb_protected":true, "old":true, "uncollectible":true, "marked":true}}
{"address":"0x7fb1f806caa0", "type":"IMEMO", "imemo_type":"ment", "references":["0x7fb1f806d888"], "memsize":48, "flags":{"wb_protected":true, "old":true, "uncollectible":true, "marked":true}}
{"address":"0x7fb1f806cac8", "type":"STRING", "class":"0x7fb1f80b7578", "frozen":true, "embedded":true, "fstring":true, "bytesize":5, "value":"ldexp", "encoding":"US-ASCII", "memsize":40, "flags":{"wb_protected":true, "old":true, "uncollectible":true, "marked":true}}
{"address":"0x7fb1f806caf0", "type":"STRING", "class":"0x7fb1f80b7578", "frozen":true, "embedded":true, "fstring":true, "bytesize":10, "value":"Grey Baker", "encoding":"UTF-8", "memsize":40, "flags":{"wb_protected":true, "old":true, "uncollectible":true, "marked":true}}
{"address":"0x7fb1f806cb18", "type":"IMEMO", "class":"0x7fb1f806d6d0", "imemo_type":"ment", "memsize":48, "flags":{"wb_protected":true, "old":true, "uncollectible":true, "marked":true}}
{"address":"0x7fb1f806cb40", "type":"IMEMO", "imemo_type":"ment", "references":["0x7fb1f806d888"], "memsize":48, "flags":{"wb_protected":true, "old":true, "uncollectible":true, "marked":true}}
{"address":"0x7fb1f806cb68", "type":"STRING", "class":"0x7fb1f80b7578", "frozen":true, "embedded":true, "fstring":true, "bytesize":5, "value":"frexp", "encoding":"US-ASCII", "memsize":40, "flags":{"wb_protected":true, "old":true, "uncollectible":true, "marked":true}}
{"address":"0x7fb1f806cb90", "type":"STRING", "class":"0x7fb1f80b7578", "frozen":true, "embedded":true, "fstring":true, "bytesize":16, "encoding":"UTF-8", "memsize":40, "flags":{"wb_protected":true, "old":true, "uncollectible":true, "marked":true}}
{"address":"0x7fb1f806cbb8", "type":"IMEMO", "class":"0x7fb1f806d6d0", "imemo_type":"ment", "memsize":48, "flags":{"wb_protected":true, "old":true, "uncollectible":true, "marked":true}}
{"address":"0x7fb1f806cbe0", "type":"IMEMO", "imemo_type":"ment", "references":["0x7fb1f806d888"], "memsize":48, "flags":{"wb_protected":true, "old":true, "uncollectible":true, "marked":true}}
{"address":"0x7fb1f806cc08", "type":"STRING", "class":"0x7fb1f80b7578", "frozen":true, "embedded":true, "fstring":true, "bytesize":4, "value":"cbrt", "encoding":"US-ASCII", "memsize":40, "flags":{"wb_protected":true, "old":true, "uncollectible":true, "marked":true}}
{"address":"0x7fb1f806cc30", "type":"STRING", "class":"0x7fb1f80b7578", "frozen":true, "embedded":true, "fstring":true, "bytesize":6, "value":"@files", "encoding":"US-ASCII", "memsize":40, "flags":{"wb_protected":true, "old":true, "uncollectible":true, "marked":true}}
{"address":"0x7fb1f806cc58", "type":"IMEMO", "class":"0x7fb1f806d6d0", "imemo_type":"ment", "memsize":48, "flags":{"wb_protected":true, "old":true, "uncollectible":true, "marked":true}}
{"address":"0x7fb1f806cc80", "type":"IMEMO", "imemo_type":"ment", "references":["0x7fb1f806d888"], "memsize":48, "flags":{"wb_protected":true, "old":true, "uncollectible":true, "marked":true}}
{"address":"0x7fb1f806cca8", "type":"IMEMO", "class":"0x7fb1f806d6d0", "imemo_type":"ment", "memsize":48, "flags":{"wb_protected":true, "old":true, "uncollectible":true, "marked":true}}
{"address":"0x7fb1f806ccd0", "type":"IMEMO", "imemo_type":"ment", "references":["0x7fb1f806d888"], "memsize":48, "flags":{"wb_protected":true, "old":true, "uncollectible":true, "marked":true}}
{"address":"0x7fb1f806ccf8", "type":"STRING", "class":"0x7fb1f80b7578", "frozen":true, "embedded":true, "fstring":true, "bytesize":5, "value":"log10", "encoding":"US-ASCII", "memsize":40, "flags":{"wb_protected":true, "old":true, "uncollectible":true, "marked":true}}
{"address":"0x7fb1f806cd20", "type":"STRING", "class":"0x7fb1f80b7578", "frozen":true, "embedded":true, "fstring":true, "bytesize":15, "value":"Hiroshi Shibata", "encoding":"UTF-8", "memsize":40, "flags":{"wb_protected":true, "old":true, "uncollectible":true, "marked":true}}
{"address":"0x7fb1f806cd48", "type":"IMEMO", "class":"0x7fb1f806d6d0", "imemo_type":"ment", "memsize":48, "flags":{"wb_protected":true, "old":true, "uncollectible":true, "marked":true}}
{"address":"0x7fb1f806cd70", "type":"IMEMO", "imemo_type":"ment", "references":["0x7fb1f806d888"], "memsize":48, "flags":{"wb_protected":true, "old":true, "uncollectible":true, "marked":true}}
{"address":"0x7fb1f806cd98", "type":"STRING", "class":"0x7fb1f80b7578", "frozen":true, "embedded":true, "fstring":true, "bytesize":4, "value":"log2", "encoding":"US-ASCII", "memsize":40, "flags":{"wb_protected":true, "old":true, "uncollectible":true, "marked":true}}
{"address":"0x7fb1f806cdc0", "type":"STRING", "class":"0x7fb1f80b7578", "frozen":true, "embedded":true, "fstring":true, "bytesize":14, "value":"Colby Swandale", "encoding":"UTF-8", "memsize":40, "flags":{"wb_protected":true, "old":true, "uncollectible":true, "marked":true}}
{"address":"0x7fb1f806cde8", "type":"IMEMO", "class":"0x7fb1f806d6d0", "imemo_type":"ment", "memsize":48, "flags":{"wb_protected":true, "old":true, "uncollectible":true, "marked":true}}
{"address":"0x7fb1f806ce10", "type":"IMEMO", "imemo_type":"ment", "references":["0x7fb1f806d888"], "memsize":48, "flags":{"wb_protected":true, "old":true, "uncollectible":true, "marked":true}}
{"address":"0x7fb1f806ce38", "type":"STRING", "class":"0x7fb1f80b7578", "frozen":true, "embedded":true, "fstring":true, "bytesize":3, "value":"log", "encoding":"US-ASCII", "memsize":40, "flags":{"wb_protected":true, "old":true, "uncollectible":true, "marked":true}}
{"address":"0x7fb1f806ce60", "type":"STRING", "class":"0x7fb1f80b7578", "frozen":true, "embedded":true, "fstring":true, "bytesize":14, "value":"Samuel Giddins", "encoding":"UTF-8", "memsize":40, "flags":{"wb_protected":true, "old":true, "uncollectible":true, "marked":true}}
{"address":"0x7fb1f806ce88", "type":"IMEMO", "class":"0x7fb1f806d6d0", "imemo_type":"ment", "memsize":48, "flags":{"wb_protected":true, "old":true, "uncollectible":true, "marked":true}}
{"address":"0x7fb1f806ceb0", "type":"IMEMO", "imemo_type":"ment", "references":["0x7fb1f806d888"], "memsize":48, "flags":{"wb_protected":true, "old":true, "uncollectible":true, "marked":true}}
{"address":"0x7fb1f806ced8", "type":"STRING", "class":"0x7fb1f80b7578", "frozen":true, "embedded":true, "fstring":true, "bytesize":3, "value":"exp", "encoding":"US-ASCII", "memsize":40, "flags":{"wb_protected":true, "old":true, "uncollectible":true, "marked":true}}
{"address":"0x7fb1f806cf00", "type":"STRING", "class":"0x7fb1f80b7578", "frozen":true, "embedded":true, "fstring":true, "bytesize":11, "encoding":"UTF-8", "memsize":40, "flags":{"wb_protected":true, "old":true, "uncollectible":true, "marked":true}}
{"address":"0x7fb1f806cf28", "type":"IMEMO", "class":"0x7fb1f806d6d0", "imemo_type":"ment", "memsize":48, "flags":{"wb_protected":true, "old":true, "uncollectible":true, "marked":true}}
{"address":"0x7fb1f806cf50", "type":"IMEMO", "imemo_type":"ment", "references":["0x7fb1f806d888"], "memsize":48, "flags":{"wb_protected":true, "old":true, "uncollectible":true, "marked":true}}
{"address":"0x7fb1f806cf78", "type":"STRING", "class":"0x7fb1f80b7578", "frozen":true, "embedded":true, "fstring":true, "bytesize":5, "value":"atanh", "encoding":"US-ASCII", "memsize":40, "flags":{"wb_protected":true, "old":true, "uncollectible":true, "marked":true}}
{"address":"0x7fb1f806cfa0", "type":"STRING", "class":"0x7fb1f80b7578", "frozen":true, "fstring":true, "bytesize":35, "value":"https://github.com/bundler/bundler/", "encoding":"UTF-8", "memsize":76, "flags":{"wb_protected":true, "old":true, "uncollectible":true, "marked":true}}
{"address":"0x7fb1f806cfc8", "type":"IMEMO", "class":"0x7fb1f806d6d0", "imemo_type":"ment", "memsize":48, "flags":{"wb_protected":true, "old":true, "uncollectible":true, "marked":true}}
{"address":"0x7fb1f806cff0", "type":"IMEMO", "imemo_type":"ment", "references":["0x7fb1f806d888"], "memsize":48, "flags":{"wb_protected":true, "old":true, "uncollectible":true, "marked":true}}
{"address":"0x7fb1f806d018", "type":"STRING", "class":"0x7fb1f80b7578", "frozen":true, "embedded":true, "fstring":true, "bytesize":5, "value":"asinh", "encoding":"US-ASCII", "memsize":40, "flags":{"wb_protected":true, "old":true, "uncollectible":true, "marked":true}}
{"address":"0x7fb1f806d040", "type":"STRING", "class":"0x7fb1f80b7578", "frozen":true, "embedded":true, "fstring":true, "bytesize":12, "value":"_gets_noecho", "encoding":"US-ASCII", "memsize":40, "flags":{"wb_protected":true, "old":true, "uncollectible":true, "marked":true}}
{"address":"0x7fb1f806d068", "type":"IMEMO", "class":"0x7fb1f806d6d0", "imemo_type":"ment", "memsize":48, "flags":{"wb_protected":true, "old":true, "uncollectible":true, "marked":true}}
{"address":"0x7fb1f806d090", "type":"IMEMO", "imemo_type":"ment", "references":["0x7fb1f806d888"], "memsize":48, "flags":{"wb_protected":true, "old":true, "uncollectible":true, "marked":true}}
{"address":"0x7fb1f806d0b8", "type":"STRING", "class":"0x7fb1f80b7578", "frozen":true, "embedded":true, "fstring":true, "bytesize":5, "value":"acosh", "encoding":"US-ASCII", "memsize":40, "flags":{"wb_protected":true, "old":true, "uncollectible":true, "marked":true}}
{"address":"0x7fb1f806d0e0", "type":"ARRAY", "class":"0x7fb1f8097228", "length":2, "embedded":true, "references":["0x7fb1f8076208", "0x7fb1f8076168"], "memsize":40, "flags":{"wb_protected":true, "old":true, "uncollectible":true, "marked":true}}
{"address":"0x7fb1f806d108", "type":"IMEMO", "class":"0x7fb1f806d6d0", "imemo_type":"ment", "memsize":48, "flags":{"wb_protected":true, "old":true, "uncollectible":true, "marked":true}}
{"address":"0x7fb1f806d130", "type":"IMEMO", "imemo_type":"ment", "references":["0x7fb1f806d888"], "memsize":48, "flags":{"wb_protected":true, "old":true, "uncollectible":true, "marked":true}}
{"address":"0x7fb1f806d158", "type":"STRING", "class":"0x7fb1f80b7578", "frozen":true, "embedded":true, "fstring":true, "bytesize":4, "value":"tanh", "encoding":"US-ASCII", "memsize":40, "flags":{"wb_protected":true, "old":true, "uncollectible":true, "marked":true}}
{"address":"0x7fb1f806d1a8", "type":"IMEMO", "class":"0x7fb1f806d6d0", "imemo_type":"ment", "memsize":48, "flags":{"wb_protected":true, "old":true, "uncollectible":true, "marked":true}}
{"address":"0x7fb1f806d1d0", "type":"IMEMO", "imemo_type":"ment", "references":["0x7fb1f806d888"], "memsize":48, "flags":{"wb_protected":true, "old":true, "uncollectible":true, "marked":true}}
{"address":"0x7fb1f806d1f8", "type":"STRING", "class":"0x7fb1f80b7578", "frozen":true, "embedded":true, "fstring":true, "bytesize":4, "value":"sinh", "encoding":"US-ASCII", "memsize":40, "flags":{"wb_protected":true, "old":true, "uncollectible":true, "marked":true}}
{"address":"0x7fb1f806d220", "type":"STRING", "class":"0x7fb1f80b7578", "frozen":true, "fstring":true, "bytesize":59, "value":"https://github.com/bundler/bundler/blob/master/CHANGELOG.md", "encoding":"UTF-8", "memsize":100, "flags":{"wb_protected":true, "old":true, "uncollectible":true, "marked":true}}
{"address":"0x7fb1f806d248", "type":"IMEMO", "class":"0x7fb1f806d6d0", "imemo_type":"ment", "memsize":48, "flags":{"wb_protected":true, "old":true, "uncollectible":true, "marked":true}}
{"address":"0x7fb1f806d270", "type":"IMEMO", "imemo_type":"ment", "references":["0x7fb1f806d888"], "memsize":48, "flags":{"wb_protected":true, "old":true, "uncollectible":true, "marked":true}}
{"address":"0x7fb1f806d298", "type":"STRING", "class":"0x7fb1f80b7578", "frozen":true, "embedded":true, "fstring":true, "bytesize":4, "value":"cosh", "encoding":"US-ASCII", "memsize":40, "flags":{"wb_protected":true, "old":true, "uncollectible":true, "marked":true}}
{"address":"0x7fb1f806d2c0", "type":"STRING", "class":"0x7fb1f80b7578", "frozen":true, "fstring":true, "bytesize":41, "value":"https://github.com/bundler/bundler/issues", "encoding":"UTF-8", "memsize":82, "flags":{"wb_protected":true, "old":true, "uncollectible":true, "marked":true}}
{"address":"0x7fb1f806d2e8", "type":"IMEMO", "class":"0x7fb1f806d6d0", "imemo_type":"ment", "memsize":48, "flags":{"wb_protected":true, "old":true, "uncollectible":true, "marked":true}}
{"address":"0x7fb1f806d310", "type":"IMEMO", "imemo_type":"ment", "references":["0x7fb1f806d888"], "memsize":48, "flags":{"wb_protected":true, "old":true, "uncollectible":true, "marked":true}}
{"address":"0x7fb1f806d338", "type":"STRING", "class":"0x7fb1f80b7578", "frozen":true, "embedded":true, "fstring":true, "bytesize":4, "value":"atan", "encoding":"US-ASCII", "memsize":40, "flags":{"wb_protected":true, "old":true, "uncollectible":true, "marked":true}}
{"address":"0x7fb1f806d360", "type":"REGEXP", "class":"0x7fb1f808ea60", "references":["0x7fb1f8047ea8"], "memsize":568, "flags":{"wb_protected":true, "old":true, "uncollectible":true, "marked":true}}
{"address":"0x7fb1f806d388", "type":"IMEMO", "class":"0x7fb1f806d6d0", "imemo_type":"ment", "memsize":48, "flags":{"wb_protected":true, "old":true, "uncollectible":true, "marked":true}}
{"address":"0x7fb1f806d3b0", "type":"IMEMO", "imemo_type":"ment", "references":["0x7fb1f806d888"], "memsize":48, "flags":{"wb_protected":true, "old":true, "uncollectible":true, "marked":true}}
{"address":"0x7fb1f806d3d8", "type":"STRING", "class":"0x7fb1f80b7578", "frozen":true, "embedded":true, "fstring":true, "bytesize":4, "value":"asin", "encoding":"US-ASCII", "memsize":40, "flags":{"wb_protected":true, "old":true, "uncollectible":true, "marked":true}}
{"address":"0x7fb1f806d400", "type":"STRING", "class":"0x7fb1f80b7578", "frozen":true, "embedded":true, "fstring":true, "bytesize":5, "value":"2.1.4", "encoding":"UTF-8", "memsize":40, "flags":{"wb_protected":true, "old":true, "uncollectible":true, "marked":true}}
{"address":"0x7fb1f806d428", "type":"IMEMO", "class":"0x7fb1f806d6d0", "imemo_type":"ment", "memsize":48, "flags":{"wb_protected":true, "old":true, "uncollectible":true, "marked":true}}
{"address":"0x7fb1f806d450", "type":"IMEMO", "imemo_type":"ment", "references":["0x7fb1f806d888"], "memsize":48, "flags":{"wb_protected":true, "old":true, "uncollectible":true, "marked":true}}
{"address":"0x7fb1f806d478", "type":"STRING", "class":"0x7fb1f80b7578", "frozen":true, "embedded":true, "fstring":true, "bytesize":4, "value":"acos", "encoding":"US-ASCII", "memsize":40, "flags":{"wb_protected":true, "old":true, "uncollectible":true, "marked":true}}
{"address":"0x7fb1f806d4c8", "type":"IMEMO", "class":"0x7fb1f806d6d0", "imemo_type":"ment", "memsize":48, "flags":{"wb_protected":true, "old":true, "uncollectible":true, "marked":true}}
{"address":"0x7fb1f806d4f0", "type":"IMEMO", "imemo_type":"ment", "references":["0x7fb1f806d888"], "memsize":48, "flags":{"wb_protected":true, "old":true, "uncollectible":true, "marked":true}}
{"address":"0x7fb1f806d518", "type":"STRING", "class":"0x7fb1f80b7578", "frozen":true, "embedded":true, "fstring":true, "bytesize":3, "value":"tan", "encoding":"US-ASCII", "memsize":40, "flags":{"wb_protected":true, "old":true, "uncollectible":true, "marked":true}}
{"address":"0x7fb1f806d568", "type":"IMEMO", "class":"0x7fb1f806d6d0", "imemo_type":"ment", "memsize":48, "flags":{"wb_protected":true, "old":true, "uncollectible":true, "marked":true}}
{"address":"0x7fb1f806d590", "type":"IMEMO", "imemo_type":"ment", "references":["0x7fb1f806d888"], "memsize":48, "flags":{"wb_protected":true, "old":true, "uncollectible":true, "marked":true}}
{"address":"0x7fb1f806d5b8", "type":"STRING", "class":"0x7fb1f80b7578", "frozen":true, "embedded":true, "fstring":true, "bytesize":3, "value":"sin", "encoding":"US-ASCII", "memsize":40, "flags":{"wb_protected":true, "old":true, "uncollectible":true, "marked":true}}
{"address":"0x7fb1f806d608", "type":"IMEMO", "class":"0x7fb1f806d6d0", "imemo_type":"ment", "memsize":48, "flags":{"wb_protected":true, "old":true, "uncollectible":true, "marked":true}}
{"address":"0x7fb1f806d630", "type":"IMEMO", "imemo_type":"ment", "references":["0x7fb1f806d888"], "memsize":48, "flags":{"wb_protected":true, "old":true, "uncollectible":true, "marked":true}}
{"address":"0x7fb1f806d658", "type":"STRING", "class":"0x7fb1f80b7578", "frozen":true, "embedded":true, "fstring":true, "bytesize":3, "value":"cos", "encoding":"US-ASCII", "memsize":40, "flags":{"wb_protected":true, "old":true, "uncollectible":true, "marked":true}}
{"address":"0x7fb1f806d680", "type":"STRING", "class":"0x7fb1f80b7578", "frozen":true, "embedded":true, "fstring":true, "bytesize":16, "value":"undefined method", "encoding":"US-ASCII", "memsize":40, "flags":{"wb_protected":true, "old":true, "uncollectible":true, "marked":true}}
{"address":"0x7fb1f806d6a8", "type":"IMEMO", "class":"0x7fb1f806d6d0", "imemo_type":"ment", "memsize":48, "flags":{"wb_protected":true, "old":true, "uncollectible":true, "marked":true}}
{"address":"0x7fb1f806d6d0", "type":"CLASS", "class":"0x7fb1f80bf6d8", "name":"Module", "references":["0x7fb1f80c51c8", "0x7fb1f806d6a8", "0x7fb1f806d608", "0x7fb1f806d568", "0x7fb1f806d4c8", "0x7fb1f806d428", "0x7fb1f806d388", "0x7fb1f806d2e8", "0x7fb1f806d248", "0x7fb1f806d1a8", "0x7fb1f806d108", "0x7fb1f806d068", "0x7fb1f806cfc8", "0x7fb1f806cf28", "0x7fb1f806ce88", "0x7fb1f806cde8", "0x7fb1f806cd48", "0x7fb1f806cca8", "0x7fb1f806cbb8", "0x7fb1f806cb18", "0x7fb1f806ca78", "0x7fb1f806c9d8", "0x7fb1f806c938", "0x7fb1f806c898", "0x7fb1f806c7f8", "0x7fb1f806c758", "0x7fb1f806cc58", "0x7fb1f806d888"], "memsize":1488, "flags":{"wb_protected":true, "old":true, "uncollectible":true, "marked":true}}
{"address":"0x7fb1f806d6f8", "type":"IMEMO", "imemo_type":"ment", "references":["0x7fb1f806d888"], "memsize":48, "flags":{"wb_protected":true, "old":true, "uncollectible":true, "marked":true}}
{"address":"0x7fb1f806d720", "type":"STRING", "class":"0x7fb1f80b7578", "frozen":true, "embedded":true, "fstring":true, "bytesize":5, "value":"atan2", "encoding":"US-ASCII", "memsize":40, "flags":{"wb_protected":true, "old":true, "uncollectible":true, "marked":true}}
{"address":"0x7fb1f806d770", "type":"STRING", "class":"0x7fb1f80b7578", "frozen":true, "embedded":true, "fstring":true, "bytesize":2, "value":"PI", "encoding":"US-ASCII", "memsize":40, "flags":{"wb_protected":true, "old":true, "uncollectible":true, "marked":true}}
{"address":"0x7fb1f806d7c0", "type":"STRING", "class":"0x7fb1f80b7578", "frozen":true, "embedded":true, "bytesize":17, "value":"Math::DomainError", "encoding":"US-ASCII", "memsize":40, "flags":{"wb_protected":true, "old":true, "uncollectible":true, "marked":true}}
{"address":"0x7fb1f806d7e8", "type":"CLASS", "class":"0x7fb1f80bf700", "name":"Class", "references":["0x7fb1f80af260", "0x7fb1f806d810"], "memsize":464, "flags":{"wb_protected":true, "old":true, "uncollectible":true, "marked":true}}
{"address":"0x7fb1f806d810", "type":"CLASS", "class":"0x7fb1f806d7e8", "name":"Math::DomainError", "references":["0x7fb1f80af288", "0x7fb1f806d7c0"], "memsize":464, "flags":{"wb_protected":true, "old":true, "uncollectible":true, "marked":true}}
{"address":"0x7fb1f806d838", "type":"STRING", "class":"0x7fb1f80b7578", "frozen":true, "embedded":true, "fstring":true, "bytesize":11, "value":"DomainError", "encoding":"US-ASCII", "memsize":40, "flags":{"wb_protected":true, "old":true, "uncollectible":true, "marked":true}}
{"address":"0x7fb1f806d860", "type":"REGEXP", "class":"0x7fb1f808ea60", "references":["0x7fb1f806d680"], "memsize":536, "flags":{"wb_protected":true, "old":true, "uncollectible":true, "marked":true}}
{"address":"0x7fb1f806d888", "type":"MODULE", "class":"0x7fb1f806d6d0", "name":"Math", "references":["0x7fb1f806d6f8", "0x7fb1f806d630", "0x7fb1f806d590", "0x7fb1f806d4f0", "0x7fb1f806d450", "0x7fb1f806d3b0", "0x7fb1f806d310", "0x7fb1f806d270", "0x7fb1f806d1d0", "0x7fb1f806d130", "0x7fb1f806d090", "0x7fb1f806cff0", "0x7fb1f806cf50", "0x7fb1f806ceb0", "0x7fb1f806ce10", "0x7fb1f806cd70", "0x7fb1f806ccd0", "0x7fb1f806cbe0", "0x7fb1f806cb40", "0x7fb1f806caa0", "0x7fb1f806ca00", "0x7fb1f806c960", "0x7fb1f806c8c0", "0x7fb1f806c820", "0x7fb1f806c780", "0x7fb1f806cc80", "0x7fb1f806d8b0", "0x7fb1f806d810"], "memsize":1576, "flags":{"wb_protected":true, "old":true, "uncollectible":true, "marked":true}}
{"address":"0x7fb1f806d8b0", "type":"STRING", "class":"0x7fb1f80b7578", "frozen":true, "embedded":true, "fstring":true, "bytesize":4, "value":"Math", "encoding":"US-ASCII", "memsize":40, "flags":{"wb_protected":true, "old":true, "uncollectible":true, "marked":true}}
{"address":"0x7fb1f806d900", "type":"IMEMO", "class":"0x7fb1f80bfbb0", "imemo_type":"ment", "memsize":48, "flags":{"wb_protected":true, "old":true, "uncollectible":true, "marked":true}}
{"address":"0x7fb1f806d928", "type":"IMEMO", "imemo_type":"ment", "references":["0x7fb1f80c4ef8"], "memsize":48, "flags":{"wb_protected":true, "old":true, "uncollectible":true, "marked":true}}
{"address":"0x7fb1f806d950", "type":"IMEMO", "class":"0x7fb1f806dbf8", "imemo_type":"ment", "memsize":48, "flags":{"wb_protected":true, "old":true, "uncollectible":true, "marked":true}}
{"address":"0x7fb1f806d978", "type":"IMEMO", "class":"0x7fb1f806dbf8", "imemo_type":"ment", "memsize":48, "flags":{"wb_protected":true, "old":true, "uncollectible":true, "marked":true}}
{"address":"0x7fb1f806d9a0", "type":"IMEMO", "class":"0x7fb1f806dbf8", "imemo_type":"ment", "memsize":48, "flags":{"wb_protected":true, "old":true, "uncollectible":true, "marked":true}}
{"address":"0x7fb1f806d9c8", "type":"STRING", "class":"0x7fb1f80b7578", "frozen":true, "embedded":true, "fstring":true, "bytesize":23, "value":"local_variable_defined?", "encoding":"US-ASCII", "memsize":40, "flags":{"wb_protected":true, "old":true, "uncollectible":true, "marked":true}}
{"address":"0x7fb1f806da18", "type":"IMEMO", "class":"0x7fb1f806dbf8", "imemo_type":"ment", "memsize":48, "flags":{"wb_protected":true, "old":true, "uncollectible":true, "marked":true}}
{"address":"0x7fb1f806da40", "type":"STRING", "class":"0x7fb1f80b7578", "frozen":true, "embedded":true, "fstring":true, "bytesize":18, "value":"local_variable_set", "encoding":"US-ASCII", "memsize":40, "flags":{"wb_protected":true, "old":true, "uncollectible":true, "marked":true}}
{"address":"0x7fb1f806da90", "type":"IMEMO", "class":"0x7fb1f806dbf8", "imemo_type":"ment", "memsize":48, "flags":{"wb_protected":true, "old":true, "uncollectible":true, "marked":true}}
{"address":"0x7fb1f806dab8", "type":"STRING", "class":"0x7fb1f80b7578", "frozen":true, "embedded":true, "fstring":true, "bytesize":18, "value":"local_variable_get", "encoding":"US-ASCII", "memsize":40, "flags":{"wb_protected":true, "old":true, "uncollectible":true, "marked":true}}
{"address":"0x7fb1f806dae0", "type":"STRING", "class":"0x7fb1f80b7578", "frozen":true, "fstring":true, "bytesize":34, "value":"undefined local variable or method", "encoding":"US-ASCII", "memsize":75, "flags":{"wb_protected":true, "old":true, "uncollectible":true, "marked":true}}
{"address":"0x7fb1f806db08", "type":"IMEMO", "class":"0x7fb1f806dbf8", "imemo_type":"ment", "memsize":48, "flags":{"wb_protected":true, "old":true, "uncollectible":true, "marked":true}}
{"address":"0x7fb1f806db30", "type":"IMEMO", "class":"0x7fb1f806dbf8", "imemo_type":"ment", "memsize":48, "flags":{"wb_protected":true, "old":true, "uncollectible":true, "marked":true}}
{"address":"0x7fb1f806db58", "type":"IMEMO", "class":"0x7fb1f806dbf8", "imemo_type":"ment", "memsize":48, "flags":{"wb_protected":true, "old":true, "uncollectible":true, "marked":true}}
{"address":"0x7fb1f806db80", "type":"IMEMO", "class":"0x7fb1f806dbf8", "imemo_type":"ment", "memsize":48, "flags":{"wb_protected":true, "old":true, "uncollectible":true, "marked":true}}
{"address":"0x7fb1f806dba8", "type":"IMEMO", "class":"0x7fb1f806dbd0", "imemo_type":"ment", "memsize":48, "flags":{"wb_protected":true, "old":true, "uncollectible":true, "marked":true}}
{"address":"0x7fb1f806dbd0", "type":"CLASS", "class":"0x7fb1f80bf700", "name":"Class", "references":["0x7fb1f80bf6b0", "0x7fb1f806dba8", "0x7fb1f806dbf8"], "memsize":528, "flags":{"wb_protected":true, "old":true, "uncollectible":true, "marked":true}}
{"address":"0x7fb1f806dbf8", "type":"CLASS", "class":"0x7fb1f806dbd0", "name":"Binding", "references":["0x7fb1f80c5240", "0x7fb1f806db58", "0x7fb1f806d978", "0x7fb1f806d950", "0x7fb1f806db08", "0x7fb1f806db30", "0x7fb1f806da90", "0x7fb1f806da18", "0x7fb1f806d9a0", "0x7fb1f803e830", "0x7fb1f806db80", "0x7fb1f806dc20"], "memsize":720, "flags":{"wb_protected":true, "old":true, "uncollectible":true, "marked":true}}
{"address":"0x7fb1f806dc20", "type":"STRING", "class":"0x7fb1f80b7578", "frozen":true, "embedded":true, "fstring":true, "bytesize":7, "value":"Binding", "encoding":"US-ASCII", "memsize":40, "flags":{"wb_protected":true, "old":true, "uncollectible":true, "marked":true}}
{"address":"0x7fb1f806dc70", "type":"IMEMO", "class":"0x7fb1f80bdd10", "imemo_type":"ment", "memsize":48, "flags":{"wb_protected":true, "old":true, "uncollectible":true, "marked":true}}
{"address":"0x7fb1f806dc98", "type":"IMEMO", "imemo_type":"ment", "references":["0x7fb1f80c4ef8"], "memsize":48, "flags":{"wb_protected":true, "old":true, "uncollectible":true, "marked":true}}
{"address":"0x7fb1f806dcc0", "type":"STRING", "class":"0x7fb1f80b7578", "frozen":true, "embedded":true, "fstring":true, "bytesize":23, "value":"define_singleton_method", "encoding":"US-ASCII", "memsize":40, "flags":{"wb_protected":true, "old":true, "uncollectible":true, "marked":true}}
{"address":"0x7fb1f806dd10", "type":"IMEMO", "class":"0x7fb1f80c51c8", "imemo_type":"ment", "memsize":48, "flags":{"wb_protected":true, "old":true, "uncollectible":true, "marked":true}}
{"address":"0x7fb1f806dd38", "type":"STRING", "class":"0x7fb1f80b7578", "frozen":true, "embedded":true, "fstring":true, "bytesize":13, "value":"define_method", "encoding":"US-ASCII", "memsize":40, "flags":{"wb_protected":true, "old":true, "uncollectible":true, "marked":true}}
{"address":"0x7fb1f806dd60", "type":"STRING", "class":"0x7fb1f80b7578", "bytesize":102, "value":"/Users/rschneeman/.rubies/ruby-2.7.1/lib/ruby/gems/2.7.0/specifications/default/delegate-0.1.0.gemspec", "encoding":"US-ASCII", "memsize":143, "flags":{"wb_protected":true, "old":true, "uncollectible":true, "marked":true}}
{"address":"0x7fb1f806dd88", "type":"IMEMO", "class":"0x7fb1f80c51c8", "imemo_type":"ment", "memsize":48, "flags":{"wb_protected":true, "old":true, "uncollectible":true, "marked":true}}
{"address":"0x7fb1f806ddb0", "type":"STRING", "class":"0x7fb1f80b7578", "frozen":true, "embedded":true, "fstring":true, "bytesize":22, "value":"public_instance_method", "encoding":"US-ASCII", "memsize":40, "flags":{"wb_protected":true, "old":true, "uncollectible":true, "marked":true}}
{"address":"0x7fb1f806ddd8", "type":"STRING", "class":"0x7fb1f80b7578", "shared":true, "encoding":"UTF-8", "references":["0x7fb1f8076258"], "memsize":40, "flags":{"wb_protected":true, "old":true, "uncollectible":true, "marked":true}}
{"address":"0x7fb1f806de00", "type":"IMEMO", "class":"0x7fb1f80c51c8", "imemo_type":"ment", "memsize":48, "flags":{"wb_protected":true, "old":true, "uncollectible":true, "marked":true}}
{"address":"0x7fb1f806de28", "type":"STRING", "class":"0x7fb1f80b7578", "frozen":true, "embedded":true, "fstring":true, "bytesize":15, "value":"instance_method", "encoding":"US-ASCII", "memsize":40, "flags":{"wb_protected":true, "old":true, "uncollectible":true, "marked":true}}
{"address":"0x7fb1f806de78", "type":"IMEMO", "class":"0x7fb1f806e1c0", "imemo_type":"ment", "memsize":48, "flags":{"wb_protected":true, "old":true, "uncollectible":true, "marked":true}}
{"address":"0x7fb1f806dea0", "type":"IMEMO", "class":"0x7fb1f806e1c0", "imemo_type":"ment", "memsize":48, "flags":{"wb_protected":true, "old":true, "uncollectible":true, "marked":true}}
{"address":"0x7fb1f806dec8", "type":"IMEMO", "class":"0x7fb1f806e1c0", "imemo_type":"ment", "memsize":48, "flags":{"wb_protected":true, "old":true, "uncollectible":true, "marked":true}}
{"address":"0x7fb1f806def0", "type":"IMEMO", "class":"0x7fb1f806e1c0", "imemo_type":"ment", "memsize":48, "flags":{"wb_protected":true, "old":true, "uncollectible":true, "marked":true}}
{"address":"0x7fb1f806df18", "type":"STRING", "class":"0x7fb1f80b7578", "frozen":true, "embedded":true, "fstring":true, "bytesize":9, "value":"bind_call", "encoding":"US-ASCII", "memsize":40, "flags":{"wb_protected":true, "old":true, "uncollectible":true, "marked":true}}
{"address":"0x7fb1f806df40", "type":"REGEXP", "class":"0x7fb1f808ea60", "references":["0x7fb1f806dae0"], "memsize":580, "flags":{"wb_protected":true, "old":true, "uncollectible":true, "marked":true}}
{"address":"0x7fb1f806df68", "type":"IMEMO", "class":"0x7fb1f806e1c0", "imemo_type":"ment", "memsize":48, "flags":{"wb_protected":true, "old":true, "uncollectible":true, "marked":true}}
{"address":"0x7fb1f806df90", "type":"STRING", "class":"0x7fb1f80b7578", "frozen":true, "embedded":true, "fstring":true, "bytesize":4, "value":"bind", "encoding":"US-ASCII", "memsize":40, "flags":{"wb_protected":true, "old":true, "uncollectible":true, "marked":true}}
{"address":"0x7fb1f806dfe0", "type":"IMEMO", "class":"0x7fb1f806e1c0", "imemo_type":"ment", "memsize":48, "flags":{"wb_protected":true, "old":true, "uncollectible":true, "marked":true}}
{"address":"0x7fb1f806e008", "type":"IMEMO", "class":"0x7fb1f806e1c0", "imemo_type":"ment", "memsize":48, "flags":{"wb_protected":true, "old":true, "uncollectible":true, "marked":true}}
{"address":"0x7fb1f806e030", "type":"IMEMO", "class":"0x7fb1f806e1c0", "imemo_type":"ment", "memsize":48, "flags":{"wb_protected":true, "old":true, "uncollectible":true, "marked":true}}
{"address":"0x7fb1f806e058", "type":"IMEMO", "class":"0x7fb1f806e1c0", "imemo_type":"ment", "memsize":48, "flags":{"wb_protected":true, "old":true, "uncollectible":true, "marked":true}}
{"address":"0x7fb1f806e080", "type":"IMEMO", "class":"0x7fb1f806e1c0", "imemo_type":"ment", "memsize":48, "flags":{"wb_protected":true, "old":true, "uncollectible":true, "marked":true}}
{"address":"0x7fb1f806e0a8", "type":"IMEMO", "class":"0x7fb1f806e1c0", "imemo_type":"ment", "memsize":48, "flags":{"wb_protected":true, "old":true, "uncollectible":true, "marked":true}}
{"address":"0x7fb1f806e0d0", "type":"IMEMO", "class":"0x7fb1f806e1c0", "imemo_type":"ment", "memsize":48, "flags":{"wb_protected":true, "old":true, "uncollectible":true, "marked":true}}
{"address":"0x7fb1f806e0f8", "type":"IMEMO", "class":"0x7fb1f806e1c0", "imemo_type":"ment", "memsize":48, "flags":{"wb_protected":true, "old":true, "uncollectible":true, "marked":true}}
{"address":"0x7fb1f806e120", "type":"IMEMO", "class":"0x7fb1f806e1c0", "imemo_type":"ment", "memsize":48, "flags":{"wb_protected":true, "old":true, "uncollectible":true, "marked":true}}
{"address":"0x7fb1f806e148", "type":"IMEMO", "class":"0x7fb1f806e1c0", "imemo_type":"ment", "memsize":48, "flags":{"wb_protected":true, "old":true, "uncollectible":true, "marked":true}}
{"address":"0x7fb1f806e170", "type":"IMEMO", "class":"0x7fb1f806e198", "imemo_type":"ment", "memsize":48, "flags":{"wb_protected":true, "old":true, "uncollectible":true, "marked":true}}
{"address":"0x7fb1f806e198", "type":"CLASS", "class":"0x7fb1f80bf700", "name":"Class", "references":["0x7fb1f80bf6b0", "0x7fb1f806e170", "0x7fb1f806e1c0"], "memsize":528, "flags":{"wb_protected":true, "old":true, "uncollectible":true, "marked":true}}
{"address":"0x7fb1f806e1c0", "type":"CLASS", "class":"0x7fb1f806e198", "name":"UnboundMethod", "references":["0x7fb1f80c5240", "0x7fb1f806de78", "0x7fb1f806e0f8", "0x7fb1f806df68", "0x7fb1f806def0", "0x7fb1f806e148", "0x7fb1f806e058", "0x7fb1f806e080", "0x7fb1f806e0a8", "0x7fb1f806dec8", "0x7fb1f806dea0", "0x7fb1f806e120", "0x7fb1f806e008", "0x7fb1f806dfe0", "0x7fb1f806e030", "0x7fb1f806e0d0", "0x7fb1f806e1e8"], "memsize":976, "flags":{"wb_protected":true, "old":true, "uncollectible":true, "marked":true}}
{"address":"0x7fb1f806e1e8", "type":"STRING", "class":"0x7fb1f80b7578", "frozen":true, "embedded":true, "fstring":true, "bytesize":13, "value":"UnboundMethod", "encoding":"US-ASCII", "memsize":40, "flags":{"wb_protected":true, "old":true, "uncollectible":true, "marked":true}}
{"address":"0x7fb1f806e210", "type":"STRING", "class":"0x7fb1f80b7578", "frozen":true, "embedded":true, "fstring":true, "bytesize":10, "value":"file_path=", "encoding":"US-ASCII", "memsize":40, "flags":{"wb_protected":true, "old":true, "uncollectible":true, "marked":true}}
{"address":"0x7fb1f806e238", "type":"IMEMO", "imemo_type":"ment", "references":["0x7fb1f80c4ef8"], "memsize":48, "flags":{"wb_protected":true, "old":true, "uncollectible":true, "marked":true}}
{"address":"0x7fb1f806e260", "type":"STRING", "class":"0x7fb1f80b7578", "frozen":true, "embedded":true, "fstring":true, "bytesize":16, "value":"singleton_method", "encoding":"US-ASCII", "memsize":40, "flags":{"wb_protected":true, "old":true, "uncollectible":true, "marked":true}}
{"address":"0x7fb1f806e288", "type":"ARRAY", "class":"0x7fb1f8097228", "length":1, "embedded":true, "references":["0x7fb1f80e2ac0"], "memsize":40, "flags":{"wb_protected":true, "old":true, "uncollectible":true, "marked":true}}
{"address":"0x7fb1f806e2b0", "type":"IMEMO", "imemo_type":"ment", "references":["0x7fb1f80c4ef8"], "memsize":48, "flags":{"wb_protected":true, "old":true, "uncollectible":true, "marked":true}}
{"address":"0x7fb1f806e2d8", "type":"STRING", "class":"0x7fb1f80b7578", "frozen":true, "embedded":true, "fstring":true, "bytesize":13, "value":"public_method", "encoding":"US-ASCII", "memsize":40, "flags":{"wb_protected":true, "old":true, "uncollectible":true, "marked":true}}
{"address":"0x7fb1f806e300", "type":"STRING", "class":"0x7fb1f80b7578", "frozen":true, "embedded":true, "fstring":true, "bytesize":9, "value":"file_path", "encoding":"US-ASCII", "memsize":40, "flags":{"wb_protected":true, "old":true, "uncollectible":true, "marked":true}}
{"address":"0x7fb1f806e328", "type":"IMEMO", "imemo_type":"ment", "references":["0x7fb1f80c4ef8"], "memsize":48, "flags":{"wb_protected":true, "old":true, "uncollectible":true, "marked":true}}
{"address":"0x7fb1f806e350", "type":"STRING", "class":"0x7fb1f80b7578", "frozen":true, "embedded":true, "fstring":true, "bytesize":6, "value":"method", "encoding":"US-ASCII", "memsize":40, "flags":{"wb_protected":true, "old":true, "uncollectible":true, "marked":true}}
{"address":"0x7fb1f806e3a0", "type":"IMEMO", "class":"0x7fb1f806e8a0", "imemo_type":"ment", "memsize":48, "flags":{"wb_protected":true, "old":true, "uncollectible":true, "marked":true}}
{"address":"0x7fb1f806e3c8", "type":"STRING", "class":"0x7fb1f80b7578", "frozen":true, "embedded":true, "fstring":true, "bytesize":12, "value":"super_method", "encoding":"US-ASCII", "memsize":40, "flags":{"wb_protected":true, "old":true, "uncollectible":true, "marked":true}}
{"address":"0x7fb1f806e3f0", "type":"ARRAY", "class":"0x7fb1f8097228", "length":1, "embedded":true, "references":["0x7fb1f80e2b60"], "memsize":40, "flags":{"wb_protected":true, "old":true, "uncollectible":true, "marked":true}}
{"address":"0x7fb1f806e418", "type":"IMEMO", "class":"0x7fb1f806e8a0", "imemo_type":"ment", "memsize":48, "flags":{"wb_protected":true, "old":true, "uncollectible":true, "marked":true}}
{"address":"0x7fb1f806e440", "type":"IMEMO", "class":"0x7fb1f806e8a0", "imemo_type":"ment", "memsize":48, "flags":{"wb_protected":true, "old":true, "uncollectible":true, "marked":true}}
{"address":"0x7fb1f806e468", "type":"IMEMO", "class":"0x7fb1f806e8a0", "imemo_type":"ment", "memsize":48, "flags":{"wb_protected":true, "old":true, "uncollectible":true, "marked":true}}
{"address":"0x7fb1f806e490", "type":"STRING", "class":"0x7fb1f80b7578", "frozen":true, "embedded":true, "fstring":true, "bytesize":6, "value":"unbind", "encoding":"US-ASCII", "memsize":40, "flags":{"wb_protected":true, "old":true, "uncollectible":true, "marked":true}}
{"address":"0x7fb1f806e4b8", "type":"DATA", "class":"0x7fb1f80760c8", "struct":"time", "references":["0x7fb1f8112a90"], "memsize":86, "flags":{"uncollectible":true, "marked":true}}
{"address":"0x7fb1f806e4e0", "type":"IMEMO", "class":"0x7fb1f806e8a0", "imemo_type":"ment", "memsize":48, "flags":{"wb_protected":true, "old":true, "uncollectible":true, "marked":true}}
{"address":"0x7fb1f806e508", "type":"STRING", "class":"0x7fb1f80b7578", "frozen":true, "embedded":true, "fstring":true, "bytesize":5, "value":"owner", "encoding":"US-ASCII", "memsize":40, "flags":{"wb_protected":true, "old":true, "uncollectible":true, "marked":true}}
{"address":"0x7fb1f806e558", "type":"IMEMO", "class":"0x7fb1f806e8a0", "imemo_type":"ment", "memsize":48, "flags":{"wb_protected":true, "old":true, "uncollectible":true, "marked":true}}
{"address":"0x7fb1f806e580", "type":"STRING", "class":"0x7fb1f80b7578", "frozen":true, "embedded":true, "fstring":true, "bytesize":13, "value":"original_name", "encoding":"US-ASCII", "memsize":40, "flags":{"wb_protected":true, "old":true, "uncollectible":true, "marked":true}}
{"address":"0x7fb1f806e5a8", "type":"STRING", "class":"0x7fb1f80b7578", "frozen":true, "embedded":true, "fstring":true, "bytesize":16, "value":"ClassNameChecker", "encoding":"US-ASCII", "memsize":40, "flags":{"wb_protected":true, "old":true, "uncollectible":true, "marked":true}}
{"address":"0x7fb1f806e5d0", "type":"IMEMO", "class":"0x7fb1f806e8a0", "imemo_type":"ment", "memsize":48, "flags":{"wb_protected":true, "old":true, "uncollectible":true, "marked":true}}
{"address":"0x7fb1f806e5f8", "type":"IMEMO", "class":"0x7fb1f806e8a0", "imemo_type":"ment", "memsize":48, "flags":{"wb_protected":true, "old":true, "uncollectible":true, "marked":true}}
{"address":"0x7fb1f806e620", "type":"IMEMO", "class":"0x7fb1f806e8a0", "imemo_type":"ment", "memsize":48, "flags":{"wb_protected":true, "old":true, "uncollectible":true, "marked":true}}
{"address":"0x7fb1f806e648", "type":"IMEMO", "class":"0x7fb1f806e8a0", "imemo_type":"ment", "memsize":48, "flags":{"wb_protected":true, "old":true, "uncollectible":true, "marked":true}}
{"address":"0x7fb1f806e670", "type":"IMEMO", "class":"0x7fb1f806e8a0", "imemo_type":"ment", "memsize":48, "flags":{"wb_protected":true, "old":true, "uncollectible":true, "marked":true}}
{"address":"0x7fb1f806e698", "type":"IMEMO", "class":"0x7fb1f806e8a0", "imemo_type":"ment", "memsize":48, "flags":{"wb_protected":true, "old":true, "uncollectible":true, "marked":true}}
{"address":"0x7fb1f806e6c0", "type":"IMEMO", "class":"0x7fb1f806e8a0", "imemo_type":"ment", "memsize":48, "flags":{"wb_protected":true, "old":true, "uncollectible":true, "marked":true}}
{"address":"0x7fb1f806e6e8", "type":"IMEMO", "class":"0x7fb1f806e8a0", "imemo_type":"ment", "memsize":48, "flags":{"wb_protected":true, "old":true, "uncollectible":true, "marked":true}}
{"address":"0x7fb1f806e710", "type":"IMEMO", "class":"0x7fb1f806e8a0", "imemo_type":"ment", "memsize":48, "flags":{"wb_protected":true, "old":true, "uncollectible":true, "marked":true}}
{"address":"0x7fb1f806e738", "type":"IMEMO", "class":"0x7fb1f806e8a0", "imemo_type":"ment", "memsize":48, "flags":{"wb_protected":true, "old":true, "uncollectible":true, "marked":true}}
{"address":"0x7fb1f806e760", "type":"IMEMO", "class":"0x7fb1f806e8a0", "imemo_type":"ment", "memsize":48, "flags":{"wb_protected":true, "old":true, "uncollectible":true, "marked":true}}
{"address":"0x7fb1f806e788", "type":"IMEMO", "class":"0x7fb1f806e8a0", "imemo_type":"ment", "memsize":48, "flags":{"wb_protected":true, "old":true, "uncollectible":true, "marked":true}}
{"address":"0x7fb1f806e7b0", "type":"IMEMO", "class":"0x7fb1f806e8a0", "imemo_type":"ment", "memsize":48, "flags":{"wb_protected":true, "old":true, "uncollectible":true, "marked":true}}
{"address":"0x7fb1f806e7d8", "type":"IMEMO", "class":"0x7fb1f806e8a0", "imemo_type":"ment", "memsize":48, "flags":{"wb_protected":true, "old":true, "uncollectible":true, "marked":true}}
{"address":"0x7fb1f806e800", "type":"IMEMO", "class":"0x7fb1f806e8a0", "imemo_type":"ment", "memsize":48, "flags":{"wb_protected":true, "old":true, "uncollectible":true, "marked":true}}
{"address":"0x7fb1f806e828", "type":"IMEMO", "class":"0x7fb1f806e8a0", "imemo_type":"ment", "memsize":48, "flags":{"wb_protected":true, "old":true, "uncollectible":true, "marked":true}}
{"address":"0x7fb1f806e850", "type":"IMEMO", "class":"0x7fb1f806e878", "imemo_type":"ment", "memsize":48, "flags":{"wb_protected":true, "old":true, "uncollectible":true, "marked":true}}
{"address":"0x7fb1f806e878", "type":"CLASS", "class":"0x7fb1f80bf700", "name":"Class", "references":["0x7fb1f80bf6b0", "0x7fb1f806e850", "0x7fb1f806e8a0"], "memsize":528, "flags":{"wb_protected":true, "old":true, "uncollectible":true, "marked":true}}
{"address":"0x7fb1f806e8a0", "type":"CLASS", "class":"0x7fb1f806e878", "name":"Method", "references":["0x7fb1f80c5240", "0x7fb1f806e4e0", "0x7fb1f806e468", "0x7fb1f806e3a0", "0x7fb1f806e710", "0x7fb1f806e6e8", "0x7fb1f806e620", "0x7fb1f806e828", "0x7fb1f806e760", "0x7fb1f806e648", "0x7fb1f806e670", "0x7fb1f806e6c0", "0x7fb1f806e698", "0x7fb1f806e788", "0x7fb1f806e738", "0x7fb1f806e440", "0x7fb1f806e5f8", "0x7fb1f806e418", "0x7fb1f806e800", "0x7fb1f806e7d8", "0x7fb1f806e558", "0x7fb1f806e5d0", "0x7fb1f806e7b0", "0x7fb1f806e8c8"], "memsize":976, "flags":{"wb_protected":true, "old":true, "uncollectible":true, "marked":true}}
{"address":"0x7fb1f806e8c8", "type":"STRING", "class":"0x7fb1f80b7578", "frozen":true, "embedded":true, "fstring":true, "bytesize":6, "value":"Method", "encoding":"US-ASCII", "memsize":40, "flags":{"wb_protected":true, "old":true, "uncollectible":true, "marked":true}}
{"address":"0x7fb1f806e918", "type":"IMEMO", "class":"0x7fb1f80bfbb0", "imemo_type":"ment", "memsize":48, "flags":{"wb_protected":true, "old":true, "uncollectible":true, "marked":true}}
{"address":"0x7fb1f806e940", "type":"IMEMO", "imemo_type":"ment", "references":["0x7fb1f80c4ef8"], "memsize":48, "flags":{"wb_protected":true, "old":true, "uncollectible":true, "marked":true}}
{"address":"0x7fb1f806e968", "type":"IMEMO", "class":"0x7fb1f80bfbb0", "imemo_type":"ment", "memsize":48, "flags":{"wb_protected":true, "old":true, "uncollectible":true, "marked":true}}
{"address":"0x7fb1f806e990", "type":"IMEMO", "imemo_type":"ment", "references":["0x7fb1f80c4ef8"], "memsize":48, "flags":{"wb_protected":true, "old":true, "uncollectible":true, "marked":true}}
{"address":"0x7fb1f806e9b8", "type":"OBJECT", "class":"0x7fb1f806ea30", "frozen":true, "ivars":3, "references":["0x7fb1f806e9e0"], "memsize":40, "flags":{"wb_protected":true, "old":true, "uncollectible":true, "marked":true}}
{"address":"0x7fb1f806e9e0", "type":"STRING", "class":"0x7fb1f80b7578", "frozen":true, "bytesize":20, "value":"stack level too deep", "encoding":"US-ASCII", "memsize":40, "flags":{"wb_protected":true, "old":true, "uncollectible":true, "marked":true}}
{"address":"0x7fb1f806ea08", "type":"CLASS", "class":"0x7fb1f80bf700", "name":"Class", "references":["0x7fb1f80afaf8", "0x7fb1f806ea30"], "memsize":464, "flags":{"wb_protected":true, "old":true, "uncollectible":true, "marked":true}}
{"address":"0x7fb1f806ea30", "type":"CLASS", "class":"0x7fb1f806ea08", "name":"SystemStackError", "references":["0x7fb1f80afb20", "0x7fb1f806ea58"], "memsize":616, "flags":{"wb_protected":true, "old":true, "uncollectible":true, "marked":true}}
{"address":"0x7fb1f806ea58", "type":"STRING", "class":"0x7fb1f80b7578", "frozen":true, "embedded":true, "fstring":true, "bytesize":16, "value":"SystemStackError", "encoding":"US-ASCII", "memsize":40, "flags":{"wb_protected":true, "old":true, "uncollectible":true, "marked":true}}
{"address":"0x7fb1f806eaa8", "type":"IMEMO", "class":"0x7fb1f806ebc0", "imemo_type":"ment", "memsize":48, "flags":{"wb_protected":true, "old":true, "uncollectible":true, "marked":true}}
{"address":"0x7fb1f806ead0", "type":"STRING", "class":"0x7fb1f80b7578", "frozen":true, "embedded":true, "fstring":true, "bytesize":6, "value":"reason", "encoding":"US-ASCII", "memsize":40, "flags":{"wb_protected":true, "old":true, "uncollectible":true, "marked":true}}
{"address":"0x7fb1f806eaf8", "type":"STRING", "class":"0x7fb1f80b7578", "frozen":true, "embedded":true, "fstring":true, "bytesize":15, "value":"FormatException", "encoding":"US-ASCII", "memsize":40, "flags":{"wb_protected":true, "old":true, "uncollectible":true, "marked":true}}
{"address":"0x7fb1f806eb20", "type":"IMEMO", "class":"0x7fb1f806ebc0", "imemo_type":"ment", "memsize":48, "flags":{"wb_protected":true, "old":true, "uncollectible":true, "marked":true}}
{"address":"0x7fb1f806eb48", "type":"STRING", "class":"0x7fb1f80b7578", "frozen":true, "embedded":true, "fstring":true, "bytesize":10, "value":"exit_value", "encoding":"US-ASCII", "memsize":40, "flags":{"wb_protected":true, "old":true, "uncollectible":true, "marked":true}}
{"address":"0x7fb1f806eb70", "type":"STRING", "class":"0x7fb1f80b7578", "frozen":true, "embedded":true, "fstring":true, "bytesize":22, "value":"uninitialized constant", "encoding":"US-ASCII", "memsize":40, "flags":{"wb_protected":true, "old":true, "uncollectible":true, "marked":true}}
{"address":"0x7fb1f806eb98", "type":"CLASS", "class":"0x7fb1f80bf700", "name":"Class", "references":["0x7fb1f80af260", "0x7fb1f806ebc0"], "memsize":464, "flags":{"wb_protected":true, "old":true, "uncollectible":true, "marked":true}}
{"address":"0x7fb1f806ebc0", "type":"CLASS", "class":"0x7fb1f806eb98", "name":"LocalJumpError", "references":["0x7fb1f80af288", "0x7fb1f806eb20", "0x7fb1f806eaa8", "0x7fb1f806ebe8"], "memsize":528, "flags":{"wb_protected":true, "old":true, "uncollectible":true, "marked":true}}
{"address":"0x7fb1f806ebe8", "type":"STRING", "class":"0x7fb1f80b7578", "frozen":true, "embedded":true, "fstring":true, "bytesize":14, "value":"LocalJumpError", "encoding":"US-ASCII", "memsize":40, "flags":{"wb_protected":true, "old":true, "uncollectible":true, "marked":true}}
{"address":"0x7fb1f806ec38", "type":"IMEMO", "class":"0x7fb1f806f160", "imemo_type":"ment", "memsize":48, "flags":{"wb_protected":true, "old":true, "uncollectible":true, "marked":true}}
{"address":"0x7fb1f806ec60", "type":"IMEMO", "class":"0x7fb1f806f160", "imemo_type":"ment", "memsize":48, "flags":{"wb_protected":true, "old":true, "uncollectible":true, "marked":true}}
{"address":"0x7fb1f806ec88", "type":"STRING", "class":"0x7fb1f80b7578", "frozen":true, "embedded":true, "fstring":true, "bytesize":10, "value":"parameters", "encoding":"US-ASCII", "memsize":40, "flags":{"wb_protected":true, "old":true, "uncollectible":true, "marked":true}}
{"address":"0x7fb1f806ecd8", "type":"IMEMO", "class":"0x7fb1f806f160", "imemo_type":"ment", "memsize":48, "flags":{"wb_protected":true, "old":true, "uncollectible":true, "marked":true}}
{"address":"0x7fb1f806ed00", "type":"STRING", "class":"0x7fb1f80b7578", "frozen":true, "embedded":true, "fstring":true, "bytesize":15, "value":"source_location", "encoding":"US-ASCII", "memsize":40, "flags":{"wb_protected":true, "old":true, "uncollectible":true, "marked":true}}
{"address":"0x7fb1f806ed28", "type":"REGEXP", "class":"0x7fb1f808ea60", "references":["0x7fb1f806eb70"], "memsize":554, "flags":{"wb_protected":true, "old":true, "uncollectible":true, "marked":true}}
{"address":"0x7fb1f806ed50", "type":"IMEMO", "class":"0x7fb1f806f160", "imemo_type":"ment", "memsize":48, "flags":{"wb_protected":true, "old":true, "uncollectible":true, "marked":true}}
{"address":"0x7fb1f806ed78", "type":"IMEMO", "class":"0x7fb1f806f160", "imemo_type":"ment", "memsize":48, "flags":{"wb_protected":true, "old":true, "uncollectible":true, "marked":true}}
{"address":"0x7fb1f806eda0", "type":"IMEMO", "class":"0x7fb1f806f160", "imemo_type":"ment", "memsize":48, "flags":{"wb_protected":true, "old":true, "uncollectible":true, "marked":true}}
{"address":"0x7fb1f806edc8", "type":"STRING", "class":"0x7fb1f80b7578", "frozen":true, "embedded":true, "fstring":true, "bytesize":5, "value":"curry", "encoding":"US-ASCII", "memsize":40, "flags":{"wb_protected":true, "old":true, "uncollectible":true, "marked":true}}
{"address":"0x7fb1f806ee18", "type":"IMEMO", "class":"0x7fb1f806f160", "imemo_type":"ment", "memsize":48, "flags":{"wb_protected":true, "old":true, "uncollectible":true, "marked":true}}
{"address":"0x7fb1f806ee40", "type":"STRING", "class":"0x7fb1f80b7578", "frozen":true, "embedded":true, "fstring":true, "bytesize":7, "value":"binding", "encoding":"US-ASCII", "memsize":40, "flags":{"wb_protected":true, "old":true, "uncollectible":true, "marked":true}}
{"address":"0x7fb1f806ee68", "type":"ARRAY", "class":"0x7fb1f8097228", "length":1, "embedded":true, "references":["0x7fb1f80e2c00"], "memsize":40, "flags":{"wb_protected":true, "old":true, "uncollectible":true, "marked":true}}
{"address":"0x7fb1f806ee90", "type":"IMEMO", "class":"0x7fb1f806f160", "imemo_type":"ment", "memsize":48, "flags":{"wb_protected":true, "old":true, "uncollectible":true, "marked":true}}
{"address":"0x7fb1f806eeb8", "type":"STRING", "class":"0x7fb1f80b7578", "frozen":true, "embedded":true, "fstring":true, "bytesize":7, "value":"lambda?", "encoding":"US-ASCII", "memsize":40, "flags":{"wb_protected":true, "old":true, "uncollectible":true, "marked":true}}
{"address":"0x7fb1f806ef08", "type":"IMEMO", "class":"0x7fb1f806f160", "imemo_type":"ment", "memsize":48, "flags":{"wb_protected":true, "old":true, "uncollectible":true, "marked":true}}
{"address":"0x7fb1f806ef30", "type":"IMEMO", "class":"0x7fb1f806f160", "imemo_type":"ment", "memsize":48, "flags":{"wb_protected":true, "old":true, "uncollectible":true, "marked":true}}
{"address":"0x7fb1f806ef58", "type":"IMEMO", "class":"0x7fb1f806f160", "imemo_type":"ment", "memsize":48, "flags":{"wb_protected":true, "old":true, "uncollectible":true, "marked":true}}
{"address":"0x7fb1f806ef80", "type":"IMEMO", "class":"0x7fb1f806f160", "imemo_type":"ment", "memsize":48, "flags":{"wb_protected":true, "old":true, "uncollectible":true, "marked":true}}
{"address":"0x7fb1f806efa8", "type":"IMEMO", "class":"0x7fb1f806f160", "imemo_type":"ment", "memsize":48, "flags":{"wb_protected":true, "old":true, "uncollectible":true, "marked":true}}
{"address":"0x7fb1f806efd0", "type":"IMEMO", "class":"0x7fb1f806f160", "imemo_type":"ment", "memsize":48, "flags":{"wb_protected":true, "old":true, "uncollectible":true, "marked":true}}
{"address":"0x7fb1f806eff8", "type":"STRING", "class":"0x7fb1f80b7578", "frozen":true, "embedded":true, "fstring":true, "bytesize":5, "value":"arity", "encoding":"US-ASCII", "memsize":40, "flags":{"wb_protected":true, "old":true, "uncollectible":true, "marked":true}}
{"address":"0x7fb1f806f048", "type":"IMEMO", "class":"0x7fb1f806f160", "imemo_type":"ment", "memsize":48, "flags":{"wb_protected":true, "old":true, "uncollectible":true, "marked":true}}
{"address":"0x7fb1f806f070", "type":"IMEMO", "class":"0x7fb1f806f160", "imemo_type":"ment", "memsize":48, "flags":{"wb_protected":true, "old":true, "uncollectible":true, "marked":true}}
{"address":"0x7fb1f806f098", "type":"IMEMO", "class":"0x7fb1f806f160", "imemo_type":"ment", "memsize":48, "flags":{"wb_protected":true, "old":true, "uncollectible":true, "marked":true}}
{"address":"0x7fb1f806f0c0", "type":"IMEMO", "class":"0x7fb1f806f160", "imemo_type":"ment", "memsize":48, "flags":{"wb_protected":true, "old":true, "uncollectible":true, "marked":true}}
{"address":"0x7fb1f806f0e8", "type":"IMEMO", "class":"0x7fb1f806f160", "imemo_type":"ment", "memsize":48, "flags":{"wb_protected":true, "old":true, "uncollectible":true, "marked":true}}
{"address":"0x7fb1f806f110", "type":"IMEMO", "class":"0x7fb1f806f138", "imemo_type":"ment", "memsize":48, "flags":{"wb_protected":true, "old":true, "uncollectible":true, "marked":true}}
{"address":"0x7fb1f806f138", "type":"CLASS", "class":"0x7fb1f80bf700", "name":"Class", "references":["0x7fb1f80bf6b0", "0x7fb1f806f110", "0x7fb1f806f160"], "memsize":528, "flags":{"wb_protected":true, "old":true, "uncollectible":true, "marked":true}}
{"address":"0x7fb1f806f160", "type":"CLASS", "class":"0x7fb1f806f138", "name":"Proc", "references":["0x7fb1f80c5240", "0x7fb1f806ef80", "0x7fb1f806f070", "0x7fb1f806ed78", "0x7fb1f806ed50", "0x7fb1f806f048", "0x7fb1f806ef08", "0x7fb1f806f098", "0x7fb1f806ef30", "0x7fb1f806ec38", "0x7fb1f806f0c0", "0x7fb1f806efd0", "0x7fb1f806f0e8", "0x7fb1f806ee18", "0x7fb1f806ee90", "0x7fb1f806ecd8", "0x7fb1f806eda0", "0x7fb1f806ec60", "0x7fb1f806ef58", "0x7fb1f806efa8", "0x7fb1f806f188"], "memsize":976, "flags":{"wb_protected":true, "old":true, "uncollectible":true, "marked":true}}
{"address":"0x7fb1f806f188", "type":"STRING", "class":"0x7fb1f80b7578", "frozen":true, "embedded":true, "fstring":true, "bytesize":4, "value":"Proc", "encoding":"US-ASCII", "memsize":40, "flags":{"wb_protected":true, "old":true, "uncollectible":true, "marked":true}}
{"address":"0x7fb1f806f1b0", "type":"STRING", "class":"0x7fb1f80b7578", "frozen":true, "embedded":true, "fstring":true, "bytesize":14, "value":"really_verbose", "encoding":"US-ASCII", "memsize":40, "flags":{"wb_protected":true, "old":true, "uncollectible":true, "marked":true}}
{"address":"0x7fb1f806f1d8", "type":"ARRAY", "length":4, "memsize":200, "flags":{"wb_protected":true, "old":true, "uncollectible":true, "marked":true}}
{"address":"0x7fb1f806f200", "type":"IMEMO", "class":"0x7fb1f80bfbb0", "imemo_type":"ment", "memsize":48, "flags":{"wb_protected":true, "old":true, "uncollectible":true, "marked":true}}
{"address":"0x7fb1f806f228", "type":"IMEMO", "imemo_type":"ment", "references":["0x7fb1f80c4ef8"], "memsize":48, "flags":{"wb_protected":true, "old":true, "uncollectible":true, "marked":true}}
{"address":"0x7fb1f806f250", "type":"IMEMO", "class":"0x7fb1f80bfbb0", "imemo_type":"ment", "memsize":48, "flags":{"wb_protected":true, "old":true, "uncollectible":true, "marked":true}}
{"address":"0x7fb1f806f278", "type":"IMEMO", "imemo_type":"ment", "references":["0x7fb1f80c4ef8"], "memsize":48, "flags":{"wb_protected":true, "old":true, "uncollectible":true, "marked":true}}
{"address":"0x7fb1f806f2a0", "type":"IMEMO", "class":"0x7fb1f80c51c8", "imemo_type":"ment", "memsize":48, "flags":{"wb_protected":true, "old":true, "uncollectible":true, "marked":true}}
{"address":"0x7fb1f806f2c8", "type":"STRING", "class":"0x7fb1f80b7578", "frozen":true, "embedded":true, "fstring":true, "bytesize":9, "value":"autoload?", "encoding":"US-ASCII", "memsize":40, "flags":{"wb_protected":true, "old":true, "uncollectible":true, "marked":true}}
{"address":"0x7fb1f806f2f0", "type":"STRING", "class":"0x7fb1f80b7578", "frozen":true, "embedded":true, "fstring":true, "bytesize":11, "value":"Yehuda Katz", "encoding":"UTF-8", "memsize":40, "flags":{"wb_protected":true, "old":true, "uncollectible":true, "marked":true}}
{"address":"0x7fb1f806f318", "type":"IMEMO", "class":"0x7fb1f80c51c8", "imemo_type":"ment", "memsize":48, "flags":{"wb_protected":true, "old":true, "uncollectible":true, "marked":true}}
{"address":"0x7fb1f806f340", "type":"STRING", "class":"0x7fb1f80b7578", "frozen":true, "embedded":true, "fstring":true, "bytesize":8, "value":"autoload", "encoding":"US-ASCII", "memsize":40, "flags":{"wb_protected":true, "old":true, "uncollectible":true, "marked":true}}
{"address":"0x7fb1f806f368", "type":"ARRAY", "class":"0x7fb1f8097228", "length":1, "embedded":true, "references":["0x7fb1f80b6ab0"], "memsize":40, "flags":{"wb_protected":true, "old":true, "uncollectible":true, "marked":true}}
{"address":"0x7fb1f806f390", "type":"IMEMO", "class":"0x7fb1f80bfbb0", "imemo_type":"ment", "memsize":48, "flags":{"wb_protected":true, "old":true, "uncollectible":true, "marked":true}}
{"address":"0x7fb1f806f3b8", "type":"IMEMO", "imemo_type":"ment", "references":["0x7fb1f80c4ef8"], "memsize":48, "flags":{"wb_protected":true, "old":true, "uncollectible":true, "marked":true}}
{"address":"0x7fb1f806f3e0", "type":"STRING", "class":"0x7fb1f80b7578", "frozen":true, "embedded":true, "fstring":true, "bytesize":16, "value":"require_relative", "encoding":"US-ASCII", "memsize":40, "flags":{"wb_protected":true, "old":true, "uncollectible":true, "marked":true}}
{"address":"0x7fb1f806f408", "type":"HASH", "class":"0x7fb1f8095130", "size":2, "references":["0x7fb1f8110e20", "0x7fb1f806f5e8", "0x7fb1f8110dd0", "0x7fb1f806f4a8"], "memsize":168, "flags":{"wb_protected":true, "old":true, "uncollectible":true, "marked":true}}
{"address":"0x7fb1f806f430", "type":"IMEMO", "class":"0x7fb1f80bfbb0", "imemo_type":"ment", "memsize":48, "flags":{"wb_protected":true, "old":true, "uncollectible":true, "marked":true}}
{"address":"0x7fb1f806f480", "type":"STRING", "class":"0x7fb1f80b7578", "frozen":true, "embedded":true, "fstring":true, "bytesize":7, "value":"require", "encoding":"US-ASCII", "memsize":40, "flags":{"wb_protected":true, "old":true, "uncollectible":true, "marked":true}}
{"address":"0x7fb1f806f4a8", "type":"STRING", "class":"0x7fb1f80b7578", "shared":true, "encoding":"UTF-8", "references":["0x7fb1f80762f8"], "memsize":40, "flags":{"wb_protected":true, "old":true, "uncollectible":true, "marked":true}}
{"address":"0x7fb1f806f4d0", "type":"IMEMO", "class":"0x7fb1f80bfbb0", "imemo_type":"ment", "memsize":48, "flags":{"wb_protected":true, "old":true, "uncollectible":true, "marked":true}}
{"address":"0x7fb1f806f4f8", "type":"IMEMO", "imemo_type":"ment", "references":["0x7fb1f80c4ef8"], "memsize":48, "flags":{"wb_protected":true, "old":true, "uncollectible":true, "marked":true}}
{"address":"0x7fb1f806f520", "type":"ARRAY", "length":48, "shared":true, "references":["0x7fb1f8102d48"], "memsize":40, "flags":{"wb_protected":true, "old":true, "uncollectible":true, "marked":true}}
{"address":"0x7fb1f806f548", "type":"ARRAY", "class":"0x7fb1f8097228", "length":48, "shared":true, "references":["0x7fb1f8102d48"], "memsize":40, "flags":{"wb_protected":true, "old":true, "uncollectible":true, "marked":true}}
{"address":"0x7fb1f806f570", "type":"STRING", "class":"0x7fb1f80b7578", "frozen":true, "embedded":true, "fstring":true, "bytesize":16, "value":"$LOADED_FEATURES", "encoding":"US-ASCII", "memsize":40, "flags":{"wb_protected":true, "old":true, "uncollectible":true, "marked":true}}
{"address":"0x7fb1f806f598", "type":"STRING", "class":"0x7fb1f80b7578", "frozen":true, "fstring":true, "bytesize":101, "capacity":158, "value":"/Users/rschneeman/.rubies/ruby-2.7.1/lib/ruby/gems/2.7.0/specifications/default/timeout-0.1.0.gemspec", "encoding":"US-ASCII", "memsize":199, "flags":{"wb_protected":true, "old":true, "uncollectible":true, "marked":true}}
{"address":"0x7fb1f806f5c0", "type":"STRING", "class":"0x7fb1f80b7578", "frozen":true, "embedded":true, "fstring":true, "bytesize":2, "value":"$\"", "encoding":"US-ASCII", "memsize":40, "flags":{"wb_protected":true, "old":true, "uncollectible":true, "marked":true}}
{"address":"0x7fb1f806f5e8", "type":"STRING", "class":"0x7fb1f80b7578", "shared":true, "encoding":"UTF-8", "references":["0x7fb1f80762f8"], "memsize":40, "flags":{"wb_protected":true, "old":true, "uncollectible":true, "marked":true}}
{"address":"0x7fb1f806f610", "type":"IMEMO", "class":"0x7fb1f806f688", "imemo_type":"ment", "memsize":48, "flags":{"wb_protected":true, "old":true, "uncollectible":true, "marked":true}}
{"address":"0x7fb1f806f638", "type":"STRING", "class":"0x7fb1f80b7578", "frozen":true, "embedded":true, "fstring":true, "bytesize":20, "value":"resolve_feature_path", "encoding":"US-ASCII", "memsize":40, "flags":{"wb_protected":true, "old":true, "uncollectible":true, "marked":true}}
{"address":"0x7fb1f806f688", "type":"CLASS", "class":"0x7fb1f8097200", "name":"Array", "references":["0x7fb1f8097228", "0x7fb1f806f610", "0x7fb1f806f700"], "memsize":528, "flags":{"wb_protected":true, "old":true, "uncollectible":true, "marked":true}}
{"address":"0x7fb1f806f6b0", "type":"ARRAY", "length":8, "shared":true, "references":["0x7fb1f8034948"], "memsize":40, "flags":{"wb_protected":true, "old":true, "uncollectible":true, "marked":true}}
{"address":"0x7fb1f806f700", "type":"ARRAY", "class":"0x7fb1f806f688", "length":8, "shared":true, "references":["0x7fb1f8034948"], "memsize":40, "flags":{"wb_protected":true, "old":true, "uncollectible":true, "marked":true}}
{"address":"0x7fb1f806f728", "type":"STRING", "class":"0x7fb1f80b7578", "frozen":true, "embedded":true, "fstring":true, "bytesize":10, "value":"$LOAD_PATH", "encoding":"US-ASCII", "memsize":40, "flags":{"wb_protected":true, "old":true, "uncollectible":true, "marked":true}}
{"address":"0x7fb1f806f750", "type":"STRING", "class":"0x7fb1f80b7578", "frozen":true, "embedded":true, "fstring":true, "bytesize":16, "value":"ext/sdbm/extconf", "encoding":"UTF-8", "memsize":40, "flags":{"wb_protected":true, "old":true, "uncollectible":true, "marked":true}}
{"address":"0x7fb1f806f778", "type":"STRING", "class":"0x7fb1f80b7578", "frozen":true, "embedded":true, "fstring":true, "bytesize":3, "value":"$-I", "encoding":"US-ASCII", "memsize":40, "flags":{"wb_protected":true, "old":true, "uncollectible":true, "marked":true}}
{"address":"0x7fb1f806f7a0", "type":"STRING", "class":"0x7fb1f80b7578", "frozen":true, "embedded":true, "fstring":true, "bytesize":2, "value":"^$", "encoding":"US-ASCII", "memsize":40, "flags":{"wb_protected":true, "old":true, "uncollectible":true, "marked":true}}
{"address":"0x7fb1f806f7c8", "type":"STRING", "class":"0x7fb1f80b7578", "frozen":true, "embedded":true, "fstring":true, "bytesize":2, "value":"$:", "encoding":"US-ASCII", "memsize":40, "flags":{"wb_protected":true, "old":true, "uncollectible":true, "marked":true}}
{"address":"0x7fb1f806f818", "type":"IMEMO", "class":"0x7fb1f80af328", "imemo_type":"ment", "memsize":48, "flags":{"wb_protected":true, "old":true, "uncollectible":true, "marked":true}}
{"address":"0x7fb1f806f840", "type":"IMEMO", "class":"0x7fb1f80afb20", "imemo_type":"ment", "references":["0x7fb1f80af3c8"], "memsize":48, "flags":{"wb_protected":true, "old":true, "uncollectible":true, "marked":true}}
{"address":"0x7fb1f806f868", "type":"STRING", "class":"0x7fb1f80b7578", "frozen":true, "embedded":true, "fstring":true, "bytesize":5, "value":"signm", "encoding":"US-ASCII", "memsize":40, "flags":{"wb_protected":true, "old":true, "uncollectible":true, "marked":true}}
{"address":"0x7fb1f806f8b8", "type":"IMEMO", "class":"0x7fb1f80af3c8", "imemo_type":"ment", "memsize":48, "flags":{"wb_protected":true, "old":true, "uncollectible":true, "marked":true}}
{"address":"0x7fb1f806f8e0", "type":"IMEMO", "class":"0x7fb1f80af3c8", "imemo_type":"ment", "memsize":48, "flags":{"wb_protected":true, "old":true, "uncollectible":true, "marked":true}}
{"address":"0x7fb1f806f908", "type":"IMEMO", "class":"0x7fb1f806fa20", "imemo_type":"ment", "memsize":48, "flags":{"wb_protected":true, "old":true, "uncollectible":true, "marked":true}}
{"address":"0x7fb1f806f930", "type":"IMEMO", "imemo_type":"ment", "references":["0x7fb1f806fb10"], "memsize":48, "flags":{"wb_protected":true, "old":true, "uncollectible":true, "marked":true}}
{"address":"0x7fb1f806f958", "type":"STRING", "class":"0x7fb1f80b7578", "frozen":true, "embedded":true, "fstring":true, "bytesize":7, "value":"signame", "encoding":"US-ASCII", "memsize":40, "flags":{"wb_protected":true, "old":true, "uncollectible":true, "marked":true}}
{"address":"0x7fb1f806f9a8", "type":"IMEMO", "class":"0x7fb1f806fa20", "imemo_type":"ment", "memsize":48, "flags":{"wb_protected":true, "old":true, "uncollectible":true, "marked":true}}
{"address":"0x7fb1f806f9d0", "type":"IMEMO", "imemo_type":"ment", "references":["0x7fb1f806fb10"], "memsize":48, "flags":{"wb_protected":true, "old":true, "uncollectible":true, "marked":true}}
{"address":"0x7fb1f806f9f8", "type":"IMEMO", "class":"0x7fb1f806fa20", "imemo_type":"ment", "memsize":48, "flags":{"wb_protected":true, "old":true, "uncollectible":true, "marked":true}}
{"address":"0x7fb1f806fa20", "type":"CLASS", "class":"0x7fb1f80bf6d8", "name":"Module", "references":["0x7fb1f80c51c8", "0x7fb1f806f908", "0x7fb1f806f9a8", "0x7fb1f806f9f8", "0x7fb1f806fb10"], "memsize":528, "flags":{"wb_protected":true, "old":true, "uncollectible":true, "marked":true}}
{"address":"0x7fb1f806fa48", "type":"IMEMO", "imemo_type":"ment", "references":["0x7fb1f806fb10"], "memsize":48, "flags":{"wb_protected":true, "old":true, "uncollectible":true, "marked":true}}
{"address":"0x7fb1f806fa70", "type":"IMEMO", "class":"0x7fb1f80bfbb0", "imemo_type":"ment", "memsize":48, "flags":{"wb_protected":true, "old":true, "uncollectible":true, "marked":true}}
{"address":"0x7fb1f806fa98", "type":"IMEMO", "imemo_type":"ment", "references":["0x7fb1f80c4ef8"], "memsize":48, "flags":{"wb_protected":true, "old":true, "uncollectible":true, "marked":true}}
{"address":"0x7fb1f806fac0", "type":"STRING", "class":"0x7fb1f80b7578", "frozen":true, "embedded":true, "fstring":true, "bytesize":4, "value":"trap", "encoding":"US-ASCII", "memsize":40, "flags":{"wb_protected":true, "old":true, "uncollectible":true, "marked":true}}
{"address":"0x7fb1f806fae8", "type":"ARRAY", "class":"0x7fb1f8097228", "length":1, "embedded":true, "references":["0x7fb1f80f3780"], "memsize":40, "flags":{"wb_protected":true, "old":true, "uncollectible":true, "marked":true}}
{"address":"0x7fb1f806fb10", "type":"MODULE", "class":"0x7fb1f806fa20", "name":"Signal", "references":["0x7fb1f806f930", "0x7fb1f806f9d0", "0x7fb1f806fa48", "0x7fb1f806fb38"], "memsize":528, "flags":{"wb_protected":true, "old":true, "uncollectible":true, "marked":true}}
{"address":"0x7fb1f806fb38", "type":"STRING", "class":"0x7fb1f80b7578", "frozen":true, "embedded":true, "fstring":true, "bytesize":6, "value":"Signal", "encoding":"US-ASCII", "memsize":40, "flags":{"wb_protected":true, "old":true, "uncollectible":true, "marked":true}}
{"address":"0x7fb1f806fb60", "type":"STRING", "class":"0x7fb1f80b7578", "frozen":true, "embedded":true, "fstring":true, "bytesize":10, "value":"other_spec", "encoding":"US-ASCII", "memsize":40, "flags":{"wb_protected":true, "old":true, "uncollectible":true, "marked":true}}
{"address":"0x7fb1f806fb88", "type":"IMEMO", "imemo_type":"ment", "references":["0x7fb1f806fcf0"], "memsize":48, "flags":{"wb_protected":true, "old":true, "uncollectible":true, "marked":true}}
{"address":"0x7fb1f806fbb0", "type":"IMEMO", "imemo_type":"ment", "references":["0x7fb1f806fcf0"], "memsize":48, "flags":{"wb_protected":true, "old":true, "uncollectible":true, "marked":true}}
{"address":"0x7fb1f806fbd8", "type":"STRING", "class":"0x7fb1f80b7578", "frozen":true, "embedded":true, "fstring":true, "bytesize":13, "value":"random_number", "encoding":"US-ASCII", "memsize":40, "flags":{"wb_protected":true, "old":true, "uncollectible":true, "marked":true}}
{"address":"0x7fb1f806fc00", "type":"STRING", "class":"0x7fb1f80b7578", "frozen":true, "fstring":true, "bytesize":34, "value":"@@active_stub_with_requirable_file", "encoding":"US-ASCII", "memsize":75, "flags":{"wb_protected":true, "old":true, "uncollectible":true, "marked":true}}
{"address":"0x7fb1f806fc28", "type":"ICLASS", "class":"0x7fb1f806fcf0", "references":["0x7fb1f80bf6b0"], "memsize":40, "flags":{"uncollectible":true, "marked":true}}
{"address":"0x7fb1f806fc50", "type":"CLASS", "class":"0x7fb1f8074bd8", "name":"Class", "references":["0x7fb1f8074b88", "0x7fb1f80742a0"], "memsize":464, "flags":{"wb_protected":true, "old":true, "uncollectible":true, "marked":true}}
{"address":"0x7fb1f806fc78", "type":"ICLASS", "class":"0x7fb1f806fcf0", "references":["0x7fb1f80c5240"], "memsize":40, "flags":{"uncollectible":true, "marked":true}}
{"address":"0x7fb1f806fca0", "type":"STRING", "class":"0x7fb1f80b7578", "frozen":true, "embedded":true, "bytesize":17, "value":"Random::Formatter", "encoding":"US-ASCII", "memsize":40, "flags":{"wb_protected":true, "old":true, "uncollectible":true, "marked":true}}
{"address":"0x7fb1f806fcc8", "type":"REGEXP", "class":"0x7fb1f808ea60", "references":["0x7fb1f806f7a0"], "memsize":492, "flags":{"wb_protected":true, "old":true, "uncollectible":true, "marked":true}}
{"address":"0x7fb1f806fcf0", "type":"MODULE", "class":"0x7fb1f80c51c8", "name":"Random::Formatter", "references":["0x7fb1f806fbb0", "0x7fb1f806fb88", "0x7fb1f806fca0"], "memsize":552, "flags":{"uncollectible":true, "marked":true}}
{"address":"0x7fb1f806fd18", "type":"STRING", "class":"0x7fb1f80b7578", "frozen":true, "embedded":true, "fstring":true, "bytesize":9, "value":"Formatter", "encoding":"US-ASCII", "memsize":40, "flags":{"wb_protected":true, "old":true, "uncollectible":true, "marked":true}}
{"address":"0x7fb1f806fd68", "type":"IMEMO", "class":"0x7fb1f80742a0", "imemo_type":"ment", "memsize":48, "flags":{"wb_protected":true, "old":true, "uncollectible":true, "marked":true}}
{"address":"0x7fb1f806fd90", "type":"IMEMO", "class":"0x7fb1f80742a0", "imemo_type":"ment", "memsize":48, "flags":{"wb_protected":true, "old":true, "uncollectible":true, "marked":true}}
{"address":"0x7fb1f806fdb8", "type":"IMEMO", "class":"0x7fb1f80742a0", "imemo_type":"ment", "memsize":48, "flags":{"wb_protected":true, "old":true, "uncollectible":true, "marked":true}}
{"address":"0x7fb1f806fde0", "type":"STRING", "class":"0x7fb1f80b7578", "frozen":true, "embedded":true, "fstring":true, "bytesize":7, "value":"urandom", "encoding":"US-ASCII", "memsize":40, "flags":{"wb_protected":true, "old":true, "uncollectible":true, "marked":true}}
{"address":"0x7fb1f806fe08", "type":"STRING", "class":"0x7fb1f80b7578", "frozen":true, "fstring":true, "bytesize":27, "value":"@@spec_with_requirable_file", "encoding":"US-ASCII", "memsize":68, "flags":{"wb_protected":true, "old":true, "uncollectible":true, "marked":true}}
{"address":"0x7fb1f806fe30", "type":"IMEMO", "class":"0x7fb1f80742a0", "imemo_type":"ment", "memsize":48, "flags":{"wb_protected":true, "old":true, "uncollectible":true, "marked":true}}
{"address":"0x7fb1f806fe58", "type":"STRING", "class":"0x7fb1f80b7578", "frozen":true, "embedded":true, "fstring":true, "bytesize":8, "value":"new_seed", "encoding":"US-ASCII", "memsize":40, "flags":{"wb_protected":true, "old":true, "uncollectible":true, "marked":true}}
{"address":"0x7fb1f806fe80", "type":"ARRAY", "class":"0x7fb1f8097228", "length":2, "embedded":true, "references":["0x7fb1f8087738", "0x7fb1f80875d0"], "memsize":40, "flags":{"wb_protected":true, "old":true, "uncollectible":true, "marked":true}}
{"address":"0x7fb1f806fea8", "type":"IMEMO", "class":"0x7fb1f80742a0", "imemo_type":"ment", "memsize":48, "flags":{"wb_protected":true, "old":true, "uncollectible":true, "marked":true}}
{"address":"0x7fb1f806fed0", "type":"IMEMO", "class":"0x7fb1f80742a0", "imemo_type":"ment", "memsize":48, "flags":{"wb_protected":true, "old":true, "uncollectible":true, "marked":true}}
{"address":"0x7fb1f806fef8", "type":"IMEMO", "class":"0x7fb1f80742a0", "imemo_type":"ment", "memsize":48, "flags":{"wb_protected":true, "old":true, "uncollectible":true, "marked":true}}
{"address":"0x7fb1f806ff20", "type":"STRING", "class":"0x7fb1f80b7578", "frozen":true, "embedded":true, "fstring":true, "bytesize":7, "value":"DEFAULT", "encoding":"US-ASCII", "memsize":40, "flags":{"wb_protected":true, "old":true, "uncollectible":true, "marked":true}}
{"address":"0x7fb1f806ff48", "type":"OBJECT", "class":"0x7fb1f80e0680", "ivars":3, "references":["0x7fb1f806fae8"], "memsize":40, "flags":{"wb_protected":true, "old":true, "uncollectible":true, "marked":true}}
{"address":"0x7fb1f806ff70", "type":"BIGNUM", "class":"0x7fb1f80a7100", "frozen":true, "memsize":40, "flags":{"wb_protected":true, "old":true, "uncollectible":true, "marked":true}}
{"address":"0x7fb1f806ff98", "type":"DATA", "class":"0x7fb1f80742c8", "struct":"random/MT", "references":["0x7fb1f806ff70"], "memsize":2560, "flags":{"uncollectible":true, "marked":true}}
{"address":"0x7fb1f8074020", "type":"IMEMO", "class":"0x7fb1f80742c8", "imemo_type":"ment", "memsize":48, "flags":{"wb_protected":true, "old":true, "uncollectible":true, "marked":true}}
{"address":"0x7fb1f8074048", "type":"IMEMO", "class":"0x7fb1f80742c8", "imemo_type":"ment", "memsize":48, "flags":{"wb_protected":true, "old":true, "uncollectible":true, "marked":true}}
{"address":"0x7fb1f8074070", "type":"STRING", "class":"0x7fb1f80b7578", "frozen":true, "embedded":true, "fstring":true, "bytesize":4, "value":"left", "encoding":"US-ASCII", "memsize":40, "flags":{"wb_protected":true, "old":true, "uncollectible":true, "marked":true}}
{"address":"0x7fb1f8074098", "type":"STRING", "class":"0x7fb1f80b7578", "frozen":true, "embedded":true, "fstring":true, "bytesize":4, "value":"this", "encoding":"US-ASCII", "memsize":40, "flags":{"wb_protected":true, "old":true, "uncollectible":true, "marked":true}}
{"address":"0x7fb1f80740c0", "type":"IMEMO", "class":"0x7fb1f80742c8", "imemo_type":"ment", "memsize":48, "flags":{"wb_protected":true, "old":true, "uncollectible":true, "marked":true}}
{"address":"0x7fb1f80740e8", "type":"STRING", "class":"0x7fb1f80b7578", "frozen":true, "embedded":true, "fstring":true, "bytesize":5, "value":"state", "encoding":"US-ASCII", "memsize":40, "flags":{"wb_protected":true, "old":true, "uncollectible":true, "marked":true}}
{"address":"0x7fb1f8074110", "type":"IMEMO", "imemo_type":"iseq", "references":["0x7fb1f8067f78", "0x7fb1f8067f00", "0x7fb1f807c4f0", "0x7fb1f807c4f0", "0x7fb1f808c788"], "memsize":1656, "flags":{"wb_protected":true, "old":true, "uncollectible":true, "marked":true}}
{"address":"0x7fb1f8074138", "type":"IMEMO", "class":"0x7fb1f80742c8", "imemo_type":"ment", "memsize":48, "flags":{"wb_protected":true, "old":true, "uncollectible":true, "marked":true}}
{"address":"0x7fb1f8074160", "type":"IMEMO", "class":"0x7fb1f80742c8", "imemo_type":"ment", "memsize":48, "flags":{"wb_protected":true, "old":true, "uncollectible":true, "marked":true}}
{"address":"0x7fb1f8074188", "type":"IMEMO", "class":"0x7fb1f80742c8", "imemo_type":"ment", "memsize":48, "flags":{"wb_protected":true, "old":true, "uncollectible":true, "marked":true}}
{"address":"0x7fb1f80741b0", "type":"IMEMO", "class":"0x7fb1f80742c8", "imemo_type":"ment", "memsize":48, "flags":{"wb_protected":true, "old":true, "uncollectible":true, "marked":true}}
{"address":"0x7fb1f80741d8", "type":"STRING", "class":"0x7fb1f80b7578", "frozen":true, "embedded":true, "fstring":true, "bytesize":4, "value":"seed", "encoding":"US-ASCII", "memsize":40, "flags":{"wb_protected":true, "old":true, "uncollectible":true, "marked":true}}
{"address":"0x7fb1f8074200", "type":"STRING", "class":"0x7fb1f80b7578", "frozen":true, "embedded":true, "fstring":true, "bytesize":9, "value":"NOT_FOUND", "encoding":"US-ASCII", "memsize":40, "flags":{"wb_protected":true, "old":true, "uncollectible":true, "marked":true}}
{"address":"0x7fb1f8074228", "type":"IMEMO", "class":"0x7fb1f80742c8", "imemo_type":"ment", "memsize":48, "flags":{"wb_protected":true, "old":true, "uncollectible":true, "marked":true}}
{"address":"0x7fb1f8074250", "type":"IMEMO", "class":"0x7fb1f80742c8", "imemo_type":"ment", "memsize":48, "flags":{"wb_protected":true, "old":true, "uncollectible":true, "marked":true}}
{"address":"0x7fb1f8074278", "type":"IMEMO", "class":"0x7fb1f80742c8", "imemo_type":"ment", "memsize":48, "flags":{"wb_protected":true, "old":true, "uncollectible":true, "marked":true}}
{"address":"0x7fb1f80742a0", "type":"CLASS", "class":"0x7fb1f806fc50", "name":"Class", "references":["0x7fb1f806fc28", "0x7fb1f806fed0", "0x7fb1f806fef8", "0x7fb1f806fea8", "0x7fb1f806fd90", "0x7fb1f806fd68", "0x7fb1f806fe30", "0x7fb1f806fdb8", "0x7fb1f80742c8"], "memsize":720, "flags":{"wb_protected":true, "old":true, "uncollectible":true, "marked":true}}
{"address":"0x7fb1f80742c8", "type":"CLASS", "class":"0x7fb1f80742a0", "name":"Random", "references":["0x7fb1f806fc78", "0x7fb1f8074278", "0x7fb1f8074188", "0x7fb1f8074160", "0x7fb1f8074138", "0x7fb1f8074250", "0x7fb1f8074228", "0x7fb1f80741b0", "0x7fb1f80740c0", "0x7fb1f8074048", "0x7fb1f8074020", "0x7fb1f80742f0", "0x7fb1f806fcf0", "0x7fb1f806ff98"], "memsize":808, "flags":{"wb_protected":true, "old":true, "uncollectible":true, "marked":true}}
{"address":"0x7fb1f80742f0", "type":"STRING", "class":"0x7fb1f80b7578", "frozen":true, "embedded":true, "fstring":true, "bytesize":6, "value":"Random", "encoding":"US-ASCII", "memsize":40, "flags":{"wb_protected":true, "old":true, "uncollectible":true, "marked":true}}
{"address":"0x7fb1f8074318", "type":"IMEMO", "imemo_type":"iseq", "references":["0x7fb1f8046300", "0x7fb1f8046300", "0x7fb1f808c788"], "memsize":708, "flags":{"wb_protected":true, "old":true, "uncollectible":true, "marked":true}}
{"address":"0x7fb1f8074340", "type":"IMEMO", "class":"0x7fb1f80bfbb0", "imemo_type":"ment", "memsize":48, "flags":{"wb_protected":true, "old":true, "uncollectible":true, "marked":true}}
{"address":"0x7fb1f8074368", "type":"IMEMO", "imemo_type":"ment", "references":["0x7fb1f80c4ef8"], "memsize":48, "flags":{"wb_protected":true, "old":true, "uncollectible":true, "marked":true}}
{"address":"0x7fb1f8074390", "type":"IMEMO", "class":"0x7fb1f80bfbb0", "imemo_type":"ment", "memsize":48, "flags":{"wb_protected":true, "old":true, "uncollectible":true, "marked":true}}
{"address":"0x7fb1f80743b8", "type":"IMEMO", "imemo_type":"ment", "references":["0x7fb1f80c4ef8"], "memsize":48, "flags":{"wb_protected":true, "old":true, "uncollectible":true, "marked":true}}
{"address":"0x7fb1f80743e0", "type":"STRING", "class":"0x7fb1f80b7578", "frozen":true, "embedded":true, "fstring":true, "bytesize":5, "value":"srand", "encoding":"US-ASCII", "memsize":40, "flags":{"wb_protected":true, "old":true, "uncollectible":true, "marked":true}}
{"address":"0x7fb1f8074408", "type":"IMEMO", "imemo_type":"iseq", "references":["0x7fb1f8046648", "0x7fb1f8046648", "0x7fb1f808c788"], "memsize":708, "flags":{"wb_protected":true, "old":true, "uncollectible":true, "marked":true}}
{"address":"0x7fb1f8074430", "type":"STRING", "class":"0x7fb1f80b7578", "frozen":true, "embedded":true, "fstring":true, "bytesize":4, "value":"rand", "encoding":"US-ASCII", "memsize":40, "flags":{"wb_protected":true, "old":true, "uncollectible":true, "marked":true}}
{"address":"0x7fb1f8074458", "type":"IMEMO", "imemo_type":"iseq", "references":["0x7fb1f8046940", "0x7fb1f8046940", "0x7fb1f808c788"], "memsize":708, "flags":{"wb_protected":true, "old":true, "uncollectible":true, "marked":true}}
{"address":"0x7fb1f8074480", "type":"IMEMO", "class":"0x7fb1f8074a98", "imemo_type":"ment", "memsize":48, "flags":{"wb_protected":true, "old":true, "uncollectible":true, "marked":true}}
{"address":"0x7fb1f80744a8", "type":"STRING", "class":"0x7fb1f80b7578", "frozen":true, "embedded":true, "fstring":true, "bytesize":9, "value":"from_time", "encoding":"US-ASCII", "memsize":40, "flags":{"wb_protected":true, "old":true, "uncollectible":true, "marked":true}}
{"address":"0x7fb1f80744d0", "type":"STRING", "class":"0x7fb1f80b7578", "frozen":true, "embedded":true, "fstring":true, "bytesize":2, "value":"^n", "encoding":"US-ASCII", "memsize":40, "flags":{"wb_protected":true, "old":true, "uncollectible":true, "marked":true}}
{"address":"0x7fb1f80744f8", "type":"IMEMO", "class":"0x7fb1f8074ac0", "imemo_type":"ment", "memsize":48, "flags":{"wb_protected":true, "old":true, "uncollectible":true, "marked":true}}
{"address":"0x7fb1f8074520", "type":"STRING", "class":"0x7fb1f80b7578", "frozen":true, "embedded":true, "fstring":true, "bytesize":7, "value":"to_time", "encoding":"US-ASCII", "memsize":40, "flags":{"wb_protected":true, "old":true, "uncollectible":true, "marked":true}}
{"address":"0x7fb1f8074548", "type":"STRING", "class":"0x7fb1f80b7578", "frozen":true, "embedded":true, "fstring":true, "bytesize":15, "value":"@@stubs_by_name", "encoding":"US-ASCII", "memsize":40, "flags":{"wb_protected":true, "old":true, "uncollectible":true, "marked":true}}
{"address":"0x7fb1f8074570", "type":"IMEMO", "class":"0x7fb1f8074ac0", "imemo_type":"ment", "memsize":48, "flags":{"wb_protected":true, "old":true, "uncollectible":true, "marked":true}}
{"address":"0x7fb1f8074598", "type":"IMEMO", "class":"0x7fb1f8074ac0", "imemo_type":"ment", "memsize":48, "flags":{"wb_protected":true, "old":true, "uncollectible":true, "marked":true}}
{"address":"0x7fb1f80745c0", "type":"IMEMO", "class":"0x7fb1f8074ac0", "imemo_type":"ment", "memsize":48, "flags":{"wb_protected":true, "old":true, "uncollectible":true, "marked":true}}
{"address":"0x7fb1f80745e8", "type":"IMEMO", "class":"0x7fb1f8074ac0", "imemo_type":"ment", "memsize":48, "flags":{"wb_protected":true, "old":true, "uncollectible":true, "marked":true}}
{"address":"0x7fb1f8074610", "type":"IMEMO", "class":"0x7fb1f8074ac0", "imemo_type":"ment", "memsize":48, "flags":{"wb_protected":true, "old":true, "uncollectible":true, "marked":true}}
{"address":"0x7fb1f8074638", "type":"IMEMO", "class":"0x7fb1f8074ac0", "imemo_type":"ment", "memsize":48, "flags":{"wb_protected":true, "old":true, "uncollectible":true, "marked":true}}
{"address":"0x7fb1f8074660", "type":"IMEMO", "class":"0x7fb1f8074ac0", "imemo_type":"ment", "memsize":48, "flags":{"wb_protected":true, "old":true, "uncollectible":true, "marked":true}}
{"address":"0x7fb1f8074688", "type":"IMEMO", "class":"0x7fb1f8074ac0", "imemo_type":"ment", "memsize":48, "flags":{"wb_protected":true, "old":true, "uncollectible":true, "marked":true}}
{"address":"0x7fb1f80746b0", "type":"IMEMO", "class":"0x7fb1f8074ac0", "imemo_type":"ment", "memsize":48, "flags":{"wb_protected":true, "old":true, "uncollectible":true, "marked":true}}
{"address":"0x7fb1f80746d8", "type":"IMEMO", "class":"0x7fb1f8074ac0", "imemo_type":"ment", "memsize":48, "flags":{"wb_protected":true, "old":true, "uncollectible":true, "marked":true}}
{"address":"0x7fb1f8074700", "type":"IMEMO", "class":"0x7fb1f8074ac0", "imemo_type":"ment", "memsize":48, "flags":{"wb_protected":true, "old":true, "uncollectible":true, "marked":true}}
{"address":"0x7fb1f8074728", "type":"IMEMO", "class":"0x7fb1f8074ac0", "imemo_type":"ment", "memsize":48, "flags":{"wb_protected":true, "old":true, "uncollectible":true, "marked":true}}
{"address":"0x7fb1f8074750", "type":"IMEMO", "class":"0x7fb1f8074ac0", "imemo_type":"ment", "memsize":48, "flags":{"wb_protected":true, "old":true, "uncollectible":true, "marked":true}}
{"address":"0x7fb1f8074778", "type":"IMEMO", "class":"0x7fb1f8074ac0", "imemo_type":"ment", "memsize":48, "flags":{"wb_protected":true, "old":true, "uncollectible":true, "marked":true}}
{"address":"0x7fb1f80747a0", "type":"IMEMO", "class":"0x7fb1f8074ac0", "imemo_type":"ment", "memsize":48, "flags":{"wb_protected":true, "old":true, "uncollectible":true, "marked":true}}
{"address":"0x7fb1f80747c8", "type":"IMEMO", "class":"0x7fb1f8074ac0", "imemo_type":"ment", "memsize":48, "flags":{"wb_protected":true, "old":true, "uncollectible":true, "marked":true}}
{"address":"0x7fb1f80747f0", "type":"IMEMO", "class":"0x7fb1f8074ac0", "imemo_type":"ment", "memsize":48, "flags":{"wb_protected":true, "old":true, "uncollectible":true, "marked":true}}
{"address":"0x7fb1f8074818", "type":"IMEMO", "class":"0x7fb1f8074ac0", "imemo_type":"ment", "memsize":48, "flags":{"wb_protected":true, "old":true, "uncollectible":true, "marked":true}}
{"address":"0x7fb1f8074840", "type":"IMEMO", "class":"0x7fb1f8074ac0", "imemo_type":"ment", "memsize":48, "flags":{"wb_protected":true, "old":true, "uncollectible":true, "marked":true}}
{"address":"0x7fb1f8074868", "type":"IMEMO", "class":"0x7fb1f8074ac0", "imemo_type":"ment", "memsize":48, "flags":{"wb_protected":true, "old":true, "uncollectible":true, "marked":true}}
{"address":"0x7fb1f8074890", "type":"IMEMO", "class":"0x7fb1f8074ac0", "imemo_type":"ment", "memsize":48, "flags":{"wb_protected":true, "old":true, "uncollectible":true, "marked":true}}
{"address":"0x7fb1f80748b8", "type":"IMEMO", "class":"0x7fb1f8074ac0", "imemo_type":"ment", "memsize":48, "flags":{"wb_protected":true, "old":true, "uncollectible":true, "marked":true}}
{"address":"0x7fb1f80748e0", "type":"IMEMO", "class":"0x7fb1f8074ac0", "imemo_type":"ment", "memsize":48, "flags":{"wb_protected":true, "old":true, "uncollectible":true, "marked":true}}
{"address":"0x7fb1f8074908", "type":"IMEMO", "class":"0x7fb1f8074ac0", "imemo_type":"ment", "memsize":48, "flags":{"wb_protected":true, "old":true, "uncollectible":true, "marked":true}}
{"address":"0x7fb1f8074930", "type":"IMEMO", "class":"0x7fb1f8074ac0", "imemo_type":"ment", "memsize":48, "flags":{"wb_protected":true, "old":true, "uncollectible":true, "marked":true}}
{"address":"0x7fb1f8074958", "type":"IMEMO", "class":"0x7fb1f8074ac0", "imemo_type":"ment", "memsize":48, "flags":{"wb_protected":true, "old":true, "uncollectible":true, "marked":true}}
{"address":"0x7fb1f8074980", "type":"IMEMO", "class":"0x7fb1f8074ac0", "imemo_type":"ment", "memsize":48, "flags":{"wb_protected":true, "old":true, "uncollectible":true, "marked":true}}
{"address":"0x7fb1f80749a8", "type":"IMEMO", "class":"0x7fb1f8074ac0", "imemo_type":"ment", "memsize":48, "flags":{"wb_protected":true, "old":true, "uncollectible":true, "marked":true}}
{"address":"0x7fb1f80749d0", "type":"IMEMO", "class":"0x7fb1f8074ac0", "imemo_type":"ment", "memsize":48, "flags":{"wb_protected":true, "old":true, "uncollectible":true, "marked":true}}
{"address":"0x7fb1f80749f8", "type":"IMEMO", "class":"0x7fb1f8074ac0", "imemo_type":"ment", "memsize":48, "flags":{"wb_protected":true, "old":true, "uncollectible":true, "marked":true}}
{"address":"0x7fb1f8074a20", "type":"IMEMO", "class":"0x7fb1f8074ac0", "imemo_type":"ment", "memsize":48, "flags":{"wb_protected":true, "old":true, "uncollectible":true, "marked":true}}
{"address":"0x7fb1f8074a48", "type":"IMEMO", "class":"0x7fb1f8074ac0", "imemo_type":"ment", "memsize":48, "flags":{"wb_protected":true, "old":true, "uncollectible":true, "marked":true}}
{"address":"0x7fb1f8074a70", "type":"STRING", "class":"0x7fb1f80b7578", "frozen":true, "embedded":true, "bytesize":8, "value":"Time::tm", "encoding":"US-ASCII", "memsize":40, "flags":{"wb_protected":true, "old":true, "uncollectible":true, "marked":true}}
{"address":"0x7fb1f8074a98", "type":"CLASS", "class":"0x7fb1f80bf700", "name":"Class", "references":["0x7fb1f80bf6b0", "0x7fb1f8074480", "0x7fb1f8074ac0"], "memsize":528, "flags":{"wb_protected":true, "old":true, "uncollectible":true, "marked":true}}
{"address":"0x7fb1f8074ac0", "type":"CLASS", "class":"0x7fb1f8074a98", "name":"Time::tm", "references":["0x7fb1f80c5240", "0x7fb1f8074598", "0x7fb1f80748e0", "0x7fb1f8074890", "0x7fb1f8074868", "0x7fb1f8074840", "0x7fb1f8074818", "0x7fb1f80747f0", "0x7fb1f8074778", "0x7fb1f80747c8", "0x7fb1f8074660", "0x7fb1f8074750", "0x7fb1f8074728", "0x7fb1f80746d8", "0x7fb1f8074688", "0x7fb1f8074610", "0x7fb1f8074638", "0x7fb1f80744f8", "0x7fb1f80748b8", "0x7fb1f80746b0", "0x7fb1f8074700", "0x7fb1f8074a20", "0x7fb1f8074930", "0x7fb1f8074980", "0x7fb1f80749d0", "0x7fb1f80749f8", "0x7fb1f8074a48", "0x7fb1f8074908", "0x7fb1f80745e8", "0x7fb1f80747a0", "0x7fb1f80745c0", "0x7fb1f8074570", "0x7fb1f80749a8", "0x7fb1f8074958", "0x7fb1f8074a70"], "memsize":1488, "flags":{"wb_protected":true, "old":true, "uncollectible":true, "marked":true}}
{"address":"0x7fb1f8074ae8", "type":"STRING", "class":"0x7fb1f80b7578", "frozen":true, "embedded":true, "fstring":true, "bytesize":2, "value":"tm", "encoding":"US-ASCII", "memsize":40, "flags":{"wb_protected":true, "old":true, "uncollectible":true, "marked":true}}
{"address":"0x7fb1f8074b38", "type":"IMEMO", "class":"0x7fb1f80760a0", "imemo_type":"ment", "memsize":48, "flags":{"wb_protected":true, "old":true, "uncollectible":true, "marked":true}}
{"address":"0x7fb1f8074b60", "type":"CLASS", "class":"0x7fb1f8097f98", "name":"Class", "references":["0x7fb1f80bf700", "0x7fb1f80bf688"], "memsize":464, "flags":{"wb_protected":true, "old":true, "uncollectible":true, "marked":true}}
{"address":"0x7fb1f8074b88", "type":"CLASS", "class":"0x7fb1f809c048", "name":"Class", "references":["0x7fb1f8074b60", "0x7fb1f80bf6b0"], "memsize":464, "flags":{"wb_protected":true, "old":true, "uncollectible":true, "marked":true}}
{"address":"0x7fb1f8074bb0", "type":"CLASS", "class":"0x7fb1f809c160", "name":"Class", "references":["0x7fb1f8074b88", "0x7fb1f80bf6d8"], "memsize":464, "flags":{"wb_protected":true, "old":true, "uncollectible":true, "marked":true}}
{"address":"0x7fb1f8074bd8", "type":"CLASS", "class":"0x7fb1f809c110", "name":"Class", "references":["0x7fb1f8074bb0", "0x7fb1f80bf700"], "memsize":464, "flags":{"wb_protected":true, "old":true, "uncollectible":true, "marked":true}}
{"address":"0x7fb1f8074c00", "type":"CLASS", "class":"0x7fb1f8074bd8", "name":"Class", "references":["0x7fb1f8074b88", "0x7fb1f80760a0"], "memsize":464, "flags":{"wb_protected":true, "old":true, "uncollectible":true, "marked":true}}
{"address":"0x7fb1f8074c28", "type":"IMEMO", "class":"0x7fb1f80760c8", "imemo_type":"ment", "memsize":48, "flags":{"wb_protected":true, "old":true, "uncollectible":true, "marked":true}}
{"address":"0x7fb1f8074c50", "type":"IMEMO", "class":"0x7fb1f80760c8", "imemo_type":"ment", "memsize":48, "flags":{"wb_protected":true, "old":true, "uncollectible":true, "marked":true}}
{"address":"0x7fb1f8074c78", "type":"STRING", "class":"0x7fb1f80b7578", "frozen":true, "embedded":true, "fstring":true, "bytesize":8, "value":"strftime", "encoding":"US-ASCII", "memsize":40, "flags":{"wb_protected":true, "old":true, "uncollectible":true, "marked":true}}
{"address":"0x7fb1f8074ca0", "type":"ARRAY", "class":"0x7fb1f8097228", "length":0, "memsize":40, "flags":{"wb_protected":true, "old":true, "uncollectible":true, "marked":true}}
{"address":"0x7fb1f8074cc8", "type":"IMEMO", "class":"0x7fb1f80760c8", "imemo_type":"ment", "memsize":48, "flags":{"wb_protected":true, "old":true, "uncollectible":true, "marked":true}}
{"address":"0x7fb1f8074cf0", "type":"STRING", "class":"0x7fb1f80b7578", "frozen":true, "embedded":true, "fstring":true, "bytesize":6, "value":"subsec", "encoding":"US-ASCII", "memsize":40, "flags":{"wb_protected":true, "old":true, "uncollectible":true, "marked":true}}
{"address":"0x7fb1f8074d18", "type":"REGEXP", "class":"0x7fb1f808ea60", "references":["0x7fb1f80744d0"], "memsize":493, "flags":{"wb_protected":true, "old":true, "uncollectible":true, "marked":true}}
{"address":"0x7fb1f8074d40", "type":"IMEMO", "class":"0x7fb1f80760c8", "imemo_type":"ment", "memsize":48, "flags":{"wb_protected":true, "old":true, "uncollectible":true, "marked":true}}
{"address":"0x7fb1f8074d68", "type":"IMEMO", "class":"0x7fb1f80760c8", "imemo_type":"ment", "memsize":48, "flags":{"wb_protected":true, "old":true, "uncollectible":true, "marked":true}}
{"address":"0x7fb1f8074d90", "type":"STRING", "class":"0x7fb1f80b7578", "frozen":true, "embedded":true, "fstring":true, "bytesize":7, "value":"tv_nsec", "encoding":"US-ASCII", "memsize":40, "flags":{"wb_protected":true, "old":true, "uncollectible":true, "marked":true}}
{"address":"0x7fb1f8074de0", "type":"IMEMO", "class":"0x7fb1f80760c8", "imemo_type":"ment", "memsize":48, "flags":{"wb_protected":true, "old":true, "uncollectible":true, "marked":true}}
{"address":"0x7fb1f8074e08", "type":"IMEMO", "class":"0x7fb1f80760c8", "imemo_type":"ment", "memsize":48, "flags":{"wb_protected":true, "old":true, "uncollectible":true, "marked":true}}
{"address":"0x7fb1f8074e30", "type":"STRING", "class":"0x7fb1f80b7578", "frozen":true, "embedded":true, "fstring":true, "bytesize":7, "value":"tv_usec", "encoding":"US-ASCII", "memsize":40, "flags":{"wb_protected":true, "old":true, "uncollectible":true, "marked":true}}
{"address":"0x7fb1f8074e58", "type":"IMEMO", "imemo_type":"iseq", "references":["0x7fb1f8076488", "0x7fb1f8046f58", "0x7fb1f808c788", "0x7fb1f8076578"], "memsize":1040, "flags":{"wb_protected":true, "old":true, "uncollectible":true, "marked":true}}
{"address":"0x7fb1f8074e80", "type":"IMEMO", "class":"0x7fb1f80760c8", "imemo_type":"ment", "memsize":48, "flags":{"wb_protected":true, "old":true, "uncollectible":true, "marked":true}}
{"address":"0x7fb1f8074ea8", "type":"STRING", "class":"0x7fb1f80b7578", "frozen":true, "embedded":true, "fstring":true, "bytesize":6, "value":"tv_sec", "encoding":"US-ASCII", "memsize":40, "flags":{"wb_protected":true, "old":true, "uncollectible":true, "marked":true}}
{"address":"0x7fb1f8074ed0", "type":"ARRAY", "class":"0x7fb1f8097228", "length":0, "memsize":40, "flags":{"wb_protected":true, "old":true, "uncollectible":true, "marked":true}}
{"address":"0x7fb1f8074ef8", "type":"IMEMO", "class":"0x7fb1f80760c8", "imemo_type":"ment", "memsize":48, "flags":{"wb_protected":true, "old":true, "uncollectible":true, "marked":true}}
{"address":"0x7fb1f8074f20", "type":"STRING", "class":"0x7fb1f80b7578", "frozen":true, "embedded":true, "fstring":true, "bytesize":9, "value":"saturday?", "encoding":"US-ASCII", "memsize":40, "flags":{"wb_protected":true, "old":true, "uncollectible":true, "marked":true}}
{"address":"0x7fb1f8074f70", "type":"IMEMO", "class":"0x7fb1f80760c8", "imemo_type":"ment", "memsize":48, "flags":{"wb_protected":true, "old":true, "uncollectible":true, "marked":true}}
{"address":"0x7fb1f8074f98", "type":"STRING", "class":"0x7fb1f80b7578", "frozen":true, "embedded":true, "fstring":true, "bytesize":7, "value":"friday?", "encoding":"US-ASCII", "memsize":40, "flags":{"wb_protected":true, "old":true, "uncollectible":true, "marked":true}}
{"address":"0x7fb1f8074fc0", "type":"STRING", "class":"0x7fb1f80b7578", "frozen":true, "embedded":true, "fstring":true, "bytesize":20, "value":"@@non_nil_attributes", "encoding":"US-ASCII", "memsize":40, "flags":{"wb_protected":true, "old":true, "uncollectible":true, "marked":true}}
{"address":"0x7fb1f8074fe8", "type":"IMEMO", "class":"0x7fb1f80760c8", "imemo_type":"ment", "memsize":48, "flags":{"wb_protected":true, "old":true, "uncollectible":true, "marked":true}}
{"address":"0x7fb1f8075010", "type":"STRING", "class":"0x7fb1f80b7578", "frozen":true, "embedded":true, "fstring":true, "bytesize":9, "value":"thursday?", "encoding":"US-ASCII", "memsize":40, "flags":{"wb_protected":true, "old":true, "uncollectible":true, "marked":true}}
{"address":"0x7fb1f8075038", "type":"OBJECT", "class":"0x7fb1f80e0680", "ivars":3, "references":["0x7fb1f8112770"], "memsize":40, "flags":{"wb_protected":true, "old":true, "uncollectible":true, "marked":true}}
{"address":"0x7fb1f8075060", "type":"IMEMO", "class":"0x7fb1f80760c8", "imemo_type":"ment", "memsize":48, "flags":{"wb_protected":true, "old":true, "uncollectible":true, "marked":true}}
{"address":"0x7fb1f8075088", "type":"STRING", "class":"0x7fb1f80b7578", "frozen":true, "embedded":true, "fstring":true, "bytesize":10, "value":"wednesday?", "encoding":"US-ASCII", "memsize":40, "flags":{"wb_protected":true, "old":true, "uncollectible":true, "marked":true}}
{"address":"0x7fb1f80750b0", "type":"STRING", "class":"0x7fb1f80b7578", "frozen":true, "embedded":true, "fstring":true, "bytesize":16, "value":"@@nil_attributes", "encoding":"US-ASCII", "memsize":40, "flags":{"wb_protected":true, "old":true, "uncollectible":true, "marked":true}}
{"address":"0x7fb1f80750d8", "type":"IMEMO", "class":"0x7fb1f80760c8", "imemo_type":"ment", "memsize":48, "flags":{"wb_protected":true, "old":true, "uncollectible":true, "marked":true}}
{"address":"0x7fb1f8075100", "type":"STRING", "class":"0x7fb1f80b7578", "frozen":true, "embedded":true, "fstring":true, "bytesize":8, "value":"tuesday?", "encoding":"US-ASCII", "memsize":40, "flags":{"wb_protected":true, "old":true, "uncollectible":true, "marked":true}}
{"address":"0x7fb1f8075150", "type":"IMEMO", "class":"0x7fb1f80760c8", "imemo_type":"ment", "memsize":48, "flags":{"wb_protected":true, "old":true, "uncollectible":true, "marked":true}}
{"address":"0x7fb1f8075178", "type":"STRING", "class":"0x7fb1f80b7578", "frozen":true, "embedded":true, "fstring":true, "bytesize":7, "value":"monday?", "encoding":"US-ASCII", "memsize":40, "flags":{"wb_protected":true, "old":true, "uncollectible":true, "marked":true}}
{"address":"0x7fb1f80751a0", "type":"STRING", "class":"0x7fb1f80b7578", "frozen":true, "embedded":true, "fstring":true, "bytesize":2, "value":"^y", "encoding":"US-ASCII", "memsize":40, "flags":{"wb_protected":true, "old":true, "uncollectible":true, "marked":true}}
{"address":"0x7fb1f80751c8", "type":"IMEMO", "class":"0x7fb1f80760c8", "imemo_type":"ment", "memsize":48, "flags":{"wb_protected":true, "old":true, "uncollectible":true, "marked":true}}
{"address":"0x7fb1f80751f0", "type":"STRING", "class":"0x7fb1f80b7578", "frozen":true, "embedded":true, "fstring":true, "bytesize":7, "value":"sunday?", "encoding":"US-ASCII", "memsize":40, "flags":{"wb_protected":true, "old":true, "uncollectible":true, "marked":true}}
{"address":"0x7fb1f8075218", "type":"ARRAY", "class":"0x7fb1f8097228", "length":0, "memsize":40, "flags":{"wb_protected":true, "old":true, "uncollectible":true, "marked":true}}
{"address":"0x7fb1f8075240", "type":"IMEMO", "class":"0x7fb1f80760c8", "imemo_type":"ment", "memsize":48, "flags":{"wb_protected":true, "old":true, "uncollectible":true, "marked":true}}
{"address":"0x7fb1f8075268", "type":"STRING", "class":"0x7fb1f80b7578", "frozen":true, "embedded":true, "fstring":true, "bytesize":4, "value":"gmt?", "encoding":"US-ASCII", "memsize":40, "flags":{"wb_protected":true, "old":true, "uncollectible":true, "marked":true}}
{"address":"0x7fb1f8075290", "type":"STRING", "class":"0x7fb1f80b7578", "embedded":true, "bytesize":4, "value":"ruby", "encoding":"UTF-8", "memsize":40, "flags":{"wb_protected":true, "old":true, "uncollectible":true, "marked":true}}
{"address":"0x7fb1f80752b8", "type":"IMEMO", "class":"0x7fb1f80760c8", "imemo_type":"ment", "memsize":48, "flags":{"wb_protected":true, "old":true, "uncollectible":true, "marked":true}}
{"address":"0x7fb1f80752e0", "type":"STRING", "class":"0x7fb1f80b7578", "frozen":true, "embedded":true, "fstring":true, "bytesize":4, "value":"utc?", "encoding":"US-ASCII", "memsize":40, "flags":{"wb_protected":true, "old":true, "uncollectible":true, "marked":true}}
{"address":"0x7fb1f8075308", "type":"STRING", "class":"0x7fb1f80b7578", "frozen":true, "embedded":true, "fstring":true, "bytesize":18, "value":"@@array_attributes", "encoding":"US-ASCII", "memsize":40, "flags":{"wb_protected":true, "old":true, "uncollectible":true, "marked":true}}
{"address":"0x7fb1f8075330", "type":"IMEMO", "class":"0x7fb1f80760c8", "imemo_type":"ment", "memsize":48, "flags":{"wb_protected":true, "old":true, "uncollectible":true, "marked":true}}
{"address":"0x7fb1f8075358", "type":"STRING", "class":"0x7fb1f80b7578", "frozen":true, "embedded":true, "fstring":true, "bytesize":10, "value":"utc_offset", "encoding":"US-ASCII", "memsize":40, "flags":{"wb_protected":true, "old":true, "uncollectible":true, "marked":true}}
{"address":"0x7fb1f80753a8", "type":"IMEMO", "class":"0x7fb1f80760c8", "imemo_type":"ment", "memsize":48, "flags":{"wb_protected":true, "old":true, "uncollectible":true, "marked":true}}
{"address":"0x7fb1f80753d0", "type":"STRING", "class":"0x7fb1f80b7578", "frozen":true, "embedded":true, "fstring":true, "bytesize":10, "value":"gmt_offset", "encoding":"US-ASCII", "memsize":40, "flags":{"wb_protected":true, "old":true, "uncollectible":true, "marked":true}}
{"address":"0x7fb1f80753f8", "type":"IMEMO", "imemo_type":"iseq", "references":["0x7fb1f8076488", "0x7fb1f8046f58", "0x7fb1f808c788", "0x7fb1f8076578"], "memsize":1040, "flags":{"wb_protected":true, "old":true, "uncollectible":true, "marked":true}}
{"address":"0x7fb1f8075420", "type":"IMEMO", "class":"0x7fb1f80760c8", "imemo_type":"ment", "memsize":48, "flags":{"wb_protected":true, "old":true, "uncollectible":true, "marked":true}}
{"address":"0x7fb1f8075448", "type":"STRING", "class":"0x7fb1f80b7578", "frozen":true, "embedded":true, "fstring":true, "bytesize":6, "value":"gmtoff", "encoding":"US-ASCII", "memsize":40, "flags":{"wb_protected":true, "old":true, "uncollectible":true, "marked":true}}
{"address":"0x7fb1f8075498", "type":"IMEMO", "class":"0x7fb1f80760c8", "imemo_type":"ment", "memsize":48, "flags":{"wb_protected":true, "old":true, "uncollectible":true, "marked":true}}
{"address":"0x7fb1f80754c0", "type":"IMEMO", "class":"0x7fb1f80760c8", "imemo_type":"ment", "memsize":48, "flags":{"wb_protected":true, "old":true, "uncollectible":true, "marked":true}}
{"address":"0x7fb1f80754e8", "type":"STRING", "class":"0x7fb1f80b7578", "frozen":true, "embedded":true, "fstring":true, "bytesize":4, "value":"dst?", "encoding":"US-ASCII", "memsize":40, "flags":{"wb_protected":true, "old":true, "uncollectible":true, "marked":true}}
{"address":"0x7fb1f8075538", "type":"IMEMO", "class":"0x7fb1f80760c8", "imemo_type":"ment", "memsize":48, "flags":{"wb_protected":true, "old":true, "uncollectible":true, "marked":true}}
{"address":"0x7fb1f8075560", "type":"IMEMO", "class":"0x7fb1f80760c8", "imemo_type":"ment", "memsize":48, "flags":{"wb_protected":true, "old":true, "uncollectible":true, "marked":true}}
{"address":"0x7fb1f8075588", "type":"STRING", "class":"0x7fb1f80b7578", "frozen":true, "embedded":true, "fstring":true, "bytesize":4, "value":"yday", "encoding":"US-ASCII", "memsize":40, "flags":{"wb_protected":true, "old":true, "uncollectible":true, "marked":true}}
{"address":"0x7fb1f80755b0", "type":"STRING", "class":"0x7fb1f80b7578", "frozen":true, "embedded":true, "fstring":true, "bytesize":12, "value":"@@attributes", "encoding":"US-ASCII", "memsize":40, "flags":{"wb_protected":true, "old":true, "uncollectible":true, "marked":true}}
{"address":"0x7fb1f80755d8", "type":"IMEMO", "class":"0x7fb1f80760c8", "imemo_type":"ment", "memsize":48, "flags":{"wb_protected":true, "old":true, "uncollectible":true, "marked":true}}
{"address":"0x7fb1f8075600", "type":"STRING", "class":"0x7fb1f80b7578", "frozen":true, "embedded":true, "fstring":true, "bytesize":4, "value":"wday", "encoding":"US-ASCII", "memsize":40, "flags":{"wb_protected":true, "old":true, "uncollectible":true, "marked":true}}
{"address":"0x7fb1f8075628", "type":"ARRAY", "class":"0x7fb1f8097228", "length":0, "memsize":40, "flags":{"wb_protected":true, "old":true, "uncollectible":true, "marked":true}}
{"address":"0x7fb1f8075650", "type":"IMEMO", "class":"0x7fb1f80760c8", "imemo_type":"ment", "memsize":48, "flags":{"wb_protected":true, "old":true, "uncollectible":true, "marked":true}}
{"address":"0x7fb1f8075678", "type":"IMEMO", "class":"0x7fb1f80760c8", "imemo_type":"ment", "memsize":48, "flags":{"wb_protected":true, "old":true, "uncollectible":true, "marked":true}}
{"address":"0x7fb1f80756a0", "type":"STRING", "class":"0x7fb1f80b7578", "frozen":true, "embedded":true, "fstring":true, "bytesize":5, "value":"month", "encoding":"US-ASCII", "memsize":40, "flags":{"wb_protected":true, "old":true, "uncollectible":true, "marked":true}}
{"address":"0x7fb1f80756c8", "type":"REGEXP", "class":"0x7fb1f808ea60", "references":["0x7fb1f80751a0"], "memsize":493, "flags":{"wb_protected":true, "old":true, "uncollectible":true, "marked":true}}
{"address":"0x7fb1f80756f0", "type":"IMEMO", "class":"0x7fb1f80760c8", "imemo_type":"ment", "memsize":48, "flags":{"wb_protected":true, "old":true, "uncollectible":true, "marked":true}}
{"address":"0x7fb1f8075718", "type":"IMEMO", "class":"0x7fb1f80760c8", "imemo_type":"ment", "memsize":48, "flags":{"wb_protected":true, "old":true, "uncollectible":true, "marked":true}}
{"address":"0x7fb1f8075740", "type":"STRING", "class":"0x7fb1f80b7578", "frozen":true, "embedded":true, "fstring":true, "bytesize":3, "value":"day", "encoding":"US-ASCII", "memsize":40, "flags":{"wb_protected":true, "old":true, "uncollectible":true, "marked":true}}
{"address":"0x7fb1f8075768", "type":"ARRAY", "class":"0x7fb1f8097228", "length":0, "memsize":40, "flags":{"wb_protected":true, "old":true, "uncollectible":true, "marked":true}}
{"address":"0x7fb1f8075790", "type":"IMEMO", "class":"0x7fb1f80760c8", "imemo_type":"ment", "memsize":48, "flags":{"wb_protected":true, "old":true, "uncollectible":true, "marked":true}}
{"address":"0x7fb1f80757b8", "type":"IMEMO", "class":"0x7fb1f80760c8", "imemo_type":"ment", "memsize":48, "flags":{"wb_protected":true, "old":true, "uncollectible":true, "marked":true}}
{"address":"0x7fb1f80757e0", "type":"IMEMO", "class":"0x7fb1f80760c8", "imemo_type":"ment", "memsize":48, "flags":{"wb_protected":true, "old":true, "uncollectible":true, "marked":true}}
{"address":"0x7fb1f8075808", "type":"IMEMO", "class":"0x7fb1f80760c8", "imemo_type":"ment", "memsize":48, "flags":{"wb_protected":true, "old":true, "uncollectible":true, "marked":true}}
{"address":"0x7fb1f8075830", "type":"IMEMO", "class":"0x7fb1f80760c8", "imemo_type":"ment", "memsize":48, "flags":{"wb_protected":true, "old":true, "uncollectible":true, "marked":true}}
{"address":"0x7fb1f8075858", "type":"IMEMO", "class":"0x7fb1f80760c8", "imemo_type":"ment", "memsize":48, "flags":{"wb_protected":true, "old":true, "uncollectible":true, "marked":true}}
{"address":"0x7fb1f8075880", "type":"IMEMO", "class":"0x7fb1f80760c8", "imemo_type":"ment", "memsize":48, "flags":{"wb_protected":true, "old":true, "uncollectible":true, "marked":true}}
{"address":"0x7fb1f80758a8", "type":"IMEMO", "class":"0x7fb1f80760c8", "imemo_type":"ment", "memsize":48, "flags":{"wb_protected":true, "old":true, "uncollectible":true, "marked":true}}
{"address":"0x7fb1f80758d0", "type":"IMEMO", "class":"0x7fb1f80760c8", "imemo_type":"ment", "memsize":48, "flags":{"wb_protected":true, "old":true, "uncollectible":true, "marked":true}}
{"address":"0x7fb1f80758f8", "type":"IMEMO", "class":"0x7fb1f80760c8", "imemo_type":"ment", "memsize":48, "flags":{"wb_protected":true, "old":true, "uncollectible":true, "marked":true}}
{"address":"0x7fb1f8075920", "type":"IMEMO", "class":"0x7fb1f80760c8", "imemo_type":"ment", "memsize":48, "flags":{"wb_protected":true, "old":true, "uncollectible":true, "marked":true}}
{"address":"0x7fb1f8075948", "type":"IMEMO", "class":"0x7fb1f80760c8", "imemo_type":"ment", "memsize":48, "flags":{"wb_protected":true, "old":true, "uncollectible":true, "marked":true}}
{"address":"0x7fb1f8075970", "type":"IMEMO", "class":"0x7fb1f80760c8", "imemo_type":"ment", "memsize":48, "flags":{"wb_protected":true, "old":true, "uncollectible":true, "marked":true}}
{"address":"0x7fb1f8075998", "type":"IMEMO", "class":"0x7fb1f80760c8", "imemo_type":"ment", "memsize":48, "flags":{"wb_protected":true, "old":true, "uncollectible":true, "marked":true}}
{"address":"0x7fb1f80759c0", "type":"STRING", "class":"0x7fb1f80b7578", "frozen":true, "embedded":true, "fstring":true, "bytesize":7, "value":"asctime", "encoding":"US-ASCII", "memsize":40, "flags":{"wb_protected":true, "old":true, "uncollectible":true, "marked":true}}
{"address":"0x7fb1f80759e8", "type":"ARRAY", "class":"0x7fb1f8097228", "length":0, "memsize":40, "flags":{"wb_protected":true, "old":true, "uncollectible":true, "marked":true}}
{"address":"0x7fb1f8075a10", "type":"IMEMO", "class":"0x7fb1f80760c8", "imemo_type":"ment", "memsize":48, "flags":{"wb_protected":true, "old":true, "uncollectible":true, "marked":true}}
{"address":"0x7fb1f8075a38", "type":"IMEMO", "class":"0x7fb1f80760c8", "imemo_type":"ment", "memsize":48, "flags":{"wb_protected":true, "old":true, "uncollectible":true, "marked":true}}
{"address":"0x7fb1f8075a60", "type":"STRING", "class":"0x7fb1f80b7578", "frozen":true, "embedded":true, "fstring":true, "bytesize":6, "value":"getutc", "encoding":"US-ASCII", "memsize":40, "flags":{"wb_protected":true, "old":true, "uncollectible":true, "marked":true}}
{"address":"0x7fb1f8075a88", "type":"ARRAY", "class":"0x7fb1f8097228", "length":0, "memsize":40, "flags":{"wb_protected":true, "old":true, "uncollectible":true, "marked":true}}
{"address":"0x7fb1f8075ab0", "type":"IMEMO", "class":"0x7fb1f80760c8", "imemo_type":"ment", "memsize":48, "flags":{"wb_protected":true, "old":true, "uncollectible":true, "marked":true}}
{"address":"0x7fb1f8075ad8", "type":"STRING", "class":"0x7fb1f80b7578", "frozen":true, "embedded":true, "fstring":true, "bytesize":5, "value":"getgm", "encoding":"US-ASCII", "memsize":40, "flags":{"wb_protected":true, "old":true, "uncollectible":true, "marked":true}}
{"address":"0x7fb1f8075b00", "type":"ARRAY", "class":"0x7fb1f8097228", "length":0, "memsize":40, "flags":{"wb_protected":true, "old":true, "uncollectible":true, "marked":true}}
{"address":"0x7fb1f8075b28", "type":"IMEMO", "class":"0x7fb1f80760c8", "imemo_type":"ment", "memsize":48, "flags":{"wb_protected":true, "old":true, "uncollectible":true, "marked":true}}
{"address":"0x7fb1f8075b50", "type":"STRING", "class":"0x7fb1f80b7578", "frozen":true, "embedded":true, "fstring":true, "bytesize":8, "value":"getlocal", "encoding":"US-ASCII", "memsize":40, "flags":{"wb_protected":true, "old":true, "uncollectible":true, "marked":true}}
{"address":"0x7fb1f8075b78", "type":"STRING", "class":"0x7fb1f80b7578", "frozen":true, "fstring":true, "bytesize":102, "value":"/Users/rschneeman/.rubies/ruby-2.7.1/lib/ruby/2.7.0/did_you_mean/spell_checkers/name_error_checkers.rb", "encoding":"US-ASCII", "memsize":143, "flags":{"wb_protected":true, "old":true, "uncollectible":true, "marked":true}}
{"address":"0x7fb1f8075ba0", "type":"IMEMO", "class":"0x7fb1f80760c8", "imemo_type":"ment", "memsize":48, "flags":{"wb_protected":true, "old":true, "uncollectible":true, "marked":true}}
{"address":"0x7fb1f8075bc8", "type":"IMEMO", "class":"0x7fb1f80760c8", "imemo_type":"ment", "memsize":48, "flags":{"wb_protected":true, "old":true, "uncollectible":true, "marked":true}}
{"address":"0x7fb1f8075bf0", "type":"STRING", "class":"0x7fb1f80b7578", "frozen":true, "embedded":true, "fstring":true, "bytesize":6, "value":"gmtime", "encoding":"US-ASCII", "memsize":40, "flags":{"wb_protected":true, "old":true, "uncollectible":true, "marked":true}}
{"address":"0x7fb1f8075c40", "type":"IMEMO", "class":"0x7fb1f80760c8", "imemo_type":"ment", "memsize":48, "flags":{"wb_protected":true, "old":true, "uncollectible":true, "marked":true}}
{"address":"0x7fb1f8075c68", "type":"STRING", "class":"0x7fb1f80b7578", "frozen":true, "embedded":true, "fstring":true, "bytesize":9, "value":"localtime", "encoding":"US-ASCII", "memsize":40, "flags":{"wb_protected":true, "old":true, "uncollectible":true, "marked":true}}
{"address":"0x7fb1f8075c90", "type":"IMEMO", "imemo_type":"iseq", "references":["0x7fb1f8076488", "0x7fb1f8046f58", "0x7fb1f808c788", "0x7fb1f8076578"], "memsize":1040, "flags":{"wb_protected":true, "old":true, "uncollectible":true, "marked":true}}
{"address":"0x7fb1f8075cb8", "type":"IMEMO", "class":"0x7fb1f80760c8", "imemo_type":"ment", "memsize":48, "flags":{"wb_protected":true, "old":true, "uncollectible":true, "marked":true}}
{"address":"0x7fb1f8075ce0", "type":"IMEMO", "class":"0x7fb1f80760c8", "imemo_type":"ment", "memsize":48, "flags":{"wb_protected":true, "old":true, "uncollectible":true, "marked":true}}
{"address":"0x7fb1f8075d08", "type":"IMEMO", "class":"0x7fb1f80760c8", "imemo_type":"ment", "memsize":48, "flags":{"wb_protected":true, "old":true, "uncollectible":true, "marked":true}}
{"address":"0x7fb1f8075d30", "type":"IMEMO", "class":"0x7fb1f80760c8", "imemo_type":"ment", "memsize":48, "flags":{"wb_protected":true, "old":true, "uncollectible":true, "marked":true}}
{"address":"0x7fb1f8075d58", "type":"IMEMO", "class":"0x7fb1f80760c8", "imemo_type":"ment", "memsize":48, "flags":{"wb_protected":true, "old":true, "uncollectible":true, "marked":true}}
{"address":"0x7fb1f8075d80", "type":"IMEMO", "class":"0x7fb1f80760c8", "imemo_type":"ment", "memsize":48, "flags":{"wb_protected":true, "old":true, "uncollectible":true, "marked":true}}
{"address":"0x7fb1f8075da8", "type":"IMEMO", "class":"0x7fb1f80760c8", "imemo_type":"ment", "memsize":48, "flags":{"wb_protected":true, "old":true, "uncollectible":true, "marked":true}}
{"address":"0x7fb1f8075dd0", "type":"IMEMO", "class":"0x7fb1f80760c8", "imemo_type":"ment", "memsize":48, "flags":{"wb_protected":true, "old":true, "uncollectible":true, "marked":true}}
{"address":"0x7fb1f8075df8", "type":"IMEMO", "class":"0x7fb1f80760a0", "imemo_type":"ment", "memsize":48, "flags":{"wb_protected":true, "old":true, "uncollectible":true, "marked":true}}
{"address":"0x7fb1f8075e20", "type":"STRING", "class":"0x7fb1f80b7578", "frozen":true, "embedded":true, "fstring":true, "bytesize":6, "value":"mktime", "encoding":"US-ASCII", "memsize":40, "flags":{"wb_protected":true, "old":true, "uncollectible":true, "marked":true}}
{"address":"0x7fb1f8075e48", "type":"OBJECT", "class":"0x7fb1f8112db0", "ivars":49, "references":["0x7fb1f806dd60", "0x7fb1f806e4b8", "0x7fb1f8076258", "0x7fb1f806e3f0", "0x7fb1f80762f8", "0x7fb1f8076348", "0x7fb1f806ddd8", "0x7fb1f80e2638", "0x7fb1f806ee68", "0x7fb1f80e2bd8", "0x7fb1f8075b00", "0x7fb1f8075a88", "0x7fb1f80759e8", "0x7fb1f8075768", "0x7fb1f8075628", "0x7fb1f806d0e0", "0x7fb1f806e288", "0x7fb1f806f408", "0x7fb1f8075290", "0x7fb1f8075218", "0x7fb1f806f368", "0x7fb1f8075038", "0x7fb1f806ff48", "0x7fb1f8074ed0", "0x7fb1f80c6b68", "0x7fb1f8074ca0", "0x7fb1f80b4418"], "memsize":432, "flags":{"wb_protected":true, "old":true, "uncollectible":true, "marked":true}}
{"address":"0x7fb1f8075e70", "type":"IMEMO", "class":"0x7fb1f80760a0", "imemo_type":"ment", "memsize":48, "flags":{"wb_protected":true, "old":true, "uncollectible":true, "marked":true}}
{"address":"0x7fb1f8075e98", "type":"STRING", "class":"0x7fb1f80b7578", "frozen":true, "embedded":true, "fstring":true, "bytesize":5, "value":"local", "encoding":"US-ASCII", "memsize":40, "flags":{"wb_protected":true, "old":true, "uncollectible":true, "marked":true}}
{"address":"0x7fb1f8075ee8", "type":"IMEMO", "class":"0x7fb1f80760a0", "imemo_type":"ment", "memsize":48, "flags":{"wb_protected":true, "old":true, "uncollectible":true, "marked":true}}
{"address":"0x7fb1f8075f10", "type":"STRING", "class":"0x7fb1f80b7578", "frozen":true, "embedded":true, "fstring":true, "bytesize":2, "value":"gm", "encoding":"US-ASCII", "memsize":40, "flags":{"wb_protected":true, "old":true, "uncollectible":true, "marked":true}}
{"address":"0x7fb1f8075f60", "type":"IMEMO", "class":"0x7fb1f80760a0", "imemo_type":"ment", "memsize":48, "flags":{"wb_protected":true, "old":true, "uncollectible":true, "marked":true}}
{"address":"0x7fb1f8075f88", "type":"STRING", "class":"0x7fb1f80b7578", "frozen":true, "embedded":true, "fstring":true, "bytesize":3, "value":"utc", "encoding":"US-ASCII", "memsize":40, "flags":{"wb_protected":true, "old":true, "uncollectible":true, "marked":true}}
{"address":"0x7fb1f8075fd8", "type":"IMEMO", "class":"0x7fb1f80760a0", "imemo_type":"ment", "memsize":48, "flags":{"wb_protected":true, "old":true, "uncollectible":true, "marked":true}}
{"address":"0x7fb1f8076000", "type":"IMEMO", "class":"0x7fb1f80760a0", "imemo_type":"ment", "memsize":48, "flags":{"wb_protected":true, "old":true, "uncollectible":true, "marked":true}}
{"address":"0x7fb1f8076028", "type":"STRING", "class":"0x7fb1f80b7578", "frozen":true, "embedded":true, "fstring":true, "bytesize":3, "value":"now", "encoding":"US-ASCII", "memsize":40, "flags":{"wb_protected":true, "old":true, "uncollectible":true, "marked":true}}
{"address":"0x7fb1f8076078", "type":"ICLASS", "class":"0x7fb1f80bd158", "references":["0x7fb1f80c5240"], "memsize":40, "flags":{"uncollectible":true, "marked":true}}
{"address":"0x7fb1f80760a0", "type":"CLASS", "class":"0x7fb1f8074c00", "name":"Class", "references":["0x7fb1f80bf6b0", "0x7fb1f8075fd8", "0x7fb1f8076000", "0x7fb1f8075f60", "0x7fb1f8075ee8", "0x7fb1f8075e70", "0x7fb1f8075df8", "0x7fb1f8074b38", "0x7fb1f80760c8"], "memsize":720, "flags":{"wb_protected":true, "old":true, "uncollectible":true, "marked":true}}
{"address":"0x7fb1f80760c8", "type":"CLASS", "class":"0x7fb1f80760a0", "name":"Time", "references":["0x7fb1f8076078", "0x7fb1f80755d8", "0x7fb1f8075560", "0x7fb1f80754c0", "0x7fb1f8075420", "0x7fb1f80753a8", "0x7fb1f8075330", "0x7fb1f80752b8", "0x7fb1f8075d58", "0x7fb1f8075240", "0x7fb1f80751c8", "0x7fb1f8075ab0", "0x7fb1f8075a38", "0x7fb1f8075150", "0x7fb1f80750d8", "0x7fb1f8075060", "0x7fb1f8074fe8", "0x7fb1f8074f70", "0x7fb1f8074ef8", "0x7fb1f8074e80", "0x7fb1f8074e08", "0x7fb1f8074d68", "0x7fb1f8074cc8", "0x7fb1f8074c50", "0x7fb1f8075d30", "0x7fb1f80757e0", "0x7fb1f80758f8", "0x7fb1f8075948", "0x7fb1f80758d0", "0x7fb1f80758a8", "0x7fb1f8075ce0", "0x7fb1f8075cb8", "0x7fb1f8075920", "0x7fb1f8075970", "0x7fb1f8075dd0", "0x7fb1f8075da8", "0x7fb1f8075d80", "0x7fb1f8074c28", "0x7fb1f8075498", "0x7fb1f8074d40", "0x7fb1f8074de0", "0x7fb1f8075650", "0x7fb1f80756f0", "0x7fb1f8075790", "0x7fb1f8075858", "0x7fb1f8075830", "0x7fb1f8075538", "0x7fb1f8075880", "0x7fb1f8075808", "0x7fb1f80757b8", "0x7fb1f8075ba0", "0x7fb1f8075c40", "0x7fb1f8075bc8", "0x7fb1f8075b28", "0x7fb1f8075a10", "0x7fb1f8075d08", "0x7fb1f8075998", "0x7fb1f8075718", "0x7fb1f8075678", "0x7fb1f80760f0", "0x7fb1f8074ac0"], "memsize":2600, "flags":{"wb_protected":true, "old":true, "uncollectible":true, "marked":true}}
{"address":"0x7fb1f80760f0", "type":"STRING", "class":"0x7fb1f80b7578", "frozen":true, "embedded":true, "fstring":true, "bytesize":4, "value":"Time", "encoding":"US-ASCII", "memsize":40, "flags":{"wb_protected":true, "old":true, "uncollectible":true, "marked":true}}
{"address":"0x7fb1f8076140", "type":"STRING", "class":"0x7fb1f80b7578", "frozen":true, "embedded":true, "fstring":true, "bytesize":13, "value":"find_timezone", "encoding":"US-ASCII", "memsize":40, "flags":{"wb_protected":true, "old":true, "uncollectible":true, "marked":true}}
{"address":"0x7fb1f8076168", "type":"STRING", "class":"0x7fb1f80b7578", "frozen":true, "embedded":true, "fstring":true, "bytesize":19, "value":"delegate/version.rb", "encoding":"UTF-8", "memsize":40, "flags":{"wb_protected":true, "old":true, "uncollectible":true, "marked":true}}
{"address":"0x7fb1f8076190", "type":"STRING", "class":"0x7fb1f80b7578", "frozen":true, "embedded":true, "fstring":true, "bytesize":5, "value":"isdst", "encoding":"US-ASCII", "memsize":40, "flags":{"wb_protected":true, "old":true, "uncollectible":true, "marked":true}}
{"address":"0x7fb1f80761b8", "type":"IMEMO", "imemo_type":"iseq", "references":["0x7fb1f8076488", "0x7fb1f8046f58", "0x7fb1f808c788", "0x7fb1f8076578"], "memsize":1040, "flags":{"wb_protected":true, "old":true, "uncollectible":true, "marked":true}}
{"address":"0x7fb1f80761e0", "type":"STRING", "class":"0x7fb1f80b7578", "frozen":true, "embedded":true, "fstring":true, "bytesize":3, "value":"sec", "encoding":"US-ASCII", "memsize":40, "flags":{"wb_protected":true, "old":true, "uncollectible":true, "marked":true}}
{"address":"0x7fb1f8076208", "type":"STRING", "class":"0x7fb1f80b7578", "frozen":true, "embedded":true, "fstring":true, "bytesize":11, "value":"delegate.rb", "encoding":"UTF-8", "memsize":40, "flags":{"wb_protected":true, "old":true, "uncollectible":true, "marked":true}}
{"address":"0x7fb1f8076230", "type":"STRING", "class":"0x7fb1f80b7578", "frozen":true, "embedded":true, "fstring":true, "bytesize":4, "value":"hour", "encoding":"US-ASCII", "memsize":40, "flags":{"wb_protected":true, "old":true, "uncollectible":true, "marked":true}}
{"address":"0x7fb1f8076258", "type":"STRING", "class":"0x7fb1f80b7578", "frozen":true, "fstring":true, "bytesize":63, "value":"Provides three abilities to delegate method calls to an object.", "encoding":"UTF-8", "memsize":104, "flags":{"wb_protected":true, "old":true, "uncollectible":true, "marked":true}}
{"address":"0x7fb1f8076280", "type":"STRING", "class":"0x7fb1f80b7578", "frozen":true, "embedded":true, "fstring":true, "bytesize":4, "value":"mday", "encoding":"US-ASCII", "memsize":40, "flags":{"wb_protected":true, "old":true, "uncollectible":true, "marked":true}}
{"address":"0x7fb1f80762a8", "type":"STRING", "class":"0x7fb1f80b7578", "bytesize":108, "value":"/Users/rschneeman/.rubies/ruby-2.7.1/lib/ruby/gems/2.7.0/extensions/x86_64-darwin-17/2.7.0-static/sdbm-1.0.0", "encoding":"US-ASCII", "memsize":149, "flags":{"wb_protected":true, "old":true, "uncollectible":true, "marked":true}}
{"address":"0x7fb1f80762d0", "type":"STRING", "class":"0x7fb1f80b7578", "frozen":true, "embedded":true, "fstring":true, "bytesize":3, "value":"mon", "encoding":"US-ASCII", "memsize":40, "flags":{"wb_protected":true, "old":true, "uncollectible":true, "marked":true}}
{"address":"0x7fb1f80762f8", "type":"STRING", "class":"0x7fb1f80b7578", "frozen":true, "fstring":true, "bytesize":32, "value":"https://github.com/ruby/delegate", "encoding":"UTF-8", "memsize":73, "flags":{"wb_protected":true, "old":true, "uncollectible":true, "marked":true}}
{"address":"0x7fb1f8076320", "type":"STRING", "class":"0x7fb1f80b7578", "frozen":true, "embedded":true, "fstring":true, "bytesize":4, "value":"year", "encoding":"US-ASCII", "memsize":40, "flags":{"wb_protected":true, "old":true, "uncollectible":true, "marked":true}}
{"address":"0x7fb1f8076348", "type":"STRING", "class":"0x7fb1f80b7578", "frozen":true, "embedded":true, "fstring":true, "bytesize":8, "value":"delegate", "encoding":"UTF-8", "memsize":40, "flags":{"wb_protected":true, "old":true, "uncollectible":true, "marked":true}}
{"address":"0x7fb1f8076370", "type":"STRING", "class":"0x7fb1f80b7578", "frozen":true, "embedded":true, "fstring":true, "bytesize":12, "value":"utc_to_local", "encoding":"US-ASCII", "memsize":40, "flags":{"wb_protected":true, "old":true, "uncollectible":true, "marked":true}}
{"address":"0x7fb1f80763c0", "type":"STRING", "class":"0x7fb1f80b7578", "frozen":true, "embedded":true, "fstring":true, "bytesize":12, "value":"local_to_utc", "encoding":"US-ASCII", "memsize":40, "flags":{"wb_protected":true, "old":true, "uncollectible":true, "marked":true}}
{"address":"0x7fb1f80763e8", "type":"STRING", "class":"0x7fb1f80b7578", "embedded":true, "bytesize":10, "value":"sdbm-1.0.0", "encoding":"UTF-8", "memsize":40, "flags":{"wb_protected":true, "old":true, "uncollectible":true, "marked":true}}
{"address":"0x7fb1f8076410", "type":"STRING", "class":"0x7fb1f80b7578", "frozen":true, "embedded":true, "fstring":true, "bytesize":4, "value":"usec", "encoding":"US-ASCII", "memsize":40, "flags":{"wb_protected":true, "old":true, "uncollectible":true, "marked":true}}
{"address":"0x7fb1f8076438", "type":"IMEMO", "imemo_type":"iseq", "references":["0x7fb1f8076488", "0x7fb1f8046f58", "0x7fb1f808c788", "0x7fb1f8076578"], "memsize":944, "flags":{"wb_protected":true, "old":true, "uncollectible":true, "marked":true}}
{"address":"0x7fb1f8076460", "type":"STRING", "class":"0x7fb1f80b7578", "frozen":true, "embedded":true, "fstring":true, "bytesize":4, "value":"nsec", "encoding":"US-ASCII", "memsize":40, "flags":{"wb_protected":true, "old":true, "uncollectible":true, "marked":true}}
{"address":"0x7fb1f8076488", "type":"STRING", "class":"0x7fb1f80b7578", "frozen":true, "fstring":true, "bytesize":40, "value":"block in keep_only_files_and_directories", "memsize":81, "flags":{"wb_protected":true, "old":true, "uncollectible":true, "marked":true}}
{"address":"0x7fb1f80764b0", "type":"STRING", "class":"0x7fb1f80b7578", "frozen":true, "embedded":true, "fstring":true, "bytesize":11, "value":"millisecond", "encoding":"US-ASCII", "memsize":40, "flags":{"wb_protected":true, "old":true, "uncollectible":true, "marked":true}}
{"address":"0x7fb1f80764d8", "type":"STRING", "class":"0x7fb1f80b7578", "frozen":true, "fstring":true, "bytesize":28, "value":"INITIALIZE_CODE_FOR_DEFAULTS", "encoding":"US-ASCII", "memsize":69, "flags":{"wb_protected":true, "old":true, "uncollectible":true, "marked":true}}
{"address":"0x7fb1f8076500", "type":"STRING", "class":"0x7fb1f80b7578", "frozen":true, "embedded":true, "fstring":true, "bytesize":11, "value":"microsecond", "encoding":"US-ASCII", "memsize":40, "flags":{"wb_protected":true, "old":true, "uncollectible":true, "marked":true}}
{"address":"0x7fb1f8076550", "type":"STRING", "class":"0x7fb1f80b7578", "frozen":true, "embedded":true, "fstring":true, "bytesize":10, "value":"nanosecond", "encoding":"US-ASCII", "memsize":40, "flags":{"wb_protected":true, "old":true, "uncollectible":true, "marked":true}}
{"address":"0x7fb1f8076578", "type":"IMEMO", "imemo_type":"iseq", "references":["0x7fb1f8076438", "0x7fb1f80761b8", "0x7fb1f8075c90", "0x7fb1f80753f8", "0x7fb1f8074e58", "0x7fb1f8046f58", "0x7fb1f8046f58", "0x7fb1f808c788", "0x7fb1f8076438", "0x7fb1f80761b8", "0x7fb1f8075c90", "0x7fb1f80753f8", "0x7fb1f8074e58"], "memsize":1580, "flags":{"wb_protected":true, "old":true, "uncollectible":true, "marked":true}}
{"address":"0x7fb1f80765a0", "type":"STRING", "class":"0x7fb1f80b7578", "frozen":true, "embedded":true, "fstring":true, "bytesize":4, "value":"zone", "encoding":"US-ASCII", "memsize":40, "flags":{"wb_protected":true, "old":true, "uncollectible":true, "marked":true}}
{"address":"0x7fb1f80765f0", "type":"STRING", "class":"0x7fb1f80b7578", "frozen":true, "embedded":true, "fstring":true, "bytesize":8, "value":"nano_den", "encoding":"US-ASCII", "memsize":40, "flags":{"wb_protected":true, "old":true, "uncollectible":true, "marked":true}}
{"address":"0x7fb1f8076618", "type":"IMEMO", "imemo_type":"iseq", "references":["0x7fb1f8047cf0", "0x7fb1f8047cf0", "0x7fb1f808c788"], "memsize":1192, "flags":{"wb_protected":true, "old":true, "uncollectible":true, "marked":true}}
{"address":"0x7fb1f8076640", "type":"STRING", "class":"0x7fb1f80b7578", "frozen":true, "embedded":true, "fstring":true, "bytesize":8, "value":"nano_num", "encoding":"US-ASCII", "memsize":40, "flags":{"wb_protected":true, "old":true, "uncollectible":true, "marked":true}}
{"address":"0x7fb1f8076690", "type":"STRING", "class":"0x7fb1f80b7578", "frozen":true, "embedded":true, "fstring":true, "bytesize":8, "value":"submicro", "encoding":"US-ASCII", "memsize":40, "flags":{"wb_protected":true, "old":true, "uncollectible":true, "marked":true}}
{"address":"0x7fb1f80766e0", "type":"STRING", "class":"0x7fb1f80b7578", "frozen":true, "embedded":true, "fstring":true, "bytesize":13, "value":"FNM_SHORTNAME", "encoding":"US-ASCII", "memsize":40, "flags":{"wb_protected":true, "old":true, "uncollectible":true, "marked":true}}
{"address":"0x7fb1f8076708", "type":"STRING", "class":"0x7fb1f80b7578", "frozen":true, "embedded":true, "fstring":true, "bytesize":10, "value":"test_files", "encoding":"US-ASCII", "memsize":40, "flags":{"wb_protected":true, "old":true, "uncollectible":true, "marked":true}}
{"address":"0x7fb1f8076730", "type":"STRING", "class":"0x7fb1f80b7578", "frozen":true, "embedded":true, "fstring":true, "bytesize":11, "value":"FNM_SYSCASE", "encoding":"US-ASCII", "memsize":40, "flags":{"wb_protected":true, "old":true, "uncollectible":true, "marked":true}}
{"address":"0x7fb1f8076780", "type":"STRING", "class":"0x7fb1f80b7578", "frozen":true, "embedded":true, "fstring":true, "bytesize":11, "value":"FNM_EXTGLOB", "encoding":"US-ASCII", "memsize":40, "flags":{"wb_protected":true, "old":true, "uncollectible":true, "marked":true}}
{"address":"0x7fb1f80767d0", "type":"STRING", "class":"0x7fb1f80b7578", "frozen":true, "embedded":true, "fstring":true, "bytesize":12, "value":"FNM_CASEFOLD", "encoding":"US-ASCII", "memsize":40, "flags":{"wb_protected":true, "old":true, "uncollectible":true, "marked":true}}
{"address":"0x7fb1f8076820", "type":"STRING", "class":"0x7fb1f80b7578", "frozen":true, "embedded":true, "fstring":true, "bytesize":12, "value":"FNM_DOTMATCH", "encoding":"US-ASCII", "memsize":40, "flags":{"wb_protected":true, "old":true, "uncollectible":true, "marked":true}}
{"address":"0x7fb1f8076870", "type":"STRING", "class":"0x7fb1f80b7578", "frozen":true, "embedded":true, "fstring":true, "bytesize":12, "value":"FNM_PATHNAME", "encoding":"US-ASCII", "memsize":40, "flags":{"wb_protected":true, "old":true, "uncollectible":true, "marked":true}}
{"address":"0x7fb1f8076898", "type":"STRING", "class":"0x7fb1f80b7578", "frozen":true, "embedded":true, "fstring":true, "bytesize":11, "value":"signing_key", "encoding":"US-ASCII", "memsize":40, "flags":{"wb_protected":true, "old":true, "uncollectible":true, "marked":true}}
{"address":"0x7fb1f80768c0", "type":"STRING", "class":"0x7fb1f80b7578", "frozen":true, "embedded":true, "fstring":true, "bytesize":12, "value":"FNM_NOESCAPE", "encoding":"US-ASCII", "memsize":40, "flags":{"wb_protected":true, "old":true, "uncollectible":true, "marked":true}}
{"address":"0x7fb1f8076910", "type":"IMEMO", "class":"0x7fb1f807f2e0", "imemo_type":"ment", "memsize":48, "flags":{"wb_protected":true, "old":true, "uncollectible":true, "marked":true}}
{"address":"0x7fb1f8076938", "type":"STRING", "class":"0x7fb1f80b7578", "frozen":true, "embedded":true, "fstring":true, "bytesize":8, "value":"fnmatch?", "encoding":"US-ASCII", "memsize":40, "flags":{"wb_protected":true, "old":true, "uncollectible":true, "marked":true}}
{"address":"0x7fb1f8076960", "type":"STRING", "class":"0x7fb1f80b7578", "bytesize":56, "value":"/Users/rschneeman/.rubies/ruby-2.7.1/lib/ruby/gems/2.7.0", "encoding":"US-ASCII", "memsize":97, "flags":{"wb_protected":true, "old":true, "uncollectible":true, "marked":true}}
{"address":"0x7fb1f8076988", "type":"IMEMO", "class":"0x7fb1f807f2e0", "imemo_type":"ment", "memsize":48, "flags":{"wb_protected":true, "old":true, "uncollectible":true, "marked":true}}
{"address":"0x7fb1f80769b0", "type":"STRING", "class":"0x7fb1f80b7578", "frozen":true, "embedded":true, "fstring":true, "bytesize":7, "value":"fnmatch", "encoding":"US-ASCII", "memsize":40, "flags":{"wb_protected":true, "old":true, "uncollectible":true, "marked":true}}
{"address":"0x7fb1f80769d8", "type":"IMEMO", "class":"0x7fb1f8077360", "imemo_type":"ment", "references":["0x7fb1fb02fdf0", "0x7fb1f8076d98"], "memsize":48, "flags":{"wb_protected":true, "old":true, "uncollectible":true, "marked":true}}
{"address":"0x7fb1f8076a00", "type":"IMEMO", "class":"0x7fb1f8077298", "imemo_type":"ment", "memsize":48, "flags":{"wb_protected":true, "old":true, "uncollectible":true, "marked":true}}
{"address":"0x7fb1f8076a28", "type":"IMEMO", "class":"0x7fb1f8077298", "imemo_type":"ment", "memsize":48, "flags":{"wb_protected":true, "old":true, "uncollectible":true, "marked":true}}
{"address":"0x7fb1f8076a50", "type":"IMEMO", "class":"0x7fb1f8077298", "imemo_type":"ment", "memsize":48, "flags":{"wb_protected":true, "old":true, "uncollectible":true, "marked":true}}
{"address":"0x7fb1f8076a78", "type":"IMEMO", "class":"0x7fb1f8077298", "imemo_type":"ment", "memsize":48, "flags":{"wb_protected":true, "old":true, "uncollectible":true, "marked":true}}
{"address":"0x7fb1f8076aa0", "type":"IMEMO", "class":"0x7fb1f8077298", "imemo_type":"ment", "memsize":48, "flags":{"wb_protected":true, "old":true, "uncollectible":true, "marked":true}}
{"address":"0x7fb1f8076ac8", "type":"STRING", "class":"0x7fb1f80b7578", "frozen":true, "embedded":true, "fstring":true, "bytesize":4, "value":"glob", "encoding":"US-ASCII", "memsize":40, "flags":{"wb_protected":true, "old":true, "uncollectible":true, "marked":true}}
{"address":"0x7fb1f8076af0", "type":"IMEMO", "class":"0x7fb1f8077360", "imemo_type":"ment", "references":["0x7fb1f80d4c90", "0x7fb1f8076d98"], "memsize":48, "flags":{"wb_protected":true, "old":true, "uncollectible":true, "marked":true}}
{"address":"0x7fb1f8076b18", "type":"IMEMO", "class":"0x7fb1f8077298", "imemo_type":"ment", "memsize":48, "flags":{"wb_protected":true, "old":true, "uncollectible":true, "marked":true}}
{"address":"0x7fb1f8076b40", "type":"STRING", "class":"0x7fb1f80b7578", "frozen":true, "embedded":true, "fstring":true, "bytesize":4, "value":"home", "encoding":"US-ASCII", "memsize":40, "flags":{"wb_protected":true, "old":true, "uncollectible":true, "marked":true}}
{"address":"0x7fb1f8076b68", "type":"STRING", "class":"0x7fb1f80b7578", "frozen":true, "fstring":true, "bytesize":25, "value":"required_rubygems_version", "encoding":"US-ASCII", "memsize":66, "flags":{"wb_protected":true, "old":true, "uncollectible":true, "marked":true}}
{"address":"0x7fb1f8076b90", "type":"IMEMO", "class":"0x7fb1f8077298", "imemo_type":"ment", "memsize":48, "flags":{"wb_protected":true, "old":true, "uncollectible":true, "marked":true}}
{"address":"0x7fb1f8076bb8", "type":"IMEMO", "class":"0x7fb1f8077298", "imemo_type":"ment", "memsize":48, "flags":{"wb_protected":true, "old":true, "uncollectible":true, "marked":true}}
{"address":"0x7fb1f8076be0", "type":"IMEMO", "class":"0x7fb1f8077298", "imemo_type":"ment", "memsize":48, "flags":{"wb_protected":true, "old":true, "uncollectible":true, "marked":true}}
{"address":"0x7fb1f8076c08", "type":"STRING", "class":"0x7fb1f80b7578", "frozen":true, "embedded":true, "fstring":true, "bytesize":5, "value":"rmdir", "encoding":"US-ASCII", "memsize":40, "flags":{"wb_protected":true, "old":true, "uncollectible":true, "marked":true}}
{"address":"0x7fb1f8076c30", "type":"STRING", "class":"0x7fb1f80b7578", "frozen":true, "embedded":true, "fstring":true, "bytesize":14, "value":"default_answer", "encoding":"US-ASCII", "memsize":40, "flags":{"wb_protected":true, "old":true, "uncollectible":true, "marked":true}}
{"address":"0x7fb1f8076c58", "type":"IMEMO", "class":"0x7fb1f8077298", "imemo_type":"ment", "memsize":48, "flags":{"wb_protected":true, "old":true, "uncollectible":true, "marked":true}}
{"address":"0x7fb1f8076c80", "type":"STRING", "class":"0x7fb1f80b7578", "frozen":true, "embedded":true, "fstring":true, "bytesize":5, "value":"mkdir", "encoding":"US-ASCII", "memsize":40, "flags":{"wb_protected":true, "old":true, "uncollectible":true, "marked":true}}
{"address":"0x7fb1f8076ca8", "type":"IMEMO", "class":"0x7fb1f8077360", "imemo_type":"ment", "references":["0x7fb1f80d4d30", "0x7fb1f8076d98"], "memsize":48, "flags":{"wb_protected":true, "old":true, "uncollectible":true, "marked":true}}
{"address":"0x7fb1f8076cd0", "type":"IMEMO", "class":"0x7fb1f8077298", "imemo_type":"ment", "memsize":48, "flags":{"wb_protected":true, "old":true, "uncollectible":true, "marked":true}}
{"address":"0x7fb1f8076cf8", "type":"STRING", "class":"0x7fb1f80b7578", "frozen":true, "embedded":true, "fstring":true, "bytesize":6, "value":"chroot", "encoding":"US-ASCII", "memsize":40, "flags":{"wb_protected":true, "old":true, "uncollectible":true, "marked":true}}
{"address":"0x7fb1f8076d20", "type":"STRING", "class":"0x7fb1f80b7578", "frozen":true, "embedded":true, "fstring":true, "bytesize":21, "value":"required_ruby_version", "encoding":"US-ASCII", "memsize":40, "flags":{"wb_protected":true, "old":true, "uncollectible":true, "marked":true}}
{"address":"0x7fb1f8076d48", "type":"IMEMO", "class":"0x7fb1f8077298", "imemo_type":"ment", "memsize":48, "flags":{"wb_protected":true, "old":true, "uncollectible":true, "marked":true}}
{"address":"0x7fb1f8076d70", "type":"STRING", "class":"0x7fb1f80b7578", "frozen":true, "embedded":true, "fstring":true, "bytesize":3, "value":"pwd", "encoding":"US-ASCII", "memsize":40, "flags":{"wb_protected":true, "old":true, "uncollectible":true, "marked":true}}
{"address":"0x7fb1f8076d98", "type":"IMEMO", "class":"0x8", "imemo_type":"cref", "references":["0x7fb1f8077360", "0x7fb1f80773b0"], "memsize":40, "flags":{"wb_protected":true, "old":true, "uncollectible":true, "marked":true}}
{"address":"0x7fb1f8076dc0", "type":"IMEMO", "class":"0x7fb1f8077298", "imemo_type":"ment", "memsize":48, "flags":{"wb_protected":true, "old":true, "uncollectible":true, "marked":true}}
{"address":"0x7fb1f8076de8", "type":"STRING", "class":"0x7fb1f80b7578", "frozen":true, "embedded":true, "fstring":true, "bytesize":5, "value":"getwd", "encoding":"US-ASCII", "memsize":40, "flags":{"wb_protected":true, "old":true, "uncollectible":true, "marked":true}}
{"address":"0x7fb1f8076e10", "type":"IMEMO", "imemo_type":"iseq", "references":["0x7fb1f8077158", "0x7fb1f8017e10", "0x7fb1f808c788", "0x7fb1f8077540"], "memsize":720, "flags":{"wb_protected":true, "old":true, "uncollectible":true, "marked":true}}
{"address":"0x7fb1f8076e38", "type":"IMEMO", "class":"0x7fb1f8077298", "imemo_type":"ment", "memsize":48, "flags":{"wb_protected":true, "old":true, "uncollectible":true, "marked":true}}
{"address":"0x7fb1f8076e60", "type":"STRING", "class":"0x7fb1f80b7578", "frozen":true, "embedded":true, "fstring":true, "bytesize":5, "value":"chdir", "encoding":"US-ASCII", "memsize":40, "flags":{"wb_protected":true, "old":true, "uncollectible":true, "marked":true}}
{"address":"0x7fb1f8076e88", "type":"STRING", "class":"0x7fb1f80b7578", "frozen":true, "bytesize":24, "capacity":47, "value":"DidYouMean::SpellChecker", "encoding":"US-ASCII", "memsize":88, "flags":{"wb_protected":true, "old":true, "uncollectible":true, "marked":true}}
{"address":"0x7fb1f8076eb0", "type":"IMEMO", "class":"0x7fb1f80772c0", "imemo_type":"ment", "memsize":48, "flags":{"wb_protected":true, "old":true, "uncollectible":true, "marked":true}}
{"address":"0x7fb1f8076ed8", "type":"IMEMO", "class":"0x7fb1f80772c0", "imemo_type":"ment", "memsize":48, "flags":{"wb_protected":true, "old":true, "uncollectible":true, "marked":true}}
{"address":"0x7fb1f8076f00", "type":"IMEMO", "class":"0x7fb1f80772c0", "imemo_type":"ment", "memsize":48, "flags":{"wb_protected":true, "old":true, "uncollectible":true, "marked":true}}
{"address":"0x7fb1f8076f28", "type":"IMEMO", "class":"0x7fb1f80772c0", "imemo_type":"ment", "memsize":48, "flags":{"wb_protected":true, "old":true, "uncollectible":true, "marked":true}}
{"address":"0x7fb1f8076f50", "type":"IMEMO", "class":"0x7fb1f80772c0", "imemo_type":"ment", "memsize":48, "flags":{"wb_protected":true, "old":true, "uncollectible":true, "marked":true}}
{"address":"0x7fb1f8076f78", "type":"IMEMO", "class":"0x7fb1f80772c0", "imemo_type":"ment", "memsize":48, "flags":{"wb_protected":true, "old":true, "uncollectible":true, "marked":true}}
{"address":"0x7fb1f8076fa0", "type":"IMEMO", "class":"0x7fb1f80772c0", "imemo_type":"ment", "memsize":48, "flags":{"wb_protected":true, "old":true, "uncollectible":true, "marked":true}}
{"address":"0x7fb1f8076fc8", "type":"IMEMO", "class":"0x7fb1f80772c0", "imemo_type":"ment", "memsize":48, "flags":{"wb_protected":true, "old":true, "uncollectible":true, "marked":true}}
{"address":"0x7fb1f8076ff0", "type":"IMEMO", "class":"0x7fb1f80772c0", "imemo_type":"ment", "memsize":48, "flags":{"wb_protected":true, "old":true, "uncollectible":true, "marked":true}}
{"address":"0x7fb1f8077018", "type":"IMEMO", "class":"0x7fb1f80772c0", "imemo_type":"ment", "memsize":48, "flags":{"wb_protected":true, "old":true, "uncollectible":true, "marked":true}}
{"address":"0x7fb1f8077040", "type":"IMEMO", "class":"0x7fb1f80772c0", "imemo_type":"ment", "memsize":48, "flags":{"wb_protected":true, "old":true, "uncollectible":true, "marked":true}}
{"address":"0x7fb1f8077068", "type":"IMEMO", "class":"0x7fb1f80772c0", "imemo_type":"ment", "memsize":48, "flags":{"wb_protected":true, "old":true, "uncollectible":true, "marked":true}}
{"address":"0x7fb1f8077090", "type":"IMEMO", "class":"0x7fb1f80772c0", "imemo_type":"ment", "memsize":48, "flags":{"wb_protected":true, "old":true, "uncollectible":true, "marked":true}}
{"address":"0x7fb1f80770b8", "type":"IMEMO", "class":"0x7fb1f80772c0", "imemo_type":"ment", "memsize":48, "flags":{"wb_protected":true, "old":true, "uncollectible":true, "marked":true}}
{"address":"0x7fb1f80770e0", "type":"IMEMO", "class":"0x7fb1f80772c0", "imemo_type":"ment", "memsize":48, "flags":{"wb_protected":true, "old":true, "uncollectible":true, "marked":true}}
{"address":"0x7fb1f8077108", "type":"IMEMO", "class":"0x7fb1f8077298", "imemo_type":"ment", "memsize":48, "flags":{"wb_protected":true, "old":true, "uncollectible":true, "marked":true}}
{"address":"0x7fb1f8077130", "type":"STRING", "class":"0x7fb1f80b7578", "frozen":true, "embedded":true, "fstring":true, "bytesize":8, "value":"children", "encoding":"US-ASCII", "memsize":40, "flags":{"wb_protected":true, "old":true, "uncollectible":true, "marked":true}}
{"address":"0x7fb1f8077158", "type":"STRING", "class":"0x7fb1f80b7578", "frozen":true, "fstring":true, "bytesize":28, "value":"block (3 levels) in traverse", "memsize":69, "flags":{"wb_protected":true, "old":true, "uncollectible":true, "marked":true}}
{"address":"0x7fb1f8077180", "type":"IMEMO", "class":"0x7fb1f8077298", "imemo_type":"ment", "memsize":48, "flags":{"wb_protected":true, "old":true, "uncollectible":true, "marked":true}}
{"address":"0x7fb1f80771a8", "type":"STRING", "class":"0x7fb1f80b7578", "frozen":true, "embedded":true, "fstring":true, "bytesize":10, "value":"each_child", "encoding":"US-ASCII", "memsize":40, "flags":{"wb_protected":true, "old":true, "uncollectible":true, "marked":true}}
{"address":"0x7fb1f80771d0", "type":"CLASS", "class":"0x7fb1f80bf700", "name":"Class", "references":["0x7fb1f80bf6b0", "0x7fb1f8077360"], "memsize":464, "flags":{"wb_protected":true, "old":true, "uncollectible":true, "marked":true}}
{"address":"0x7fb1f80771f8", "type":"IMEMO", "class":"0x7fb1f8077298", "imemo_type":"ment", "memsize":48, "flags":{"wb_protected":true, "old":true, "uncollectible":true, "marked":true}}
{"address":"0x7fb1f8077220", "type":"IMEMO", "class":"0x7fb1f8077298", "imemo_type":"ment", "memsize":48, "flags":{"wb_protected":true, "old":true, "uncollectible":true, "marked":true}}
{"address":"0x7fb1f8077248", "type":"IMEMO", "class":"0x7fb1f8077298", "imemo_type":"ment", "memsize":48, "flags":{"wb_protected":true, "old":true, "uncollectible":true, "marked":true}}
{"address":"0x7fb1f8077270", "type":"ICLASS", "class":"0x7fb1f80bcf28", "references":["0x7fb1f80c5240"], "memsize":40, "flags":{"uncollectible":true, "marked":true}}
{"address":"0x7fb1f8077298", "type":"CLASS", "class":"0x7fb1f80bf700", "name":"Class", "references":["0x7fb1f80bf6b0", "0x7fb1f8076a78", "0x7fb1f8076a28", "0x7fb1f8076b90", "0x7fb1f8077180", "0x7fb1f8077108", "0x7fb1f8077220", "0x7fb1f8076dc0", "0x7fb1f8076d48", "0x7fb1f8076cd0", "0x7fb1f8076c58", "0x7fb1f8076be0", "0x7fb1f8076e38", "0x7fb1f8076b18", "0x7fb1f8076aa0", "0x7fb1f8076a00", "0x7fb1f8077248", "0x7fb1f8076bb8", "0x7fb1f80771f8", "0x7fb1f8076a50", "0x7fb1f80772c0"], "memsize":976, "flags":{"wb_protected":true, "old":true, "uncollectible":true, "marked":true}}
{"address":"0x7fb1f80772c0", "type":"CLASS", "class":"0x7fb1f8077298", "name":"Dir", "references":["0x7fb1f8077270", "0x7fb1f80770e0", "0x7fb1f8077018", "0x7fb1f8076f50", "0x7fb1f8076f28", "0x7fb1f8077068", "0x7fb1f8077040", "0x7fb1f8076fc8", "0x7fb1f8076fa0", "0x7fb1f8076f78", "0x7fb1f8076f00", "0x7fb1f8076ed8", "0x7fb1f8077090", "0x7fb1f8076eb0", "0x7fb1f8076ff0", "0x7fb1f80770b8", "0x7fb1f80772e8"], "memsize":976, "flags":{"wb_protected":true, "old":true, "uncollectible":true, "marked":true}}
{"address":"0x7fb1f80772e8", "type":"STRING", "class":"0x7fb1f80b7578", "frozen":true, "embedded":true, "fstring":true, "bytesize":3, "value":"Dir", "encoding":"US-ASCII", "memsize":40, "flags":{"wb_protected":true, "old":true, "uncollectible":true, "marked":true}}
{"address":"0x7fb1f8077310", "type":"STRING", "class":"0x7fb1f80b7578", "frozen":true, "embedded":true, "fstring":true, "bytesize":12, "value":"rdoc_options", "encoding":"US-ASCII", "memsize":40, "flags":{"wb_protected":true, "old":true, "uncollectible":true, "marked":true}}
{"address":"0x7fb1f8077338", "type":"STRING", "class":"0x7fb1f80b7578", "frozen":true, "embedded":true, "fstring":true, "bytesize":13, "value":"wait_writable", "encoding":"US-ASCII", "memsize":40, "flags":{"wb_protected":true, "old":true, "uncollectible":true, "marked":true}}
{"address":"0x7fb1f8077360", "type":"CLASS", "class":"0x7fb1f80771d0", "name":"DidYouMean::SpellChecker", "references":["0x7fb1f80c5240", "0x7fb1f8076ca8", "0x7fb1f8076af0", "0x7fb1f80769d8", "0x7fb1f8076e88"], "memsize":528, "flags":{"wb_protected":true, "old":true, "uncollectible":true, "marked":true}}
{"address":"0x7fb1f8077388", "type":"STRING", "class":"0x7fb1f80b7578", "frozen":true, "embedded":true, "fstring":true, "bytesize":13, "value":"wait_readable", "encoding":"US-ASCII", "memsize":40, "flags":{"wb_protected":true, "old":true, "uncollectible":true, "marked":true}}
{"address":"0x7fb1f80773b0", "type":"IMEMO", "class":"0x8", "imemo_type":"cref", "references":["0x7fb1f8034858", "0x7fb1fb02fdc8"], "memsize":40, "flags":{"wb_protected":true, "old":true, "uncollectible":true, "marked":true}}
{"address":"0x7fb1f80773d8", "type":"STRING", "class":"0x7fb1f80b7578", "frozen":true, "embedded":true, "fstring":true, "bytesize":4, "value":"HOLE", "encoding":"US-ASCII", "memsize":40, "flags":{"wb_protected":true, "old":true, "uncollectible":true, "marked":true}}
{"address":"0x7fb1f8077400", "type":"STRING", "class":"0x7fb1f80b7578", "frozen":true, "embedded":true, "fstring":true, "bytesize":20, "value":"post_install_message", "encoding":"US-ASCII", "memsize":40, "flags":{"wb_protected":true, "old":true, "uncollectible":true, "marked":true}}
{"address":"0x7fb1f8077428", "type":"STRING", "class":"0x7fb1f80b7578", "frozen":true, "embedded":true, "fstring":true, "bytesize":4, "value":"DATA", "encoding":"US-ASCII", "memsize":40, "flags":{"wb_protected":true, "old":true, "uncollectible":true, "marked":true}}
{"address":"0x7fb1f8077450", "type":"IMEMO", "imemo_type":"iseq", "references":["0x7fb1f80774a0", "0x7fb1f8017e10", "0x7fb1f808c788", "0x7fb1f8077540"], "memsize":540, "flags":{"wb_protected":true, "old":true, "uncollectible":true, "marked":true}}
{"address":"0x7fb1f8077478", "type":"STRING", "class":"0x7fb1f80b7578", "frozen":true, "embedded":true, "fstring":true, "bytesize":3, "value":"END", "encoding":"US-ASCII", "memsize":40, "flags":{"wb_protected":true, "old":true, "uncollectible":true, "marked":true}}
{"address":"0x7fb1f80774a0", "type":"STRING", "class":"0x7fb1f80b7578", "frozen":true, "fstring":true, "bytesize":38, "capacity":47, "value":"ensure in block (2 levels) in traverse", "memsize":88, "flags":{"wb_protected":true, "old":true, "uncollectible":true, "marked":true}}
{"address":"0x7fb1f80774c8", "type":"STRING", "class":"0x7fb1f80b7578", "frozen":true, "embedded":true, "fstring":true, "bytesize":3, "value":"CUR", "encoding":"US-ASCII", "memsize":40, "flags":{"wb_protected":true, "old":true, "uncollectible":true, "marked":true}}
{"address":"0x7fb1f80774f0", "type":"STRING", "class":"0x7fb1f80b7578", "frozen":true, "bytesize":98, "value":"/Users/rschneeman/.rubies/ruby-2.7.1/lib/ruby/gems/2.7.0/specifications/default/sdbm-1.0.0.gemspec", "encoding":"US-ASCII", "memsize":139, "flags":{"wb_protected":true, "old":true, "uncollectible":true, "marked":true}}
{"address":"0x7fb1f8077518", "type":"STRING", "class":"0x7fb1f80b7578", "frozen":true, "embedded":true, "fstring":true, "bytesize":3, "value":"SET", "encoding":"US-ASCII", "memsize":40, "flags":{"wb_protected":true, "old":true, "uncollectible":true, "marked":true}}
{"address":"0x7fb1f8077540", "type":"IMEMO", "imemo_type":"iseq", "references":["0x7fb1f8076e10", "0x7fb1f80775e0", "0x7fb1f8017e10", "0x7fb1f808c788", "0x7fb1f80776d0", "0x7fb1f8077450", "0x7fb1f8076e10"], "memsize":2264, "flags":{"wb_protected":true, "old":true, "uncollectible":true, "marked":true}}
{"address":"0x7fb1f8077568", "type":"STRING", "class":"0x7fb1f80b7578", "frozen":true, "embedded":true, "fstring":true, "bytesize":7, "value":"noreuse", "encoding":"US-ASCII", "memsize":40, "flags":{"wb_protected":true, "old":true, "uncollectible":true, "marked":true}}
{"address":"0x7fb1f8077590", "type":"STRING", "class":"0x7fb1f80b7578", "frozen":true, "embedded":true, "fstring":true, "bytesize":8, "value":"metadata", "encoding":"US-ASCII", "memsize":40, "flags":{"wb_protected":true, "old":true, "uncollectible":true, "marked":true}}
{"address":"0x7fb1f80775b8", "type":"STRING", "class":"0x7fb1f80b7578", "frozen":true, "embedded":true, "fstring":true, "bytesize":8, "value":"dontneed", "encoding":"US-ASCII", "memsize":40, "flags":{"wb_protected":true, "old":true, "uncollectible":true, "marked":true}}
{"address":"0x7fb1f80775e0", "type":"STRING", "class":"0x7fb1f80b7578", "frozen":true, "fstring":true, "bytesize":28, "value":"block (2 levels) in traverse", "memsize":69, "flags":{"wb_protected":true, "old":true, "uncollectible":true, "marked":true}}
{"address":"0x7fb1f8077608", "type":"STRING", "class":"0x7fb1f80b7578", "frozen":true, "embedded":true, "fstring":true, "bytesize":8, "value":"willneed", "encoding":"US-ASCII", "memsize":40, "flags":{"wb_protected":true, "old":true, "uncollectible":true, "marked":true}}
{"address":"0x7fb1f8077630", "type":"STRING", "class":"0x7fb1f80b7578", "shared":true, "encoding":"US-ASCII", "references":["0x7fb1f80774f0"], "memsize":40, "flags":{"wb_protected":true, "old":true, "uncollectible":true, "marked":true}}
{"address":"0x7fb1f8077658", "type":"STRING", "class":"0x7fb1f80b7578", "frozen":true, "embedded":true, "fstring":true, "bytesize":10, "value":"sequential", "encoding":"US-ASCII", "memsize":40, "flags":{"wb_protected":true, "old":true, "uncollectible":true, "marked":true}}
{"address":"0x7fb1f8077680", "type":"STRING", "class":"0x7fb1f80b7578", "frozen":true, "embedded":true, "fstring":true, "bytesize":8, "value":"licenses", "encoding":"US-ASCII", "memsize":40, "flags":{"wb_protected":true, "old":true, "uncollectible":true, "marked":true}}
{"address":"0x7fb1f80776a8", "type":"STRING", "class":"0x7fb1f80b7578", "frozen":true, "embedded":true, "fstring":true, "bytesize":6, "value":"normal", "encoding":"US-ASCII", "memsize":40, "flags":{"wb_protected":true, "old":true, "uncollectible":true, "marked":true}}
{"address":"0x7fb1f80776d0", "type":"IMEMO", "imemo_type":"iseq", "references":["0x7fb1f8077540", "0x7fb1f8077720", "0x7fb1f8017e10", "0x7fb1f808c788", "0x7fb1f8077f68", "0x7fb1f8077540"], "memsize":932, "flags":{"wb_protected":true, "old":true, "uncollectible":true, "marked":true}}
{"address":"0x7fb1f80776f8", "type":"STRING", "class":"0x7fb1f80b7578", "frozen":true, "embedded":true, "fstring":true, "bytesize":9, "value":"autoclose", "encoding":"US-ASCII", "memsize":40, "flags":{"wb_protected":true, "old":true, "uncollectible":true, "marked":true}}
{"address":"0x7fb1f8077720", "type":"STRING", "class":"0x7fb1f80b7578", "frozen":true, "embedded":true, "fstring":true, "bytesize":17, "value":"block in traverse", "memsize":40, "flags":{"wb_protected":true, "old":true, "uncollectible":true, "marked":true}}
{"address":"0x7fb1f8077748", "type":"STRING", "class":"0x7fb1f80b7578", "frozen":true, "embedded":true, "fstring":true, "bytesize":8, "value":"textmode", "encoding":"US-ASCII", "memsize":40, "flags":{"wb_protected":true, "old":true, "uncollectible":true, "marked":true}}
{"address":"0x7fb1f8077770", "type":"STRING", "class":"0x7fb1f80b7578", "frozen":true, "embedded":true, "fstring":true, "bytesize":8, "value":"homepage", "encoding":"US-ASCII", "memsize":40, "flags":{"wb_protected":true, "old":true, "uncollectible":true, "marked":true}}
{"address":"0x7fb1f8077798", "type":"STRING", "class":"0x7fb1f80b7578", "frozen":true, "embedded":true, "fstring":true, "bytesize":9, "value":"open_args", "encoding":"US-ASCII", "memsize":40, "flags":{"wb_protected":true, "old":true, "uncollectible":true, "marked":true}}
{"address":"0x7fb1f80777e8", "type":"STRING", "class":"0x7fb1f80b7578", "frozen":true, "embedded":true, "fstring":true, "bytesize":5, "value":"flags", "encoding":"US-ASCII", "memsize":40, "flags":{"wb_protected":true, "old":true, "uncollectible":true, "marked":true}}
{"address":"0x7fb1f8077810", "type":"IMEMO", "imemo_type":"iseq", "references":["0x7fb1f8077860", "0x7fb1f8017e10", "0x7fb1f808c788", "0x7fb1f8077f68"], "memsize":532, "flags":{"wb_protected":true, "old":true, "uncollectible":true, "marked":true}}
{"address":"0x7fb1f8077838", "type":"STRING", "class":"0x7fb1f80b7578", "frozen":true, "embedded":true, "fstring":true, "bytesize":4, "value":"perm", "encoding":"US-ASCII", "memsize":40, "flags":{"wb_protected":true, "old":true, "uncollectible":true, "marked":true}}
{"address":"0x7fb1f8077860", "type":"STRING", "class":"0x7fb1f80b7578", "frozen":true, "embedded":true, "fstring":true, "bytesize":18, "value":"ensure in traverse", "memsize":40, "flags":{"wb_protected":true, "old":true, "uncollectible":true, "marked":true}}
{"address":"0x7fb1f8077888", "type":"IMEMO", "class":"0x7fb1f807f308", "imemo_type":"ment", "memsize":48, "flags":{"wb_protected":true, "old":true, "uncollectible":true, "marked":true}}
{"address":"0x7fb1f80778b0", "type":"IMEMO", "class":"0x7fb1f807c4a0", "imemo_type":"ment", "memsize":48, "flags":{"wb_protected":true, "old":true, "uncollectible":true, "marked":true}}
{"address":"0x7fb1f80778d8", "type":"IMEMO", "class":"0x7fb1f807c4a0", "imemo_type":"ment", "memsize":48, "flags":{"wb_protected":true, "old":true, "uncollectible":true, "marked":true}}
{"address":"0x7fb1f8077900", "type":"IMEMO", "class":"0x7fb1f807c4a0", "imemo_type":"ment", "memsize":48, "flags":{"wb_protected":true, "old":true, "uncollectible":true, "marked":true}}
{"address":"0x7fb1f8077928", "type":"IMEMO", "class":"0x7fb1f807c4a0", "imemo_type":"ment", "memsize":48, "flags":{"wb_protected":true, "old":true, "uncollectible":true, "marked":true}}
{"address":"0x7fb1f8077950", "type":"IMEMO", "class":"0x7fb1f807c4a0", "imemo_type":"ment", "memsize":48, "flags":{"wb_protected":true, "old":true, "uncollectible":true, "marked":true}}
{"address":"0x7fb1f8077978", "type":"IMEMO", "class":"0x7fb1f807c4a0", "imemo_type":"ment", "memsize":48, "flags":{"wb_protected":true, "old":true, "uncollectible":true, "marked":true}}
{"address":"0x7fb1f80779a0", "type":"IMEMO", "class":"0x7fb1f807c4a0", "imemo_type":"ment", "memsize":48, "flags":{"wb_protected":true, "old":true, "uncollectible":true, "marked":true}}
{"address":"0x7fb1f80779c8", "type":"IMEMO", "class":"0x7fb1f807c4a0", "imemo_type":"ment", "memsize":48, "flags":{"wb_protected":true, "old":true, "uncollectible":true, "marked":true}}
{"address":"0x7fb1f80779f0", "type":"IMEMO", "class":"0x7fb1f807c4a0", "imemo_type":"ment", "memsize":48, "flags":{"wb_protected":true, "old":true, "uncollectible":true, "marked":true}}
{"address":"0x7fb1f8077a18", "type":"IMEMO", "class":"0x7fb1f807c4a0", "imemo_type":"ment", "memsize":48, "flags":{"wb_protected":true, "old":true, "uncollectible":true, "marked":true}}
{"address":"0x7fb1f8077a40", "type":"IMEMO", "class":"0x7fb1f807c4a0", "imemo_type":"ment", "memsize":48, "flags":{"wb_protected":true, "old":true, "uncollectible":true, "marked":true}}
{"address":"0x7fb1f8077a68", "type":"IMEMO", "class":"0x7fb1f807c4a0", "imemo_type":"ment", "memsize":48, "flags":{"wb_protected":true, "old":true, "uncollectible":true, "marked":true}}
{"address":"0x7fb1f8077a90", "type":"IMEMO", "class":"0x7fb1f807c4a0", "imemo_type":"ment", "memsize":48, "flags":{"wb_protected":true, "old":true, "uncollectible":true, "marked":true}}
{"address":"0x7fb1f8077ab8", "type":"IMEMO", "class":"0x7fb1f807c4a0", "imemo_type":"ment", "memsize":48, "flags":{"wb_protected":true, "old":true, "uncollectible":true, "marked":true}}
{"address":"0x7fb1f8077ae0", "type":"IMEMO", "class":"0x7fb1f807c4a0", "imemo_type":"ment", "memsize":48, "flags":{"wb_protected":true, "old":true, "uncollectible":true, "marked":true}}
{"address":"0x7fb1f8077b08", "type":"IMEMO", "class":"0x7fb1f807c4a0", "imemo_type":"ment", "memsize":48, "flags":{"wb_protected":true, "old":true, "uncollectible":true, "marked":true}}
{"address":"0x7fb1f8077b30", "type":"IMEMO", "class":"0x7fb1f807c4a0", "imemo_type":"ment", "memsize":48, "flags":{"wb_protected":true, "old":true, "uncollectible":true, "marked":true}}
{"address":"0x7fb1f8077b58", "type":"IMEMO", "class":"0x7fb1f807c4a0", "imemo_type":"ment", "memsize":48, "flags":{"wb_protected":true, "old":true, "uncollectible":true, "marked":true}}
{"address":"0x7fb1f8077b80", "type":"IMEMO", "class":"0x7fb1f807c4a0", "imemo_type":"ment", "memsize":48, "flags":{"wb_protected":true, "old":true, "uncollectible":true, "marked":true}}
{"address":"0x7fb1f8077ba8", "type":"IMEMO", "class":"0x7fb1f807c4a0", "imemo_type":"ment", "memsize":48, "flags":{"wb_protected":true, "old":true, "uncollectible":true, "marked":true}}
{"address":"0x7fb1f8077bd0", "type":"IMEMO", "class":"0x7fb1f807c4a0", "imemo_type":"ment", "memsize":48, "flags":{"wb_protected":true, "old":true, "uncollectible":true, "marked":true}}
{"address":"0x7fb1f8077bf8", "type":"IMEMO", "class":"0x7fb1f807c4a0", "imemo_type":"ment", "memsize":48, "flags":{"wb_protected":true, "old":true, "uncollectible":true, "marked":true}}
{"address":"0x7fb1f8077c20", "type":"IMEMO", "class":"0x7fb1f807c4a0", "imemo_type":"ment", "memsize":48, "flags":{"wb_protected":true, "old":true, "uncollectible":true, "marked":true}}
{"address":"0x7fb1f8077c48", "type":"IMEMO", "class":"0x7fb1f807c4a0", "imemo_type":"ment", "memsize":48, "flags":{"wb_protected":true, "old":true, "uncollectible":true, "marked":true}}
{"address":"0x7fb1f8077c70", "type":"IMEMO", "class":"0x7fb1f807c4a0", "imemo_type":"ment", "memsize":48, "flags":{"wb_protected":true, "old":true, "uncollectible":true, "marked":true}}
{"address":"0x7fb1f8077c98", "type":"IMEMO", "class":"0x7fb1f807c4a0", "imemo_type":"ment", "memsize":48, "flags":{"wb_protected":true, "old":true, "uncollectible":true, "marked":true}}
{"address":"0x7fb1f8077cc0", "type":"IMEMO", "class":"0x7fb1f807c4a0", "imemo_type":"ment", "memsize":48, "flags":{"wb_protected":true, "old":true, "uncollectible":true, "marked":true}}
{"address":"0x7fb1f8077ce8", "type":"IMEMO", "class":"0x7fb1f807c4a0", "imemo_type":"ment", "memsize":48, "flags":{"wb_protected":true, "old":true, "uncollectible":true, "marked":true}}
{"address":"0x7fb1f8077d10", "type":"IMEMO", "class":"0x7fb1f807c4a0", "imemo_type":"ment", "memsize":48, "flags":{"wb_protected":true, "old":true, "uncollectible":true, "marked":true}}
{"address":"0x7fb1f8077d38", "type":"STRING", "class":"0x7fb1f80b7578", "frozen":true, "embedded":true, "fstring":true, "bytesize":6, "value":"blocks", "encoding":"US-ASCII", "memsize":40, "flags":{"wb_protected":true, "old":true, "uncollectible":true, "marked":true}}
{"address":"0x7fb1f8077d60", "type":"STRING", "class":"0x7fb1f80b7578", "frozen":true, "embedded":true, "fstring":true, "bytesize":16, "value":"extra_rdoc_files", "encoding":"US-ASCII", "memsize":40, "flags":{"wb_protected":true, "old":true, "uncollectible":true, "marked":true}}
{"address":"0x7fb1f8077d88", "type":"IMEMO", "class":"0x7fb1f807c4a0", "imemo_type":"ment", "memsize":48, "flags":{"wb_protected":true, "old":true, "uncollectible":true, "marked":true}}
{"address":"0x7fb1f8077db0", "type":"STRING", "class":"0x7fb1f80b7578", "frozen":true, "embedded":true, "fstring":true, "bytesize":7, "value":"blksize", "encoding":"US-ASCII", "memsize":40, "flags":{"wb_protected":true, "old":true, "uncollectible":true, "marked":true}}
{"address":"0x7fb1f8077dd8", "type":"IMEMO", "class":"0x7fb1f8077e78", "imemo_type":"ment", "references":["0x7fb1f807d080", "0x7fb1f807c1a8"], "memsize":48, "flags":{"wb_protected":true, "old":true, "uncollectible":true, "marked":true}}
{"address":"0x7fb1f8077e00", "type":"IMEMO", "class":"0x7fb1f807c4a0", "imemo_type":"ment", "memsize":48, "flags":{"wb_protected":true, "old":true, "uncollectible":true, "marked":true}}
{"address":"0x7fb1f8077e28", "type":"IMEMO", "class":"0x7fb1f807c4a0", "imemo_type":"ment", "memsize":48, "flags":{"wb_protected":true, "old":true, "uncollectible":true, "marked":true}}
{"address":"0x7fb1f8077e50", "type":"STRING", "class":"0x7fb1f80b7578", "frozen":true, "embedded":true, "fstring":true, "bytesize":10, "value":"rdev_minor", "encoding":"US-ASCII", "memsize":40, "flags":{"wb_protected":true, "old":true, "uncollectible":true, "marked":true}}
{"address":"0x7fb1f8077e78", "type":"CLASS", "class":"0x7fb1f80bf6d8", "name":"Module", "references":["0x7fb1f80c51c8", "0x7fb1f8077dd8", "0x7fb1f807c310"], "memsize":528, "flags":{"wb_protected":true, "old":true, "uncollectible":true, "marked":true}}
{"address":"0x7fb1f8077ea0", "type":"IMEMO", "class":"0x7fb1f807c4a0", "imemo_type":"ment", "memsize":48, "flags":{"wb_protected":true, "old":true, "uncollectible":true, "marked":true}}
{"address":"0x7fb1f8077ec8", "type":"STRING", "class":"0x7fb1f80b7578", "frozen":true, "embedded":true, "fstring":true, "bytesize":10, "value":"rdev_major", "encoding":"US-ASCII", "memsize":40, "flags":{"wb_protected":true, "old":true, "uncollectible":true, "marked":true}}
{"address":"0x7fb1f8077ef0", "type":"STRING", "class":"0x7fb1f80b7578", "frozen":true, "embedded":true, "fstring":true, "bytesize":10, "value":"extensions", "encoding":"US-ASCII", "memsize":40, "flags":{"wb_protected":true, "old":true, "uncollectible":true, "marked":true}}
{"address":"0x7fb1f8077f18", "type":"IMEMO", "class":"0x7fb1f807c4a0", "imemo_type":"ment", "memsize":48, "flags":{"wb_protected":true, "old":true, "uncollectible":true, "marked":true}}
{"address":"0x7fb1f8077f40", "type":"STRING", "class":"0x7fb1f80b7578", "frozen":true, "embedded":true, "fstring":true, "bytesize":4, "value":"rdev", "encoding":"US-ASCII", "memsize":40, "flags":{"wb_protected":true, "old":true, "uncollectible":true, "marked":true}}
{"address":"0x7fb1f8077f68", "type":"IMEMO", "imemo_type":"iseq", "references":["0x7fb1f80776d0", "0x7fb1f8017e10", "0x7fb1f8017e10", "0x7fb1f808c788", "0x7fb1f80776d0", "0x7fb1f8077810"], "memsize":1088, "flags":{"wb_protected":true, "old":true, "uncollectible":true, "marked":true}}
{"address":"0x7fb1f8077f90", "type":"IMEMO", "class":"0x7fb1f807c4a0", "imemo_type":"ment", "memsize":48, "flags":{"wb_protected":true, "old":true, "uncollectible":true, "marked":true}}
{"address":"0x7fb1f807c018", "type":"STRING", "class":"0x7fb1f80b7578", "frozen":true, "embedded":true, "fstring":true, "bytesize":3, "value":"gid", "encoding":"US-ASCII", "memsize":40, "flags":{"wb_protected":true, "old":true, "uncollectible":true, "marked":true}}
{"address":"0x7fb1f807c040", "type":"STRING", "class":"0x7fb1f80b7578", "frozen":true, "fstring":true, "bytesize":26, "value":"OperationNotSupportedError", "encoding":"US-ASCII", "memsize":67, "flags":{"wb_protected":true, "old":true, "uncollectible":true, "marked":true}}
{"address":"0x7fb1f807c068", "type":"IMEMO", "class":"0x7fb1f807c4a0", "imemo_type":"ment", "memsize":48, "flags":{"wb_protected":true, "old":true, "uncollectible":true, "marked":true}}
{"address":"0x7fb1f807c090", "type":"STRING", "class":"0x7fb1f80b7578", "frozen":true, "embedded":true, "fstring":true, "bytesize":3, "value":"uid", "encoding":"US-ASCII", "memsize":40, "flags":{"wb_protected":true, "old":true, "uncollectible":true, "marked":true}}
{"address":"0x7fb1f807c0b8", "type":"IMEMO", "imemo_type":"ment", "references":["0x7fb1f807c310", "0x7fb1f807d080", "0x7fb1f807c1a8"], "memsize":48, "flags":{"wb_protected":true, "old":true, "uncollectible":true, "marked":true}}
{"address":"0x7fb1f807c0e0", "type":"IMEMO", "class":"0x7fb1f807c4a0", "imemo_type":"ment", "memsize":48, "flags":{"wb_protected":true, "old":true, "uncollectible":true, "marked":true}}
{"address":"0x7fb1f807c108", "type":"STRING", "class":"0x7fb1f80b7578", "frozen":true, "embedded":true, "fstring":true, "bytesize":5, "value":"nlink", "encoding":"US-ASCII", "memsize":40, "flags":{"wb_protected":true, "old":true, "uncollectible":true, "marked":true}}
{"address":"0x7fb1f807c130", "type":"STRING", "class":"0x7fb1f80b7578", "frozen":true, "embedded":true, "fstring":true, "bytesize":5, "value":"email", "encoding":"US-ASCII", "memsize":40, "flags":{"wb_protected":true, "old":true, "uncollectible":true, "marked":true}}
{"address":"0x7fb1f807c158", "type":"IMEMO", "class":"0x7fb1f807c4a0", "imemo_type":"ment", "memsize":48, "flags":{"wb_protected":true, "old":true, "uncollectible":true, "marked":true}}
{"address":"0x7fb1f807c180", "type":"STRING", "class":"0x7fb1f80b7578", "frozen":true, "embedded":true, "fstring":true, "bytesize":4, "value":"mode", "encoding":"US-ASCII", "memsize":40, "flags":{"wb_protected":true, "old":true, "uncollectible":true, "marked":true}}
{"address":"0x7fb1f807c1a8", "type":"IMEMO", "class":"0x8", "imemo_type":"cref", "references":["0x7fb1f807c310", "0x7fb1f807c9c8"], "memsize":40, "flags":{"wb_protected":true, "old":true, "uncollectible":true, "marked":true}}
{"address":"0x7fb1f807c1d0", "type":"IMEMO", "class":"0x7fb1f807c4a0", "imemo_type":"ment", "memsize":48, "flags":{"wb_protected":true, "old":true, "uncollectible":true, "marked":true}}
{"address":"0x7fb1f807c1f8", "type":"STRING", "class":"0x7fb1f80b7578", "frozen":true, "embedded":true, "fstring":true, "bytesize":3, "value":"ino", "encoding":"US-ASCII", "memsize":40, "flags":{"wb_protected":true, "old":true, "uncollectible":true, "marked":true}}
{"address":"0x7fb1f807c220", "type":"STRING", "class":"0x7fb1f80b7578", "frozen":true, "embedded":true, "bytesize":23, "value":"DidYouMean::JaroWinkler", "encoding":"US-ASCII", "memsize":40, "flags":{"wb_protected":true, "old":true, "uncollectible":true, "marked":true}}
{"address":"0x7fb1f807c248", "type":"IMEMO", "class":"0x7fb1f807c4a0", "imemo_type":"ment", "memsize":48, "flags":{"wb_protected":true, "old":true, "uncollectible":true, "marked":true}}
{"address":"0x7fb1f807c270", "type":"STRING", "class":"0x7fb1f80b7578", "frozen":true, "embedded":true, "fstring":true, "bytesize":9, "value":"dev_minor", "encoding":"US-ASCII", "memsize":40, "flags":{"wb_protected":true, "old":true, "uncollectible":true, "marked":true}}
{"address":"0x7fb1f807c298", "type":"STRING", "class":"0x7fb1f80b7578", "frozen":true, "embedded":true, "fstring":true, "bytesize":11, "value":"description", "encoding":"US-ASCII", "memsize":40, "flags":{"wb_protected":true, "old":true, "uncollectible":true, "marked":true}}
{"address":"0x7fb1f807c2c0", "type":"IMEMO", "class":"0x7fb1f807c4a0", "imemo_type":"ment", "memsize":48, "flags":{"wb_protected":true, "old":true, "uncollectible":true, "marked":true}}
{"address":"0x7fb1f807c2e8", "type":"STRING", "class":"0x7fb1f80b7578", "frozen":true, "embedded":true, "fstring":true, "bytesize":9, "value":"dev_major", "encoding":"US-ASCII", "memsize":40, "flags":{"wb_protected":true, "old":true, "uncollectible":true, "marked":true}}
{"address":"0x7fb1f807c310", "type":"MODULE", "class":"0x7fb1f8077e78", "name":"DidYouMean::JaroWinkler", "references":["0x7fb1f807c0b8", "0x7fb1f807c220", "0x7fb1f80bd888", "0x7fb1f80bd888"], "memsize":616, "flags":{"wb_protected":true, "old":true, "uncollectible":true, "marked":true}}
{"address":"0x7fb1f807c338", "type":"IMEMO", "class":"0x7fb1f807c4a0", "imemo_type":"ment", "memsize":48, "flags":{"wb_protected":true, "old":true, "uncollectible":true, "marked":true}}
{"address":"0x7fb1f807c360", "type":"STRING", "class":"0x7fb1f80b7578", "frozen":true, "embedded":true, "fstring":true, "bytesize":3, "value":"dev", "encoding":"US-ASCII", "memsize":40, "flags":{"wb_protected":true, "old":true, "uncollectible":true, "marked":true}}
{"address":"0x7fb1f807c388", "type":"ARRAY", "class":"0x7fb1f8097228", "length":1, "embedded":true, "references":["0x7fb1f80f3780"], "memsize":40, "flags":{"wb_protected":true, "old":true, "uncollectible":true, "marked":true}}
{"address":"0x7fb1f807c3b0", "type":"IMEMO", "class":"0x7fb1f807c4a0", "imemo_type":"ment", "memsize":48, "flags":{"wb_protected":true, "old":true, "uncollectible":true, "marked":true}}
{"address":"0x7fb1f807c3d8", "type":"ICLASS", "class":"0x7fb1f80bd158", "references":["0x7fb1f80c5240"], "memsize":40, "flags":{"uncollectible":true, "marked":true}}
{"address":"0x7fb1f807c400", "type":"IMEMO", "class":"0x7fb1f807c4a0", "imemo_type":"ment", "memsize":48, "flags":{"wb_protected":true, "old":true, "uncollectible":true, "marked":true}}
{"address":"0x7fb1f807c428", "type":"IMEMO", "class":"0x7fb1f807c4a0", "imemo_type":"ment", "memsize":48, "flags":{"wb_protected":true, "old":true, "uncollectible":true, "marked":true}}
{"address":"0x7fb1f807c450", "type":"STRING", "class":"0x7fb1f80b7578", "frozen":true, "embedded":true, "bytesize":10, "value":"File::Stat", "encoding":"US-ASCII", "memsize":40, "flags":{"wb_protected":true, "old":true, "uncollectible":true, "marked":true}}
{"address":"0x7fb1f807c478", "type":"CLASS", "class":"0x7fb1f80bf700", "name":"Class", "references":["0x7fb1f80bf6b0", "0x7fb1f807c4a0"], "memsize":464, "flags":{"wb_protected":true, "old":true, "uncollectible":true, "marked":true}}
{"address":"0x7fb1f807c4a0", "type":"CLASS", "class":"0x7fb1f807c478", "name":"File::Stat", "references":["0x7fb1f807c3d8", "0x7fb1f807c3b0", "0x7fb1f8077c48", "0x7fb1f807c338", "0x7fb1f807c2c0", "0x7fb1f807c248", "0x7fb1f807c1d0", "0x7fb1f807c158", "0x7fb1f807c0e0", "0x7fb1f807c068", "0x7fb1f8077f90", "0x7fb1f8077f18", "0x7fb1f8077ea0", "0x7fb1f8077e28", "0x7fb1f8077e00", "0x7fb1f8077d88", "0x7fb1f8077d10", "0x7fb1f807c428", "0x7fb1f807c400", "0x7fb1f8077bf8", "0x7fb1f8077bd0", "0x7fb1f8077ba8", "0x7fb1f8077b80", "0x7fb1f8077b58", "0x7fb1f8077b30", "0x7fb1f8077b08", "0x7fb1f8077ae0", "0x7fb1f8077ab8", "0x7fb1f8077a90", "0x7fb1f8077a68", "0x7fb1f8077a18", "0x7fb1f80779f0", "0x7fb1f80779c8", "0x7fb1f80779a0", "0x7fb1f8077978", "0x7fb1f8077950", "0x7fb1f8077928", "0x7fb1f8077900", "0x7fb1f80778d8", "0x7fb1f8077a40", "0x7fb1f80778b0", "0x7fb1f8077c20", "0x7fb1f8077ce8", "0x7fb1f8077cc0", "0x7fb1f8077c98", "0x7fb1f8077c70", "0x7fb1f807c450"], "memsize":2512, "flags":{"wb_protected":true, "old":true, "uncollectible":true, "marked":true}}
{"address":"0x7fb1f807c4c8", "type":"STRING", "class":"0x7fb1f80b7578", "frozen":true, "embedded":true, "fstring":true, "bytesize":4, "value":"Stat", "encoding":"US-ASCII", "memsize":40, "flags":{"wb_protected":true, "old":true, "uncollectible":true, "marked":true}}
{"address":"0x7fb1f807c4f0", "type":"STRING", "class":"0x7fb1f80b7578", "frozen":true, "embedded":true, "fstring":true, "bytesize":8, "value":"version=", "encoding":"US-ASCII", "memsize":40, "flags":{"wb_protected":true, "old":true, "uncollectible":true, "marked":true}}
{"address":"0x7fb1f807c518", "type":"IMEMO", "class":"0x7fb1f80bfbb0", "imemo_type":"ment", "memsize":48, "flags":{"wb_protected":true, "old":true, "uncollectible":true, "marked":true}}
{"address":"0x7fb1f807c540", "type":"IMEMO", "imemo_type":"ment", "references":["0x7fb1f80c4ef8"], "memsize":48, "flags":{"wb_protected":true, "old":true, "uncollectible":true, "marked":true}}
{"address":"0x7fb1f807c568", "type":"STRING", "class":"0x7fb1f80b7578", "frozen":true, "embedded":true, "fstring":true, "bytesize":4, "value":"test", "encoding":"US-ASCII", "memsize":40, "flags":{"wb_protected":true, "old":true, "uncollectible":true, "marked":true}}
{"address":"0x7fb1f807c590", "type":"IMEMO", "class":"0x7fb1f807c6f8", "imemo_type":"ment", "references":["0x7fb1f807e0c0", "0x7fb1f807c7e8"], "memsize":48, "flags":{"wb_protected":true, "old":true, "uncollectible":true, "marked":true}}
{"address":"0x7fb1f807c5b8", "type":"IMEMO", "class":"0x7fb1f807f308", "imemo_type":"ment", "memsize":48, "flags":{"wb_protected":true, "old":true, "uncollectible":true, "marked":true}}
{"address":"0x7fb1f807c5e0", "type":"STRING", "class":"0x7fb1f80b7578", "frozen":true, "embedded":true, "fstring":true, "bytesize":7, "value":"to_path", "encoding":"US-ASCII", "memsize":40, "flags":{"wb_protected":true, "old":true, "uncollectible":true, "marked":true}}
{"address":"0x7fb1f807c608", "type":"STRING", "class":"0x7fb1f80b7578", "frozen":true, "embedded":true, "fstring":true, "bytesize":10, "value":"cert_chain", "encoding":"US-ASCII", "memsize":40, "flags":{"wb_protected":true, "old":true, "uncollectible":true, "marked":true}}
{"address":"0x7fb1f807c630", "type":"IMEMO", "class":"0x7fb1f807f308", "imemo_type":"ment", "memsize":48, "flags":{"wb_protected":true, "old":true, "uncollectible":true, "marked":true}}
{"address":"0x7fb1f807c658", "type":"STRING", "class":"0x7fb1f80b7578", "frozen":true, "embedded":true, "fstring":true, "bytesize":4, "value":"NULL", "encoding":"US-ASCII", "memsize":40, "flags":{"wb_protected":true, "old":true, "uncollectible":true, "marked":true}}
{"address":"0x7fb1f807c680", "type":"OBJECT", "class":"0x7fb1f80e0680", "ivars":3, "references":["0x7fb1f807c388"], "memsize":40, "flags":{"wb_protected":true, "old":true, "uncollectible":true, "marked":true}}
{"address":"0x7fb1f807c6a8", "type":"STRING", "class":"0x7fb1f80b7578", "frozen":true, "fstring":true, "bytesize":9, "value":"/dev/null", "encoding":"US-ASCII", "memsize":40, "flags":{"wb_protected":true, "old":true, "uncollectible":true, "marked":true}}
{"address":"0x7fb1f807c6d0", "type":"STRING", "class":"0x7fb1f80b7578", "frozen":true, "embedded":true, "fstring":true, "bytesize":7, "value":"LOCK_NB", "encoding":"US-ASCII", "memsize":40, "flags":{"wb_protected":true, "old":true, "uncollectible":true, "marked":true}}
{"address":"0x7fb1f807c6f8", "type":"CLASS", "class":"0x7fb1f80bf6d8", "name":"Module", "references":["0x7fb1f80c51c8", "0x7fb1f807c590", "0x7fb1f807c8d8"], "memsize":528, "flags":{"wb_protected":true, "old":true, "uncollectible":true, "marked":true}}
{"address":"0x7fb1f807c720", "type":"STRING", "class":"0x7fb1f80b7578", "frozen":true, "embedded":true, "fstring":true, "bytesize":7, "value":"LOCK_UN", "encoding":"US-ASCII", "memsize":40, "flags":{"wb_protected":true, "old":true, "uncollectible":true, "marked":true}}
{"address":"0x7fb1f807c748", "type":"IMEMO", "imemo_type":"ment", "references":["0x7fb1f807c8d8", "0x7fb1f807e0c0", "0x7fb1f807c7e8"], "memsize":48, "flags":{"wb_protected":true, "old":true, "uncollectible":true, "marked":true}}
{"address":"0x7fb1f807c770", "type":"STRING", "class":"0x7fb1f80b7578", "frozen":true, "embedded":true, "fstring":true, "bytesize":7, "value":"LOCK_EX", "encoding":"US-ASCII", "memsize":40, "flags":{"wb_protected":true, "old":true, "uncollectible":true, "marked":true}}
{"address":"0x7fb1f807c798", "type":"OBJECT", "class":"0x7fb1fb02e860", "ivars":5, "references":["0x7fb1f80dee48", "0x7fb1f807c680", "0x7fb1f807c680"], "memsize":80, "flags":{"wb_protected":true, "old":true, "uncollectible":true, "marked":true}}
{"address":"0x7fb1f807c7c0", "type":"STRING", "class":"0x7fb1f80b7578", "frozen":true, "embedded":true, "fstring":true, "bytesize":7, "value":"LOCK_SH", "encoding":"US-ASCII", "memsize":40, "flags":{"wb_protected":true, "old":true, "uncollectible":true, "marked":true}}
{"address":"0x7fb1f807c7e8", "type":"IMEMO", "class":"0x8", "imemo_type":"cref", "references":["0x7fb1f807c8d8", "0x7fb1f807c9c8"], "memsize":40, "flags":{"wb_protected":true, "old":true, "uncollectible":true, "marked":true}}
{"address":"0x7fb1f807c810", "type":"STRING", "class":"0x7fb1f80b7578", "frozen":true, "embedded":true, "fstring":true, "bytesize":8, "value":"NOFOLLOW", "encoding":"US-ASCII", "memsize":40, "flags":{"wb_protected":true, "old":true, "uncollectible":true, "marked":true}}
{"address":"0x7fb1f807c838", "type":"STRING", "class":"0x7fb1f80b7578", "frozen":true, "embedded":true, "fstring":true, "bytesize":11, "value":"autorequire", "encoding":"US-ASCII", "memsize":40, "flags":{"wb_protected":true, "old":true, "uncollectible":true, "marked":true}}
{"address":"0x7fb1f807c860", "type":"STRING", "class":"0x7fb1f80b7578", "frozen":true, "embedded":true, "fstring":true, "bytesize":5, "value":"DSYNC", "encoding":"US-ASCII", "memsize":40, "flags":{"wb_protected":true, "old":true, "uncollectible":true, "marked":true}}
{"address":"0x7fb1f807c888", "type":"STRING", "class":"0x7fb1f80b7578", "frozen":true, "embedded":true, "bytesize":16, "value":"DidYouMean::Jaro", "encoding":"US-ASCII", "memsize":40, "flags":{"wb_protected":true, "old":true, "uncollectible":true, "marked":true}}
{"address":"0x7fb1f807c8b0", "type":"STRING", "class":"0x7fb1f80b7578", "frozen":true, "embedded":true, "fstring":true, "bytesize":4, "value":"SYNC", "encoding":"US-ASCII", "memsize":40, "flags":{"wb_protected":true, "old":true, "uncollectible":true, "marked":true}}
{"address":"0x7fb1f807c8d8", "type":"MODULE", "class":"0x7fb1f807c6f8", "name":"DidYouMean::Jaro", "references":["0x7fb1f807c748", "0x7fb1f807c888"], "memsize":528, "flags":{"wb_protected":true, "old":true, "uncollectible":true, "marked":true}}
{"address":"0x7fb1f807c900", "type":"STRING", "class":"0x7fb1f80b7578", "frozen":true, "embedded":true, "fstring":true, "bytesize":12, "value":"SHARE_DELETE", "encoding":"US-ASCII", "memsize":40, "flags":{"wb_protected":true, "old":true, "uncollectible":true, "marked":true}}
{"address":"0x7fb1f807c928", "type":"STRING", "class":"0x7fb1f80b7578", "frozen":true, "embedded":true, "fstring":true, "bytesize":7, "value":"authors", "encoding":"US-ASCII", "memsize":40, "flags":{"wb_protected":true, "old":true, "uncollectible":true, "marked":true}}
{"address":"0x7fb1f807c950", "type":"STRING", "class":"0x7fb1f80b7578", "frozen":true, "embedded":true, "fstring":true, "bytesize":6, "value":"BINARY", "encoding":"US-ASCII", "memsize":40, "flags":{"wb_protected":true, "old":true, "uncollectible":true, "marked":true}}
{"address":"0x7fb1f807c978", "type":"STRING", "class":"0x7fb1f80b7578", "frozen":true, "fstring":true, "bytesize":40, "value":"set_not_nil_attributes_to_default_values", "encoding":"US-ASCII", "memsize":81, "flags":{"wb_protected":true, "old":true, "uncollectible":true, "marked":true}}
{"address":"0x7fb1f807c9a0", "type":"STRING", "class":"0x7fb1f80b7578", "frozen":true, "embedded":true, "fstring":true, "bytesize":6, "value":"NOCTTY", "encoding":"US-ASCII", "memsize":40, "flags":{"wb_protected":true, "old":true, "uncollectible":true, "marked":true}}
{"address":"0x7fb1f807c9c8", "type":"IMEMO", "class":"0x8", "imemo_type":"cref", "references":["0x7fb1f8034858", "0x7fb1f807ca68"], "memsize":40, "flags":{"wb_protected":true, "old":true, "uncollectible":true, "marked":true}}
{"address":"0x7fb1f807c9f0", "type":"STRING", "class":"0x7fb1f80b7578", "frozen":true, "embedded":true, "fstring":true, "bytesize":5, "value":"TRUNC", "encoding":"US-ASCII", "memsize":40, "flags":{"wb_protected":true, "old":true, "uncollectible":true, "marked":true}}
{"address":"0x7fb1f807ca18", "type":"STRING", "class":"0x7fb1f80b7578", "frozen":true, "embedded":true, "fstring":true, "bytesize":15, "value":"@@default_value", "encoding":"US-ASCII", "memsize":40, "flags":{"wb_protected":true, "old":true, "uncollectible":true, "marked":true}}
{"address":"0x7fb1f807ca40", "type":"STRING", "class":"0x7fb1f80b7578", "frozen":true, "embedded":true, "fstring":true, "bytesize":8, "value":"NONBLOCK", "encoding":"US-ASCII", "memsize":40, "flags":{"wb_protected":true, "old":true, "uncollectible":true, "marked":true}}
{"address":"0x7fb1f807ca68", "type":"IMEMO", "class":"0x8", "imemo_type":"cref", "references":["0x7fb1f80c5240"], "memsize":40, "flags":{"wb_protected":true, "old":true, "uncollectible":true, "marked":true}}
{"address":"0x7fb1f807ca90", "type":"STRING", "class":"0x7fb1f80b7578", "frozen":true, "embedded":true, "fstring":true, "bytesize":4, "value":"EXCL", "encoding":"US-ASCII", "memsize":40, "flags":{"wb_protected":true, "old":true, "uncollectible":true, "marked":true}}
{"address":"0x7fb1f807cab8", "type":"STRING", "class":"0x7fb1f80b7578", "frozen":true, "fstring":true, "bytesize":25, "value":"set_nil_attributes_to_nil", "encoding":"US-ASCII", "memsize":66, "flags":{"wb_protected":true, "old":true, "uncollectible":true, "marked":true}}
{"address":"0x7fb1f807cae0", "type":"STRING", "class":"0x7fb1f80b7578", "frozen":true, "embedded":true, "fstring":true, "bytesize":5, "value":"CREAT", "encoding":"US-ASCII", "memsize":40, "flags":{"wb_protected":true, "old":true, "uncollectible":true, "marked":true}}
{"address":"0x7fb1f807cb30", "type":"STRING", "class":"0x7fb1f80b7578", "frozen":true, "embedded":true, "fstring":true, "bytesize":6, "value":"APPEND", "encoding":"US-ASCII", "memsize":40, "flags":{"wb_protected":true, "old":true, "uncollectible":true, "marked":true}}
{"address":"0x7fb1f807cb80", "type":"STRING", "class":"0x7fb1f80b7578", "frozen":true, "embedded":true, "fstring":true, "bytesize":4, "value":"RDWR", "encoding":"US-ASCII", "memsize":40, "flags":{"wb_protected":true, "old":true, "uncollectible":true, "marked":true}}
{"address":"0x7fb1f807cbd0", "type":"STRING", "class":"0x7fb1f80b7578", "frozen":true, "embedded":true, "fstring":true, "bytesize":6, "value":"WRONLY", "encoding":"US-ASCII", "memsize":40, "flags":{"wb_protected":true, "old":true, "uncollectible":true, "marked":true}}
{"address":"0x7fb1f807cc20", "type":"STRING", "class":"0x7fb1f80b7578", "frozen":true, "embedded":true, "fstring":true, "bytesize":6, "value":"RDONLY", "encoding":"US-ASCII", "memsize":40, "flags":{"wb_protected":true, "old":true, "uncollectible":true, "marked":true}}
{"address":"0x7fb1f807cc70", "type":"ICLASS", "class":"0x7fb1f807cce8", "references":["0x7fb1f8086b80"], "memsize":40, "flags":{"uncollectible":true, "marked":true}}
{"address":"0x7fb1f807cc98", "type":"STRING", "class":"0x7fb1f80b7578", "frozen":true, "embedded":true, "bytesize":15, "value":"File::Constants", "encoding":"US-ASCII", "memsize":40, "flags":{"wb_protected":true, "old":true, "uncollectible":true, "marked":true}}
{"address":"0x7fb1f807ccc0", "type":"STRING", "class":"0x7fb1f80b7578", "frozen":true, "embedded":true, "fstring":true, "bytesize":7, "value":"summary", "encoding":"US-ASCII", "memsize":40, "flags":{"wb_protected":true, "old":true, "uncollectible":true, "marked":true}}
{"address":"0x7fb1f807cce8", "type":"MODULE", "class":"0x7fb1f80c51c8", "name":"File::Constants", "references":["0x7fb1f807cc98", "0x7fb1f807c6a8"], "memsize":1512, "flags":{"uncollectible":true, "marked":true}}
{"address":"0x7fb1f807cd10", "type":"STRING", "class":"0x7fb1f80b7578", "frozen":true, "embedded":true, "fstring":true, "bytesize":9, "value":"Constants", "encoding":"US-ASCII", "memsize":40, "flags":{"wb_protected":true, "old":true, "uncollectible":true, "marked":true}}
{"address":"0x7fb1f807cd38", "type":"STRING", "class":"0x7fb1f80b7578", "frozen":true, "embedded":true, "fstring":true, "bytesize":12, "value":"@loaded_from", "encoding":"US-ASCII", "memsize":40, "flags":{"wb_protected":true, "old":true, "uncollectible":true, "marked":true}}
{"address":"0x7fb1f807cd60", "type":"IMEMO", "class":"0x7fb1f807f308", "imemo_type":"ment", "memsize":48, "flags":{"wb_protected":true, "old":true, "uncollectible":true, "marked":true}}
{"address":"0x7fb1f807cd88", "type":"STRING", "class":"0x7fb1f80b7578", "frozen":true, "embedded":true, "fstring":true, "bytesize":5, "value":"flock", "encoding":"US-ASCII", "memsize":40, "flags":{"wb_protected":true, "old":true, "uncollectible":true, "marked":true}}
{"address":"0x7fb1f807cdb0", "type":"IMEMO", "imemo_type":"iseq", "references":["0x7fb1fb02c1a0", "0x7fb1f80d66f8", "0x7fb1f80bd888", "0x7fb1f807d080"], "memsize":1248, "flags":{"wb_protected":true, "old":true, "uncollectible":true, "marked":true}}
{"address":"0x7fb1f807cdd8", "type":"IMEMO", "class":"0x7fb1f807f308", "imemo_type":"ment", "memsize":48, "flags":{"wb_protected":true, "old":true, "uncollectible":true, "marked":true}}
{"address":"0x7fb1f807ce00", "type":"IMEMO", "class":"0x7fb1f807f308", "imemo_type":"ment", "memsize":48, "flags":{"wb_protected":true, "old":true, "uncollectible":true, "marked":true}}
{"address":"0x7fb1f807ce28", "type":"IMEMO", "class":"0x7fb1f807f308", "imemo_type":"ment", "memsize":48, "flags":{"wb_protected":true, "old":true, "uncollectible":true, "marked":true}}
{"address":"0x7fb1f807ce50", "type":"IMEMO", "class":"0x7fb1f807f308", "imemo_type":"ment", "memsize":48, "flags":{"wb_protected":true, "old":true, "uncollectible":true, "marked":true}}
{"address":"0x7fb1f807ce78", "type":"IMEMO", "class":"0x7fb1f807f308", "imemo_type":"ment", "memsize":48, "flags":{"wb_protected":true, "old":true, "uncollectible":true, "marked":true}}
{"address":"0x7fb1f807cea0", "type":"IMEMO", "class":"0x7fb1f807f308", "imemo_type":"ment", "memsize":48, "flags":{"wb_protected":true, "old":true, "uncollectible":true, "marked":true}}
{"address":"0x7fb1f807cec8", "type":"IMEMO", "class":"0x7fb1f807f308", "imemo_type":"ment", "memsize":48, "flags":{"wb_protected":true, "old":true, "uncollectible":true, "marked":true}}
{"address":"0x7fb1f807cef0", "type":"IMEMO", "class":"0x7fb1f807f308", "imemo_type":"ment", "memsize":48, "flags":{"wb_protected":true, "old":true, "uncollectible":true, "marked":true}}
{"address":"0x7fb1f807cf18", "type":"IMEMO", "class":"0x7fb1f807f308", "imemo_type":"ment", "memsize":48, "flags":{"wb_protected":true, "old":true, "uncollectible":true, "marked":true}}
{"address":"0x7fb1f807cf40", "type":"IMEMO", "class":"0x7fb1f8086bd0", "imemo_type":"ment", "memsize":48, "flags":{"wb_protected":true, "old":true, "uncollectible":true, "marked":true}}
{"address":"0x7fb1f807cf68", "type":"STRING", "class":"0x7fb1f80b7578", "frozen":true, "embedded":true, "fstring":true, "bytesize":14, "value":"PATH_SEPARATOR", "encoding":"US-ASCII", "memsize":40, "flags":{"wb_protected":true, "old":true, "uncollectible":true, "marked":true}}
{"address":"0x7fb1f807cf90", "type":"STRING", "class":"0x7fb1f80b7578", "frozen":true, "embedded":true, "fstring":true, "bytesize":4, "value":"date", "encoding":"US-ASCII", "memsize":40, "flags":{"wb_protected":true, "old":true, "uncollectible":true, "marked":true}}
{"address":"0x7fb1f807cfb8", "type":"STRING", "class":"0x7fb1f80b7578", "frozen":true, "embedded":true, "fstring":true, "bytesize":13, "value":"ALT_SEPARATOR", "encoding":"US-ASCII", "memsize":40, "flags":{"wb_protected":true, "old":true, "uncollectible":true, "marked":true}}
{"address":"0x7fb1f807d008", "type":"IMEMO", "class":"0x7fb1f807f2e0", "imemo_type":"ment", "memsize":48, "flags":{"wb_protected":true, "old":true, "uncollectible":true, "marked":true}}
{"address":"0x7fb1f807d030", "type":"IMEMO", "class":"0x7fb1f807f2e0", "imemo_type":"ment", "memsize":48, "flags":{"wb_protected":true, "old":true, "uncollectible":true, "marked":true}}
{"address":"0x7fb1f807d058", "type":"STRING", "class":"0x7fb1f80b7578", "frozen":true, "embedded":true, "fstring":true, "bytesize":9, "value":"SEPARATOR", "encoding":"US-ASCII", "memsize":40, "flags":{"wb_protected":true, "old":true, "uncollectible":true, "marked":true}}
{"address":"0x7fb1f807d080", "type":"IMEMO", "imemo_type":"iseq", "references":["0x7fb1f807cdb0", "0x7fb1f80d66f8", "0x7fb1f80d66f8", "0x7fb1f80bd888", "0x7fb1f807cdb0"], "memsize":1992, "flags":{"wb_protected":true, "old":true, "uncollectible":true, "marked":true}}
{"address":"0x7fb1f807d0a8", "type":"STRING", "class":"0x7fb1f80b7578", "frozen":true, "embedded":true, "fstring":true, "bytesize":9, "value":"Separator", "encoding":"US-ASCII", "memsize":40, "flags":{"wb_protected":true, "old":true, "uncollectible":true, "marked":true}}
{"address":"0x7fb1f807d0d0", "type":"ARRAY", "class":"0x7fb1f8097228", "length":1, "embedded":true, "references":["0x7fb1f80f3780"], "memsize":40, "flags":{"wb_protected":true, "old":true, "uncollectible":true, "marked":true}}
{"address":"0x7fb1f807d0f8", "type":"IMEMO", "class":"0x7fb1f807f2e0", "imemo_type":"ment", "memsize":48, "flags":{"wb_protected":true, "old":true, "uncollectible":true, "marked":true}}
{"address":"0x7fb1f807d120", "type":"IMEMO", "class":"0x7fb1f807f2e0", "imemo_type":"ment", "memsize":48, "flags":{"wb_protected":true, "old":true, "uncollectible":true, "marked":true}}
{"address":"0x7fb1f807d148", "type":"STRING", "class":"0x7fb1f80b7578", "frozen":true, "embedded":true, "fstring":true, "bytesize":7, "value":"extname", "encoding":"US-ASCII", "memsize":40, "flags":{"wb_protected":true, "old":true, "uncollectible":true, "marked":true}}
{"address":"0x7fb1f807d170", "type":"STRING", "class":"0x7fb1f80b7578", "frozen":true, "embedded":true, "fstring":true, "bytesize":9, "value":"@base_dir", "encoding":"US-ASCII", "memsize":40, "flags":{"wb_protected":true, "old":true, "uncollectible":true, "marked":true}}
{"address":"0x7fb1f807d198", "type":"IMEMO", "class":"0x7fb1f807f2e0", "imemo_type":"ment", "memsize":48, "flags":{"wb_protected":true, "old":true, "uncollectible":true, "marked":true}}
{"address":"0x7fb1f807d1c0", "type":"STRING", "class":"0x7fb1f80b7578", "frozen":true, "embedded":true, "fstring":true, "bytesize":7, "value":"dirname", "encoding":"US-ASCII", "memsize":40, "flags":{"wb_protected":true, "old":true, "uncollectible":true, "marked":true}}
{"address":"0x7fb1f807d1e8", "type":"STRING", "class":"0x7fb1f80b7578", "frozen":true, "embedded":true, "fstring":true, "bytesize":21, "value":"specification_version", "encoding":"US-ASCII", "memsize":40, "flags":{"wb_protected":true, "old":true, "uncollectible":true, "marked":true}}
{"address":"0x7fb1f807d210", "type":"IMEMO", "class":"0x7fb1f807f2e0", "imemo_type":"ment", "memsize":48, "flags":{"wb_protected":true, "old":true, "uncollectible":true, "marked":true}}
{"address":"0x7fb1f807d238", "type":"STRING", "class":"0x7fb1f80b7578", "frozen":true, "embedded":true, "fstring":true, "bytesize":8, "value":"basename", "encoding":"US-ASCII", "memsize":40, "flags":{"wb_protected":true, "old":true, "uncollectible":true, "marked":true}}
{"address":"0x7fb1f807d288", "type":"IMEMO", "class":"0x7fb1f807f2e0", "imemo_type":"ment", "memsize":48, "flags":{"wb_protected":true, "old":true, "uncollectible":true, "marked":true}}
{"address":"0x7fb1f807d2b0", "type":"STRING", "class":"0x7fb1f80b7578", "frozen":true, "embedded":true, "fstring":true, "bytesize":11, "value":"realdirpath", "encoding":"US-ASCII", "memsize":40, "flags":{"wb_protected":true, "old":true, "uncollectible":true, "marked":true}}
{"address":"0x7fb1f807d2d8", "type":"OBJECT", "class":"0x7fb1f80e0680", "ivars":3, "references":["0x7fb1f807d0d0"], "memsize":40, "flags":{"wb_protected":true, "old":true, "uncollectible":true, "marked":true}}
{"address":"0x7fb1f807d300", "type":"IMEMO", "class":"0x7fb1f807f2e0", "imemo_type":"ment", "memsize":48, "flags":{"wb_protected":true, "old":true, "uncollectible":true, "marked":true}}
{"address":"0x7fb1f807d328", "type":"STRING", "class":"0x7fb1f80b7578", "frozen":true, "embedded":true, "fstring":true, "bytesize":8, "value":"realpath", "encoding":"US-ASCII", "memsize":40, "flags":{"wb_protected":true, "old":true, "uncollectible":true, "marked":true}}
{"address":"0x7fb1f807d350", "type":"STRING", "class":"0x7fb1f80b7578", "frozen":true, "embedded":true, "fstring":true, "bytesize":21, "value":"@@required_attributes", "encoding":"US-ASCII", "memsize":40, "flags":{"wb_protected":true, "old":true, "uncollectible":true, "marked":true}}
{"address":"0x7fb1f807d378", "type":"IMEMO", "class":"0x7fb1f807f2e0", "imemo_type":"ment", "memsize":48, "flags":{"wb_protected":true, "old":true, "uncollectible":true, "marked":true}}
{"address":"0x7fb1f807d3a0", "type":"STRING", "class":"0x7fb1f80b7578", "frozen":true, "embedded":true, "fstring":true, "bytesize":14, "value":"absolute_path?", "encoding":"US-ASCII", "memsize":40, "flags":{"wb_protected":true, "old":true, "uncollectible":true, "marked":true}}
{"address":"0x7fb1f807d3f0", "type":"IMEMO", "class":"0x7fb1f807f2e0", "imemo_type":"ment", "memsize":48, "flags":{"wb_protected":true, "old":true, "uncollectible":true, "marked":true}}
{"address":"0x7fb1f807d418", "type":"STRING", "class":"0x7fb1f80b7578", "frozen":true, "embedded":true, "fstring":true, "bytesize":13, "value":"absolute_path", "encoding":"US-ASCII", "memsize":40, "flags":{"wb_protected":true, "old":true, "uncollectible":true, "marked":true}}
{"address":"0x7fb1f807d468", "type":"IMEMO", "class":"0x7fb1f807f2e0", "imemo_type":"ment", "memsize":48, "flags":{"wb_protected":true, "old":true, "uncollectible":true, "marked":true}}
{"address":"0x7fb1f807d490", "type":"STRING", "class":"0x7fb1f80b7578", "frozen":true, "embedded":true, "fstring":true, "bytesize":11, "value":"expand_path", "encoding":"US-ASCII", "memsize":40, "flags":{"wb_protected":true, "old":true, "uncollectible":true, "marked":true}}
{"address":"0x7fb1f807d4b8", "type":"OBJECT", "class":"0x7fb1fb02e860", "ivars":5, "references":["0x7fb1f8087490", "0x7fb1f807d2d8", "0x7fb1f807d2d8"], "memsize":80, "flags":{"wb_protected":true, "old":true, "uncollectible":true, "marked":true}}
{"address":"0x7fb1f807d4e0", "type":"IMEMO", "class":"0x7fb1f807f2e0", "imemo_type":"ment", "memsize":48, "flags":{"wb_protected":true, "old":true, "uncollectible":true, "marked":true}}
{"address":"0x7fb1f807d508", "type":"STRING", "class":"0x7fb1f80b7578", "frozen":true, "embedded":true, "fstring":true, "bytesize":6, "value":"mkfifo", "encoding":"US-ASCII", "memsize":40, "flags":{"wb_protected":true, "old":true, "uncollectible":true, "marked":true}}
{"address":"0x7fb1f807d558", "type":"IMEMO", "class":"0x7fb1f807f2e0", "imemo_type":"ment", "memsize":48, "flags":{"wb_protected":true, "old":true, "uncollectible":true, "marked":true}}
{"address":"0x7fb1f807d580", "type":"IMEMO", "class":"0x7fb1f807f2e0", "imemo_type":"ment", "memsize":48, "flags":{"wb_protected":true, "old":true, "uncollectible":true, "marked":true}}
{"address":"0x7fb1f807d5a8", "type":"STRING", "class":"0x7fb1f80b7578", "frozen":true, "embedded":true, "fstring":true, "bytesize":5, "value":"umask", "encoding":"US-ASCII", "memsize":40, "flags":{"wb_protected":true, "old":true, "uncollectible":true, "marked":true}}
{"address":"0x7fb1f807d5f8", "type":"IMEMO", "class":"0x7fb1f807f2e0", "imemo_type":"ment", "memsize":48, "flags":{"wb_protected":true, "old":true, "uncollectible":true, "marked":true}}
{"address":"0x7fb1f807d620", "type":"STRING", "class":"0x7fb1f80b7578", "frozen":true, "embedded":true, "fstring":true, "bytesize":6, "value":"rename", "encoding":"US-ASCII", "memsize":40, "flags":{"wb_protected":true, "old":true, "uncollectible":true, "marked":true}}
{"address":"0x7fb1f807d670", "type":"IMEMO", "class":"0x7fb1f807f2e0", "imemo_type":"ment", "memsize":48, "flags":{"wb_protected":true, "old":true, "uncollectible":true, "marked":true}}
{"address":"0x7fb1f807d698", "type":"IMEMO", "class":"0x7fb1f807f2e0", "imemo_type":"ment", "memsize":48, "flags":{"wb_protected":true, "old":true, "uncollectible":true, "marked":true}}
{"address":"0x7fb1f807d6c0", "type":"STRING", "class":"0x7fb1f80b7578", "frozen":true, "embedded":true, "fstring":true, "bytesize":6, "value":"unlink", "encoding":"US-ASCII", "memsize":40, "flags":{"wb_protected":true, "old":true, "uncollectible":true, "marked":true}}
{"address":"0x7fb1f807d710", "type":"IMEMO", "class":"0x7fb1f807f2e0", "imemo_type":"ment", "memsize":48, "flags":{"wb_protected":true, "old":true, "uncollectible":true, "marked":true}}
{"address":"0x7fb1f807d738", "type":"STRING", "class":"0x7fb1f80b7578", "frozen":true, "embedded":true, "fstring":true, "bytesize":8, "value":"readlink", "encoding":"US-ASCII", "memsize":40, "flags":{"wb_protected":true, "old":true, "uncollectible":true, "marked":true}}
{"address":"0x7fb1f807d788", "type":"IMEMO", "class":"0x7fb1f807f2e0", "imemo_type":"ment", "memsize":48, "flags":{"wb_protected":true, "old":true, "uncollectible":true, "marked":true}}
{"address":"0x7fb1f807d7b0", "type":"STRING", "class":"0x7fb1f80b7578", "frozen":true, "embedded":true, "fstring":true, "bytesize":7, "value":"symlink", "encoding":"US-ASCII", "memsize":40, "flags":{"wb_protected":true, "old":true, "uncollectible":true, "marked":true}}
{"address":"0x7fb1f807d7d8", "type":"STRING", "class":"0x7fb1f80b7578", "frozen":true, "embedded":true, "fstring":true, "bytesize":22, "value":"\\A[a-zA-Z0-9\\.\\-\\_]+\\z", "encoding":"US-ASCII", "memsize":40, "flags":{"wb_protected":true, "old":true, "uncollectible":true, "marked":true}}
{"address":"0x7fb1f807d800", "type":"IMEMO", "class":"0x7fb1f807f2e0", "imemo_type":"ment", "memsize":48, "flags":{"wb_protected":true, "old":true, "uncollectible":true, "marked":true}}
{"address":"0x7fb1f807d828", "type":"STRING", "class":"0x7fb1f80b7578", "frozen":true, "embedded":true, "fstring":true, "bytesize":4, "value":"link", "encoding":"US-ASCII", "memsize":40, "flags":{"wb_protected":true, "old":true, "uncollectible":true, "marked":true}}
{"address":"0x7fb1f807d878", "type":"IMEMO", "class":"0x7fb1f807f2e0", "imemo_type":"ment", "memsize":48, "flags":{"wb_protected":true, "old":true, "uncollectible":true, "marked":true}}
{"address":"0x7fb1f807d8a0", "type":"STRING", "class":"0x7fb1f80b7578", "frozen":true, "embedded":true, "fstring":true, "bytesize":6, "value":"lutime", "encoding":"US-ASCII", "memsize":40, "flags":{"wb_protected":true, "old":true, "uncollectible":true, "marked":true}}
{"address":"0x7fb1f807d8c8", "type":"STRING", "class":"0x7fb1f80b7578", "shared":true, "encoding":"UTF-8", "references":["0x7fb1f8087c10"], "memsize":40, "flags":{"wb_protected":true, "old":true, "uncollectible":true, "marked":true}}
{"address":"0x7fb1f807d8f0", "type":"IMEMO", "class":"0x7fb1f807f2e0", "imemo_type":"ment", "memsize":48, "flags":{"wb_protected":true, "old":true, "uncollectible":true, "marked":true}}
{"address":"0x7fb1f807d918", "type":"STRING", "class":"0x7fb1f80b7578", "frozen":true, "embedded":true, "fstring":true, "bytesize":6, "value":"lchown", "encoding":"US-ASCII", "memsize":40, "flags":{"wb_protected":true, "old":true, "uncollectible":true, "marked":true}}
{"address":"0x7fb1f807d940", "type":"REGEXP", "class":"0x7fb1f808ea60", "frozen":true, "references":["0x7fb1f807d7d8"], "memsize":576, "flags":{"wb_protected":true, "old":true, "uncollectible":true, "marked":true}}
{"address":"0x7fb1f807d968", "type":"IMEMO", "class":"0x7fb1f807f2e0", "imemo_type":"ment", "memsize":48, "flags":{"wb_protected":true, "old":true, "uncollectible":true, "marked":true}}
{"address":"0x7fb1f807d990", "type":"STRING", "class":"0x7fb1f80b7578", "frozen":true, "embedded":true, "fstring":true, "bytesize":6, "value":"lchmod", "encoding":"US-ASCII", "memsize":40, "flags":{"wb_protected":true, "old":true, "uncollectible":true, "marked":true}}
{"address":"0x7fb1f807d9e0", "type":"IMEMO", "class":"0x7fb1f807f2e0", "imemo_type":"ment", "memsize":48, "flags":{"wb_protected":true, "old":true, "uncollectible":true, "marked":true}}
{"address":"0x7fb1f807da08", "type":"STRING", "class":"0x7fb1f80b7578", "frozen":true, "embedded":true, "fstring":true, "bytesize":5, "value":"chown", "encoding":"US-ASCII", "memsize":40, "flags":{"wb_protected":true, "old":true, "uncollectible":true, "marked":true}}
{"address":"0x7fb1f807da30", "type":"STRING", "class":"0x7fb1f80b7578", "frozen":true, "embedded":true, "fstring":true, "bytesize":4, "value":"item", "encoding":"US-ASCII", "memsize":40, "flags":{"wb_protected":true, "old":true, "uncollectible":true, "marked":true}}
{"address":"0x7fb1f807da58", "type":"IMEMO", "class":"0x7fb1f807f2e0", "imemo_type":"ment", "memsize":48, "flags":{"wb_protected":true, "old":true, "uncollectible":true, "marked":true}}
{"address":"0x7fb1f807da80", "type":"STRING", "class":"0x7fb1f80b7578", "frozen":true, "embedded":true, "fstring":true, "bytesize":5, "value":"chmod", "encoding":"US-ASCII", "memsize":40, "flags":{"wb_protected":true, "old":true, "uncollectible":true, "marked":true}}
{"address":"0x7fb1f807daa8", "type":"STRING", "class":"0x7fb1f80b7578", "frozen":true, "embedded":true, "fstring":true, "bytesize":18, "value":"VALID_NAME_PATTERN", "encoding":"US-ASCII", "memsize":40, "flags":{"wb_protected":true, "old":true, "uncollectible":true, "marked":true}}
{"address":"0x7fb1f807dad0", "type":"IMEMO", "class":"0x7fb1f807f2e0", "imemo_type":"ment", "memsize":48, "flags":{"wb_protected":true, "old":true, "uncollectible":true, "marked":true}}
{"address":"0x7fb1f807daf8", "type":"STRING", "class":"0x7fb1f80b7578", "frozen":true, "embedded":true, "fstring":true, "bytesize":5, "value":"utime", "encoding":"US-ASCII", "memsize":40, "flags":{"wb_protected":true, "old":true, "uncollectible":true, "marked":true}}
{"address":"0x7fb1f807db48", "type":"IMEMO", "class":"0x7fb1f807f2e0", "imemo_type":"ment", "memsize":48, "flags":{"wb_protected":true, "old":true, "uncollectible":true, "marked":true}}
{"address":"0x7fb1f807db70", "type":"STRING", "class":"0x7fb1f80b7578", "frozen":true, "embedded":true, "fstring":true, "bytesize":9, "value":"birthtime", "encoding":"US-ASCII", "memsize":40, "flags":{"wb_protected":true, "old":true, "uncollectible":true, "marked":true}}
{"address":"0x7fb1f807dbc0", "type":"IMEMO", "class":"0x7fb1f807f2e0", "imemo_type":"ment", "memsize":48, "flags":{"wb_protected":true, "old":true, "uncollectible":true, "marked":true}}
{"address":"0x7fb1f807dbe8", "type":"STRING", "class":"0x7fb1f80b7578", "frozen":true, "embedded":true, "fstring":true, "bytesize":5, "value":"ctime", "encoding":"US-ASCII", "memsize":40, "flags":{"wb_protected":true, "old":true, "uncollectible":true, "marked":true}}
{"address":"0x7fb1f807dc38", "type":"IMEMO", "class":"0x7fb1f807f2e0", "imemo_type":"ment", "memsize":48, "flags":{"wb_protected":true, "old":true, "uncollectible":true, "marked":true}}
{"address":"0x7fb1f807dc60", "type":"STRING", "class":"0x7fb1f80b7578", "frozen":true, "embedded":true, "fstring":true, "bytesize":5, "value":"mtime", "encoding":"US-ASCII", "memsize":40, "flags":{"wb_protected":true, "old":true, "uncollectible":true, "marked":true}}
{"address":"0x7fb1f807dc88", "type":"ARRAY", "class":"0x7fb1f8097228", "length":2, "embedded":true, "references":["0x7fb1f807ddf0", "0x7fb1f80ddca0"], "memsize":40, "flags":{"wb_protected":true, "old":true, "uncollectible":true, "marked":true}}
{"address":"0x7fb1f807dcb0", "type":"IMEMO", "class":"0x7fb1f807f2e0", "imemo_type":"ment", "memsize":48, "flags":{"wb_protected":true, "old":true, "uncollectible":true, "marked":true}}
{"address":"0x7fb1f807dcd8", "type":"STRING", "class":"0x7fb1f80b7578", "frozen":true, "embedded":true, "fstring":true, "bytesize":5, "value":"atime", "encoding":"US-ASCII", "memsize":40, "flags":{"wb_protected":true, "old":true, "uncollectible":true, "marked":true}}
{"address":"0x7fb1f807dd28", "type":"IMEMO", "class":"0x7fb1f807f2e0", "imemo_type":"ment", "memsize":48, "flags":{"wb_protected":true, "old":true, "uncollectible":true, "marked":true}}
{"address":"0x7fb1f807dd50", "type":"STRING", "class":"0x7fb1f80b7578", "frozen":true, "embedded":true, "fstring":true, "bytesize":5, "value":"ftype", "encoding":"US-ASCII", "memsize":40, "flags":{"wb_protected":true, "old":true, "uncollectible":true, "marked":true}}
{"address":"0x7fb1f807dd78", "type":"STRING", "class":"0x7fb1f80b7578", "frozen":true, "embedded":true, "fstring":true, "bytesize":16, "value":"LOAD_CACHE_MUTEX", "encoding":"US-ASCII", "memsize":40, "flags":{"wb_protected":true, "old":true, "uncollectible":true, "marked":true}}
{"address":"0x7fb1f807dda0", "type":"IMEMO", "class":"0x7fb1f807f2e0", "imemo_type":"ment", "memsize":48, "flags":{"wb_protected":true, "old":true, "uncollectible":true, "marked":true}}
{"address":"0x7fb1f807ddc8", "type":"STRING", "class":"0x7fb1f80b7578", "frozen":true, "embedded":true, "fstring":true, "bytesize":5, "value":"lstat", "encoding":"US-ASCII", "memsize":40, "flags":{"wb_protected":true, "old":true, "uncollectible":true, "marked":true}}
{"address":"0x7fb1f807ddf0", "type":"STRING", "class":"0x7fb1f80b7578", "embedded":true, "bytesize":2, "value":">=", "encoding":"UTF-8", "memsize":40, "flags":{"wb_protected":true, "old":true, "uncollectible":true, "marked":true}}
{"address":"0x7fb1f807de18", "type":"IMEMO", "class":"0x7fb1f807f2e0", "imemo_type":"ment", "memsize":48, "flags":{"wb_protected":true, "old":true, "uncollectible":true, "marked":true}}
{"address":"0x7fb1f807de40", "type":"STRING", "class":"0x7fb1f80b7578", "frozen":true, "embedded":true, "fstring":true, "bytesize":4, "value":"stat", "encoding":"US-ASCII", "memsize":40, "flags":{"wb_protected":true, "old":true, "uncollectible":true, "marked":true}}
{"address":"0x7fb1f807de90", "type":"IMEMO", "class":"0x7fb1f807f2e0", "imemo_type":"ment", "memsize":48, "flags":{"wb_protected":true, "old":true, "uncollectible":true, "marked":true}}
{"address":"0x7fb1f807deb8", "type":"IMEMO", "class":"0x7fb1f807f240", "imemo_type":"ment", "memsize":48, "flags":{"wb_protected":true, "old":true, "uncollectible":true, "marked":true}}
{"address":"0x7fb1f807dee0", "type":"IMEMO", "imemo_type":"ment", "references":["0x7fb1f807f380"], "memsize":48, "flags":{"wb_protected":true, "old":true, "uncollectible":true, "marked":true}}
{"address":"0x7fb1f807df08", "type":"STRING", "class":"0x7fb1f80b7578", "frozen":true, "embedded":true, "fstring":true, "bytesize":10, "value":"identical?", "encoding":"US-ASCII", "memsize":40, "flags":{"wb_protected":true, "old":true, "uncollectible":true, "marked":true}}
{"address":"0x7fb1f807df58", "type":"IMEMO", "class":"0x7fb1f807f2e0", "imemo_type":"ment", "memsize":48, "flags":{"wb_protected":true, "old":true, "uncollectible":true, "marked":true}}
{"address":"0x7fb1f807df80", "type":"IMEMO", "class":"0x7fb1f807f240", "imemo_type":"ment", "memsize":48, "flags":{"wb_protected":true, "old":true, "uncollectible":true, "marked":true}}
{"address":"0x7fb1f807dfa8", "type":"IMEMO", "imemo_type":"ment", "references":["0x7fb1f807f380"], "memsize":48, "flags":{"wb_protected":true, "old":true, "uncollectible":true, "marked":true}}
{"address":"0x7fb1f807dfd0", "type":"STRING", "class":"0x7fb1f80b7578", "frozen":true, "embedded":true, "fstring":true, "bytesize":7, "value":"sticky?", "encoding":"US-ASCII", "memsize":40, "flags":{"wb_protected":true, "old":true, "uncollectible":true, "marked":true}}
{"address":"0x7fb1f807dff8", "type":"STRING", "class":"0x7fb1f80b7578", "frozen":true, "embedded":true, "fstring":true, "bytesize":10, "value":"LOAD_CACHE", "encoding":"US-ASCII", "memsize":40, "flags":{"wb_protected":true, "old":true, "uncollectible":true, "marked":true}}
{"address":"0x7fb1f807e020", "type":"IMEMO", "class":"0x7fb1f807f2e0", "imemo_type":"ment", "memsize":48, "flags":{"wb_protected":true, "old":true, "uncollectible":true, "marked":true}}
{"address":"0x7fb1f807e048", "type":"IMEMO", "class":"0x7fb1f807f240", "imemo_type":"ment", "memsize":48, "flags":{"wb_protected":true, "old":true, "uncollectible":true, "marked":true}}
{"address":"0x7fb1f807e070", "type":"IMEMO", "imemo_type":"ment", "references":["0x7fb1f807f380"], "memsize":48, "flags":{"wb_protected":true, "old":true, "uncollectible":true, "marked":true}}
{"address":"0x7fb1f807e098", "type":"STRING", "class":"0x7fb1f80b7578", "frozen":true, "embedded":true, "fstring":true, "bytesize":7, "value":"setgid?", "encoding":"US-ASCII", "memsize":40, "flags":{"wb_protected":true, "old":true, "uncollectible":true, "marked":true}}
{"address":"0x7fb1f807e0c0", "type":"IMEMO", "imemo_type":"iseq", "references":["0x7fb1f80d66f8", "0x7fb1f80d66f8", "0x7fb1f80bd888"], "memsize":9280, "flags":{"wb_protected":true, "old":true, "uncollectible":true, "marked":true}}
{"address":"0x7fb1f807e0e8", "type":"IMEMO", "class":"0x7fb1f807f2e0", "imemo_type":"ment", "memsize":48, "flags":{"wb_protected":true, "old":true, "uncollectible":true, "marked":true}}
{"address":"0x7fb1f807e110", "type":"IMEMO", "class":"0x7fb1f807f240", "imemo_type":"ment", "memsize":48, "flags":{"wb_protected":true, "old":true, "uncollectible":true, "marked":true}}
{"address":"0x7fb1f807e138", "type":"IMEMO", "imemo_type":"ment", "references":["0x7fb1f807f380"], "memsize":48, "flags":{"wb_protected":true, "old":true, "uncollectible":true, "marked":true}}
{"address":"0x7fb1f807e160", "type":"STRING", "class":"0x7fb1f80b7578", "frozen":true, "embedded":true, "fstring":true, "bytesize":7, "value":"setuid?", "encoding":"US-ASCII", "memsize":40, "flags":{"wb_protected":true, "old":true, "uncollectible":true, "marked":true}}
{"address":"0x7fb1f807e1b0", "type":"IMEMO", "class":"0x7fb1f807f2e0", "imemo_type":"ment", "memsize":48, "flags":{"wb_protected":true, "old":true, "uncollectible":true, "marked":true}}
{"address":"0x7fb1f807e1d8", "type":"IMEMO", "class":"0x7fb1f807f240", "imemo_type":"ment", "memsize":48, "flags":{"wb_protected":true, "old":true, "uncollectible":true, "marked":true}}
{"address":"0x7fb1f807e200", "type":"IMEMO", "imemo_type":"ment", "references":["0x7fb1f807f380"], "memsize":48, "flags":{"wb_protected":true, "old":true, "uncollectible":true, "marked":true}}
{"address":"0x7fb1f807e228", "type":"STRING", "class":"0x7fb1f80b7578", "frozen":true, "embedded":true, "fstring":true, "bytesize":8, "value":"chardev?", "encoding":"US-ASCII", "memsize":40, "flags":{"wb_protected":true, "old":true, "uncollectible":true, "marked":true}}
{"address":"0x7fb1f807e278", "type":"IMEMO", "class":"0x7fb1f807f2e0", "imemo_type":"ment", "memsize":48, "flags":{"wb_protected":true, "old":true, "uncollectible":true, "marked":true}}
{"address":"0x7fb1f807e2a0", "type":"IMEMO", "class":"0x7fb1f807f240", "imemo_type":"ment", "memsize":48, "flags":{"wb_protected":true, "old":true, "uncollectible":true, "marked":true}}
{"address":"0x7fb1f807e2c8", "type":"IMEMO", "imemo_type":"ment", "references":["0x7fb1f807f380"], "memsize":48, "flags":{"wb_protected":true, "old":true, "uncollectible":true, "marked":true}}
{"address":"0x7fb1f807e2f0", "type":"STRING", "class":"0x7fb1f80b7578", "frozen":true, "embedded":true, "fstring":true, "bytesize":9, "value":"blockdev?", "encoding":"US-ASCII", "memsize":40, "flags":{"wb_protected":true, "old":true, "uncollectible":true, "marked":true}}
{"address":"0x7fb1f807e340", "type":"IMEMO", "class":"0x7fb1f807f2e0", "imemo_type":"ment", "memsize":48, "flags":{"wb_protected":true, "old":true, "uncollectible":true, "marked":true}}
{"address":"0x7fb1f807e368", "type":"IMEMO", "class":"0x7fb1f807f240", "imemo_type":"ment", "memsize":48, "flags":{"wb_protected":true, "old":true, "uncollectible":true, "marked":true}}
{"address":"0x7fb1f807e390", "type":"IMEMO", "imemo_type":"ment", "references":["0x7fb1f807f380"], "memsize":48, "flags":{"wb_protected":true, "old":true, "uncollectible":true, "marked":true}}
{"address":"0x7fb1f807e3b8", "type":"STRING", "class":"0x7fb1f80b7578", "frozen":true, "embedded":true, "fstring":true, "bytesize":7, "value":"socket?", "encoding":"US-ASCII", "memsize":40, "flags":{"wb_protected":true, "old":true, "uncollectible":true, "marked":true}}
{"address":"0x7fb1f807e3e0", "type":"STRING", "class":"0x7fb1f80b7578", "frozen":true, "embedded":true, "fstring":true, "bytesize":5, "value":"TODAY", "encoding":"US-ASCII", "memsize":40, "flags":{"wb_protected":true, "old":true, "uncollectible":true, "marked":true}}
{"address":"0x7fb1f807e408", "type":"IMEMO", "class":"0x7fb1f807f2e0", "imemo_type":"ment", "memsize":48, "flags":{"wb_protected":true, "old":true, "uncollectible":true, "marked":true}}
{"address":"0x7fb1f807e430", "type":"IMEMO", "class":"0x7fb1f807f240", "imemo_type":"ment", "memsize":48, "flags":{"wb_protected":true, "old":true, "uncollectible":true, "marked":true}}
{"address":"0x7fb1f807e458", "type":"IMEMO", "imemo_type":"ment", "references":["0x7fb1f807f380"], "memsize":48, "flags":{"wb_protected":true, "old":true, "uncollectible":true, "marked":true}}
{"address":"0x7fb1f807e480", "type":"STRING", "class":"0x7fb1f80b7578", "frozen":true, "embedded":true, "fstring":true, "bytesize":8, "value":"symlink?", "encoding":"US-ASCII", "memsize":40, "flags":{"wb_protected":true, "old":true, "uncollectible":true, "marked":true}}
{"address":"0x7fb1f807e4a8", "type":"ARRAY", "class":"0x7fb1f8097228", "length":1, "embedded":true, "references":["0x7fb1f807dc88"], "memsize":40, "flags":{"wb_protected":true, "old":true, "uncollectible":true, "marked":true}}
{"address":"0x7fb1f807e4d0", "type":"IMEMO", "class":"0x7fb1f807f2e0", "imemo_type":"ment", "memsize":48, "flags":{"wb_protected":true, "old":true, "uncollectible":true, "marked":true}}
{"address":"0x7fb1f807e4f8", "type":"IMEMO", "class":"0x7fb1f807f240", "imemo_type":"ment", "memsize":48, "flags":{"wb_protected":true, "old":true, "uncollectible":true, "marked":true}}
{"address":"0x7fb1f807e520", "type":"IMEMO", "imemo_type":"ment", "references":["0x7fb1f807f380"], "memsize":48, "flags":{"wb_protected":true, "old":true, "uncollectible":true, "marked":true}}
{"address":"0x7fb1f807e548", "type":"STRING", "class":"0x7fb1f80b7578", "frozen":true, "embedded":true, "fstring":true, "bytesize":5, "value":"pipe?", "encoding":"US-ASCII", "memsize":40, "flags":{"wb_protected":true, "old":true, "uncollectible":true, "marked":true}}
{"address":"0x7fb1f807e598", "type":"IMEMO", "class":"0x7fb1f807f2e0", "imemo_type":"ment", "memsize":48, "flags":{"wb_protected":true, "old":true, "uncollectible":true, "marked":true}}
{"address":"0x7fb1f807e5c0", "type":"IMEMO", "class":"0x7fb1f807f240", "imemo_type":"ment", "memsize":48, "flags":{"wb_protected":true, "old":true, "uncollectible":true, "marked":true}}
{"address":"0x7fb1f807e5e8", "type":"IMEMO", "imemo_type":"ment", "references":["0x7fb1f807f380"], "memsize":48, "flags":{"wb_protected":true, "old":true, "uncollectible":true, "marked":true}}
{"address":"0x7fb1f807e610", "type":"STRING", "class":"0x7fb1f80b7578", "frozen":true, "embedded":true, "fstring":true, "bytesize":9, "value":"grpowned?", "encoding":"US-ASCII", "memsize":40, "flags":{"wb_protected":true, "old":true, "uncollectible":true, "marked":true}}
{"address":"0x7fb1f807e638", "type":"STRING", "class":"0x7fb1f80b7578", "frozen":true, "embedded":true, "fstring":true, "bytesize":5, "value":"today", "encoding":"US-ASCII", "memsize":40, "flags":{"wb_protected":true, "old":true, "uncollectible":true, "marked":true}}
{"address":"0x7fb1f807e660", "type":"IMEMO", "class":"0x7fb1f807f2e0", "imemo_type":"ment", "memsize":48, "flags":{"wb_protected":true, "old":true, "uncollectible":true, "marked":true}}
{"address":"0x7fb1f807e688", "type":"IMEMO", "class":"0x7fb1f807f240", "imemo_type":"ment", "memsize":48, "flags":{"wb_protected":true, "old":true, "uncollectible":true, "marked":true}}
{"address":"0x7fb1f807e6b0", "type":"IMEMO", "imemo_type":"ment", "references":["0x7fb1f807f380"], "memsize":48, "flags":{"wb_protected":true, "old":true, "uncollectible":true, "marked":true}}
{"address":"0x7fb1f807e6d8", "type":"STRING", "class":"0x7fb1f80b7578", "frozen":true, "embedded":true, "fstring":true, "bytesize":6, "value":"owned?", "encoding":"US-ASCII", "memsize":40, "flags":{"wb_protected":true, "old":true, "uncollectible":true, "marked":true}}
{"address":"0x7fb1f807e700", "type":"OBJECT", "class":"0x7fb1f80e0680", "ivars":3, "references":["0x7fb1f807e4a8"], "memsize":40, "flags":{"wb_protected":true, "old":true, "uncollectible":true, "marked":true}}
{"address":"0x7fb1f807e728", "type":"IMEMO", "class":"0x7fb1f807f2e0", "imemo_type":"ment", "memsize":48, "flags":{"wb_protected":true, "old":true, "uncollectible":true, "marked":true}}
{"address":"0x7fb1f807e750", "type":"IMEMO", "class":"0x7fb1f807f240", "imemo_type":"ment", "memsize":48, "flags":{"wb_protected":true, "old":true, "uncollectible":true, "marked":true}}
{"address":"0x7fb1f807e778", "type":"IMEMO", "imemo_type":"ment", "references":["0x7fb1f807f380"], "memsize":48, "flags":{"wb_protected":true, "old":true, "uncollectible":true, "marked":true}}
{"address":"0x7fb1f807e7a0", "type":"IMEMO", "class":"0x7fb1f807f2e0", "imemo_type":"ment", "memsize":48, "flags":{"wb_protected":true, "old":true, "uncollectible":true, "marked":true}}
{"address":"0x7fb1f807e7c8", "type":"IMEMO", "class":"0x7fb1f807f240", "imemo_type":"ment", "memsize":48, "flags":{"wb_protected":true, "old":true, "uncollectible":true, "marked":true}}
{"address":"0x7fb1f807e7f0", "type":"IMEMO", "imemo_type":"ment", "references":["0x7fb1f807f380"], "memsize":48, "flags":{"wb_protected":true, "old":true, "uncollectible":true, "marked":true}}
{"address":"0x7fb1f807e818", "type":"STRING", "class":"0x7fb1f80b7578", "frozen":true, "embedded":true, "fstring":true, "bytesize":5, "value":"size?", "encoding":"US-ASCII", "memsize":40, "flags":{"wb_protected":true, "old":true, "uncollectible":true, "marked":true}}
{"address":"0x7fb1f807e840", "type":"ARRAY", "class":"0x7fb1f8097228", "length":1, "embedded":true, "references":["0x7fb1f80e2ac0"], "memsize":40, "flags":{"wb_protected":true, "old":true, "uncollectible":true, "marked":true}}
{"address":"0x7fb1f807e868", "type":"IMEMO", "class":"0x7fb1f807f2e0", "imemo_type":"ment", "memsize":48, "flags":{"wb_protected":true, "old":true, "uncollectible":true, "marked":true}}
{"address":"0x7fb1f807e890", "type":"IMEMO", "class":"0x7fb1f807f240", "imemo_type":"ment", "memsize":48, "flags":{"wb_protected":true, "old":true, "uncollectible":true, "marked":true}}
{"address":"0x7fb1f807e8b8", "type":"IMEMO", "imemo_type":"ment", "references":["0x7fb1f807f380"], "memsize":48, "flags":{"wb_protected":true, "old":true, "uncollectible":true, "marked":true}}
{"address":"0x7fb1f807e8e0", "type":"IMEMO", "class":"0x7fb1f807f2e0", "imemo_type":"ment", "memsize":48, "flags":{"wb_protected":true, "old":true, "uncollectible":true, "marked":true}}
{"address":"0x7fb1f807e908", "type":"IMEMO", "class":"0x7fb1f807f240", "imemo_type":"ment", "memsize":48, "flags":{"wb_protected":true, "old":true, "uncollectible":true, "marked":true}}
{"address":"0x7fb1f807e930", "type":"IMEMO", "imemo_type":"ment", "references":["0x7fb1f807f380"], "memsize":48, "flags":{"wb_protected":true, "old":true, "uncollectible":true, "marked":true}}
{"address":"0x7fb1f807e958", "type":"IMEMO", "class":"0x7fb1f807f2e0", "imemo_type":"ment", "memsize":48, "flags":{"wb_protected":true, "old":true, "uncollectible":true, "marked":true}}
{"address":"0x7fb1f807e980", "type":"IMEMO", "class":"0x7fb1f807f240", "imemo_type":"ment", "memsize":48, "flags":{"wb_protected":true, "old":true, "uncollectible":true, "marked":true}}
{"address":"0x7fb1f807e9a8", "type":"IMEMO", "imemo_type":"ment", "references":["0x7fb1f807f380"], "memsize":48, "flags":{"wb_protected":true, "old":true, "uncollectible":true, "marked":true}}
{"address":"0x7fb1f807e9d0", "type":"STRING", "class":"0x7fb1f80b7578", "frozen":true, "embedded":true, "fstring":true, "bytesize":5, "value":"file?", "encoding":"US-ASCII", "memsize":40, "flags":{"wb_protected":true, "old":true, "uncollectible":true, "marked":true}}
{"address":"0x7fb1f807ea20", "type":"IMEMO", "class":"0x7fb1f807f2e0", "imemo_type":"ment", "memsize":48, "flags":{"wb_protected":true, "old":true, "uncollectible":true, "marked":true}}
{"address":"0x7fb1f807ea48", "type":"IMEMO", "class":"0x7fb1f807f240", "imemo_type":"ment", "memsize":48, "flags":{"wb_protected":true, "old":true, "uncollectible":true, "marked":true}}
{"address":"0x7fb1f807ea70", "type":"IMEMO", "imemo_type":"ment", "references":["0x7fb1f807f380"], "memsize":48, "flags":{"wb_protected":true, "old":true, "uncollectible":true, "marked":true}}
{"address":"0x7fb1f807ea98", "type":"STRING", "class":"0x7fb1f80b7578", "frozen":true, "embedded":true, "fstring":true, "bytesize":16, "value":"executable_real?", "encoding":"US-ASCII", "memsize":40, "flags":{"wb_protected":true, "old":true, "uncollectible":true, "marked":true}}
{"address":"0x7fb1f807eac0", "type":"ARRAY", "class":"0x7fb1f8097228", "length":1, "embedded":true, "references":["0x7fb1f8087738"], "memsize":40, "flags":{"wb_protected":true, "old":true, "uncollectible":true, "marked":true}}
{"address":"0x7fb1f807eae8", "type":"IMEMO", "class":"0x7fb1f807f2e0", "imemo_type":"ment", "memsize":48, "flags":{"wb_protected":true, "old":true, "uncollectible":true, "marked":true}}
{"address":"0x7fb1f807eb10", "type":"IMEMO", "class":"0x7fb1f807f240", "imemo_type":"ment", "memsize":48, "flags":{"wb_protected":true, "old":true, "uncollectible":true, "marked":true}}
{"address":"0x7fb1f807eb38", "type":"IMEMO", "imemo_type":"ment", "references":["0x7fb1f807f380"], "memsize":48, "flags":{"wb_protected":true, "old":true, "uncollectible":true, "marked":true}}
{"address":"0x7fb1f807eb60", "type":"STRING", "class":"0x7fb1f80b7578", "frozen":true, "embedded":true, "fstring":true, "bytesize":11, "value":"executable?", "encoding":"US-ASCII", "memsize":40, "flags":{"wb_protected":true, "old":true, "uncollectible":true, "marked":true}}
{"address":"0x7fb1f807eb88", "type":"ARRAY", "class":"0x7fb1f8097228", "length":1, "embedded":true, "references":["0x7fb1f80e2b60"], "memsize":40, "flags":{"wb_protected":true, "old":true, "uncollectible":true, "marked":true}}
{"address":"0x7fb1f807ebb0", "type":"IMEMO", "class":"0x7fb1f807f2e0", "imemo_type":"ment", "memsize":48, "flags":{"wb_protected":true, "old":true, "uncollectible":true, "marked":true}}
{"address":"0x7fb1f807ebd8", "type":"IMEMO", "class":"0x7fb1f807f240", "imemo_type":"ment", "memsize":48, "flags":{"wb_protected":true, "old":true, "uncollectible":true, "marked":true}}
{"address":"0x7fb1f807ec00", "type":"IMEMO", "imemo_type":"ment", "references":["0x7fb1f807f380"], "memsize":48, "flags":{"wb_protected":true, "old":true, "uncollectible":true, "marked":true}}
{"address":"0x7fb1f807ec28", "type":"STRING", "class":"0x7fb1f80b7578", "frozen":true, "embedded":true, "fstring":true, "bytesize":15, "value":"world_writable?", "encoding":"US-ASCII", "memsize":40, "flags":{"wb_protected":true, "old":true, "uncollectible":true, "marked":true}}
{"address":"0x7fb1f807ec50", "type":"DATA", "class":"0x7fb1f80760c8", "struct":"time", "references":["0x7fb1f8112a90"], "memsize":86, "flags":{"uncollectible":true, "marked":true}}
{"address":"0x7fb1f807ec78", "type":"IMEMO", "class":"0x7fb1f807f2e0", "imemo_type":"ment", "memsize":48, "flags":{"wb_protected":true, "old":true, "uncollectible":true, "marked":true}}
{"address":"0x7fb1f807eca0", "type":"IMEMO", "class":"0x7fb1f807f240", "imemo_type":"ment", "memsize":48, "flags":{"wb_protected":true, "old":true, "uncollectible":true, "marked":true}}
{"address":"0x7fb1f807ecc8", "type":"IMEMO", "imemo_type":"ment", "references":["0x7fb1f807f380"], "memsize":48, "flags":{"wb_protected":true, "old":true, "uncollectible":true, "marked":true}}
{"address":"0x7fb1f807ecf0", "type":"STRING", "class":"0x7fb1f80b7578", "frozen":true, "embedded":true, "fstring":true, "bytesize":14, "value":"writable_real?", "encoding":"US-ASCII", "memsize":40, "flags":{"wb_protected":true, "old":true, "uncollectible":true, "marked":true}}
{"address":"0x7fb1f807ed40", "type":"IMEMO", "class":"0x7fb1f807f2e0", "imemo_type":"ment", "memsize":48, "flags":{"wb_protected":true, "old":true, "uncollectible":true, "marked":true}}
{"address":"0x7fb1f807ed68", "type":"IMEMO", "class":"0x7fb1f807f240", "imemo_type":"ment", "memsize":48, "flags":{"wb_protected":true, "old":true, "uncollectible":true, "marked":true}}
{"address":"0x7fb1f807ed90", "type":"IMEMO", "imemo_type":"ment", "references":["0x7fb1f807f380"], "memsize":48, "flags":{"wb_protected":true, "old":true, "uncollectible":true, "marked":true}}
{"address":"0x7fb1f807edb8", "type":"STRING", "class":"0x7fb1f80b7578", "frozen":true, "embedded":true, "fstring":true, "bytesize":9, "value":"writable?", "encoding":"US-ASCII", "memsize":40, "flags":{"wb_protected":true, "old":true, "uncollectible":true, "marked":true}}
{"address":"0x7fb1f807ee08", "type":"IMEMO", "class":"0x7fb1f807f2e0", "imemo_type":"ment", "memsize":48, "flags":{"wb_protected":true, "old":true, "uncollectible":true, "marked":true}}
{"address":"0x7fb1f807ee30", "type":"IMEMO", "class":"0x7fb1f807f240", "imemo_type":"ment", "memsize":48, "flags":{"wb_protected":true, "old":true, "uncollectible":true, "marked":true}}
{"address":"0x7fb1f807ee58", "type":"IMEMO", "imemo_type":"ment", "references":["0x7fb1f807f380"], "memsize":48, "flags":{"wb_protected":true, "old":true, "uncollectible":true, "marked":true}}
{"address":"0x7fb1f807ee80", "type":"STRING", "class":"0x7fb1f80b7578", "frozen":true, "embedded":true, "fstring":true, "bytesize":15, "value":"world_readable?", "encoding":"US-ASCII", "memsize":40, "flags":{"wb_protected":true, "old":true, "uncollectible":true, "marked":true}}
{"address":"0x7fb1f807eed0", "type":"IMEMO", "class":"0x7fb1f807f2e0", "imemo_type":"ment", "memsize":48, "flags":{"wb_protected":true, "old":true, "uncollectible":true, "marked":true}}
{"address":"0x7fb1f807eef8", "type":"IMEMO", "class":"0x7fb1f807f240", "imemo_type":"ment", "memsize":48, "flags":{"wb_protected":true, "old":true, "uncollectible":true, "marked":true}}
{"address":"0x7fb1f807ef20", "type":"IMEMO", "imemo_type":"ment", "references":["0x7fb1f807f380"], "memsize":48, "flags":{"wb_protected":true, "old":true, "uncollectible":true, "marked":true}}
{"address":"0x7fb1f807ef48", "type":"STRING", "class":"0x7fb1f80b7578", "frozen":true, "embedded":true, "fstring":true, "bytesize":14, "value":"readable_real?", "encoding":"US-ASCII", "memsize":40, "flags":{"wb_protected":true, "old":true, "uncollectible":true, "marked":true}}
{"address":"0x7fb1f807ef70", "type":"STRING", "class":"0x7fb1f80b7578", "frozen":true, "embedded":true, "fstring":true, "bytesize":14, "value":"MARSHAL_FIELDS", "encoding":"US-ASCII", "memsize":40, "flags":{"wb_protected":true, "old":true, "uncollectible":true, "marked":true}}
{"address":"0x7fb1f807ef98", "type":"IMEMO", "class":"0x7fb1f807f2e0", "imemo_type":"ment", "memsize":48, "flags":{"wb_protected":true, "old":true, "uncollectible":true, "marked":true}}
{"address":"0x7fb1f807efc0", "type":"IMEMO", "class":"0x7fb1f807f240", "imemo_type":"ment", "memsize":48, "flags":{"wb_protected":true, "old":true, "uncollectible":true, "marked":true}}
{"address":"0x7fb1f807efe8", "type":"IMEMO", "imemo_type":"ment", "references":["0x7fb1f807f380"], "memsize":48, "flags":{"wb_protected":true, "old":true, "uncollectible":true, "marked":true}}
{"address":"0x7fb1f807f010", "type":"STRING", "class":"0x7fb1f80b7578", "frozen":true, "embedded":true, "fstring":true, "bytesize":9, "value":"readable?", "encoding":"US-ASCII", "memsize":40, "flags":{"wb_protected":true, "old":true, "uncollectible":true, "marked":true}}
{"address":"0x7fb1f807f060", "type":"IMEMO", "class":"0x7fb1f807f2e0", "imemo_type":"ment", "memsize":48, "flags":{"wb_protected":true, "old":true, "uncollectible":true, "marked":true}}
{"address":"0x7fb1f807f088", "type":"IMEMO", "class":"0x7fb1f807f240", "imemo_type":"ment", "memsize":48, "flags":{"wb_protected":true, "old":true, "uncollectible":true, "marked":true}}
{"address":"0x7fb1f807f0b0", "type":"IMEMO", "imemo_type":"ment", "references":["0x7fb1f807f380"], "memsize":48, "flags":{"wb_protected":true, "old":true, "uncollectible":true, "marked":true}}
{"address":"0x7fb1f807f0d8", "type":"STRING", "class":"0x7fb1f80b7578", "frozen":true, "embedded":true, "fstring":true, "bytesize":7, "value":"exists?", "encoding":"US-ASCII", "memsize":40, "flags":{"wb_protected":true, "old":true, "uncollectible":true, "marked":true}}
{"address":"0x7fb1f807f128", "type":"IMEMO", "class":"0x7fb1f807f2e0", "imemo_type":"ment", "memsize":48, "flags":{"wb_protected":true, "old":true, "uncollectible":true, "marked":true}}
{"address":"0x7fb1f807f150", "type":"IMEMO", "class":"0x7fb1f807f240", "imemo_type":"ment", "memsize":48, "flags":{"wb_protected":true, "old":true, "uncollectible":true, "marked":true}}
{"address":"0x7fb1f807f178", "type":"IMEMO", "imemo_type":"ment", "references":["0x7fb1f807f380"], "memsize":48, "flags":{"wb_protected":true, "old":true, "uncollectible":true, "marked":true}}
{"address":"0x7fb1f807f1a0", "type":"STRING", "class":"0x7fb1f80b7578", "frozen":true, "embedded":true, "fstring":true, "bytesize":6, "value":"exist?", "encoding":"US-ASCII", "memsize":40, "flags":{"wb_protected":true, "old":true, "uncollectible":true, "marked":true}}
{"address":"0x7fb1f807f1f0", "type":"IMEMO", "class":"0x7fb1f807f2e0", "imemo_type":"ment", "memsize":48, "flags":{"wb_protected":true, "old":true, "uncollectible":true, "marked":true}}
{"address":"0x7fb1f807f218", "type":"IMEMO", "class":"0x7fb1f807f240", "imemo_type":"ment", "memsize":48, "flags":{"wb_protected":true, "old":true, "uncollectible":true, "marked":true}}
{"address":"0x7fb1f807f240", "type":"CLASS", "class":"0x7fb1f80bf6d8", "name":"Module", "references":["0x7fb1f80c51c8", "0x7fb1f807e890", "0x7fb1f807f218", "0x7fb1f807f150", "0x7fb1f807f088", "0x7fb1f807efc0", "0x7fb1f807eef8", "0x7fb1f807ee30", "0x7fb1f807ed68", "0x7fb1f807eca0", "0x7fb1f807ebd8", "0x7fb1f807eb10", "0x7fb1f807ea48", "0x7fb1f807e980", "0x7fb1f807e908", "0x7fb1f807e7c8", "0x7fb1f807e688", "0x7fb1f807e5c0", "0x7fb1f807e4f8", "0x7fb1f807e430", "0x7fb1f807e368", "0x7fb1f807e2a0", "0x7fb1f807e1d8", "0x7fb1f807e110", "0x7fb1f807e048", "0x7fb1f807df80", "0x7fb1f807deb8", "0x7fb1f807e750", "0x7fb1f807f380"], "memsize":1488, "flags":{"wb_protected":true, "old":true, "uncollectible":true, "marked":true}}
{"address":"0x7fb1f807f268", "type":"IMEMO", "imemo_type":"ment", "references":["0x7fb1f807f380"], "memsize":48, "flags":{"wb_protected":true, "old":true, "uncollectible":true, "marked":true}}
{"address":"0x7fb1f807f290", "type":"STRING", "class":"0x7fb1f80b7578", "frozen":true, "embedded":true, "fstring":true, "bytesize":10, "value":"directory?", "encoding":"US-ASCII", "memsize":40, "flags":{"wb_protected":true, "old":true, "uncollectible":true, "marked":true}}
{"address":"0x7fb1f807f2e0", "type":"CLASS", "class":"0x7fb1f80bf700", "name":"Class", "references":["0x7fb1f8086ba8", "0x7fb1f807d968", "0x7fb1f807d8f0", "0x7fb1f807d878", "0x7fb1f807d800", "0x7fb1f807d788", "0x7fb1f807d710", "0x7fb1f807d698", "0x7fb1f807d5f8", "0x7fb1f807da58", "0x7fb1f807d580", "0x7fb1f807d4e0", "0x7fb1f807d468", "0x7fb1f807d3f0", "0x7fb1f807d558", "0x7fb1f807d300", "0x7fb1f807d378", "0x7fb1f807d210", "0x7fb1f807d288", "0x7fb1f807d120", "0x7fb1f807d198", "0x7fb1f807d0f8", "0x7fb1f807e868", "0x7fb1f807d030", "0x7fb1f807e728", "0x7fb1f807d008", "0x7fb1f8076988", "0x7fb1f8076910", "0x7fb1f807d670", "0x7fb1f807f1f0", "0x7fb1f807f128", "0x7fb1f807f060", "0x7fb1f807ef98", "0x7fb1f807eed0", "0x7fb1f807ee08", "0x7fb1f807ed40", "0x7fb1f807ec78", "0x7fb1f807ebb0", "0x7fb1f807eae8", "0x7fb1f807ea20", "0x7fb1f807e958", "0x7fb1f807e8e0", "0x7fb1f807e7a0", "0x7fb1f807e660", "0x7fb1f807e598", "0x7fb1f807e4d0", "0x7fb1f807e408", "0x7fb1f807e340", "0x7fb1f807e278", "0x7fb1f807e1b0", "0x7fb1f807e0e8", "0x7fb1f807e020", "0x7fb1f807df58", "0x7fb1f807de90", "0x7fb1f807de18", "0x7fb1f807dd28", "0x7fb1f807dcb0", "0x7fb1f807dda0", "0x7fb1f807dc38", "0x7fb1f807db48", "0x7fb1f807dad0", "0x7fb1f807dbc0", "0x7fb1f807d9e0", "0x7fb1f807f308"], "memsize":2512, "flags":{"wb_protected":true, "old":true, "uncollectible":true, "marked":true}}
{"address":"0x7fb1f807f308", "type":"CLASS", "class":"0x7fb1f807f2e0", "name":"File", "references":["0x7fb1f8086bd0", "0x7fb1f8077888", "0x7fb1f807c5b8", "0x7fb1f807cdd8", "0x7fb1f807c630", "0x7fb1f807cd60", "0x7fb1f807cf18", "0x7fb1f807ce50", "0x7fb1f807cef0", "0x7fb1f807cec8", "0x7fb1f807cea0", "0x7fb1f807ce78", "0x7fb1f807ce28", "0x7fb1f807ce00", "0x7fb1f807f330", "0x7fb1f80c7a40", "0x7fb1f80c7a40", "0x7fb1f80c79f0", "0x7fb1f807c4a0", "0x7fb1f807cce8"], "memsize":1128, "flags":{"wb_protected":true, "old":true, "uncollectible":true, "marked":true}}
{"address":"0x7fb1f807f330", "type":"STRING", "class":"0x7fb1f80b7578", "frozen":true, "embedded":true, "fstring":true, "bytesize":4, "value":"File", "encoding":"US-ASCII", "memsize":40, "flags":{"wb_protected":true, "old":true, "uncollectible":true, "marked":true}}
{"address":"0x7fb1f807f380", "type":"MODULE", "class":"0x7fb1f807f240", "name":"FileTest", "references":["0x7fb1f807e8b8", "0x7fb1f807f268", "0x7fb1f807f178", "0x7fb1f807f0b0", "0x7fb1f807efe8", "0x7fb1f807ef20", "0x7fb1f807ee58", "0x7fb1f807ed90", "0x7fb1f807ecc8", "0x7fb1f807ec00", "0x7fb1f807eb38", "0x7fb1f807ea70", "0x7fb1f807e9a8", "0x7fb1f807e930", "0x7fb1f807e7f0", "0x7fb1f807e6b0", "0x7fb1f807e5e8", "0x7fb1f807e520", "0x7fb1f807e458", "0x7fb1f807e390", "0x7fb1f807e2c8", "0x7fb1f807e200", "0x7fb1f807e138", "0x7fb1f807e070", "0x7fb1f807dfa8", "0x7fb1f807dee0", "0x7fb1f807e778", "0x7fb1f807f3a8"], "memsize":1488, "flags":{"wb_protected":true, "old":true, "uncollectible":true, "marked":true}}
{"address":"0x7fb1f807f3a8", "type":"STRING", "class":"0x7fb1f80b7578", "frozen":true, "embedded":true, "fstring":true, "bytesize":8, "value":"FileTest", "encoding":"US-ASCII", "memsize":40, "flags":{"wb_protected":true, "old":true, "uncollectible":true, "marked":true}}
{"address":"0x7fb1f807f3f8", "type":"STRING", "class":"0x7fb1f80b7578", "frozen":true, "embedded":true, "fstring":true, "bytesize":2, "value":"$*", "encoding":"US-ASCII", "memsize":40, "flags":{"wb_protected":true, "old":true, "uncollectible":true, "marked":true}}
{"address":"0x7fb1f807f420", "type":"ARRAY", "class":"0x7fb1f8097228", "length":1, "embedded":true, "references":["0x7fb1f80e2c00"], "memsize":40, "flags":{"wb_protected":true, "old":true, "uncollectible":true, "marked":true}}
{"address":"0x7fb1f807f448", "type":"STRING", "class":"0x7fb1f80b7578", "frozen":true, "embedded":true, "fstring":true, "bytesize":3, "value":"$-i", "encoding":"US-ASCII", "memsize":40, "flags":{"wb_protected":true, "old":true, "uncollectible":true, "marked":true}}
{"address":"0x7fb1f807f498", "type":"STRING", "class":"0x7fb1f80b7578", "bytesize":1, "value":"-", "memsize":40, "flags":{"wb_protected":true, "old":true, "uncollectible":true, "marked":true}}
{"address":"0x7fb1f807f4c0", "type":"STRING", "class":"0x7fb1f80b7578", "frozen":true, "embedded":true, "fstring":true, "bytesize":9, "value":"$FILENAME", "encoding":"US-ASCII", "memsize":40, "flags":{"wb_protected":true, "old":true, "uncollectible":true, "marked":true}}
{"address":"0x7fb1f807f510", "type":"STRING", "class":"0x7fb1f80b7578", "frozen":true, "embedded":true, "fstring":true, "bytesize":2, "value":"$.", "encoding":"US-ASCII", "memsize":40, "flags":{"wb_protected":true, "old":true, "uncollectible":true, "marked":true}}
{"address":"0x7fb1f807f538", "type":"ARRAY", "class":"0x7fb1f8097228", "length":1, "embedded":true, "references":["0x7fb1f80b6ab0"], "memsize":40, "flags":{"wb_protected":true, "old":true, "uncollectible":true, "marked":true}}
{"address":"0x7fb1f807f560", "type":"STRING", "class":"0x7fb1f80b7578", "frozen":true, "embedded":true, "fstring":true, "bytesize":4, "value":"ARGF", "encoding":"US-ASCII", "memsize":40, "flags":{"wb_protected":true, "old":true, "uncollectible":true, "marked":true}}
{"address":"0x7fb1f807f5b0", "type":"STRING", "class":"0x7fb1f80b7578", "frozen":true, "embedded":true, "fstring":true, "bytesize":2, "value":"$<", "encoding":"US-ASCII", "memsize":40, "flags":{"wb_protected":true, "old":true, "uncollectible":true, "marked":true}}
{"address":"0x7fb1f807f5d8", "type":"STRING", "class":"0x7fb1f80b7578", "frozen":true, "embedded":true, "fstring":true, "bytesize":15, "value":"yaml_initialize", "encoding":"US-ASCII", "memsize":40, "flags":{"wb_protected":true, "old":true, "uncollectible":true, "marked":true}}
{"address":"0x7fb1f807f600", "type":"ARRAY", "class":"0x7fb1f8097228", "length":0, "memsize":40, "flags":{"wb_protected":true, "old":true, "uncollectible":true, "marked":true}}
{"address":"0x7fb1f807f628", "type":"DATA", "class":"0x7fb1f8084218", "struct":"ARGF", "references":["0x7fb1f807f498", "0x7fb1f807f600"], "memsize":128, "flags":{"uncollectible":true, "marked":true}}
{"address":"0x7fb1f807f650", "type":"IMEMO", "class":"0x7fb1f8084218", "imemo_type":"ment", "memsize":48, "flags":{"wb_protected":true, "old":true, "uncollectible":true, "marked":true}}
{"address":"0x7fb1f807f678", "type":"IMEMO", "class":"0x7fb1f8084218", "imemo_type":"ment", "memsize":48, "flags":{"wb_protected":true, "old":true, "uncollectible":true, "marked":true}}
{"address":"0x7fb1f807f6a0", "type":"IMEMO", "class":"0x7fb1f8084218", "imemo_type":"ment", "memsize":48, "flags":{"wb_protected":true, "old":true, "uncollectible":true, "marked":true}}
{"address":"0x7fb1f807f6c8", "type":"IMEMO", "class":"0x7fb1f8084218", "imemo_type":"ment", "memsize":48, "flags":{"wb_protected":true, "old":true, "uncollectible":true, "marked":true}}
{"address":"0x7fb1f807f6f0", "type":"STRING", "class":"0x7fb1f80b7578", "frozen":true, "embedded":true, "fstring":true, "bytesize":13, "value":"inplace_mode=", "encoding":"US-ASCII", "memsize":40, "flags":{"wb_protected":true, "old":true, "uncollectible":true, "marked":true}}
{"address":"0x7fb1f807f740", "type":"IMEMO", "class":"0x7fb1f8084218", "imemo_type":"ment", "memsize":48, "flags":{"wb_protected":true, "old":true, "uncollectible":true, "marked":true}}
{"address":"0x7fb1f807f768", "type":"STRING", "class":"0x7fb1f80b7578", "frozen":true, "embedded":true, "fstring":true, "bytesize":12, "value":"inplace_mode", "encoding":"US-ASCII", "memsize":40, "flags":{"wb_protected":true, "old":true, "uncollectible":true, "marked":true}}
{"address":"0x7fb1f807f7b8", "type":"IMEMO", "class":"0x7fb1f8084218", "imemo_type":"ment", "memsize":48, "flags":{"wb_protected":true, "old":true, "uncollectible":true, "marked":true}}
{"address":"0x7fb1f807f7e0", "type":"IMEMO", "class":"0x7fb1f8084218", "imemo_type":"ment", "memsize":48, "flags":{"wb_protected":true, "old":true, "uncollectible":true, "marked":true}}
{"address":"0x7fb1f807f808", "type":"IMEMO", "class":"0x7fb1f8084218", "imemo_type":"ment", "memsize":48, "flags":{"wb_protected":true, "old":true, "uncollectible":true, "marked":true}}
{"address":"0x7fb1f807f830", "type":"IMEMO", "class":"0x7fb1f8084218", "imemo_type":"ment", "memsize":48, "flags":{"wb_protected":true, "old":true, "uncollectible":true, "marked":true}}
{"address":"0x7fb1f807f858", "type":"IMEMO", "class":"0x7fb1f8084218", "imemo_type":"ment", "memsize":48, "flags":{"wb_protected":true, "old":true, "uncollectible":true, "marked":true}}
{"address":"0x7fb1f807f880", "type":"STRING", "class":"0x7fb1f80b7578", "frozen":true, "embedded":true, "fstring":true, "bytesize":4, "value":"skip", "encoding":"US-ASCII", "memsize":40, "flags":{"wb_protected":true, "old":true, "uncollectible":true, "marked":true}}
{"address":"0x7fb1f807f8d0", "type":"IMEMO", "class":"0x7fb1f8084218", "imemo_type":"ment", "memsize":48, "flags":{"wb_protected":true, "old":true, "uncollectible":true, "marked":true}}
{"address":"0x7fb1f807f8f8", "type":"STRING", "class":"0x7fb1f80b7578", "frozen":true, "embedded":true, "fstring":true, "bytesize":4, "value":"file", "encoding":"US-ASCII", "memsize":40, "flags":{"wb_protected":true, "old":true, "uncollectible":true, "marked":true}}
{"address":"0x7fb1f807f948", "type":"IMEMO", "class":"0x7fb1f8084218", "imemo_type":"ment", "memsize":48, "flags":{"wb_protected":true, "old":true, "uncollectible":true, "marked":true}}
{"address":"0x7fb1f807f970", "type":"IMEMO", "class":"0x7fb1f8084218", "imemo_type":"ment", "memsize":48, "flags":{"wb_protected":true, "old":true, "uncollectible":true, "marked":true}}
{"address":"0x7fb1f807f998", "type":"STRING", "class":"0x7fb1f80b7578", "frozen":true, "embedded":true, "fstring":true, "bytesize":8, "value":"filename", "encoding":"US-ASCII", "memsize":40, "flags":{"wb_protected":true, "old":true, "uncollectible":true, "marked":true}}
{"address":"0x7fb1f807f9c0", "type":"ARRAY", "class":"0x7fb1f8097228", "length":1, "embedded":true, "references":["0x7fb1f80f3780"], "memsize":40, "flags":{"wb_protected":true, "old":true, "uncollectible":true, "marked":true}}
{"address":"0x7fb1f807f9e8", "type":"IMEMO", "class":"0x7fb1f8084218", "imemo_type":"ment", "memsize":48, "flags":{"wb_protected":true, "old":true, "uncollectible":true, "marked":true}}
{"address":"0x7fb1f807fa10", "type":"IMEMO", "class":"0x7fb1f8084218", "imemo_type":"ment", "memsize":48, "flags":{"wb_protected":true, "old":true, "uncollectible":true, "marked":true}}
{"address":"0x7fb1f807fa38", "type":"IMEMO", "class":"0x7fb1f8084218", "imemo_type":"ment", "memsize":48, "flags":{"wb_protected":true, "old":true, "uncollectible":true, "marked":true}}
{"address":"0x7fb1f807fa60", "type":"IMEMO", "class":"0x7fb1f8084218", "imemo_type":"ment", "memsize":48, "flags":{"wb_protected":true, "old":true, "uncollectible":true, "marked":true}}
{"address":"0x7fb1f807fa88", "type":"IMEMO", "class":"0x7fb1f8084218", "imemo_type":"ment", "memsize":48, "flags":{"wb_protected":true, "old":true, "uncollectible":true, "marked":true}}
{"address":"0x7fb1f807fab0", "type":"IMEMO", "class":"0x7fb1f8084218", "imemo_type":"ment", "memsize":48, "flags":{"wb_protected":true, "old":true, "uncollectible":true, "marked":true}}
{"address":"0x7fb1f807fad8", "type":"IMEMO", "class":"0x7fb1f8084218", "imemo_type":"ment", "memsize":48, "flags":{"wb_protected":true, "old":true, "uncollectible":true, "marked":true}}
{"address":"0x7fb1f807fb00", "type":"IMEMO", "class":"0x7fb1f8084218", "imemo_type":"ment", "memsize":48, "flags":{"wb_protected":true, "old":true, "uncollectible":true, "marked":true}}
{"address":"0x7fb1f807fb28", "type":"IMEMO", "class":"0x7fb1f8084218", "imemo_type":"ment", "memsize":48, "flags":{"wb_protected":true, "old":true, "uncollectible":true, "marked":true}}
{"address":"0x7fb1f807fb50", "type":"IMEMO", "class":"0x7fb1f8084218", "imemo_type":"ment", "memsize":48, "flags":{"wb_protected":true, "old":true, "uncollectible":true, "marked":true}}
{"address":"0x7fb1f807fb78", "type":"IMEMO", "class":"0x7fb1f8084218", "imemo_type":"ment", "memsize":48, "flags":{"wb_protected":true, "old":true, "uncollectible":true, "marked":true}}
{"address":"0x7fb1f807fba0", "type":"IMEMO", "class":"0x7fb1f8084218", "imemo_type":"ment", "memsize":48, "flags":{"wb_protected":true, "old":true, "uncollectible":true, "marked":true}}
{"address":"0x7fb1f807fbc8", "type":"IMEMO", "class":"0x7fb1f8084218", "imemo_type":"ment", "memsize":48, "flags":{"wb_protected":true, "old":true, "uncollectible":true, "marked":true}}
{"address":"0x7fb1f807fbf0", "type":"IMEMO", "class":"0x7fb1f8084218", "imemo_type":"ment", "memsize":48, "flags":{"wb_protected":true, "old":true, "uncollectible":true, "marked":true}}
{"address":"0x7fb1f807fc18", "type":"IMEMO", "class":"0x7fb1f8084218", "imemo_type":"ment", "memsize":48, "flags":{"wb_protected":true, "old":true, "uncollectible":true, "marked":true}}
{"address":"0x7fb1f807fc40", "type":"IMEMO", "class":"0x7fb1f8084218", "imemo_type":"ment", "memsize":48, "flags":{"wb_protected":true, "old":true, "uncollectible":true, "marked":true}}
{"address":"0x7fb1f807fc68", "type":"IMEMO", "class":"0x7fb1f8084218", "imemo_type":"ment", "memsize":48, "flags":{"wb_protected":true, "old":true, "uncollectible":true, "marked":true}}
{"address":"0x7fb1f807fc90", "type":"IMEMO", "class":"0x7fb1f8084218", "imemo_type":"ment", "memsize":48, "flags":{"wb_protected":true, "old":true, "uncollectible":true, "marked":true}}
{"address":"0x7fb1f807fcb8", "type":"IMEMO", "class":"0x7fb1f8084218", "imemo_type":"ment", "memsize":48, "flags":{"wb_protected":true, "old":true, "uncollectible":true, "marked":true}}
{"address":"0x7fb1f807fce0", "type":"IMEMO", "class":"0x7fb1f8084218", "imemo_type":"ment", "memsize":48, "flags":{"wb_protected":true, "old":true, "uncollectible":true, "marked":true}}
{"address":"0x7fb1f807fd08", "type":"IMEMO", "class":"0x7fb1f8084218", "imemo_type":"ment", "memsize":48, "flags":{"wb_protected":true, "old":true, "uncollectible":true, "marked":true}}
{"address":"0x7fb1f807fd30", "type":"IMEMO", "class":"0x7fb1f8084218", "imemo_type":"ment", "memsize":48, "flags":{"wb_protected":true, "old":true, "uncollectible":true, "marked":true}}
{"address":"0x7fb1f807fd58", "type":"IMEMO", "class":"0x7fb1f8084218", "imemo_type":"ment", "memsize":48, "flags":{"wb_protected":true, "old":true, "uncollectible":true, "marked":true}}
{"address":"0x7fb1f807fd80", "type":"STRING", "class":"0x7fb1f80b7578", "frozen":true, "embedded":true, "fstring":true, "bytesize":13, "value":"read_nonblock", "encoding":"US-ASCII", "memsize":40, "flags":{"wb_protected":true, "old":true, "uncollectible":true, "marked":true}}
{"address":"0x7fb1f807fda8", "type":"STRING", "class":"0x7fb1f80b7578", "frozen":true, "embedded":true, "fstring":true, "bytesize":9, "value":"init_with", "encoding":"US-ASCII", "memsize":40, "flags":{"wb_protected":true, "old":true, "uncollectible":true, "marked":true}}
{"address":"0x7fb1f807fdd0", "type":"IMEMO", "class":"0x7fb1f8084218", "imemo_type":"ment", "memsize":48, "flags":{"wb_protected":true, "old":true, "uncollectible":true, "marked":true}}
{"address":"0x7fb1f807fdf8", "type":"IMEMO", "class":"0x7fb1f8084218", "imemo_type":"ment", "memsize":48, "flags":{"wb_protected":true, "old":true, "uncollectible":true, "marked":true}}
{"address":"0x7fb1f807fe20", "type":"IMEMO", "class":"0x7fb1f8084218", "imemo_type":"ment", "memsize":48, "flags":{"wb_protected":true, "old":true, "uncollectible":true, "marked":true}}
{"address":"0x7fb1f807fe48", "type":"IMEMO", "class":"0x7fb1f8084218", "imemo_type":"ment", "memsize":48, "flags":{"wb_protected":true, "old":true, "uncollectible":true, "marked":true}}
{"address":"0x7fb1f807fe70", "type":"IMEMO", "class":"0x7fb1f8084218", "imemo_type":"ment", "memsize":48, "flags":{"wb_protected":true, "old":true, "uncollectible":true, "marked":true}}
{"address":"0x7fb1f807fe98", "type":"IMEMO", "class":"0x7fb1f8084218", "imemo_type":"ment", "memsize":48, "flags":{"wb_protected":true, "old":true, "uncollectible":true, "marked":true}}
{"address":"0x7fb1f807fec0", "type":"IMEMO", "class":"0x7fb1f8084218", "imemo_type":"ment", "memsize":48, "flags":{"wb_protected":true, "old":true, "uncollectible":true, "marked":true}}
{"address":"0x7fb1f807fee8", "type":"IMEMO", "class":"0x7fb1f8084218", "imemo_type":"ment", "memsize":48, "flags":{"wb_protected":true, "old":true, "uncollectible":true, "marked":true}}
{"address":"0x7fb1f807ff10", "type":"IMEMO", "class":"0x7fb1f8084218", "imemo_type":"ment", "memsize":48, "flags":{"wb_protected":true, "old":true, "uncollectible":true, "marked":true}}
{"address":"0x7fb1f807ff38", "type":"IMEMO", "class":"0x7fb1f8084218", "imemo_type":"ment", "memsize":48, "flags":{"wb_protected":true, "old":true, "uncollectible":true, "marked":true}}
{"address":"0x7fb1f807ff60", "type":"IMEMO", "class":"0x7fb1f8084218", "imemo_type":"ment", "memsize":48, "flags":{"wb_protected":true, "old":true, "uncollectible":true, "marked":true}}
{"address":"0x7fb1f807ff88", "type":"IMEMO", "class":"0x7fb1f8084218", "imemo_type":"ment", "memsize":48, "flags":{"wb_protected":true, "old":true, "uncollectible":true, "marked":true}}
{"address":"0x7fb1f807ffb0", "type":"STRING", "class":"0x7fb1f80b7578", "frozen":true, "embedded":true, "fstring":true, "bytesize":11, "value":"to_write_io", "encoding":"US-ASCII", "memsize":40, "flags":{"wb_protected":true, "old":true, "uncollectible":true, "marked":true}}
{"address":"0x7fb1f8084038", "type":"IMEMO", "class":"0x7fb1f8084218", "imemo_type":"ment", "memsize":48, "flags":{"wb_protected":true, "old":true, "uncollectible":true, "marked":true}}
{"address":"0x7fb1f8084060", "type":"IMEMO", "class":"0x7fb1f8084218", "imemo_type":"ment", "memsize":48, "flags":{"wb_protected":true, "old":true, "uncollectible":true, "marked":true}}
{"address":"0x7fb1f8084088", "type":"IMEMO", "class":"0x7fb1f8084218", "imemo_type":"ment", "memsize":48, "flags":{"wb_protected":true, "old":true, "uncollectible":true, "marked":true}}
{"address":"0x7fb1f80840b0", "type":"IMEMO", "class":"0x7fb1f8084218", "imemo_type":"ment", "memsize":48, "flags":{"wb_protected":true, "old":true, "uncollectible":true, "marked":true}}
{"address":"0x7fb1f80840d8", "type":"STRING", "class":"0x7fb1f80b7578", "frozen":true, "embedded":true, "fstring":true, "bytesize":4, "value":"argv", "encoding":"US-ASCII", "memsize":40, "flags":{"wb_protected":true, "old":true, "uncollectible":true, "marked":true}}
{"address":"0x7fb1f8084100", "type":"STRING", "class":"0x7fb1f80b7578", "frozen":true, "embedded":true, "fstring":true, "bytesize":8, "value":"stringio", "encoding":"UTF-8", "memsize":40, "flags":{"wb_protected":true, "old":true, "uncollectible":true, "marked":true}}
{"address":"0x7fb1f8084128", "type":"IMEMO", "class":"0x7fb1f8084218", "imemo_type":"ment", "memsize":48, "flags":{"wb_protected":true, "old":true, "uncollectible":true, "marked":true}}
{"address":"0x7fb1f8084150", "type":"IMEMO", "class":"0x7fb1f8084218", "imemo_type":"ment", "memsize":48, "flags":{"wb_protected":true, "old":true, "uncollectible":true, "marked":true}}
{"address":"0x7fb1f8084178", "type":"IMEMO", "class":"0x7fb1f8084218", "imemo_type":"ment", "memsize":48, "flags":{"wb_protected":true, "old":true, "uncollectible":true, "marked":true}}
{"address":"0x7fb1f80841a0", "type":"IMEMO", "class":"0x7fb1f8084218", "imemo_type":"ment", "memsize":48, "flags":{"wb_protected":true, "old":true, "uncollectible":true, "marked":true}}
{"address":"0x7fb1f80841c8", "type":"ICLASS", "class":"0x7fb1f80bcf28", "references":["0x7fb1f80c5240"], "memsize":40, "flags":{"uncollectible":true, "marked":true}}
{"address":"0x7fb1f80841f0", "type":"STRING", "class":"0x7fb1f80b7578", "frozen":true, "embedded":true, "bytesize":10, "value":"ARGF.class", "memsize":40, "flags":{"wb_protected":true, "old":true, "uncollectible":true, "marked":true}}
{"address":"0x7fb1f8084218", "type":"CLASS", "class":"0x7fb1f80c5150", "name":"ARGF.class", "references":["0x7fb1f80841c8", "0x7fb1f807fd30", "0x7fb1f807f948", "0x7fb1f8084088", "0x7fb1f807fc68", "0x7fb1f807f7e0", "0x7fb1f807f7b8", "0x7fb1f807fc40", "0x7fb1f807fc18", "0x7fb1f807fa88", "0x7fb1f807fbf0", "0x7fb1f807fbc8", "0x7fb1f8084128", "0x7fb1f807fba0", "0x7fb1f807fb78", "0x7fb1f807fb50", "0x7fb1f807fb28", "0x7fb1f807fb00", "0x7fb1f807fe98", "0x7fb1f807fe70", "0x7fb1f807fe48", "0x7fb1f807fe20", "0x7fb1f807fce0", "0x7fb1f807ff60", "0x7fb1f807fab0", "0x7fb1f807f808", "0x7fb1f807f830", "0x7fb1f80841a0", "0x7fb1f8084178", "0x7fb1f807f6a0", "0x7fb1f807f678", "0x7fb1f8084038", "0x7fb1f807fd08", "0x7fb1f8084150", "0x7fb1f8084060", "0x7fb1f807ff88", "0x7fb1f807fd58", "0x7fb1f80840b0", "0x7fb1f807f970", "0x7fb1f807f8d0", "0x7fb1f807f858", "0x7fb1f807f740", "0x7fb1f807f6c8", "0x7fb1f807ff38", "0x7fb1f807ff10", "0x7fb1f807fee8", "0x7fb1f807fec0", "0x7fb1f807fdf8", "0x7fb1f807fad8", "0x7fb1f807fc90", "0x7fb1f807fdd0", "0x7fb1f807f650", "0x7fb1f807f9e8", "0x7fb1f807fa60", "0x7fb1f807fa38", "0x7fb1f807fa10", "0x7fb1f807fcb8", "0x7fb1f80841f0"], "memsize":2512, "flags":{"wb_protected":true, "old":true, "uncollectible":true, "marked":true}}
{"address":"0x7fb1f8084240", "type":"STRING", "class":"0x7fb1f80b7578", "frozen":true, "embedded":true, "fstring":true, "bytesize":6, "value":"STDERR", "encoding":"US-ASCII", "memsize":40, "flags":{"wb_protected":true, "old":true, "uncollectible":true, "marked":true}}
{"address":"0x7fb1f8084268", "type":"OBJECT", "class":"0x7fb1f80e0680", "ivars":3, "references":["0x7fb1f807f9c0"], "memsize":40, "flags":{"wb_protected":true, "old":true, "uncollectible":true, "marked":true}}
{"address":"0x7fb1f8084290", "type":"STRING", "class":"0x7fb1f80b7578", "frozen":true, "embedded":true, "fstring":true, "bytesize":6, "value":"STDOUT", "encoding":"US-ASCII", "memsize":40, "flags":{"wb_protected":true, "old":true, "uncollectible":true, "marked":true}}
{"address":"0x7fb1f80842b8", "type":"IMEMO", "imemo_type":"iseq", "references":["0x7fb1f80b7820", "0x7fb1f8084100", "0x7fb1f800cc40", "0x7fb1f80d72d8", "0x7fb1f800d690", "0x7fb1f800d690", "0x7fb1f808c788"], "memsize":2968, "flags":{"wb_protected":true, "old":true, "uncollectible":true, "marked":true}}
{"address":"0x7fb1f80842e0", "type":"STRING", "class":"0x7fb1f80b7578", "frozen":true, "embedded":true, "fstring":true, "bytesize":5, "value":"STDIN", "encoding":"US-ASCII", "memsize":40, "flags":{"wb_protected":true, "old":true, "uncollectible":true, "marked":true}}
{"address":"0x7fb1f8084308", "type":"IMEMO", "imemo_type":"iseq", "references":["0x7fb1fb02f288", "0x7fb1fb02f288", "0x7fb1f808c788"], "memsize":376, "flags":{"wb_protected":true, "old":true, "uncollectible":true, "marked":true}}
{"address":"0x7fb1f8084330", "type":"STRING", "class":"0x7fb1f80b7578", "frozen":true, "embedded":true, "fstring":true, "bytesize":2, "value":"$>", "encoding":"US-ASCII", "memsize":40, "flags":{"wb_protected":true, "old":true, "uncollectible":true, "marked":true}}
{"address":"0x7fb1f8084380", "type":"STRING", "class":"0x7fb1f80b7578", "frozen":true, "embedded":true, "bytesize":8, "value":"<STDERR>", "memsize":40, "flags":{"wb_protected":true, "old":true, "uncollectible":true, "marked":true}}
{"address":"0x7fb1f80843a8", "type":"FILE", "class":"0x7fb1f8086bd0", "fd":2, "references":["0x7fb1f8084380"], "memsize":232, "flags":{"uncollectible":true, "marked":true}}
{"address":"0x7fb1f80843d0", "type":"STRING", "class":"0x7fb1f80b7578", "frozen":true, "embedded":true, "fstring":true, "bytesize":7, "value":"$stderr", "encoding":"US-ASCII", "memsize":40, "flags":{"wb_protected":true, "old":true, "uncollectible":true, "marked":true}}
{"address":"0x7fb1f80843f8", "type":"STRING", "class":"0x7fb1f80b7578", "frozen":true, "embedded":true, "fstring":true, "bytesize":9, "value":" version=", "encoding":"UTF-8", "memsize":40, "flags":{"wb_protected":true, "old":true, "uncollectible":true, "marked":true}}
{"address":"0x7fb1f8084420", "type":"STRING", "class":"0x7fb1f80b7578", "frozen":true, "embedded":true, "bytesize":8, "value":"<STDOUT>", "memsize":40, "flags":{"wb_protected":true, "old":true, "uncollectible":true, "marked":true}}
{"address":"0x7fb1f8084448", "type":"FILE", "class":"0x7fb1f8086bd0", "fd":1, "references":["0x7fb1f8084420"], "memsize":232, "flags":{"uncollectible":true, "marked":true}}
{"address":"0x7fb1f8084470", "type":"STRING", "class":"0x7fb1f80b7578", "frozen":true, "embedded":true, "fstring":true, "bytesize":7, "value":"$stdout", "encoding":"US-ASCII", "memsize":40, "flags":{"wb_protected":true, "old":true, "uncollectible":true, "marked":true}}
{"address":"0x7fb1f8084498", "type":"STRING", "class":"0x7fb1f80b7578", "frozen":true, "fstring":true, "bytesize":26, "value":"#<Gem::Specification name=", "encoding":"UTF-8", "memsize":67, "flags":{"wb_protected":true, "old":true, "uncollectible":true, "marked":true}}
{"address":"0x7fb1f80844c0", "type":"STRING", "class":"0x7fb1f80b7578", "frozen":true, "embedded":true, "bytesize":7, "value":"<STDIN>", "memsize":40, "flags":{"wb_protected":true, "old":true, "uncollectible":true, "marked":true}}
{"address":"0x7fb1f80844e8", "type":"FILE", "class":"0x7fb1f8086bd0", "fd":0, "references":["0x7fb1f80844c0"], "memsize":232, "flags":{"uncollectible":true, "marked":true}}
{"address":"0x7fb1f8084510", "type":"STRING", "class":"0x7fb1f80b7578", "frozen":true, "embedded":true, "fstring":true, "bytesize":6, "value":"$stdin", "encoding":"US-ASCII", "memsize":40, "flags":{"wb_protected":true, "old":true, "uncollectible":true, "marked":true}}
{"address":"0x7fb1f8084538", "type":"ARRAY", "class":"0x7fb1f8097228", "length":0, "memsize":40, "flags":{"wb_protected":true, "old":true, "uncollectible":true, "marked":true}}
{"address":"0x7fb1f8084560", "type":"IMEMO", "class":"0x7fb1f8086bd0", "imemo_type":"ment", "memsize":48, "flags":{"wb_protected":true, "old":true, "uncollectible":true, "marked":true}}
{"address":"0x7fb1f8084588", "type":"STRING", "class":"0x7fb1f80b7578", "frozen":true, "embedded":true, "fstring":true, "bytesize":10, "value":"autoclose=", "encoding":"US-ASCII", "memsize":40, "flags":{"wb_protected":true, "old":true, "uncollectible":true, "marked":true}}
{"address":"0x7fb1f80845b0", "type":"IMEMO", "imemo_type":"iseq", "references":["0x7fb1f8084498", "0x7fb1f80843f8", "0x7fb1f80c54e8", "0x7fb1f80c62d0", "0x7fb1f80c62d0", "0x7fb1f808c788"], "memsize":860, "flags":{"wb_protected":true, "old":true, "uncollectible":true, "marked":true}}
{"address":"0x7fb1f80845d8", "type":"IMEMO", "class":"0x7fb1f8086bd0", "imemo_type":"ment", "memsize":48, "flags":{"wb_protected":true, "old":true, "uncollectible":true, "marked":true}}
{"address":"0x7fb1f8084600", "type":"STRING", "class":"0x7fb1f80b7578", "frozen":true, "embedded":true, "fstring":true, "bytesize":10, "value":"autoclose?", "encoding":"US-ASCII", "memsize":40, "flags":{"wb_protected":true, "old":true, "uncollectible":true, "marked":true}}
{"address":"0x7fb1f8084628", "type":"IMEMO", "imemo_type":"iseq", "references":["0x7fb1f800db40", "0x7fb1f800db40", "0x7fb1f808c788"], "memsize":580, "flags":{"wb_protected":true, "old":true, "uncollectible":true, "marked":true}}
{"address":"0x7fb1f8084650", "type":"IMEMO", "class":"0x7fb1f8086bd0", "imemo_type":"ment", "memsize":48, "flags":{"wb_protected":true, "old":true, "uncollectible":true, "marked":true}}
{"address":"0x7fb1f8084678", "type":"STRING", "class":"0x7fb1f80b7578", "frozen":true, "embedded":true, "fstring":true, "bytesize":19, "value":"set_encoding_by_bom", "encoding":"US-ASCII", "memsize":40, "flags":{"wb_protected":true, "old":true, "uncollectible":true, "marked":true}}
{"address":"0x7fb1f80846c8", "type":"IMEMO", "class":"0x7fb1f8086bd0", "imemo_type":"ment", "memsize":48, "flags":{"wb_protected":true, "old":true, "uncollectible":true, "marked":true}}
{"address":"0x7fb1f80846f0", "type":"IMEMO", "class":"0x7fb1f8086bd0", "imemo_type":"ment", "memsize":48, "flags":{"wb_protected":true, "old":true, "uncollectible":true, "marked":true}}
{"address":"0x7fb1f8084718", "type":"STRING", "class":"0x7fb1f80b7578", "frozen":true, "embedded":true, "fstring":true, "bytesize":17, "value":"internal_encoding", "encoding":"US-ASCII", "memsize":40, "flags":{"wb_protected":true, "old":true, "uncollectible":true, "marked":true}}
{"address":"0x7fb1f8084740", "type":"ARRAY", "class":"0x7fb1f8097228", "length":0, "memsize":40, "flags":{"wb_protected":true, "old":true, "uncollectible":true, "marked":true}}
{"address":"0x7fb1f8084768", "type":"IMEMO", "class":"0x7fb1f8086bd0", "imemo_type":"ment", "memsize":48, "flags":{"wb_protected":true, "old":true, "uncollectible":true, "marked":true}}
{"address":"0x7fb1f8084790", "type":"STRING", "class":"0x7fb1f80b7578", "frozen":true, "embedded":true, "fstring":true, "bytesize":17, "value":"external_encoding", "encoding":"US-ASCII", "memsize":40, "flags":{"wb_protected":true, "old":true, "uncollectible":true, "marked":true}}
{"address":"0x7fb1f80847e0", "type":"IMEMO", "class":"0x7fb1f8086bd0", "imemo_type":"ment", "memsize":48, "flags":{"wb_protected":true, "old":true, "uncollectible":true, "marked":true}}
{"address":"0x7fb1f8084808", "type":"IMEMO", "class":"0x7fb1f8086bd0", "imemo_type":"ment", "memsize":48, "flags":{"wb_protected":true, "old":true, "uncollectible":true, "marked":true}}
{"address":"0x7fb1f8084830", "type":"STRING", "class":"0x7fb1f80b7578", "frozen":true, "embedded":true, "fstring":true, "bytesize":3, "value":"pid", "encoding":"US-ASCII", "memsize":40, "flags":{"wb_protected":true, "old":true, "uncollectible":true, "marked":true}}
{"address":"0x7fb1f8084858", "type":"STRING", "class":"0x7fb1f80b7578", "frozen":true, "embedded":true, "fstring":true, "bytesize":12, "value":"prefix_bonus", "encoding":"US-ASCII", "memsize":40, "flags":{"wb_protected":true, "old":true, "uncollectible":true, "marked":true}}
{"address":"0x7fb1f8084880", "type":"IMEMO", "class":"0x7fb1f8086bd0", "imemo_type":"ment", "memsize":48, "flags":{"wb_protected":true, "old":true, "uncollectible":true, "marked":true}}
{"address":"0x7fb1f80848a8", "type":"STRING", "class":"0x7fb1f80b7578", "frozen":true, "embedded":true, "fstring":true, "bytesize":5, "value":"fcntl", "encoding":"US-ASCII", "memsize":40, "flags":{"wb_protected":true, "old":true, "uncollectible":true, "marked":true}}
{"address":"0x7fb1f80848d0", "type":"STRING", "class":"0x7fb1f80b7578", "frozen":true, "fstring":true, "bytesize":29, "value":"SPECIFICATION_VERSION_HISTORY", "encoding":"US-ASCII", "memsize":70, "flags":{"wb_protected":true, "old":true, "uncollectible":true, "marked":true}}
{"address":"0x7fb1f80848f8", "type":"IMEMO", "class":"0x7fb1f8086bd0", "imemo_type":"ment", "memsize":48, "flags":{"wb_protected":true, "old":true, "uncollectible":true, "marked":true}}
{"address":"0x7fb1f8084920", "type":"STRING", "class":"0x7fb1f80b7578", "frozen":true, "embedded":true, "fstring":true, "bytesize":5, "value":"ioctl", "encoding":"US-ASCII", "memsize":40, "flags":{"wb_protected":true, "old":true, "uncollectible":true, "marked":true}}
{"address":"0x7fb1f8084970", "type":"IMEMO", "class":"0x7fb1f8086bd0", "imemo_type":"ment", "memsize":48, "flags":{"wb_protected":true, "old":true, "uncollectible":true, "marked":true}}
{"address":"0x7fb1f8084998", "type":"STRING", "class":"0x7fb1f80b7578", "frozen":true, "embedded":true, "fstring":true, "bytesize":6, "value":"advise", "encoding":"US-ASCII", "memsize":40, "flags":{"wb_protected":true, "old":true, "uncollectible":true, "marked":true}}
{"address":"0x7fb1f80849c0", "type":"STRING", "class":"0x7fb1f80b7578", "frozen":true, "fstring":true, "bytesize":24, "value":"    s.add_dependency(%q<", "encoding":"UTF-8", "memsize":65, "flags":{"wb_protected":true, "old":true, "uncollectible":true, "marked":true}}
{"address":"0x7fb1f80849e8", "type":"IMEMO", "class":"0x7fb1f8086bd0", "imemo_type":"ment", "memsize":48, "flags":{"wb_protected":true, "old":true, "uncollectible":true, "marked":true}}
{"address":"0x7fb1f8084a10", "type":"STRING", "class":"0x7fb1f80b7578", "frozen":true, "embedded":true, "fstring":true, "bytesize":7, "value":"sysseek", "encoding":"US-ASCII", "memsize":40, "flags":{"wb_protected":true, "old":true, "uncollectible":true, "marked":true}}
{"address":"0x7fb1f8084a38", "type":"IMEMO", "imemo_type":"iseq", "references":["0x7fb1f80849c0", "0x7fb1f8084e20", "0x7fb1f80ad7d0", "0x7fb1f8085758", "0x7fb1f801c8c0", "0x7fb1f808c788", "0x7fb1f8086068"], "memsize":1376, "flags":{"wb_protected":true, "old":true, "uncollectible":true, "marked":true}}
{"address":"0x7fb1f8084a60", "type":"IMEMO", "class":"0x7fb1f8086bd0", "imemo_type":"ment", "memsize":48, "flags":{"wb_protected":true, "old":true, "uncollectible":true, "marked":true}}
{"address":"0x7fb1f8084a88", "type":"STRING", "class":"0x7fb1f80b7578", "frozen":true, "embedded":true, "fstring":true, "bytesize":8, "value":"binmode?", "encoding":"US-ASCII", "memsize":40, "flags":{"wb_protected":true, "old":true, "uncollectible":true, "marked":true}}
{"address":"0x7fb1f8084ab0", "type":"ARRAY", "class":"0x7fb1f8097228", "length":0, "memsize":40, "flags":{"wb_protected":true, "old":true, "uncollectible":true, "marked":true}}
{"address":"0x7fb1f8084ad8", "type":"IMEMO", "class":"0x7fb1f8086bd0", "imemo_type":"ment", "memsize":48, "flags":{"wb_protected":true, "old":true, "uncollectible":true, "marked":true}}
{"address":"0x7fb1f8084b00", "type":"IMEMO", "class":"0x7fb1f8086bd0", "imemo_type":"ment", "memsize":48, "flags":{"wb_protected":true, "old":true, "uncollectible":true, "marked":true}}
{"address":"0x7fb1f8084b28", "type":"STRING", "class":"0x7fb1f80b7578", "frozen":true, "embedded":true, "fstring":true, "bytesize":4, "value":"tty?", "encoding":"US-ASCII", "memsize":40, "flags":{"wb_protected":true, "old":true, "uncollectible":true, "marked":true}}
{"address":"0x7fb1f8084b50", "type":"STRING", "class":"0x7fb1f80b7578", "frozen":true, "embedded":true, "fstring":true, "bytesize":6, "value":"  else", "encoding":"UTF-8", "memsize":40, "flags":{"wb_protected":true, "old":true, "uncollectible":true, "marked":true}}
{"address":"0x7fb1f8084b78", "type":"IMEMO", "class":"0x7fb1f8086bd0", "imemo_type":"ment", "memsize":48, "flags":{"wb_protected":true, "old":true, "uncollectible":true, "marked":true}}
{"address":"0x7fb1f8084ba0", "type":"STRING", "class":"0x7fb1f80b7578", "frozen":true, "embedded":true, "fstring":true, "bytesize":6, "value":"isatty", "encoding":"US-ASCII", "memsize":40, "flags":{"wb_protected":true, "old":true, "uncollectible":true, "marked":true}}
{"address":"0x7fb1f8084bc8", "type":"STRING", "class":"0x7fb1f80b7578", "embedded":true, "bytesize":4, "value":"ruby", "encoding":"UTF-8", "memsize":40, "flags":{"wb_protected":true, "old":true, "uncollectible":true, "marked":true}}
{"address":"0x7fb1f8084bf0", "type":"IMEMO", "class":"0x7fb1f8086bd0", "imemo_type":"ment", "memsize":48, "flags":{"wb_protected":true, "old":true, "uncollectible":true, "marked":true}}
{"address":"0x7fb1f8084c18", "type":"STRING", "class":"0x7fb1f80b7578", "frozen":true, "embedded":true, "fstring":true, "bytesize":11, "value":"close_write", "encoding":"US-ASCII", "memsize":40, "flags":{"wb_protected":true, "old":true, "uncollectible":true, "marked":true}}
{"address":"0x7fb1f8084c40", "type":"HASH", "class":"0x7fb1f8095130", "size":0, "memsize":40, "flags":{"wb_protected":true, "old":true, "uncollectible":true, "marked":true}}
{"address":"0x7fb1f8084c68", "type":"IMEMO", "class":"0x7fb1f8086bd0", "imemo_type":"ment", "memsize":48, "flags":{"wb_protected":true, "old":true, "uncollectible":true, "marked":true}}
{"address":"0x7fb1f8084c90", "type":"STRING", "class":"0x7fb1f80b7578", "frozen":true, "embedded":true, "fstring":true, "bytesize":10, "value":"close_read", "encoding":"US-ASCII", "memsize":40, "flags":{"wb_protected":true, "old":true, "uncollectible":true, "marked":true}}
{"address":"0x7fb1f8084cb8", "type":"STRING", "class":"0x7fb1f80b7578", "frozen":true, "fstring":true, "bytesize":29, "value":"CURRENT_SPECIFICATION_VERSION", "encoding":"US-ASCII", "memsize":70, "flags":{"wb_protected":true, "old":true, "uncollectible":true, "marked":true}}
{"address":"0x7fb1f8084ce0", "type":"IMEMO", "class":"0x7fb1f8086bd0", "imemo_type":"ment", "memsize":48, "flags":{"wb_protected":true, "old":true, "uncollectible":true, "marked":true}}
{"address":"0x7fb1f8084d08", "type":"STRING", "class":"0x7fb1f80b7578", "frozen":true, "embedded":true, "fstring":true, "bytesize":7, "value":"closed?", "encoding":"US-ASCII", "memsize":40, "flags":{"wb_protected":true, "old":true, "uncollectible":true, "marked":true}}
{"address":"0x7fb1f8084d58", "type":"IMEMO", "class":"0x7fb1f8086bd0", "imemo_type":"ment", "memsize":48, "flags":{"wb_protected":true, "old":true, "uncollectible":true, "marked":true}}
{"address":"0x7fb1f8084d80", "type":"STRING", "class":"0x7fb1f80b7578", "frozen":true, "embedded":true, "fstring":true, "bytesize":5, "value":"close", "encoding":"US-ASCII", "memsize":40, "flags":{"wb_protected":true, "old":true, "uncollectible":true, "marked":true}}
{"address":"0x7fb1f8084da8", "type":"STRING", "class":"0x7fb1f80b7578", "frozen":true, "embedded":true, "fstring":true, "bytesize":11, "value":"codepoints2", "encoding":"US-ASCII", "memsize":40, "flags":{"wb_protected":true, "old":true, "uncollectible":true, "marked":true}}
{"address":"0x7fb1f8084dd0", "type":"IMEMO", "class":"0x7fb1f8086bd0", "imemo_type":"ment", "memsize":48, "flags":{"wb_protected":true, "old":true, "uncollectible":true, "marked":true}}
{"address":"0x7fb1f8084df8", "type":"STRING", "class":"0x7fb1f80b7578", "frozen":true, "embedded":true, "fstring":true, "bytesize":14, "value":"close_on_exec=", "encoding":"US-ASCII", "memsize":40, "flags":{"wb_protected":true, "old":true, "uncollectible":true, "marked":true}}
{"address":"0x7fb1f8084e20", "type":"STRING", "class":"0x7fb1f80b7578", "frozen":true, "embedded":true, "fstring":true, "bytesize":10, "value":">.freeze, ", "encoding":"UTF-8", "memsize":40, "flags":{"wb_protected":true, "old":true, "uncollectible":true, "marked":true}}
{"address":"0x7fb1f8084e48", "type":"IMEMO", "class":"0x7fb1f8086bd0", "imemo_type":"ment", "memsize":48, "flags":{"wb_protected":true, "old":true, "uncollectible":true, "marked":true}}
{"address":"0x7fb1f8084e70", "type":"STRING", "class":"0x7fb1f80b7578", "frozen":true, "embedded":true, "fstring":true, "bytesize":14, "value":"close_on_exec?", "encoding":"US-ASCII", "memsize":40, "flags":{"wb_protected":true, "old":true, "uncollectible":true, "marked":true}}
{"address":"0x7fb1f8084e98", "type":"STRING", "class":"0x7fb1f80b7578", "frozen":true, "embedded":true, "fstring":true, "bytesize":15, "value":"_dependency(%q<", "encoding":"UTF-8", "memsize":40, "flags":{"wb_protected":true, "old":true, "uncollectible":true, "marked":true}}
{"address":"0x7fb1f8084ec0", "type":"IMEMO", "class":"0x7fb1f8086bd0", "imemo_type":"ment", "memsize":48, "flags":{"wb_protected":true, "old":true, "uncollectible":true, "marked":true}}
{"address":"0x7fb1f8084ee8", "type":"STRING", "class":"0x7fb1f80b7578", "frozen":true, "embedded":true, "fstring":true, "bytesize":4, "value":"eof?", "encoding":"US-ASCII", "memsize":40, "flags":{"wb_protected":true, "old":true, "uncollectible":true, "marked":true}}
{"address":"0x7fb1f8084f10", "type":"STRING", "class":"0x7fb1f80b7578", "frozen":true, "embedded":true, "fstring":true, "bytesize":10, "value":"    s.add_", "encoding":"UTF-8", "memsize":40, "flags":{"wb_protected":true, "old":true, "uncollectible":true, "marked":true}}
{"address":"0x7fb1f8084f38", "type":"IMEMO", "class":"0x7fb1f8086bd0", "imemo_type":"ment", "memsize":48, "flags":{"wb_protected":true, "old":true, "uncollectible":true, "marked":true}}
{"address":"0x7fb1f8084f60", "type":"STRING", "class":"0x7fb1f80b7578", "frozen":true, "embedded":true, "fstring":true, "bytesize":3, "value":"eof", "encoding":"US-ASCII", "memsize":40, "flags":{"wb_protected":true, "old":true, "uncollectible":true, "marked":true}}
{"address":"0x7fb1f8084f88", "type":"IMEMO", "imemo_type":"iseq", "references":["0x7fb1f8084f10", "0x7fb1f8084e98", "0x7fb1f8084e20", "0x7fb1f80ad7d0", "0x7fb1f8085758", "0x7fb1f801c8c0", "0x7fb1f808c788", "0x7fb1f8086068"], "memsize":2056, "flags":{"wb_protected":true, "old":true, "uncollectible":true, "marked":true}}
{"address":"0x7fb1f8084fb0", "type":"IMEMO", "class":"0x7fb1f8086bd0", "imemo_type":"ment", "memsize":48, "flags":{"wb_protected":true, "old":true, "uncollectible":true, "marked":true}}
{"address":"0x7fb1f8084fd8", "type":"STRING", "class":"0x7fb1f80b7578", "frozen":true, "embedded":true, "fstring":true, "bytesize":4, "value":"pos=", "encoding":"US-ASCII", "memsize":40, "flags":{"wb_protected":true, "old":true, "uncollectible":true, "marked":true}}
{"address":"0x7fb1f8085000", "type":"ARRAY", "class":"0x7fb1f8097228", "length":0, "memsize":40, "flags":{"wb_protected":true, "old":true, "uncollectible":true, "marked":true}}
{"address":"0x7fb1f8085028", "type":"IMEMO", "class":"0x7fb1f8086bd0", "imemo_type":"ment", "memsize":48, "flags":{"wb_protected":true, "old":true, "uncollectible":true, "marked":true}}
{"address":"0x7fb1f8085050", "type":"STRING", "class":"0x7fb1f80b7578", "frozen":true, "embedded":true, "fstring":true, "bytesize":3, "value":"pos", "encoding":"US-ASCII", "memsize":40, "flags":{"wb_protected":true, "old":true, "uncollectible":true, "marked":true}}
{"address":"0x7fb1f8085078", "type":"STRING", "class":"0x7fb1f80b7578", "frozen":true, "fstring":true, "bytesize":47, "value":"  if s.respond_to? :add_runtime_dependency then", "encoding":"UTF-8", "memsize":88, "flags":{"wb_protected":true, "old":true, "uncollectible":true, "marked":true}}
{"address":"0x7fb1f80850a0", "type":"IMEMO", "class":"0x7fb1f8086bd0", "imemo_type":"ment", "memsize":48, "flags":{"wb_protected":true, "old":true, "uncollectible":true, "marked":true}}
{"address":"0x7fb1f80850c8", "type":"STRING", "class":"0x7fb1f80b7578", "frozen":true, "embedded":true, "fstring":true, "bytesize":6, "value":"rewind", "encoding":"US-ASCII", "memsize":40, "flags":{"wb_protected":true, "old":true, "uncollectible":true, "marked":true}}
{"address":"0x7fb1f80850f0", "type":"STRING", "class":"0x7fb1f80b7578", "frozen":true, "embedded":true, "fstring":true, "bytesize":5, "value":"  end", "encoding":"UTF-8", "memsize":40, "flags":{"wb_protected":true, "old":true, "uncollectible":true, "marked":true}}
{"address":"0x7fb1f8085118", "type":"STRING", "class":"0x7fb1f80b7578", "frozen":true, "embedded":true, "fstring":true, "bytesize":9, "value":"SEEK_HOLE", "encoding":"US-ASCII", "memsize":40, "flags":{"wb_protected":true, "old":true, "uncollectible":true, "marked":true}}
{"address":"0x7fb1f8085140", "type":"STRING", "class":"0x7fb1f80b7578", "frozen":true, "fstring":true, "bytesize":30, "value":"    s.specification_version = ", "encoding":"UTF-8", "memsize":71, "flags":{"wb_protected":true, "old":true, "uncollectible":true, "marked":true}}
{"address":"0x7fb1f8085168", "type":"STRING", "class":"0x7fb1f80b7578", "frozen":true, "embedded":true, "fstring":true, "bytesize":9, "value":"SEEK_DATA", "encoding":"US-ASCII", "memsize":40, "flags":{"wb_protected":true, "old":true, "uncollectible":true, "marked":true}}
{"address":"0x7fb1f8085190", "type":"STRING", "class":"0x7fb1f80b7578", "frozen":true, "fstring":true, "bytesize":46, "value":"  if s.respond_to? :specification_version then", "encoding":"UTF-8", "memsize":87, "flags":{"wb_protected":true, "old":true, "uncollectible":true, "marked":true}}
{"address":"0x7fb1f80851b8", "type":"STRING", "class":"0x7fb1f80b7578", "frozen":true, "embedded":true, "fstring":true, "bytesize":8, "value":"SEEK_END", "encoding":"US-ASCII", "memsize":40, "flags":{"wb_protected":true, "old":true, "uncollectible":true, "marked":true}}
{"address":"0x7fb1f80851e0", "type":"STRING", "class":"0x7fb1f80b7578", "frozen":true, "fstring":true, "bytesize":40, "value":"\" if s.respond_to? :installed_by_version", "encoding":"UTF-8", "memsize":81, "flags":{"wb_protected":true, "old":true, "uncollectible":true, "marked":true}}
{"address":"0x7fb1f8085208", "type":"STRING", "class":"0x7fb1f80b7578", "frozen":true, "embedded":true, "fstring":true, "bytesize":8, "value":"SEEK_CUR", "encoding":"US-ASCII", "memsize":40, "flags":{"wb_protected":true, "old":true, "uncollectible":true, "marked":true}}
{"address":"0x7fb1f8085230", "type":"STRING", "class":"0x7fb1f80b7578", "frozen":true, "fstring":true, "bytesize":28, "value":"  s.installed_by_version = \"", "encoding":"UTF-8", "memsize":69, "flags":{"wb_protected":true, "old":true, "uncollectible":true, "marked":true}}
{"address":"0x7fb1f8085258", "type":"STRING", "class":"0x7fb1f80b7578", "frozen":true, "embedded":true, "fstring":true, "bytesize":8, "value":"SEEK_SET", "encoding":"US-ASCII", "memsize":40, "flags":{"wb_protected":true, "old":true, "uncollectible":true, "marked":true}}
{"address":"0x7fb1f80852a8", "type":"IMEMO", "class":"0x7fb1f8086bd0", "imemo_type":"ment", "memsize":48, "flags":{"wb_protected":true, "old":true, "uncollectible":true, "marked":true}}
{"address":"0x7fb1f80852d0", "type":"STRING", "class":"0x7fb1f80b7578", "frozen":true, "embedded":true, "fstring":true, "bytesize":4, "value":"seek", "encoding":"US-ASCII", "memsize":40, "flags":{"wb_protected":true, "old":true, "uncollectible":true, "marked":true}}
{"address":"0x7fb1f80852f8", "type":"ARRAY", "class":"0x7fb1f8097228", "length":0, "memsize":40, "flags":{"wb_protected":true, "old":true, "uncollectible":true, "marked":true}}
{"address":"0x7fb1f8085320", "type":"IMEMO", "class":"0x7fb1f8086bd0", "imemo_type":"ment", "memsize":48, "flags":{"wb_protected":true, "old":true, "uncollectible":true, "marked":true}}
{"address":"0x7fb1f8085348", "type":"STRING", "class":"0x7fb1f80b7578", "frozen":true, "embedded":true, "fstring":true, "bytesize":4, "value":"tell", "encoding":"US-ASCII", "memsize":40, "flags":{"wb_protected":true, "old":true, "uncollectible":true, "marked":true}}
{"address":"0x7fb1f8085370", "type":"ARRAY", "class":"0x7fb1f8097228", "length":2, "embedded":true, "references":["0x7fb1f807d4b8", "0x7fb1f807c798"], "memsize":40, "flags":{"wb_protected":true, "old":true, "uncollectible":true, "marked":true}}
{"address":"0x7fb1f8085398", "type":"IMEMO", "class":"0x7fb1f8086bd0", "imemo_type":"ment", "memsize":48, "flags":{"wb_protected":true, "old":true, "uncollectible":true, "marked":true}}
{"address":"0x7fb1f80853c0", "type":"IMEMO", "class":"0x7fb1f8086bd0", "imemo_type":"ment", "memsize":48, "flags":{"wb_protected":true, "old":true, "uncollectible":true, "marked":true}}
{"address":"0x7fb1f80853e8", "type":"IMEMO", "class":"0x7fb1f8086bd0", "imemo_type":"ment", "memsize":48, "flags":{"wb_protected":true, "old":true, "uncollectible":true, "marked":true}}
{"address":"0x7fb1f8085410", "type":"STRING", "class":"0x7fb1f80b7578", "frozen":true, "embedded":true, "fstring":true, "bytesize":6, "value":"ungetc", "encoding":"US-ASCII", "memsize":40, "flags":{"wb_protected":true, "old":true, "uncollectible":true, "marked":true}}
{"address":"0x7fb1f8085438", "type":"ARRAY", "class":"0x7fb1f8097228", "length":0, "memsize":40, "flags":{"wb_protected":true, "old":true, "uncollectible":true, "marked":true}}
{"address":"0x7fb1f8085460", "type":"IMEMO", "class":"0x7fb1f8086bd0", "imemo_type":"ment", "memsize":48, "flags":{"wb_protected":true, "old":true, "uncollectible":true, "marked":true}}
{"address":"0x7fb1f8085488", "type":"STRING", "class":"0x7fb1f80b7578", "frozen":true, "embedded":true, "fstring":true, "bytesize":9, "value":"ungetbyte", "encoding":"US-ASCII", "memsize":40, "flags":{"wb_protected":true, "old":true, "uncollectible":true, "marked":true}}
{"address":"0x7fb1f80854b0", "type":"STRING", "class":"0x7fb1f80b7578", "embedded":true, "bytesize":3, "value":"bin", "encoding":"UTF-8", "memsize":40, "flags":{"wb_protected":true, "old":true, "uncollectible":true, "marked":true}}
{"address":"0x7fb1f80854d8", "type":"IMEMO", "class":"0x7fb1f8086bd0", "imemo_type":"ment", "memsize":48, "flags":{"wb_protected":true, "old":true, "uncollectible":true, "marked":true}}
{"address":"0x7fb1f8085500", "type":"STRING", "class":"0x7fb1f80b7578", "frozen":true, "embedded":true, "fstring":true, "bytesize":8, "value":"readbyte", "encoding":"US-ASCII", "memsize":40, "flags":{"wb_protected":true, "old":true, "uncollectible":true, "marked":true}}
{"address":"0x7fb1f8085528", "type":"STRING", "class":"0x7fb1f80b7578", "frozen":true, "embedded":true, "fstring":true, "bytesize":4, "value":"  s.", "encoding":"UTF-8", "memsize":40, "flags":{"wb_protected":true, "old":true, "uncollectible":true, "marked":true}}
{"address":"0x7fb1f8085550", "type":"IMEMO", "class":"0x7fb1f8086bd0", "imemo_type":"ment", "memsize":48, "flags":{"wb_protected":true, "old":true, "uncollectible":true, "marked":true}}
{"address":"0x7fb1f8085578", "type":"STRING", "class":"0x7fb1f80b7578", "frozen":true, "embedded":true, "fstring":true, "bytesize":8, "value":"readchar", "encoding":"US-ASCII", "memsize":40, "flags":{"wb_protected":true, "old":true, "uncollectible":true, "marked":true}}
{"address":"0x7fb1f80855a0", "type":"IMEMO", "imemo_type":"iseq", "references":["0x7fb1f8085528", "0x7fb1f80d41f0", "0x7fb1f8085758", "0x7fb1f801c8c0", "0x7fb1f808c788", "0x7fb1f8086068"], "memsize":2436, "flags":{"wb_protected":true, "old":true, "uncollectible":true, "marked":true}}
{"address":"0x7fb1f80855c8", "type":"IMEMO", "class":"0x7fb1f8086bd0", "imemo_type":"ment", "memsize":48, "flags":{"wb_protected":true, "old":true, "uncollectible":true, "marked":true}}
{"address":"0x7fb1f80855f0", "type":"IMEMO", "class":"0x7fb1f8086bd0", "imemo_type":"ment", "memsize":48, "flags":{"wb_protected":true, "old":true, "uncollectible":true, "marked":true}}
{"address":"0x7fb1f8085618", "type":"IMEMO", "class":"0x7fb1f8086bd0", "imemo_type":"ment", "memsize":48, "flags":{"wb_protected":true, "old":true, "uncollectible":true, "marked":true}}
{"address":"0x7fb1f8085640", "type":"IMEMO", "class":"0x7fb1f8086bd0", "imemo_type":"ment", "memsize":48, "flags":{"wb_protected":true, "old":true, "uncollectible":true, "marked":true}}
{"address":"0x7fb1f8085668", "type":"IMEMO", "class":"0x7fb1f8086bd0", "imemo_type":"ment", "memsize":48, "flags":{"wb_protected":true, "old":true, "uncollectible":true, "marked":true}}
{"address":"0x7fb1f8085690", "type":"IMEMO", "class":"0x7fb1f8086bd0", "imemo_type":"ment", "memsize":48, "flags":{"wb_protected":true, "old":true, "uncollectible":true, "marked":true}}
{"address":"0x7fb1f80856b8", "type":"IMEMO", "class":"0x7fb1f8086bd0", "imemo_type":"ment", "memsize":48, "flags":{"wb_protected":true, "old":true, "uncollectible":true, "marked":true}}
{"address":"0x7fb1f80856e0", "type":"IMEMO", "class":"0x7fb1f8086bd0", "imemo_type":"ment", "memsize":48, "flags":{"wb_protected":true, "old":true, "uncollectible":true, "marked":true}}
{"address":"0x7fb1f8085708", "type":"IMEMO", "class":"0x7fb1f8086bd0", "imemo_type":"ment", "memsize":48, "flags":{"wb_protected":true, "old":true, "uncollectible":true, "marked":true}}
{"address":"0x7fb1f8085730", "type":"STRING", "class":"0x7fb1f80b7578", "frozen":true, "embedded":true, "fstring":true, "bytesize":7, "value":"lineno=", "encoding":"US-ASCII", "memsize":40, "flags":{"wb_protected":true, "old":true, "uncollectible":true, "marked":true}}
{"address":"0x7fb1f8085758", "type":"STRING", "class":"0x7fb1f80b7578", "frozen":true, "embedded":true, "fstring":true, "bytesize":16, "value":"block in to_ruby", "memsize":40, "flags":{"wb_protected":true, "old":true, "uncollectible":true, "marked":true}}
{"address":"0x7fb1f8085780", "type":"IMEMO", "class":"0x7fb1f8086bd0", "imemo_type":"ment", "memsize":48, "flags":{"wb_protected":true, "old":true, "uncollectible":true, "marked":true}}
{"address":"0x7fb1f80857a8", "type":"STRING", "class":"0x7fb1f80b7578", "frozen":true, "embedded":true, "fstring":true, "bytesize":6, "value":"lineno", "encoding":"US-ASCII", "memsize":40, "flags":{"wb_protected":true, "old":true, "uncollectible":true, "marked":true}}
{"address":"0x7fb1f80857f8", "type":"IMEMO", "class":"0x7fb1f8086bd0", "imemo_type":"ment", "memsize":48, "flags":{"wb_protected":true, "old":true, "uncollectible":true, "marked":true}}
{"address":"0x7fb1f8085820", "type":"STRING", "class":"0x7fb1f80b7578", "frozen":true, "embedded":true, "fstring":true, "bytesize":5, "value":"sync=", "encoding":"US-ASCII", "memsize":40, "flags":{"wb_protected":true, "old":true, "uncollectible":true, "marked":true}}
{"address":"0x7fb1f8085848", "type":"ARRAY", "frozen":true, "length":10, "memsize":120, "flags":{"wb_protected":true, "old":true, "uncollectible":true, "marked":true}}
{"address":"0x7fb1f8085870", "type":"IMEMO", "class":"0x7fb1f8086bd0", "imemo_type":"ment", "memsize":48, "flags":{"wb_protected":true, "old":true, "uncollectible":true, "marked":true}}
{"address":"0x7fb1f8085898", "type":"STRING", "class":"0x7fb1f80b7578", "frozen":true, "embedded":true, "fstring":true, "bytesize":4, "value":"sync", "encoding":"US-ASCII", "memsize":40, "flags":{"wb_protected":true, "old":true, "uncollectible":true, "marked":true}}
{"address":"0x7fb1f80858c0", "type":"STRING", "class":"0x7fb1f80b7578", "frozen":true, "embedded":true, "fstring":true, "bytesize":20, "value":"  s.require_paths = ", "encoding":"UTF-8", "memsize":40, "flags":{"wb_protected":true, "old":true, "uncollectible":true, "marked":true}}
{"address":"0x7fb1f80858e8", "type":"IMEMO", "class":"0x7fb1f8086bd0", "imemo_type":"ment", "memsize":48, "flags":{"wb_protected":true, "old":true, "uncollectible":true, "marked":true}}
{"address":"0x7fb1f8085910", "type":"STRING", "class":"0x7fb1f80b7578", "frozen":true, "embedded":true, "fstring":true, "bytesize":9, "value":"fdatasync", "encoding":"US-ASCII", "memsize":40, "flags":{"wb_protected":true, "old":true, "uncollectible":true, "marked":true}}
{"address":"0x7fb1f8085938", "type":"STRING", "class":"0x7fb1f80b7578", "frozen":true, "fstring":true, "bytesize":33, "value":"NONEXISTENT_SPECIFICATION_VERSION", "encoding":"US-ASCII", "memsize":74, "flags":{"wb_protected":true, "old":true, "uncollectible":true, "marked":true}}
{"address":"0x7fb1f8085960", "type":"IMEMO", "class":"0x7fb1f8086bd0", "imemo_type":"ment", "memsize":48, "flags":{"wb_protected":true, "old":true, "uncollectible":true, "marked":true}}
{"address":"0x7fb1f8085988", "type":"STRING", "class":"0x7fb1f80b7578", "frozen":true, "embedded":true, "fstring":true, "bytesize":5, "value":"fsync", "encoding":"US-ASCII", "memsize":40, "flags":{"wb_protected":true, "old":true, "uncollectible":true, "marked":true}}
{"address":"0x7fb1f80859b0", "type":"STRING", "class":"0x7fb1f80b7578", "frozen":true, "fstring":true, "bytesize":28, "value":" if s.respond_to? :metadata=", "encoding":"UTF-8", "memsize":69, "flags":{"wb_protected":true, "old":true, "uncollectible":true, "marked":true}}
{"address":"0x7fb1f80859d8", "type":"IMEMO", "class":"0x7fb1f8086bd0", "imemo_type":"ment", "memsize":48, "flags":{"wb_protected":true, "old":true, "uncollectible":true, "marked":true}}
{"address":"0x7fb1f8085a00", "type":"IMEMO", "class":"0x7fb1f8086bd0", "imemo_type":"ment", "memsize":48, "flags":{"wb_protected":true, "old":true, "uncollectible":true, "marked":true}}
{"address":"0x7fb1f8085a28", "type":"IMEMO", "class":"0x7fb1f8086bd0", "imemo_type":"ment", "memsize":48, "flags":{"wb_protected":true, "old":true, "uncollectible":true, "marked":true}}
{"address":"0x7fb1f8085a50", "type":"STRING", "class":"0x7fb1f80b7578", "frozen":true, "embedded":true, "fstring":true, "bytesize":6, "value":"fileno", "encoding":"US-ASCII", "memsize":40, "flags":{"wb_protected":true, "old":true, "uncollectible":true, "marked":true}}
{"address":"0x7fb1f8085a78", "type":"STRING", "class":"0x7fb1f80b7578", "frozen":true, "embedded":true, "fstring":true, "bytesize":15, "value":"  s.metadata = ", "encoding":"UTF-8", "memsize":40, "flags":{"wb_protected":true, "old":true, "uncollectible":true, "marked":true}}
{"address":"0x7fb1f8085aa0", "type":"IMEMO", "class":"0x7fb1f8086bd0", "imemo_type":"ment", "memsize":48, "flags":{"wb_protected":true, "old":true, "uncollectible":true, "marked":true}}
{"address":"0x7fb1f8085ac8", "type":"STRING", "class":"0x7fb1f80b7578", "frozen":true, "embedded":true, "fstring":true, "bytesize":6, "value":"pwrite", "encoding":"US-ASCII", "memsize":40, "flags":{"wb_protected":true, "old":true, "uncollectible":true, "marked":true}}
{"address":"0x7fb1f8085af0", "type":"STRING", "class":"0x7fb1f80b7578", "frozen":true, "fstring":true, "bytesize":45, "value":" if s.respond_to? :required_rubygems_version=", "encoding":"UTF-8", "memsize":86, "flags":{"wb_protected":true, "old":true, "uncollectible":true, "marked":true}}
{"address":"0x7fb1f8085b18", "type":"IMEMO", "class":"0x7fb1f8086bd0", "imemo_type":"ment", "memsize":48, "flags":{"wb_protected":true, "old":true, "uncollectible":true, "marked":true}}
{"address":"0x7fb1f8085b40", "type":"STRING", "class":"0x7fb1f80b7578", "frozen":true, "embedded":true, "fstring":true, "bytesize":5, "value":"pread", "encoding":"US-ASCII", "memsize":40, "flags":{"wb_protected":true, "old":true, "uncollectible":true, "marked":true}}
{"address":"0x7fb1f8085b68", "type":"STRING", "class":"0x7fb1f80b7578", "frozen":true, "fstring":true, "bytesize":32, "value":"  s.required_rubygems_version = ", "encoding":"UTF-8", "memsize":73, "flags":{"wb_protected":true, "old":true, "uncollectible":true, "marked":true}}
{"address":"0x7fb1f8085b90", "type":"IMEMO", "class":"0x7fb1f8086bd0", "imemo_type":"ment", "memsize":48, "flags":{"wb_protected":true, "old":true, "uncollectible":true, "marked":true}}
{"address":"0x7fb1f8085bb8", "type":"STRING", "class":"0x7fb1f80b7578", "frozen":true, "embedded":true, "fstring":true, "bytesize":7, "value":"sysread", "encoding":"US-ASCII", "memsize":40, "flags":{"wb_protected":true, "old":true, "uncollectible":true, "marked":true}}
{"address":"0x7fb1f8085be0", "type":"STRING", "class":"0x7fb1f80b7578", "frozen":true, "embedded":true, "fstring":true, "bytesize":15, "value":"  s.platform = ", "encoding":"UTF-8", "memsize":40, "flags":{"wb_protected":true, "old":true, "uncollectible":true, "marked":true}}
{"address":"0x7fb1f8085c08", "type":"IMEMO", "class":"0x7fb1f8086bd0", "imemo_type":"ment", "memsize":48, "flags":{"wb_protected":true, "old":true, "uncollectible":true, "marked":true}}
{"address":"0x7fb1f8085c30", "type":"STRING", "class":"0x7fb1f80b7578", "frozen":true, "embedded":true, "fstring":true, "bytesize":8, "value":"syswrite", "encoding":"US-ASCII", "memsize":40, "flags":{"wb_protected":true, "old":true, "uncollectible":true, "marked":true}}
{"address":"0x7fb1f8085c58", "type":"STRING", "class":"0x7fb1f80b7578", "frozen":true, "embedded":true, "fstring":true, "bytesize":14, "value":"  s.version = ", "encoding":"UTF-8", "memsize":40, "flags":{"wb_protected":true, "old":true, "uncollectible":true, "marked":true}}
{"address":"0x7fb1f8085c80", "type":"IMEMO", "class":"0x7fb1f8086bd0", "imemo_type":"ment", "memsize":48, "flags":{"wb_protected":true, "old":true, "uncollectible":true, "marked":true}}
{"address":"0x7fb1f8085ca8", "type":"IMEMO", "class":"0x7fb1f8086bd0", "imemo_type":"ment", "memsize":48, "flags":{"wb_protected":true, "old":true, "uncollectible":true, "marked":true}}
{"address":"0x7fb1f8085cd0", "type":"IMEMO", "class":"0x7fb1f8086bd0", "imemo_type":"ment", "memsize":48, "flags":{"wb_protected":true, "old":true, "uncollectible":true, "marked":true}}
{"address":"0x7fb1f8085cf8", "type":"IMEMO", "class":"0x7fb1f8086bd0", "imemo_type":"ment", "memsize":48, "flags":{"wb_protected":true, "old":true, "uncollectible":true, "marked":true}}
{"address":"0x7fb1f8085d20", "type":"IMEMO", "class":"0x7fb1f8086bd0", "imemo_type":"ment", "memsize":48, "flags":{"wb_protected":true, "old":true, "uncollectible":true, "marked":true}}
{"address":"0x7fb1f8085d48", "type":"IMEMO", "class":"0x7fb1f8086bd0", "imemo_type":"ment", "memsize":48, "flags":{"wb_protected":true, "old":true, "uncollectible":true, "marked":true}}
{"address":"0x7fb1f8085d70", "type":"IMEMO", "class":"0x7fb1f8086bd0", "imemo_type":"ment", "memsize":48, "flags":{"wb_protected":true, "old":true, "uncollectible":true, "marked":true}}
{"address":"0x7fb1f8085d98", "type":"IMEMO", "class":"0x7fb1f8086bd0", "imemo_type":"ment", "memsize":48, "flags":{"wb_protected":true, "old":true, "uncollectible":true, "marked":true}}
{"address":"0x7fb1f8085dc0", "type":"IMEMO", "class":"0x7fb1f8086bd0", "imemo_type":"ment", "memsize":48, "flags":{"wb_protected":true, "old":true, "uncollectible":true, "marked":true}}
{"address":"0x7fb1f8085de8", "type":"IMEMO", "class":"0x7fb1f8086bd0", "imemo_type":"ment", "memsize":48, "flags":{"wb_protected":true, "old":true, "uncollectible":true, "marked":true}}
{"address":"0x7fb1f8085e10", "type":"IMEMO", "class":"0x7fb1f8086bd0", "imemo_type":"ment", "memsize":48, "flags":{"wb_protected":true, "old":true, "uncollectible":true, "marked":true}}
{"address":"0x7fb1f8085e38", "type":"IMEMO", "class":"0x7fb1f8086bd0", "imemo_type":"ment", "memsize":48, "flags":{"wb_protected":true, "old":true, "uncollectible":true, "marked":true}}
{"address":"0x7fb1f8085e60", "type":"IMEMO", "class":"0x7fb1f8086bd0", "imemo_type":"ment", "memsize":48, "flags":{"wb_protected":true, "old":true, "uncollectible":true, "marked":true}}
{"address":"0x7fb1f8085e88", "type":"IMEMO", "class":"0x7fb1f8086bd0", "imemo_type":"ment", "memsize":48, "flags":{"wb_protected":true, "old":true, "uncollectible":true, "marked":true}}
{"address":"0x7fb1f8085eb0", "type":"STRING", "class":"0x7fb1f80b7578", "frozen":true, "embedded":true, "fstring":true, "bytesize":6, "value":"reopen", "encoding":"US-ASCII", "memsize":40, "flags":{"wb_protected":true, "old":true, "uncollectible":true, "marked":true}}
{"address":"0x7fb1f8085ed8", "type":"STRING", "class":"0x7fb1f80b7578", "frozen":true, "embedded":true, "fstring":true, "bytesize":11, "value":"  s.name = ", "encoding":"UTF-8", "memsize":40, "flags":{"wb_protected":true, "old":true, "uncollectible":true, "marked":true}}
{"address":"0x7fb1f8085f00", "type":"IMEMO", "class":"0x7fb1f8086bd0", "imemo_type":"ment", "memsize":48, "flags":{"wb_protected":true, "old":true, "uncollectible":true, "marked":true}}
{"address":"0x7fb1f8085f28", "type":"STRING", "class":"0x7fb1f80b7578", "frozen":true, "embedded":true, "fstring":true, "bytesize":2, "value":"$\\", "encoding":"US-ASCII", "memsize":40, "flags":{"wb_protected":true, "old":true, "uncollectible":true, "marked":true}}
{"address":"0x7fb1f8085f50", "type":"STRING", "class":"0x7fb1f80b7578", "frozen":true, "embedded":true, "fstring":true, "bytesize":1, "value":"\u0000", "encoding":"UTF-8", "memsize":40, "flags":{"wb_protected":true, "old":true, "uncollectible":true, "marked":true}}
{"address":"0x7fb1f8085f78", "type":"STRING", "class":"0x7fb1f80b7578", "frozen":true, "embedded":true, "fstring":true, "bytesize":3, "value":"$-0", "encoding":"US-ASCII", "memsize":40, "flags":{"wb_protected":true, "old":true, "uncollectible":true, "marked":true}}
{"address":"0x7fb1f8085fa0", "type":"STRING", "class":"0x7fb1f80b7578", "frozen":true, "fstring":true, "bytesize":25, "value":"# -*- encoding: utf-8 -*-", "encoding":"UTF-8", "memsize":66, "flags":{"wb_protected":true, "old":true, "uncollectible":true, "marked":true}}
{"address":"0x7fb1f8085fc8", "type":"STRING", "class":"0x7fb1f80b7578", "frozen":true, "embedded":true, "fstring":true, "bytesize":2, "value":"$/", "encoding":"US-ASCII", "memsize":40, "flags":{"wb_protected":true, "old":true, "uncollectible":true, "marked":true}}
{"address":"0x7fb1f8085ff0", "type":"STRING", "class":"0x7fb1f80b7578", "frozen":true, "embedded":true, "fstring":true, "bytesize":7, "value":"openssl", "encoding":"UTF-8", "memsize":40, "flags":{"wb_protected":true, "old":true, "uncollectible":true, "marked":true}}
{"address":"0x7fb1f8086018", "type":"STRING", "class":"0x7fb1f80b7578", "frozen":true, "fstring":true, "bytesize":1, "value":"\n", "encoding":"US-ASCII", "memsize":40, "flags":{"wb_protected":true, "old":true, "uncollectible":true, "marked":true}}
{"address":"0x7fb1f8086040", "type":"STRING", "class":"0x7fb1f80b7578", "frozen":true, "embedded":true, "fstring":true, "bytesize":2, "value":"$,", "encoding":"US-ASCII", "memsize":40, "flags":{"wb_protected":true, "old":true, "uncollectible":true, "marked":true}}
{"address":"0x7fb1f8086068", "type":"IMEMO", "imemo_type":"iseq", "references":["0x7fb1f8085ff0", "0x7fb1f8085fa0", "0x7fb1f80b4260", "0x7fb1f80b4260", "0x7fb1f80b4260", "0x7fb1f8085f50", "0x7fb1f80beaa8", "0x7fb1f8085f50", "0x7fb1f80a7718", "0x7fb1f8085ed8", "0x7fb1f8085c58", "0x7fb1f8085be0", "0x7fb1f80beaa8", "0x7fb1f8085b68", "0x7fb1f8085af0", "0x7fb1f8085a78", "0x7fb1f80859b0", "0x7fb1f80858c0", "0x7fb1f8085848", "0x7fb1f80855a0", "0x7fb1f8085230", "0x7fb1f80851e0", "0x7fb1f8085190", "0x7fb1f8085140", "0x7fb1f80850f0", "0x7fb1f8085078", "0x7fb1f8084f88", "0x7fb1f8084b50", "0x7fb1f8084a38", "0x7fb1f80850f0", "0x7fb1f80a6bd8", "0x7fb1f80c41b0", "0x7fb1f801c8c0", "0x7fb1f801c8c0", "0x7fb1f808c788", "0x7fb1f80855a0", "0x7fb1f8084f88", "0x7fb1f8084a38"], "memsize":12404, "flags":{"wb_protected":true, "old":true, "uncollectible":true, "marked":true}}
{"address":"0x7fb1f8086090", "type":"IMEMO", "class":"0x7fb1f8086bd0", "imemo_type":"ment", "memsize":48, "flags":{"wb_protected":true, "old":true, "uncollectible":true, "marked":true}}
{"address":"0x7fb1f80860b8", "type":"IMEMO", "class":"0x7fb1f8086ba8", "imemo_type":"ment", "memsize":48, "flags":{"wb_protected":true, "old":true, "uncollectible":true, "marked":true}}
{"address":"0x7fb1f80860e0", "type":"STRING", "class":"0x7fb1f80b7578", "frozen":true, "embedded":true, "fstring":true, "bytesize":11, "value":"copy_stream", "encoding":"US-ASCII", "memsize":40, "flags":{"wb_protected":true, "old":true, "uncollectible":true, "marked":true}}
{"address":"0x7fb1f8086108", "type":"IMEMO", "imemo_type":"iseq", "references":["0x7fb1f8076708", "0x7fb1f8076708", "0x7fb1f808c788"], "memsize":972, "flags":{"wb_protected":true, "old":true, "uncollectible":true, "marked":true}}
{"address":"0x7fb1f8086130", "type":"IMEMO", "class":"0x7fb1f8086ba8", "imemo_type":"ment", "memsize":48, "flags":{"wb_protected":true, "old":true, "uncollectible":true, "marked":true}}
{"address":"0x7fb1f8086158", "type":"IMEMO", "class":"0x7fb1f8086ba8", "imemo_type":"ment", "memsize":48, "flags":{"wb_protected":true, "old":true, "uncollectible":true, "marked":true}}
{"address":"0x7fb1f8086180", "type":"STRING", "class":"0x7fb1f80b7578", "frozen":true, "embedded":true, "fstring":true, "bytesize":4, "value":"pipe", "encoding":"US-ASCII", "memsize":40, "flags":{"wb_protected":true, "old":true, "uncollectible":true, "marked":true}}
{"address":"0x7fb1f80861a8", "type":"IMEMO", "imemo_type":"iseq", "references":["0x7fb1f801d180", "0x7fb1f801d180", "0x7fb1f808c788"], "memsize":556, "flags":{"wb_protected":true, "old":true, "uncollectible":true, "marked":true}}
{"address":"0x7fb1f80861d0", "type":"IMEMO", "class":"0x7fb1f8086ba8", "imemo_type":"ment", "memsize":48, "flags":{"wb_protected":true, "old":true, "uncollectible":true, "marked":true}}
{"address":"0x7fb1f80861f8", "type":"IMEMO", "class":"0x7fb1f8086ba8", "imemo_type":"ment", "memsize":48, "flags":{"wb_protected":true, "old":true, "uncollectible":true, "marked":true}}
{"address":"0x7fb1f8086220", "type":"STRING", "class":"0x7fb1f80b7578", "frozen":true, "embedded":true, "fstring":true, "bytesize":8, "value":"binwrite", "encoding":"US-ASCII", "memsize":40, "flags":{"wb_protected":true, "old":true, "uncollectible":true, "marked":true}}
{"address":"0x7fb1f8086248", "type":"STRING", "class":"0x7fb1f80b7578", "frozen":true, "embedded":true, "fstring":true, "bytesize":18, "value":"BasicSpecification", "encoding":"US-ASCII", "memsize":40, "flags":{"wb_protected":true, "old":true, "uncollectible":true, "marked":true}}
{"address":"0x7fb1f8086270", "type":"IMEMO", "class":"0x7fb1f8086ba8", "imemo_type":"ment", "memsize":48, "flags":{"wb_protected":true, "old":true, "uncollectible":true, "marked":true}}
{"address":"0x7fb1f8086298", "type":"IMEMO", "class":"0x7fb1f8086ba8", "imemo_type":"ment", "memsize":48, "flags":{"wb_protected":true, "old":true, "uncollectible":true, "marked":true}}
{"address":"0x7fb1f80862c0", "type":"STRING", "class":"0x7fb1f80b7578", "frozen":true, "embedded":true, "fstring":true, "bytesize":7, "value":"binread", "encoding":"US-ASCII", "memsize":40, "flags":{"wb_protected":true, "old":true, "uncollectible":true, "marked":true}}
{"address":"0x7fb1f80862e8", "type":"IMEMO", "imemo_type":"iseq", "references":["0x7fb1f801d450", "0x7fb1f801d450", "0x7fb1f808c788"], "memsize":660, "flags":{"wb_protected":true, "old":true, "uncollectible":true, "marked":true}}
{"address":"0x7fb1f8086310", "type":"IMEMO", "class":"0x7fb1f8086ba8", "imemo_type":"ment", "memsize":48, "flags":{"wb_protected":true, "old":true, "uncollectible":true, "marked":true}}
{"address":"0x7fb1f8086338", "type":"IMEMO", "class":"0x7fb1f8086ba8", "imemo_type":"ment", "memsize":48, "flags":{"wb_protected":true, "old":true, "uncollectible":true, "marked":true}}
{"address":"0x7fb1f8086360", "type":"IMEMO", "class":"0x7fb1f8086ba8", "imemo_type":"ment", "memsize":48, "flags":{"wb_protected":true, "old":true, "uncollectible":true, "marked":true}}
{"address":"0x7fb1f8086388", "type":"STRING", "class":"0x7fb1f80b7578", "frozen":true, "embedded":true, "fstring":true, "bytesize":7, "value":"foreach", "encoding":"US-ASCII", "memsize":40, "flags":{"wb_protected":true, "old":true, "uncollectible":true, "marked":true}}
{"address":"0x7fb1f80863b0", "type":"STRING", "class":"0x7fb1f80b7578", "frozen":true, "embedded":true, "fstring":true, "bytesize":4, "value":"\\1\\2", "encoding":"UTF-8", "memsize":40, "flags":{"wb_protected":true, "old":true, "uncollectible":true, "marked":true}}
{"address":"0x7fb1f80863d8", "type":"IMEMO", "class":"0x7fb1f8086ba8", "imemo_type":"ment", "memsize":48, "flags":{"wb_protected":true, "old":true, "uncollectible":true, "marked":true}}
{"address":"0x7fb1f8086400", "type":"STRING", "class":"0x7fb1f80b7578", "frozen":true, "embedded":true, "fstring":true, "bytesize":5, "value":"popen", "encoding":"US-ASCII", "memsize":40, "flags":{"wb_protected":true, "old":true, "uncollectible":true, "marked":true}}
{"address":"0x7fb1f8086428", "type":"IMEMO", "imemo_type":"iseq", "references":["0x7fb1f801d978", "0x7fb1f80863b0", "0x7fb1f801d838", "0x7fb1f80b4260", "0x7fb1f800c5d8", "0x7fb1f800c5d8", "0x7fb1f808c788"], "memsize":932, "flags":{"wb_protected":true, "old":true, "uncollectible":true, "marked":true}}
{"address":"0x7fb1f8086450", "type":"IMEMO", "class":"0x7fb1f8086ba8", "imemo_type":"ment", "memsize":48, "flags":{"wb_protected":true, "old":true, "uncollectible":true, "marked":true}}
{"address":"0x7fb1f8086478", "type":"STRING", "class":"0x7fb1f80b7578", "frozen":true, "embedded":true, "fstring":true, "bytesize":6, "value":"for_fd", "encoding":"US-ASCII", "memsize":40, "flags":{"wb_protected":true, "old":true, "uncollectible":true, "marked":true}}
{"address":"0x7fb1f80864a0", "type":"IMEMO", "imemo_type":"iseq", "references":["0x7fb1f8086518", "0x7fb1f801ddd8", "0x7fb1f801ddd8", "0x7fb1f808c788"], "memsize":684, "flags":{"wb_protected":true, "old":true, "uncollectible":true, "marked":true}}
{"address":"0x7fb1f80864c8", "type":"IMEMO", "class":"0x7fb1f8086ba8", "imemo_type":"ment", "memsize":48, "flags":{"wb_protected":true, "old":true, "uncollectible":true, "marked":true}}
{"address":"0x7fb1f80864f0", "type":"STRING", "class":"0x7fb1f80b7578", "frozen":true, "embedded":true, "fstring":true, "bytesize":7, "value":"sysopen", "encoding":"US-ASCII", "memsize":40, "flags":{"wb_protected":true, "old":true, "uncollectible":true, "marked":true}}
{"address":"0x7fb1f8086518", "type":"STRING", "class":"0x7fb1f80b7578", "frozen":true, "embedded":true, "fstring":true, "bytesize":8, "value":".gemspec", "encoding":"UTF-8", "memsize":40, "flags":{"wb_protected":true, "old":true, "uncollectible":true, "marked":true}}
{"address":"0x7fb1f8086540", "type":"IMEMO", "class":"0x7fb1f8086ba8", "imemo_type":"ment", "memsize":48, "flags":{"wb_protected":true, "old":true, "uncollectible":true, "marked":true}}
{"address":"0x7fb1f8086568", "type":"IMEMO", "class":"0x7fb1f8086ba8", "imemo_type":"ment", "memsize":48, "flags":{"wb_protected":true, "old":true, "uncollectible":true, "marked":true}}
{"address":"0x7fb1f8086590", "type":"ICLASS", "class":"0x7fb1f8086a40", "references":["0x7fb1f809f6d0"], "memsize":40, "flags":{"uncollectible":true, "marked":true}}
{"address":"0x7fb1f80865b8", "type":"STRING", "class":"0x7fb1f80b7578", "frozen":true, "bytesize":27, "capacity":47, "value":"IO::EINPROGRESSWaitWritable", "encoding":"US-ASCII", "memsize":88, "flags":{"wb_protected":true, "old":true, "uncollectible":true, "marked":true}}
{"address":"0x7fb1f80865e0", "type":"CLASS", "class":"0x7fb1f80bf700", "name":"Class", "references":["0x7fb1f809f6a8", "0x7fb1f8086608"], "memsize":464, "flags":{"wb_protected":true, "old":true, "uncollectible":true, "marked":true}}
{"address":"0x7fb1f8086608", "type":"CLASS", "class":"0x7fb1f80865e0", "name":"IO::EINPROGRESSWaitWritable", "references":["0x7fb1f8086590", "0x7fb1f80865b8"], "memsize":464, "flags":{"wb_protected":true, "old":true, "uncollectible":true, "marked":true}}
{"address":"0x7fb1f8086630", "type":"STRING", "class":"0x7fb1f80b7578", "frozen":true, "embedded":true, "fstring":true, "bytesize":23, "value":"EINPROGRESSWaitWritable", "encoding":"US-ASCII", "memsize":40, "flags":{"wb_protected":true, "old":true, "uncollectible":true, "marked":true}}
{"address":"0x7fb1f8086658", "type":"IMEMO", "imemo_type":"iseq", "references":["0x7fb1f8086518", "0x7fb1f801e0d0", "0x7fb1f801e0d0", "0x7fb1f808c788"], "memsize":1148, "flags":{"wb_protected":true, "old":true, "uncollectible":true, "marked":true}}
{"address":"0x7fb1f8086680", "type":"ICLASS", "class":"0x7fb1f8086b08", "references":["0x7fb1f809f6d0"], "memsize":40, "flags":{"uncollectible":true, "marked":true}}
{"address":"0x7fb1f80866a8", "type":"STRING", "class":"0x7fb1f80b7578", "frozen":true, "bytesize":27, "capacity":47, "value":"IO::EINPROGRESSWaitReadable", "encoding":"US-ASCII", "memsize":88, "flags":{"wb_protected":true, "old":true, "uncollectible":true, "marked":true}}
{"address":"0x7fb1f80866d0", "type":"CLASS", "class":"0x7fb1f80bf700", "name":"Class", "references":["0x7fb1f809f6a8", "0x7fb1f80866f8"], "memsize":464, "flags":{"wb_protected":true, "old":true, "uncollectible":true, "marked":true}}
{"address":"0x7fb1f80866f8", "type":"CLASS", "class":"0x7fb1f80866d0", "name":"IO::EINPROGRESSWaitReadable", "references":["0x7fb1f8086680", "0x7fb1f80866a8"], "memsize":464, "flags":{"wb_protected":true, "old":true, "uncollectible":true, "marked":true}}
{"address":"0x7fb1f8086720", "type":"STRING", "class":"0x7fb1f80b7578", "frozen":true, "embedded":true, "fstring":true, "bytesize":23, "value":"EINPROGRESSWaitReadable", "encoding":"US-ASCII", "memsize":40, "flags":{"wb_protected":true, "old":true, "uncollectible":true, "marked":true}}
{"address":"0x7fb1f8086748", "type":"IMEMO", "imemo_type":"iseq", "references":["0x7fb1f80c62a8", "0x7fb1f801e3c8", "0x7fb1f801e3c8", "0x7fb1f808c788"], "memsize":860, "flags":{"wb_protected":true, "old":true, "uncollectible":true, "marked":true}}
{"address":"0x7fb1f8086770", "type":"STRING", "class":"0x7fb1f80b7578", "frozen":true, "embedded":true, "fstring":true, "bytesize":23, "value":"EWOULDBLOCKWaitWritable", "encoding":"US-ASCII", "memsize":40, "flags":{"wb_protected":true, "old":true, "uncollectible":true, "marked":true}}
{"address":"0x7fb1f8086798", "type":"IMEMO", "imemo_type":"iseq", "references":["0x7fb1f808e5d8", "0x7fb1f808e5d8", "0x7fb1f808c788"], "memsize":636, "flags":{"wb_protected":true, "old":true, "uncollectible":true, "marked":true}}
{"address":"0x7fb1f80867c0", "type":"STRING", "class":"0x7fb1f80b7578", "frozen":true, "embedded":true, "fstring":true, "bytesize":23, "value":"EWOULDBLOCKWaitReadable", "encoding":"US-ASCII", "memsize":40, "flags":{"wb_protected":true, "old":true, "uncollectible":true, "marked":true}}
{"address":"0x7fb1f80867e8", "type":"IMEMO", "imemo_type":"iseq", "references":["0x7fb1f800e360", "0x7fb1f800e360", "0x7fb1f808c788"], "memsize":852, "flags":{"wb_protected":true, "old":true, "uncollectible":true, "marked":true}}
{"address":"0x7fb1f8086810", "type":"ICLASS", "class":"0x7fb1f8086a40", "references":["0x7fb1f80a5120"], "memsize":40, "flags":{"uncollectible":true, "marked":true}}
{"address":"0x7fb1f8086838", "type":"STRING", "class":"0x7fb1f80b7578", "frozen":true, "embedded":true, "bytesize":22, "value":"IO::EAGAINWaitWritable", "encoding":"US-ASCII", "memsize":40, "flags":{"wb_protected":true, "old":true, "uncollectible":true, "marked":true}}
{"address":"0x7fb1f8086860", "type":"CLASS", "class":"0x7fb1f80bf700", "name":"Class", "references":["0x7fb1f80a50f8", "0x7fb1f8086888"], "memsize":464, "flags":{"wb_protected":true, "old":true, "uncollectible":true, "marked":true}}
{"address":"0x7fb1f8086888", "type":"CLASS", "class":"0x7fb1f8086860", "name":"IO::EAGAINWaitWritable", "references":["0x7fb1f8086810", "0x7fb1f8086838"], "memsize":464, "flags":{"wb_protected":true, "old":true, "uncollectible":true, "marked":true}}
{"address":"0x7fb1f80868b0", "type":"STRING", "class":"0x7fb1f80b7578", "frozen":true, "embedded":true, "fstring":true, "bytesize":18, "value":"EAGAINWaitWritable", "encoding":"US-ASCII", "memsize":40, "flags":{"wb_protected":true, "old":true, "uncollectible":true, "marked":true}}
{"address":"0x7fb1f80868d8", "type":"IMEMO", "imemo_type":"iseq", "references":["0x7fb1f80f0eb8", "0x7fb1f80f0eb8", "0x7fb1f808c788"], "memsize":944, "flags":{"wb_protected":true, "old":true, "uncollectible":true, "marked":true}}
{"address":"0x7fb1f8086900", "type":"ICLASS", "class":"0x7fb1f8086b08", "references":["0x7fb1f80a5120"], "memsize":40, "flags":{"uncollectible":true, "marked":true}}
{"address":"0x7fb1f8086928", "type":"STRING", "class":"0x7fb1f80b7578", "frozen":true, "embedded":true, "bytesize":22, "value":"IO::EAGAINWaitReadable", "encoding":"US-ASCII", "memsize":40, "flags":{"wb_protected":true, "old":true, "uncollectible":true, "marked":true}}
{"address":"0x7fb1f8086950", "type":"CLASS", "class":"0x7fb1f80bf700", "name":"Class", "references":["0x7fb1f80a50f8", "0x7fb1f8086978"], "memsize":464, "flags":{"wb_protected":true, "old":true, "uncollectible":true, "marked":true}}
{"address":"0x7fb1f8086978", "type":"CLASS", "class":"0x7fb1f8086950", "name":"IO::EAGAINWaitReadable", "references":["0x7fb1f8086900", "0x7fb1f8086928"], "memsize":464, "flags":{"wb_protected":true, "old":true, "uncollectible":true, "marked":true}}
{"address":"0x7fb1f80869a0", "type":"STRING", "class":"0x7fb1f80b7578", "frozen":true, "embedded":true, "fstring":true, "bytesize":18, "value":"EAGAINWaitReadable", "encoding":"US-ASCII", "memsize":40, "flags":{"wb_protected":true, "old":true, "uncollectible":true, "marked":true}}
{"address":"0x7fb1f80869c8", "type":"STRING", "class":"0x7fb1f80b7578", "frozen":true, "embedded":true, "fstring":true, "bytesize":7, "value":"@usetty", "encoding":"US-ASCII", "memsize":40, "flags":{"wb_protected":true, "old":true, "uncollectible":true, "marked":true}}
{"address":"0x7fb1f80869f0", "type":"STRING", "class":"0x7fb1f80b7578", "frozen":true, "embedded":true, "bytesize":16, "value":"IO::WaitWritable", "encoding":"US-ASCII", "memsize":40, "flags":{"wb_protected":true, "old":true, "uncollectible":true, "marked":true}}
{"address":"0x7fb1f8086a18", "type":"OBJECT", "class":"0x7fb1f8112db0", "ivars":49, "references":["0x7fb1f80762a8", "0x7fb1f8076960", "0x7fb1f8077630", "0x7fb1f807ec50", "0x7fb1f8087c10", "0x7fb1f807eb88", "0x7fb1f8087530", "0x7fb1f8087c60", "0x7fb1f807d8c8", "0x7fb1f80de970", "0x7fb1f807f420", "0x7fb1f80854b0", "0x7fb1f8085438", "0x7fb1f8085370", "0x7fb1f80852f8", "0x7fb1f807eac0", "0x7fb1f8085000", "0x7fb1f806fe80", "0x7fb1f807e840", "0x7fb1f8084c40", "0x7fb1f8084bc8", "0x7fb1f8084ab0", "0x7fb1f807f538", "0x7fb1f807e700", "0x7fb1f8084268", "0x7fb1f8084740", "0x7fb1f80c6b68", "0x7fb1f8084538", "0x7fb1f80b4418", "0x7fb1f80763e8"], "memsize":432, "flags":{"wb_protected":true, "old":true, "uncollectible":true, "marked":true}}
{"address":"0x7fb1f8086a40", "type":"MODULE", "class":"0x7fb1f80c51c8", "name":"IO::WaitWritable", "references":["0x7fb1f80869f0"], "memsize":488, "flags":{"uncollectible":true, "marked":true}}
{"address":"0x7fb1f8086a68", "type":"STRING", "class":"0x7fb1f80b7578", "frozen":true, "embedded":true, "fstring":true, "bytesize":12, "value":"WaitWritable", "encoding":"US-ASCII", "memsize":40, "flags":{"wb_protected":true, "old":true, "uncollectible":true, "marked":true}}
{"address":"0x7fb1f8086ab8", "type":"STRING", "class":"0x7fb1f80b7578", "frozen":true, "embedded":true, "bytesize":16, "value":"IO::WaitReadable", "encoding":"US-ASCII", "memsize":40, "flags":{"wb_protected":true, "old":true, "uncollectible":true, "marked":true}}
{"address":"0x7fb1f8086ae0", "type":"STRING", "class":"0x7fb1f80b7578", "frozen":true, "embedded":true, "fstring":true, "bytesize":5, "value":"@errs", "encoding":"US-ASCII", "memsize":40, "flags":{"wb_protected":true, "old":true, "uncollectible":true, "marked":true}}
{"address":"0x7fb1f8086b08", "type":"MODULE", "class":"0x7fb1f80c51c8", "name":"IO::WaitReadable", "references":["0x7fb1f8086ab8"], "memsize":488, "flags":{"uncollectible":true, "marked":true}}
{"address":"0x7fb1f8086b30", "type":"STRING", "class":"0x7fb1f80b7578", "frozen":true, "embedded":true, "fstring":true, "bytesize":12, "value":"WaitReadable", "encoding":"US-ASCII", "memsize":40, "flags":{"wb_protected":true, "old":true, "uncollectible":true, "marked":true}}
{"address":"0x7fb1f8086b80", "type":"ICLASS", "class":"0x7fb1f80bcf28", "references":["0x7fb1f80c5240"], "memsize":40}
{"address":"0x7fb1f8086ba8", "type":"CLASS", "class":"0x7fb1f80bf700", "name":"Class", "references":["0x7fb1f80bf6b0", "0x7fb1f8086338", "0x7fb1f8086568", "0x7fb1f80861d0", "0x7fb1f8086270", "0x7fb1f8086310", "0x7fb1f80864c8", "0x7fb1f8086450", "0x7fb1f80863d8", "0x7fb1f8086360", "0x7fb1f8086298", "0x7fb1f80861f8", "0x7fb1f8086158", "0x7fb1f80860b8", "0x7fb1f8086130", "0x7fb1f8086540", "0x7fb1f8086bd0"], "memsize":976, "flags":{"wb_protected":true, "old":true, "uncollectible":true, "marked":true}}
{"address":"0x7fb1f8086bd0", "type":"CLASS", "class":"0x7fb1f8086ba8", "name":"IO", "references":["0x7fb1f807cc70", "0x7fb1f80856e0", "0x7fb1f80853c0", "0x7fb1f8085e88", "0x7fb1f8085c08", "0x7fb1f8085b90", "0x7fb1f8085b18", "0x7fb1f8085aa0", "0x7fb1f8085a28", "0x7fb1f8085960", "0x7fb1f80858e8", "0x7fb1f8085870", "0x7fb1f80857f8", "0x7fb1f8085780", "0x7fb1f8085708", "0x7fb1f8085550", "0x7fb1f80854d8", "0x7fb1f8085460", "0x7fb1f8085668", "0x7fb1f80853e8", "0x7fb1f8085320", "0x7fb1f80855c8", "0x7fb1f80852a8", "0x7fb1f80847e0", "0x7fb1f80850a0", "0x7fb1f8085028", "0x7fb1f8084fb0", "0x7fb1f8084f38", "0x7fb1f8084ec0", "0x7fb1f8084e48", "0x7fb1f8084dd0", "0x7fb1f8085cf8", "0x7fb1f8085cd0", "0x7fb1f8085ca8", "0x7fb1f8085640", "0x7fb1f8085c80", "0x7fb1f8085dc0", "0x7fb1f8084d58", "0x7fb1f8084ce0", "0x7fb1f8084c68", "0x7fb1f8084bf0", "0x7fb1f8084b78", "0x7fb1f8086090", "0x7fb1f8085f00", "0x7fb1f80849e8", "0x7fb1f8084970", "0x7fb1f8084b00", "0x7fb1f8084a60", "0x7fb1f8084808", "0x7fb1f8084768", "0x7fb1f80848f8", "0x7fb1f8084880", "0x7fb1f80859d8", "0x7fb1f8084560", "0x7fb1f80846f0", "0x7fb1f8085a00", "0x7fb1f80845d8", "0x7fb1f8046be8", "0x7fb1f8046bc0", "0x7fb1f8084650", "0x7fb1f8085d98", "0x7fb1f8085d70", "0x7fb1f8085d48", "0x7fb1f8085d20", "0x7fb1f8085690", "0x7fb1f8084ad8", "0x7fb1f80855f0", "0x7fb1f8085398", "0x7fb1f80856b8", "0x7fb1f80846c8", "0x7fb1f807cf40", "0x7fb1f8085de8", "0x7fb1f8085e60", "0x7fb1f8085e38", "0x7fb1f8085e10", "0x7fb1f8085618", "0x7fb1f8086bf8", "0x7fb1f8086b08", "0x7fb1f8086a40", "0x7fb1f8086978", "0x7fb1f8086888", "0x7fb1f8086978", "0x7fb1f8086888", "0x7fb1f80866f8", "0x7fb1f8086608"], "memsize":3048, "flags":{"wb_protected":true, "old":true, "uncollectible":true, "marked":true}}
{"address":"0x7fb1f8086bf8", "type":"STRING", "class":"0x7fb1f80b7578", "frozen":true, "embedded":true, "fstring":true, "bytesize":2, "value":"IO", "encoding":"US-ASCII", "memsize":40, "flags":{"wb_protected":true, "old":true, "uncollectible":true, "marked":true}}
{"address":"0x7fb1f8086c20", "type":"IMEMO", "imemo_type":"iseq", "references":["0x7fb1f8086c98", "0x7fb1fb02d208", "0x7fb1f808c788", "0x7fb1f8086e50"], "memsize":848, "flags":{"wb_protected":true, "old":true, "uncollectible":true, "marked":true}}
{"address":"0x7fb1f8086c48", "type":"IMEMO", "imemo_type":"ment", "references":["0x7fb1f80c4ef8"], "memsize":48, "flags":{"wb_protected":true, "old":true, "uncollectible":true, "marked":true}}
{"address":"0x7fb1f8086c70", "type":"STRING", "class":"0x7fb1f80b7578", "frozen":true, "embedded":true, "fstring":true, "bytesize":7, "value":"display", "encoding":"US-ASCII", "memsize":40, "flags":{"wb_protected":true, "old":true, "uncollectible":true, "marked":true}}
{"address":"0x7fb1f8086c98", "type":"STRING", "class":"0x7fb1f80b7578", "frozen":true, "fstring":true, "bytesize":25, "value":"block in same_attributes?", "memsize":66, "flags":{"wb_protected":true, "old":true, "uncollectible":true, "marked":true}}
{"address":"0x7fb1f8086cc0", "type":"IMEMO", "class":"0x7fb1f80bfbb0", "imemo_type":"ment", "memsize":48, "flags":{"wb_protected":true, "old":true, "uncollectible":true, "marked":true}}
{"address":"0x7fb1f8086ce8", "type":"IMEMO", "imemo_type":"ment", "references":["0x7fb1f80c4ef8"], "memsize":48, "flags":{"wb_protected":true, "old":true, "uncollectible":true, "marked":true}}
{"address":"0x7fb1f8086d10", "type":"STRING", "class":"0x7fb1f80b7578", "frozen":true, "embedded":true, "fstring":true, "bytesize":1, "value":"p", "encoding":"US-ASCII", "memsize":40, "flags":{"wb_protected":true, "old":true, "uncollectible":true, "marked":true}}
{"address":"0x7fb1f8086d60", "type":"IMEMO", "class":"0x7fb1f80bfbb0", "imemo_type":"ment", "memsize":48, "flags":{"wb_protected":true, "old":true, "uncollectible":true, "marked":true}}
{"address":"0x7fb1f8086d88", "type":"IMEMO", "imemo_type":"ment", "references":["0x7fb1f80c4ef8"], "memsize":48, "flags":{"wb_protected":true, "old":true, "uncollectible":true, "marked":true}}
{"address":"0x7fb1f8086db0", "type":"IMEMO", "class":"0x7fb1f80bfbb0", "imemo_type":"ment", "memsize":48, "flags":{"wb_protected":true, "old":true, "uncollectible":true, "marked":true}}
{"address":"0x7fb1f8086dd8", "type":"IMEMO", "imemo_type":"ment", "references":["0x7fb1f80c4ef8"], "memsize":48, "flags":{"wb_protected":true, "old":true, "uncollectible":true, "marked":true}}
{"address":"0x7fb1f8086e00", "type":"ARRAY", "length":1024, "references":["0x7fb1f8086e28", "0x7fb1f8086d10", "0x7fb1f8086c70", "0x7fb1f8086bf8", "0x7fb1f8086b30", "0x7fb1f8086a68", "0x7fb1f80869a0", "0x7fb1f80868b0", "0x7fb1f80867c0", "0x7fb1f8086770", "0x7fb1f8086720", "0x7fb1f8086630", "0x7fb1f80864f0", "0x7fb1f8086478", "0x7fb1f8086400", "0x7fb1f8086388", "0x7fb1f80862c0", "0x7fb1f8086220", "0x7fb1f8086180", "0x7fb1f80860e0", "0x7fb1f8086040", "0x7fb1f8085fc8", "0x7fb1f8085f78", "0x7fb1f8085f28", "0x7fb1f8085eb0", "0x7fb1f8085c30", "0x7fb1f8085bb8", "0x7fb1f8085b40", "0x7fb1f8085ac8", "0x7fb1f8085a50", "0x7fb1f8085988", "0x7fb1f8085910", "0x7fb1f8085898", "0x7fb1f8085820", "0x7fb1f80857a8", "0x7fb1f8085730", "0x7fb1f8085578", "0x7fb1f8085500", "0x7fb1f8085488", "0x7fb1f8085410", "0x7fb1f8085348", "0x7fb1f80852d0", "0x7fb1f8085258", "0x7fb1f8085208", "0x7fb1f80851b8", "0x7fb1f8085168", "0x7fb1f8085118", "0x7fb1f80850c8", "0x7fb1f8085050", "0x7fb1f8084fd8", "0x7fb1f8084f60", "0x7fb1f8084ee8", "0x7fb1f8084e70", "0x7fb1f8084df8", "0x7fb1f8084d80", "0x7fb1f8084d08", "0x7fb1f8084c90", "0x7fb1f8084c18", "0x7fb1f8084ba0", "0x7fb1f8084b28", "0x7fb1f8084a88", "0x7fb1f8084a10", "0x7fb1f8084998", "0x7fb1f8084920", "0x7fb1f80848a8", "0x7fb1f8084830", "0x7fb1f8084790", "0x7fb1f8084718", "0x7fb1f8084678", "0x7fb1f8084600", "0x7fb1f8084588", "0x7fb1f8084510", "0x7fb1f8084470", "0x7fb1f80843d0", "0x7fb1f8084330", "0x7fb1f80842e0", "0x7fb1f8084290", "0x7fb1f8084240", "0x7fb1f80840d8", "0x7fb1f807ffb0", "0x7fb1f807fd80", "0x7fb1f807f998", "0x7fb1f807f8f8", "0x7fb1f807f880", "0x7fb1f807f768", "0x7fb1f807f6f0", "0x7fb1f807f5b0", "0x7fb1f807f560", "0x7fb1f807f510", "0x7fb1f807f4c0", "0x7fb1f807f448", "0x7fb1f807f3f8", "0x7fb1f807f3a8", "0x7fb1f807f330", "0x7fb1f807f290", "0x7fb1f807f1a0", "0x7fb1f807f0d8", "0x7fb1f807f010", "0x7fb1f807ef48", "0x7fb1f807ee80", "0x7fb1f807edb8", "0x7fb1f807ecf0", "0x7fb1f807ec28", "0x7fb1f807eb60", "0x7fb1f807ea98", "0x7fb1f807e9d0", "0x7fb1f807e818", "0x7fb1f807e6d8", "0x7fb1f807e610", "0x7fb1f807e548", "0x7fb1f807e480", "0x7fb1f807e3b8", "0x7fb1f807e2f0", "0x7fb1f807e228", "0x7fb1f807e160", "0x7fb1f807e098", "0x7fb1f807dfd0", "0x7fb1f807df08", "0x7fb1f807de40", "0x7fb1f807ddc8", "0x7fb1f807dd50", "0x7fb1f807dcd8", "0x7fb1f807dc60", "0x7fb1f807dbe8", "0x7fb1f807db70", "0x7fb1f807daf8", "0x7fb1f807da80", "0x7fb1f807da08", "0x7fb1f807d990", "0x7fb1f807d918", "0x7fb1f807d8a0", "0x7fb1f807d828", "0x7fb1f807d7b0", "0x7fb1f807d738", "0x7fb1f807d6c0", "0x7fb1f807d620", "0x7fb1f807d5a8", "0x7fb1f807d508", "0x7fb1f807d490", "0x7fb1f807d418", "0x7fb1f807d3a0", "0x7fb1f807d328", "0x7fb1f807d2b0", "0x7fb1f807d238", "0x7fb1f807d1c0", "0x7fb1f807d148", "0x7fb1f807d0a8", "0x7fb1f807d058", "0x7fb1f807cfb8", "0x7fb1f807cf68", "0x7fb1f807cd88", "0x7fb1f807cd10", "0x7fb1f807cc20", "0x7fb1f807cbd0", "0x7fb1f807cb80", "0x7fb1f807cb30", "0x7fb1f807cae0", "0x7fb1f807ca90", "0x7fb1f807ca40", "0x7fb1f807c9f0", "0x7fb1f807c9a0", "0x7fb1f807c950", "0x7fb1f807c900", "0x7fb1f807c8b0", "0x7fb1f807c860", "0x7fb1f807c810", "0x7fb1f807c7c0", "0x7fb1f807c770", "0x7fb1f807c720", "0x7fb1f807c6d0", "0x7fb1f807c658", "0x7fb1f807c5e0", "0x7fb1f807c568", "0x7fb1f807c4c8", "0x7fb1f807c360", "0x7fb1f807c2e8", "0x7fb1f807c270", "0x7fb1f807c1f8", "0x7fb1f807c180", "0x7fb1f807c108", "0x7fb1f807c090", "0x7fb1f807c018", "0x7fb1f8077f40", "0x7fb1f8077ec8", "0x7fb1f8077e50", "0x7fb1f8077db0", "0x7fb1f8077d38", "0x7fb1f8077838", "0x7fb1f80777e8", "0x7fb1f8077798", "0x7fb1f8077748", "0x7fb1f80776f8", "0x7fb1f80776a8", "0x7fb1f8077658", "0x7fb1f8077608", "0x7fb1f80775b8", "0x7fb1f8077568", "0x7fb1f8077518", "0x7fb1f80774c8", "0x7fb1f8077478", "0x7fb1f8077428", "0x7fb1f80773d8", "0x7fb1f8077388", "0x7fb1f8077338", "0x7fb1f80772e8", "0x7fb1f80771a8", "0x7fb1f8077130", "0x7fb1f8076e60", "0x7fb1f8076de8", "0x7fb1f8076d70", "0x7fb1f8076cf8", "0x7fb1f8076c80", "0x7fb1f8076c08", "0x7fb1f8076b40", "0x7fb1f8076ac8", "0x7fb1f80769b0", "0x7fb1f8076938", "0x7fb1f80768c0", "0x7fb1f8076870", "0x7fb1f8076820", "0x7fb1f80767d0", "0x7fb1f8076780", "0x7fb1f8076730", "0x7fb1f80766e0", "0x7fb1f8076690", "0x7fb1f8076640", "0x7fb1f80765f0", "0x7fb1f80765a0", "0x7fb1f8076550", "0x7fb1f8076500", "0x7fb1f80764b0", "0x7fb1f8076460", "0x7fb1f8076410", "0x7fb1f80763c0", "0x7fb1f8076370", "0x7fb1f8076320", "0x7fb1f80762d0", "0x7fb1f8076280", "0x7fb1f8076230", "0x7fb1f80761e0", "0x7fb1f8076190", "0x7fb1f8076140", "0x7fb1f80760f0", "0x7fb1f8076028", "0x7fb1f8075f88", "0x7fb1f8075f10", "0x7fb1f8075e98", "0x7fb1f8075e20", "0x7fb1f8075c68", "0x7fb1f8075bf0", "0x7fb1f8075b50", "0x7fb1f8075ad8", "0x7fb1f8075a60", "0x7fb1f80759c0", "0x7fb1f8075740", "0x7fb1f80756a0", "0x7fb1f8075600", "0x7fb1f8075588", "0x7fb1f80754e8", "0x7fb1f8075448", "0x7fb1f80753d0", "0x7fb1f8075358", "0x7fb1f80752e0", "0x7fb1f8075268", "0x7fb1f80751f0", "0x7fb1f8075178", "0x7fb1f8075100", "0x7fb1f8075088", "0x7fb1f8075010", "0x7fb1f8074f98", "0x7fb1f8074f20", "0x7fb1f8074ea8", "0x7fb1f8074e30", "0x7fb1f8074d90", "0x7fb1f8074cf0", "0x7fb1f8074c78", "0x7fb1f8074ae8", "0x7fb1f8074520", "0x7fb1f80744a8", "0x7fb1f8074430", "0x7fb1f80743e0", "0x7fb1f80742f0", "0x7fb1f80741d8", "0x7fb1f80740e8", "0x7fb1f8074070", "0x7fb1f806ff20", "0x7fb1f806fe58", "0x7fb1f806fde0", "0x7fb1f806fd18", "0x7fb1f806fbd8", "0x7fb1f806fb38", "0x7fb1f806fac0", "0x7fb1f806f958", "0x7fb1f806f868", "0x7fb1f806f7c8", "0x7fb1f806f778", "0x7fb1f806f728", "0x7fb1f806f638", "0x7fb1f806f5c0", "0x7fb1f806f570", "0x7fb1f806f480", "0x7fb1f806f3e0", "0x7fb1f806f340", "0x7fb1f806f2c8", "0x7fb1f806f188", "0x7fb1f806eff8", "0x7fb1f806eeb8", "0x7fb1f806ee40", "0x7fb1f806edc8", "0x7fb1f806ed00", "0x7fb1f806ec88", "0x7fb1f806ebe8", "0x7fb1f806eb48", "0x7fb1f806ead0", "0x7fb1f806ea58", "0x7fb1f806e8c8", "0x7fb1f806e580", "0x7fb1f806e508", "0x7fb1f806e490", "0x7fb1f806e3c8", "0x7fb1f806e350", "0x7fb1f806e2d8", "0x7fb1f806e260", "0x7fb1f806e1e8", "0x7fb1f806df90", "0x7fb1f806df18", "0x7fb1f806de28", "0x7fb1f806ddb0", "0x7fb1f806dd38", "0x7fb1f806dcc0", "0x7fb1f806dc20", "0x7fb1f806dab8", "0x7fb1f806da40", "0x7fb1f806d9c8", "0x7fb1f806d8b0", "0x7fb1f806d838", "0x7fb1f806d770", "0x7fb1f806d720", "0x7fb1f806d658", "0x7fb1f806d5b8", "0x7fb1f806d518", "0x7fb1f806d478", "0x7fb1f806d3d8", "0x7fb1f806d338", "0x7fb1f806d298", "0x7fb1f806d1f8", "0x7fb1f806d158", "0x7fb1f806d0b8", "0x7fb1f806d018", "0x7fb1f806cf78", "0x7fb1f806ced8", "0x7fb1f806ce38", "0x7fb1f806cd98", "0x7fb1f806ccf8", "0x7fb1f806cc08", "0x7fb1f806cb68", "0x7fb1f806cac8", "0x7fb1f806ca28", "0x7fb1f806c988", "0x7fb1f806c8e8", "0x7fb1f806c848", "0x7fb1f806c7a8", "0x7fb1f806c708", "0x7fb1f806c6b8", "0x7fb1f806c668", "0x7fb1f806c618", "0x7fb1f806c5c8", "0x7fb1f806c550", "0x7fb1f806c4d8", "0x7fb1f806c348", "0x7fb1f806c2d0", "0x7fb1f806c258", "0x7fb1f806c1e0", "0x7fb1f806c140", "0x7fb1f806c0c8", "0x7fb1f8067f50", "0x7fb1f8067ed8", "0x7fb1f8067e10", "0x7fb1f8067d98", "0x7fb1f8067cf8", "0x7fb1f8067c58", "0x7fb1f8067bb8", "0x7fb1f8067b18", "0x7fb1f8067a78", "0x7fb1f80679d8", "0x7fb1f8067938", "0x7fb1f8067898", "0x7fb1f80677f8", "0x7fb1f8067758", "0x7fb1f80676b8", "0x7fb1f8067618", "0x7fb1f8067578", "0x7fb1f80674d8", "0x7fb1f8067438", "0x7fb1f8067398", "0x7fb1f80672f8", "0x7fb1f8067208", "0x7fb1f8066d58", "0x7fb1f8066c90", "0x7fb1f8066b28", "0x7fb1f80669c0", "0x7fb1f80668d0", "0x7fb1f8066858", "0x7fb1f80666a0", "0x7fb1f8066380", "0x7fb1f80660d8", "0x7fb1f8065fe8", "0x7fb1f8065f70", "0x7fb1f8065ef8", "0x7fb1f8065e80", "0x7fb1f8065db8", "0x7fb1f805fd78", "0x7fb1f805fd00", "0x7fb1f805fcb0", "0x7fb1f805fc60", "0x7fb1f805fc10", "0x7fb1f805fbc0", "0x7fb1f805faf8", "0x7fb1f805f9e0", "0x7fb1f805f918", "0x7fb1f805f828", "0x7fb1f805f710", "0x7fb1f805f698", "0x7fb1f805f580", "0x7fb1f805f4e0", "0x7fb1f805f440", "0x7fb1f805f350", "0x7fb1f805f2d8", "0x7fb1f805f210", "0x7fb1f805f198", "0x7fb1f805f120", "0x7fb1f805f008", "0x7fb1f805ef90", "0x7fb1f805eea0", "0x7fb1f805ee28", "0x7fb1f805edb0", "0x7fb1f805ece8", "0x7fb1f805ec48", "0x7fb1f805ebd0", "0x7fb1f805eb80", "0x7fb1f805eb30", "0x7fb1f805eab8", "0x7fb1f805ea40", "0x7fb1f805e9c8", "0x7fb1f805e950", "0x7fb1f805e8d8", "0x7fb1f805e860", "0x7fb1f805e7e8", "0x7fb1f805e770", "0x7fb1f805e6d0", "0x7fb1f805e658", "0x7fb1f805e5e0", "0x7fb1f805e568", "0x7fb1f805e4f0", "0x7fb1f805e478", "0x7fb1f805e310", "0x7fb1f805e270", "0x7fb1f805e1f8", "0x7fb1f805e0b8", "0x7fb1f805e040", "0x7fb1f805dfa0", "0x7fb1f805df28", "0x7fb1f805deb0", "0x7fb1f805de38", "0x7fb1f805ddc0", "0x7fb1f805dd48", "0x7fb1f805dc30", "0x7fb1f805dbb8", "0x7fb1f805dac8", "0x7fb1f805d9b0", "0x7fb1f805d8e8", "0x7fb1f805d870", "0x7fb1f805d7f8", "0x7fb1f805d758", "0x7fb1f805d708", "0x7fb1f805d6b8", "0x7fb1f805d5c8", "0x7fb1f805d4d8", "0x7fb1f805d460", "0x7fb1f805d3e8", "0x7fb1f805d370", "0x7fb1f805d2f8", "0x7fb1f805d280", "0x7fb1f805d1e0", "0x7fb1f805d118", "0x7fb1f805cee8", "0x7fb1f805ce70", "0x7fb1f805cdd0", "0x7fb1f805cd08", "0x7fb1f805cbc8", "0x7fb1f805c998", "0x7fb1f805c858", "0x7fb1f805c7e0", "0x7fb1f805c768", "0x7fb1f805c6c8", "0x7fb1f805c678", "0x7fb1f805c628", "0x7fb1f805c5d8", "0x7fb1f805c588", "0x7fb1f805c538", "0x7fb1f805c4e8", "0x7fb1f805c498", "0x7fb1f805c448", "0x7fb1f805c3f8", "0x7fb1f805c3a8", "0x7fb1f805c358", "0x7fb1f805c308", "0x7fb1f805c2b8", "0x7fb1f805c268", "0x7fb1f805c218", "0x7fb1f805c1c8", "0x7fb1f805c178"], "memsize":8232, "flags":{"wb_protected":true, "old":true, "uncollectible":true, "marked":true}}
{"address":"0x7fb1f8086e28", "type":"STRING", "class":"0x7fb1f80b7578", "frozen":true, "embedded":true, "fstring":true, "bytesize":9, "value":"readlines", "encoding":"US-ASCII", "memsize":40, "flags":{"wb_protected":true, "old":true, "uncollectible":true, "marked":true}}
{"address":"0x7fb1f8086e50", "type":"IMEMO", "imemo_type":"iseq", "references":["0x7fb1f8086c20", "0x7fb1fb02d208", "0x7fb1fb02d208", "0x7fb1f808c788", "0x7fb1f8086c20"], "memsize":564, "flags":{"wb_protected":true, "old":true, "uncollectible":true, "marked":true}}
{"address":"0x7fb1f8086e78", "type":"IMEMO", "class":"0x7fb1f80bfbb0", "imemo_type":"ment", "memsize":48, "flags":{"wb_protected":true, "old":true, "uncollectible":true, "marked":true}}
{"address":"0x7fb1f8086ea0", "type":"IMEMO", "imemo_type":"ment", "references":["0x7fb1f80c4ef8"], "memsize":48, "flags":{"wb_protected":true, "old":true, "uncollectible":true, "marked":true}}
{"address":"0x7fb1f8086ec8", "type":"IMEMO", "class":"0x7fb1f80bfbb0", "imemo_type":"ment", "memsize":48, "flags":{"wb_protected":true, "old":true, "uncollectible":true, "marked":true}}
{"address":"0x7fb1f8086ef0", "type":"IMEMO", "imemo_type":"ment", "references":["0x7fb1f80c4ef8"], "memsize":48, "flags":{"wb_protected":true, "old":true, "uncollectible":true, "marked":true}}
{"address":"0x7fb1f8086f18", "type":"STRING", "class":"0x7fb1f80b7578", "frozen":true, "embedded":true, "fstring":true, "bytesize":8, "value":"readline", "encoding":"US-ASCII", "memsize":40, "flags":{"wb_protected":true, "old":true, "uncollectible":true, "marked":true}}
{"address":"0x7fb1f8086f40", "type":"IMEMO", "imemo_type":"iseq", "references":["0x7fb1f800d280", "0x7fb1f800d280", "0x7fb1f808c788"], "memsize":604, "flags":{"wb_protected":true, "old":true, "uncollectible":true, "marked":true}}
{"address":"0x7fb1f8086f68", "type":"IMEMO", "class":"0x7fb1f80bfbb0", "imemo_type":"ment", "memsize":48, "flags":{"wb_protected":true, "old":true, "uncollectible":true, "marked":true}}
{"address":"0x7fb1f8086f90", "type":"IMEMO", "imemo_type":"ment", "references":["0x7fb1f80c4ef8"], "memsize":48, "flags":{"wb_protected":true, "old":true, "uncollectible":true, "marked":true}}
{"address":"0x7fb1f8086fb8", "type":"IMEMO", "class":"0x7fb1f80bfbb0", "imemo_type":"ment", "memsize":48, "flags":{"wb_protected":true, "old":true, "uncollectible":true, "marked":true}}
{"address":"0x7fb1f8086fe0", "type":"IMEMO", "imemo_type":"ment", "references":["0x7fb1f80c4ef8"], "memsize":48, "flags":{"wb_protected":true, "old":true, "uncollectible":true, "marked":true}}
{"address":"0x7fb1f8087008", "type":"STRING", "class":"0x7fb1f80b7578", "frozen":true, "embedded":true, "fstring":true, "bytesize":4, "value":"puts", "encoding":"US-ASCII", "memsize":40, "flags":{"wb_protected":true, "old":true, "uncollectible":true, "marked":true}}
{"address":"0x7fb1f8087030", "type":"STRING", "class":"0x7fb1f80b7578", "frozen":true, "fstring":true, "bytesize":28, "value":"ruby_code case not handled: ", "encoding":"UTF-8", "memsize":69, "flags":{"wb_protected":true, "old":true, "uncollectible":true, "marked":true}}
{"address":"0x7fb1f8087058", "type":"IMEMO", "class":"0x7fb1f80bfbb0", "imemo_type":"ment", "memsize":48, "flags":{"wb_protected":true, "old":true, "uncollectible":true, "marked":true}}
{"address":"0x7fb1f8087080", "type":"IMEMO", "imemo_type":"ment", "references":["0x7fb1f80c4ef8"], "memsize":48, "flags":{"wb_protected":true, "old":true, "uncollectible":true, "marked":true}}
{"address":"0x7fb1f80870a8", "type":"STRING", "class":"0x7fb1f80b7578", "frozen":true, "embedded":true, "fstring":true, "bytesize":4, "value":"putc", "encoding":"US-ASCII", "memsize":40, "flags":{"wb_protected":true, "old":true, "uncollectible":true, "marked":true}}
{"address":"0x7fb1f80870d0", "type":"STRING", "class":"0x7fb1f80b7578", "frozen":true, "embedded":true, "fstring":true, "bytesize":21, "value":"Gem::Requirement.new(", "encoding":"UTF-8", "memsize":40, "flags":{"wb_protected":true, "old":true, "uncollectible":true, "marked":true}}
{"address":"0x7fb1f80870f8", "type":"IMEMO", "class":"0x7fb1f80bfbb0", "imemo_type":"ment", "memsize":48, "flags":{"wb_protected":true, "old":true, "uncollectible":true, "marked":true}}
{"address":"0x7fb1f8087120", "type":"IMEMO", "imemo_type":"ment", "references":["0x7fb1f80c4ef8"], "memsize":48, "flags":{"wb_protected":true, "old":true, "uncollectible":true, "marked":true}}
{"address":"0x7fb1f8087148", "type":"STRING", "class":"0x7fb1f80b7578", "frozen":true, "embedded":true, "fstring":true, "bytesize":5, "value":"print", "encoding":"US-ASCII", "memsize":40, "flags":{"wb_protected":true, "old":true, "uncollectible":true, "marked":true}}
{"address":"0x7fb1f8087170", "type":"STRING", "class":"0x7fb1f80b7578", "frozen":true, "embedded":true, "fstring":true, "bytesize":18, "value":"Gem::Platform.new(", "encoding":"UTF-8", "memsize":40, "flags":{"wb_protected":true, "old":true, "uncollectible":true, "marked":true}}
{"address":"0x7fb1f8087198", "type":"IMEMO", "class":"0x7fb1f80bfbb0", "imemo_type":"ment", "memsize":48, "flags":{"wb_protected":true, "old":true, "uncollectible":true, "marked":true}}
{"address":"0x7fb1f80871c0", "type":"IMEMO", "imemo_type":"ment", "references":["0x7fb1f80c4ef8"], "memsize":48, "flags":{"wb_protected":true, "old":true, "uncollectible":true, "marked":true}}
{"address":"0x7fb1f80871e8", "type":"STRING", "class":"0x7fb1f80b7578", "frozen":true, "embedded":true, "fstring":true, "bytesize":6, "value":"printf", "encoding":"US-ASCII", "memsize":40, "flags":{"wb_protected":true, "old":true, "uncollectible":true, "marked":true}}
{"address":"0x7fb1f8087210", "type":"STRING", "class":"0x7fb1f80b7578", "frozen":true, "embedded":true, "fstring":true, "bytesize":8, "value":"%Y-%m-%d", "encoding":"UTF-8", "memsize":40, "flags":{"wb_protected":true, "old":true, "uncollectible":true, "marked":true}}
{"address":"0x7fb1f8087238", "type":"IMEMO", "class":"0x7fb1f80bfbb0", "imemo_type":"ment", "memsize":48, "flags":{"wb_protected":true, "old":true, "uncollectible":true, "marked":true}}
{"address":"0x7fb1f8087260", "type":"IMEMO", "imemo_type":"ment", "references":["0x7fb1f80c4ef8"], "memsize":48, "flags":{"wb_protected":true, "old":true, "uncollectible":true, "marked":true}}
{"address":"0x7fb1f8087288", "type":"STRING", "class":"0x7fb1f80b7578", "frozen":true, "embedded":true, "fstring":true, "bytesize":4, "value":"open", "encoding":"US-ASCII", "memsize":40, "flags":{"wb_protected":true, "old":true, "uncollectible":true, "marked":true}}
{"address":"0x7fb1f80872b0", "type":"STRING", "class":"0x7fb1f80b7578", "frozen":true, "embedded":true, "fstring":true, "bytesize":13, "value":"jaro_distance", "encoding":"US-ASCII", "memsize":40, "flags":{"wb_protected":true, "old":true, "uncollectible":true, "marked":true}}
{"address":"0x7fb1f80872d8", "type":"IMEMO", "class":"0x7fb1f80bfbb0", "imemo_type":"ment", "memsize":48, "flags":{"wb_protected":true, "old":true, "uncollectible":true, "marked":true}}
{"address":"0x7fb1f8087300", "type":"IMEMO", "imemo_type":"ment", "references":["0x7fb1f80c4ef8"], "memsize":48, "flags":{"wb_protected":true, "old":true, "uncollectible":true, "marked":true}}
{"address":"0x7fb1f8087328", "type":"STRING", "class":"0x7fb1f80b7578", "frozen":true, "embedded":true, "fstring":true, "bytesize":7, "value":"syscall", "encoding":"US-ASCII", "memsize":40, "flags":{"wb_protected":true, "old":true, "uncollectible":true, "marked":true}}
{"address":"0x7fb1f8087350", "type":"STRING", "class":"0x7fb1f80b7578", "frozen":true, "embedded":true, "fstring":true, "bytesize":2, "value":" }", "encoding":"UTF-8", "memsize":40, "flags":{"wb_protected":true, "old":true, "uncollectible":true, "marked":true}}
{"address":"0x7fb1f8087378", "type":"STRING", "class":"0x7fb1f80b7578", "frozen":true, "embedded":true, "fstring":true, "bytesize":12, "value":"set_encoding", "encoding":"US-ASCII", "memsize":40, "flags":{"wb_protected":true, "old":true, "uncollectible":true, "marked":true}}
{"address":"0x7fb1f80873a0", "type":"STRING", "class":"0x7fb1f80b7578", "frozen":true, "embedded":true, "fstring":true, "bytesize":2, "value":"{ ", "encoding":"UTF-8", "memsize":40, "flags":{"wb_protected":true, "old":true, "uncollectible":true, "marked":true}}
{"address":"0x7fb1f80873c8", "type":"STRING", "class":"0x7fb1f80b7578", "frozen":true, "embedded":true, "fstring":true, "bytesize":11, "value":"readpartial", "encoding":"US-ASCII", "memsize":40, "flags":{"wb_protected":true, "old":true, "uncollectible":true, "marked":true}}
{"address":"0x7fb1f80873f0", "type":"STRING", "class":"0x7fb1f80b7578", "frozen":true, "fstring":true, "bytesize":102, "capacity":158, "value":"/Users/rschneeman/.rubies/ruby-2.7.1/lib/ruby/gems/2.7.0/specifications/default/delegate-0.1.0.gemspec", "encoding":"US-ASCII", "memsize":199, "flags":{"wb_protected":true, "old":true, "uncollectible":true, "marked":true}}
{"address":"0x7fb1f8087418", "type":"STRING", "class":"0x7fb1f80b7578", "frozen":true, "embedded":true, "fstring":true, "bytesize":5, "value":"flush", "encoding":"US-ASCII", "memsize":40, "flags":{"wb_protected":true, "old":true, "uncollectible":true, "marked":true}}
{"address":"0x7fb1f8087440", "type":"STRING", "class":"0x7fb1f80b7578", "frozen":true, "embedded":true, "fstring":true, "bytesize":5, "value":"@outs", "encoding":"US-ASCII", "memsize":40, "flags":{"wb_protected":true, "old":true, "uncollectible":true, "marked":true}}
{"address":"0x7fb1f8087468", "type":"STRING", "class":"0x7fb1f80b7578", "frozen":true, "embedded":true, "fstring":true, "bytesize":4, "value":"getc", "encoding":"US-ASCII", "memsize":40, "flags":{"wb_protected":true, "old":true, "uncollectible":true, "marked":true}}
{"address":"0x7fb1f8087490", "type":"STRING", "class":"0x7fb1f80b7578", "frozen":true, "embedded":true, "fstring":true, "bytesize":9, "value":"test-unit", "encoding":"UTF-8", "memsize":40, "flags":{"wb_protected":true, "old":true, "uncollectible":true, "marked":true}}
{"address":"0x7fb1f80874b8", "type":"CLASS", "class":"0x7fb1f80bf700", "name":"Class", "references":["0x7fb1f8087558", "0x7fb1f80874e0"], "memsize":464, "flags":{"wb_protected":true, "old":true, "uncollectible":true, "marked":true}}
{"address":"0x7fb1f80874e0", "type":"CLASS", "class":"0x7fb1f80874b8", "name":"EOFError", "references":["0x7fb1f8087580", "0x7fb1f8087508"], "memsize":464, "flags":{"wb_protected":true, "old":true, "uncollectible":true, "marked":true}}
{"address":"0x7fb1f8087508", "type":"STRING", "class":"0x7fb1f80b7578", "frozen":true, "embedded":true, "fstring":true, "bytesize":8, "value":"EOFError", "encoding":"US-ASCII", "memsize":40, "flags":{"wb_protected":true, "old":true, "uncollectible":true, "marked":true}}
{"address":"0x7fb1f8087530", "type":"STRING", "class":"0x7fb1f80b7578", "frozen":true, "fstring":true, "bytesize":28, "value":"https://github.com/ruby/sdbm", "encoding":"UTF-8", "memsize":69, "flags":{"wb_protected":true, "old":true, "uncollectible":true, "marked":true}}
{"address":"0x7fb1f8087558", "type":"CLASS", "class":"0x7fb1f80bf700", "name":"Class", "references":["0x7fb1f80af260", "0x7fb1f8087580"], "memsize":464, "flags":{"wb_protected":true, "old":true, "uncollectible":true, "marked":true}}
{"address":"0x7fb1f8087580", "type":"CLASS", "class":"0x7fb1f8087558", "name":"IOError", "references":["0x7fb1f80af288", "0x7fb1f80875a8"], "memsize":616, "flags":{"wb_protected":true, "old":true, "uncollectible":true, "marked":true}}
{"address":"0x7fb1f80875a8", "type":"STRING", "class":"0x7fb1f80b7578", "frozen":true, "embedded":true, "fstring":true, "bytesize":7, "value":"IOError", "encoding":"US-ASCII", "memsize":40, "flags":{"wb_protected":true, "old":true, "uncollectible":true, "marked":true}}
{"address":"0x7fb1f80875d0", "type":"STRING", "class":"0x7fb1f80b7578", "frozen":true, "embedded":true, "fstring":true, "bytesize":11, "value":"sdbm.bundle", "encoding":"UTF-8", "memsize":40, "flags":{"wb_protected":true, "old":true, "uncollectible":true, "marked":true}}
{"address":"0x7fb1f80875f8", "type":"IMEMO", "class":"0x7fb1f8087b20", "imemo_type":"ment", "memsize":48, "flags":{"wb_protected":true, "old":true, "uncollectible":true, "marked":true}}
{"address":"0x7fb1f8087620", "type":"IMEMO", "class":"0x7fb1f8087b20", "imemo_type":"ment", "memsize":48, "flags":{"wb_protected":true, "old":true, "uncollectible":true, "marked":true}}
{"address":"0x7fb1f8087648", "type":"STRING", "class":"0x7fb1f80b7578", "frozen":true, "embedded":true, "fstring":true, "bytesize":6, "value":"cover?", "encoding":"US-ASCII", "memsize":40, "flags":{"wb_protected":true, "old":true, "uncollectible":true, "marked":true}}
{"address":"0x7fb1f8087670", "type":"STRING", "class":"0x7fb1f80b7578", "frozen":true, "embedded":true, "fstring":true, "bytesize":4, "value":"@ins", "encoding":"US-ASCII", "memsize":40, "flags":{"wb_protected":true, "old":true, "uncollectible":true, "marked":true}}
{"address":"0x7fb1f8087698", "type":"IMEMO", "class":"0x7fb1f8087b20", "imemo_type":"ment", "memsize":48, "flags":{"wb_protected":true, "old":true, "uncollectible":true, "marked":true}}
{"address":"0x7fb1f80876c0", "type":"IMEMO", "class":"0x7fb1f8087b20", "imemo_type":"ment", "memsize":48, "flags":{"wb_protected":true, "old":true, "uncollectible":true, "marked":true}}
{"address":"0x7fb1f80876e8", "type":"IMEMO", "class":"0x7fb1f8087b20", "imemo_type":"ment", "memsize":48, "flags":{"wb_protected":true, "old":true, "uncollectible":true, "marked":true}}
{"address":"0x7fb1f8087710", "type":"STRING", "class":"0x7fb1f80b7578", "frozen":true, "embedded":true, "fstring":true, "bytesize":12, "value":"exclude_end?", "encoding":"US-ASCII", "memsize":40, "flags":{"wb_protected":true, "old":true, "uncollectible":true, "marked":true}}
{"address":"0x7fb1f8087738", "type":"STRING", "class":"0x7fb1f80b7578", "frozen":true, "embedded":true, "fstring":true, "bytesize":19, "value":"ext/sdbm/extconf.rb", "encoding":"UTF-8", "memsize":40, "flags":{"wb_protected":true, "old":true, "uncollectible":true, "marked":true}}
{"address":"0x7fb1f8087760", "type":"IMEMO", "class":"0x7fb1f8087b20", "imemo_type":"ment", "memsize":48, "flags":{"wb_protected":true, "old":true, "uncollectible":true, "marked":true}}
{"address":"0x7fb1f8087788", "type":"IMEMO", "class":"0x7fb1f8087b20", "imemo_type":"ment", "memsize":48, "flags":{"wb_protected":true, "old":true, "uncollectible":true, "marked":true}}
{"address":"0x7fb1f80877b0", "type":"IMEMO", "class":"0x7fb1f8087b20", "imemo_type":"ment", "memsize":48, "flags":{"wb_protected":true, "old":true, "uncollectible":true, "marked":true}}
{"address":"0x7fb1f80877d8", "type":"IMEMO", "class":"0x7fb1f8087b20", "imemo_type":"ment", "memsize":48, "flags":{"wb_protected":true, "old":true, "uncollectible":true, "marked":true}}
{"address":"0x7fb1f8087800", "type":"IMEMO", "class":"0x7fb1f8087b20", "imemo_type":"ment", "memsize":48, "flags":{"wb_protected":true, "old":true, "uncollectible":true, "marked":true}}
{"address":"0x7fb1f8087828", "type":"IMEMO", "class":"0x7fb1f8087b20", "imemo_type":"ment", "memsize":48, "flags":{"wb_protected":true, "old":true, "uncollectible":true, "marked":true}}
{"address":"0x7fb1f8087850", "type":"IMEMO", "class":"0x7fb1f8087b20", "imemo_type":"ment", "memsize":48, "flags":{"wb_protected":true, "old":true, "uncollectible":true, "marked":true}}
{"address":"0x7fb1f8087878", "type":"IMEMO", "class":"0x7fb1f8087b20", "imemo_type":"ment", "memsize":48, "flags":{"wb_protected":true, "old":true, "uncollectible":true, "marked":true}}
{"address":"0x7fb1f80878a0", "type":"IMEMO", "class":"0x7fb1f8087b20", "imemo_type":"ment", "memsize":48, "flags":{"wb_protected":true, "old":true, "uncollectible":true, "marked":true}}
{"address":"0x7fb1f80878c8", "type":"IMEMO", "class":"0x7fb1f8087b20", "imemo_type":"ment", "memsize":48, "flags":{"wb_protected":true, "old":true, "uncollectible":true, "marked":true}}
{"address":"0x7fb1f80878f0", "type":"IMEMO", "class":"0x7fb1f8087b20", "imemo_type":"ment", "memsize":48, "flags":{"wb_protected":true, "old":true, "uncollectible":true, "marked":true}}
{"address":"0x7fb1f8087918", "type":"IMEMO", "class":"0x7fb1f8087b20", "imemo_type":"ment", "memsize":48, "flags":{"wb_protected":true, "old":true, "uncollectible":true, "marked":true}}
{"address":"0x7fb1f8087940", "type":"IMEMO", "class":"0x7fb1f8087b20", "imemo_type":"ment", "memsize":48, "flags":{"wb_protected":true, "old":true, "uncollectible":true, "marked":true}}
{"address":"0x7fb1f8087968", "type":"IMEMO", "class":"0x7fb1f8087b20", "imemo_type":"ment", "memsize":48, "flags":{"wb_protected":true, "old":true, "uncollectible":true, "marked":true}}
{"address":"0x7fb1f8087990", "type":"IMEMO", "class":"0x7fb1f8087b20", "imemo_type":"ment", "memsize":48, "flags":{"wb_protected":true, "old":true, "uncollectible":true, "marked":true}}
{"address":"0x7fb1f80879b8", "type":"IMEMO", "class":"0x7fb1f8087b20", "imemo_type":"ment", "memsize":48, "flags":{"wb_protected":true, "old":true, "uncollectible":true, "marked":true}}
{"address":"0x7fb1f80879e0", "type":"IMEMO", "class":"0x7fb1f8087b20", "imemo_type":"ment", "memsize":48, "flags":{"wb_protected":true, "old":true, "uncollectible":true, "marked":true}}
{"address":"0x7fb1f8087a08", "type":"IMEMO", "class":"0x7fb1f8087b20", "imemo_type":"ment", "memsize":48, "flags":{"wb_protected":true, "old":true, "uncollectible":true, "marked":true}}
{"address":"0x7fb1f8087a30", "type":"IMEMO", "class":"0x7fb1f8087b20", "imemo_type":"ment", "memsize":48, "flags":{"wb_protected":true, "old":true, "uncollectible":true, "marked":true}}
{"address":"0x7fb1f8087a58", "type":"IMEMO", "class":"0x7fb1f8087b20", "imemo_type":"ment", "memsize":48, "flags":{"wb_protected":true, "old":true, "uncollectible":true, "marked":true}}
{"address":"0x7fb1f8087a80", "type":"IMEMO", "class":"0x7fb1f8087b20", "imemo_type":"ment", "memsize":48, "flags":{"wb_protected":true, "old":true, "uncollectible":true, "marked":true}}
{"address":"0x7fb1f8087aa8", "type":"IMEMO", "class":"0x7fb1f8087b20", "imemo_type":"ment", "memsize":48, "flags":{"wb_protected":true, "old":true, "uncollectible":true, "marked":true}}
{"address":"0x7fb1f8087ad0", "type":"ICLASS", "class":"0x7fb1f80bcf28", "references":["0x7fb1f80c5240"], "memsize":40, "flags":{"uncollectible":true, "marked":true}}
{"address":"0x7fb1f8087af8", "type":"CLASS", "class":"0x7fb1f80bf700", "name":"Class", "references":["0x7fb1f80bf6b0", "0x7fb1f8087b20"], "memsize":464, "flags":{"wb_protected":true, "old":true, "uncollectible":true, "marked":true}}
{"address":"0x7fb1f8087b20", "type":"CLASS", "class":"0x7fb1f8087af8", "name":"Range", "references":["0x7fb1f8087ad0", "0x7fb1f8087aa8", "0x7fb1f8087a80", "0x7fb1f8087a58", "0x7fb1f8087a30", "0x7fb1f8087788", "0x7fb1f80877d8", "0x7fb1f8087a08", "0x7fb1f8087940", "0x7fb1f80877b0", "0x7fb1f8087918", "0x7fb1f80878f0", "0x7fb1f80875f8", "0x7fb1f8087968", "0x7fb1f8087698", "0x7fb1f8087850", "0x7fb1f8087878", "0x7fb1f8087760", "0x7fb1f80876e8", "0x7fb1f8087990", "0x7fb1f80878c8", "0x7fb1f80878a0", "0x7fb1f8087620", "0x7fb1f8087828", "0x7fb1f8087800", "0x7fb1f80879b8", "0x7fb1f80879e0", "0x7fb1f80876c0", "0x7fb1f8087b48", "0x7fb1f8087b98", "0x7fb1f8087b98"], "memsize":1488, "flags":{"wb_protected":true, "old":true, "uncollectible":true, "marked":true}}
{"address":"0x7fb1f8087b48", "type":"STRING", "class":"0x7fb1f80b7578", "frozen":true, "embedded":true, "fstring":true, "bytesize":5, "value":"Range", "encoding":"US-ASCII", "memsize":40, "flags":{"wb_protected":true, "old":true, "uncollectible":true, "marked":true}}
{"address":"0x7fb1f8087b70", "type":"STRING", "class":"0x7fb1f80b7578", "frozen":true, "embedded":true, "fstring":true, "bytesize":4, "value":" => ", "encoding":"UTF-8", "memsize":40, "flags":{"wb_protected":true, "old":true, "uncollectible":true, "marked":true}}
{"address":"0x7fb1f8087b98", "type":"ARRAY", "frozen":true, "length":3, "embedded":true, "memsize":40, "flags":{"wb_protected":true, "old":true, "uncollectible":true, "marked":true}}
{"address":"0x7fb1f8087bc0", "type":"IMEMO", "imemo_type":"iseq", "references":["0x7fb1f8087b70", "0x7fb1f8094398", "0x7fb1f802e9a8", "0x7fb1f808c788", "0x7fb1f8096b48"], "memsize":1376, "flags":{"wb_protected":true, "old":true, "uncollectible":true, "marked":true}}
{"address":"0x7fb1f8087be8", "type":"STRING", "class":"0x7fb1f80b7578", "frozen":true, "embedded":true, "fstring":true, "bytesize":4, "value":"excl", "encoding":"US-ASCII", "memsize":40, "flags":{"wb_protected":true, "old":true, "uncollectible":true, "marked":true}}
{"address":"0x7fb1f8087c10", "type":"STRING", "class":"0x7fb1f80b7578", "frozen":true, "fstring":true, "bytesize":73, "value":"Provides a simple file-based key-value store with String keys and values.", "encoding":"UTF-8", "memsize":114, "flags":{"wb_protected":true, "old":true, "uncollectible":true, "marked":true}}
{"address":"0x7fb1f8087c38", "type":"STRING", "class":"0x7fb1f80b7578", "frozen":true, "embedded":true, "fstring":true, "bytesize":13, "value":"MINOR_VERSION", "encoding":"US-ASCII", "memsize":40, "flags":{"wb_protected":true, "old":true, "uncollectible":true, "marked":true}}
{"address":"0x7fb1f8087c60", "type":"STRING", "class":"0x7fb1f80b7578", "frozen":true, "embedded":true, "fstring":true, "bytesize":4, "value":"sdbm", "encoding":"UTF-8", "memsize":40, "flags":{"wb_protected":true, "old":true, "uncollectible":true, "marked":true}}
{"address":"0x7fb1f8087c88", "type":"STRING", "class":"0x7fb1f80b7578", "frozen":true, "embedded":true, "fstring":true, "bytesize":13, "value":"MAJOR_VERSION", "encoding":"US-ASCII", "memsize":40, "flags":{"wb_protected":true, "old":true, "uncollectible":true, "marked":true}}
{"address":"0x7fb1f8087cb0", "type":"STRING", "class":"0x7fb1f80b7578", "frozen":true, "embedded":true, "fstring":true, "bytesize":1, "value":"]", "encoding":"UTF-8", "memsize":40, "flags":{"wb_protected":true, "old":true, "uncollectible":true, "marked":true}}
{"address":"0x7fb1f8087cd8", "type":"IMEMO", "class":"0x7fb1f8087e40", "imemo_type":"ment", "memsize":48, "flags":{"wb_protected":true, "old":true, "uncollectible":true, "marked":true}}
{"address":"0x7fb1f8087d00", "type":"IMEMO", "imemo_type":"ment", "references":["0x7fb1f808c148"], "memsize":48, "flags":{"wb_protected":true, "old":true, "uncollectible":true, "marked":true}}
{"address":"0x7fb1f8087d28", "type":"STRING", "class":"0x7fb1f80b7578", "frozen":true, "embedded":true, "fstring":true, "bytesize":7, "value":"restore", "encoding":"US-ASCII", "memsize":40, "flags":{"wb_protected":true, "old":true, "uncollectible":true, "marked":true}}
{"address":"0x7fb1f8087d78", "type":"IMEMO", "class":"0x7fb1f8087e40", "imemo_type":"ment", "memsize":48, "flags":{"wb_protected":true, "old":true, "uncollectible":true, "marked":true}}
{"address":"0x7fb1f8087da0", "type":"IMEMO", "imemo_type":"ment", "references":["0x7fb1f808c148"], "memsize":48, "flags":{"wb_protected":true, "old":true, "uncollectible":true, "marked":true}}
{"address":"0x7fb1f8087dc8", "type":"STRING", "class":"0x7fb1f80b7578", "frozen":true, "embedded":true, "fstring":true, "bytesize":4, "value":"load", "encoding":"US-ASCII", "memsize":40, "flags":{"wb_protected":true, "old":true, "uncollectible":true, "marked":true}}
{"address":"0x7fb1f8087e18", "type":"IMEMO", "class":"0x7fb1f8087e40", "imemo_type":"ment", "memsize":48, "flags":{"wb_protected":true, "old":true, "uncollectible":true, "marked":true}}
{"address":"0x7fb1f8087e40", "type":"CLASS", "class":"0x7fb1f80bf6d8", "name":"Module", "references":["0x7fb1f80c51c8", "0x7fb1f8087cd8", "0x7fb1f8087e18", "0x7fb1f8087d78", "0x7fb1f808c148"], "memsize":528, "flags":{"wb_protected":true, "old":true, "uncollectible":true, "marked":true}}
{"address":"0x7fb1f8087e68", "type":"IMEMO", "imemo_type":"ment", "references":["0x7fb1f808c148"], "memsize":48, "flags":{"wb_protected":true, "old":true, "uncollectible":true, "marked":true}}
{"address":"0x7fb1f8087e90", "type":"STRING", "class":"0x7fb1f80b7578", "frozen":true, "embedded":true, "fstring":true, "bytesize":1, "value":"E", "encoding":"US-ASCII", "memsize":40, "flags":{"wb_protected":true, "old":true, "uncollectible":true, "marked":true}}
{"address":"0x7fb1f8087ee0", "type":"STRING", "class":"0x7fb1f80b7578", "frozen":true, "embedded":true, "fstring":true, "bytesize":7, "value":"binmode", "encoding":"US-ASCII", "memsize":40, "flags":{"wb_protected":true, "old":true, "uncollectible":true, "marked":true}}
{"address":"0x7fb1f8087f08", "type":"STRING", "class":"0x7fb1f80b7578", "frozen":true, "embedded":true, "fstring":true, "bytesize":19, "value":"ext/strscan/extconf", "encoding":"UTF-8", "memsize":40, "flags":{"wb_protected":true, "old":true, "uncollectible":true, "marked":true}}
{"address":"0x7fb1f8087f30", "type":"STRING", "class":"0x7fb1f80b7578", "frozen":true, "embedded":true, "fstring":true, "bytesize":4, "value":"read", "encoding":"US-ASCII", "memsize":40, "flags":{"wb_protected":true, "old":true, "uncollectible":true, "marked":true}}
{"address":"0x7fb1f8087f58", "type":"STRING", "class":"0x7fb1f80b7578", "frozen":true, "embedded":true, "fstring":true, "bytesize":6, "value":"usetty", "encoding":"US-ASCII", "memsize":40, "flags":{"wb_protected":true, "old":true, "uncollectible":true, "marked":true}}
{"address":"0x7fb1f8087f80", "type":"STRING", "class":"0x7fb1f80b7578", "frozen":true, "embedded":true, "fstring":true, "bytesize":6, "value":"_alloc", "encoding":"US-ASCII", "memsize":40, "flags":{"wb_protected":true, "old":true, "uncollectible":true, "marked":true}}
{"address":"0x7fb1f808c008", "type":"STRING", "class":"0x7fb1f80b7578", "frozen":true, "embedded":true, "fstring":true, "bytesize":10, "value":"_load_data", "encoding":"US-ASCII", "memsize":40, "flags":{"wb_protected":true, "old":true, "uncollectible":true, "marked":true}}
{"address":"0x7fb1f808c058", "type":"STRING", "class":"0x7fb1f80b7578", "frozen":true, "embedded":true, "fstring":true, "bytesize":10, "value":"_dump_data", "encoding":"US-ASCII", "memsize":40, "flags":{"wb_protected":true, "old":true, "uncollectible":true, "marked":true}}
{"address":"0x7fb1f808c080", "type":"STRING", "class":"0x7fb1f80b7578", "frozen":true, "embedded":true, "fstring":true, "bytesize":10, "value":"err_stream", "encoding":"US-ASCII", "memsize":40, "flags":{"wb_protected":true, "old":true, "uncollectible":true, "marked":true}}
{"address":"0x7fb1f808c0a8", "type":"STRING", "class":"0x7fb1f80b7578", "frozen":true, "embedded":true, "fstring":true, "bytesize":12, "value":"marshal_load", "encoding":"US-ASCII", "memsize":40, "flags":{"wb_protected":true, "old":true, "uncollectible":true, "marked":true}}
{"address":"0x7fb1f808c0f8", "type":"STRING", "class":"0x7fb1f80b7578", "frozen":true, "embedded":true, "fstring":true, "bytesize":12, "value":"marshal_dump", "encoding":"US-ASCII", "memsize":40, "flags":{"wb_protected":true, "old":true, "uncollectible":true, "marked":true}}
{"address":"0x7fb1f808c120", "type":"STRING", "class":"0x7fb1f80b7578", "frozen":true, "embedded":true, "fstring":true, "bytesize":10, "value":"out_stream", "encoding":"US-ASCII", "memsize":40, "flags":{"wb_protected":true, "old":true, "uncollectible":true, "marked":true}}
{"address":"0x7fb1f808c148", "type":"MODULE", "class":"0x7fb1f8087e40", "name":"Marshal", "references":["0x7fb1f8087d00", "0x7fb1f8087e68", "0x7fb1f8087da0", "0x7fb1f808c170"], "memsize":616, "flags":{"wb_protected":true, "old":true, "uncollectible":true, "marked":true}}
{"address":"0x7fb1f808c170", "type":"STRING", "class":"0x7fb1f80b7578", "frozen":true, "embedded":true, "fstring":true, "bytesize":7, "value":"Marshal", "encoding":"US-ASCII", "memsize":40, "flags":{"wb_protected":true, "old":true, "uncollectible":true, "marked":true}}
{"address":"0x7fb1f808c1c0", "type":"IMEMO", "class":"0x7fb1f808d368", "imemo_type":"ment", "memsize":48, "flags":{"wb_protected":true, "old":true, "uncollectible":true, "marked":true}}
{"address":"0x7fb1f808c1e8", "type":"STRING", "class":"0x7fb1f80b7578", "frozen":true, "embedded":true, "fstring":true, "bytesize":17, "value":"incomplete_input?", "encoding":"US-ASCII", "memsize":40, "flags":{"wb_protected":true, "old":true, "uncollectible":true, "marked":true}}
{"address":"0x7fb1f808c210", "type":"ARRAY", "class":"0x7fb1f8097228", "length":2, "embedded":true, "references":["0x7fb1fb02c718", "0x7fb1fb02c6f0"], "memsize":40, "flags":{"wb_protected":true, "old":true, "uncollectible":true, "marked":true}}
{"address":"0x7fb1f808c238", "type":"IMEMO", "class":"0x7fb1f808d368", "imemo_type":"ment", "memsize":48, "flags":{"wb_protected":true, "old":true, "uncollectible":true, "marked":true}}
{"address":"0x7fb1f808c260", "type":"STRING", "class":"0x7fb1f80b7578", "frozen":true, "embedded":true, "fstring":true, "bytesize":15, "value":"readagain_bytes", "encoding":"US-ASCII", "memsize":40, "flags":{"wb_protected":true, "old":true, "uncollectible":true, "marked":true}}
{"address":"0x7fb1f808c288", "type":"STRING", "class":"0x7fb1f80b7578", "frozen":true, "embedded":true, "fstring":true, "bytesize":9, "value":"in_stream", "encoding":"US-ASCII", "memsize":40, "flags":{"wb_protected":true, "old":true, "uncollectible":true, "marked":true}}
{"address":"0x7fb1f808c2b0", "type":"IMEMO", "class":"0x7fb1f808d368", "imemo_type":"ment", "memsize":48, "flags":{"wb_protected":true, "old":true, "uncollectible":true, "marked":true}}
{"address":"0x7fb1f808c2d8", "type":"STRING", "class":"0x7fb1f80b7578", "frozen":true, "embedded":true, "fstring":true, "bytesize":11, "value":"error_bytes", "encoding":"US-ASCII", "memsize":40, "flags":{"wb_protected":true, "old":true, "uncollectible":true, "marked":true}}
{"address":"0x7fb1f808c300", "type":"STRING", "class":"0x7fb1f80b7578", "frozen":true, "embedded":true, "fstring":true, "bytesize":9, "value":"THRESHOLD", "encoding":"US-ASCII", "memsize":40, "flags":{"wb_protected":true, "old":true, "uncollectible":true, "marked":true}}
{"address":"0x7fb1f808c328", "type":"IMEMO", "class":"0x7fb1f808d368", "imemo_type":"ment", "memsize":48, "flags":{"wb_protected":true, "old":true, "uncollectible":true, "marked":true}}
{"address":"0x7fb1f808c350", "type":"IMEMO", "class":"0x7fb1f808d368", "imemo_type":"ment", "memsize":48, "flags":{"wb_protected":true, "old":true, "uncollectible":true, "marked":true}}
{"address":"0x7fb1f808c378", "type":"IMEMO", "class":"0x7fb1f808d368", "imemo_type":"ment", "memsize":48, "flags":{"wb_protected":true, "old":true, "uncollectible":true, "marked":true}}
{"address":"0x7fb1f808c3a0", "type":"IMEMO", "class":"0x7fb1f808d368", "imemo_type":"ment", "memsize":48, "flags":{"wb_protected":true, "old":true, "uncollectible":true, "marked":true}}
{"address":"0x7fb1f808c3c8", "type":"IMEMO", "class":"0x7fb1f808d430", "imemo_type":"ment", "memsize":48, "flags":{"wb_protected":true, "old":true, "uncollectible":true, "marked":true}}
{"address":"0x7fb1f808c3f0", "type":"STRING", "class":"0x7fb1f80b7578", "frozen":true, "embedded":true, "fstring":true, "bytesize":10, "value":"error_char", "encoding":"US-ASCII", "memsize":40, "flags":{"wb_protected":true, "old":true, "uncollectible":true, "marked":true}}
{"address":"0x7fb1f808c440", "type":"IMEMO", "class":"0x7fb1f808d430", "imemo_type":"ment", "memsize":48, "flags":{"wb_protected":true, "old":true, "uncollectible":true, "marked":true}}
{"address":"0x7fb1f808c468", "type":"IMEMO", "class":"0x7fb1f808d430", "imemo_type":"ment", "memsize":48, "flags":{"wb_protected":true, "old":true, "uncollectible":true, "marked":true}}
{"address":"0x7fb1f808c490", "type":"IMEMO", "class":"0x7fb1f808d430", "imemo_type":"ment", "memsize":48, "flags":{"wb_protected":true, "old":true, "uncollectible":true, "marked":true}}
{"address":"0x7fb1f808c4b8", "type":"STRING", "class":"0x7fb1f80b7578", "frozen":true, "fstring":true, "bytesize":25, "value":"destination_encoding_name", "encoding":"US-ASCII", "memsize":66, "flags":{"wb_protected":true, "old":true, "uncollectible":true, "marked":true}}
{"address":"0x7fb1f808c508", "type":"IMEMO", "class":"0x7fb1f808d430", "imemo_type":"ment", "memsize":48, "flags":{"wb_protected":true, "old":true, "uncollectible":true, "marked":true}}
{"address":"0x7fb1f808c530", "type":"STRING", "class":"0x7fb1f80b7578", "frozen":true, "embedded":true, "fstring":true, "bytesize":20, "value":"source_encoding_name", "encoding":"US-ASCII", "memsize":40, "flags":{"wb_protected":true, "old":true, "uncollectible":true, "marked":true}}
{"address":"0x7fb1f808c558", "type":"STRING", "class":"0x7fb1f80b7578", "frozen":true, "embedded":true, "fstring":true, "bytesize":15, "value":"has_test_suite?", "encoding":"US-ASCII", "memsize":40, "flags":{"wb_protected":true, "old":true, "uncollectible":true, "marked":true}}
{"address":"0x7fb1f808c580", "type":"STRING", "class":"0x7fb1f80b7578", "frozen":true, "fstring":true, "bytesize":24, "value":"XML_ATTR_QUOTE_DECORATOR", "encoding":"US-ASCII", "memsize":65, "flags":{"wb_protected":true, "old":true, "uncollectible":true, "marked":true}}
{"address":"0x7fb1f808c5a8", "type":"STRING", "class":"0x7fb1f80b7578", "frozen":true, "embedded":true, "fstring":true, "bytesize":6, "value":"WEIGHT", "encoding":"US-ASCII", "memsize":40, "flags":{"wb_protected":true, "old":true, "uncollectible":true, "marked":true}}
{"address":"0x7fb1f808c5d0", "type":"STRING", "class":"0x7fb1f80b7578", "frozen":true, "fstring":true, "bytesize":26, "value":"XML_ATTR_CONTENT_DECORATOR", "encoding":"US-ASCII", "memsize":67, "flags":{"wb_protected":true, "old":true, "uncollectible":true, "marked":true}}
{"address":"0x7fb1f808c620", "type":"STRING", "class":"0x7fb1f80b7578", "frozen":true, "embedded":true, "fstring":true, "bytesize":18, "value":"XML_TEXT_DECORATOR", "encoding":"US-ASCII", "memsize":40, "flags":{"wb_protected":true, "old":true, "uncollectible":true, "marked":true}}
{"address":"0x7fb1f808c670", "type":"STRING", "class":"0x7fb1f80b7578", "frozen":true, "embedded":true, "fstring":true, "bytesize":20, "value":"CR_NEWLINE_DECORATOR", "encoding":"US-ASCII", "memsize":40, "flags":{"wb_protected":true, "old":true, "uncollectible":true, "marked":true}}
{"address":"0x7fb1f808c6c0", "type":"STRING", "class":"0x7fb1f80b7578", "frozen":true, "embedded":true, "fstring":true, "bytesize":22, "value":"CRLF_NEWLINE_DECORATOR", "encoding":"US-ASCII", "memsize":40, "flags":{"wb_protected":true, "old":true, "uncollectible":true, "marked":true}}
{"address":"0x7fb1f808c710", "type":"STRING", "class":"0x7fb1f80b7578", "frozen":true, "fstring":true, "bytesize":27, "value":"UNIVERSAL_NEWLINE_DECORATOR", "encoding":"US-ASCII", "memsize":68, "flags":{"wb_protected":true, "old":true, "uncollectible":true, "marked":true}}
{"address":"0x7fb1f808c760", "type":"STRING", "class":"0x7fb1f80b7578", "frozen":true, "embedded":true, "fstring":true, "bytesize":12, "value":"AFTER_OUTPUT", "encoding":"US-ASCII", "memsize":40, "flags":{"wb_protected":true, "old":true, "uncollectible":true, "marked":true}}
{"address":"0x7fb1f808c788", "type":"STRING", "class":"0x7fb1f80b7578", "frozen":true, "fstring":true, "bytesize":77, "value":"/Users/rschneeman/.rubies/ruby-2.7.1/lib/ruby/2.7.0/rubygems/specification.rb", "encoding":"US-ASCII", "memsize":118, "flags":{"wb_protected":true, "old":true, "uncollectible":true, "marked":true}}
{"address":"0x7fb1f808c7b0", "type":"STRING", "class":"0x7fb1f80b7578", "frozen":true, "embedded":true, "fstring":true, "bytesize":13, "value":"PARTIAL_INPUT", "encoding":"US-ASCII", "memsize":40, "flags":{"wb_protected":true, "old":true, "uncollectible":true, "marked":true}}
{"address":"0x7fb1f808c800", "type":"STRING", "class":"0x7fb1f80b7578", "frozen":true, "embedded":true, "fstring":true, "bytesize":17, "value":"UNDEF_HEX_CHARREF", "encoding":"US-ASCII", "memsize":40, "flags":{"wb_protected":true, "old":true, "uncollectible":true, "marked":true}}
{"address":"0x7fb1f808c850", "type":"STRING", "class":"0x7fb1f80b7578", "frozen":true, "embedded":true, "fstring":true, "bytesize":13, "value":"UNDEF_REPLACE", "encoding":"US-ASCII", "memsize":40, "flags":{"wb_protected":true, "old":true, "uncollectible":true, "marked":true}}
{"address":"0x7fb1f808c8a0", "type":"STRING", "class":"0x7fb1f80b7578", "frozen":true, "embedded":true, "fstring":true, "bytesize":10, "value":"UNDEF_MASK", "encoding":"US-ASCII", "memsize":40, "flags":{"wb_protected":true, "old":true, "uncollectible":true, "marked":true}}
{"address":"0x7fb1f808c8f0", "type":"STRING", "class":"0x7fb1f80b7578", "frozen":true, "embedded":true, "fstring":true, "bytesize":15, "value":"INVALID_REPLACE", "encoding":"US-ASCII", "memsize":40, "flags":{"wb_protected":true, "old":true, "uncollectible":true, "marked":true}}
{"address":"0x7fb1f808c940", "type":"STRING", "class":"0x7fb1f80b7578", "frozen":true, "embedded":true, "fstring":true, "bytesize":12, "value":"INVALID_MASK", "encoding":"US-ASCII", "memsize":40, "flags":{"wb_protected":true, "old":true, "uncollectible":true, "marked":true}}
{"address":"0x7fb1f808c990", "type":"IMEMO", "class":"0x7fb1f808d0e8", "imemo_type":"ment", "memsize":48, "flags":{"wb_protected":true, "old":true, "uncollectible":true, "marked":true}}
{"address":"0x7fb1f808c9b8", "type":"IMEMO", "class":"0x7fb1f808d0e8", "imemo_type":"ment", "memsize":48, "flags":{"wb_protected":true, "old":true, "uncollectible":true, "marked":true}}
{"address":"0x7fb1f808c9e0", "type":"STRING", "class":"0x7fb1f80b7578", "frozen":true, "embedded":true, "fstring":true, "bytesize":12, "value":"replacement=", "encoding":"US-ASCII", "memsize":40, "flags":{"wb_protected":true, "old":true, "uncollectible":true, "marked":true}}
{"address":"0x7fb1f808ca30", "type":"IMEMO", "class":"0x7fb1f808d0e8", "imemo_type":"ment", "memsize":48, "flags":{"wb_protected":true, "old":true, "uncollectible":true, "marked":true}}
{"address":"0x7fb1f808ca58", "type":"STRING", "class":"0x7fb1f80b7578", "frozen":true, "embedded":true, "fstring":true, "bytesize":11, "value":"replacement", "encoding":"US-ASCII", "memsize":40, "flags":{"wb_protected":true, "old":true, "uncollectible":true, "marked":true}}
{"address":"0x7fb1f808caa8", "type":"IMEMO", "class":"0x7fb1f808d0e8", "imemo_type":"ment", "memsize":48, "flags":{"wb_protected":true, "old":true, "uncollectible":true, "marked":true}}
{"address":"0x7fb1f808cad0", "type":"STRING", "class":"0x7fb1f80b7578", "frozen":true, "embedded":true, "fstring":true, "bytesize":10, "value":"last_error", "encoding":"US-ASCII", "memsize":40, "flags":{"wb_protected":true, "old":true, "uncollectible":true, "marked":true}}
{"address":"0x7fb1f808cb20", "type":"IMEMO", "class":"0x7fb1f808d0e8", "imemo_type":"ment", "memsize":48, "flags":{"wb_protected":true, "old":true, "uncollectible":true, "marked":true}}
{"address":"0x7fb1f808cb48", "type":"STRING", "class":"0x7fb1f80b7578", "frozen":true, "embedded":true, "fstring":true, "bytesize":7, "value":"putback", "encoding":"US-ASCII", "memsize":40, "flags":{"wb_protected":true, "old":true, "uncollectible":true, "marked":true}}
{"address":"0x7fb1f808cb98", "type":"IMEMO", "class":"0x7fb1f808d0e8", "imemo_type":"ment", "memsize":48, "flags":{"wb_protected":true, "old":true, "uncollectible":true, "marked":true}}
{"address":"0x7fb1f808cbc0", "type":"STRING", "class":"0x7fb1f80b7578", "frozen":true, "embedded":true, "fstring":true, "bytesize":13, "value":"insert_output", "encoding":"US-ASCII", "memsize":40, "flags":{"wb_protected":true, "old":true, "uncollectible":true, "marked":true}}
{"address":"0x7fb1f808cc10", "type":"IMEMO", "class":"0x7fb1f808d0e8", "imemo_type":"ment", "memsize":48, "flags":{"wb_protected":true, "old":true, "uncollectible":true, "marked":true}}
{"address":"0x7fb1f808cc38", "type":"STRING", "class":"0x7fb1f80b7578", "frozen":true, "embedded":true, "fstring":true, "bytesize":17, "value":"primitive_errinfo", "encoding":"US-ASCII", "memsize":40, "flags":{"wb_protected":true, "old":true, "uncollectible":true, "marked":true}}
{"address":"0x7fb1f808cc88", "type":"IMEMO", "class":"0x7fb1f808d0e8", "imemo_type":"ment", "memsize":48, "flags":{"wb_protected":true, "old":true, "uncollectible":true, "marked":true}}
{"address":"0x7fb1f808ccb0", "type":"STRING", "class":"0x7fb1f80b7578", "frozen":true, "embedded":true, "fstring":true, "bytesize":6, "value":"finish", "encoding":"US-ASCII", "memsize":40, "flags":{"wb_protected":true, "old":true, "uncollectible":true, "marked":true}}
{"address":"0x7fb1f808cd00", "type":"IMEMO", "class":"0x7fb1f808d0e8", "imemo_type":"ment", "memsize":48, "flags":{"wb_protected":true, "old":true, "uncollectible":true, "marked":true}}
{"address":"0x7fb1f808cd28", "type":"STRING", "class":"0x7fb1f80b7578", "frozen":true, "embedded":true, "fstring":true, "bytesize":7, "value":"convert", "encoding":"US-ASCII", "memsize":40, "flags":{"wb_protected":true, "old":true, "uncollectible":true, "marked":true}}
{"address":"0x7fb1f808cd78", "type":"IMEMO", "class":"0x7fb1f808d0e8", "imemo_type":"ment", "memsize":48, "flags":{"wb_protected":true, "old":true, "uncollectible":true, "marked":true}}
{"address":"0x7fb1f808cda0", "type":"STRING", "class":"0x7fb1f80b7578", "frozen":true, "embedded":true, "fstring":true, "bytesize":17, "value":"primitive_convert", "encoding":"US-ASCII", "memsize":40, "flags":{"wb_protected":true, "old":true, "uncollectible":true, "marked":true}}
{"address":"0x7fb1f808cdf0", "type":"IMEMO", "class":"0x7fb1f808d0e8", "imemo_type":"ment", "memsize":48, "flags":{"wb_protected":true, "old":true, "uncollectible":true, "marked":true}}
{"address":"0x7fb1f808ce18", "type":"STRING", "class":"0x7fb1f80b7578", "frozen":true, "embedded":true, "fstring":true, "bytesize":20, "value":"destination_encoding", "encoding":"US-ASCII", "memsize":40, "flags":{"wb_protected":true, "old":true, "uncollectible":true, "marked":true}}
{"address":"0x7fb1f808ce68", "type":"IMEMO", "class":"0x7fb1f808d0e8", "imemo_type":"ment", "memsize":48, "flags":{"wb_protected":true, "old":true, "uncollectible":true, "marked":true}}
{"address":"0x7fb1f808ce90", "type":"STRING", "class":"0x7fb1f80b7578", "frozen":true, "embedded":true, "fstring":true, "bytesize":15, "value":"source_encoding", "encoding":"US-ASCII", "memsize":40, "flags":{"wb_protected":true, "old":true, "uncollectible":true, "marked":true}}
{"address":"0x7fb1f808ceb8", "type":"DATA", "struct":"autoload_const", "references":["0x7fb1f80348d0", "0x7fb1f808cf30"], "memsize":96}
{"address":"0x7fb1f808cee0", "type":"IMEMO", "class":"0x7fb1f808d0e8", "imemo_type":"ment", "memsize":48, "flags":{"wb_protected":true, "old":true, "uncollectible":true, "marked":true}}
{"address":"0x7fb1f808cf08", "type":"STRING", "class":"0x7fb1f80b7578", "frozen":true, "embedded":true, "fstring":true, "bytesize":8, "value":"convpath", "encoding":"US-ASCII", "memsize":40, "flags":{"wb_protected":true, "old":true, "uncollectible":true, "marked":true}}
{"address":"0x7fb1f808cf30", "type":"DATA", "struct":"autoload_i", "references":["0x7fb1f80a4220"], "memsize":80, "flags":{"uncollectible":true, "marked":true}}
{"address":"0x7fb1f808cf58", "type":"IMEMO", "class":"0x7fb1f808d0e8", "imemo_type":"ment", "memsize":48, "flags":{"wb_protected":true, "old":true, "uncollectible":true, "marked":true}}
{"address":"0x7fb1f808cf80", "type":"IMEMO", "class":"0x7fb1f808d0e8", "imemo_type":"ment", "memsize":48, "flags":{"wb_protected":true, "old":true, "uncollectible":true, "marked":true}}
{"address":"0x7fb1f808cfa8", "type":"IMEMO", "class":"0x7fb1f808d0c0", "imemo_type":"ment", "memsize":48, "flags":{"wb_protected":true, "old":true, "uncollectible":true, "marked":true}}
{"address":"0x7fb1f808cfd0", "type":"STRING", "class":"0x7fb1f80b7578", "frozen":true, "embedded":true, "fstring":true, "bytesize":15, "value":"search_convpath", "encoding":"US-ASCII", "memsize":40, "flags":{"wb_protected":true, "old":true, "uncollectible":true, "marked":true}}
{"address":"0x7fb1f808cff8", "type":"DATA", "struct":"autoload_const", "references":["0x7fb1f80348d0", "0x7fb1f808d070"], "memsize":96}
{"address":"0x7fb1f808d020", "type":"IMEMO", "class":"0x7fb1f808d0c0", "imemo_type":"ment", "memsize":48, "flags":{"wb_protected":true, "old":true, "uncollectible":true, "marked":true}}
{"address":"0x7fb1f808d048", "type":"STRING", "class":"0x7fb1f80b7578", "frozen":true, "embedded":true, "fstring":true, "bytesize":20, "value":"asciicompat_encoding", "encoding":"US-ASCII", "memsize":40, "flags":{"wb_protected":true, "old":true, "uncollectible":true, "marked":true}}
{"address":"0x7fb1f808d070", "type":"DATA", "struct":"autoload_i", "references":["0x7fb1f80a42e8"], "memsize":80, "flags":{"uncollectible":true, "marked":true}}
{"address":"0x7fb1f808d098", "type":"STRING", "class":"0x7fb1f80b7578", "frozen":true, "embedded":true, "bytesize":19, "value":"Encoding::Converter", "encoding":"US-ASCII", "memsize":40, "flags":{"wb_protected":true, "old":true, "uncollectible":true, "marked":true}}
{"address":"0x7fb1f808d0c0", "type":"CLASS", "class":"0x7fb1f80bf700", "name":"Class", "references":["0x7fb1f80be1c0", "0x7fb1f808d020", "0x7fb1f808cfa8", "0x7fb1f808d0e8"], "memsize":528, "flags":{"wb_protected":true, "old":true, "uncollectible":true, "marked":true}}
{"address":"0x7fb1f808d0e8", "type":"CLASS", "class":"0x7fb1f808d0c0", "name":"Encoding::Converter", "references":["0x7fb1f80be1e8", "0x7fb1f808cf80", "0x7fb1f808cee0", "0x7fb1f808ce68", "0x7fb1f808cdf0", "0x7fb1f808cd78", "0x7fb1f808cd00", "0x7fb1f808cc88", "0x7fb1f808cc10", "0x7fb1f808cb98", "0x7fb1f808cb20", "0x7fb1f808cf58", "0x7fb1f808caa8", "0x7fb1f808ca30", "0x7fb1f808c9b8", "0x7fb1f808c990", "0x7fb1f808d098"], "memsize":1512, "flags":{"wb_protected":true, "old":true, "uncollectible":true, "marked":true}}
{"address":"0x7fb1f808d110", "type":"STRING", "class":"0x7fb1f80b7578", "frozen":true, "embedded":true, "fstring":true, "bytesize":9, "value":"Converter", "encoding":"US-ASCII", "memsize":40, "flags":{"wb_protected":true, "old":true, "uncollectible":true, "marked":true}}
{"address":"0x7fb1f808d138", "type":"DATA", "struct":"autoload_const", "references":["0x7fb1f80348d0", "0x7fb1f808d1b0"], "memsize":96}
{"address":"0x7fb1f808d160", "type":"IMEMO", "class":"0x7fb1f80b7578", "imemo_type":"ment", "memsize":48, "flags":{"wb_protected":true, "old":true, "uncollectible":true, "marked":true}}
{"address":"0x7fb1f808d188", "type":"STRING", "class":"0x7fb1f80b7578", "frozen":true, "embedded":true, "fstring":true, "bytesize":7, "value":"encode!", "encoding":"US-ASCII", "memsize":40, "flags":{"wb_protected":true, "old":true, "uncollectible":true, "marked":true}}
{"address":"0x7fb1f808d1b0", "type":"DATA", "struct":"autoload_i", "references":["0x7fb1f80a43b0"], "memsize":80, "flags":{"uncollectible":true, "marked":true}}
{"address":"0x7fb1f808d1d8", "type":"IMEMO", "class":"0x7fb1f80b7578", "imemo_type":"ment", "memsize":48, "flags":{"wb_protected":true, "old":true, "uncollectible":true, "marked":true}}
{"address":"0x7fb1f808d200", "type":"STRING", "class":"0x7fb1f80b7578", "frozen":true, "embedded":true, "fstring":true, "bytesize":6, "value":"encode", "encoding":"US-ASCII", "memsize":40, "flags":{"wb_protected":true, "old":true, "uncollectible":true, "marked":true}}
{"address":"0x7fb1f808d228", "type":"DATA", "struct":"autoload_const", "references":["0x7fb1f80348d0", "0x7fb1f808d2f0"], "memsize":96}
{"address":"0x7fb1f808d250", "type":"STRING", "class":"0x7fb1f80b7578", "frozen":true, "bytesize":32, "capacity":47, "value":"Encoding::ConverterNotFoundError", "encoding":"US-ASCII", "memsize":88, "flags":{"wb_protected":true, "old":true, "uncollectible":true, "marked":true}}
{"address":"0x7fb1f808d278", "type":"CLASS", "class":"0x7fb1f80bf700", "name":"Class", "references":["0x7fb1f80ae2c0", "0x7fb1f808d2a0"], "memsize":464, "flags":{"wb_protected":true, "old":true, "uncollectible":true, "marked":true}}
{"address":"0x7fb1f808d2a0", "type":"CLASS", "class":"0x7fb1f808d278", "name":"Encoding::ConverterNotFoundError", "references":["0x7fb1f80ae2e8", "0x7fb1f808d250"], "memsize":464, "flags":{"wb_protected":true, "old":true, "uncollectible":true, "marked":true}}
{"address":"0x7fb1f808d2c8", "type":"STRING", "class":"0x7fb1f80b7578", "frozen":true, "embedded":true, "fstring":true, "bytesize":22, "value":"ConverterNotFoundError", "encoding":"US-ASCII", "memsize":40, "flags":{"wb_protected":true, "old":true, "uncollectible":true, "marked":true}}
{"address":"0x7fb1f808d2f0", "type":"DATA", "struct":"autoload_i", "references":["0x7fb1f80a4478"], "memsize":80, "flags":{"uncollectible":true, "marked":true}}
{"address":"0x7fb1f808d318", "type":"STRING", "class":"0x7fb1f80b7578", "frozen":true, "bytesize":34, "capacity":47, "value":"Encoding::InvalidByteSequenceError", "encoding":"US-ASCII", "memsize":88, "flags":{"wb_protected":true, "old":true, "uncollectible":true, "marked":true}}
{"address":"0x7fb1f808d340", "type":"CLASS", "class":"0x7fb1f80bf700", "name":"Class", "references":["0x7fb1f80ae2c0", "0x7fb1f808d368"], "memsize":464, "flags":{"wb_protected":true, "old":true, "uncollectible":true, "marked":true}}
{"address":"0x7fb1f808d368", "type":"CLASS", "class":"0x7fb1f808d340", "name":"Encoding::InvalidByteSequenceError", "references":["0x7fb1f80ae2e8", "0x7fb1f808c238", "0x7fb1f808c1c0", "0x7fb1f808c350", "0x7fb1f808c328", "0x7fb1f808c3a0", "0x7fb1f808c378", "0x7fb1f808c2b0", "0x7fb1f808d318"], "memsize":720, "flags":{"wb_protected":true, "old":true, "uncollectible":true, "marked":true}}
{"address":"0x7fb1f808d390", "type":"STRING", "class":"0x7fb1f80b7578", "frozen":true, "fstring":true, "bytesize":24, "value":"InvalidByteSequenceError", "encoding":"US-ASCII", "memsize":65, "flags":{"wb_protected":true, "old":true, "uncollectible":true, "marked":true}}
{"address":"0x7fb1f808d3e0", "type":"STRING", "class":"0x7fb1f80b7578", "frozen":true, "bytesize":34, "capacity":47, "value":"Encoding::UndefinedConversionError", "encoding":"US-ASCII", "memsize":88, "flags":{"wb_protected":true, "old":true, "uncollectible":true, "marked":true}}
{"address":"0x7fb1f808d408", "type":"CLASS", "class":"0x7fb1f80bf700", "name":"Class", "references":["0x7fb1f80ae2c0", "0x7fb1f808d430"], "memsize":464, "flags":{"wb_protected":true, "old":true, "uncollectible":true, "marked":true}}
{"address":"0x7fb1f808d430", "type":"CLASS", "class":"0x7fb1f808d408", "name":"Encoding::UndefinedConversionError", "references":["0x7fb1f80ae2e8", "0x7fb1f808c3c8", "0x7fb1f808c508", "0x7fb1f808c490", "0x7fb1f808c440", "0x7fb1f808c468", "0x7fb1f808d3e0"], "memsize":592, "flags":{"wb_protected":true, "old":true, "uncollectible":true, "marked":true}}
{"address":"0x7fb1f808d458", "type":"STRING", "class":"0x7fb1f80b7578", "frozen":true, "fstring":true, "bytesize":24, "value":"UndefinedConversionError", "encoding":"US-ASCII", "memsize":65, "flags":{"wb_protected":true, "old":true, "uncollectible":true, "marked":true}}
{"address":"0x7fb1f808d4a8", "type":"STRING", "class":"0x7fb1f80b7578", "frozen":true, "embedded":true, "fstring":true, "bytesize":2, "value":"lf", "encoding":"US-ASCII", "memsize":40, "flags":{"wb_protected":true, "old":true, "uncollectible":true, "marked":true}}
{"address":"0x7fb1f808d4d0", "type":"DATA", "struct":"autoload_const", "references":["0x7fb1f80348d0", "0x7fb1f808d520"], "memsize":96}
{"address":"0x7fb1f808d4f8", "type":"STRING", "class":"0x7fb1f80b7578", "frozen":true, "embedded":true, "fstring":true, "bytesize":2, "value":"cr", "encoding":"US-ASCII", "memsize":40, "flags":{"wb_protected":true, "old":true, "uncollectible":true, "marked":true}}
{"address":"0x7fb1f808d520", "type":"DATA", "struct":"autoload_i", "references":["0x7fb1f80a4590"], "memsize":80, "flags":{"uncollectible":true, "marked":true}}
{"address":"0x7fb1f808d548", "type":"STRING", "class":"0x7fb1f80b7578", "frozen":true, "embedded":true, "fstring":true, "bytesize":4, "value":"crlf", "encoding":"US-ASCII", "memsize":40, "flags":{"wb_protected":true, "old":true, "uncollectible":true, "marked":true}}
{"address":"0x7fb1f808d598", "type":"STRING", "class":"0x7fb1f80b7578", "frozen":true, "embedded":true, "fstring":true, "bytesize":9, "value":"universal", "encoding":"US-ASCII", "memsize":40, "flags":{"wb_protected":true, "old":true, "uncollectible":true, "marked":true}}
{"address":"0x7fb1f808d5e8", "type":"STRING", "class":"0x7fb1f80b7578", "frozen":true, "embedded":true, "fstring":true, "bytesize":7, "value":"newline", "encoding":"US-ASCII", "memsize":40, "flags":{"wb_protected":true, "old":true, "uncollectible":true, "marked":true}}
{"address":"0x7fb1f808d638", "type":"STRING", "class":"0x7fb1f80b7578", "frozen":true, "embedded":true, "fstring":true, "bytesize":13, "value":"partial_input", "encoding":"US-ASCII", "memsize":40, "flags":{"wb_protected":true, "old":true, "uncollectible":true, "marked":true}}
{"address":"0x7fb1f808d688", "type":"STRING", "class":"0x7fb1f80b7578", "frozen":true, "embedded":true, "fstring":true, "bytesize":10, "value":"cr_newline", "encoding":"US-ASCII", "memsize":40, "flags":{"wb_protected":true, "old":true, "uncollectible":true, "marked":true}}
{"address":"0x7fb1f808d6b0", "type":"DATA", "struct":"autoload_const", "references":["0x7fb1f80348d0", "0x7fb1f808d700"], "memsize":96}
{"address":"0x7fb1f808d6d8", "type":"STRING", "class":"0x7fb1f80b7578", "frozen":true, "embedded":true, "fstring":true, "bytesize":12, "value":"crlf_newline", "encoding":"US-ASCII", "memsize":40, "flags":{"wb_protected":true, "old":true, "uncollectible":true, "marked":true}}
{"address":"0x7fb1f808d700", "type":"DATA", "struct":"autoload_i", "references":["0x7fb1f80a46f8"], "memsize":80, "flags":{"uncollectible":true, "marked":true}}
{"address":"0x7fb1f808d728", "type":"STRING", "class":"0x7fb1f80b7578", "frozen":true, "embedded":true, "fstring":true, "bytesize":17, "value":"universal_newline", "encoding":"US-ASCII", "memsize":40, "flags":{"wb_protected":true, "old":true, "uncollectible":true, "marked":true}}
{"address":"0x7fb1f808d750", "type":"DATA", "struct":"autoload_const", "references":["0x7fb1f80348d0", "0x7fb1f808d7a0"], "memsize":96}
{"address":"0x7fb1f808d778", "type":"STRING", "class":"0x7fb1f80b7578", "frozen":true, "embedded":true, "fstring":true, "bytesize":16, "value":"incomplete_input", "encoding":"US-ASCII", "memsize":40, "flags":{"wb_protected":true, "old":true, "uncollectible":true, "marked":true}}
{"address":"0x7fb1f808d7a0", "type":"DATA", "struct":"autoload_i", "references":["0x7fb1f80a47c0"], "memsize":80, "flags":{"uncollectible":true, "marked":true}}
{"address":"0x7fb1f808d7c8", "type":"STRING", "class":"0x7fb1f80b7578", "frozen":true, "embedded":true, "fstring":true, "bytesize":12, "value":"after_output", "encoding":"US-ASCII", "memsize":40, "flags":{"wb_protected":true, "old":true, "uncollectible":true, "marked":true}}
{"address":"0x7fb1f808d7f0", "type":"DATA", "struct":"autoload_const", "references":["0x7fb1f80348d0", "0x7fb1f808d840"], "memsize":96}
{"address":"0x7fb1f808d818", "type":"STRING", "class":"0x7fb1f80b7578", "frozen":true, "embedded":true, "fstring":true, "bytesize":8, "value":"finished", "encoding":"US-ASCII", "memsize":40, "flags":{"wb_protected":true, "old":true, "uncollectible":true, "marked":true}}
{"address":"0x7fb1f808d840", "type":"DATA", "struct":"autoload_i", "references":["0x7fb1f80a4888"], "memsize":80, "flags":{"uncollectible":true, "marked":true}}
{"address":"0x7fb1f808d868", "type":"STRING", "class":"0x7fb1f80b7578", "frozen":true, "embedded":true, "fstring":true, "bytesize":19, "value":"source_buffer_empty", "encoding":"US-ASCII", "memsize":40, "flags":{"wb_protected":true, "old":true, "uncollectible":true, "marked":true}}
{"address":"0x7fb1f808d8b8", "type":"STRING", "class":"0x7fb1f80b7578", "frozen":true, "embedded":true, "fstring":true, "bytesize":23, "value":"destination_buffer_full", "encoding":"US-ASCII", "memsize":40, "flags":{"wb_protected":true, "old":true, "uncollectible":true, "marked":true}}
{"address":"0x7fb1f808d908", "type":"STRING", "class":"0x7fb1f80b7578", "frozen":true, "embedded":true, "fstring":true, "bytesize":20, "value":"undefined_conversion", "encoding":"US-ASCII", "memsize":40, "flags":{"wb_protected":true, "old":true, "uncollectible":true, "marked":true}}
{"address":"0x7fb1f808d930", "type":"DATA", "struct":"autoload_const", "references":["0x7fb1f80348d0", "0x7fb1f808d980"], "memsize":96}
{"address":"0x7fb1f808d958", "type":"STRING", "class":"0x7fb1f80b7578", "frozen":true, "embedded":true, "fstring":true, "bytesize":21, "value":"invalid_byte_sequence", "encoding":"US-ASCII", "memsize":40, "flags":{"wb_protected":true, "old":true, "uncollectible":true, "marked":true}}
{"address":"0x7fb1f808d980", "type":"DATA", "struct":"autoload_i", "references":["0x7fb1f80a4928"], "memsize":80, "flags":{"uncollectible":true, "marked":true}}
{"address":"0x7fb1f808d9a8", "type":"STRING", "class":"0x7fb1f80b7578", "frozen":true, "embedded":true, "fstring":true, "bytesize":4, "value":"text", "encoding":"US-ASCII", "memsize":40, "flags":{"wb_protected":true, "old":true, "uncollectible":true, "marked":true}}
{"address":"0x7fb1f808d9f8", "type":"STRING", "class":"0x7fb1f80b7578", "frozen":true, "embedded":true, "fstring":true, "bytesize":3, "value":"xml", "encoding":"US-ASCII", "memsize":40, "flags":{"wb_protected":true, "old":true, "uncollectible":true, "marked":true}}
{"address":"0x7fb1f808da48", "type":"STRING", "class":"0x7fb1f80b7578", "frozen":true, "embedded":true, "fstring":true, "bytesize":8, "value":"fallback", "encoding":"US-ASCII", "memsize":40, "flags":{"wb_protected":true, "old":true, "uncollectible":true, "marked":true}}
{"address":"0x7fb1f808da70", "type":"HASH", "size":9, "references":["0x7fb1f80a4928", "0x7fb1f808d980", "0x7fb1f80a4888", "0x7fb1f808d840", "0x7fb1f80a47c0", "0x7fb1f808d7a0", "0x7fb1f80a46f8", "0x7fb1f808d700", "0x7fb1f80a4590", "0x7fb1f808d520", "0x7fb1f80a4478", "0x7fb1f808d2f0", "0x7fb1f80a43b0", "0x7fb1f808d1b0", "0x7fb1f80a42e8", "0x7fb1f808d070", "0x7fb1f80a4220", "0x7fb1f808cf30"], "memsize":928, "flags":{"wb_protected":true, "old":true, "uncollectible":true, "marked":true}}
{"address":"0x7fb1f808da98", "type":"STRING", "class":"0x7fb1f80b7578", "frozen":true, "embedded":true, "fstring":true, "bytesize":5, "value":"undef", "encoding":"US-ASCII", "memsize":40, "flags":{"wb_protected":true, "old":true, "uncollectible":true, "marked":true}}
{"address":"0x7fb1f808dac0", "type":"DATA", "struct":"autoload", "references":["0x7fb1f808d930", "0x7fb1f808d7f0", "0x7fb1f808d750", "0x7fb1f808d6b0", "0x7fb1f808d4d0", "0x7fb1f808d228", "0x7fb1f808d138", "0x7fb1f808cff8", "0x7fb1f808ceb8"], "memsize":928, "flags":{"uncollectible":true, "marked":true}}
{"address":"0x7fb1f808dae8", "type":"STRING", "class":"0x7fb1f80b7578", "frozen":true, "embedded":true, "fstring":true, "bytesize":7, "value":"invalid", "encoding":"US-ASCII", "memsize":40, "flags":{"wb_protected":true, "old":true, "uncollectible":true, "marked":true}}
{"address":"0x7fb1f808db10", "type":"STRING", "class":"0x7fb1f80b7578", "frozen":true, "embedded":true, "bytesize":18, "value":"quick/Marshal.4.8/", "encoding":"UTF-8", "memsize":40, "flags":{"wb_protected":true, "old":true, "uncollectible":true, "marked":true}}
{"address":"0x7fb1f808db38", "type":"IMEMO", "class":"0x7fb1f808e178", "imemo_type":"ment", "memsize":48, "flags":{"wb_protected":true, "old":true, "uncollectible":true, "marked":true}}
{"address":"0x7fb1f808db60", "type":"IMEMO", "class":"0x7fb1f808e178", "imemo_type":"ment", "memsize":48, "flags":{"wb_protected":true, "old":true, "uncollectible":true, "marked":true}}
{"address":"0x7fb1f808db88", "type":"IMEMO", "class":"0x7fb1f808e178", "imemo_type":"ment", "memsize":48, "flags":{"wb_protected":true, "old":true, "uncollectible":true, "marked":true}}
{"address":"0x7fb1f808dbb0", "type":"IMEMO", "class":"0x7fb1f808e178", "imemo_type":"ment", "memsize":48, "flags":{"wb_protected":true, "old":true, "uncollectible":true, "marked":true}}
{"address":"0x7fb1f808dbd8", "type":"STRING", "class":"0x7fb1f80b7578", "frozen":true, "embedded":true, "fstring":true, "bytesize":6, "value":"string", "encoding":"US-ASCII", "memsize":40, "flags":{"wb_protected":true, "old":true, "uncollectible":true, "marked":true}}
{"address":"0x7fb1f808dc28", "type":"IMEMO", "class":"0x7fb1f808e178", "imemo_type":"ment", "memsize":48, "flags":{"wb_protected":true, "old":true, "uncollectible":true, "marked":true}}
{"address":"0x7fb1f808dc50", "type":"IMEMO", "class":"0x7fb1f808e178", "imemo_type":"ment", "memsize":48, "flags":{"wb_protected":true, "old":true, "uncollectible":true, "marked":true}}
{"address":"0x7fb1f808dc78", "type":"IMEMO", "class":"0x7fb1f808e178", "imemo_type":"ment", "memsize":48, "flags":{"wb_protected":true, "old":true, "uncollectible":true, "marked":true}}
{"address":"0x7fb1f808dca0", "type":"STRING", "class":"0x7fb1f80b7578", "frozen":true, "embedded":true, "fstring":true, "bytesize":10, "value":"post_match", "encoding":"US-ASCII", "memsize":40, "flags":{"wb_protected":true, "old":true, "uncollectible":true, "marked":true}}
{"address":"0x7fb1f808dcc8", "type":"STRING", "class":"0x7fb1f80b7578", "frozen":true, "embedded":true, "fstring":true, "bytesize":15, "value":"has_unit_tests?", "encoding":"US-ASCII", "memsize":40, "flags":{"wb_protected":true, "old":true, "uncollectible":true, "marked":true}}
{"address":"0x7fb1f808dcf0", "type":"IMEMO", "class":"0x7fb1f808e178", "imemo_type":"ment", "memsize":48, "flags":{"wb_protected":true, "old":true, "uncollectible":true, "marked":true}}
{"address":"0x7fb1f808dd18", "type":"STRING", "class":"0x7fb1f80b7578", "frozen":true, "embedded":true, "fstring":true, "bytesize":9, "value":"pre_match", "encoding":"US-ASCII", "memsize":40, "flags":{"wb_protected":true, "old":true, "uncollectible":true, "marked":true}}
{"address":"0x7fb1f808dd40", "type":"STRING", "class":"0x7fb1f80b7578", "frozen":true, "embedded":true, "fstring":true, "bytesize":4, "value":"errs", "encoding":"US-ASCII", "memsize":40, "flags":{"wb_protected":true, "old":true, "uncollectible":true, "marked":true}}
{"address":"0x7fb1f808dd68", "type":"IMEMO", "class":"0x7fb1f808e178", "imemo_type":"ment", "memsize":48, "flags":{"wb_protected":true, "old":true, "uncollectible":true, "marked":true}}
{"address":"0x7fb1f808dd90", "type":"IMEMO", "class":"0x7fb1f808e178", "imemo_type":"ment", "memsize":48, "flags":{"wb_protected":true, "old":true, "uncollectible":true, "marked":true}}
{"address":"0x7fb1f808ddb8", "type":"IMEMO", "class":"0x7fb1f808e178", "imemo_type":"ment", "memsize":48, "flags":{"wb_protected":true, "old":true, "uncollectible":true, "marked":true}}
{"address":"0x7fb1f808dde0", "type":"STRING", "class":"0x7fb1f80b7578", "frozen":true, "embedded":true, "fstring":true, "bytesize":8, "value":"captures", "encoding":"US-ASCII", "memsize":40, "flags":{"wb_protected":true, "old":true, "uncollectible":true, "marked":true}}
{"address":"0x7fb1f808de08", "type":"ARRAY", "class":"0x7fb1f8097228", "frozen":true, "length":2, "embedded":true, "references":["0x7fb1f80343f8"], "memsize":40, "flags":{"wb_protected":true, "old":true, "uncollectible":true, "marked":true}}
{"address":"0x7fb1f808de30", "type":"IMEMO", "class":"0x7fb1f808e178", "imemo_type":"ment", "memsize":48, "flags":{"wb_protected":true, "old":true, "uncollectible":true, "marked":true}}
{"address":"0x7fb1f808de58", "type":"IMEMO", "class":"0x7fb1f808e178", "imemo_type":"ment", "memsize":48, "flags":{"wb_protected":true, "old":true, "uncollectible":true, "marked":true}}
{"address":"0x7fb1f808de80", "type":"IMEMO", "class":"0x7fb1f808e178", "imemo_type":"ment", "memsize":48, "flags":{"wb_protected":true, "old":true, "uncollectible":true, "marked":true}}
{"address":"0x7fb1f808dea8", "type":"STRING", "class":"0x7fb1f80b7578", "frozen":true, "embedded":true, "fstring":true, "bytesize":3, "value":"end", "encoding":"US-ASCII", "memsize":40, "flags":{"wb_protected":true, "old":true, "uncollectible":true, "marked":true}}
{"address":"0x7fb1f808ded0", "type":"IMEMO", "class":"0x7fb1f80c6de8", "imemo_type":"ment", "references":["0x7fb1f808de08"], "memsize":48, "flags":{"wb_protected":true, "old":true, "uncollectible":true, "marked":true}}
{"address":"0x7fb1f808def8", "type":"IMEMO", "class":"0x7fb1f808e178", "imemo_type":"ment", "memsize":48, "flags":{"wb_protected":true, "old":true, "uncollectible":true, "marked":true}}
{"address":"0x7fb1f808df20", "type":"STRING", "class":"0x7fb1f80b7578", "frozen":true, "embedded":true, "fstring":true, "bytesize":5, "value":"begin", "encoding":"US-ASCII", "memsize":40, "flags":{"wb_protected":true, "old":true, "uncollectible":true, "marked":true}}
{"address":"0x7fb1f808df70", "type":"IMEMO", "class":"0x7fb1f808e178", "imemo_type":"ment", "memsize":48, "flags":{"wb_protected":true, "old":true, "uncollectible":true, "marked":true}}
{"address":"0x7fb1f808df98", "type":"STRING", "class":"0x7fb1f80b7578", "frozen":true, "embedded":true, "fstring":true, "bytesize":6, "value":"offset", "encoding":"US-ASCII", "memsize":40, "flags":{"wb_protected":true, "old":true, "uncollectible":true, "marked":true}}
{"address":"0x7fb1f808dfc0", "type":"ARRAY", "class":"0x7fb1f8097228", "frozen":true, "length":2, "embedded":true, "references":["0x7fb1f80343f8"], "memsize":40, "flags":{"wb_protected":true, "old":true, "uncollectible":true, "marked":true}}
{"address":"0x7fb1f808dfe8", "type":"IMEMO", "class":"0x7fb1f808e178", "imemo_type":"ment", "memsize":48, "flags":{"wb_protected":true, "old":true, "uncollectible":true, "marked":true}}
{"address":"0x7fb1f808e010", "type":"IMEMO", "class":"0x7fb1f808e178", "imemo_type":"ment", "memsize":48, "flags":{"wb_protected":true, "old":true, "uncollectible":true, "marked":true}}
{"address":"0x7fb1f808e038", "type":"IMEMO", "class":"0x7fb1f808e178", "imemo_type":"ment", "memsize":48, "flags":{"wb_protected":true, "old":true, "uncollectible":true, "marked":true}}
{"address":"0x7fb1f808e060", "type":"IMEMO", "class":"0x7fb1f808e178", "imemo_type":"ment", "memsize":48, "flags":{"wb_protected":true, "old":true, "uncollectible":true, "marked":true}}
{"address":"0x7fb1f808e088", "type":"STRING", "class":"0x7fb1f80b7578", "frozen":true, "embedded":true, "fstring":true, "bytesize":6, "value":"regexp", "encoding":"US-ASCII", "memsize":40, "flags":{"wb_protected":true, "old":true, "uncollectible":true, "marked":true}}
{"address":"0x7fb1f808e0b0", "type":"IMEMO", "class":"0x7fb1f80c6de8", "imemo_type":"ment", "references":["0x7fb1f808dfc0"], "memsize":48, "flags":{"wb_protected":true, "old":true, "uncollectible":true, "marked":true}}
{"address":"0x7fb1f808e0d8", "type":"IMEMO", "class":"0x7fb1f808e178", "imemo_type":"ment", "memsize":48, "flags":{"wb_protected":true, "old":true, "uncollectible":true, "marked":true}}
{"address":"0x7fb1f808e100", "type":"IMEMO", "class":"0x7fb1f808e150", "imemo_type":"ment", "memsize":48, "flags":{"wb_protected":true, "old":true, "uncollectible":true, "marked":true}}
{"address":"0x7fb1f808e128", "type":"IMEMO", "class":"0x7fb1f808e150", "imemo_type":"ment", "memsize":48, "flags":{"wb_protected":true, "old":true, "uncollectible":true, "marked":true}}
{"address":"0x7fb1f808e150", "type":"CLASS", "class":"0x7fb1f80bf700", "name":"Class", "references":["0x7fb1f80bf6b0", "0x7fb1f808e128", "0x7fb1f808e100", "0x7fb1f808e178"], "memsize":528, "flags":{"wb_protected":true, "old":true, "uncollectible":true, "marked":true}}
{"address":"0x7fb1f808e178", "type":"CLASS", "class":"0x7fb1f808e150", "name":"MatchData", "references":["0x7fb1f80c5240", "0x7fb1f808def8", "0x7fb1f808de80", "0x7fb1f808e0d8", "0x7fb1f808ddb8", "0x7fb1f808dcf0", "0x7fb1f808dc78", "0x7fb1f808dbb0", "0x7fb1f808dd68", "0x7fb1f808e038", "0x7fb1f808de58", "0x7fb1f808dc50", "0x7fb1f808dc28", "0x7fb1f808de30", "0x7fb1f808db38", "0x7fb1f808dfe8", "0x7fb1f808e010", "0x7fb1f808dd90", "0x7fb1f808db60", "0x7fb1f808db88", "0x7fb1f808e060", "0x7fb1f808df70", "0x7fb1f808e1a0"], "memsize":976, "flags":{"wb_protected":true, "old":true, "uncollectible":true, "marked":true}}
{"address":"0x7fb1f808e1a0", "type":"STRING", "class":"0x7fb1f80b7578", "frozen":true, "embedded":true, "fstring":true, "bytesize":9, "value":"MatchData", "encoding":"US-ASCII", "memsize":40, "flags":{"wb_protected":true, "old":true, "uncollectible":true, "marked":true}}
{"address":"0x7fb1f808e1f0", "type":"STRING", "class":"0x7fb1f80b7578", "frozen":true, "embedded":true, "fstring":true, "bytesize":10, "value":"NOENCODING", "encoding":"US-ASCII", "memsize":40, "flags":{"wb_protected":true, "old":true, "uncollectible":true, "marked":true}}
{"address":"0x7fb1f808e218", "type":"ARRAY", "class":"0x7fb1f8097228", "frozen":true, "length":2, "embedded":true, "references":["0x7fb1f80343f8"], "memsize":40, "flags":{"wb_protected":true, "old":true, "uncollectible":true, "marked":true}}
{"address":"0x7fb1f808e240", "type":"STRING", "class":"0x7fb1f80b7578", "frozen":true, "embedded":true, "fstring":true, "bytesize":13, "value":"FIXEDENCODING", "encoding":"US-ASCII", "memsize":40, "flags":{"wb_protected":true, "old":true, "uncollectible":true, "marked":true}}
{"address":"0x7fb1f808e268", "type":"IMEMO", "class":"0x7fb1f80c6de8", "imemo_type":"ment", "references":["0x7fb1f808e218"], "memsize":48, "flags":{"wb_protected":true, "old":true, "uncollectible":true, "marked":true}}
{"address":"0x7fb1f808e290", "type":"STRING", "class":"0x7fb1f80b7578", "frozen":true, "embedded":true, "fstring":true, "bytesize":9, "value":"MULTILINE", "encoding":"US-ASCII", "memsize":40, "flags":{"wb_protected":true, "old":true, "uncollectible":true, "marked":true}}
{"address":"0x7fb1f808e2e0", "type":"STRING", "class":"0x7fb1f80b7578", "frozen":true, "embedded":true, "fstring":true, "bytesize":8, "value":"EXTENDED", "encoding":"US-ASCII", "memsize":40, "flags":{"wb_protected":true, "old":true, "uncollectible":true, "marked":true}}
{"address":"0x7fb1f808e308", "type":"ARRAY", "class":"0x7fb1f8097228", "frozen":true, "length":2, "embedded":true, "references":["0x7fb1f80343f8"], "memsize":40, "flags":{"wb_protected":true, "old":true, "uncollectible":true, "marked":true}}
{"address":"0x7fb1f808e330", "type":"STRING", "class":"0x7fb1f80b7578", "frozen":true, "embedded":true, "fstring":true, "bytesize":10, "value":"IGNORECASE", "encoding":"US-ASCII", "memsize":40, "flags":{"wb_protected":true, "old":true, "uncollectible":true, "marked":true}}
{"address":"0x7fb1f808e358", "type":"IMEMO", "class":"0x7fb1f80c6de8", "imemo_type":"ment", "references":["0x7fb1f808e308"], "memsize":48, "flags":{"wb_protected":true, "old":true, "uncollectible":true, "marked":true}}
{"address":"0x7fb1f808e380", "type":"IMEMO", "class":"0x7fb1f808ea60", "imemo_type":"ment", "memsize":48, "flags":{"wb_protected":true, "old":true, "uncollectible":true, "marked":true}}
{"address":"0x7fb1f808e3a8", "type":"STRING", "class":"0x7fb1f80b7578", "frozen":true, "embedded":true, "fstring":true, "bytesize":14, "value":"named_captures", "encoding":"US-ASCII", "memsize":40, "flags":{"wb_protected":true, "old":true, "uncollectible":true, "marked":true}}
{"address":"0x7fb1f808e3f8", "type":"IMEMO", "class":"0x7fb1f808ea60", "imemo_type":"ment", "memsize":48, "flags":{"wb_protected":true, "old":true, "uncollectible":true, "marked":true}}
{"address":"0x7fb1f808e420", "type":"IMEMO", "class":"0x7fb1f808ea60", "imemo_type":"ment", "memsize":48, "flags":{"wb_protected":true, "old":true, "uncollectible":true, "marked":true}}
{"address":"0x7fb1f808e448", "type":"STRING", "class":"0x7fb1f80b7578", "frozen":true, "embedded":true, "fstring":true, "bytesize":15, "value":"fixed_encoding?", "encoding":"US-ASCII", "memsize":40, "flags":{"wb_protected":true, "old":true, "uncollectible":true, "marked":true}}
{"address":"0x7fb1f808e470", "type":"ARRAY", "class":"0x7fb1f8097228", "frozen":true, "length":2, "embedded":true, "references":["0x7fb1f80343f8"], "memsize":40, "flags":{"wb_protected":true, "old":true, "uncollectible":true, "marked":true}}
{"address":"0x7fb1f808e498", "type":"IMEMO", "class":"0x7fb1f808ea60", "imemo_type":"ment", "memsize":48, "flags":{"wb_protected":true, "old":true, "uncollectible":true, "marked":true}}
{"address":"0x7fb1f808e4c0", "type":"IMEMO", "class":"0x7fb1f808ea60", "imemo_type":"ment", "memsize":48, "flags":{"wb_protected":true, "old":true, "uncollectible":true, "marked":true}}
{"address":"0x7fb1f808e4e8", "type":"STRING", "class":"0x7fb1f80b7578", "frozen":true, "embedded":true, "fstring":true, "bytesize":7, "value":"options", "encoding":"US-ASCII", "memsize":40, "flags":{"wb_protected":true, "old":true, "uncollectible":true, "marked":true}}
{"address":"0x7fb1f808e510", "type":"IMEMO", "class":"0x7fb1f80c6de8", "imemo_type":"ment", "references":["0x7fb1f808e470"], "memsize":48, "flags":{"wb_protected":true, "old":true, "uncollectible":true, "marked":true}}
{"address":"0x7fb1f808e538", "type":"IMEMO", "class":"0x7fb1f808ea60", "imemo_type":"ment", "memsize":48, "flags":{"wb_protected":true, "old":true, "uncollectible":true, "marked":true}}
{"address":"0x7fb1f808e560", "type":"STRING", "class":"0x7fb1f80b7578", "frozen":true, "embedded":true, "fstring":true, "bytesize":9, "value":"casefold?", "encoding":"US-ASCII", "memsize":40, "flags":{"wb_protected":true, "old":true, "uncollectible":true, "marked":true}}
{"address":"0x7fb1f808e5b0", "type":"IMEMO", "class":"0x7fb1f808ea60", "imemo_type":"ment", "memsize":48, "flags":{"wb_protected":true, "old":true, "uncollectible":true, "marked":true}}
{"address":"0x7fb1f808e5d8", "type":"STRING", "class":"0x7fb1f80b7578", "frozen":true, "embedded":true, "fstring":true, "bytesize":6, "value":"source", "encoding":"US-ASCII", "memsize":40, "flags":{"wb_protected":true, "old":true, "uncollectible":true, "marked":true}}
{"address":"0x7fb1f808e600", "type":"ARRAY", "class":"0x7fb1f8097228", "frozen":true, "length":2, "embedded":true, "references":["0x7fb1f80343f8"], "memsize":40, "flags":{"wb_protected":true, "old":true, "uncollectible":true, "marked":true}}
{"address":"0x7fb1f808e628", "type":"IMEMO", "class":"0x7fb1f808ea60", "imemo_type":"ment", "memsize":48, "flags":{"wb_protected":true, "old":true, "uncollectible":true, "marked":true}}
{"address":"0x7fb1f808e650", "type":"IMEMO", "class":"0x7fb1f808ea60", "imemo_type":"ment", "memsize":48, "flags":{"wb_protected":true, "old":true, "uncollectible":true, "marked":true}}
{"address":"0x7fb1f808e678", "type":"IMEMO", "class":"0x7fb1f808ea60", "imemo_type":"ment", "memsize":48, "flags":{"wb_protected":true, "old":true, "uncollectible":true, "marked":true}}
{"address":"0x7fb1f808e6a0", "type":"IMEMO", "class":"0x7fb1f808ea60", "imemo_type":"ment", "memsize":48, "flags":{"wb_protected":true, "old":true, "uncollectible":true, "marked":true}}
{"address":"0x7fb1f808e6c8", "type":"IMEMO", "class":"0x7fb1f808ea60", "imemo_type":"ment", "memsize":48, "flags":{"wb_protected":true, "old":true, "uncollectible":true, "marked":true}}
{"address":"0x7fb1f808e6f0", "type":"IMEMO", "class":"0x7fb1f808ea60", "imemo_type":"ment", "memsize":48, "flags":{"wb_protected":true, "old":true, "uncollectible":true, "marked":true}}
{"address":"0x7fb1f808e718", "type":"IMEMO", "class":"0x7fb1f808ea60", "imemo_type":"ment", "memsize":48, "flags":{"wb_protected":true, "old":true, "uncollectible":true, "marked":true}}
{"address":"0x7fb1f808e740", "type":"IMEMO", "class":"0x7fb1f808ea60", "imemo_type":"ment", "memsize":48, "flags":{"wb_protected":true, "old":true, "uncollectible":true, "marked":true}}
{"address":"0x7fb1f808e768", "type":"IMEMO", "class":"0x7fb1f808ea60", "imemo_type":"ment", "memsize":48, "flags":{"wb_protected":true, "old":true, "uncollectible":true, "marked":true}}
{"address":"0x7fb1f808e790", "type":"IMEMO", "class":"0x7fb1f808ea60", "imemo_type":"ment", "memsize":48, "flags":{"wb_protected":true, "old":true, "uncollectible":true, "marked":true}}
{"address":"0x7fb1f808e7b8", "type":"IMEMO", "class":"0x7fb1f808ea60", "imemo_type":"ment", "memsize":48, "flags":{"wb_protected":true, "old":true, "uncollectible":true, "marked":true}}
{"address":"0x7fb1f808e7e0", "type":"IMEMO", "class":"0x7fb1f808ea60", "imemo_type":"ment", "memsize":48, "flags":{"wb_protected":true, "old":true, "uncollectible":true, "marked":true}}
{"address":"0x7fb1f808e808", "type":"IMEMO", "class":"0x7fb1f808ea38", "imemo_type":"ment", "memsize":48, "flags":{"wb_protected":true, "old":true, "uncollectible":true, "marked":true}}
{"address":"0x7fb1f808e830", "type":"IMEMO", "class":"0x7fb1f808ea38", "imemo_type":"ment", "memsize":48, "flags":{"wb_protected":true, "old":true, "uncollectible":true, "marked":true}}
{"address":"0x7fb1f808e858", "type":"STRING", "class":"0x7fb1f80b7578", "frozen":true, "embedded":true, "fstring":true, "bytesize":10, "value":"last_match", "encoding":"US-ASCII", "memsize":40, "flags":{"wb_protected":true, "old":true, "uncollectible":true, "marked":true}}
{"address":"0x7fb1f808e880", "type":"IMEMO", "class":"0x7fb1f80c6de8", "imemo_type":"ment", "references":["0x7fb1f808e600"], "memsize":48, "flags":{"wb_protected":true, "old":true, "uncollectible":true, "marked":true}}
{"address":"0x7fb1f808e8a8", "type":"IMEMO", "class":"0x7fb1f808ea38", "imemo_type":"ment", "memsize":48, "flags":{"wb_protected":true, "old":true, "uncollectible":true, "marked":true}}
{"address":"0x7fb1f808e8d0", "type":"IMEMO", "class":"0x7fb1f808ea38", "imemo_type":"ment", "memsize":48, "flags":{"wb_protected":true, "old":true, "uncollectible":true, "marked":true}}
{"address":"0x7fb1f808e8f8", "type":"STRING", "class":"0x7fb1f80b7578", "frozen":true, "embedded":true, "fstring":true, "bytesize":6, "value":"escape", "encoding":"US-ASCII", "memsize":40, "flags":{"wb_protected":true, "old":true, "uncollectible":true, "marked":true}}
{"address":"0x7fb1f808e948", "type":"IMEMO", "class":"0x7fb1f808ea38", "imemo_type":"ment", "memsize":48, "flags":{"wb_protected":true, "old":true, "uncollectible":true, "marked":true}}
{"address":"0x7fb1f808e970", "type":"STRING", "class":"0x7fb1f80b7578", "frozen":true, "embedded":true, "fstring":true, "bytesize":5, "value":"quote", "encoding":"US-ASCII", "memsize":40, "flags":{"wb_protected":true, "old":true, "uncollectible":true, "marked":true}}
{"address":"0x7fb1f808e998", "type":"ARRAY", "class":"0x7fb1f8097228", "frozen":true, "length":2, "embedded":true, "references":["0x7fb1f80343f8"], "memsize":40, "flags":{"wb_protected":true, "old":true, "uncollectible":true, "marked":true}}
{"address":"0x7fb1f808e9c0", "type":"IMEMO", "class":"0x7fb1f808ea38", "imemo_type":"ment", "memsize":48, "flags":{"wb_protected":true, "old":true, "uncollectible":true, "marked":true}}
{"address":"0x7fb1f808e9e8", "type":"STRING", "class":"0x7fb1f80b7578", "frozen":true, "embedded":true, "fstring":true, "bytesize":7, "value":"compile", "encoding":"US-ASCII", "memsize":40, "flags":{"wb_protected":true, "old":true, "uncollectible":true, "marked":true}}
{"address":"0x7fb1f808ea10", "type":"IMEMO", "class":"0x7fb1f80c6de8", "imemo_type":"ment", "references":["0x7fb1f808e998"], "memsize":48, "flags":{"wb_protected":true, "old":true, "uncollectible":true, "marked":true}}
{"address":"0x7fb1f808ea38", "type":"CLASS", "class":"0x7fb1f80bf700", "name":"Class", "references":["0x7fb1f80bf6b0", "0x7fb1f808e948", "0x7fb1f808e8d0", "0x7fb1f808e830", "0x7fb1f808e808", "0x7fb1f808e8a8", "0x7fb1f808e9c0", "0x7fb1f808ea60"], "memsize":592, "flags":{"wb_protected":true, "old":true, "uncollectible":true, "marked":true}}
{"address":"0x7fb1f808ea60", "type":"CLASS", "class":"0x7fb1f808ea38", "name":"Regexp", "references":["0x7fb1f80c5240", "0x7fb1f808e7e0", "0x7fb1f808e7b8", "0x7fb1f808e498", "0x7fb1f808e3f8", "0x7fb1f808e740", "0x7fb1f808e650", "0x7fb1f808e6f0", "0x7fb1f808e718", "0x7fb1f808e628", "0x7fb1f808e5b0", "0x7fb1f808e538", "0x7fb1f808e4c0", "0x7fb1f808e6a0", "0x7fb1f808e678", "0x7fb1f808e380", "0x7fb1f808e420", "0x7fb1f808e768", "0x7fb1f808e790", "0x7fb1f808e6c8", "0x7fb1f808ea88"], "memsize":1128, "flags":{"wb_protected":true, "old":true, "uncollectible":true, "marked":true}}
{"address":"0x7fb1f808ea88", "type":"STRING", "class":"0x7fb1f80b7578", "frozen":true, "embedded":true, "fstring":true, "bytesize":6, "value":"Regexp", "encoding":"US-ASCII", "memsize":40, "flags":{"wb_protected":true, "old":true, "uncollectible":true, "marked":true}}
{"address":"0x7fb1f808eab0", "type":"STRING", "class":"0x7fb1f80b7578", "frozen":true, "embedded":true, "fstring":true, "bytesize":9, "value":"has_rdoc?", "encoding":"US-ASCII", "memsize":40, "flags":{"wb_protected":true, "old":true, "uncollectible":true, "marked":true}}
{"address":"0x7fb1f808ead8", "type":"STRING", "class":"0x7fb1f80b7578", "frozen":true, "embedded":true, "fstring":true, "bytesize":3, "value":"$-K", "encoding":"US-ASCII", "memsize":40, "flags":{"wb_protected":true, "old":true, "uncollectible":true, "marked":true}}
{"address":"0x7fb1f808eb00", "type":"ARRAY", "class":"0x7fb1f8097228", "frozen":true, "length":2, "embedded":true, "references":["0x7fb1f80343f8"], "memsize":40, "flags":{"wb_protected":true, "old":true, "uncollectible":true, "marked":true}}
{"address":"0x7fb1f808eb28", "type":"STRING", "class":"0x7fb1f80b7578", "frozen":true, "embedded":true, "fstring":true, "bytesize":6, "value":"$KCODE", "encoding":"US-ASCII", "memsize":40, "flags":{"wb_protected":true, "old":true, "uncollectible":true, "marked":true}}
{"address":"0x7fb1f808eb50", "type":"IMEMO", "class":"0x7fb1f80c6de8", "imemo_type":"ment", "references":["0x7fb1f808eb00"], "memsize":48, "flags":{"wb_protected":true, "old":true, "uncollectible":true, "marked":true}}
{"address":"0x7fb1f808eb78", "type":"STRING", "class":"0x7fb1f80b7578", "frozen":true, "embedded":true, "fstring":true, "bytesize":2, "value":"$=", "encoding":"US-ASCII", "memsize":40, "flags":{"wb_protected":true, "old":true, "uncollectible":true, "marked":true}}
{"address":"0x7fb1f808eba0", "type":"STRING", "class":"0x7fb1f80b7578", "frozen":true, "embedded":true, "fstring":true, "bytesize":4, "value":"outs", "encoding":"US-ASCII", "memsize":40, "flags":{"wb_protected":true, "old":true, "uncollectible":true, "marked":true}}
{"address":"0x7fb1f808ebc8", "type":"STRING", "class":"0x7fb1f80b7578", "frozen":true, "embedded":true, "fstring":true, "bytesize":2, "value":"$+", "encoding":"US-ASCII", "memsize":40, "flags":{"wb_protected":true, "old":true, "uncollectible":true, "marked":true}}
{"address":"0x7fb1f808ebf0", "type":"IMEMO", "class":"0x7fb1f80c6de8", "imemo_type":"ment", "references":["0x7fb1f80a4a90", "0x7fb1f808f348"], "memsize":48, "flags":{"wb_protected":true, "old":true, "uncollectible":true, "marked":true}}
{"address":"0x7fb1f808ec18", "type":"STRING", "class":"0x7fb1f80b7578", "frozen":true, "embedded":true, "fstring":true, "bytesize":2, "value":"$'", "encoding":"US-ASCII", "memsize":40, "flags":{"wb_protected":true, "old":true, "uncollectible":true, "marked":true}}
{"address":"0x7fb1f808ec40", "type":"IMEMO", "class":"0x7fb1f80c6de8", "imemo_type":"ment", "references":["0x7fb1f80a4b58", "0x7fb1f808f348"], "memsize":48, "flags":{"wb_protected":true, "old":true, "uncollectible":true, "marked":true}}
{"address":"0x7fb1f808ec68", "type":"STRING", "class":"0x7fb1f80b7578", "frozen":true, "embedded":true, "fstring":true, "bytesize":2, "value":"$`", "encoding":"US-ASCII", "memsize":40, "flags":{"wb_protected":true, "old":true, "uncollectible":true, "marked":true}}
{"address":"0x7fb1f808ec90", "type":"IMEMO", "class":"0x7fb1f80c6de8", "imemo_type":"ment", "references":["0x7fb1f80a6200", "0x7fb1f808f348"], "memsize":48, "flags":{"wb_protected":true, "old":true, "uncollectible":true, "marked":true}}
{"address":"0x7fb1f808ecb8", "type":"STRING", "class":"0x7fb1f80b7578", "frozen":true, "embedded":true, "fstring":true, "bytesize":2, "value":"$&", "encoding":"US-ASCII", "memsize":40, "flags":{"wb_protected":true, "old":true, "uncollectible":true, "marked":true}}
{"address":"0x7fb1f808ece0", "type":"ARRAY", "class":"0x7fb1f8097228", "frozen":true, "length":2, "embedded":true, "references":["0x7fb1f80343f8"], "memsize":40, "flags":{"wb_protected":true, "old":true, "uncollectible":true, "marked":true}}
{"address":"0x7fb1f808ed08", "type":"CLASS", "class":"0x7fb1f80bf700", "name":"Class", "references":["0x7fb1f80af260", "0x7fb1f808ed30"], "memsize":464, "flags":{"wb_protected":true, "old":true, "uncollectible":true, "marked":true}}
{"address":"0x7fb1f808ed30", "type":"CLASS", "class":"0x7fb1f808ed08", "name":"RegexpError", "references":["0x7fb1f80af288", "0x7fb1f808ed58"], "memsize":464, "flags":{"wb_protected":true, "old":true, "uncollectible":true, "marked":true}}
{"address":"0x7fb1f808ed58", "type":"STRING", "class":"0x7fb1f80b7578", "frozen":true, "embedded":true, "fstring":true, "bytesize":11, "value":"RegexpError", "encoding":"US-ASCII", "memsize":40, "flags":{"wb_protected":true, "old":true, "uncollectible":true, "marked":true}}
{"address":"0x7fb1f808ed80", "type":"IMEMO", "class":"0x7fb1f80c6de8", "imemo_type":"ment", "references":["0x7fb1f808ece0"], "memsize":48, "flags":{"wb_protected":true, "old":true, "uncollectible":true, "marked":true}}
{"address":"0x7fb1f808eda8", "type":"IMEMO", "class":"0x7fb1f808f208", "imemo_type":"ment", "memsize":48, "flags":{"wb_protected":true, "old":true, "uncollectible":true, "marked":true}}
{"address":"0x7fb1f808edd0", "type":"IMEMO", "class":"0x7fb1f808f208", "imemo_type":"ment", "memsize":48, "flags":{"wb_protected":true, "old":true, "uncollectible":true, "marked":true}}
{"address":"0x7fb1f808edf8", "type":"IMEMO", "class":"0x7fb1f808f208", "imemo_type":"ment", "memsize":48, "flags":{"wb_protected":true, "old":true, "uncollectible":true, "marked":true}}
{"address":"0x7fb1f808ee20", "type":"IMEMO", "class":"0x7fb1f808f208", "imemo_type":"ment", "memsize":48, "flags":{"wb_protected":true, "old":true, "uncollectible":true, "marked":true}}
{"address":"0x7fb1f808ee48", "type":"STRING", "class":"0x7fb1f80b7578", "frozen":true, "embedded":true, "fstring":true, "bytesize":7, "value":"members", "encoding":"US-ASCII", "memsize":40, "flags":{"wb_protected":true, "old":true, "uncollectible":true, "marked":true}}
{"address":"0x7fb1f808ee70", "type":"STRING", "class":"0x7fb1f80b7578", "bytesize":111, "value":"/Users/rschneeman/.rubies/ruby-2.7.1/lib/ruby/gems/2.7.0/extensions/x86_64-darwin-17/2.7.0-static/strscan-1.0.3", "encoding":"US-ASCII", "memsize":152, "flags":{"wb_protected":true, "old":true, "uncollectible":true, "marked":true}}
{"address":"0x7fb1f808ee98", "type":"IMEMO", "class":"0x7fb1f808f208", "imemo_type":"ment", "memsize":48, "flags":{"wb_protected":true, "old":true, "uncollectible":true, "marked":true}}
{"address":"0x7fb1f808eec0", "type":"IMEMO", "class":"0x7fb1f808f208", "imemo_type":"ment", "memsize":48, "flags":{"wb_protected":true, "old":true, "uncollectible":true, "marked":true}}
{"address":"0x7fb1f808eee8", "type":"IMEMO", "class":"0x7fb1f808f208", "imemo_type":"ment", "memsize":48, "flags":{"wb_protected":true, "old":true, "uncollectible":true, "marked":true}}
{"address":"0x7fb1f808ef10", "type":"IMEMO", "class":"0x7fb1f808f208", "imemo_type":"ment", "memsize":48, "flags":{"wb_protected":true, "old":true, "uncollectible":true, "marked":true}}
{"address":"0x7fb1f808ef38", "type":"IMEMO", "class":"0x7fb1f808f208", "imemo_type":"ment", "memsize":48, "flags":{"wb_protected":true, "old":true, "uncollectible":true, "marked":true}}
{"address":"0x7fb1f808ef60", "type":"IMEMO", "class":"0x7fb1f808f208", "imemo_type":"ment", "memsize":48, "flags":{"wb_protected":true, "old":true, "uncollectible":true, "marked":true}}
{"address":"0x7fb1f808ef88", "type":"IMEMO", "class":"0x7fb1f808f208", "imemo_type":"ment", "memsize":48, "flags":{"wb_protected":true, "old":true, "uncollectible":true, "marked":true}}
{"address":"0x7fb1f808efb0", "type":"IMEMO", "class":"0x7fb1f808f208", "imemo_type":"ment", "memsize":48, "flags":{"wb_protected":true, "old":true, "uncollectible":true, "marked":true}}
{"address":"0x7fb1f808efd8", "type":"IMEMO", "class":"0x7fb1f808f208", "imemo_type":"ment", "memsize":48, "flags":{"wb_protected":true, "old":true, "uncollectible":true, "marked":true}}
{"address":"0x7fb1f808f000", "type":"IMEMO", "class":"0x7fb1f808f208", "imemo_type":"ment", "memsize":48, "flags":{"wb_protected":true, "old":true, "uncollectible":true, "marked":true}}
{"address":"0x7fb1f808f028", "type":"IMEMO", "class":"0x7fb1f808f208", "imemo_type":"ment", "memsize":48, "flags":{"wb_protected":true, "old":true, "uncollectible":true, "marked":true}}
{"address":"0x7fb1f808f050", "type":"IMEMO", "class":"0x7fb1f808f208", "imemo_type":"ment", "memsize":48, "flags":{"wb_protected":true, "old":true, "uncollectible":true, "marked":true}}
{"address":"0x7fb1f808f078", "type":"IMEMO", "class":"0x7fb1f808f208", "imemo_type":"ment", "memsize":48, "flags":{"wb_protected":true, "old":true, "uncollectible":true, "marked":true}}
{"address":"0x7fb1f808f0a0", "type":"IMEMO", "class":"0x7fb1f808f208", "imemo_type":"ment", "memsize":48, "flags":{"wb_protected":true, "old":true, "uncollectible":true, "marked":true}}
{"address":"0x7fb1f808f0c8", "type":"IMEMO", "class":"0x7fb1f808f208", "imemo_type":"ment", "memsize":48, "flags":{"wb_protected":true, "old":true, "uncollectible":true, "marked":true}}
{"address":"0x7fb1f808f0f0", "type":"IMEMO", "class":"0x7fb1f808f208", "imemo_type":"ment", "memsize":48, "flags":{"wb_protected":true, "old":true, "uncollectible":true, "marked":true}}
{"address":"0x7fb1f808f118", "type":"IMEMO", "class":"0x7fb1f808f208", "imemo_type":"ment", "memsize":48, "flags":{"wb_protected":true, "old":true, "uncollectible":true, "marked":true}}
{"address":"0x7fb1f808f140", "type":"IMEMO", "class":"0x7fb1f808f208", "imemo_type":"ment", "memsize":48, "flags":{"wb_protected":true, "old":true, "uncollectible":true, "marked":true}}
{"address":"0x7fb1f808f168", "type":"IMEMO", "class":"0x7fb1f808f208", "imemo_type":"ment", "memsize":48, "flags":{"wb_protected":true, "old":true, "uncollectible":true, "marked":true}}
{"address":"0x7fb1f808f190", "type":"IMEMO", "class":"0x7fb1f808f1e0", "imemo_type":"ment", "memsize":48, "flags":{"wb_protected":true, "old":true, "uncollectible":true, "marked":true}}
{"address":"0x7fb1f808f1b8", "type":"ICLASS", "class":"0x7fb1f80bcf28", "references":["0x7fb1f80c5240"], "memsize":40, "flags":{"uncollectible":true, "marked":true}}
{"address":"0x7fb1f808f1e0", "type":"CLASS", "class":"0x7fb1f80bf700", "name":"Class", "references":["0x7fb1f80bf6b0", "0x7fb1f808f190", "0x7fb1f808f208"], "memsize":528, "flags":{"wb_protected":true, "old":true, "uncollectible":true, "marked":true}}
{"address":"0x7fb1f808f208", "type":"CLASS", "class":"0x7fb1f808f1e0", "name":"Struct", "references":["0x7fb1f808f1b8", "0x7fb1f808f168", "0x7fb1f808f140", "0x7fb1f808ee20", "0x7fb1f808ee98", "0x7fb1f808f050", "0x7fb1f808f118", "0x7fb1f808f078", "0x7fb1f808ef38", "0x7fb1f808ef10", "0x7fb1f808f0f0", "0x7fb1f808edd0", "0x7fb1f808f028", "0x7fb1f808eee8", "0x7fb1f808eec0", "0x7fb1f808ef60", "0x7fb1f808f0a0", "0x7fb1f808edf8", "0x7fb1f808f000", "0x7fb1f808efb0", "0x7fb1f808efd8", "0x7fb1f808ef88", "0x7fb1f808f0c8", "0x7fb1f808eda8", "0x7fb1f808f230", "0x7fb1f80553f0", "0x7fb1f805fb98"], "memsize":1576, "flags":{"wb_protected":true, "old":true, "uncollectible":true, "marked":true}}
{"address":"0x7fb1f808f230", "type":"STRING", "class":"0x7fb1f80b7578", "frozen":true, "embedded":true, "fstring":true, "bytesize":6, "value":"Struct", "encoding":"US-ASCII", "memsize":40, "flags":{"wb_protected":true, "old":true, "uncollectible":true, "marked":true}}
{"address":"0x7fb1f808f258", "type":"ARRAY", "class":"0x7fb1f8097228", "frozen":true, "length":2, "embedded":true, "references":["0x7fb1f80343f8"], "memsize":40, "flags":{"wb_protected":true, "old":true, "uncollectible":true, "marked":true}}
{"address":"0x7fb1f808f280", "type":"STRING", "class":"0x7fb1f80b7578", "frozen":true, "embedded":true, "fstring":true, "bytesize":16, "value":"__keyword_init__", "encoding":"US-ASCII", "memsize":40, "flags":{"wb_protected":true, "old":true, "uncollectible":true, "marked":true}}
{"address":"0x7fb1f808f2a8", "type":"IMEMO", "class":"0x7fb1f80c6de8", "imemo_type":"ment", "references":["0x7fb1f808f258"], "memsize":48, "flags":{"wb_protected":true, "old":true, "uncollectible":true, "marked":true}}
{"address":"0x7fb1f808f2d0", "type":"STRING", "class":"0x7fb1f80b7578", "frozen":true, "embedded":true, "fstring":true, "bytesize":16, "value":"__members_back__", "encoding":"US-ASCII", "memsize":40, "flags":{"wb_protected":true, "old":true, "uncollectible":true, "marked":true}}
{"address":"0x7fb1f808f320", "type":"STRING", "class":"0x7fb1f80b7578", "frozen":true, "embedded":true, "fstring":true, "bytesize":11, "value":"__members__", "encoding":"US-ASCII", "memsize":40, "flags":{"wb_protected":true, "old":true, "uncollectible":true, "marked":true}}
{"address":"0x7fb1f808f348", "type":"IMEMO", "class":"0x8", "imemo_type":"cref", "references":["0x7fb1f80c6de8", "0x7fb1f809e7a8"], "memsize":40, "flags":{"wb_protected":true, "old":true, "uncollectible":true, "marked":true}}
{"address":"0x7fb1f808f370", "type":"STRING", "class":"0x7fb1f80b7578", "frozen":true, "embedded":true, "fstring":true, "bytesize":3, "value":"ENV", "encoding":"US-ASCII", "memsize":40, "flags":{"wb_protected":true, "old":true, "uncollectible":true, "marked":true}}
{"address":"0x7fb1f808f398", "type":"IMEMO", "class":"0x7fb1f80c6de8", "imemo_type":"ment", "references":["0x7fb1f80a62f0", "0x7fb1f809e7a8"], "memsize":48, "flags":{"wb_protected":true, "old":true, "uncollectible":true, "marked":true}}
{"address":"0x7fb1f808f3c0", "type":"IMEMO", "class":"0x7fb1f808fb40", "imemo_type":"ment", "memsize":48, "flags":{"wb_protected":true, "old":true, "uncollectible":true, "marked":true}}
{"address":"0x7fb1f808f3e8", "type":"IMEMO", "class":"0x7fb1f808fb40", "imemo_type":"ment", "memsize":48, "flags":{"wb_protected":true, "old":true, "uncollectible":true, "marked":true}}
{"address":"0x7fb1f808f410", "type":"IMEMO", "class":"0x7fb1f808fb40", "imemo_type":"ment", "memsize":48, "flags":{"wb_protected":true, "old":true, "uncollectible":true, "marked":true}}
{"address":"0x7fb1f808f438", "type":"IMEMO", "class":"0x7fb1f808fb40", "imemo_type":"ment", "memsize":48, "flags":{"wb_protected":true, "old":true, "uncollectible":true, "marked":true}}
{"address":"0x7fb1f808f460", "type":"IMEMO", "class":"0x7fb1f808fb40", "imemo_type":"ment", "memsize":48, "flags":{"wb_protected":true, "old":true, "uncollectible":true, "marked":true}}
{"address":"0x7fb1f808f488", "type":"IMEMO", "class":"0x7fb1f808fb40", "imemo_type":"ment", "memsize":48, "flags":{"wb_protected":true, "old":true, "uncollectible":true, "marked":true}}
{"address":"0x7fb1f808f4b0", "type":"IMEMO", "class":"0x7fb1f808fb40", "imemo_type":"ment", "memsize":48, "flags":{"wb_protected":true, "old":true, "uncollectible":true, "marked":true}}
{"address":"0x7fb1f808f4d8", "type":"IMEMO", "class":"0x7fb1f808fb40", "imemo_type":"ment", "memsize":48, "flags":{"wb_protected":true, "old":true, "uncollectible":true, "marked":true}}
{"address":"0x7fb1f808f500", "type":"IMEMO", "class":"0x7fb1f808fb40", "imemo_type":"ment", "memsize":48, "flags":{"wb_protected":true, "old":true, "uncollectible":true, "marked":true}}
{"address":"0x7fb1f808f528", "type":"IMEMO", "class":"0x7fb1f808fb40", "imemo_type":"ment", "memsize":48, "flags":{"wb_protected":true, "old":true, "uncollectible":true, "marked":true}}
{"address":"0x7fb1f808f550", "type":"IMEMO", "class":"0x7fb1f808fb40", "imemo_type":"ment", "memsize":48, "flags":{"wb_protected":true, "old":true, "uncollectible":true, "marked":true}}
{"address":"0x7fb1f808f578", "type":"IMEMO", "class":"0x7fb1f808fb40", "imemo_type":"ment", "memsize":48, "flags":{"wb_protected":true, "old":true, "uncollectible":true, "marked":true}}
{"address":"0x7fb1f808f5a0", "type":"IMEMO", "class":"0x7fb1f808fb40", "imemo_type":"ment", "memsize":48, "flags":{"wb_protected":true, "old":true, "uncollectible":true, "marked":true}}
{"address":"0x7fb1f808f5c8", "type":"IMEMO", "class":"0x7fb1f808fb40", "imemo_type":"ment", "memsize":48, "flags":{"wb_protected":true, "old":true, "uncollectible":true, "marked":true}}
{"address":"0x7fb1f808f5f0", "type":"IMEMO", "class":"0x7fb1f808fb40", "imemo_type":"ment", "memsize":48, "flags":{"wb_protected":true, "old":true, "uncollectible":true, "marked":true}}
{"address":"0x7fb1f808f618", "type":"IMEMO", "class":"0x7fb1f808fb40", "imemo_type":"ment", "memsize":48, "flags":{"wb_protected":true, "old":true, "uncollectible":true, "marked":true}}
{"address":"0x7fb1f808f640", "type":"IMEMO", "class":"0x7fb1f808fb40", "imemo_type":"ment", "memsize":48, "flags":{"wb_protected":true, "old":true, "uncollectible":true, "marked":true}}
{"address":"0x7fb1f808f668", "type":"IMEMO", "class":"0x7fb1f808fb40", "imemo_type":"ment", "memsize":48, "flags":{"wb_protected":true, "old":true, "uncollectible":true, "marked":true}}
{"address":"0x7fb1f808f690", "type":"IMEMO", "class":"0x7fb1f808fb40", "imemo_type":"ment", "memsize":48, "flags":{"wb_protected":true, "old":true, "uncollectible":true, "marked":true}}
{"address":"0x7fb1f808f6b8", "type":"IMEMO", "class":"0x7fb1f808fb40", "imemo_type":"ment", "memsize":48, "flags":{"wb_protected":true, "old":true, "uncollectible":true, "marked":true}}
{"address":"0x7fb1f808f6e0", "type":"IMEMO", "class":"0x7fb1f808fb40", "imemo_type":"ment", "memsize":48, "flags":{"wb_protected":true, "old":true, "uncollectible":true, "marked":true}}
{"address":"0x7fb1f808f708", "type":"IMEMO", "class":"0x7fb1f808fb40", "imemo_type":"ment", "memsize":48, "flags":{"wb_protected":true, "old":true, "uncollectible":true, "marked":true}}
{"address":"0x7fb1f808f730", "type":"IMEMO", "class":"0x7fb1f808fb40", "imemo_type":"ment", "memsize":48, "flags":{"wb_protected":true, "old":true, "uncollectible":true, "marked":true}}
{"address":"0x7fb1f808f758", "type":"IMEMO", "class":"0x7fb1f808fb40", "imemo_type":"ment", "memsize":48, "flags":{"wb_protected":true, "old":true, "uncollectible":true, "marked":true}}
{"address":"0x7fb1f808f780", "type":"IMEMO", "class":"0x7fb1f808fb40", "imemo_type":"ment", "memsize":48, "flags":{"wb_protected":true, "old":true, "uncollectible":true, "marked":true}}
{"address":"0x7fb1f808f7a8", "type":"IMEMO", "class":"0x7fb1f808fb40", "imemo_type":"ment", "memsize":48, "flags":{"wb_protected":true, "old":true, "uncollectible":true, "marked":true}}
{"address":"0x7fb1f808f7d0", "type":"IMEMO", "class":"0x7fb1f808fb40", "imemo_type":"ment", "memsize":48, "flags":{"wb_protected":true, "old":true, "uncollectible":true, "marked":true}}
{"address":"0x7fb1f808f7f8", "type":"IMEMO", "class":"0x7fb1f808fb40", "imemo_type":"ment", "memsize":48, "flags":{"wb_protected":true, "old":true, "uncollectible":true, "marked":true}}
{"address":"0x7fb1f808f820", "type":"IMEMO", "class":"0x7fb1f808fb40", "imemo_type":"ment", "memsize":48, "flags":{"wb_protected":true, "old":true, "uncollectible":true, "marked":true}}
{"address":"0x7fb1f808f848", "type":"IMEMO", "class":"0x7fb1f808fb40", "imemo_type":"ment", "memsize":48, "flags":{"wb_protected":true, "old":true, "uncollectible":true, "marked":true}}
{"address":"0x7fb1f808f870", "type":"IMEMO", "class":"0x7fb1f808fb40", "imemo_type":"ment", "memsize":48, "flags":{"wb_protected":true, "old":true, "uncollectible":true, "marked":true}}
{"address":"0x7fb1f808f898", "type":"IMEMO", "class":"0x7fb1f808fb40", "imemo_type":"ment", "memsize":48, "flags":{"wb_protected":true, "old":true, "uncollectible":true, "marked":true}}
{"address":"0x7fb1f808f8c0", "type":"IMEMO", "class":"0x7fb1f808fb40", "imemo_type":"ment", "memsize":48, "flags":{"wb_protected":true, "old":true, "uncollectible":true, "marked":true}}
{"address":"0x7fb1f808f8e8", "type":"IMEMO", "class":"0x7fb1f808fb40", "imemo_type":"ment", "memsize":48, "flags":{"wb_protected":true, "old":true, "uncollectible":true, "marked":true}}
{"address":"0x7fb1f808f910", "type":"IMEMO", "class":"0x7fb1f808fb40", "imemo_type":"ment", "memsize":48, "flags":{"wb_protected":true, "old":true, "uncollectible":true, "marked":true}}
{"address":"0x7fb1f808f938", "type":"IMEMO", "class":"0x7fb1f808fb40", "imemo_type":"ment", "memsize":48, "flags":{"wb_protected":true, "old":true, "uncollectible":true, "marked":true}}
{"address":"0x7fb1f808f960", "type":"IMEMO", "class":"0x7fb1f808fb40", "imemo_type":"ment", "memsize":48, "flags":{"wb_protected":true, "old":true, "uncollectible":true, "marked":true}}
{"address":"0x7fb1f808f988", "type":"IMEMO", "class":"0x7fb1f808fb40", "imemo_type":"ment", "memsize":48, "flags":{"wb_protected":true, "old":true, "uncollectible":true, "marked":true}}
{"address":"0x7fb1f808f9b0", "type":"IMEMO", "class":"0x7fb1f808fb40", "imemo_type":"ment", "memsize":48, "flags":{"wb_protected":true, "old":true, "uncollectible":true, "marked":true}}
{"address":"0x7fb1f808f9d8", "type":"IMEMO", "class":"0x7fb1f808fb40", "imemo_type":"ment", "memsize":48, "flags":{"wb_protected":true, "old":true, "uncollectible":true, "marked":true}}
{"address":"0x7fb1f808fa00", "type":"IMEMO", "class":"0x7fb1f808fb40", "imemo_type":"ment", "memsize":48, "flags":{"wb_protected":true, "old":true, "uncollectible":true, "marked":true}}
{"address":"0x7fb1f808fa28", "type":"IMEMO", "class":"0x7fb1f808fb40", "imemo_type":"ment", "memsize":48, "flags":{"wb_protected":true, "old":true, "uncollectible":true, "marked":true}}
{"address":"0x7fb1f808fa50", "type":"IMEMO", "class":"0x7fb1f808fb40", "imemo_type":"ment", "memsize":48, "flags":{"wb_protected":true, "old":true, "uncollectible":true, "marked":true}}
{"address":"0x7fb1f808fa78", "type":"IMEMO", "class":"0x7fb1f808fb40", "imemo_type":"ment", "memsize":48, "flags":{"wb_protected":true, "old":true, "uncollectible":true, "marked":true}}
{"address":"0x7fb1f808faa0", "type":"IMEMO", "class":"0x7fb1f808fb40", "imemo_type":"ment", "memsize":48, "flags":{"wb_protected":true, "old":true, "uncollectible":true, "marked":true}}
{"address":"0x7fb1f808fac8", "type":"IMEMO", "class":"0x7fb1f808fb40", "imemo_type":"ment", "memsize":48, "flags":{"wb_protected":true, "old":true, "uncollectible":true, "marked":true}}
{"address":"0x7fb1f808faf0", "type":"IMEMO", "class":"0x7fb1f808fb40", "imemo_type":"ment", "memsize":48, "flags":{"wb_protected":true, "old":true, "uncollectible":true, "marked":true}}
{"address":"0x7fb1f808fb18", "type":"ICLASS", "class":"0x7fb1f80bcf28", "references":["0x7fb1f80c5240"], "memsize":40, "flags":{"uncollectible":true, "marked":true}}
{"address":"0x7fb1f808fb40", "type":"CLASS", "class":"0x7fb1f80bf6b0", "name":"Object", "references":["0x7fb1f808fb18", "0x7fb1f808f668", "0x7fb1f808faf0", "0x7fb1f808faa0", "0x7fb1f808f5c8", "0x7fb1f808f640", "0x7fb1f808f780", "0x7fb1f808f910", "0x7fb1f808f410", "0x7fb1f808f528", "0x7fb1f808f7d0", "0x7fb1f808f708", "0x7fb1f808fac8", "0x7fb1f808f5f0", "0x7fb1f808f618", "0x7fb1f808f7f8", "0x7fb1f808fa50", "0x7fb1f808f870", "0x7fb1f808f820", "0x7fb1f808f960", "0x7fb1f808f550", "0x7fb1f808f438", "0x7fb1f808f988", "0x7fb1f808f8c0", "0x7fb1f808f6b8", "0x7fb1f808f690", "0x7fb1f808f3e8", "0x7fb1f808f3c0", "0x7fb1f808f9b0", "0x7fb1f808f6e0", "0x7fb1f808fa78", "0x7fb1f808f938", "0x7fb1f808f898", "0x7fb1f808f848", "0x7fb1f808f9d8", "0x7fb1f808fa00", "0x7fb1f808fa28", "0x7fb1f808f8e8", "0x7fb1f808f5a0", "0x7fb1f808f578", "0x7fb1f808f7a8", "0x7fb1f808f758", "0x7fb1f808f730", "0x7fb1f808f4d8", "0x7fb1f808f4b0", "0x7fb1f808f488", "0x7fb1f808f460", "0x7fb1f808f500", "0x7fb1f808fb68"], "memsize":2512, "flags":{"wb_protected":true, "old":true, "uncollectible":true, "marked":true}}
{"address":"0x7fb1f808fb68", "type":"OBJECT", "class":"0x7fb1f808fb40", "ivars":0, "memsize":40, "flags":{"wb_protected":true, "old":true, "uncollectible":true, "marked":true}}
{"address":"0x7fb1f808fb90", "type":"IMEMO", "class":"0x7fb1f8095108", "imemo_type":"ment", "memsize":48, "flags":{"wb_protected":true, "old":true, "uncollectible":true, "marked":true}}
{"address":"0x7fb1f808fbb8", "type":"STRING", "class":"0x7fb1f80b7578", "frozen":true, "embedded":true, "fstring":true, "bytesize":19, "value":"ruby2_keywords_hash", "encoding":"US-ASCII", "memsize":40, "flags":{"wb_protected":true, "old":true, "uncollectible":true, "marked":true}}
{"address":"0x7fb1f808fbe0", "type":"IMEMO", "class":"0x7fb1f80c6de8", "imemo_type":"ment", "references":["0x7fb1f808fc58"], "memsize":48, "flags":{"wb_protected":true, "old":true, "uncollectible":true, "marked":true}}
{"address":"0x7fb1f808fc08", "type":"IMEMO", "class":"0x7fb1f8095108", "imemo_type":"ment", "memsize":48, "flags":{"wb_protected":true, "old":true, "uncollectible":true, "marked":true}}
{"address":"0x7fb1f808fc30", "type":"STRING", "class":"0x7fb1f80b7578", "frozen":true, "embedded":true, "fstring":true, "bytesize":20, "value":"ruby2_keywords_hash?", "encoding":"US-ASCII", "memsize":40, "flags":{"wb_protected":true, "old":true, "uncollectible":true, "marked":true}}
{"address":"0x7fb1f808fc58", "type":"DATA", "class":"0x7fb1f806f160", "struct":"proc", "references":["0x7fb1f80c6de8", "0x7fb1f80dab40", "0x7fb1f808fe38"], "memsize":80, "flags":{"wb_protected":true, "old":true, "uncollectible":true, "marked":true}}
{"address":"0x7fb1f808fc80", "type":"IMEMO", "class":"0x7fb1f8095130", "imemo_type":"ment", "memsize":48, "flags":{"wb_protected":true, "old":true, "uncollectible":true, "marked":true}}
{"address":"0x7fb1f808fca8", "type":"STRING", "class":"0x7fb1f80b7578", "frozen":true, "embedded":true, "fstring":true, "bytesize":16, "value":"deconstruct_keys", "encoding":"US-ASCII", "memsize":40, "flags":{"wb_protected":true, "old":true, "uncollectible":true, "marked":true}}
{"address":"0x7fb1f808fcf8", "type":"IMEMO", "class":"0x7fb1f8095130", "imemo_type":"ment", "memsize":48, "flags":{"wb_protected":true, "old":true, "uncollectible":true, "marked":true}}
{"address":"0x7fb1f808fd20", "type":"IMEMO", "class":"0x7fb1f8095130", "imemo_type":"ment", "memsize":48, "flags":{"wb_protected":true, "old":true, "uncollectible":true, "marked":true}}
{"address":"0x7fb1f808fd48", "type":"IMEMO", "class":"0x7fb1f8095130", "imemo_type":"ment", "memsize":48, "flags":{"wb_protected":true, "old":true, "uncollectible":true, "marked":true}}
{"address":"0x7fb1f808fd70", "type":"IMEMO", "class":"0x7fb1f8095130", "imemo_type":"ment", "memsize":48, "flags":{"wb_protected":true, "old":true, "uncollectible":true, "marked":true}}
{"address":"0x7fb1f808fd98", "type":"IMEMO", "class":"0x7fb1f8095130", "imemo_type":"ment", "memsize":48, "flags":{"wb_protected":true, "old":true, "uncollectible":true, "marked":true}}
{"address":"0x7fb1f808fdc0", "type":"IMEMO", "class":"0x7fb1f8095130", "imemo_type":"ment", "memsize":48, "flags":{"wb_protected":true, "old":true, "uncollectible":true, "marked":true}}
{"address":"0x7fb1f808fde8", "type":"IMEMO", "class":"0x7fb1f8095130", "imemo_type":"ment", "memsize":48, "flags":{"wb_protected":true, "old":true, "uncollectible":true, "marked":true}}
{"address":"0x7fb1f808fe10", "type":"STRING", "class":"0x7fb1f80b7578", "frozen":true, "embedded":true, "fstring":true, "bytesize":20, "value":"compare_by_identity?", "encoding":"US-ASCII", "memsize":40, "flags":{"wb_protected":true, "old":true, "uncollectible":true, "marked":true}}
{"address":"0x7fb1f808fe38", "type":"IMEMO", "class":"0x7fb1f80dabe0", "imemo_type":"env", "references":["0x7fb1f80940f0", "0x7fb1f80942f8", "0x7fb1f808fe38", "0x7fb1f808feb0"], "memsize":80, "flags":{"wb_protected":true, "old":true, "uncollectible":true, "marked":true}}
{"address":"0x7fb1f808fe60", "type":"IMEMO", "class":"0x7fb1f8095130", "imemo_type":"ment", "memsize":48, "flags":{"wb_protected":true, "old":true, "uncollectible":true, "marked":true}}
{"address":"0x7fb1f808fe88", "type":"STRING", "class":"0x7fb1f80b7578", "frozen":true, "embedded":true, "fstring":true, "bytesize":19, "value":"compare_by_identity", "encoding":"US-ASCII", "memsize":40, "flags":{"wb_protected":true, "old":true, "uncollectible":true, "marked":true}}
{"address":"0x7fb1f808feb0", "type":"IMEMO", "class":"0x7fb1f80dac58", "imemo_type":"env", "references":["0x7fb1f80a6340", "0x7fb1f8097ef8", "0x7fb1f808feb0"], "memsize":104, "flags":{"wb_protected":true, "old":true, "uncollectible":true, "marked":true}}
{"address":"0x7fb1f808fed8", "type":"IMEMO", "class":"0x7fb1f8095130", "imemo_type":"ment", "memsize":48, "flags":{"wb_protected":true, "old":true, "uncollectible":true, "marked":true}}
{"address":"0x7fb1f808ff00", "type":"STRING", "class":"0x7fb1f80b7578", "frozen":true, "embedded":true, "fstring":true, "bytesize":6, "value":"value?", "encoding":"US-ASCII", "memsize":40, "flags":{"wb_protected":true, "old":true, "uncollectible":true, "marked":true}}
{"address":"0x7fb1f808ff28", "type":"IMEMO", "class":"0x7fb1f80c6de8", "imemo_type":"ment", "references":["0x7fb1f80ac768", "0x7fb1f809e7a8"], "memsize":48, "flags":{"wb_protected":true, "old":true, "uncollectible":true, "marked":true}}
{"address":"0x7fb1f808ff50", "type":"IMEMO", "class":"0x7fb1f8095130", "imemo_type":"ment", "memsize":48, "flags":{"wb_protected":true, "old":true, "uncollectible":true, "marked":true}}
{"address":"0x7fb1f808ff78", "type":"STRING", "class":"0x7fb1f80b7578", "frozen":true, "embedded":true, "fstring":true, "bytesize":4, "value":"key?", "encoding":"US-ASCII", "memsize":40, "flags":{"wb_protected":true, "old":true, "uncollectible":true, "marked":true}}
{"address":"0x7fb1f808ffa0", "type":"STRING", "class":"0x7fb1f80b7578", "frozen":true, "fstring":true, "bytesize":26, "value":"_deprecated_detect_gemdeps", "encoding":"US-ASCII", "memsize":67, "flags":{"wb_protected":true, "old":true, "uncollectible":true, "marked":true}}
{"address":"0x7fb1f8094028", "type":"IMEMO", "class":"0x7fb1f8095130", "imemo_type":"ment", "memsize":48, "flags":{"wb_protected":true, "old":true, "uncollectible":true, "marked":true}}
{"address":"0x7fb1f8094050", "type":"STRING", "class":"0x7fb1f80b7578", "frozen":true, "embedded":true, "fstring":true, "bytesize":10, "value":"has_value?", "encoding":"US-ASCII", "memsize":40, "flags":{"wb_protected":true, "old":true, "uncollectible":true, "marked":true}}
{"address":"0x7fb1f80940a0", "type":"IMEMO", "class":"0x7fb1f8095130", "imemo_type":"ment", "memsize":48, "flags":{"wb_protected":true, "old":true, "uncollectible":true, "marked":true}}
{"address":"0x7fb1f80940c8", "type":"STRING", "class":"0x7fb1f80b7578", "frozen":true, "embedded":true, "fstring":true, "bytesize":8, "value":"has_key?", "encoding":"US-ASCII", "memsize":40, "flags":{"wb_protected":true, "old":true, "uncollectible":true, "marked":true}}
{"address":"0x7fb1f80940f0", "type":"STRING", "class":"0x7fb1f80b7578", "frozen":true, "bytesize":26, "capacity":47, "value":"_deprecated_detect_gemdeps", "encoding":"UTF-8", "memsize":88, "flags":{"wb_protected":true, "old":true, "uncollectible":true, "marked":true}}
{"address":"0x7fb1f8094118", "type":"IMEMO", "class":"0x7fb1f8095130", "imemo_type":"ment", "memsize":48, "flags":{"wb_protected":true, "old":true, "uncollectible":true, "marked":true}}
{"address":"0x7fb1f8094140", "type":"IMEMO", "class":"0x7fb1f8095130", "imemo_type":"ment", "memsize":48, "flags":{"wb_protected":true, "old":true, "uncollectible":true, "marked":true}}
{"address":"0x7fb1f8094168", "type":"IMEMO", "class":"0x7fb1f8095130", "imemo_type":"ment", "memsize":48, "flags":{"wb_protected":true, "old":true, "uncollectible":true, "marked":true}}
{"address":"0x7fb1f8094190", "type":"IMEMO", "class":"0x7fb1f8095130", "imemo_type":"ment", "memsize":48, "flags":{"wb_protected":true, "old":true, "uncollectible":true, "marked":true}}
{"address":"0x7fb1f80941b8", "type":"IMEMO", "class":"0x7fb1f8095130", "imemo_type":"ment", "memsize":48, "flags":{"wb_protected":true, "old":true, "uncollectible":true, "marked":true}}
{"address":"0x7fb1f80941e0", "type":"IMEMO", "class":"0x7fb1f8095130", "imemo_type":"ment", "memsize":48, "flags":{"wb_protected":true, "old":true, "uncollectible":true, "marked":true}}
{"address":"0x7fb1f8094208", "type":"IMEMO", "class":"0x7fb1f8095130", "imemo_type":"ment", "memsize":48, "flags":{"wb_protected":true, "old":true, "uncollectible":true, "marked":true}}
{"address":"0x7fb1f8094230", "type":"IMEMO", "class":"0x7fb1f8095130", "imemo_type":"ment", "memsize":48, "flags":{"wb_protected":true, "old":true, "uncollectible":true, "marked":true}}
{"address":"0x7fb1f8094258", "type":"STRING", "class":"0x7fb1f80b7578", "frozen":true, "embedded":true, "fstring":true, "bytesize":5, "value":"merge", "encoding":"US-ASCII", "memsize":40, "flags":{"wb_protected":true, "old":true, "uncollectible":true, "marked":true}}
{"address":"0x7fb1f8094280", "type":"IMEMO", "imemo_type":"iseq", "references":["0x7fb1f8094398", "0x7fb1f802e9a8", "0x7fb1f808c788", "0x7fb1f8096b48"], "memsize":616, "flags":{"wb_protected":true, "old":true, "uncollectible":true, "marked":true}}
{"address":"0x7fb1f80942a8", "type":"IMEMO", "class":"0x7fb1f8095130", "imemo_type":"ment", "memsize":48, "flags":{"wb_protected":true, "old":true, "uncollectible":true, "marked":true}}
{"address":"0x7fb1f80942d0", "type":"STRING", "class":"0x7fb1f80b7578", "frozen":true, "embedded":true, "fstring":true, "bytesize":6, "value":"merge!", "encoding":"US-ASCII", "memsize":40, "flags":{"wb_protected":true, "old":true, "uncollectible":true, "marked":true}}
{"address":"0x7fb1f80942f8", "type":"IMEMO", "class":"0x8", "imemo_type":"cref", "references":["0x7fb1f80c6de8", "0x7fb1f80da7d0"], "memsize":40, "flags":{"wb_protected":true, "old":true, "uncollectible":true, "marked":true}}
{"address":"0x7fb1f8094320", "type":"IMEMO", "class":"0x7fb1f8095130", "imemo_type":"ment", "memsize":48, "flags":{"wb_protected":true, "old":true, "uncollectible":true, "marked":true}}
{"address":"0x7fb1f8094348", "type":"IMEMO", "class":"0x7fb1f8095130", "imemo_type":"ment", "memsize":48, "flags":{"wb_protected":true, "old":true, "uncollectible":true, "marked":true}}
{"address":"0x7fb1f8094370", "type":"STRING", "class":"0x7fb1f80b7578", "frozen":true, "embedded":true, "fstring":true, "bytesize":6, "value":"update", "encoding":"US-ASCII", "memsize":40, "flags":{"wb_protected":true, "old":true, "uncollectible":true, "marked":true}}
{"address":"0x7fb1f8094398", "type":"STRING", "class":"0x7fb1f80b7578", "frozen":true, "embedded":true, "fstring":true, "bytesize":18, "value":"block in ruby_code", "memsize":40, "flags":{"wb_protected":true, "old":true, "uncollectible":true, "marked":true}}
{"address":"0x7fb1f80943c0", "type":"IMEMO", "class":"0x7fb1f8095130", "imemo_type":"ment", "memsize":48, "flags":{"wb_protected":true, "old":true, "uncollectible":true, "marked":true}}
{"address":"0x7fb1f80943e8", "type":"STRING", "class":"0x7fb1f80b7578", "frozen":true, "embedded":true, "fstring":true, "bytesize":6, "value":"invert", "encoding":"US-ASCII", "memsize":40, "flags":{"wb_protected":true, "old":true, "uncollectible":true, "marked":true}}
{"address":"0x7fb1f8094410", "type":"STRING", "class":"0x7fb1f80b7578", "embedded":true, "bytesize":13, "value":"strscan-1.0.3", "encoding":"UTF-8", "memsize":40, "flags":{"wb_protected":true, "old":true, "uncollectible":true, "marked":true}}
{"address":"0x7fb1f8094438", "type":"IMEMO", "class":"0x7fb1f8095130", "imemo_type":"ment", "memsize":48, "flags":{"wb_protected":true, "old":true, "uncollectible":true, "marked":true}}
{"address":"0x7fb1f8094460", "type":"IMEMO", "class":"0x7fb1f8095130", "imemo_type":"ment", "memsize":48, "flags":{"wb_protected":true, "old":true, "uncollectible":true, "marked":true}}
{"address":"0x7fb1f8094488", "type":"IMEMO", "class":"0x7fb1f8095130", "imemo_type":"ment", "memsize":48, "flags":{"wb_protected":true, "old":true, "uncollectible":true, "marked":true}}
{"address":"0x7fb1f80944b0", "type":"IMEMO", "class":"0x7fb1f8095130", "imemo_type":"ment", "memsize":48, "flags":{"wb_protected":true, "old":true, "uncollectible":true, "marked":true}}
{"address":"0x7fb1f80944d8", "type":"IMEMO", "class":"0x7fb1f8095130", "imemo_type":"ment", "memsize":48, "flags":{"wb_protected":true, "old":true, "uncollectible":true, "marked":true}}
{"address":"0x7fb1f8094500", "type":"IMEMO", "class":"0x7fb1f8095130", "imemo_type":"ment", "memsize":48, "flags":{"wb_protected":true, "old":true, "uncollectible":true, "marked":true}}
{"address":"0x7fb1f8094528", "type":"IMEMO", "class":"0x7fb1f8095130", "imemo_type":"ment", "memsize":48, "flags":{"wb_protected":true, "old":true, "uncollectible":true, "marked":true}}
{"address":"0x7fb1f8094550", "type":"IMEMO", "class":"0x7fb1f8095130", "imemo_type":"ment", "memsize":48, "flags":{"wb_protected":true, "old":true, "uncollectible":true, "marked":true}}
{"address":"0x7fb1f8094578", "type":"IMEMO", "class":"0x7fb1f8095130", "imemo_type":"ment", "memsize":48, "flags":{"wb_protected":true, "old":true, "uncollectible":true, "marked":true}}
{"address":"0x7fb1f80945a0", "type":"IMEMO", "class":"0x7fb1f8095130", "imemo_type":"ment", "memsize":48, "flags":{"wb_protected":true, "old":true, "uncollectible":true, "marked":true}}
{"address":"0x7fb1f80945c8", "type":"IMEMO", "class":"0x7fb1f8095130", "imemo_type":"ment", "memsize":48, "flags":{"wb_protected":true, "old":true, "uncollectible":true, "marked":true}}
{"address":"0x7fb1f80945f0", "type":"IMEMO", "class":"0x7fb1f8095130", "imemo_type":"ment", "memsize":48, "flags":{"wb_protected":true, "old":true, "uncollectible":true, "marked":true}}
{"address":"0x7fb1f8094618", "type":"IMEMO", "class":"0x7fb1f8095130", "imemo_type":"ment", "memsize":48, "flags":{"wb_protected":true, "old":true, "uncollectible":true, "marked":true}}
{"address":"0x7fb1f8094640", "type":"STRING", "class":"0x7fb1f80b7578", "frozen":true, "embedded":true, "fstring":true, "bytesize":12, "value":"fetch_values", "encoding":"US-ASCII", "memsize":40, "flags":{"wb_protected":true, "old":true, "uncollectible":true, "marked":true}}
{"address":"0x7fb1f8094668", "type":"IMEMO", "class":"0x7fb1f80c6de8", "imemo_type":"ment", "references":["0x7fb1f80ac768", "0x7fb1f809e7a8"], "memsize":48, "flags":{"wb_protected":true, "old":true, "uncollectible":true, "marked":true}}
{"address":"0x7fb1f8094690", "type":"IMEMO", "class":"0x7fb1f8095130", "imemo_type":"ment", "memsize":48, "flags":{"wb_protected":true, "old":true, "uncollectible":true, "marked":true}}
{"address":"0x7fb1f80946b8", "type":"IMEMO", "class":"0x7fb1f8095130", "imemo_type":"ment", "memsize":48, "flags":{"wb_protected":true, "old":true, "uncollectible":true, "marked":true}}
{"address":"0x7fb1f80946e0", "type":"STRING", "class":"0x7fb1f80b7578", "frozen":true, "embedded":true, "fstring":true, "bytesize":6, "value":"values", "encoding":"US-ASCII", "memsize":40, "flags":{"wb_protected":true, "old":true, "uncollectible":true, "marked":true}}
{"address":"0x7fb1f8094708", "type":"IMEMO", "class":"0x7fb1f80c6de8", "imemo_type":"ment", "references":["0x7fb1f80ad028", "0x7fb1f809e7a8"], "memsize":48, "flags":{"wb_protected":true, "old":true, "uncollectible":true, "marked":true}}
{"address":"0x7fb1f8094730", "type":"IMEMO", "class":"0x7fb1f8095130", "imemo_type":"ment", "memsize":48, "flags":{"wb_protected":true, "old":true, "uncollectible":true, "marked":true}}
{"address":"0x7fb1f8094758", "type":"STRING", "class":"0x7fb1f80b7578", "frozen":true, "embedded":true, "fstring":true, "bytesize":4, "value":"keys", "encoding":"US-ASCII", "memsize":40, "flags":{"wb_protected":true, "old":true, "uncollectible":true, "marked":true}}
{"address":"0x7fb1f8094780", "type":"IMEMO", "class":"0x7fb1f80c6de8", "imemo_type":"ment", "references":["0x7fb1f80ad1e0", "0x7fb1f809e7a8"], "memsize":48, "flags":{"wb_protected":true, "old":true, "uncollectible":true, "marked":true}}
{"address":"0x7fb1f80947a8", "type":"IMEMO", "class":"0x7fb1f8095130", "imemo_type":"ment", "memsize":48, "flags":{"wb_protected":true, "old":true, "uncollectible":true, "marked":true}}
{"address":"0x7fb1f80947d0", "type":"STRING", "class":"0x7fb1f80b7578", "frozen":true, "embedded":true, "fstring":true, "bytesize":17, "value":"transform_values!", "encoding":"US-ASCII", "memsize":40, "flags":{"wb_protected":true, "old":true, "uncollectible":true, "marked":true}}
{"address":"0x7fb1f80947f8", "type":"IMEMO", "class":"0x7fb1f80c6de8", "imemo_type":"ment", "references":["0x7fb1f80adc80", "0x7fb1f809e7a8"], "memsize":48, "flags":{"wb_protected":true, "old":true, "uncollectible":true, "marked":true}}
{"address":"0x7fb1f8094820", "type":"IMEMO", "class":"0x7fb1f8095130", "imemo_type":"ment", "memsize":48, "flags":{"wb_protected":true, "old":true, "uncollectible":true, "marked":true}}
{"address":"0x7fb1f8094848", "type":"STRING", "class":"0x7fb1f80b7578", "frozen":true, "embedded":true, "fstring":true, "bytesize":16, "value":"transform_values", "encoding":"US-ASCII", "memsize":40, "flags":{"wb_protected":true, "old":true, "uncollectible":true, "marked":true}}
{"address":"0x7fb1f8094870", "type":"IMEMO", "class":"0x7fb1f80c6de8", "imemo_type":"ment", "references":["0x7fb1f80addc0", "0x7fb1f809e7a8"], "memsize":48, "flags":{"wb_protected":true, "old":true, "uncollectible":true, "marked":true}}
{"address":"0x7fb1f8094898", "type":"IMEMO", "class":"0x7fb1f8095130", "imemo_type":"ment", "memsize":48, "flags":{"wb_protected":true, "old":true, "uncollectible":true, "marked":true}}
{"address":"0x7fb1f80948c0", "type":"STRING", "class":"0x7fb1f80b7578", "frozen":true, "embedded":true, "fstring":true, "bytesize":15, "value":"transform_keys!", "encoding":"US-ASCII", "memsize":40, "flags":{"wb_protected":true, "old":true, "uncollectible":true, "marked":true}}
{"address":"0x7fb1f80948e8", "type":"IMEMO", "class":"0x7fb1f80c6de8", "imemo_type":"ment", "references":["0x7fb1f80ae478", "0x7fb1f809e7a8"], "memsize":48, "flags":{"wb_protected":true, "old":true, "uncollectible":true, "marked":true}}
{"address":"0x7fb1f8094910", "type":"IMEMO", "class":"0x7fb1f8095130", "imemo_type":"ment", "memsize":48, "flags":{"wb_protected":true, "old":true, "uncollectible":true, "marked":true}}
{"address":"0x7fb1f8094938", "type":"STRING", "class":"0x7fb1f80b7578", "frozen":true, "embedded":true, "fstring":true, "bytesize":14, "value":"transform_keys", "encoding":"US-ASCII", "memsize":40, "flags":{"wb_protected":true, "old":true, "uncollectible":true, "marked":true}}
{"address":"0x7fb1f8094960", "type":"IMEMO", "class":"0x7fb1f80c6de8", "imemo_type":"ment", "references":["0x7fb1f80ae568", "0x7fb1f809e7a8"], "memsize":48, "flags":{"wb_protected":true, "old":true, "uncollectible":true, "marked":true}}
{"address":"0x7fb1f8094988", "type":"IMEMO", "class":"0x7fb1f8095130", "imemo_type":"ment", "memsize":48, "flags":{"wb_protected":true, "old":true, "uncollectible":true, "marked":true}}
{"address":"0x7fb1f80949b0", "type":"IMEMO", "class":"0x7fb1f8095130", "imemo_type":"ment", "memsize":48, "flags":{"wb_protected":true, "old":true, "uncollectible":true, "marked":true}}
{"address":"0x7fb1f80949d8", "type":"STRING", "class":"0x7fb1f80b7578", "frozen":true, "embedded":true, "fstring":true, "bytesize":9, "value":"each_pair", "encoding":"US-ASCII", "memsize":40, "flags":{"wb_protected":true, "old":true, "uncollectible":true, "marked":true}}
{"address":"0x7fb1f8094a00", "type":"IMEMO", "class":"0x7fb1f80c6de8", "imemo_type":"ment", "references":["0x7fb1f80aeba8", "0x7fb1f809e7a8"], "memsize":48, "flags":{"wb_protected":true, "old":true, "uncollectible":true, "marked":true}}
{"address":"0x7fb1f8094a28", "type":"IMEMO", "class":"0x7fb1f8095130", "imemo_type":"ment", "memsize":48, "flags":{"wb_protected":true, "old":true, "uncollectible":true, "marked":true}}
{"address":"0x7fb1f8094a50", "type":"STRING", "class":"0x7fb1f80b7578", "frozen":true, "embedded":true, "fstring":true, "bytesize":8, "value":"each_key", "encoding":"US-ASCII", "memsize":40, "flags":{"wb_protected":true, "old":true, "uncollectible":true, "marked":true}}
{"address":"0x7fb1f8094a78", "type":"IMEMO", "class":"0x7fb1f80c6de8", "imemo_type":"ment", "references":["0x7fb1f80aec98", "0x7fb1f809e7a8"], "memsize":48, "flags":{"wb_protected":true, "old":true, "uncollectible":true, "marked":true}}
{"address":"0x7fb1f8094aa0", "type":"IMEMO", "class":"0x7fb1f8095130", "imemo_type":"ment", "memsize":48, "flags":{"wb_protected":true, "old":true, "uncollectible":true, "marked":true}}
{"address":"0x7fb1f8094ac8", "type":"STRING", "class":"0x7fb1f80b7578", "frozen":true, "embedded":true, "fstring":true, "bytesize":10, "value":"each_value", "encoding":"US-ASCII", "memsize":40, "flags":{"wb_protected":true, "old":true, "uncollectible":true, "marked":true}}
{"address":"0x7fb1f8094af0", "type":"IMEMO", "class":"0x7fb1f80c6de8", "imemo_type":"ment", "references":["0x7fb1f80aeea0", "0x7fb1f809e7a8"], "memsize":48, "flags":{"wb_protected":true, "old":true, "uncollectible":true, "marked":true}}
{"address":"0x7fb1f8094b18", "type":"IMEMO", "class":"0x7fb1f8095130", "imemo_type":"ment", "memsize":48, "flags":{"wb_protected":true, "old":true, "uncollectible":true, "marked":true}}
{"address":"0x7fb1f8094b40", "type":"IMEMO", "class":"0x7fb1f8095130", "imemo_type":"ment", "memsize":48, "flags":{"wb_protected":true, "old":true, "uncollectible":true, "marked":true}}
{"address":"0x7fb1f8094b68", "type":"IMEMO", "class":"0x7fb1f8095130", "imemo_type":"ment", "memsize":48, "flags":{"wb_protected":true, "old":true, "uncollectible":true, "marked":true}}
{"address":"0x7fb1f8094b90", "type":"IMEMO", "class":"0x7fb1f8095130", "imemo_type":"ment", "memsize":48, "flags":{"wb_protected":true, "old":true, "uncollectible":true, "marked":true}}
{"address":"0x7fb1f8094bb8", "type":"IMEMO", "class":"0x7fb1f8095130", "imemo_type":"ment", "memsize":48, "flags":{"wb_protected":true, "old":true, "uncollectible":true, "marked":true}}
{"address":"0x7fb1f8094be0", "type":"IMEMO", "class":"0x7fb1f8095130", "imemo_type":"ment", "memsize":48, "flags":{"wb_protected":true, "old":true, "uncollectible":true, "marked":true}}
{"address":"0x7fb1f8094c08", "type":"STRING", "class":"0x7fb1f80b7578", "frozen":true, "embedded":true, "fstring":true, "bytesize":13, "value":"default_proc=", "encoding":"US-ASCII", "memsize":40, "flags":{"wb_protected":true, "old":true, "uncollectible":true, "marked":true}}
{"address":"0x7fb1f8094c30", "type":"IMEMO", "class":"0x7fb1f80c6de8", "imemo_type":"ment", "references":["0x7fb1f80af710", "0x7fb1f809e7a8"], "memsize":48, "flags":{"wb_protected":true, "old":true, "uncollectible":true, "marked":true}}
{"address":"0x7fb1f8094c58", "type":"IMEMO", "class":"0x7fb1f8095130", "imemo_type":"ment", "memsize":48, "flags":{"wb_protected":true, "old":true, "uncollectible":true, "marked":true}}
{"address":"0x7fb1f8094c80", "type":"STRING", "class":"0x7fb1f80b7578", "frozen":true, "embedded":true, "fstring":true, "bytesize":12, "value":"default_proc", "encoding":"US-ASCII", "memsize":40, "flags":{"wb_protected":true, "old":true, "uncollectible":true, "marked":true}}
{"address":"0x7fb1f8094ca8", "type":"IMEMO", "class":"0x7fb1f80c6de8", "imemo_type":"ment", "references":["0x7fb1f80af800", "0x7fb1f809e7a8"], "memsize":48, "flags":{"wb_protected":true, "old":true, "uncollectible":true, "marked":true}}
{"address":"0x7fb1f8094cd0", "type":"IMEMO", "class":"0x7fb1f8095130", "imemo_type":"ment", "memsize":48, "flags":{"wb_protected":true, "old":true, "uncollectible":true, "marked":true}}
{"address":"0x7fb1f8094cf8", "type":"STRING", "class":"0x7fb1f80b7578", "frozen":true, "embedded":true, "fstring":true, "bytesize":8, "value":"default=", "encoding":"US-ASCII", "memsize":40, "flags":{"wb_protected":true, "old":true, "uncollectible":true, "marked":true}}
{"address":"0x7fb1f8094d20", "type":"IMEMO", "class":"0x7fb1f80c6de8", "imemo_type":"ment", "references":["0x7fb1f80afaa8", "0x7fb1f809e7a8"], "memsize":48, "flags":{"wb_protected":true, "old":true, "uncollectible":true, "marked":true}}
{"address":"0x7fb1f8094d48", "type":"IMEMO", "class":"0x7fb1f8095130", "imemo_type":"ment", "memsize":48, "flags":{"wb_protected":true, "old":true, "uncollectible":true, "marked":true}}
{"address":"0x7fb1f8094d70", "type":"IMEMO", "class":"0x7fb1f8095130", "imemo_type":"ment", "memsize":48, "flags":{"wb_protected":true, "old":true, "uncollectible":true, "marked":true}}
{"address":"0x7fb1f8094d98", "type":"STRING", "class":"0x7fb1f80b7578", "frozen":true, "embedded":true, "fstring":true, "bytesize":5, "value":"store", "encoding":"US-ASCII", "memsize":40, "flags":{"wb_protected":true, "old":true, "uncollectible":true, "marked":true}}
{"address":"0x7fb1f8094dc0", "type":"IMEMO", "class":"0x7fb1f80c6de8", "imemo_type":"ment", "references":["0x7fb1f80afb70", "0x7fb1f809e7a8"], "memsize":48, "flags":{"wb_protected":true, "old":true, "uncollectible":true, "marked":true}}
{"address":"0x7fb1f8094de8", "type":"IMEMO", "class":"0x7fb1f8095130", "imemo_type":"ment", "memsize":48, "flags":{"wb_protected":true, "old":true, "uncollectible":true, "marked":true}}
{"address":"0x7fb1f8094e10", "type":"IMEMO", "class":"0x7fb1f8095130", "imemo_type":"ment", "memsize":48, "flags":{"wb_protected":true, "old":true, "uncollectible":true, "marked":true}}
{"address":"0x7fb1f8094e38", "type":"IMEMO", "class":"0x7fb1f8095130", "imemo_type":"ment", "memsize":48, "flags":{"wb_protected":true, "old":true, "uncollectible":true, "marked":true}}
{"address":"0x7fb1f8094e60", "type":"IMEMO", "class":"0x7fb1f8095130", "imemo_type":"ment", "memsize":48, "flags":{"wb_protected":true, "old":true, "uncollectible":true, "marked":true}}
{"address":"0x7fb1f8094e88", "type":"IMEMO", "class":"0x7fb1f8095130", "imemo_type":"ment", "memsize":48, "flags":{"wb_protected":true, "old":true, "uncollectible":true, "marked":true}}
{"address":"0x7fb1f8094eb0", "type":"IMEMO", "class":"0x7fb1f8095130", "imemo_type":"ment", "memsize":48, "flags":{"wb_protected":true, "old":true, "uncollectible":true, "marked":true}}
{"address":"0x7fb1f8094ed8", "type":"IMEMO", "class":"0x7fb1f8095130", "imemo_type":"ment", "memsize":48, "flags":{"wb_protected":true, "old":true, "uncollectible":true, "marked":true}}
{"address":"0x7fb1f8094f00", "type":"IMEMO", "class":"0x7fb1f8095130", "imemo_type":"ment", "memsize":48, "flags":{"wb_protected":true, "old":true, "uncollectible":true, "marked":true}}
{"address":"0x7fb1f8094f28", "type":"IMEMO", "class":"0x7fb1f8095130", "imemo_type":"ment", "memsize":48, "flags":{"wb_protected":true, "old":true, "uncollectible":true, "marked":true}}
{"address":"0x7fb1f8094f50", "type":"IMEMO", "class":"0x7fb1f8095130", "imemo_type":"ment", "memsize":48, "flags":{"wb_protected":true, "old":true, "uncollectible":true, "marked":true}}
{"address":"0x7fb1f8094f78", "type":"IMEMO", "class":"0x7fb1f8095130", "imemo_type":"ment", "memsize":48, "flags":{"wb_protected":true, "old":true, "uncollectible":true, "marked":true}}
{"address":"0x7fb1f8094fa0", "type":"IMEMO", "class":"0x7fb1f8095130", "imemo_type":"ment", "memsize":48, "flags":{"wb_protected":true, "old":true, "uncollectible":true, "marked":true}}
{"address":"0x7fb1f8094fc8", "type":"IMEMO", "class":"0x7fb1f8095130", "imemo_type":"ment", "memsize":48, "flags":{"wb_protected":true, "old":true, "uncollectible":true, "marked":true}}
{"address":"0x7fb1f8094ff0", "type":"STRING", "class":"0x7fb1f80b7578", "frozen":true, "embedded":true, "fstring":true, "bytesize":6, "value":"rehash", "encoding":"US-ASCII", "memsize":40, "flags":{"wb_protected":true, "old":true, "uncollectible":true, "marked":true}}
{"address":"0x7fb1f8095018", "type":"IMEMO", "class":"0x7fb1f80c6de8", "imemo_type":"ment", "references":["0x7fb1f80aff80", "0x7fb1f809e7a8"], "memsize":48, "flags":{"wb_protected":true, "old":true, "uncollectible":true, "marked":true}}
{"address":"0x7fb1f8095040", "type":"IMEMO", "class":"0x7fb1f8095130", "imemo_type":"ment", "memsize":48, "flags":{"wb_protected":true, "old":true, "uncollectible":true, "marked":true}}
{"address":"0x7fb1f8095068", "type":"IMEMO", "class":"0x7fb1f8095130", "imemo_type":"ment", "memsize":48, "flags":{"wb_protected":true, "old":true, "uncollectible":true, "marked":true}}
{"address":"0x7fb1f8095090", "type":"IMEMO", "class":"0x7fb1f8095108", "imemo_type":"ment", "memsize":48, "flags":{"wb_protected":true, "old":true, "uncollectible":true, "marked":true}}
{"address":"0x7fb1f80950b8", "type":"IMEMO", "class":"0x7fb1f8095108", "imemo_type":"ment", "memsize":48, "flags":{"wb_protected":true, "old":true, "uncollectible":true, "marked":true}}
{"address":"0x7fb1f80950e0", "type":"ICLASS", "class":"0x7fb1f80bcf28", "references":["0x7fb1f80c5240"], "memsize":40, "flags":{"uncollectible":true, "marked":true}}
{"address":"0x7fb1f8095108", "type":"CLASS", "class":"0x7fb1f80bf700", "name":"Class", "references":["0x7fb1f80bf6b0", "0x7fb1f80950b8", "0x7fb1f8095090", "0x7fb1f808fc08", "0x7fb1f808fb90", "0x7fb1f8095130"], "memsize":592, "flags":{"wb_protected":true, "old":true, "uncollectible":true, "marked":true}}
{"address":"0x7fb1f8095130", "type":"CLASS", "class":"0x7fb1f8095108", "name":"Hash", "references":["0x7fb1f80950e0", "0x7fb1f808fed8", "0x7fb1f808fe60", "0x7fb1f808fde8", "0x7fb1f808fc80", "0x7fb1f808fdc0", "0x7fb1f808fd98", "0x7fb1f808fd70", "0x7fb1f808fd20", "0x7fb1f8094eb0", "0x7fb1f8094bb8", "0x7fb1f8094e88", "0x7fb1f8094de8", "0x7fb1f8094b18", "0x7fb1f8094e38", "0x7fb1f8094b90", "0x7fb1f8094320", "0x7fb1f8094438", "0x7fb1f8094f78", "0x7fb1f8094140", "0x7fb1f8094f28", "0x7fb1f8094e10", "0x7fb1f8094b40", "0x7fb1f8094b68", "0x7fb1f8094988", "0x7fb1f80945f0", "0x7fb1f808fd48", "0x7fb1f808fcf8", "0x7fb1f8095068", "0x7fb1f8095040", "0x7fb1f8094528", "0x7fb1f80944d8", "0x7fb1f8094578", "0x7fb1f8094690", "0x7fb1f8094fa0", "0x7fb1f8094ed8", "0x7fb1f80945a0", "0x7fb1f8094f50", "0x7fb1f8094f00", "0x7fb1f8094488", "0x7fb1f8094208", "0x7fb1f80941e0", "0x7fb1f8094190", "0x7fb1f8094168", "0x7fb1f80941b8", "0x7fb1f80945c8", "0x7fb1f8094d48", "0x7fb1f8094fc8", "0x7fb1f8094d70", "0x7fb1f8094550", "0x7fb1f8094cd0", "0x7fb1f8094c58", "0x7fb1f8094be0", "0x7fb1f8094aa0", "0x7fb1f8094a28", "0x7fb1f80949b0", "0x7fb1f8094910", "0x7fb1f8094898", "0x7fb1f8094820", "0x7fb1f80947a8", "0x7fb1f8094730", "0x7fb1f80946b8", "0x7fb1f8094618", "0x7fb1f80943c0", "0x7fb1f8094460", "0x7fb1f8094500", "0x7fb1f8094348", "0x7fb1f80944b0", "0x7fb1f8094230", "0x7fb1f80940a0", "0x7fb1f80942a8", "0x7fb1f8094e60", "0x7fb1f8094118", "0x7fb1f8094028", "0x7fb1f808ff50", "0x7fb1f80bf818"], "memsize":2512, "flags":{"wb_protected":true, "old":true, "uncollectible":true, "marked":true}}
{"address":"0x7fb1f8095158", "type":"STRING", "class":"0x7fb1f80b7578", "frozen":true, "embedded":true, "fstring":true, "bytesize":7, "value":"default", "encoding":"US-ASCII", "memsize":40, "flags":{"wb_protected":true, "old":true, "uncollectible":true, "marked":true}}
{"address":"0x7fb1f8095180", "type":"IMEMO", "class":"0x7fb1f80c6de8", "imemo_type":"ment", "references":["0x7fb1f80b40d0", "0x7fb1f809e7a8"], "memsize":48, "flags":{"wb_protected":true, "old":true, "uncollectible":true, "marked":true}}
{"address":"0x7fb1f80951a8", "type":"STRING", "class":"0x7fb1f80b7578", "frozen":true, "embedded":true, "fstring":true, "bytesize":5, "value":"yield", "encoding":"US-ASCII", "memsize":40, "flags":{"wb_protected":true, "old":true, "uncollectible":true, "marked":true}}
{"address":"0x7fb1f80951d0", "type":"IMEMO", "class":"0x7fb1f80c6de8", "imemo_type":"ment", "references":["0x7fb1f80b4468", "0x7fb1f809e7a8"], "memsize":48, "flags":{"wb_protected":true, "old":true, "uncollectible":true, "marked":true}}
{"address":"0x7fb1f80951f8", "type":"STRING", "class":"0x7fb1f80b7578", "frozen":true, "embedded":true, "fstring":true, "bytesize":6, "value":"random", "encoding":"US-ASCII", "memsize":40, "flags":{"wb_protected":true, "old":true, "uncollectible":true, "marked":true}}
{"address":"0x7fb1f8095220", "type":"IMEMO", "class":"0x7fb1f80c6de8", "imemo_type":"ment", "references":["0x7fb1f80b44e0", "0x7fb1f809e7a8"], "memsize":48, "flags":{"wb_protected":true, "old":true, "uncollectible":true, "marked":true}}
{"address":"0x7fb1f8095248", "type":"IMEMO", "class":"0x7fb1f8097228", "imemo_type":"ment", "memsize":48, "flags":{"wb_protected":true, "old":true, "uncollectible":true, "marked":true}}
{"address":"0x7fb1f8095270", "type":"STRING", "class":"0x7fb1f80b7578", "frozen":true, "embedded":true, "fstring":true, "bytesize":11, "value":"deconstruct", "encoding":"US-ASCII", "memsize":40, "flags":{"wb_protected":true, "old":true, "uncollectible":true, "marked":true}}
{"address":"0x7fb1f8095298", "type":"IMEMO", "class":"0x7fb1f80c6de8", "imemo_type":"ment", "references":["0x7fb1f80b4648", "0x7fb1f809e7a8"], "memsize":48, "flags":{"wb_protected":true, "old":true, "uncollectible":true, "marked":true}}
{"address":"0x7fb1f80952c0", "type":"IMEMO", "class":"0x7fb1f8097228", "imemo_type":"ment", "memsize":48, "flags":{"wb_protected":true, "old":true, "uncollectible":true, "marked":true}}
{"address":"0x7fb1f80952e8", "type":"IMEMO", "class":"0x7fb1f8097228", "imemo_type":"ment", "memsize":48, "flags":{"wb_protected":true, "old":true, "uncollectible":true, "marked":true}}
{"address":"0x7fb1f8095310", "type":"IMEMO", "class":"0x7fb1f8097228", "imemo_type":"ment", "memsize":48, "flags":{"wb_protected":true, "old":true, "uncollectible":true, "marked":true}}
{"address":"0x7fb1f8095338", "type":"IMEMO", "class":"0x7fb1f8097228", "imemo_type":"ment", "memsize":48, "flags":{"wb_protected":true, "old":true, "uncollectible":true, "marked":true}}
{"address":"0x7fb1f8095360", "type":"IMEMO", "class":"0x7fb1f8097228", "imemo_type":"ment", "memsize":48, "flags":{"wb_protected":true, "old":true, "uncollectible":true, "marked":true}}
{"address":"0x7fb1f8095388", "type":"IMEMO", "class":"0x7fb1f8097228", "imemo_type":"ment", "memsize":48, "flags":{"wb_protected":true, "old":true, "uncollectible":true, "marked":true}}
{"address":"0x7fb1f80953b0", "type":"IMEMO", "class":"0x7fb1f8097228", "imemo_type":"ment", "memsize":48, "flags":{"wb_protected":true, "old":true, "uncollectible":true, "marked":true}}
{"address":"0x7fb1f80953d8", "type":"STRING", "class":"0x7fb1f80b7578", "frozen":true, "embedded":true, "fstring":true, "bytesize":13, "value":"bsearch_index", "encoding":"US-ASCII", "memsize":40, "flags":{"wb_protected":true, "old":true, "uncollectible":true, "marked":true}}
{"address":"0x7fb1f8095400", "type":"IMEMO", "class":"0x7fb1f80c6de8", "imemo_type":"ment", "references":["0x7fb1f80b46c0", "0x7fb1f809e7a8"], "memsize":48, "flags":{"wb_protected":true, "old":true, "uncollectible":true, "marked":true}}
{"address":"0x7fb1f8095428", "type":"IMEMO", "class":"0x7fb1f8097228", "imemo_type":"ment", "memsize":48, "flags":{"wb_protected":true, "old":true, "uncollectible":true, "marked":true}}
{"address":"0x7fb1f8095450", "type":"STRING", "class":"0x7fb1f80b7578", "frozen":true, "embedded":true, "fstring":true, "bytesize":7, "value":"bsearch", "encoding":"US-ASCII", "memsize":40, "flags":{"wb_protected":true, "old":true, "uncollectible":true, "marked":true}}
{"address":"0x7fb1f8095478", "type":"DATA", "class":"0x7fb1f806f160", "struct":"proc", "references":["0x7fb1f80348d0", "0x7fb1f80b4968", "0x7fb1f809e370"], "memsize":80, "flags":{"wb_protected":true, "old":true, "uncollectible":true, "marked":true}}
{"address":"0x7fb1f80954a0", "type":"IMEMO", "class":"0x7fb1f8097228", "imemo_type":"ment", "memsize":48, "flags":{"wb_protected":true, "old":true, "uncollectible":true, "marked":true}}
{"address":"0x7fb1f80954c8", "type":"IMEMO", "class":"0x7fb1f8097228", "imemo_type":"ment", "memsize":48, "flags":{"wb_protected":true, "old":true, "uncollectible":true, "marked":true}}
{"address":"0x7fb1f80954f0", "type":"IMEMO", "class":"0x7fb1f8097228", "imemo_type":"ment", "memsize":48, "flags":{"wb_protected":true, "old":true, "uncollectible":true, "marked":true}}
{"address":"0x7fb1f8095518", "type":"IMEMO", "class":"0x7fb1f8097228", "imemo_type":"ment", "memsize":48, "flags":{"wb_protected":true, "old":true, "uncollectible":true, "marked":true}}
{"address":"0x7fb1f8095540", "type":"IMEMO", "class":"0x7fb1f8097228", "imemo_type":"ment", "memsize":48, "flags":{"wb_protected":true, "old":true, "uncollectible":true, "marked":true}}
{"address":"0x7fb1f8095568", "type":"STRING", "class":"0x7fb1f80b7578", "frozen":true, "embedded":true, "fstring":true, "bytesize":7, "value":"product", "encoding":"US-ASCII", "memsize":40, "flags":{"wb_protected":true, "old":true, "uncollectible":true, "marked":true}}
{"address":"0x7fb1f8095590", "type":"IMEMO", "class":"0x7fb1f80c6de8", "imemo_type":"ment", "references":["0x7fb1f80b4b48", "0x7fb1f809e7a8"], "memsize":48, "flags":{"wb_protected":true, "old":true, "uncollectible":true, "marked":true}}
{"address":"0x7fb1f80955b8", "type":"IMEMO", "class":"0x7fb1f8097228", "imemo_type":"ment", "memsize":48, "flags":{"wb_protected":true, "old":true, "uncollectible":true, "marked":true}}
{"address":"0x7fb1f80955e0", "type":"STRING", "class":"0x7fb1f80b7578", "frozen":true, "embedded":true, "fstring":true, "bytesize":20, "value":"repeated_combination", "encoding":"US-ASCII", "memsize":40, "flags":{"wb_protected":true, "old":true, "uncollectible":true, "marked":true}}
{"address":"0x7fb1f8095608", "type":"IMEMO", "class":"0x7fb1f80c6de8", "imemo_type":"ment", "references":["0x7fb1f80b4c38", "0x7fb1f809e7a8"], "memsize":48, "flags":{"wb_protected":true, "old":true, "uncollectible":true, "marked":true}}
{"address":"0x7fb1f8095630", "type":"IMEMO", "class":"0x7fb1f8097228", "imemo_type":"ment", "memsize":48, "flags":{"wb_protected":true, "old":true, "uncollectible":true, "marked":true}}
{"address":"0x7fb1f8095658", "type":"STRING", "class":"0x7fb1f80b7578", "frozen":true, "embedded":true, "fstring":true, "bytesize":20, "value":"repeated_permutation", "encoding":"US-ASCII", "memsize":40, "flags":{"wb_protected":true, "old":true, "uncollectible":true, "marked":true}}
{"address":"0x7fb1f8095680", "type":"IMEMO", "class":"0x7fb1f80c6de8", "imemo_type":"ment", "references":["0x7fb1f80b4eb8", "0x7fb1f809e7a8"], "memsize":48, "flags":{"wb_protected":true, "old":true, "uncollectible":true, "marked":true}}
{"address":"0x7fb1f80956a8", "type":"IMEMO", "class":"0x7fb1f8097228", "imemo_type":"ment", "memsize":48, "flags":{"wb_protected":true, "old":true, "uncollectible":true, "marked":true}}
{"address":"0x7fb1f80956d0", "type":"STRING", "class":"0x7fb1f80b7578", "frozen":true, "embedded":true, "fstring":true, "bytesize":11, "value":"combination", "encoding":"US-ASCII", "memsize":40, "flags":{"wb_protected":true, "old":true, "uncollectible":true, "marked":true}}
{"address":"0x7fb1f80956f8", "type":"IMEMO", "class":"0x7fb1f80c6de8", "imemo_type":"ment", "references":["0x7fb1f80b5bd8", "0x7fb1f809e7a8"], "memsize":48, "flags":{"wb_protected":true, "old":true, "uncollectible":true, "marked":true}}
{"address":"0x7fb1f8095720", "type":"IMEMO", "class":"0x7fb1f8097228", "imemo_type":"ment", "memsize":48, "flags":{"wb_protected":true, "old":true, "uncollectible":true, "marked":true}}
{"address":"0x7fb1f8095748", "type":"STRING", "class":"0x7fb1f80b7578", "frozen":true, "embedded":true, "fstring":true, "bytesize":11, "value":"permutation", "encoding":"US-ASCII", "memsize":40, "flags":{"wb_protected":true, "old":true, "uncollectible":true, "marked":true}}
{"address":"0x7fb1f8095770", "type":"IMEMO", "class":"0x7fb1f80c6de8", "imemo_type":"ment", "references":["0x7fb1f80b69c0", "0x7fb1f809e7a8"], "memsize":48, "flags":{"wb_protected":true, "old":true, "uncollectible":true, "marked":true}}
{"address":"0x7fb1f8095798", "type":"IMEMO", "class":"0x7fb1f8097228", "imemo_type":"ment", "memsize":48, "flags":{"wb_protected":true, "old":true, "uncollectible":true, "marked":true}}
{"address":"0x7fb1f80957c0", "type":"IMEMO", "class":"0x7fb1f8097228", "imemo_type":"ment", "memsize":48, "flags":{"wb_protected":true, "old":true, "uncollectible":true, "marked":true}}
{"address":"0x7fb1f80957e8", "type":"STRING", "class":"0x7fb1f80b7578", "frozen":true, "embedded":true, "fstring":true, "bytesize":6, "value":"sample", "encoding":"US-ASCII", "memsize":40, "flags":{"wb_protected":true, "old":true, "uncollectible":true, "marked":true}}
{"address":"0x7fb1f8095810", "type":"IMEMO", "class":"0x7fb1f80c6de8", "imemo_type":"ment", "references":["0x7fb1f80b6a38", "0x7fb1f809e7a8"], "memsize":48, "flags":{"wb_protected":true, "old":true, "uncollectible":true, "marked":true}}
{"address":"0x7fb1f8095838", "type":"IMEMO", "class":"0x7fb1f8097228", "imemo_type":"ment", "memsize":48, "flags":{"wb_protected":true, "old":true, "uncollectible":true, "marked":true}}
{"address":"0x7fb1f8095860", "type":"STRING", "class":"0x7fb1f80b7578", "frozen":true, "embedded":true, "fstring":true, "bytesize":7, "value":"shuffle", "encoding":"US-ASCII", "memsize":40, "flags":{"wb_protected":true, "old":true, "uncollectible":true, "marked":true}}
{"address":"0x7fb1f8095888", "type":"IMEMO", "class":"0x7fb1f80c6de8", "imemo_type":"ment", "references":["0x7fb1f80b6ba0", "0x7fb1f809e7a8"], "memsize":48, "flags":{"wb_protected":true, "old":true, "uncollectible":true, "marked":true}}
{"address":"0x7fb1f80958b0", "type":"IMEMO", "class":"0x7fb1f8097228", "imemo_type":"ment", "memsize":48, "flags":{"wb_protected":true, "old":true, "uncollectible":true, "marked":true}}
{"address":"0x7fb1f80958d8", "type":"STRING", "class":"0x7fb1f80b7578", "frozen":true, "embedded":true, "fstring":true, "bytesize":8, "value":"shuffle!", "encoding":"US-ASCII", "memsize":40, "flags":{"wb_protected":true, "old":true, "uncollectible":true, "marked":true}}
{"address":"0x7fb1f8095900", "type":"IMEMO", "class":"0x7fb1f80c6de8", "imemo_type":"ment", "references":["0x7fb1f80b6c18", "0x7fb1f809e7a8"], "memsize":48, "flags":{"wb_protected":true, "old":true, "uncollectible":true, "marked":true}}
{"address":"0x7fb1f8095928", "type":"IMEMO", "class":"0x7fb1f8097228", "imemo_type":"ment", "memsize":48, "flags":{"wb_protected":true, "old":true, "uncollectible":true, "marked":true}}
{"address":"0x7fb1f8095950", "type":"IMEMO", "class":"0x7fb1f8097228", "imemo_type":"ment", "memsize":48, "flags":{"wb_protected":true, "old":true, "uncollectible":true, "marked":true}}
{"address":"0x7fb1f8095978", "type":"STRING", "class":"0x7fb1f80b7578", "frozen":true, "embedded":true, "fstring":true, "bytesize":8, "value":"flatten!", "encoding":"US-ASCII", "memsize":40, "flags":{"wb_protected":true, "old":true, "uncollectible":true, "marked":true}}
{"address":"0x7fb1f80959a0", "type":"IMEMO", "class":"0x7fb1f80c6de8", "imemo_type":"ment", "references":["0x7fb1f80b6c90", "0x7fb1f809e7a8"], "memsize":48, "flags":{"wb_protected":true, "old":true, "uncollectible":true, "marked":true}}
{"address":"0x7fb1f80959c8", "type":"IMEMO", "class":"0x7fb1f8097228", "imemo_type":"ment", "memsize":48, "flags":{"wb_protected":true, "old":true, "uncollectible":true, "marked":true}}
{"address":"0x7fb1f80959f0", "type":"STRING", "class":"0x7fb1f80b7578", "frozen":true, "embedded":true, "fstring":true, "bytesize":7, "value":"flatten", "encoding":"US-ASCII", "memsize":40, "flags":{"wb_protected":true, "old":true, "uncollectible":true, "marked":true}}
{"address":"0x7fb1f8095a18", "type":"IMEMO", "class":"0x7fb1f80c6de8", "imemo_type":"ment", "references":["0x7fb1f80b6d08", "0x7fb1f809e7a8"], "memsize":48, "flags":{"wb_protected":true, "old":true, "uncollectible":true, "marked":true}}
{"address":"0x7fb1f8095a40", "type":"IMEMO", "class":"0x7fb1f8097228", "imemo_type":"ment", "memsize":48, "flags":{"wb_protected":true, "old":true, "uncollectible":true, "marked":true}}
{"address":"0x7fb1f8095a68", "type":"STRING", "class":"0x7fb1f80b7578", "frozen":true, "embedded":true, "fstring":true, "bytesize":8, "value":"compact!", "encoding":"US-ASCII", "memsize":40, "flags":{"wb_protected":true, "old":true, "uncollectible":true, "marked":true}}
{"address":"0x7fb1f8095a90", "type":"IMEMO", "class":"0x7fb1f80c6de8", "imemo_type":"ment", "references":["0x7fb1f80b6d80", "0x7fb1f809e7a8"], "memsize":48, "flags":{"wb_protected":true, "old":true, "uncollectible":true, "marked":true}}
{"address":"0x7fb1f8095ab8", "type":"IMEMO", "class":"0x7fb1f8097228", "imemo_type":"ment", "memsize":48, "flags":{"wb_protected":true, "old":true, "uncollectible":true, "marked":true}}
{"address":"0x7fb1f8095ae0", "type":"STRING", "class":"0x7fb1f80b7578", "frozen":true, "embedded":true, "fstring":true, "bytesize":7, "value":"compact", "encoding":"US-ASCII", "memsize":40, "flags":{"wb_protected":true, "old":true, "uncollectible":true, "marked":true}}
{"address":"0x7fb1f8095b08", "type":"IMEMO", "class":"0x7fb1f80c6de8", "imemo_type":"ment", "references":["0x7fb1f80b6df8", "0x7fb1f809e7a8"], "memsize":48, "flags":{"wb_protected":true, "old":true, "uncollectible":true, "marked":true}}
{"address":"0x7fb1f8095b30", "type":"IMEMO", "class":"0x7fb1f8097228", "imemo_type":"ment", "memsize":48, "flags":{"wb_protected":true, "old":true, "uncollectible":true, "marked":true}}
{"address":"0x7fb1f8095b58", "type":"STRING", "class":"0x7fb1f80b7578", "frozen":true, "embedded":true, "fstring":true, "bytesize":5, "value":"uniq!", "encoding":"US-ASCII", "memsize":40, "flags":{"wb_protected":true, "old":true, "uncollectible":true, "marked":true}}
{"address":"0x7fb1f8095b80", "type":"IMEMO", "class":"0x7fb1f80c6de8", "imemo_type":"ment", "references":["0x7fb1f80b6e70", "0x7fb1f809e7a8"], "memsize":48, "flags":{"wb_protected":true, "old":true, "uncollectible":true, "marked":true}}
{"address":"0x7fb1f8095ba8", "type":"IMEMO", "class":"0x7fb1f8097228", "imemo_type":"ment", "memsize":48, "flags":{"wb_protected":true, "old":true, "uncollectible":true, "marked":true}}
{"address":"0x7fb1f8095bd0", "type":"IMEMO", "class":"0x7fb1f8097228", "imemo_type":"ment", "memsize":48, "flags":{"wb_protected":true, "old":true, "uncollectible":true, "marked":true}}
{"address":"0x7fb1f8095bf8", "type":"IMEMO", "class":"0x7fb1f8097228", "imemo_type":"ment", "memsize":48, "flags":{"wb_protected":true, "old":true, "uncollectible":true, "marked":true}}
{"address":"0x7fb1f8095c20", "type":"IMEMO", "class":"0x7fb1f8097228", "imemo_type":"ment", "memsize":48, "flags":{"wb_protected":true, "old":true, "uncollectible":true, "marked":true}}
{"address":"0x7fb1f8095c48", "type":"IMEMO", "class":"0x7fb1f8097228", "imemo_type":"ment", "memsize":48, "flags":{"wb_protected":true, "old":true, "uncollectible":true, "marked":true}}
{"address":"0x7fb1f8095c70", "type":"IMEMO", "class":"0x7fb1f8097228", "imemo_type":"ment", "memsize":48, "flags":{"wb_protected":true, "old":true, "uncollectible":true, "marked":true}}
{"address":"0x7fb1f8095c98", "type":"IMEMO", "class":"0x7fb1f8097228", "imemo_type":"ment", "memsize":48, "flags":{"wb_protected":true, "old":true, "uncollectible":true, "marked":true}}
{"address":"0x7fb1f8095cc0", "type":"IMEMO", "class":"0x7fb1f8097228", "imemo_type":"ment", "memsize":48, "flags":{"wb_protected":true, "old":true, "uncollectible":true, "marked":true}}
{"address":"0x7fb1f8095ce8", "type":"IMEMO", "class":"0x7fb1f8097228", "imemo_type":"ment", "memsize":48, "flags":{"wb_protected":true, "old":true, "uncollectible":true, "marked":true}}
{"address":"0x7fb1f8095d10", "type":"IMEMO", "class":"0x7fb1f8097228", "imemo_type":"ment", "memsize":48, "flags":{"wb_protected":true, "old":true, "uncollectible":true, "marked":true}}
{"address":"0x7fb1f8095d38", "type":"STRING", "class":"0x7fb1f80b7578", "frozen":true, "embedded":true, "fstring":true, "bytesize":6, "value":"rassoc", "encoding":"US-ASCII", "memsize":40, "flags":{"wb_protected":true, "old":true, "uncollectible":true, "marked":true}}
{"address":"0x7fb1f8095d60", "type":"IMEMO", "class":"0x7fb1f80c6de8", "imemo_type":"ment", "references":["0x7fb1f80b6f10", "0x7fb1f809e7a8"], "memsize":48, "flags":{"wb_protected":true, "old":true, "uncollectible":true, "marked":true}}
{"address":"0x7fb1f8095d88", "type":"IMEMO", "class":"0x7fb1f8097228", "imemo_type":"ment", "memsize":48, "flags":{"wb_protected":true, "old":true, "uncollectible":true, "marked":true}}
{"address":"0x7fb1f8095db0", "type":"STRING", "class":"0x7fb1f80b7578", "frozen":true, "embedded":true, "fstring":true, "bytesize":5, "value":"assoc", "encoding":"US-ASCII", "memsize":40, "flags":{"wb_protected":true, "old":true, "uncollectible":true, "marked":true}}
{"address":"0x7fb1f8095dd8", "type":"IMEMO", "class":"0x7fb1f80c6de8", "imemo_type":"ment", "references":["0x7fb1f80b6fb0", "0x7fb1f809e7a8"], "memsize":48, "flags":{"wb_protected":true, "old":true, "uncollectible":true, "marked":true}}
{"address":"0x7fb1f8095e00", "type":"IMEMO", "class":"0x7fb1f8097228", "imemo_type":"ment", "memsize":48, "flags":{"wb_protected":true, "old":true, "uncollectible":true, "marked":true}}
{"address":"0x7fb1f8095e28", "type":"IMEMO", "class":"0x7fb1f8097228", "imemo_type":"ment", "memsize":48, "flags":{"wb_protected":true, "old":true, "uncollectible":true, "marked":true}}
{"address":"0x7fb1f8095e50", "type":"IMEMO", "class":"0x7fb1f8097228", "imemo_type":"ment", "memsize":48, "flags":{"wb_protected":true, "old":true, "uncollectible":true, "marked":true}}
{"address":"0x7fb1f8095e78", "type":"IMEMO", "class":"0x7fb1f8097228", "imemo_type":"ment", "memsize":48, "flags":{"wb_protected":true, "old":true, "uncollectible":true, "marked":true}}
{"address":"0x7fb1f8095ea0", "type":"IMEMO", "class":"0x7fb1f8097228", "imemo_type":"ment", "memsize":48, "flags":{"wb_protected":true, "old":true, "uncollectible":true, "marked":true}}
{"address":"0x7fb1f8095ec8", "type":"STRING", "class":"0x7fb1f80b7578", "frozen":true, "embedded":true, "fstring":true, "bytesize":4, "value":"fill", "encoding":"US-ASCII", "memsize":40, "flags":{"wb_protected":true, "old":true, "uncollectible":true, "marked":true}}
{"address":"0x7fb1f8095ef0", "type":"IMEMO", "class":"0x7fb1f80c6de8", "imemo_type":"ment", "references":["0x7fb1f80b7028", "0x7fb1f809e7a8"], "memsize":48, "flags":{"wb_protected":true, "old":true, "uncollectible":true, "marked":true}}
{"address":"0x7fb1f8095f18", "type":"IMEMO", "class":"0x7fb1f8097228", "imemo_type":"ment", "memsize":48, "flags":{"wb_protected":true, "old":true, "uncollectible":true, "marked":true}}
{"address":"0x7fb1f8095f40", "type":"IMEMO", "class":"0x7fb1f8097228", "imemo_type":"ment", "memsize":48, "flags":{"wb_protected":true, "old":true, "uncollectible":true, "marked":true}}
{"address":"0x7fb1f8095f68", "type":"IMEMO", "class":"0x7fb1f8097228", "imemo_type":"ment", "memsize":48, "flags":{"wb_protected":true, "old":true, "uncollectible":true, "marked":true}}
{"address":"0x7fb1f8095f90", "type":"STRING", "class":"0x7fb1f80b7578", "frozen":true, "embedded":true, "fstring":true, "bytesize":9, "value":"transpose", "encoding":"US-ASCII", "memsize":40, "flags":{"wb_protected":true, "old":true, "uncollectible":true, "marked":true}}
{"address":"0x7fb1f8095fb8", "type":"IMEMO", "class":"0x7fb1f80c6de8", "imemo_type":"ment", "references":["0x7fb1f80b70f0", "0x7fb1f809e7a8"], "memsize":48, "flags":{"wb_protected":true, "old":true, "uncollectible":true, "marked":true}}
{"address":"0x7fb1f8095fe0", "type":"IMEMO", "class":"0x7fb1f8097228", "imemo_type":"ment", "memsize":48, "flags":{"wb_protected":true, "old":true, "uncollectible":true, "marked":true}}
{"address":"0x7fb1f8096008", "type":"IMEMO", "class":"0x7fb1f8097228", "imemo_type":"ment", "memsize":48, "flags":{"wb_protected":true, "old":true, "uncollectible":true, "marked":true}}
{"address":"0x7fb1f8096030", "type":"STRING", "class":"0x7fb1f80b7578", "frozen":true, "embedded":true, "fstring":true, "bytesize":7, "value":"reject!", "encoding":"US-ASCII", "memsize":40, "flags":{"wb_protected":true, "old":true, "uncollectible":true, "marked":true}}
{"address":"0x7fb1f8096058", "type":"IMEMO", "class":"0x7fb1f80c6de8", "imemo_type":"ment", "references":["0x7fb1f80b72f8", "0x7fb1f809e7a8"], "memsize":48, "flags":{"wb_protected":true, "old":true, "uncollectible":true, "marked":true}}
{"address":"0x7fb1f8096080", "type":"IMEMO", "class":"0x7fb1f8097228", "imemo_type":"ment", "memsize":48, "flags":{"wb_protected":true, "old":true, "uncollectible":true, "marked":true}}
{"address":"0x7fb1f80960a8", "type":"IMEMO", "class":"0x7fb1f8097228", "imemo_type":"ment", "memsize":48, "flags":{"wb_protected":true, "old":true, "uncollectible":true, "marked":true}}
{"address":"0x7fb1f80960d0", "type":"STRING", "class":"0x7fb1f80b7578", "frozen":true, "embedded":true, "fstring":true, "bytesize":9, "value":"delete_if", "encoding":"US-ASCII", "memsize":40, "flags":{"wb_protected":true, "old":true, "uncollectible":true, "marked":true}}
{"address":"0x7fb1f80960f8", "type":"IMEMO", "class":"0x7fb1f80c6de8", "imemo_type":"ment", "references":["0x7fb1f80b7500", "0x7fb1f809e7a8"], "memsize":48, "flags":{"wb_protected":true, "old":true, "uncollectible":true, "marked":true}}
{"address":"0x7fb1f8096120", "type":"IMEMO", "class":"0x7fb1f8097228", "imemo_type":"ment", "memsize":48, "flags":{"wb_protected":true, "old":true, "uncollectible":true, "marked":true}}
{"address":"0x7fb1f8096148", "type":"STRING", "class":"0x7fb1f80b7578", "frozen":true, "embedded":true, "fstring":true, "bytesize":9, "value":"delete_at", "encoding":"US-ASCII", "memsize":40, "flags":{"wb_protected":true, "old":true, "uncollectible":true, "marked":true}}
{"address":"0x7fb1f8096170", "type":"IMEMO", "class":"0x7fb1f80c6de8", "imemo_type":"ment", "references":["0x7fb1f80bc0a0", "0x7fb1f809e7a8"], "memsize":48, "flags":{"wb_protected":true, "old":true, "uncollectible":true, "marked":true}}
{"address":"0x7fb1f8096198", "type":"IMEMO", "class":"0x7fb1f8097228", "imemo_type":"ment", "memsize":48, "flags":{"wb_protected":true, "old":true, "uncollectible":true, "marked":true}}
{"address":"0x7fb1f80961c0", "type":"IMEMO", "class":"0x7fb1f8097228", "imemo_type":"ment", "memsize":48, "flags":{"wb_protected":true, "old":true, "uncollectible":true, "marked":true}}
{"address":"0x7fb1f80961e8", "type":"STRING", "class":"0x7fb1f80b7578", "frozen":true, "embedded":true, "fstring":true, "bytesize":9, "value":"values_at", "encoding":"US-ASCII", "memsize":40, "flags":{"wb_protected":true, "old":true, "uncollectible":true, "marked":true}}
{"address":"0x7fb1f8096210", "type":"IMEMO", "class":"0x7fb1f80c6de8", "imemo_type":"ment", "references":["0x7fb1f80bc118", "0x7fb1f809e7a8"], "memsize":48, "flags":{"wb_protected":true, "old":true, "uncollectible":true, "marked":true}}
{"address":"0x7fb1f8096238", "type":"IMEMO", "class":"0x7fb1f8097228", "imemo_type":"ment", "memsize":48, "flags":{"wb_protected":true, "old":true, "uncollectible":true, "marked":true}}
{"address":"0x7fb1f8096260", "type":"STRING", "class":"0x7fb1f80b7578", "frozen":true, "embedded":true, "fstring":true, "bytesize":7, "value":"keep_if", "encoding":"US-ASCII", "memsize":40, "flags":{"wb_protected":true, "old":true, "uncollectible":true, "marked":true}}
{"address":"0x7fb1f8096288", "type":"IMEMO", "class":"0x7fb1f80c6de8", "imemo_type":"ment", "references":["0x7fb1f80bc618", "0x7fb1f809e7a8"], "memsize":48, "flags":{"wb_protected":true, "old":true, "uncollectible":true, "marked":true}}
{"address":"0x7fb1f80962b0", "type":"IMEMO", "class":"0x7fb1f8097228", "imemo_type":"ment", "memsize":48, "flags":{"wb_protected":true, "old":true, "uncollectible":true, "marked":true}}
{"address":"0x7fb1f80962d8", "type":"STRING", "class":"0x7fb1f80b7578", "frozen":true, "embedded":true, "fstring":true, "bytesize":7, "value":"filter!", "encoding":"US-ASCII", "memsize":40, "flags":{"wb_protected":true, "old":true, "uncollectible":true, "marked":true}}
{"address":"0x7fb1f8096300", "type":"IMEMO", "class":"0x7fb1f80c6de8", "imemo_type":"ment", "references":["0x7fb1f80bc690", "0x7fb1f809e7a8"], "memsize":48, "flags":{"wb_protected":true, "old":true, "uncollectible":true, "marked":true}}
{"address":"0x7fb1f8096328", "type":"IMEMO", "class":"0x7fb1f8097228", "imemo_type":"ment", "memsize":48, "flags":{"wb_protected":true, "old":true, "uncollectible":true, "marked":true}}
{"address":"0x7fb1f8096350", "type":"IMEMO", "class":"0x7fb1f8097228", "imemo_type":"ment", "memsize":48, "flags":{"wb_protected":true, "old":true, "uncollectible":true, "marked":true}}
{"address":"0x7fb1f8096378", "type":"STRING", "class":"0x7fb1f80b7578", "frozen":true, "embedded":true, "fstring":true, "bytesize":7, "value":"select!", "encoding":"US-ASCII", "memsize":40, "flags":{"wb_protected":true, "old":true, "uncollectible":true, "marked":true}}
{"address":"0x7fb1f80963a0", "type":"IMEMO", "class":"0x7fb1f80c6de8", "imemo_type":"ment", "references":["0x7fb1f80bc708", "0x7fb1f809e7a8"], "memsize":48, "flags":{"wb_protected":true, "old":true, "uncollectible":true, "marked":true}}
{"address":"0x7fb1f80963c8", "type":"IMEMO", "class":"0x7fb1f8097228", "imemo_type":"ment", "memsize":48, "flags":{"wb_protected":true, "old":true, "uncollectible":true, "marked":true}}
{"address":"0x7fb1f80963f0", "type":"IMEMO", "class":"0x7fb1f8097228", "imemo_type":"ment", "memsize":48, "flags":{"wb_protected":true, "old":true, "uncollectible":true, "marked":true}}
{"address":"0x7fb1f8096418", "type":"STRING", "class":"0x7fb1f80b7578", "frozen":true, "embedded":true, "fstring":true, "bytesize":4, "value":"map!", "encoding":"US-ASCII", "memsize":40, "flags":{"wb_protected":true, "old":true, "uncollectible":true, "marked":true}}
{"address":"0x7fb1f8096440", "type":"IMEMO", "class":"0x7fb1f80c6de8", "imemo_type":"ment", "references":["0x7fb1f80bc870", "0x7fb1f809e7a8"], "memsize":48, "flags":{"wb_protected":true, "old":true, "uncollectible":true, "marked":true}}
{"address":"0x7fb1f8096468", "type":"IMEMO", "class":"0x7fb1f8097228", "imemo_type":"ment", "memsize":48, "flags":{"wb_protected":true, "old":true, "uncollectible":true, "marked":true}}
{"address":"0x7fb1f8096490", "type":"IMEMO", "class":"0x7fb1f8097228", "imemo_type":"ment", "memsize":48, "flags":{"wb_protected":true, "old":true, "uncollectible":true, "marked":true}}
{"address":"0x7fb1f80964b8", "type":"STRING", "class":"0x7fb1f80b7578", "frozen":true, "embedded":true, "fstring":true, "bytesize":8, "value":"collect!", "encoding":"US-ASCII", "memsize":40, "flags":{"wb_protected":true, "old":true, "uncollectible":true, "marked":true}}
{"address":"0x7fb1f80964e0", "type":"IMEMO", "class":"0x7fb1f80c6de8", "imemo_type":"ment", "references":["0x7fb1f8096580"], "memsize":48, "flags":{"wb_protected":true, "old":true, "uncollectible":true, "marked":true}}
{"address":"0x7fb1f8096508", "type":"IMEMO", "class":"0x7fb1f8097228", "imemo_type":"ment", "memsize":48, "flags":{"wb_protected":true, "old":true, "uncollectible":true, "marked":true}}
{"address":"0x7fb1f8096530", "type":"IMEMO", "class":"0x7fb1f8097228", "imemo_type":"ment", "memsize":48, "flags":{"wb_protected":true, "old":true, "uncollectible":true, "marked":true}}
{"address":"0x7fb1f8096558", "type":"STRING", "class":"0x7fb1f80b7578", "frozen":true, "embedded":true, "fstring":true, "bytesize":8, "value":"sort_by!", "encoding":"US-ASCII", "memsize":40, "flags":{"wb_protected":true, "old":true, "uncollectible":true, "marked":true}}
{"address":"0x7fb1f8096580", "type":"DATA", "class":"0x7fb1f806f160", "struct":"proc", "references":["0x7fb1f80c6de8", "0x7fb1f80dab40", "0x7fb1f8096698"], "memsize":80, "flags":{"wb_protected":true, "old":true, "uncollectible":true, "marked":true}}
{"address":"0x7fb1f80965a8", "type":"IMEMO", "class":"0x7fb1f8097228", "imemo_type":"ment", "memsize":48, "flags":{"wb_protected":true, "old":true, "uncollectible":true, "marked":true}}
{"address":"0x7fb1f80965d0", "type":"STRING", "class":"0x7fb1f80b7578", "frozen":true, "embedded":true, "fstring":true, "bytesize":5, "value":"sort!", "encoding":"US-ASCII", "memsize":40, "flags":{"wb_protected":true, "old":true, "uncollectible":true, "marked":true}}
{"address":"0x7fb1f80965f8", "type":"STRING", "class":"0x7fb1f80b7578", "frozen":true, "embedded":true, "fstring":true, "bytesize":7, "value":".freeze", "encoding":"UTF-8", "memsize":40, "flags":{"wb_protected":true, "old":true, "uncollectible":true, "marked":true}}
{"address":"0x7fb1f8096620", "type":"IMEMO", "class":"0x7fb1f8097228", "imemo_type":"ment", "memsize":48, "flags":{"wb_protected":true, "old":true, "uncollectible":true, "marked":true}}
{"address":"0x7fb1f8096648", "type":"IMEMO", "class":"0x7fb1f8097228", "imemo_type":"ment", "memsize":48, "flags":{"wb_protected":true, "old":true, "uncollectible":true, "marked":true}}
{"address":"0x7fb1f8096670", "type":"STRING", "class":"0x7fb1f80b7578", "frozen":true, "embedded":true, "fstring":true, "bytesize":7, "value":"rotate!", "encoding":"US-ASCII", "memsize":40, "flags":{"wb_protected":true, "old":true, "uncollectible":true, "marked":true}}
{"address":"0x7fb1f8096698", "type":"IMEMO", "class":"0x7fb1f80dabe0", "imemo_type":"env", "references":["0x7fb1f8096ad0", "0x7fb1f8096bc0", "0x7fb1f8096698", "0x7fb1f8096710"], "memsize":80, "flags":{"wb_protected":true, "old":true, "uncollectible":true, "marked":true}}
{"address":"0x7fb1f80966c0", "type":"IMEMO", "class":"0x7fb1f8097228", "imemo_type":"ment", "memsize":48, "flags":{"wb_protected":true, "old":true, "uncollectible":true, "marked":true}}
{"address":"0x7fb1f80966e8", "type":"STRING", "class":"0x7fb1f80b7578", "frozen":true, "embedded":true, "fstring":true, "bytesize":6, "value":"rotate", "encoding":"US-ASCII", "memsize":40, "flags":{"wb_protected":true, "old":true, "uncollectible":true, "marked":true}}
{"address":"0x7fb1f8096710", "type":"IMEMO", "class":"0x7fb1f80dac58", "imemo_type":"env", "references":["0x7fb1f80bc8e8", "0x7fb1f8097ef8", "0x7fb1f8096710"], "memsize":104, "flags":{"wb_protected":true, "old":true, "uncollectible":true, "marked":true}}
{"address":"0x7fb1f8096738", "type":"IMEMO", "class":"0x7fb1f8097228", "imemo_type":"ment", "memsize":48, "flags":{"wb_protected":true, "old":true, "uncollectible":true, "marked":true}}
{"address":"0x7fb1f8096760", "type":"IMEMO", "class":"0x7fb1f8097228", "imemo_type":"ment", "memsize":48, "flags":{"wb_protected":true, "old":true, "uncollectible":true, "marked":true}}
{"address":"0x7fb1f8096788", "type":"IMEMO", "class":"0x7fb1f8097228", "imemo_type":"ment", "memsize":48, "flags":{"wb_protected":true, "old":true, "uncollectible":true, "marked":true}}
{"address":"0x7fb1f80967b0", "type":"STRING", "class":"0x7fb1f80b7578", "frozen":true, "embedded":true, "fstring":true, "bytesize":4, "value":"join", "encoding":"US-ASCII", "memsize":40, "flags":{"wb_protected":true, "old":true, "uncollectible":true, "marked":true}}
{"address":"0x7fb1f80967d8", "type":"IMEMO", "class":"0x7fb1f80c6de8", "imemo_type":"ment", "references":["0x7fb1f80bc9d8", "0x7fb1f809e7a8"], "memsize":48, "flags":{"wb_protected":true, "old":true, "uncollectible":true, "marked":true}}
{"address":"0x7fb1f8096800", "type":"IMEMO", "class":"0x7fb1f8097228", "imemo_type":"ment", "memsize":48, "flags":{"wb_protected":true, "old":true, "uncollectible":true, "marked":true}}
{"address":"0x7fb1f8096828", "type":"IMEMO", "class":"0x7fb1f8097228", "imemo_type":"ment", "memsize":48, "flags":{"wb_protected":true, "old":true, "uncollectible":true, "marked":true}}
{"address":"0x7fb1f8096850", "type":"IMEMO", "class":"0x7fb1f8097228", "imemo_type":"ment", "memsize":48, "flags":{"wb_protected":true, "old":true, "uncollectible":true, "marked":true}}
{"address":"0x7fb1f8096878", "type":"IMEMO", "class":"0x7fb1f8097228", "imemo_type":"ment", "memsize":48, "flags":{"wb_protected":true, "old":true, "uncollectible":true, "marked":true}}
{"address":"0x7fb1f80968a0", "type":"IMEMO", "class":"0x7fb1f8097228", "imemo_type":"ment", "memsize":48, "flags":{"wb_protected":true, "old":true, "uncollectible":true, "marked":true}}
{"address":"0x7fb1f80968c8", "type":"IMEMO", "class":"0x7fb1f8097228", "imemo_type":"ment", "memsize":48, "flags":{"wb_protected":true, "old":true, "uncollectible":true, "marked":true}}
{"address":"0x7fb1f80968f0", "type":"IMEMO", "class":"0x7fb1f8097228", "imemo_type":"ment", "memsize":48, "flags":{"wb_protected":true, "old":true, "uncollectible":true, "marked":true}}
{"address":"0x7fb1f8096918", "type":"IMEMO", "class":"0x7fb1f8097228", "imemo_type":"ment", "memsize":48, "flags":{"wb_protected":true, "old":true, "uncollectible":true, "marked":true}}
{"address":"0x7fb1f8096940", "type":"STRING", "class":"0x7fb1f80b7578", "frozen":true, "embedded":true, "fstring":true, "bytesize":10, "value":"each_index", "encoding":"US-ASCII", "memsize":40, "flags":{"wb_protected":true, "old":true, "uncollectible":true, "marked":true}}
{"address":"0x7fb1f8096968", "type":"STRING", "class":"0x7fb1f80b7578", "frozen":true, "embedded":true, "fstring":true, "bytesize":19, "value":"_deprecated_inflate", "encoding":"US-ASCII", "memsize":40, "flags":{"wb_protected":true, "old":true, "uncollectible":true, "marked":true}}
{"address":"0x7fb1f8096990", "type":"IMEMO", "class":"0x7fb1f8097228", "imemo_type":"ment", "memsize":48, "flags":{"wb_protected":true, "old":true, "uncollectible":true, "marked":true}}
{"address":"0x7fb1f80969b8", "type":"IMEMO", "class":"0x7fb1f8097228", "imemo_type":"ment", "memsize":48, "flags":{"wb_protected":true, "old":true, "uncollectible":true, "marked":true}}
{"address":"0x7fb1f80969e0", "type":"IMEMO", "class":"0x7fb1f8097228", "imemo_type":"ment", "memsize":48, "flags":{"wb_protected":true, "old":true, "uncollectible":true, "marked":true}}
{"address":"0x7fb1f8096a08", "type":"IMEMO", "class":"0x7fb1f8097228", "imemo_type":"ment", "memsize":48, "flags":{"wb_protected":true, "old":true, "uncollectible":true, "marked":true}}
{"address":"0x7fb1f8096a30", "type":"STRING", "class":"0x7fb1f80b7578", "frozen":true, "embedded":true, "fstring":true, "bytesize":7, "value":"unshift", "encoding":"US-ASCII", "memsize":40, "flags":{"wb_protected":true, "old":true, "uncollectible":true, "marked":true}}
{"address":"0x7fb1f8096a80", "type":"IMEMO", "class":"0x7fb1f8097228", "imemo_type":"ment", "memsize":48, "flags":{"wb_protected":true, "old":true, "uncollectible":true, "marked":true}}
{"address":"0x7fb1f8096aa8", "type":"STRING", "class":"0x7fb1f80b7578", "frozen":true, "embedded":true, "fstring":true, "bytesize":5, "value":"shift", "encoding":"US-ASCII", "memsize":40, "flags":{"wb_protected":true, "old":true, "uncollectible":true, "marked":true}}
{"address":"0x7fb1f8096ad0", "type":"STRING", "class":"0x7fb1f80b7578", "frozen":true, "embedded":true, "bytesize":19, "value":"_deprecated_inflate", "encoding":"UTF-8", "memsize":40, "flags":{"wb_protected":true, "old":true, "uncollectible":true, "marked":true}}
{"address":"0x7fb1f8096af8", "type":"IMEMO", "class":"0x7fb1f8097228", "imemo_type":"ment", "memsize":48, "flags":{"wb_protected":true, "old":true, "uncollectible":true, "marked":true}}
{"address":"0x7fb1f8096b20", "type":"STRING", "class":"0x7fb1f80b7578", "frozen":true, "embedded":true, "fstring":true, "bytesize":3, "value":"pop", "encoding":"US-ASCII", "memsize":40, "flags":{"wb_protected":true, "old":true, "uncollectible":true, "marked":true}}
{"address":"0x7fb1f8096b48", "type":"IMEMO", "imemo_type":"iseq", "references":["0x7fb1f8087030", "0x7fb1f80965f8", "0x7fb1f80d7418", "0x7fb1f8094280", "0x7fb1f80ae7c0", "0x7fb1f8087cb0", "0x7fb1f8087bc0", "0x7fb1f80873a0", "0x7fb1f80ae7c0", "0x7fb1f8087350", "0x7fb1f8087210", "0x7fb1f8087210", "0x7fb1f8087170", "0x7fb1f80ad7d0", "0x7fb1f80870d0", "0x7fb1f80ad7d0", "0x7fb1f802e9a8", "0x7fb1f802e9a8", "0x7fb1f808c788", "0x7fb1f8094280", "0x7fb1f8087bc0"], "memsize":6896, "flags":{"wb_protected":true, "old":true, "uncollectible":true, "marked":true}}
{"address":"0x7fb1f8096b70", "type":"IMEMO", "class":"0x7fb1f8097228", "imemo_type":"ment", "memsize":48, "flags":{"wb_protected":true, "old":true, "uncollectible":true, "marked":true}}
{"address":"0x7fb1f8096b98", "type":"STRING", "class":"0x7fb1f80b7578", "frozen":true, "embedded":true, "fstring":true, "bytesize":6, "value":"append", "encoding":"US-ASCII", "memsize":40, "flags":{"wb_protected":true, "old":true, "uncollectible":true, "marked":true}}
{"address":"0x7fb1f8096bc0", "type":"IMEMO", "class":"0x8", "imemo_type":"cref", "references":["0x7fb1f80c6de8", "0x7fb1f80da7d0"], "memsize":40, "flags":{"wb_protected":true, "old":true, "uncollectible":true, "marked":true}}
{"address":"0x7fb1f8096be8", "type":"IMEMO", "class":"0x7fb1f8097228", "imemo_type":"ment", "memsize":48, "flags":{"wb_protected":true, "old":true, "uncollectible":true, "marked":true}}
{"address":"0x7fb1f8096c10", "type":"STRING", "class":"0x7fb1f80b7578", "frozen":true, "embedded":true, "fstring":true, "bytesize":4, "value":"push", "encoding":"US-ASCII", "memsize":40, "flags":{"wb_protected":true, "old":true, "uncollectible":true, "marked":true}}
{"address":"0x7fb1f8096c38", "type":"STRING", "class":"0x7fb1f80b7578", "frozen":true, "embedded":true, "fstring":true, "bytesize":2, "value":"ri", "encoding":"UTF-8", "memsize":40, "flags":{"wb_protected":true, "old":true, "uncollectible":true, "marked":true}}
{"address":"0x7fb1f8096c60", "type":"IMEMO", "class":"0x7fb1f8097228", "imemo_type":"ment", "memsize":48, "flags":{"wb_protected":true, "old":true, "uncollectible":true, "marked":true}}
{"address":"0x7fb1f8096c88", "type":"IMEMO", "class":"0x7fb1f8097228", "imemo_type":"ment", "memsize":48, "flags":{"wb_protected":true, "old":true, "uncollectible":true, "marked":true}}
{"address":"0x7fb1f8096cb0", "type":"STRING", "class":"0x7fb1f80b7578", "frozen":true, "embedded":true, "fstring":true, "bytesize":12, "value":"intersection", "encoding":"US-ASCII", "memsize":40, "flags":{"wb_protected":true, "old":true, "uncollectible":true, "marked":true}}
{"address":"0x7fb1f8096cd8", "type":"IMEMO", "imemo_type":"iseq", "references":["0x7fb1f8096c38", "0x7fb1f802ef20", "0x7fb1f802ef20", "0x7fb1f808c788"], "memsize":964, "flags":{"wb_protected":true, "old":true, "uncollectible":true, "marked":true}}
{"address":"0x7fb1f8096d00", "type":"IMEMO", "class":"0x7fb1f8097228", "imemo_type":"ment", "memsize":48, "flags":{"wb_protected":true, "old":true, "uncollectible":true, "marked":true}}
{"address":"0x7fb1f8096d28", "type":"STRING", "class":"0x7fb1f80b7578", "frozen":true, "embedded":true, "fstring":true, "bytesize":10, "value":"difference", "encoding":"US-ASCII", "memsize":40, "flags":{"wb_protected":true, "old":true, "uncollectible":true, "marked":true}}
{"address":"0x7fb1f8096d50", "type":"IMEMO", "class":"0x7fb1f80c6de8", "imemo_type":"ment", "references":["0x7fb1f8096dc8"], "memsize":48, "flags":{"wb_protected":true, "old":true, "uncollectible":true, "marked":true}}
{"address":"0x7fb1f8096d78", "type":"IMEMO", "class":"0x7fb1f8097228", "imemo_type":"ment", "memsize":48, "flags":{"wb_protected":true, "old":true, "uncollectible":true, "marked":true}}
{"address":"0x7fb1f8096da0", "type":"STRING", "class":"0x7fb1f80b7578", "frozen":true, "embedded":true, "fstring":true, "bytesize":5, "value":"union", "encoding":"US-ASCII", "memsize":40, "flags":{"wb_protected":true, "old":true, "uncollectible":true, "marked":true}}
{"address":"0x7fb1f8096dc8", "type":"DATA", "class":"0x7fb1f806f160", "struct":"proc", "references":["0x7fb1f80c6de8", "0x7fb1f80dab40", "0x7fb1f8096f08"], "memsize":80, "flags":{"wb_protected":true, "old":true, "uncollectible":true, "marked":true}}
{"address":"0x7fb1f8096df0", "type":"IMEMO", "class":"0x7fb1f8097228", "imemo_type":"ment", "memsize":48, "flags":{"wb_protected":true, "old":true, "uncollectible":true, "marked":true}}
{"address":"0x7fb1f8096e18", "type":"IMEMO", "class":"0x7fb1f8097228", "imemo_type":"ment", "memsize":48, "flags":{"wb_protected":true, "old":true, "uncollectible":true, "marked":true}}
{"address":"0x7fb1f8096e40", "type":"STRING", "class":"0x7fb1f80b7578", "frozen":true, "embedded":true, "fstring":true, "bytesize":4, "value":"last", "encoding":"US-ASCII", "memsize":40, "flags":{"wb_protected":true, "old":true, "uncollectible":true, "marked":true}}
{"address":"0x7fb1f8096e68", "type":"STRING", "class":"0x7fb1f80b7578", "frozen":true, "embedded":true, "fstring":true, "bytesize":3, "value":"ins", "encoding":"US-ASCII", "memsize":40, "flags":{"wb_protected":true, "old":true, "uncollectible":true, "marked":true}}
{"address":"0x7fb1f8096e90", "type":"IMEMO", "class":"0x7fb1f8097228", "imemo_type":"ment", "memsize":48, "flags":{"wb_protected":true, "old":true, "uncollectible":true, "marked":true}}
{"address":"0x7fb1f8096eb8", "type":"IMEMO", "class":"0x7fb1f8097228", "imemo_type":"ment", "memsize":48, "flags":{"wb_protected":true, "old":true, "uncollectible":true, "marked":true}}
{"address":"0x7fb1f8096ee0", "type":"STRING", "class":"0x7fb1f80b7578", "frozen":true, "embedded":true, "fstring":true, "bytesize":5, "value":"fetch", "encoding":"US-ASCII", "memsize":40, "flags":{"wb_protected":true, "old":true, "uncollectible":true, "marked":true}}
{"address":"0x7fb1f8096f08", "type":"IMEMO", "class":"0x7fb1f80dabe0", "imemo_type":"env", "references":["0x7fb1f8097458", "0x7fb1f80974f8", "0x7fb1f8096f08", "0x7fb1f8096f80"], "memsize":80, "flags":{"wb_protected":true, "old":true, "uncollectible":true, "marked":true}}
{"address":"0x7fb1f8096f30", "type":"IMEMO", "class":"0x7fb1f8097228", "imemo_type":"ment", "memsize":48, "flags":{"wb_protected":true, "old":true, "uncollectible":true, "marked":true}}
{"address":"0x7fb1f8096f58", "type":"STRING", "class":"0x7fb1f80b7578", "frozen":true, "embedded":true, "fstring":true, "bytesize":2, "value":"at", "encoding":"US-ASCII", "memsize":40, "flags":{"wb_protected":true, "old":true, "uncollectible":true, "marked":true}}
{"address":"0x7fb1f8096f80", "type":"IMEMO", "class":"0x7fb1f80dac58", "imemo_type":"env", "references":["0x7fb1f80bca50", "0x7fb1f8097ef8", "0x7fb1f8096f80"], "memsize":104, "flags":{"wb_protected":true, "old":true, "uncollectible":true, "marked":true}}
{"address":"0x7fb1f8096fa8", "type":"IMEMO", "class":"0x7fb1f8097228", "imemo_type":"ment", "memsize":48, "flags":{"wb_protected":true, "old":true, "uncollectible":true, "marked":true}}
{"address":"0x7fb1f8096fd0", "type":"IMEMO", "class":"0x7fb1f8097228", "imemo_type":"ment", "memsize":48, "flags":{"wb_protected":true, "old":true, "uncollectible":true, "marked":true}}
{"address":"0x7fb1f8096ff8", "type":"IMEMO", "class":"0x7fb1f8097228", "imemo_type":"ment", "memsize":48, "flags":{"wb_protected":true, "old":true, "uncollectible":true, "marked":true}}
{"address":"0x7fb1f8097020", "type":"IMEMO", "class":"0x7fb1f8097228", "imemo_type":"ment", "memsize":48, "flags":{"wb_protected":true, "old":true, "uncollectible":true, "marked":true}}
{"address":"0x7fb1f8097048", "type":"IMEMO", "class":"0x7fb1f8097228", "imemo_type":"ment", "memsize":48, "flags":{"wb_protected":true, "old":true, "uncollectible":true, "marked":true}}
{"address":"0x7fb1f8097070", "type":"IMEMO", "class":"0x7fb1f8097228", "imemo_type":"ment", "memsize":48, "flags":{"wb_protected":true, "old":true, "uncollectible":true, "marked":true}}
{"address":"0x7fb1f8097098", "type":"IMEMO", "class":"0x7fb1f8097228", "imemo_type":"ment", "memsize":48, "flags":{"wb_protected":true, "old":true, "uncollectible":true, "marked":true}}
{"address":"0x7fb1f80970c0", "type":"IMEMO", "class":"0x7fb1f8097228", "imemo_type":"ment", "memsize":48, "flags":{"wb_protected":true, "old":true, "uncollectible":true, "marked":true}}
{"address":"0x7fb1f80970e8", "type":"IMEMO", "class":"0x7fb1f8097228", "imemo_type":"ment", "memsize":48, "flags":{"wb_protected":true, "old":true, "uncollectible":true, "marked":true}}
{"address":"0x7fb1f8097110", "type":"IMEMO", "class":"0x7fb1f8097228", "imemo_type":"ment", "memsize":48, "flags":{"wb_protected":true, "old":true, "uncollectible":true, "marked":true}}
{"address":"0x7fb1f8097138", "type":"IMEMO", "class":"0x7fb1f8097228", "imemo_type":"ment", "memsize":48, "flags":{"wb_protected":true, "old":true, "uncollectible":true, "marked":true}}
{"address":"0x7fb1f8097160", "type":"IMEMO", "class":"0x7fb1f8097228", "imemo_type":"ment", "memsize":48, "flags":{"wb_protected":true, "old":true, "uncollectible":true, "marked":true}}
{"address":"0x7fb1f8097188", "type":"IMEMO", "class":"0x7fb1f8097200", "imemo_type":"ment", "memsize":48, "flags":{"wb_protected":true, "old":true, "uncollectible":true, "marked":true}}
{"address":"0x7fb1f80971b0", "type":"IMEMO", "class":"0x7fb1f8097200", "imemo_type":"ment", "memsize":48, "flags":{"wb_protected":true, "old":true, "uncollectible":true, "marked":true}}
{"address":"0x7fb1f80971d8", "type":"ICLASS", "class":"0x7fb1f80bcf28", "references":["0x7fb1f80c5240", "0x7fb1f8110560", "0x7fb1f80e2188", "0x7fb1f80df410", "0x7fb1f80dd2a0", "0x7fb1f80df370", "0x7fb1f80debc8", "0x7fb1f80e0ae0", "0x7fb1f8100160", "0x7fb1f81116e0"], "memsize":40, "flags":{"uncollectible":true, "marked":true}}
{"address":"0x7fb1f8097200", "type":"CLASS", "class":"0x7fb1f80bf700", "name":"Class", "references":["0x7fb1f80bf6b0", "0x7fb1f80971b0", "0x7fb1f8097188", "0x7fb1f8097228"], "memsize":528, "flags":{"wb_protected":true, "old":true, "uncollectible":true, "marked":true}}
{"address":"0x7fb1f8097228", "type":"CLASS", "class":"0x7fb1f8097200", "name":"Array", "references":["0x7fb1f80971d8", "0x7fb1f8097098", "0x7fb1f8095e78", "0x7fb1f8095c70", "0x7fb1f8095cc0", "0x7fb1f8095ce8", "0x7fb1f8095c98", "0x7fb1f8096f30", "0x7fb1f8096eb8", "0x7fb1f8096e18", "0x7fb1f8096d78", "0x7fb1f8096d00", "0x7fb1f8096c88", "0x7fb1f8096be8", "0x7fb1f8096b70", "0x7fb1f8096af8", "0x7fb1f8096a80", "0x7fb1f8096a08", "0x7fb1f8096918", "0x7fb1f8096788", "0x7fb1f80966c0", "0x7fb1f8096648", "0x7fb1f80965a8", "0x7fb1f8096530", "0x7fb1f8096490", "0x7fb1f80963f0", "0x7fb1f8096350", "0x7fb1f80962b0", "0x7fb1f8096238", "0x7fb1f80961c0", "0x7fb1f8096120", "0x7fb1f80960a8", "0x7fb1f8096008", "0x7fb1f8095f68", "0x7fb1f8095ea0", "0x7fb1f8095d88", "0x7fb1f8095d10", "0x7fb1f8095b30", "0x7fb1f8095ab8", "0x7fb1f8095a40", "0x7fb1f80959c8", "0x7fb1f8095950", "0x7fb1f80958b0", "0x7fb1f8095838", "0x7fb1f80957c0", "0x7fb1f8095720", "0x7fb1f80956a8", "0x7fb1f8095630", "0x7fb1f80955b8", "0x7fb1f8095540", "0x7fb1f8095428", "0x7fb1f8096620", "0x7fb1f80953b0", "0x7fb1f8095248", "0x7fb1f8095928", "0x7fb1f8096850", "0x7fb1f80963c8", "0x7fb1f8096328", "0x7fb1f8096080", "0x7fb1f8096508", "0x7fb1f8096468", "0x7fb1f8096e90", "0x7fb1f8095360", "0x7fb1f8095388", "0x7fb1f8095310", "0x7fb1f8095338", "0x7fb1f8095bd0", "0x7fb1f8095c48", "0x7fb1f80968f0", "0x7fb1f8095fe0", "0x7fb1f8095518", "0x7fb1f80954f0", "0x7fb1f80954c8", "0x7fb1f8095e50", "0x7fb1f8096c60", "0x7fb1f8095798", "0x7fb1f80954a0", "0x7fb1f8097048", "0x7fb1f80952c0", "0x7fb1f8095ba8", "0x7fb1f8096fd0", "0x7fb1f8096fa8", "0x7fb1f80969b8", "0x7fb1f8096878", "0x7fb1f8097020", "0x7fb1f8096828", "0x7fb1f8096800", "0x7fb1f8095f40", "0x7fb1f8095f18", "0x7fb1f8095c20", "0x7fb1f8095bf8", "0x7fb1f8097110", "0x7fb1f80968c8", "0x7fb1f80968a0", "0x7fb1f8096990", "0x7fb1f8096760", "0x7fb1f8096df0", "0x7fb1f80969e0", "0x7fb1f8096738", "0x7fb1f8097160", "0x7fb1f8097138", "0x7fb1f8097070", "0x7fb1f80970c0", "0x7fb1f80970e8", "0x7fb1f803fa00", "0x7fb1f8096198", "0x7fb1f8095e28", "0x7fb1f8095e00", "0x7fb1f80952e8", "0x7fb1f8096ff8", "0x7fb1f80bf8b8"], "memsize":4560, "flags":{"wb_protected":true, "old":true, "uncollectible":true, "marked":true}}
{"address":"0x7fb1f8097250", "type":"STRING", "class":"0x7fb1f80b7578", "frozen":true, "embedded":true, "fstring":true, "bytesize":6, "value":"EXFULL", "encoding":"US-ASCII", "memsize":40, "flags":{"wb_protected":true, "old":true, "uncollectible":true, "marked":true}}
{"address":"0x7fb1f8097278", "type":"IMEMO", "class":"0x7fb1f80c6de8", "imemo_type":"ment", "references":["0x7fb1f80bcb40", "0x7fb1f809e7a8"], "memsize":48, "flags":{"wb_protected":true, "old":true, "uncollectible":true, "marked":true}}
{"address":"0x7fb1f80972a0", "type":"STRING", "class":"0x7fb1f80b7578", "frozen":true, "embedded":true, "bytesize":12, "value":"Errno::EXDEV", "encoding":"US-ASCII", "memsize":40, "flags":{"wb_protected":true, "old":true, "uncollectible":true, "marked":true}}
{"address":"0x7fb1f80972c8", "type":"CLASS", "class":"0x7fb1f80bf700", "name":"Class", "references":["0x7fb1f80ae0b8", "0x7fb1f80972f0"], "memsize":464, "flags":{"wb_protected":true, "old":true, "uncollectible":true, "marked":true}}
{"address":"0x7fb1f80972f0", "type":"CLASS", "class":"0x7fb1f80972c8", "name":"Errno::EXDEV", "references":["0x7fb1f80ae0e0", "0x7fb1f80972a0"], "memsize":552, "flags":{"wb_protected":true, "old":true, "uncollectible":true, "marked":true}}
{"address":"0x7fb1f8097318", "type":"STRING", "class":"0x7fb1f80b7578", "frozen":true, "embedded":true, "fstring":true, "bytesize":5, "value":"EXDEV", "encoding":"US-ASCII", "memsize":40, "flags":{"wb_protected":true, "old":true, "uncollectible":true, "marked":true}}
{"address":"0x7fb1f8097340", "type":"STRING", "class":"0x7fb1f80b7578", "frozen":true, "embedded":true, "fstring":true, "bytesize":16, "value":"_deprecated_gzip", "encoding":"US-ASCII", "memsize":40, "flags":{"wb_protected":true, "old":true, "uncollectible":true, "marked":true}}
{"address":"0x7fb1f8097368", "type":"STRING", "class":"0x7fb1f80b7578", "frozen":true, "embedded":true, "fstring":true, "bytesize":11, "value":"EWOULDBLOCK", "encoding":"US-ASCII", "memsize":40, "flags":{"wb_protected":true, "old":true, "uncollectible":true, "marked":true}}
{"address":"0x7fb1f8097390", "type":"IMEMO", "imemo_type":"iseq", "references":["0x7fb1f80c5880", "0x7fb1f80c5880", "0x7fb1f808c788"], "memsize":452, "flags":{"wb_protected":true, "old":true, "uncollectible":true, "marked":true}}
{"address":"0x7fb1f80973b8", "type":"STRING", "class":"0x7fb1f80b7578", "frozen":true, "embedded":true, "bytesize":13, "value":"Errno::EUSERS", "encoding":"US-ASCII", "memsize":40, "flags":{"wb_protected":true, "old":true, "uncollectible":true, "marked":true}}
{"address":"0x7fb1f80973e0", "type":"CLASS", "class":"0x7fb1f80bf700", "name":"Class", "references":["0x7fb1f80ae0b8", "0x7fb1f8097408"], "memsize":464, "flags":{"wb_protected":true, "old":true, "uncollectible":true, "marked":true}}
{"address":"0x7fb1f8097408", "type":"CLASS", "class":"0x7fb1f80973e0", "name":"Errno::EUSERS", "references":["0x7fb1f80ae0e0", "0x7fb1f80973b8"], "memsize":552, "flags":{"wb_protected":true, "old":true, "uncollectible":true, "marked":true}}
{"address":"0x7fb1f8097430", "type":"STRING", "class":"0x7fb1f80b7578", "frozen":true, "embedded":true, "fstring":true, "bytesize":6, "value":"EUSERS", "encoding":"US-ASCII", "memsize":40, "flags":{"wb_protected":true, "old":true, "uncollectible":true, "marked":true}}
{"address":"0x7fb1f8097458", "type":"STRING", "class":"0x7fb1f80b7578", "frozen":true, "embedded":true, "bytesize":16, "value":"_deprecated_gzip", "encoding":"UTF-8", "memsize":40, "flags":{"wb_protected":true, "old":true, "uncollectible":true, "marked":true}}
{"address":"0x7fb1f8097480", "type":"STRING", "class":"0x7fb1f80b7578", "frozen":true, "embedded":true, "fstring":true, "bytesize":7, "value":"EUNATCH", "encoding":"US-ASCII", "memsize":40, "flags":{"wb_protected":true, "old":true, "uncollectible":true, "marked":true}}
{"address":"0x7fb1f80974a8", "type":"IMEMO", "imemo_type":"iseq", "references":["0x7fb1f802fb28", "0x7fb1f802fb28", "0x7fb1f808c788"], "memsize":564, "flags":{"wb_protected":true, "old":true, "uncollectible":true, "marked":true}}
{"address":"0x7fb1f80974d0", "type":"STRING", "class":"0x7fb1f80b7578", "frozen":true, "embedded":true, "fstring":true, "bytesize":7, "value":"EUCLEAN", "encoding":"US-ASCII", "memsize":40, "flags":{"wb_protected":true, "old":true, "uncollectible":true, "marked":true}}
{"address":"0x7fb1f80974f8", "type":"IMEMO", "class":"0x8", "imemo_type":"cref", "references":["0x7fb1f80c6de8", "0x7fb1f80da7d0"], "memsize":40, "flags":{"wb_protected":true, "old":true, "uncollectible":true, "marked":true}}
{"address":"0x7fb1f8097520", "type":"STRING", "class":"0x7fb1f80b7578", "frozen":true, "embedded":true, "bytesize":14, "value":"Errno::ETXTBSY", "encoding":"US-ASCII", "memsize":40, "flags":{"wb_protected":true, "old":true, "uncollectible":true, "marked":true}}
{"address":"0x7fb1f8097548", "type":"CLASS", "class":"0x7fb1f80bf700", "name":"Class", "references":["0x7fb1f80ae0b8", "0x7fb1f8097570"], "memsize":464, "flags":{"wb_protected":true, "old":true, "uncollectible":true, "marked":true}}
{"address":"0x7fb1f8097570", "type":"CLASS", "class":"0x7fb1f8097548", "name":"Errno::ETXTBSY", "references":["0x7fb1f80ae0e0", "0x7fb1f8097520"], "memsize":552, "flags":{"wb_protected":true, "old":true, "uncollectible":true, "marked":true}}
{"address":"0x7fb1f8097598", "type":"STRING", "class":"0x7fb1f80b7578", "frozen":true, "embedded":true, "fstring":true, "bytesize":7, "value":"ETXTBSY", "encoding":"US-ASCII", "memsize":40, "flags":{"wb_protected":true, "old":true, "uncollectible":true, "marked":true}}
{"address":"0x7fb1f80975c0", "type":"IMEMO", "imemo_type":"iseq", "references":["0x7fb1f803c698", "0x7fb1f803c698", "0x7fb1f808c788"], "memsize":644, "flags":{"wb_protected":true, "old":true, "uncollectible":true, "marked":true}}
{"address":"0x7fb1f80975e8", "type":"STRING", "class":"0x7fb1f80b7578", "frozen":true, "embedded":true, "bytesize":19, "value":"Errno::ETOOMANYREFS", "encoding":"US-ASCII", "memsize":40, "flags":{"wb_protected":true, "old":true, "uncollectible":true, "marked":true}}
{"address":"0x7fb1f8097610", "type":"CLASS", "class":"0x7fb1f80bf700", "name":"Class", "references":["0x7fb1f80ae0b8", "0x7fb1f8097638"], "memsize":464, "flags":{"wb_protected":true, "old":true, "uncollectible":true, "marked":true}}
{"address":"0x7fb1f8097638", "type":"CLASS", "class":"0x7fb1f8097610", "name":"Errno::ETOOMANYREFS", "references":["0x7fb1f80ae0e0", "0x7fb1f80975e8"], "memsize":552, "flags":{"wb_protected":true, "old":true, "uncollectible":true, "marked":true}}
{"address":"0x7fb1f8097660", "type":"STRING", "class":"0x7fb1f80b7578", "frozen":true, "embedded":true, "fstring":true, "bytesize":12, "value":"ETOOMANYREFS", "encoding":"US-ASCII", "memsize":40, "flags":{"wb_protected":true, "old":true, "uncollectible":true, "marked":true}}
{"address":"0x7fb1f8097688", "type":"IMEMO", "imemo_type":"iseq", "references":["0x7fb1f803d2f0", "0x7fb1f803d2f0", "0x7fb1f808c788"], "memsize":660, "flags":{"wb_protected":true, "old":true, "uncollectible":true, "marked":true}}
{"address":"0x7fb1f80976b0", "type":"STRING", "class":"0x7fb1f80b7578", "frozen":true, "embedded":true, "bytesize":16, "value":"Errno::ETIMEDOUT", "encoding":"US-ASCII", "memsize":40, "flags":{"wb_protected":true, "old":true, "uncollectible":true, "marked":true}}
{"address":"0x7fb1f80976d8", "type":"CLASS", "class":"0x7fb1f80bf700", "name":"Class", "references":["0x7fb1f80ae0b8", "0x7fb1f8097700"], "memsize":464, "flags":{"wb_protected":true, "old":true, "uncollectible":true, "marked":true}}
{"address":"0x7fb1f8097700", "type":"CLASS", "class":"0x7fb1f80976d8", "name":"Errno::ETIMEDOUT", "references":["0x7fb1f80ae0e0", "0x7fb1f80976b0"], "memsize":552, "flags":{"wb_protected":true, "old":true, "uncollectible":true, "marked":true}}
{"address":"0x7fb1f8097728", "type":"STRING", "class":"0x7fb1f80b7578", "frozen":true, "embedded":true, "fstring":true, "bytesize":9, "value":"ETIMEDOUT", "encoding":"US-ASCII", "memsize":40, "flags":{"wb_protected":true, "old":true, "uncollectible":true, "marked":true}}
{"address":"0x7fb1f8097750", "type":"IMEMO", "class":"0x7fb1f80c6de8", "imemo_type":"ment", "references":["0x7fb1f8097818"], "memsize":48, "flags":{"wb_protected":true, "old":true, "uncollectible":true, "marked":true}}
{"address":"0x7fb1f8097778", "type":"STRING", "class":"0x7fb1f80b7578", "frozen":true, "embedded":true, "bytesize":12, "value":"Errno::ETIME", "encoding":"US-ASCII", "memsize":40, "flags":{"wb_protected":true, "old":true, "uncollectible":true, "marked":true}}
{"address":"0x7fb1f80977a0", "type":"CLASS", "class":"0x7fb1f80bf700", "name":"Class", "references":["0x7fb1f80ae0b8", "0x7fb1f80977c8"], "memsize":464, "flags":{"wb_protected":true, "old":true, "uncollectible":true, "marked":true}}
{"address":"0x7fb1f80977c8", "type":"CLASS", "class":"0x7fb1f80977a0", "name":"Errno::ETIME", "references":["0x7fb1f80ae0e0", "0x7fb1f8097778"], "memsize":552, "flags":{"wb_protected":true, "old":true, "uncollectible":true, "marked":true}}
{"address":"0x7fb1f80977f0", "type":"STRING", "class":"0x7fb1f80b7578", "frozen":true, "embedded":true, "fstring":true, "bytesize":5, "value":"ETIME", "encoding":"US-ASCII", "memsize":40, "flags":{"wb_protected":true, "old":true, "uncollectible":true, "marked":true}}
{"address":"0x7fb1f8097818", "type":"DATA", "class":"0x7fb1f806f160", "struct":"proc", "references":["0x7fb1f80c6de8", "0x7fb1f80dab40", "0x7fb1f8097930"], "memsize":80, "flags":{"wb_protected":true, "old":true, "uncollectible":true, "marked":true}}
{"address":"0x7fb1f8097840", "type":"STRING", "class":"0x7fb1f80b7578", "frozen":true, "embedded":true, "fstring":true, "bytesize":8, "value":"ESTRPIPE", "encoding":"US-ASCII", "memsize":40, "flags":{"wb_protected":true, "old":true, "uncollectible":true, "marked":true}}
{"address":"0x7fb1f8097868", "type":"IMEMO", "imemo_type":"iseq", "references":["0x7fb1f800c920", "0x7fb1f800c920", "0x7fb1f808c788"], "memsize":564, "flags":{"wb_protected":true, "old":true, "uncollectible":true, "marked":true}}
{"address":"0x7fb1f8097890", "type":"STRING", "class":"0x7fb1f80b7578", "frozen":true, "embedded":true, "bytesize":13, "value":"Errno::ESTALE", "encoding":"US-ASCII", "memsize":40, "flags":{"wb_protected":true, "old":true, "uncollectible":true, "marked":true}}
{"address":"0x7fb1f80978b8", "type":"CLASS", "class":"0x7fb1f80bf700", "name":"Class", "references":["0x7fb1f80ae0b8", "0x7fb1f80978e0"], "memsize":464, "flags":{"wb_protected":true, "old":true, "uncollectible":true, "marked":true}}
{"address":"0x7fb1f80978e0", "type":"CLASS", "class":"0x7fb1f80978b8", "name":"Errno::ESTALE", "references":["0x7fb1f80ae0e0", "0x7fb1f8097890"], "memsize":552, "flags":{"wb_protected":true, "old":true, "uncollectible":true, "marked":true}}
{"address":"0x7fb1f8097908", "type":"STRING", "class":"0x7fb1f80b7578", "frozen":true, "embedded":true, "fstring":true, "bytesize":6, "value":"ESTALE", "encoding":"US-ASCII", "memsize":40, "flags":{"wb_protected":true, "old":true, "uncollectible":true, "marked":true}}
{"address":"0x7fb1f8097930", "type":"IMEMO", "class":"0x7fb1f80dabe0", "imemo_type":"env", "references":["0x7fb1f8097ca0", "0x7fb1f8097e30", "0x7fb1f8097930", "0x7fb1f8097980"], "memsize":80, "flags":{"wb_protected":true, "old":true, "uncollectible":true, "marked":true}}
{"address":"0x7fb1f8097958", "type":"STRING", "class":"0x7fb1f80b7578", "frozen":true, "embedded":true, "fstring":true, "bytesize":6, "value":"ESRMNT", "encoding":"US-ASCII", "memsize":40, "flags":{"wb_protected":true, "old":true, "uncollectible":true, "marked":true}}
{"address":"0x7fb1f8097980", "type":"IMEMO", "class":"0x7fb1f80dac58", "imemo_type":"env", "references":["0x7fb1f80bcbb8", "0x7fb1f8097ef8", "0x7fb1f8097980"], "memsize":104, "flags":{"wb_protected":true, "old":true, "uncollectible":true, "marked":true}}
{"address":"0x7fb1f80979a8", "type":"STRING", "class":"0x7fb1f80b7578", "frozen":true, "embedded":true, "bytesize":12, "value":"Errno::ESRCH", "encoding":"US-ASCII", "memsize":40, "flags":{"wb_protected":true, "old":true, "uncollectible":true, "marked":true}}
{"address":"0x7fb1f80979d0", "type":"CLASS", "class":"0x7fb1f80bf700", "name":"Class", "references":["0x7fb1f80ae0b8", "0x7fb1f80979f8"], "memsize":464, "flags":{"wb_protected":true, "old":true, "uncollectible":true, "marked":true}}
{"address":"0x7fb1f80979f8", "type":"CLASS", "class":"0x7fb1f80979d0", "name":"Errno::ESRCH", "references":["0x7fb1f80ae0e0", "0x7fb1f80979a8"], "memsize":552, "flags":{"wb_protected":true, "old":true, "uncollectible":true, "marked":true}}
{"address":"0x7fb1f8097a20", "type":"STRING", "class":"0x7fb1f80b7578", "frozen":true, "embedded":true, "fstring":true, "bytesize":5, "value":"ESRCH", "encoding":"US-ASCII", "memsize":40, "flags":{"wb_protected":true, "old":true, "uncollectible":true, "marked":true}}
{"address":"0x7fb1f8097a48", "type":"IMEMO", "class":"0x7fb1f80c6de8", "imemo_type":"ment", "references":["0x7fb1f80bccd0", "0x7fb1f809e7a8"], "memsize":48, "flags":{"wb_protected":true, "old":true, "uncollectible":true, "marked":true}}
{"address":"0x7fb1f8097a70", "type":"STRING", "class":"0x7fb1f80b7578", "frozen":true, "embedded":true, "bytesize":13, "value":"Errno::ESPIPE", "encoding":"US-ASCII", "memsize":40, "flags":{"wb_protected":true, "old":true, "uncollectible":true, "marked":true}}
{"address":"0x7fb1f8097a98", "type":"CLASS", "class":"0x7fb1f80bf700", "name":"Class", "references":["0x7fb1f80ae0b8", "0x7fb1f8097ac0"], "memsize":464, "flags":{"wb_protected":true, "old":true, "uncollectible":true, "marked":true}}
{"address":"0x7fb1f8097ac0", "type":"CLASS", "class":"0x7fb1f8097a98", "name":"Errno::ESPIPE", "references":["0x7fb1f80ae0e0", "0x7fb1f8097a70"], "memsize":552, "flags":{"wb_protected":true, "old":true, "uncollectible":true, "marked":true}}
{"address":"0x7fb1f8097ae8", "type":"STRING", "class":"0x7fb1f80b7578", "frozen":true, "embedded":true, "fstring":true, "bytesize":6, "value":"ESPIPE", "encoding":"US-ASCII", "memsize":40, "flags":{"wb_protected":true, "old":true, "uncollectible":true, "marked":true}}
{"address":"0x7fb1f8097b10", "type":"STRING", "class":"0x7fb1f80b7578", "frozen":true, "embedded":true, "fstring":true, "bytesize":18, "value":"_deprecated_gunzip", "encoding":"US-ASCII", "memsize":40, "flags":{"wb_protected":true, "old":true, "uncollectible":true, "marked":true}}
{"address":"0x7fb1f8097b38", "type":"STRING", "class":"0x7fb1f80b7578", "frozen":true, "embedded":true, "bytesize":22, "value":"Errno::ESOCKTNOSUPPORT", "encoding":"US-ASCII", "memsize":40, "flags":{"wb_protected":true, "old":true, "uncollectible":true, "marked":true}}
{"address":"0x7fb1f8097b60", "type":"CLASS", "class":"0x7fb1f80bf700", "name":"Class", "references":["0x7fb1f80ae0b8", "0x7fb1f8097b88"], "memsize":464, "flags":{"wb_protected":true, "old":true, "uncollectible":true, "marked":true}}
{"address":"0x7fb1f8097b88", "type":"CLASS", "class":"0x7fb1f8097b60", "name":"Errno::ESOCKTNOSUPPORT", "references":["0x7fb1f80ae0e0", "0x7fb1f8097b38"], "memsize":552, "flags":{"wb_protected":true, "old":true, "uncollectible":true, "marked":true}}
{"address":"0x7fb1f8097bb0", "type":"STRING", "class":"0x7fb1f80b7578", "frozen":true, "embedded":true, "fstring":true, "bytesize":15, "value":"ESOCKTNOSUPPORT", "encoding":"US-ASCII", "memsize":40, "flags":{"wb_protected":true, "old":true, "uncollectible":true, "marked":true}}
{"address":"0x7fb1f8097bd8", "type":"IMEMO", "imemo_type":"iseq", "references":["0x7fb1f800d758", "0x7fb1f800d758", "0x7fb1f808c788"], "memsize":1004, "flags":{"wb_protected":true, "old":true, "uncollectible":true, "marked":true}}
{"address":"0x7fb1f8097c00", "type":"STRING", "class":"0x7fb1f80b7578", "frozen":true, "embedded":true, "bytesize":16, "value":"Errno::ESHUTDOWN", "encoding":"US-ASCII", "memsize":40, "flags":{"wb_protected":true, "old":true, "uncollectible":true, "marked":true}}
{"address":"0x7fb1f8097c28", "type":"CLASS", "class":"0x7fb1f80bf700", "name":"Class", "references":["0x7fb1f80ae0b8", "0x7fb1f8097c50"], "memsize":464, "flags":{"wb_protected":true, "old":true, "uncollectible":true, "marked":true}}
{"address":"0x7fb1f8097c50", "type":"CLASS", "class":"0x7fb1f8097c28", "name":"Errno::ESHUTDOWN", "references":["0x7fb1f80ae0e0", "0x7fb1f8097c00"], "memsize":552, "flags":{"wb_protected":true, "old":true, "uncollectible":true, "marked":true}}
{"address":"0x7fb1f8097c78", "type":"STRING", "class":"0x7fb1f80b7578", "frozen":true, "embedded":true, "fstring":true, "bytesize":9, "value":"ESHUTDOWN", "encoding":"US-ASCII", "memsize":40, "flags":{"wb_protected":true, "old":true, "uncollectible":true, "marked":true}}
{"address":"0x7fb1f8097ca0", "type":"STRING", "class":"0x7fb1f80b7578", "frozen":true, "embedded":true, "bytesize":18, "value":"_deprecated_gunzip", "encoding":"UTF-8", "memsize":40, "flags":{"wb_protected":true, "old":true, "uncollectible":true, "marked":true}}
{"address":"0x7fb1f8097cc8", "type":"STRING", "class":"0x7fb1f80b7578", "frozen":true, "embedded":true, "bytesize":17, "value":"Errno::ESHLIBVERS", "encoding":"US-ASCII", "memsize":40, "flags":{"wb_protected":true, "old":true, "uncollectible":true, "marked":true}}
{"address":"0x7fb1f8097cf0", "type":"CLASS", "class":"0x7fb1f80bf700", "name":"Class", "references":["0x7fb1f80ae0b8", "0x7fb1f8097d18"], "memsize":464, "flags":{"wb_protected":true, "old":true, "uncollectible":true, "marked":true}}
{"address":"0x7fb1f8097d18", "type":"CLASS", "class":"0x7fb1f8097cf0", "name":"Errno::ESHLIBVERS", "references":["0x7fb1f80ae0e0", "0x7fb1f8097cc8"], "memsize":552, "flags":{"wb_protected":true, "old":true, "uncollectible":true, "marked":true}}
{"address":"0x7fb1f8097d40", "type":"STRING", "class":"0x7fb1f80b7578", "frozen":true, "embedded":true, "fstring":true, "bytesize":10, "value":"ESHLIBVERS", "encoding":"US-ASCII", "memsize":40, "flags":{"wb_protected":true, "old":true, "uncollectible":true, "marked":true}}
{"address":"0x7fb1f8097d68", "type":"STRING", "class":"0x7fb1f80b7578", "frozen":true, "embedded":true, "fstring":true, "bytesize":20, "value":", already activated ", "encoding":"UTF-8", "memsize":40, "flags":{"wb_protected":true, "old":true, "uncollectible":true, "marked":true}}
{"address":"0x7fb1f8097d90", "type":"STRING", "class":"0x7fb1f80b7578", "frozen":true, "embedded":true, "bytesize":19, "value":"Errno::ERPCMISMATCH", "encoding":"US-ASCII", "memsize":40, "flags":{"wb_protected":true, "old":true, "uncollectible":true, "marked":true}}
{"address":"0x7fb1f8097db8", "type":"CLASS", "class":"0x7fb1f80bf700", "name":"Class", "references":["0x7fb1f80ae0b8", "0x7fb1f8097de0"], "memsize":464, "flags":{"wb_protected":true, "old":true, "uncollectible":true, "marked":true}}
{"address":"0x7fb1f8097de0", "type":"CLASS", "class":"0x7fb1f8097db8", "name":"Errno::ERPCMISMATCH", "references":["0x7fb1f80ae0e0", "0x7fb1f8097d90"], "memsize":552, "flags":{"wb_protected":true, "old":true, "uncollectible":true, "marked":true}}
{"address":"0x7fb1f8097e08", "type":"STRING", "class":"0x7fb1f80b7578", "frozen":true, "embedded":true, "fstring":true, "bytesize":12, "value":"ERPCMISMATCH", "encoding":"US-ASCII", "memsize":40, "flags":{"wb_protected":true, "old":true, "uncollectible":true, "marked":true}}
{"address":"0x7fb1f8097e30", "type":"IMEMO", "class":"0x8", "imemo_type":"cref", "references":["0x7fb1f80c6de8", "0x7fb1f80da7d0"], "memsize":40, "flags":{"wb_protected":true, "old":true, "uncollectible":true, "marked":true}}
{"address":"0x7fb1f8097e58", "type":"STRING", "class":"0x7fb1f80b7578", "frozen":true, "embedded":true, "bytesize":12, "value":"Errno::EROFS", "encoding":"US-ASCII", "memsize":40, "flags":{"wb_protected":true, "old":true, "uncollectible":true, "marked":true}}
{"address":"0x7fb1f8097e80", "type":"CLASS", "class":"0x7fb1f80bf700", "name":"Class", "references":["0x7fb1f80ae0b8", "0x7fb1f8097ea8"], "memsize":464, "flags":{"wb_protected":true, "old":true, "uncollectible":true, "marked":true}}
{"address":"0x7fb1f8097ea8", "type":"CLASS", "class":"0x7fb1f8097e80", "name":"Errno::EROFS", "references":["0x7fb1f80ae0e0", "0x7fb1f8097e58"], "memsize":552, "flags":{"wb_protected":true, "old":true, "uncollectible":true, "marked":true}}
{"address":"0x7fb1f8097ed0", "type":"STRING", "class":"0x7fb1f80b7578", "frozen":true, "embedded":true, "fstring":true, "bytesize":5, "value":"EROFS", "encoding":"US-ASCII", "memsize":40, "flags":{"wb_protected":true, "old":true, "uncollectible":true, "marked":true}}
{"address":"0x7fb1f8097ef8", "type":"IMEMO", "class":"0x7fb1f8097f48", "imemo_type":"ment", "references":["0x7fb1f80da820", "0x7fb1f80dac58", "0x7fb1f80da7d0"], "memsize":48, "flags":{"wb_protected":true, "old":true, "uncollectible":true, "marked":true}}
{"address":"0x7fb1f8097f20", "type":"STRING", "class":"0x7fb1f80b7578", "frozen":true, "embedded":true, "fstring":true, "bytesize":7, "value":"ERFKILL", "encoding":"US-ASCII", "memsize":40, "flags":{"wb_protected":true, "old":true, "uncollectible":true, "marked":true}}
{"address":"0x7fb1f8097f48", "type":"ICLASS", "class":"0x7fb1f80da820", "references":["0x7fb1f80bf6d8", "0x7fb1f8097ef8"], "memsize":40, "flags":{"uncollectible":true, "marked":true}}
{"address":"0x7fb1f8097f70", "type":"STRING", "class":"0x7fb1f80b7578", "frozen":true, "embedded":true, "fstring":true, "bytesize":8, "value":"ERESTART", "encoding":"US-ASCII", "memsize":40, "flags":{"wb_protected":true, "old":true, "uncollectible":true, "marked":true}}
{"address":"0x7fb1f8097f98", "type":"CLASS", "class":"0x7fb1f809c110", "name":"Class", "references":["0x7fb1f8074bd8", "0x7fb1f8074b60"], "memsize":464, "flags":{"wb_protected":true, "old":true, "uncollectible":true, "marked":true}}
{"address":"0x7fb1f809c020", "type":"STRING", "class":"0x7fb1f80b7578", "frozen":true, "embedded":true, "fstring":true, "bytesize":9, "value":"EREMOTEIO", "encoding":"US-ASCII", "memsize":40, "flags":{"wb_protected":true, "old":true, "uncollectible":true, "marked":true}}
{"address":"0x7fb1f809c048", "type":"CLASS", "class":"0x7fb1f809c110", "name":"Class", "references":["0x7fb1f8097f98", "0x7fb1f8074b88"], "memsize":464, "flags":{"wb_protected":true, "old":true, "uncollectible":true, "marked":true}}
{"address":"0x7fb1f809c070", "type":"STRING", "class":"0x7fb1f80b7578", "frozen":true, "embedded":true, "bytesize":14, "value":"Errno::EREMOTE", "encoding":"US-ASCII", "memsize":40, "flags":{"wb_protected":true, "old":true, "uncollectible":true, "marked":true}}
{"address":"0x7fb1f809c098", "type":"CLASS", "class":"0x7fb1f80bf700", "name":"Class", "references":["0x7fb1f80ae0b8", "0x7fb1f809c0c0"], "memsize":464, "flags":{"wb_protected":true, "old":true, "uncollectible":true, "marked":true}}
{"address":"0x7fb1f809c0c0", "type":"CLASS", "class":"0x7fb1f809c098", "name":"Errno::EREMOTE", "references":["0x7fb1f80ae0e0", "0x7fb1f809c070"], "memsize":552, "flags":{"wb_protected":true, "old":true, "uncollectible":true, "marked":true}}
{"address":"0x7fb1f809c0e8", "type":"STRING", "class":"0x7fb1f80b7578", "frozen":true, "embedded":true, "fstring":true, "bytesize":7, "value":"EREMOTE", "encoding":"US-ASCII", "memsize":40, "flags":{"wb_protected":true, "old":true, "uncollectible":true, "marked":true}}
{"address":"0x7fb1f809c110", "type":"CLASS", "class":"0x7fb1f809c110", "name":"Class", "references":["0x7fb1f809c160", "0x7fb1f8074bd8"], "memsize":464, "flags":{"wb_protected":true, "old":true, "uncollectible":true, "marked":true}}
{"address":"0x7fb1f809c138", "type":"STRING", "class":"0x7fb1f80b7578", "frozen":true, "embedded":true, "fstring":true, "bytesize":7, "value":"EREMCHG", "encoding":"US-ASCII", "memsize":40, "flags":{"wb_protected":true, "old":true, "uncollectible":true, "marked":true}}
{"address":"0x7fb1f809c160", "type":"CLASS", "class":"0x7fb1f809c110", "name":"Class", "references":["0x7fb1f809c048", "0x7fb1f8074bb0"], "memsize":464, "flags":{"wb_protected":true, "old":true, "uncollectible":true, "marked":true}}
{"address":"0x7fb1f809c188", "type":"STRING", "class":"0x7fb1f80b7578", "frozen":true, "embedded":true, "bytesize":13, "value":"Errno::ERANGE", "encoding":"US-ASCII", "memsize":40, "flags":{"wb_protected":true, "old":true, "uncollectible":true, "marked":true}}
{"address":"0x7fb1f809c1b0", "type":"CLASS", "class":"0x7fb1f80bf700", "name":"Class", "references":["0x7fb1f80ae0b8", "0x7fb1f809c1d8"], "memsize":464, "flags":{"wb_protected":true, "old":true, "uncollectible":true, "marked":true}}
{"address":"0x7fb1f809c1d8", "type":"CLASS", "class":"0x7fb1f809c1b0", "name":"Errno::ERANGE", "references":["0x7fb1f80ae0e0", "0x7fb1f809c188"], "memsize":552, "flags":{"wb_protected":true, "old":true, "uncollectible":true, "marked":true}}
{"address":"0x7fb1f809c200", "type":"STRING", "class":"0x7fb1f80b7578", "frozen":true, "embedded":true, "fstring":true, "bytesize":6, "value":"ERANGE", "encoding":"US-ASCII", "memsize":40, "flags":{"wb_protected":true, "old":true, "uncollectible":true, "marked":true}}
{"address":"0x7fb1f809c228", "type":"CLASS", "class":"0x7fb1f809c160", "name":"Class", "references":["0x7fb1f8074bb0", "0x7fb1f809c278"], "memsize":464, "flags":{"wb_protected":true, "old":true, "uncollectible":true, "marked":true}}
{"address":"0x7fb1f809c250", "type":"STRING", "class":"0x7fb1f80b7578", "frozen":true, "embedded":true, "fstring":true, "bytesize":6, "value":"EQFULL", "encoding":"US-ASCII", "memsize":40, "flags":{"wb_protected":true, "old":true, "uncollectible":true, "marked":true}}
{"address":"0x7fb1f809c278", "type":"CLASS", "class":"0x7fb1f809c228", "name":"Class", "references":["0x7fb1f8097f48", "0x7fb1f80c6de8"], "memsize":464, "flags":{"wb_protected":true, "old":true, "uncollectible":true, "marked":true}}
{"address":"0x7fb1f809c2a0", "type":"STRING", "class":"0x7fb1f80b7578", "frozen":true, "embedded":true, "bytesize":14, "value":"Errno::EPWROFF", "encoding":"US-ASCII", "memsize":40, "flags":{"wb_protected":true, "old":true, "uncollectible":true, "marked":true}}
{"address":"0x7fb1f809c2c8", "type":"CLASS", "class":"0x7fb1f80bf700", "name":"Class", "references":["0x7fb1f80ae0b8", "0x7fb1f809c2f0"], "memsize":464, "flags":{"wb_protected":true, "old":true, "uncollectible":true, "marked":true}}
{"address":"0x7fb1f809c2f0", "type":"CLASS", "class":"0x7fb1f809c2c8", "name":"Errno::EPWROFF", "references":["0x7fb1f80ae0e0", "0x7fb1f809c2a0"], "memsize":552, "flags":{"wb_protected":true, "old":true, "uncollectible":true, "marked":true}}
{"address":"0x7fb1f809c318", "type":"STRING", "class":"0x7fb1f80b7578", "frozen":true, "embedded":true, "fstring":true, "bytesize":7, "value":"EPWROFF", "encoding":"US-ASCII", "memsize":40, "flags":{"wb_protected":true, "old":true, "uncollectible":true, "marked":true}}
{"address":"0x7fb1f809c368", "type":"STRING", "class":"0x7fb1f80b7578", "frozen":true, "embedded":true, "bytesize":17, "value":"Errno::EPROTOTYPE", "encoding":"US-ASCII", "memsize":40, "flags":{"wb_protected":true, "old":true, "uncollectible":true, "marked":true}}
{"address":"0x7fb1f809c390", "type":"CLASS", "class":"0x7fb1f80bf700", "name":"Class", "references":["0x7fb1f80ae0b8", "0x7fb1f809c3b8"], "memsize":464, "flags":{"wb_protected":true, "old":true, "uncollectible":true, "marked":true}}
{"address":"0x7fb1f809c3b8", "type":"CLASS", "class":"0x7fb1f809c390", "name":"Errno::EPROTOTYPE", "references":["0x7fb1f80ae0e0", "0x7fb1f809c368"], "memsize":552, "flags":{"wb_protected":true, "old":true, "uncollectible":true, "marked":true}}
{"address":"0x7fb1f809c3e0", "type":"STRING", "class":"0x7fb1f80b7578", "frozen":true, "embedded":true, "fstring":true, "bytesize":10, "value":"EPROTOTYPE", "encoding":"US-ASCII", "memsize":40, "flags":{"wb_protected":true, "old":true, "uncollectible":true, "marked":true}}
{"address":"0x7fb1f809c430", "type":"STRING", "class":"0x7fb1f80b7578", "frozen":true, "embedded":true, "bytesize":22, "value":"Errno::EPROTONOSUPPORT", "encoding":"US-ASCII", "memsize":40, "flags":{"wb_protected":true, "old":true, "uncollectible":true, "marked":true}}
{"address":"0x7fb1f809c458", "type":"CLASS", "class":"0x7fb1f80bf700", "name":"Class", "references":["0x7fb1f80ae0b8", "0x7fb1f809c480"], "memsize":464, "flags":{"wb_protected":true, "old":true, "uncollectible":true, "marked":true}}
{"address":"0x7fb1f809c480", "type":"CLASS", "class":"0x7fb1f809c458", "name":"Errno::EPROTONOSUPPORT", "references":["0x7fb1f80ae0e0", "0x7fb1f809c430"], "memsize":552, "flags":{"wb_protected":true, "old":true, "uncollectible":true, "marked":true}}
{"address":"0x7fb1f809c4a8", "type":"STRING", "class":"0x7fb1f80b7578", "frozen":true, "embedded":true, "fstring":true, "bytesize":15, "value":"EPROTONOSUPPORT", "encoding":"US-ASCII", "memsize":40, "flags":{"wb_protected":true, "old":true, "uncollectible":true, "marked":true}}
{"address":"0x7fb1f809c4f8", "type":"STRING", "class":"0x7fb1f80b7578", "frozen":true, "embedded":true, "bytesize":13, "value":"Errno::EPROTO", "encoding":"US-ASCII", "memsize":40, "flags":{"wb_protected":true, "old":true, "uncollectible":true, "marked":true}}
{"address":"0x7fb1f809c520", "type":"CLASS", "class":"0x7fb1f80bf700", "name":"Class", "references":["0x7fb1f80ae0b8", "0x7fb1f809c548"], "memsize":464, "flags":{"wb_protected":true, "old":true, "uncollectible":true, "marked":true}}
{"address":"0x7fb1f809c548", "type":"CLASS", "class":"0x7fb1f809c520", "name":"Errno::EPROTO", "references":["0x7fb1f80ae0e0", "0x7fb1f809c4f8"], "memsize":552, "flags":{"wb_protected":true, "old":true, "uncollectible":true, "marked":true}}
{"address":"0x7fb1f809c570", "type":"STRING", "class":"0x7fb1f80b7578", "frozen":true, "embedded":true, "fstring":true, "bytesize":6, "value":"EPROTO", "encoding":"US-ASCII", "memsize":40, "flags":{"wb_protected":true, "old":true, "uncollectible":true, "marked":true}}
{"address":"0x7fb1f809c598", "type":"IMEMO", "class":"0x7fb1f80c6de8", "imemo_type":"ment", "references":["0x7fb1f80bd4c8", "0x7fb1f809e7a8"], "memsize":48, "flags":{"wb_protected":true, "old":true, "uncollectible":true, "marked":true}}
{"address":"0x7fb1f809c5c0", "type":"STRING", "class":"0x7fb1f80b7578", "frozen":true, "embedded":true, "bytesize":19, "value":"Errno::EPROGUNAVAIL", "encoding":"US-ASCII", "memsize":40, "flags":{"wb_protected":true, "old":true, "uncollectible":true, "marked":true}}
{"address":"0x7fb1f809c5e8", "type":"CLASS", "class":"0x7fb1f80bf700", "name":"Class", "references":["0x7fb1f80ae0b8", "0x7fb1f809c610"], "memsize":464, "flags":{"wb_protected":true, "old":true, "uncollectible":true, "marked":true}}
{"address":"0x7fb1f809c610", "type":"CLASS", "class":"0x7fb1f809c5e8", "name":"Errno::EPROGUNAVAIL", "references":["0x7fb1f80ae0e0", "0x7fb1f809c5c0"], "memsize":552, "flags":{"wb_protected":true, "old":true, "uncollectible":true, "marked":true}}
{"address":"0x7fb1f809c638", "type":"STRING", "class":"0x7fb1f80b7578", "frozen":true, "embedded":true, "fstring":true, "bytesize":12, "value":"EPROGUNAVAIL", "encoding":"US-ASCII", "memsize":40, "flags":{"wb_protected":true, "old":true, "uncollectible":true, "marked":true}}
{"address":"0x7fb1f809c660", "type":"IMEMO", "class":"0x7fb1f80c6de8", "imemo_type":"ment", "references":["0x7fb1f80bd978", "0x7fb1f809e7a8"], "memsize":48, "flags":{"wb_protected":true, "old":true, "uncollectible":true, "marked":true}}
{"address":"0x7fb1f809c688", "type":"STRING", "class":"0x7fb1f80b7578", "frozen":true, "embedded":true, "bytesize":20, "value":"Errno::EPROGMISMATCH", "encoding":"US-ASCII", "memsize":40, "flags":{"wb_protected":true, "old":true, "uncollectible":true, "marked":true}}
{"address":"0x7fb1f809c6b0", "type":"CLASS", "class":"0x7fb1f80bf700", "name":"Class", "references":["0x7fb1f80ae0b8", "0x7fb1f809c6d8"], "memsize":464, "flags":{"wb_protected":true, "old":true, "uncollectible":true, "marked":true}}
{"address":"0x7fb1f809c6d8", "type":"CLASS", "class":"0x7fb1f809c6b0", "name":"Errno::EPROGMISMATCH", "references":["0x7fb1f80ae0e0", "0x7fb1f809c688"], "memsize":552, "flags":{"wb_protected":true, "old":true, "uncollectible":true, "marked":true}}
{"address":"0x7fb1f809c700", "type":"STRING", "class":"0x7fb1f80b7578", "frozen":true, "embedded":true, "fstring":true, "bytesize":13, "value":"EPROGMISMATCH", "encoding":"US-ASCII", "memsize":40, "flags":{"wb_protected":true, "old":true, "uncollectible":true, "marked":true}}
{"address":"0x7fb1f809c728", "type":"IMEMO", "class":"0x7fb1f80c6de8", "imemo_type":"ment", "references":["0x7fb1f80be4e0", "0x7fb1f809e7a8"], "memsize":48, "flags":{"wb_protected":true, "old":true, "uncollectible":true, "marked":true}}
{"address":"0x7fb1f809c750", "type":"STRING", "class":"0x7fb1f80b7578", "frozen":true, "embedded":true, "bytesize":19, "value":"Errno::EPROCUNAVAIL", "encoding":"US-ASCII", "memsize":40, "flags":{"wb_protected":true, "old":true, "uncollectible":true, "marked":true}}
{"address":"0x7fb1f809c778", "type":"CLASS", "class":"0x7fb1f80bf700", "name":"Class", "references":["0x7fb1f80ae0b8", "0x7fb1f809c7a0"], "memsize":464, "flags":{"wb_protected":true, "old":true, "uncollectible":true, "marked":true}}
{"address":"0x7fb1f809c7a0", "type":"CLASS", "class":"0x7fb1f809c778", "name":"Errno::EPROCUNAVAIL", "references":["0x7fb1f80ae0e0", "0x7fb1f809c750"], "memsize":552, "flags":{"wb_protected":true, "old":true, "uncollectible":true, "marked":true}}
{"address":"0x7fb1f809c7c8", "type":"STRING", "class":"0x7fb1f80b7578", "frozen":true, "embedded":true, "fstring":true, "bytesize":12, "value":"EPROCUNAVAIL", "encoding":"US-ASCII", "memsize":40, "flags":{"wb_protected":true, "old":true, "uncollectible":true, "marked":true}}
{"address":"0x7fb1f809c7f0", "type":"IMEMO", "class":"0x7fb1f80c6de8", "imemo_type":"ment", "references":["0x7fb1f80be9b8", "0x7fb1f809e7a8"], "memsize":48, "flags":{"wb_protected":true, "old":true, "uncollectible":true, "marked":true}}
{"address":"0x7fb1f809c818", "type":"STRING", "class":"0x7fb1f80b7578", "frozen":true, "embedded":true, "bytesize":15, "value":"Errno::EPROCLIM", "encoding":"US-ASCII", "memsize":40, "flags":{"wb_protected":true, "old":true, "uncollectible":true, "marked":true}}
{"address":"0x7fb1f809c840", "type":"CLASS", "class":"0x7fb1f80bf700", "name":"Class", "references":["0x7fb1f80ae0b8", "0x7fb1f809c868"], "memsize":464, "flags":{"wb_protected":true, "old":true, "uncollectible":true, "marked":true}}
{"address":"0x7fb1f809c868", "type":"CLASS", "class":"0x7fb1f809c840", "name":"Errno::EPROCLIM", "references":["0x7fb1f80ae0e0", "0x7fb1f809c818"], "memsize":552, "flags":{"wb_protected":true, "old":true, "uncollectible":true, "marked":true}}
{"address":"0x7fb1f809c890", "type":"STRING", "class":"0x7fb1f80b7578", "frozen":true, "embedded":true, "fstring":true, "bytesize":8, "value":"EPROCLIM", "encoding":"US-ASCII", "memsize":40, "flags":{"wb_protected":true, "old":true, "uncollectible":true, "marked":true}}
{"address":"0x7fb1f809c8b8", "type":"IMEMO", "class":"0x7fb1f80c6de8", "imemo_type":"ment", "references":["0x7fb1f80bec10", "0x7fb1f809e7a8"], "memsize":48, "flags":{"wb_protected":true, "old":true, "uncollectible":true, "marked":true}}
{"address":"0x7fb1f809c8e0", "type":"STRING", "class":"0x7fb1f80b7578", "frozen":true, "embedded":true, "bytesize":12, "value":"Errno::EPIPE", "encoding":"US-ASCII", "memsize":40, "flags":{"wb_protected":true, "old":true, "uncollectible":true, "marked":true}}
{"address":"0x7fb1f809c908", "type":"CLASS", "class":"0x7fb1f80bf700", "name":"Class", "references":["0x7fb1f80ae0b8", "0x7fb1f809c930"], "memsize":464, "flags":{"wb_protected":true, "old":true, "uncollectible":true, "marked":true}}
{"address":"0x7fb1f809c930", "type":"CLASS", "class":"0x7fb1f809c908", "name":"Errno::EPIPE", "references":["0x7fb1f80ae0e0", "0x7fb1f809c8e0"], "memsize":552, "flags":{"wb_protected":true, "old":true, "uncollectible":true, "marked":true}}
{"address":"0x7fb1f809c958", "type":"STRING", "class":"0x7fb1f80b7578", "frozen":true, "embedded":true, "fstring":true, "bytesize":5, "value":"EPIPE", "encoding":"US-ASCII", "memsize":40, "flags":{"wb_protected":true, "old":true, "uncollectible":true, "marked":true}}
{"address":"0x7fb1f809c980", "type":"IMEMO", "class":"0x7fb1f80c6de8", "imemo_type":"ment", "references":["0x7fb1f80bfa20", "0x7fb1f809e7a8"], "memsize":48, "flags":{"wb_protected":true, "old":true, "uncollectible":true, "marked":true}}
{"address":"0x7fb1f809c9a8", "type":"STRING", "class":"0x7fb1f80b7578", "frozen":true, "embedded":true, "bytesize":19, "value":"Errno::EPFNOSUPPORT", "encoding":"US-ASCII", "memsize":40, "flags":{"wb_protected":true, "old":true, "uncollectible":true, "marked":true}}
{"address":"0x7fb1f809c9d0", "type":"CLASS", "class":"0x7fb1f80bf700", "name":"Class", "references":["0x7fb1f80ae0b8", "0x7fb1f809c9f8"], "memsize":464, "flags":{"wb_protected":true, "old":true, "uncollectible":true, "marked":true}}
{"address":"0x7fb1f809c9f8", "type":"CLASS", "class":"0x7fb1f809c9d0", "name":"Errno::EPFNOSUPPORT", "references":["0x7fb1f80ae0e0", "0x7fb1f809c9a8"], "memsize":552, "flags":{"wb_protected":true, "old":true, "uncollectible":true, "marked":true}}
{"address":"0x7fb1f809ca20", "type":"STRING", "class":"0x7fb1f80b7578", "frozen":true, "embedded":true, "fstring":true, "bytesize":12, "value":"EPFNOSUPPORT", "encoding":"US-ASCII", "memsize":40, "flags":{"wb_protected":true, "old":true, "uncollectible":true, "marked":true}}
{"address":"0x7fb1f809ca48", "type":"IMEMO", "class":"0x7fb1f80c6de8", "imemo_type":"ment", "references":["0x7fb1f80bfb60", "0x7fb1f809e7a8"], "memsize":48, "flags":{"wb_protected":true, "old":true, "uncollectible":true, "marked":true}}
{"address":"0x7fb1f809ca70", "type":"STRING", "class":"0x7fb1f80b7578", "frozen":true, "embedded":true, "bytesize":12, "value":"Errno::EPERM", "encoding":"US-ASCII", "memsize":40, "flags":{"wb_protected":true, "old":true, "uncollectible":true, "marked":true}}
{"address":"0x7fb1f809ca98", "type":"CLASS", "class":"0x7fb1f80bf700", "name":"Class", "references":["0x7fb1f80ae0b8", "0x7fb1f809cac0"], "memsize":464, "flags":{"wb_protected":true, "old":true, "uncollectible":true, "marked":true}}
{"address":"0x7fb1f809cac0", "type":"CLASS", "class":"0x7fb1f809ca98", "name":"Errno::EPERM", "references":["0x7fb1f80ae0e0", "0x7fb1f809ca70"], "memsize":552, "flags":{"wb_protected":true, "old":true, "uncollectible":true, "marked":true}}
{"address":"0x7fb1f809cae8", "type":"STRING", "class":"0x7fb1f80b7578", "frozen":true, "embedded":true, "fstring":true, "bytesize":5, "value":"EPERM", "encoding":"US-ASCII", "memsize":40, "flags":{"wb_protected":true, "old":true, "uncollectible":true, "marked":true}}
{"address":"0x7fb1f809cb10", "type":"IMEMO", "class":"0x7fb1f80c6de8", "imemo_type":"ment", "references":["0x7fb1f80bfca0", "0x7fb1f809e7a8"], "memsize":48, "flags":{"wb_protected":true, "old":true, "uncollectible":true, "marked":true}}
{"address":"0x7fb1f809cb38", "type":"STRING", "class":"0x7fb1f80b7578", "frozen":true, "embedded":true, "bytesize":17, "value":"Errno::EOWNERDEAD", "encoding":"US-ASCII", "memsize":40, "flags":{"wb_protected":true, "old":true, "uncollectible":true, "marked":true}}
{"address":"0x7fb1f809cb60", "type":"CLASS", "class":"0x7fb1f80bf700", "name":"Class", "references":["0x7fb1f80ae0b8", "0x7fb1f809cb88"], "memsize":464, "flags":{"wb_protected":true, "old":true, "uncollectible":true, "marked":true}}
{"address":"0x7fb1f809cb88", "type":"CLASS", "class":"0x7fb1f809cb60", "name":"Errno::EOWNERDEAD", "references":["0x7fb1f80ae0e0", "0x7fb1f809cb38"], "memsize":552, "flags":{"wb_protected":true, "old":true, "uncollectible":true, "marked":true}}
{"address":"0x7fb1f809cbb0", "type":"STRING", "class":"0x7fb1f80b7578", "frozen":true, "embedded":true, "fstring":true, "bytesize":10, "value":"EOWNERDEAD", "encoding":"US-ASCII", "memsize":40, "flags":{"wb_protected":true, "old":true, "uncollectible":true, "marked":true}}
{"address":"0x7fb1f809cbd8", "type":"IMEMO", "class":"0x7fb1f80c6de8", "imemo_type":"ment", "references":["0x7fb1f80bfd18", "0x7fb1f809e7a8"], "memsize":48, "flags":{"wb_protected":true, "old":true, "uncollectible":true, "marked":true}}
{"address":"0x7fb1f809cc00", "type":"STRING", "class":"0x7fb1f80b7578", "frozen":true, "embedded":true, "bytesize":16, "value":"Errno::EOVERFLOW", "encoding":"US-ASCII", "memsize":40, "flags":{"wb_protected":true, "old":true, "uncollectible":true, "marked":true}}
{"address":"0x7fb1f809cc28", "type":"CLASS", "class":"0x7fb1f80bf700", "name":"Class", "references":["0x7fb1f80ae0b8", "0x7fb1f809cc50"], "memsize":464, "flags":{"wb_protected":true, "old":true, "uncollectible":true, "marked":true}}
{"address":"0x7fb1f809cc50", "type":"CLASS", "class":"0x7fb1f809cc28", "name":"Errno::EOVERFLOW", "references":["0x7fb1f80ae0e0", "0x7fb1f809cc00"], "memsize":552, "flags":{"wb_protected":true, "old":true, "uncollectible":true, "marked":true}}
{"address":"0x7fb1f809cc78", "type":"STRING", "class":"0x7fb1f80b7578", "frozen":true, "embedded":true, "fstring":true, "bytesize":9, "value":"EOVERFLOW", "encoding":"US-ASCII", "memsize":40, "flags":{"wb_protected":true, "old":true, "uncollectible":true, "marked":true}}
{"address":"0x7fb1f809cca0", "type":"IMEMO", "class":"0x7fb1f80c6de8", "imemo_type":"ment", "references":["0x7fb1f80bfd90", "0x7fb1f809e7a8"], "memsize":48, "flags":{"wb_protected":true, "old":true, "uncollectible":true, "marked":true}}
{"address":"0x7fb1f809ccc8", "type":"STRING", "class":"0x7fb1f80b7578", "frozen":true, "embedded":true, "bytesize":17, "value":"Errno::EOPNOTSUPP", "encoding":"US-ASCII", "memsize":40, "flags":{"wb_protected":true, "old":true, "uncollectible":true, "marked":true}}
{"address":"0x7fb1f809ccf0", "type":"CLASS", "class":"0x7fb1f80bf700", "name":"Class", "references":["0x7fb1f80ae0b8", "0x7fb1f809cd18"], "memsize":464, "flags":{"wb_protected":true, "old":true, "uncollectible":true, "marked":true}}
{"address":"0x7fb1f809cd18", "type":"CLASS", "class":"0x7fb1f809ccf0", "name":"Errno::EOPNOTSUPP", "references":["0x7fb1f80ae0e0", "0x7fb1f809ccc8"], "memsize":552, "flags":{"wb_protected":true, "old":true, "uncollectible":true, "marked":true}}
{"address":"0x7fb1f809cd40", "type":"STRING", "class":"0x7fb1f80b7578", "frozen":true, "embedded":true, "fstring":true, "bytesize":10, "value":"EOPNOTSUPP", "encoding":"US-ASCII", "memsize":40, "flags":{"wb_protected":true, "old":true, "uncollectible":true, "marked":true}}
{"address":"0x7fb1f809cd68", "type":"IMEMO", "class":"0x7fb1f80c6de8", "imemo_type":"ment", "references":["0x7fb1f80bfe08", "0x7fb1f809e7a8"], "memsize":48, "flags":{"wb_protected":true, "old":true, "uncollectible":true, "marked":true}}
{"address":"0x7fb1f809cd90", "type":"STRING", "class":"0x7fb1f80b7578", "frozen":true, "embedded":true, "bytesize":12, "value":"Errno::ENXIO", "encoding":"US-ASCII", "memsize":40, "flags":{"wb_protected":true, "old":true, "uncollectible":true, "marked":true}}
{"address":"0x7fb1f809cdb8", "type":"CLASS", "class":"0x7fb1f80bf700", "name":"Class", "references":["0x7fb1f80ae0b8", "0x7fb1f809cde0"], "memsize":464, "flags":{"wb_protected":true, "old":true, "uncollectible":true, "marked":true}}
{"address":"0x7fb1f809cde0", "type":"CLASS", "class":"0x7fb1f809cdb8", "name":"Errno::ENXIO", "references":["0x7fb1f80ae0e0", "0x7fb1f809cd90"], "memsize":552, "flags":{"wb_protected":true, "old":true, "uncollectible":true, "marked":true}}
{"address":"0x7fb1f809ce08", "type":"STRING", "class":"0x7fb1f80b7578", "frozen":true, "embedded":true, "fstring":true, "bytesize":5, "value":"ENXIO", "encoding":"US-ASCII", "memsize":40, "flags":{"wb_protected":true, "old":true, "uncollectible":true, "marked":true}}
{"address":"0x7fb1f809ce30", "type":"IMEMO", "class":"0x7fb1f80c6de8", "imemo_type":"ment", "references":["0x7fb1f80c45e8", "0x7fb1f809e7a8"], "memsize":48, "flags":{"wb_protected":true, "old":true, "uncollectible":true, "marked":true}}
{"address":"0x7fb1f809ce58", "type":"STRING", "class":"0x7fb1f80b7578", "frozen":true, "embedded":true, "fstring":true, "bytesize":8, "value":"ENOTUNIQ", "encoding":"US-ASCII", "memsize":40, "flags":{"wb_protected":true, "old":true, "uncollectible":true, "marked":true}}
{"address":"0x7fb1f809ce80", "type":"IMEMO", "class":"0x7fb1f80c6de8", "imemo_type":"ment", "references":["0x7fb1f80c4660", "0x7fb1f809e7a8"], "memsize":48, "flags":{"wb_protected":true, "old":true, "uncollectible":true, "marked":true}}
{"address":"0x7fb1f809cea8", "type":"STRING", "class":"0x7fb1f80b7578", "frozen":true, "embedded":true, "bytesize":13, "value":"Errno::ENOTTY", "encoding":"US-ASCII", "memsize":40, "flags":{"wb_protected":true, "old":true, "uncollectible":true, "marked":true}}
{"address":"0x7fb1f809ced0", "type":"CLASS", "class":"0x7fb1f80bf700", "name":"Class", "references":["0x7fb1f80ae0b8", "0x7fb1f809cef8"], "memsize":464, "flags":{"wb_protected":true, "old":true, "uncollectible":true, "marked":true}}
{"address":"0x7fb1f809cef8", "type":"CLASS", "class":"0x7fb1f809ced0", "name":"Errno::ENOTTY", "references":["0x7fb1f80ae0e0", "0x7fb1f809cea8"], "memsize":552, "flags":{"wb_protected":true, "old":true, "uncollectible":true, "marked":true}}
{"address":"0x7fb1f809cf20", "type":"STRING", "class":"0x7fb1f80b7578", "frozen":true, "embedded":true, "fstring":true, "bytesize":6, "value":"ENOTTY", "encoding":"US-ASCII", "memsize":40, "flags":{"wb_protected":true, "old":true, "uncollectible":true, "marked":true}}
{"address":"0x7fb1f809cf48", "type":"IMEMO", "class":"0x7fb1f80c6de8", "imemo_type":"ment", "references":["0x7fb1f80c47c8", "0x7fb1f809e7a8"], "memsize":48, "flags":{"wb_protected":true, "old":true, "uncollectible":true, "marked":true}}
{"address":"0x7fb1f809cf70", "type":"STRING", "class":"0x7fb1f80b7578", "frozen":true, "embedded":true, "bytesize":14, "value":"Errno::ENOTSUP", "encoding":"US-ASCII", "memsize":40, "flags":{"wb_protected":true, "old":true, "uncollectible":true, "marked":true}}
{"address":"0x7fb1f809cf98", "type":"CLASS", "class":"0x7fb1f80bf700", "name":"Class", "references":["0x7fb1f80ae0b8", "0x7fb1f809cfc0"], "memsize":464, "flags":{"wb_protected":true, "old":true, "uncollectible":true, "marked":true}}
{"address":"0x7fb1f809cfc0", "type":"CLASS", "class":"0x7fb1f809cf98", "name":"Errno::ENOTSUP", "references":["0x7fb1f80ae0e0", "0x7fb1f809cf70"], "memsize":552, "flags":{"wb_protected":true, "old":true, "uncollectible":true, "marked":true}}
{"address":"0x7fb1f809cfe8", "type":"STRING", "class":"0x7fb1f80b7578", "frozen":true, "embedded":true, "fstring":true, "bytesize":7, "value":"ENOTSUP", "encoding":"US-ASCII", "memsize":40, "flags":{"wb_protected":true, "old":true, "uncollectible":true, "marked":true}}
{"address":"0x7fb1f809d010", "type":"IMEMO", "class":"0x7fb1f80c6de8", "imemo_type":"ment", "references":["0x7fb1f80c4840", "0x7fb1f809e7a8"], "memsize":48, "flags":{"wb_protected":true, "old":true, "uncollectible":true, "marked":true}}
{"address":"0x7fb1f809d038", "type":"STRING", "class":"0x7fb1f80b7578", "frozen":true, "embedded":true, "bytesize":15, "value":"Errno::ENOTSOCK", "encoding":"US-ASCII", "memsize":40, "flags":{"wb_protected":true, "old":true, "uncollectible":true, "marked":true}}
{"address":"0x7fb1f809d060", "type":"CLASS", "class":"0x7fb1f80bf700", "name":"Class", "references":["0x7fb1f80ae0b8", "0x7fb1f809d088"], "memsize":464, "flags":{"wb_protected":true, "old":true, "uncollectible":true, "marked":true}}
{"address":"0x7fb1f809d088", "type":"CLASS", "class":"0x7fb1f809d060", "name":"Errno::ENOTSOCK", "references":["0x7fb1f80ae0e0", "0x7fb1f809d038"], "memsize":552, "flags":{"wb_protected":true, "old":true, "uncollectible":true, "marked":true}}
{"address":"0x7fb1f809d0b0", "type":"STRING", "class":"0x7fb1f80b7578", "frozen":true, "embedded":true, "fstring":true, "bytesize":8, "value":"ENOTSOCK", "encoding":"US-ASCII", "memsize":40, "flags":{"wb_protected":true, "old":true, "uncollectible":true, "marked":true}}
{"address":"0x7fb1f809d0d8", "type":"IMEMO", "class":"0x7fb1f80c6de8", "imemo_type":"ment", "references":["0x7fb1f80c48b8", "0x7fb1f809e7a8"], "memsize":48, "flags":{"wb_protected":true, "old":true, "uncollectible":true, "marked":true}}
{"address":"0x7fb1f809d100", "type":"STRING", "class":"0x7fb1f80b7578", "frozen":true, "embedded":true, "bytesize":22, "value":"Errno::ENOTRECOVERABLE", "encoding":"US-ASCII", "memsize":40, "flags":{"wb_protected":true, "old":true, "uncollectible":true, "marked":true}}
{"address":"0x7fb1f809d128", "type":"CLASS", "class":"0x7fb1f80bf700", "name":"Class", "references":["0x7fb1f80ae0b8", "0x7fb1f809d150"], "memsize":464, "flags":{"wb_protected":true, "old":true, "uncollectible":true, "marked":true}}
{"address":"0x7fb1f809d150", "type":"CLASS", "class":"0x7fb1f809d128", "name":"Errno::ENOTRECOVERABLE", "references":["0x7fb1f80ae0e0", "0x7fb1f809d100"], "memsize":552, "flags":{"wb_protected":true, "old":true, "uncollectible":true, "marked":true}}
{"address":"0x7fb1f809d178", "type":"STRING", "class":"0x7fb1f80b7578", "frozen":true, "embedded":true, "fstring":true, "bytesize":15, "value":"ENOTRECOVERABLE", "encoding":"US-ASCII", "memsize":40, "flags":{"wb_protected":true, "old":true, "uncollectible":true, "marked":true}}
{"address":"0x7fb1f809d1a0", "type":"IMEMO", "class":"0x7fb1f80c6de8", "imemo_type":"ment", "references":["0x7fb1f80c4930", "0x7fb1f809e7a8"], "memsize":48, "flags":{"wb_protected":true, "old":true, "uncollectible":true, "marked":true}}
{"address":"0x7fb1f809d1c8", "type":"STRING", "class":"0x7fb1f80b7578", "frozen":true, "embedded":true, "fstring":true, "bytesize":7, "value":"ENOTNAM", "encoding":"US-ASCII", "memsize":40, "flags":{"wb_protected":true, "old":true, "uncollectible":true, "marked":true}}
{"address":"0x7fb1f809d1f0", "type":"IMEMO", "class":"0x7fb1f80c6de8", "imemo_type":"ment", "references":["0x7fb1f80c4a20", "0x7fb1f809e7a8"], "memsize":48, "flags":{"wb_protected":true, "old":true, "uncollectible":true, "marked":true}}
{"address":"0x7fb1f809d218", "type":"STRING", "class":"0x7fb1f80b7578", "frozen":true, "embedded":true, "bytesize":16, "value":"Errno::ENOTEMPTY", "encoding":"US-ASCII", "memsize":40, "flags":{"wb_protected":true, "old":true, "uncollectible":true, "marked":true}}
{"address":"0x7fb1f809d240", "type":"CLASS", "class":"0x7fb1f80bf700", "name":"Class", "references":["0x7fb1f80ae0b8", "0x7fb1f809d268"], "memsize":464, "flags":{"wb_protected":true, "old":true, "uncollectible":true, "marked":true}}
{"address":"0x7fb1f809d268", "type":"CLASS", "class":"0x7fb1f809d240", "name":"Errno::ENOTEMPTY", "references":["0x7fb1f80ae0e0", "0x7fb1f809d218"], "memsize":552, "flags":{"wb_protected":true, "old":true, "uncollectible":true, "marked":true}}
{"address":"0x7fb1f809d290", "type":"STRING", "class":"0x7fb1f80b7578", "frozen":true, "embedded":true, "fstring":true, "bytesize":9, "value":"ENOTEMPTY", "encoding":"US-ASCII", "memsize":40, "flags":{"wb_protected":true, "old":true, "uncollectible":true, "marked":true}}
{"address":"0x7fb1f809d2b8", "type":"IMEMO", "class":"0x7fb1f80c6de8", "imemo_type":"ment", "references":["0x7fb1f80c4ed0", "0x7fb1f809e7a8"], "memsize":48, "flags":{"wb_protected":true, "old":true, "uncollectible":true, "marked":true}}
{"address":"0x7fb1f809d2e0", "type":"STRING", "class":"0x7fb1f80b7578", "frozen":true, "embedded":true, "bytesize":14, "value":"Errno::ENOTDIR", "encoding":"US-ASCII", "memsize":40, "flags":{"wb_protected":true, "old":true, "uncollectible":true, "marked":true}}
{"address":"0x7fb1f809d308", "type":"CLASS", "class":"0x7fb1f80bf700", "name":"Class", "references":["0x7fb1f80ae0b8", "0x7fb1f809d330"], "memsize":464, "flags":{"wb_protected":true, "old":true, "uncollectible":true, "marked":true}}
{"address":"0x7fb1f809d330", "type":"CLASS", "class":"0x7fb1f809d308", "name":"Errno::ENOTDIR", "references":["0x7fb1f80ae0e0", "0x7fb1f809d2e0"], "memsize":552, "flags":{"wb_protected":true, "old":true, "uncollectible":true, "marked":true}}
{"address":"0x7fb1f809d358", "type":"STRING", "class":"0x7fb1f80b7578", "frozen":true, "embedded":true, "fstring":true, "bytesize":7, "value":"ENOTDIR", "encoding":"US-ASCII", "memsize":40, "flags":{"wb_protected":true, "old":true, "uncollectible":true, "marked":true}}
{"address":"0x7fb1f809d380", "type":"IMEMO", "class":"0x7fb1f80c6de8", "imemo_type":"ment", "references":["0x7fb1f80c5128", "0x7fb1f809e7a8"], "memsize":48, "flags":{"wb_protected":true, "old":true, "uncollectible":true, "marked":true}}
{"address":"0x7fb1f809d3a8", "type":"STRING", "class":"0x7fb1f80b7578", "frozen":true, "embedded":true, "bytesize":15, "value":"Errno::ENOTCONN", "encoding":"US-ASCII", "memsize":40, "flags":{"wb_protected":true, "old":true, "uncollectible":true, "marked":true}}
{"address":"0x7fb1f809d3d0", "type":"CLASS", "class":"0x7fb1f80bf700", "name":"Class", "references":["0x7fb1f80ae0b8", "0x7fb1f809d3f8"], "memsize":464, "flags":{"wb_protected":true, "old":true, "uncollectible":true, "marked":true}}
{"address":"0x7fb1f809d3f8", "type":"CLASS", "class":"0x7fb1f809d3d0", "name":"Errno::ENOTCONN", "references":["0x7fb1f80ae0e0", "0x7fb1f809d3a8"], "memsize":552, "flags":{"wb_protected":true, "old":true, "uncollectible":true, "marked":true}}
{"address":"0x7fb1f809d420", "type":"STRING", "class":"0x7fb1f80b7578", "frozen":true, "embedded":true, "fstring":true, "bytesize":8, "value":"ENOTCONN", "encoding":"US-ASCII", "memsize":40, "flags":{"wb_protected":true, "old":true, "uncollectible":true, "marked":true}}
{"address":"0x7fb1f809d448", "type":"IMEMO", "class":"0x7fb1f80c6de8", "imemo_type":"ment", "references":["0x7fb1f80c5218", "0x7fb1f809e7a8"], "memsize":48, "flags":{"wb_protected":true, "old":true, "uncollectible":true, "marked":true}}
{"address":"0x7fb1f809d470", "type":"STRING", "class":"0x7fb1f80b7578", "frozen":true, "embedded":true, "fstring":true, "bytesize":11, "value":"ENOTCAPABLE", "encoding":"US-ASCII", "memsize":40, "flags":{"wb_protected":true, "old":true, "uncollectible":true, "marked":true}}
{"address":"0x7fb1f809d498", "type":"IMEMO", "class":"0x7fb1f80c6de8", "imemo_type":"ment", "references":["0x7fb1f80c5588", "0x7fb1f809e7a8"], "memsize":48, "flags":{"wb_protected":true, "old":true, "uncollectible":true, "marked":true}}
{"address":"0x7fb1f809d4c0", "type":"STRING", "class":"0x7fb1f80b7578", "frozen":true, "embedded":true, "bytesize":14, "value":"Errno::ENOTBLK", "encoding":"US-ASCII", "memsize":40, "flags":{"wb_protected":true, "old":true, "uncollectible":true, "marked":true}}
{"address":"0x7fb1f809d4e8", "type":"CLASS", "class":"0x7fb1f80bf700", "name":"Class", "references":["0x7fb1f80ae0b8", "0x7fb1f809d510"], "memsize":464, "flags":{"wb_protected":true, "old":true, "uncollectible":true, "marked":true}}
{"address":"0x7fb1f809d510", "type":"CLASS", "class":"0x7fb1f809d4e8", "name":"Errno::ENOTBLK", "references":["0x7fb1f80ae0e0", "0x7fb1f809d4c0"], "memsize":552, "flags":{"wb_protected":true, "old":true, "uncollectible":true, "marked":true}}
{"address":"0x7fb1f809d538", "type":"STRING", "class":"0x7fb1f80b7578", "frozen":true, "embedded":true, "fstring":true, "bytesize":7, "value":"ENOTBLK", "encoding":"US-ASCII", "memsize":40, "flags":{"wb_protected":true, "old":true, "uncollectible":true, "marked":true}}
{"address":"0x7fb1f809d560", "type":"IMEMO", "class":"0x7fb1f80c6de8", "imemo_type":"ment", "references":["0x7fb1f80c5998", "0x7fb1f809e7a8"], "memsize":48, "flags":{"wb_protected":true, "old":true, "uncollectible":true, "marked":true}}
{"address":"0x7fb1f809d588", "type":"STRING", "class":"0x7fb1f80b7578", "frozen":true, "embedded":true, "bytesize":13, "value":"Errno::ENOSYS", "encoding":"US-ASCII", "memsize":40, "flags":{"wb_protected":true, "old":true, "uncollectible":true, "marked":true}}
{"address":"0x7fb1f809d5b0", "type":"CLASS", "class":"0x7fb1f80bf700", "name":"Class", "references":["0x7fb1f80ae0b8", "0x7fb1f809d5d8"], "memsize":464, "flags":{"wb_protected":true, "old":true, "uncollectible":true, "marked":true}}
{"address":"0x7fb1f809d5d8", "type":"CLASS", "class":"0x7fb1f809d5b0", "name":"Errno::ENOSYS", "references":["0x7fb1f80ae0e0", "0x7fb1f809d588"], "memsize":552, "flags":{"wb_protected":true, "old":true, "uncollectible":true, "marked":true}}
{"address":"0x7fb1f809d600", "type":"STRING", "class":"0x7fb1f80b7578", "frozen":true, "embedded":true, "fstring":true, "bytesize":6, "value":"ENOSYS", "encoding":"US-ASCII", "memsize":40, "flags":{"wb_protected":true, "old":true, "uncollectible":true, "marked":true}}
{"address":"0x7fb1f809d628", "type":"IMEMO", "class":"0x7fb1f80c6de8", "imemo_type":"ment", "references":["0x7fb1f80c5a38", "0x7fb1f809e7a8"], "memsize":48, "flags":{"wb_protected":true, "old":true, "uncollectible":true, "marked":true}}
{"address":"0x7fb1f809d650", "type":"STRING", "class":"0x7fb1f80b7578", "frozen":true, "embedded":true, "bytesize":13, "value":"Errno::ENOSTR", "encoding":"US-ASCII", "memsize":40, "flags":{"wb_protected":true, "old":true, "uncollectible":true, "marked":true}}
{"address":"0x7fb1f809d678", "type":"CLASS", "class":"0x7fb1f80bf700", "name":"Class", "references":["0x7fb1f80ae0b8", "0x7fb1f809d6a0"], "memsize":464, "flags":{"wb_protected":true, "old":true, "uncollectible":true, "marked":true}}
{"address":"0x7fb1f809d6a0", "type":"CLASS", "class":"0x7fb1f809d678", "name":"Errno::ENOSTR", "references":["0x7fb1f80ae0e0", "0x7fb1f809d650"], "memsize":552, "flags":{"wb_protected":true, "old":true, "uncollectible":true, "marked":true}}
{"address":"0x7fb1f809d6c8", "type":"STRING", "class":"0x7fb1f80b7578", "frozen":true, "embedded":true, "fstring":true, "bytesize":6, "value":"ENOSTR", "encoding":"US-ASCII", "memsize":40, "flags":{"wb_protected":true, "old":true, "uncollectible":true, "marked":true}}
{"address":"0x7fb1f809d6f0", "type":"IMEMO", "class":"0x7fb1f80c6de8", "imemo_type":"ment", "references":["0x7fb1f80c5f38", "0x7fb1f809e7a8"], "memsize":48, "flags":{"wb_protected":true, "old":true, "uncollectible":true, "marked":true}}
{"address":"0x7fb1f809d718", "type":"STRING", "class":"0x7fb1f80b7578", "frozen":true, "embedded":true, "bytesize":12, "value":"Errno::ENOSR", "encoding":"US-ASCII", "memsize":40, "flags":{"wb_protected":true, "old":true, "uncollectible":true, "marked":true}}
{"address":"0x7fb1f809d740", "type":"CLASS", "class":"0x7fb1f80bf700", "name":"Class", "references":["0x7fb1f80ae0b8", "0x7fb1f809d768"], "memsize":464, "flags":{"wb_protected":true, "old":true, "uncollectible":true, "marked":true}}
{"address":"0x7fb1f809d768", "type":"CLASS", "class":"0x7fb1f809d740", "name":"Errno::ENOSR", "references":["0x7fb1f80ae0e0", "0x7fb1f809d718"], "memsize":552, "flags":{"wb_protected":true, "old":true, "uncollectible":true, "marked":true}}
{"address":"0x7fb1f809d790", "type":"STRING", "class":"0x7fb1f80b7578", "frozen":true, "embedded":true, "fstring":true, "bytesize":5, "value":"ENOSR", "encoding":"US-ASCII", "memsize":40, "flags":{"wb_protected":true, "old":true, "uncollectible":true, "marked":true}}
{"address":"0x7fb1f809d7b8", "type":"IMEMO", "class":"0x7fb1f80c6de8", "imemo_type":"ment", "references":["0x7fb1f80c5f88", "0x7fb1f809e7a8"], "memsize":48, "flags":{"wb_protected":true, "old":true, "uncollectible":true, "marked":true}}
{"address":"0x7fb1f809d7e0", "type":"STRING", "class":"0x7fb1f80b7578", "frozen":true, "embedded":true, "bytesize":13, "value":"Errno::ENOSPC", "encoding":"US-ASCII", "memsize":40, "flags":{"wb_protected":true, "old":true, "uncollectible":true, "marked":true}}
{"address":"0x7fb1f809d808", "type":"CLASS", "class":"0x7fb1f80bf700", "name":"Class", "references":["0x7fb1f80ae0b8", "0x7fb1f809d830"], "memsize":464, "flags":{"wb_protected":true, "old":true, "uncollectible":true, "marked":true}}
{"address":"0x7fb1f809d830", "type":"CLASS", "class":"0x7fb1f809d808", "name":"Errno::ENOSPC", "references":["0x7fb1f80ae0e0", "0x7fb1f809d7e0"], "memsize":552, "flags":{"wb_protected":true, "old":true, "uncollectible":true, "marked":true}}
{"address":"0x7fb1f809d858", "type":"STRING", "class":"0x7fb1f80b7578", "frozen":true, "embedded":true, "fstring":true, "bytesize":6, "value":"ENOSPC", "encoding":"US-ASCII", "memsize":40, "flags":{"wb_protected":true, "old":true, "uncollectible":true, "marked":true}}
{"address":"0x7fb1f809d880", "type":"IMEMO", "class":"0x7fb1f80c6de8", "imemo_type":"ment", "references":["0x7fb1f80c61b8", "0x7fb1f809e7a8"], "memsize":48, "flags":{"wb_protected":true, "old":true, "uncollectible":true, "marked":true}}
{"address":"0x7fb1f809d8a8", "type":"STRING", "class":"0x7fb1f80b7578", "frozen":true, "embedded":true, "bytesize":18, "value":"Errno::ENOPROTOOPT", "encoding":"US-ASCII", "memsize":40, "flags":{"wb_protected":true, "old":true, "uncollectible":true, "marked":true}}
{"address":"0x7fb1f809d8d0", "type":"CLASS", "class":"0x7fb1f80bf700", "name":"Class", "references":["0x7fb1f80ae0b8", "0x7fb1f809d8f8"], "memsize":464, "flags":{"wb_protected":true, "old":true, "uncollectible":true, "marked":true}}
{"address":"0x7fb1f809d8f8", "type":"CLASS", "class":"0x7fb1f809d8d0", "name":"Errno::ENOPROTOOPT", "references":["0x7fb1f80ae0e0", "0x7fb1f809d8a8"], "memsize":552, "flags":{"wb_protected":true, "old":true, "uncollectible":true, "marked":true}}
{"address":"0x7fb1f809d920", "type":"STRING", "class":"0x7fb1f80b7578", "frozen":true, "embedded":true, "fstring":true, "bytesize":11, "value":"ENOPROTOOPT", "encoding":"US-ASCII", "memsize":40, "flags":{"wb_protected":true, "old":true, "uncollectible":true, "marked":true}}
{"address":"0x7fb1f809d948", "type":"ARRAY", "class":"0x7fb1f8097228", "length":1, "embedded":true, "references":["0x7fb1f8095478"], "memsize":40, "flags":{"wb_protected":true, "old":true, "uncollectible":true, "marked":true}}
{"address":"0x7fb1f809d970", "type":"STRING", "class":"0x7fb1f80b7578", "frozen":true, "embedded":true, "bytesize":16, "value":"Errno::ENOPOLICY", "encoding":"US-ASCII", "memsize":40, "flags":{"wb_protected":true, "old":true, "uncollectible":true, "marked":true}}
{"address":"0x7fb1f809d998", "type":"CLASS", "class":"0x7fb1f80bf700", "name":"Class", "references":["0x7fb1f80ae0b8", "0x7fb1f809d9c0"], "memsize":464, "flags":{"wb_protected":true, "old":true, "uncollectible":true, "marked":true}}
{"address":"0x7fb1f809d9c0", "type":"CLASS", "class":"0x7fb1f809d998", "name":"Errno::ENOPOLICY", "references":["0x7fb1f80ae0e0", "0x7fb1f809d970"], "memsize":552, "flags":{"wb_protected":true, "old":true, "uncollectible":true, "marked":true}}
{"address":"0x7fb1f809d9e8", "type":"STRING", "class":"0x7fb1f80b7578", "frozen":true, "embedded":true, "fstring":true, "bytesize":9, "value":"ENOPOLICY", "encoding":"US-ASCII", "memsize":40, "flags":{"wb_protected":true, "old":true, "uncollectible":true, "marked":true}}
{"address":"0x7fb1f809da10", "type":"STRING", "class":"0x7fb1f80b7578", "frozen":true, "embedded":true, "fstring":true, "bytesize":7, "value":"DESTDIR", "encoding":"US-ASCII", "memsize":40, "flags":{"wb_protected":true, "old":true, "uncollectible":true, "marked":true}}
{"address":"0x7fb1f809da38", "type":"STRING", "class":"0x7fb1f80b7578", "frozen":true, "embedded":true, "fstring":true, "bytesize":6, "value":"ENOPKG", "encoding":"US-ASCII", "memsize":40, "flags":{"wb_protected":true, "old":true, "uncollectible":true, "marked":true}}
{"address":"0x7fb1f809da60", "type":"ARRAY", "class":"0x7fb1f8097228", "length":0, "memsize":40, "flags":{"wb_protected":true, "old":true, "uncollectible":true, "marked":true}}
{"address":"0x7fb1f809da88", "type":"STRING", "class":"0x7fb1f80b7578", "frozen":true, "embedded":true, "fstring":true, "bytesize":6, "value":"ENONET", "encoding":"US-ASCII", "memsize":40, "flags":{"wb_protected":true, "old":true, "uncollectible":true, "marked":true}}
{"address":"0x7fb1f809dab0", "type":"ARRAY", "class":"0x7fb1f8097228", "length":0, "memsize":40, "flags":{"wb_protected":true, "old":true, "uncollectible":true, "marked":true}}
{"address":"0x7fb1f809dad8", "type":"STRING", "class":"0x7fb1f80b7578", "frozen":true, "embedded":true, "bytesize":13, "value":"Errno::ENOMSG", "encoding":"US-ASCII", "memsize":40, "flags":{"wb_protected":true, "old":true, "uncollectible":true, "marked":true}}
{"address":"0x7fb1f809db00", "type":"CLASS", "class":"0x7fb1f80bf700", "name":"Class", "references":["0x7fb1f80ae0b8", "0x7fb1f809db28"], "memsize":464, "flags":{"wb_protected":true, "old":true, "uncollectible":true, "marked":true}}
{"address":"0x7fb1f809db28", "type":"CLASS", "class":"0x7fb1f809db00", "name":"Errno::ENOMSG", "references":["0x7fb1f80ae0e0", "0x7fb1f809dad8"], "memsize":552, "flags":{"wb_protected":true, "old":true, "uncollectible":true, "marked":true}}
{"address":"0x7fb1f809db50", "type":"STRING", "class":"0x7fb1f80b7578", "frozen":true, "embedded":true, "fstring":true, "bytesize":6, "value":"ENOMSG", "encoding":"US-ASCII", "memsize":40, "flags":{"wb_protected":true, "old":true, "uncollectible":true, "marked":true}}
{"address":"0x7fb1f809dba0", "type":"STRING", "class":"0x7fb1f80b7578", "frozen":true, "embedded":true, "bytesize":13, "value":"Errno::ENOMEM", "encoding":"US-ASCII", "memsize":40, "flags":{"wb_protected":true, "old":true, "uncollectible":true, "marked":true}}
{"address":"0x7fb1f809dbc8", "type":"CLASS", "class":"0x7fb1f80bf700", "name":"Class", "references":["0x7fb1f80ae0b8", "0x7fb1f809dbf0"], "memsize":464, "flags":{"wb_protected":true, "old":true, "uncollectible":true, "marked":true}}
{"address":"0x7fb1f809dbf0", "type":"CLASS", "class":"0x7fb1f809dbc8", "name":"Errno::ENOMEM", "references":["0x7fb1f80ae0e0", "0x7fb1f809dba0"], "memsize":552, "flags":{"wb_protected":true, "old":true, "uncollectible":true, "marked":true}}
{"address":"0x7fb1f809dc18", "type":"STRING", "class":"0x7fb1f80b7578", "frozen":true, "embedded":true, "fstring":true, "bytesize":6, "value":"ENOMEM", "encoding":"US-ASCII", "memsize":40, "flags":{"wb_protected":true, "old":true, "uncollectible":true, "marked":true}}
{"address":"0x7fb1f809dc40", "type":"HASH", "class":"0x7fb1f8095130", "size":1074, "references":["0x7fb1f80e2b38", "0x7fb1f80e29d0", "0x7fb1f80e2c78", "0x7fb1f80e29d0", "0x7fb1f80e2ae8", "0x7fb1f80e29d0", "0x7fb1f80e0fb8", "0x7fb1f80e29d0", "0x7fb1f80def60", "0x7fb1f80ded58", "0x7fb1f80befa8", "0x7fb1f80ded58", "0x7fb1f80def38", "0x7fb1f80ded58", "0x7fb1f80defd8", "0x7fb1f80ded58", "0x7fb1f8087738", "0x7fb1f8086a18", "0x7fb1f806f750", "0x7fb1f8086a18", "0x7fb1f80875d0", "0x7fb1f8086a18", "0x7fb1f8087c60", "0x7fb1f8086a18", "0x7fb1f805f468", "0x7fb1f805eec8", "0x7fb1f805f6c0", "0x7fb1f805eec8", "0x7fb1f805f378", "0x7fb1f805eec8", "0x7fb1f8057628", "0x7fb1f805eec8", "0x7fb1f803e0b0", "0x7fb1f802dc38", "0x7fb1f803e240", "0x7fb1f802dc38", "0x7fb1f803e038", "0x7fb1f802dc38", "0x7fb1f803dfe8", "0x7fb1f802dc38", "0x7fb1f803df98", "0x7fb1f802dc38", "0x7fb1f803df48", "0x7fb1f802dc38", "0x7fb1f803def8", "0x7fb1f802dc38", "0x7fb1f803dea8", "0x7fb1f8131b70", "0x7fb1f803de58", "0x7fb1f802dc38", "0x7fb1f803de08", "0x7fb1f802dc38", "0x7fb1f803ddb8", "0x7fb1f802dc38", "0x7fb1f803dcf0", "0x7fb1f802dc38", "0x7fb1f803dca0", "0x7fb1f802dc38", "0x7fb1f803eab0", "0x7fb1f802dc38", "0x7fb1f803dc78", "0x7fb1f802dc38", "0x7fb1f801cf28", "0x7fb1f802dc38", "0x7fb1f803dc50", "0x7fb1f802dc38", "0x7fb1f801ceb0", "0x7fb1f802dc38", "0x7fb1f803dc00", "0x7fb1f802dc38", "0x7fb1f801ce10", "0x7fb1f802dc38", "0x7fb1f803dbd8", "0x7fb1f802dc38", "0x7fb1f801cd98", "0x7fb1f802dc38", "0x7fb1f803db60", "0x7fb1f802dc38", "0x7fb1f801ccf8", "0x7fb1f802dc38", "0x7fb1f803db10", "0x7fb1f802dc38", "0x7fb1f801cc58", "0x7fb1f802dc38", "0x7fb1f803da98", "0x7fb1f802dc38", "0x7fb1f801cb90", "0x7fb1f802dc38", "0x7fb1f803da48", "0x7fb1f802dc38", "0x7fb1f801caf0", "0x7fb1f802dc38", "0x7fb1f803d9d0", "0x7fb1f802dc38", "0x7fb1f801ca78", "0x7fb1f802dc38", "0x7fb1f803d980", "0x7fb1f802dc38", "0x7fb1f801ca00", "0x7fb1f802dc38", "0x7fb1f803d8b8", "0x7fb1f802dc38", "0x7fb1f801c910", "0x7fb1f802dc38", "0x7fb1f803d840", "0x7fb1f802dc38", "0x7fb1f801c820", "0x7fb1f802dc38", "0x7fb1f803d7c8", "0x7fb1f802dc38", "0x7fb1f801c780", "0x7fb1f802dc38", "0x7fb1f803d6b0", "0x7fb1f802dc38", "0x7fb1f801c708", "0x7fb1f802dc38", "0x7fb1f803d5c0", "0x7fb1f802dc38", "0x7fb1f801c640", "0x7fb1f802dc38", "0x7fb1f803d548", "0x7fb1f802dc38", "0x7fb1f801c5c8", "0x7fb1f802dc38", "0x7fb1f803d4d0", "0x7fb1f802dc38", "0x7fb1f801c528", "0x7fb1f802dc38", "0x7fb1f803d458", "0x7fb1f802dc38", "0x7fb1f801c4b0", "0x7fb1f802dc38", "0x7fb1f803d3e0", "0x7fb1f802dc38", "0x7fb1f801c460", "0x7fb1f802dc38", "0x7fb1f803d368", "0x7fb1f802dc38", "0x7fb1f801c3c0", "0x7fb1f802dc38", "0x7fb1f803d278", "0x7fb1f802dc38", "0x7fb1f801c2d0", "0x7fb1f802dc38", "0x7fb1f803d200", "0x7fb1f802dc38", "0x7fb1f801c230", "0x7fb1f802dc38", "0x7fb1f803d098", "0x7fb1f802dc38", "0x7fb1f801c1e0", "0x7fb1f802dc38", "0x7fb1f803cfa8", "0x7fb1f802dc38", "0x7fb1f801c190", "0x7fb1f802dc38", "0x7fb1f803ceb8", "0x7fb1f802dc38", "0x7fb1f801c118", "0x7fb1f802dc38", "0x7fb1f803cdc8", "0x7fb1f802dc38", "0x7fb1f801c0a0", "0x7fb1f802dc38", "0x7fb1f803ccd8", "0x7fb1f802dc38", "0x7fb1f8017f78", "0x7fb1f802dc38", "0x7fb1f803cb20", "0x7fb1f802dc38", "0x7fb1f8017e88", "0x7fb1f802dc38", "0x7fb1f803c8f0", "0x7fb1f802dc38", "0x7fb1f8017b40", "0x7fb1f802dc38", "0x7fb1f803c440", "0x7fb1f802dc38", "0x7fb1f8017960", "0x7fb1f802dc38", "0x7fb1f803c2b0", "0x7fb1f802dc38", "0x7fb1f80178e8", "0x7fb1f802dc38", "0x7fb1f8037990", "0x7fb1f802dc38", "0x7fb1f80177a8", "0x7fb1f802dc38", "0x7fb1f8037828", "0x7fb1f802dc38", "0x7fb1f8017730", "0x7fb1f802dc38", "0x7fb1f8037738", "0x7fb1f802dc38", "0x7fb1f8017618", "0x7fb1f802dc38", "0x7fb1f8037670", "0x7fb1f802dc38", "0x7fb1f8017550", "0x7fb1f802dc38", "0x7fb1f80374e0", "0x7fb1f802dc38", "0x7fb1f8017488", "0x7fb1f802dc38", "0x7fb1f8037418", "0x7fb1f802dc38", "0x7fb1f80173e8", "0x7fb1f802dc38", "0x7fb1f8037350", "0x7fb1f802dc38", "0x7fb1f8017348", "0x7fb1f802dc38", "0x7fb1f80370f8", "0x7fb1f802dc38", "0x7fb1f8017258", "0x7fb1f802dc38", "0x7fb1f8037030", "0x7fb1f802dc38", "0x7fb1f8017208", "0x7fb1f802dc38", "0x7fb1f8036d10", "0x7fb1f802dc38", "0x7fb1f8017190", "0x7fb1f802dc38", "0x7fb1f8036c20", "0x7fb1f802dc38", "0x7fb1f8017028", "0x7fb1f802dc38", "0x7fb1f8036b58", "0x7fb1f802dc38", "0x7fb1f8016f38", "0x7fb1f802dc38", "0x7fb1f8036888", "0x7fb1f802dc38", "0x7fb1f8016ec0", "0x7fb1f802dc38", "0x7fb1f80367c0", "0x7fb1f802dc38", "0x7fb1f8016e48", "0x7fb1f802dc38", "0x7fb1f80366a8", "0x7fb1f802dc38", "0x7fb1f8016d58", "0x7fb1f802dc38", "0x7fb1f80364c8", "0x7fb1f802dc38", "0x7fb1f8016c68", "0x7fb1f802dc38", "0x7fb1f80363d8", "0x7fb1f802dc38", "0x7fb1f8016b28", "0x7fb1f802dc38", "0x7fb1f8035f28", "0x7fb1f802dc38", "0x7fb1f8016ab0", "0x7fb1f802dc38", "0x7fb1f8035dc0", "0x7fb1f802dc38", "0x7fb1f8016a10", "0x7fb1f802dc38", "0x7fb1f8035cf8", "0x7fb1f802dc38", "0x7fb1f80168f8", "0x7fb1f802dc38", "0x7fb1f8035c58", "0x7fb1f802dc38", "0x7fb1f8016880", "0x7fb1f802dc38", "0x7fb1f8035b68", "0x7fb1f802dc38", "0x7fb1f8016808", "0x7fb1f802dc38", "0x7fb1f8035aa0", "0x7fb1f802dc38", "0x7fb1f8016790", "0x7fb1f802dc38", "0x7fb1f8035898", "0x7fb1f802dc38", "0x7fb1f80166f0", "0x7fb1f802dc38", "0x7fb1f8035618", "0x7fb1f802dc38", "0x7fb1f8016538", "0x7fb1f802dc38", "0x7fb1f80354d8", "0x7fb1f802dc38", "0x7fb1f8016470", "0x7fb1f802dc38", "0x7fb1f8035438", "0x7fb1f802dc38", "0x7fb1f8016330", "0x7fb1f802dc38", "0x7fb1f8035348", "0x7fb1f802dc38", "0x7fb1f80162b8", "0x7fb1f802dc38", "0x7fb1f8034d08", "0x7fb1f802dc38", "0x7fb1f80161c8", "0x7fb1f802dc38", "0x7fb1f8034ad8", "0x7fb1f802dc38", "0x7fb1f8016150", "0x7fb1f802dc38", "0x7fb1f8034100", "0x7fb1f802dc38", "0x7fb1f8016088", "0x7fb1f802dc38", "0x7fb1f802ffb0", "0x7fb1f802dc38", "0x7fb1f8015fc0", "0x7fb1f802dc38", "0x7fb1f802ff38", "0x7fb1f802dc38", "0x7fb1f8015f48", "0x7fb1f802dc38", "0x7fb1f802fee8", "0x7fb1f802dc38", "0x7fb1f8015ef8", "0x7fb1f802dc38", "0x7fb1f802fec0", "0x7fb1f802dc38", "0x7fb1f8015de0", "0x7fb1f802dc38", "0x7fb1f802fe20", "0x7fb1f802dc38", "0x7fb1f8015d68", "0x7fb1f802dc38", "0x7fb1f802fdd0", "0x7fb1f802dc38", "0x7fb1f8015cf0", "0x7fb1f802dc38", "0x7fb1f802fda8", "0x7fb1f802dc38", "0x7fb1f8015c00", "0x7fb1f802dc38", "0x7fb1f802fd30", "0x7fb1f802dc38", "0x7fb1f8015b60", "0x7fb1f802dc38", "0x7fb1f802fd08", "0x7fb1f802dc38", "0x7fb1f8015a98", "0x7fb1f802dc38", "0x7fb1f802fc68", "0x7fb1f802dc38", "0x7fb1f80159f8", "0x7fb1f802dc38", "0x7fb1f802fb78", "0x7fb1f802dc38", "0x7fb1f8015930", "0x7fb1f802dc38", "0x7fb1f802fab0", "0x7fb1f802dc38", "0x7fb1f8015818", "0x7fb1f802dc38", "0x7fb1f802f948", "0x7fb1f802dc38", "0x7fb1f8015688", "0x7fb1f802dc38", "0x7fb1f802f8f8", "0x7fb1f802dc38", "0x7fb1f8015610", "0x7fb1f802dc38", "0x7fb1f802f628", "0x7fb1f802dc38", "0x7fb1f80155c0", "0x7fb1f802dc38", "0x7fb1f802f588", "0x7fb1f802dc38", "0x7fb1f8015390", "0x7fb1f802dc38", "0x7fb1f802f538", "0x7fb1f802dc38", "0x7fb1f80152c8", "0x7fb1f802dc38", "0x7fb1f802f240", "0x7fb1f802dc38", "0x7fb1f8015278", "0x7fb1f802dc38", "0x7fb1f802f1c8", "0x7fb1f802dc38", "0x7fb1f8015138", "0x7fb1f802dc38", "0x7fb1f802eea8", "0x7fb1f802dc38", "0x7fb1f80150c0", "0x7fb1f802dc38", "0x7fb1f802ede0", "0x7fb1f802dc38", "0x7fb1f8015048", "0x7fb1f802dc38", "0x7fb1f802ed90", "0x7fb1f802dc38", "0x7fb1f8014f30", "0x7fb1f802dc38", "0x7fb1f802ecf0", "0x7fb1f802dc38", "0x7fb1f8014eb8", "0x7fb1f802dc38", "0x7fb1f802ebb0", "0x7fb1f802dc38", "0x7fb1f8014dc8", "0x7fb1f802dc38", "0x7fb1f802eae8", "0x7fb1f802dc38", "0x7fb1f8014cb0", "0x7fb1f802dc38", "0x7fb1f802ea20", "0x7fb1f802dc38", "0x7fb1f8014b48", "0x7fb1f802dc38", "0x7fb1f802e930", "0x7fb1f802dc38", "0x7fb1f8014a08", "0x7fb1f802dc38", "0x7fb1f802e5e8", "0x7fb1f802dc38", "0x7fb1f8014990", "0x7fb1f802dc38", "0x7fb1f802e570", "0x7fb1f802dc38", "0x7fb1f80148c8", "0x7fb1f802dc38", "0x7fb1f802e458", "0x7fb1f802dc38", "0x7fb1f8014788", "0x7fb1f802dc38", "0x7fb1f802e430", "0x7fb1f802dc38", "0x7fb1f80146e8", "0x7fb1f802dc38", "0x7fb1f802e408", "0x7fb1f802dc38", "0x7fb1f8014530", "0x7fb1f802dc38", "0x7fb1f802e3e0", "0x7fb1f802dc38", "0x7fb1f8014288", "0x7fb1f802dc38", "0x7fb1f802e368", "0x7fb1f802dc38", "0x7fb1f8014210", "0x7fb1f802dc38", "0x7fb1f802e340", "0x7fb1f802dc38", "0x7fb1f8014170", "0x7fb1f802dc38", "0x7fb1f802e318", "0x7fb1f802dc38", "0x7fb1f800fee0", "0x7fb1f802dc38", "0x7fb1f802e2f0", "0x7fb1f802dc38", "0x7fb1f800fe68", "0x7fb1f802dc38", "0x7fb1f802e2c8", "0x7fb1f802dc38", "0x7fb1f800fda0", "0x7fb1f802dc38", "0x7fb1f802e2a0", "0x7fb1f802dc38", "0x7fb1f800fcb0", "0x7fb1f802dc38", "0x7fb1f802e250", "0x7fb1f802dc38", "0x7fb1f800fbe8", "0x7fb1f802dc38", "0x7fb1f802e200", "0x7fb1f802dc38", "0x7fb1f800fb20", "0x7fb1f802dc38", "0x7fb1f802e160", "0x7fb1f802dc38", "0x7fb1f800faa8", "0x7fb1f802dc38", "0x7fb1f802e070", "0x7fb1f802dc38", "0x7fb1f800fa08", "0x7fb1f802dc38", "0x7fb1f802e020", "0x7fb1f802dc38", "0x7fb1f800f968", "0x7fb1f802dc38", "0x7fb1f802dff8", "0x7fb1f802dc38", "0x7fb1f800f8a0", "0x7fb1f802dc38", "0x7fb1f802dfa8", "0x7fb1f802dc38", "0x7fb1f800f828", "0x7fb1f802dc38", "0x7fb1f802df80", "0x7fb1f802dc38", "0x7fb1f800f738", "0x7fb1f802dc38", "0x7fb1f802df58", "0x7fb1f802dc38", "0x7fb1f800f698", "0x7fb1f802dc38", "0x7fb1f800cf10", "0x7fb1f800cb50", "0x7fb1f800d000", "0x7fb1f81513f8", "0x7fb1f8121040", "0x7fb1f81207a8", "0x7fb1f8118b48", "0x7fb1f81207a8", "0x7fb1f8121018", "0x7fb1f81207a8", "0x7fb1f81188f0", "0x7fb1f81207a8", "0x7fb1f8120ff0", "0x7fb1f81207a8", "0x7fb1f8118468", "0x7fb1f81207a8", "0x7fb1f8120fc8", "0x7fb1f81207a8", "0x7fb1f81183f0", "0x7fb1f81207a8", "0x7fb1f8120fa0", "0x7fb1f81207a8", "0x7fb1f8118350", "0x7fb1f81207a8", "0x7fb1f8120f78", "0x7fb1f81207a8", "0x7fb1f8118198", "0x7fb1f81207a8", "0x7fb1f8120f50", "0x7fb1f81207a8", "0x7fb1f81180d0", "0x7fb1f81207a8", "0x7fb1f8120f28", "0x7fb1f81207a8", "0x7fb1f8118058", "0x7fb1f81207a8", "0x7fb1f8120f00", "0x7fb1f81207a8", "0x7fb1f8118d78", "0x7fb1f81207a8", "0x7fb1f8120ed8", "0x7fb1f81207a8", "0x7fb1f811a5b0", "0x7fb1f81207a8", "0x7fb1f8120eb0", "0x7fb1f81207a8", "0x7fb1f812bf40", "0x7fb1f81207a8", "0x7fb1f8120e88", "0x7fb1f81207a8", "0x7fb1f812bef0", "0x7fb1f81207a8", "0x7fb1f8120e60", "0x7fb1f81207a8", "0x7fb1f812be78", "0x7fb1f81207a8", "0x7fb1f8120e38", "0x7fb1f81207a8", "0x7fb1f812be00", "0x7fb1f81207a8", "0x7fb1f8120e10", "0x7fb1f81207a8", "0x7fb1f812bd88", "0x7fb1f81207a8", "0x7fb1f8120de8", "0x7fb1f81207a8", "0x7fb1f812bd38", "0x7fb1f81207a8", "0x7fb1f8120dc0", "0x7fb1f81207a8", "0x7fb1f812bce8", "0x7fb1f81207a8", "0x7fb1f8120d98", "0x7fb1f81207a8", "0x7fb1f812bc98", "0x7fb1f81207a8", "0x7fb1f8120d70", "0x7fb1f81207a8", "0x7fb1f812bc20", "0x7fb1f81207a8", "0x7fb1f8120d48", "0x7fb1f81207a8", "0x7fb1f812bba8", "0x7fb1f81207a8", "0x7fb1f8120d20", "0x7fb1f81207a8", "0x7fb1f812bb30", "0x7fb1f81207a8", "0x7fb1f8120cf8", "0x7fb1f81207a8", "0x7fb1f812bab8", "0x7fb1f81207a8", "0x7fb1f8120cd0", "0x7fb1f81207a8", "0x7fb1f812ba40", "0x7fb1f81207a8", "0x7fb1f8120ca8", "0x7fb1f81207a8", "0x7fb1f812b9c8", "0x7fb1f81207a8", "0x7fb1f8120c80", "0x7fb1f81207a8", "0x7fb1f812b950", "0x7fb1f81207a8", "0x7fb1f8120c58", "0x7fb1f81207a8", "0x7fb1f812b8d8", "0x7fb1f81207a8", "0x7fb1f8120c30", "0x7fb1f81207a8", "0x7fb1f812b888", "0x7fb1f81207a8", "0x7fb1f8120c08", "0x7fb1f81207a8", "0x7fb1f812b838", "0x7fb1f81207a8", "0x7fb1f8120be0", "0x7fb1f81207a8", "0x7fb1f812b7e8", "0x7fb1f81207a8", "0x7fb1f8120bb8", "0x7fb1f81207a8", "0x7fb1f812b798", "0x7fb1f81207a8", "0x7fb1f8120b90", "0x7fb1f81207a8", "0x7fb1f812b748", "0x7fb1f81207a8", "0x7fb1f8120b68", "0x7fb1f81207a8", "0x7fb1f812b6f8", "0x7fb1f81207a8", "0x7fb1f8120b40", "0x7fb1f81207a8", "0x7fb1f812b6a8", "0x7fb1f81207a8", "0x7fb1f8120b18", "0x7fb1f81207a8", "0x7fb1f812b658", "0x7fb1f81207a8", "0x7fb1f8120af0", "0x7fb1f81207a8", "0x7fb1f812b5e0", "0x7fb1f81207a8", "0x7fb1f8120ac8", "0x7fb1f81207a8", "0x7fb1f812b568", "0x7fb1f81207a8", "0x7fb1f8120aa0", "0x7fb1f81207a8", "0x7fb1f812b4f0", "0x7fb1f81207a8", "0x7fb1f8120a78", "0x7fb1f81207a8", "0x7fb1f812b478", "0x7fb1f81207a8", "0x7fb1f8120a50", "0x7fb1f81207a8", "0x7fb1f812b400", "0x7fb1f81207a8", "0x7fb1f8120a28", "0x7fb1f81207a8", "0x7fb1f812b388", "0x7fb1f81207a8", "0x7fb1f8120a00", "0x7fb1f81207a8", "0x7fb1f812b310", "0x7fb1f81207a8", "0x7fb1f81209d8", "0x7fb1f81207a8", "0x7fb1f812b2c0", "0x7fb1f81207a8", "0x7fb1f81209b0", "0x7fb1f81207a8", "0x7fb1f812b270", "0x7fb1f81207a8", "0x7fb1f8120988", "0x7fb1f81207a8", "0x7fb1f812b220", "0x7fb1f81207a8", "0x7fb1f8120960", "0x7fb1f81207a8", "0x7fb1f812b1d0", "0x7fb1f81207a8", "0x7fb1f8120938", "0x7fb1f81207a8", "0x7fb1f812b158", "0x7fb1f81207a8", "0x7fb1f8120910", "0x7fb1f81207a8", "0x7fb1f812b0e0", "0x7fb1f81207a8", "0x7fb1f81208e8", "0x7fb1f81207a8", "0x7fb1f812b068", "0x7fb1f81207a8", "0x7fb1f81208c0", "0x7fb1f81207a8", "0x7fb1f812aff0", "0x7fb1f81207a8", "0x7fb1f81291a0", "0x7fb1f8122e40", "0x7fb1f81291c8", "0x7fb1f8128a20", "0x7fb1f8113328", "0x7fb1f8128a20", "0x7fb1f8129178", "0x7fb1f8128a20", "0x7fb1f80b7e38", "0x7fb1f8128a20", "0x7fb1f8129150", "0x7fb1f8128a20", "0x7fb1f8129128", "0x7fb1f8128a20", "0x7fb1f8112ab8", "0x7fb1f8128a20", "0x7fb1f8129100", "0x7fb1f8128a20", "0x7fb1f8112720", "0x7fb1f8128a20", "0x7fb1f81290d8", "0x7fb1f8128a20", "0x7fb1f8112680", "0x7fb1f8128a20", "0x7fb1f81290b0", "0x7fb1f8128a20", "0x7fb1f81125e0", "0x7fb1f8128a20", "0x7fb1f8129088", "0x7fb1f8128a20", "0x7fb1f8112428", "0x7fb1f8128a20", "0x7fb1f8129060", "0x7fb1f8128a20", "0x7fb1f81123b0", "0x7fb1f8128a20", "0x7fb1f8129038", "0x7fb1f8128a20", "0x7fb1f81122e8", "0x7fb1f8128a20", "0x7fb1f8129010", "0x7fb1f8128a20", "0x7fb1f8112220", "0x7fb1f8128a20", "0x7fb1f8128fe8", "0x7fb1f8128a20", "0x7fb1f8112158", "0x7fb1f8128a20", "0x7fb1f8128fc0", "0x7fb1f8128a20", "0x7fb1f81120b8", "0x7fb1f8128a20", "0x7fb1f8128f98", "0x7fb1f8128a20", "0x7fb1f8112018", "0x7fb1f8128a20", "0x7fb1f8128f70", "0x7fb1f8128a20", "0x7fb1f8111f28", "0x7fb1f8128a20", "0x7fb1f8128f48", "0x7fb1f8128a20", "0x7fb1f8111e60", "0x7fb1f8128a20", "0x7fb1f8128f20", "0x7fb1f8128a20", "0x7fb1f8111d98", "0x7fb1f8128a20", "0x7fb1f8128ef8", "0x7fb1f8128a20", "0x7fb1f8111cd0", "0x7fb1f8128a20", "0x7fb1f8128ed0", "0x7fb1f8128a20", "0x7fb1f8111c08", "0x7fb1f8128a20", "0x7fb1f8128ea8", "0x7fb1f8128a20", "0x7fb1f8111b68", "0x7fb1f8128a20", "0x7fb1f8128e80", "0x7fb1f8128a20", "0x7fb1f8111aa0", "0x7fb1f8128a20", "0x7fb1f8128e58", "0x7fb1f8128a20", "0x7fb1f8111a00", "0x7fb1f8128a20", "0x7fb1f8128e30", "0x7fb1f8128a20", "0x7fb1f8111938", "0x7fb1f8128a20", "0x7fb1f8128e08", "0x7fb1f8128a20", "0x7fb1f8111898", "0x7fb1f8128a20", "0x7fb1f8128de0", "0x7fb1f8128a20", "0x7fb1f81117d0", "0x7fb1f8128a20", "0x7fb1f8128db8", "0x7fb1f8128a20", "0x7fb1f8111708", "0x7fb1f8128a20", "0x7fb1f8128d90", "0x7fb1f8128a20", "0x7fb1f8111640", "0x7fb1f8128a20", "0x7fb1f8128d68", "0x7fb1f8128a20", "0x7fb1f81115a0", "0x7fb1f8128a20", "0x7fb1f8128d40", "0x7fb1f8128a20", "0x7fb1f8111528", "0x7fb1f8128a20", "0x7fb1f8128d18", "0x7fb1f8128a20", "0x7fb1f81114b0", "0x7fb1f8128a20", "0x7fb1f8128cf0", "0x7fb1f8128a20", "0x7fb1f8111438", "0x7fb1f8128a20", "0x7fb1f8128cc8", "0x7fb1f8128a20", "0x7fb1f8111398", "0x7fb1f8128a20", "0x7fb1f8128ca0", "0x7fb1f8128a20", "0x7fb1f8111348", "0x7fb1f8128a20", "0x7fb1f8128c78", "0x7fb1f8128a20", "0x7fb1f81112f8", "0x7fb1f8128a20", "0x7fb1f8128c50", "0x7fb1f8128a20", "0x7fb1f81112a8", "0x7fb1f8128a20", "0x7fb1f8128c28", "0x7fb1f8128a20", "0x7fb1f8111258", "0x7fb1f8128a20", "0x7fb1f8128c00", "0x7fb1f8128a20", "0x7fb1f8111208", "0x7fb1f8128a20", "0x7fb1f8128bd8", "0x7fb1f8128a20", "0x7fb1f81111b8", "0x7fb1f8128a20", "0x7fb1f8128bb0", "0x7fb1f8128a20", "0x7fb1f8111140", "0x7fb1f8128a20", "0x7fb1f81321d8", "0x7fb1f8131b70", "0x7fb1f81321b0", "0x7fb1f8131b70", "0x7fb1f8132098", "0x7fb1f8131b70", "0x7fb1f8132070", "0x7fb1f8131b70", "0x7fb1f8132048", "0x7fb1f8131b70", "0x7fb1f8132200", "0x7fb1f8131b70", "0x7fb1f81081d0", "0x7fb1f8131b70", "0x7fb1f8132020", "0x7fb1f8131b70", "0x7fb1f81322f0", "0x7fb1f8131b70", "0x7fb1f8131ff8", "0x7fb1f8131b70", "0x7fb1f8108108", "0x7fb1f8131b70", "0x7fb1f8131fd0", "0x7fb1f8131b70", "0x7fb1f8108068", "0x7fb1f8131b70", "0x7fb1f8131fa8", "0x7fb1f8131b70", "0x7fb1f813bfa8", "0x7fb1f8131b70", "0x7fb1f8131f80", "0x7fb1f8131b70", "0x7fb1f813bf30", "0x7fb1f8131b70", "0x7fb1f8131f58", "0x7fb1f8131b70", "0x7fb1f813bee0", "0x7fb1f8131b70", "0x7fb1f8131f30", "0x7fb1f8131b70", "0x7fb1f813be68", "0x7fb1f8131b70", "0x7fb1f8131f08", "0x7fb1f8131b70", "0x7fb1f813bdf0", "0x7fb1f8131b70", "0x7fb1f8131ee0", "0x7fb1f8131b70", "0x7fb1f813bda0", "0x7fb1f8131b70", "0x7fb1f8131eb8", "0x7fb1f8131b70", "0x7fb1f813bd28", "0x7fb1f8131b70", "0x7fb1f8131e90", "0x7fb1f8131b70", "0x7fb1f813bcb0", "0x7fb1f8131b70", "0x7fb1f8131e68", "0x7fb1f8131b70", "0x7fb1f813bc60", "0x7fb1f8131b70", "0x7fb1f8131e40", "0x7fb1f8131b70", "0x7fb1f813bbe8", "0x7fb1f8131b70", "0x7fb1f8131e18", "0x7fb1f8131b70", "0x7fb1f813bb70", "0x7fb1f8131b70", "0x7fb1f8131df0", "0x7fb1f8131b70", "0x7fb1f813bb20", "0x7fb1f8131b70", "0x7fb1f8131dc8", "0x7fb1f8131b70", "0x7fb1f813baa8", "0x7fb1f8131b70", "0x7fb1f8132188", "0x7fb1f8131b70", "0x7fb1f8132160", "0x7fb1f8131b70", "0x7fb1f8132138", "0x7fb1f8131b70", "0x7fb1f8132110", "0x7fb1f8131b70", "0x7fb1f81320e8", "0x7fb1f8131b70", "0x7fb1f81320c0", "0x7fb1f8131b70", "0x7fb1f813a018", "0x7fb1f8139cd0", "0x7fb1f813a090", "0x7fb1f8139cd0", "0x7fb1f8139ff0", "0x7fb1f8139cd0", "0x7fb1f81381c8", "0x7fb1f8139cd0", "0x7fb1f8139fc8", "0x7fb1f8139cd0", "0x7fb1f8138150", "0x7fb1f8139cd0", "0x7fb1f8139fa0", "0x7fb1f8139cd0", "0x7fb1f81380d8", "0x7fb1f8139cd0", "0x7fb1f8139f78", "0x7fb1f8139cd0", "0x7fb1f8138060", "0x7fb1f8139cd0", "0x7fb1f8139f50", "0x7fb1f8139cd0", "0x7fb1f8103f90", "0x7fb1f8139cd0", "0x7fb1f8139f28", "0x7fb1f8139cd0", "0x7fb1f8103ef0", "0x7fb1f8139cd0", "0x7fb1f8139f00", "0x7fb1f8139cd0", "0x7fb1f8103e50", "0x7fb1f8139cd0", "0x7fb1f8139ed8", "0x7fb1f8139cd0", "0x7fb1f8103dd8", "0x7fb1f8139cd0", "0x7fb1f8139eb0", "0x7fb1f8139cd0", "0x7fb1f8103d60", "0x7fb1f8139cd0", "0x7fb1f8139e88", "0x7fb1f8139cd0", "0x7fb1f8103ce8", "0x7fb1f8139cd0", "0x7fb1f8100d18", "0x7fb1f8143c58", "0x7fb1f8143fa0", "0x7fb1f8143c58", "0x7fb1f8102ff0", "0x7fb1f8143c58", "0x7fb1f8141598", "0x7fb1f8143c58", "0x7fb1f8143f78", "0x7fb1f8143c58", "0x7fb1f8085ff0", "0x7fb1f8143c58", "0x7fb1f8143f50", "0x7fb1f8143c58", "0x7fb1f8143f28", "0x7fb1f8143c58", "0x7fb1f8141480", "0x7fb1f8143c58", "0x7fb1f8143f00", "0x7fb1f8143c58", "0x7fb1f8141408", "0x7fb1f8143c58", "0x7fb1f8143ed8", "0x7fb1f8143c58", "0x7fb1f8141390", "0x7fb1f8143c58", "0x7fb1f8143eb0", "0x7fb1f8143c58", "0x7fb1f8141318", "0x7fb1f8143c58", "0x7fb1f8143e88", "0x7fb1f8143c58", "0x7fb1f81412a0", "0x7fb1f8143c58", "0x7fb1f8143e60", "0x7fb1f8143c58", "0x7fb1f8141228", "0x7fb1f8143c58", "0x7fb1f8143e38", "0x7fb1f8143c58", "0x7fb1f81411b0", "0x7fb1f8143c58", "0x7fb1f8143e10", "0x7fb1f8143c58", "0x7fb1f8141138", "0x7fb1f8143c58", "0x7fb1f8143de8", "0x7fb1f8143c58", "0x7fb1f81410c0", "0x7fb1f8143c58", "0x7fb1f80fac38", "0x7fb1f80fa378", "0x7fb1f80fabe8", "0x7fb1f80fa378", "0x7fb1f803eda8", "0x7fb1f80fa378", "0x7fb1f80fabc0", "0x7fb1f80fa378", "0x7fb1f814bb10", "0x7fb1f80fa378", "0x7fb1f80fab98", "0x7fb1f80fa378", "0x7fb1f814ba98", "0x7fb1f80fa378", "0x7fb1f80fab70", "0x7fb1f80fa378", "0x7fb1f814ba20", "0x7fb1f80fa378", "0x7fb1f80fab20", "0x7fb1f80fa378", "0x7fb1f814b9a8", "0x7fb1f80fa378", "0x7fb1f80faaf8", "0x7fb1f80fa378", "0x7fb1f814b930", "0x7fb1f80fa378", "0x7fb1f80faad0", "0x7fb1f80fa378", "0x7fb1f814b8b8", "0x7fb1f80fa378", "0x7fb1f80faaa8", "0x7fb1f80fa378", "0x7fb1f814b840", "0x7fb1f80fa378", "0x7fb1f80faa58", "0x7fb1f80fa378", "0x7fb1f814b7c8", "0x7fb1f80fa378", "0x7fb1f80faa08", "0x7fb1f80fa378", "0x7fb1f814b750", "0x7fb1f80fa378", "0x7fb1f80fa9b8", "0x7fb1f80fa378", "0x7fb1f814b6d8", "0x7fb1f80fa378", "0x7fb1f80fa990", "0x7fb1f80fa378", "0x7fb1f814b660", "0x7fb1f80fa378", "0x7fb1f80fa968", "0x7fb1f80fa378", "0x7fb1f814b5e8", "0x7fb1f80fa378", "0x7fb1f80fa940", "0x7fb1f80fa378", "0x7fb1f814b570", "0x7fb1f80fa378", "0x7fb1f80fa918", "0x7fb1f80fa378", "0x7fb1f814b4f8", "0x7fb1f80fa378", "0x7fb1f80fa8f0", "0x7fb1f80fa378", "0x7fb1f814b480", "0x7fb1f80fa378", "0x7fb1f80fa8c8", "0x7fb1f80fa378", "0x7fb1f814b408", "0x7fb1f80fa378", "0x7fb1f80fa8a0", "0x7fb1f80fa378", "0x7fb1f814b390", "0x7fb1f80fa378", "0x7fb1f80fa878", "0x7fb1f80fa378", "0x7fb1f814b318", "0x7fb1f80fa378", "0x7fb1f80fa850", "0x7fb1f80fa378", "0x7fb1f814b2a0", "0x7fb1f80fa378", "0x7fb1f80fa828", "0x7fb1f80fa378", "0x7fb1f814b228", "0x7fb1f80fa378", "0x7fb1f80fa800", "0x7fb1f80fa378", "0x7fb1f814b1b0", "0x7fb1f80fa378", "0x7fb1f80fa7d8", "0x7fb1f80fa378", "0x7fb1f814b138", "0x7fb1f80fa378", "0x7fb1f80fa7b0", "0x7fb1f80fa378", "0x7fb1f814b0c0", "0x7fb1f80fa378", "0x7fb1f80fa788", "0x7fb1f80fa378", "0x7fb1f814b048", "0x7fb1f80fa378", "0x7fb1f80fa760", "0x7fb1f80fa378", "0x7fb1f814afd0", "0x7fb1f80fa378", "0x7fb1f80fa738", "0x7fb1f80fa378", "0x7fb1f814af58", "0x7fb1f80fa378", "0x7fb1f80fa710", "0x7fb1f80fa378", "0x7fb1f814af08", "0x7fb1f80fa378", "0x7fb1f80fa6e8", "0x7fb1f80fa378", "0x7fb1f814ae90", "0x7fb1f80fa378", "0x7fb1f80fa6c0", "0x7fb1f80fa378", "0x7fb1f814ae18", "0x7fb1f80fa378", "0x7fb1f80fa698", "0x7fb1f80fa378", "0x7fb1f814ada0", "0x7fb1f80fa378", "0x7fb1f80fa670", "0x7fb1f80fa378", "0x7fb1f814ad28", "0x7fb1f80fa378", "0x7fb1f80fa648", "0x7fb1f80fa378", "0x7fb1f814acb0", "0x7fb1f80fa378", "0x7fb1f80fa620", "0x7fb1f80fa378", "0x7fb1f814ac38", "0x7fb1f80fa378", "0x7fb1f80fa5f8", "0x7fb1f80fa378", "0x7fb1f814abc0", "0x7fb1f80fa378", "0x7fb1f80fa5d0", "0x7fb1f80fa378", "0x7fb1f814ab48", "0x7fb1f80fa378", "0x7fb1f80fa5a8", "0x7fb1f80fa378", "0x7fb1f814aad0", "0x7fb1f80fa378", "0x7fb1f80fa558", "0x7fb1f80fa378", "0x7fb1f814aa58", "0x7fb1f80fa378", "0x7fb1f80fa530", "0x7fb1f80fa378", "0x7fb1f814a9e0", "0x7fb1f80fa378", "0x7fb1f8149130", "0x7fb1f8148f00", "0x7fb1f81491f8", "0x7fb1f8148f00", "0x7fb1f8149108", "0x7fb1f8148f00", "0x7fb1f80e5158", "0x7fb1f8148f00", "0x7fb1f81490e0", "0x7fb1f8148f00", "0x7fb1f80e5090", "0x7fb1f8148f00", "0x7fb1f81490b8", "0x7fb1f8148f00", "0x7fb1f80e5018", "0x7fb1f8148f00", "0x7fb1f8149090", "0x7fb1f8148f00", "0x7fb1f80e4fa0", "0x7fb1f8148f00", "0x7fb1f8149068", "0x7fb1f8148f00", "0x7fb1f80e4ed8", "0x7fb1f8148f00", "0x7fb1f8149040", "0x7fb1f8148f00", "0x7fb1f80e4e60", "0x7fb1f8148f00", "0x7fb1f81536d0", "0x7fb1f8153590", "0x7fb1f8152118", "0x7fb1f8153590", "0x7fb1f81536a8", "0x7fb1f8153590", "0x7fb1f8153748", "0x7fb1f8153590", "0x7fb1f8150ae8", "0x7fb1f81509a8", "0x7fb1f80e2430", "0x7fb1f81509a8", "0x7fb1f8150ac0", "0x7fb1f81509a8", "0x7fb1f80c46d8", "0x7fb1f81509a8", "0x7fb1f815bd08", "0x7fb1f815bbf0", "0x7fb1f815bd58", "0x7fb1f815bbf0", "0x7fb1f81594e0", "0x7fb1f8159350", "0x7fb1f81595a8", "0x7fb1f8159350", "0x7fb1f81594b8", "0x7fb1f8159350", "0x7fb1f8158068", "0x7fb1f8159350", "0x7fb1f8159490", "0x7fb1f8159350", "0x7fb1f8158018", "0x7fb1f8159350", "0x7fb1f8159468", "0x7fb1f8159350", "0x7fb1f80dff28", "0x7fb1f8159350", "0x7fb1f80de358", "0x7fb1f80dddb8", "0x7fb1f80de3d0", "0x7fb1f80dddb8", "0x7fb1f80de380", "0x7fb1f80dddb8", "0x7fb1f80db6a8", "0x7fb1f80dddb8", "0x7fb1f80d98f8", "0x7fb1f80d9740", "0x7fb1f8143d70", "0x7fb1f80d9740", "0x7fb1f80f0b20", "0x7fb1f80f0760", "0x7fb1f811b000", "0x7fb1f80f0760", "0x7fb1f80f0af8", "0x7fb1f80f0760", "0x7fb1f80d5758", "0x7fb1f80f0760", "0x7fb1f80f0ad0", "0x7fb1f80f0760", "0x7fb1f80d56b8", "0x7fb1f80f0760", "0x7fb1f80f0aa8", "0x7fb1f80f0760", "0x7fb1f80d55a0", "0x7fb1f80f0760", "0x7fb1f80f0a08", "0x7fb1f80f0760", "0x7fb1f80d5528", "0x7fb1f80f0760", "0x7fb1f80f09e0", "0x7fb1f80f0760", "0x7fb1f80d54b0", "0x7fb1f80f0760", "0x7fb1f80f09b8", "0x7fb1f80f0760", "0x7fb1f80d53c0", "0x7fb1f80f0760", "0x7fb1f80f0968", "0x7fb1f80f0760", "0x7fb1f80d5320", "0x7fb1f80f0760", "0x7fb1f80f0918", "0x7fb1f80f0760", "0x7fb1f80d50f0", "0x7fb1f80f0760", "0x7fb1f80f08f0", "0x7fb1f80f0760", "0x7fb1f80d4fd8", "0x7fb1f80f0760", "0x7fb1f80f08c8", "0x7fb1f80f0760", "0x7fb1f80d4f60", "0x7fb1f80f0760", "0x7fb1f80f08a0", "0x7fb1f80f0760", "0x7fb1f80d4ec0", "0x7fb1f80f0760", "0x7fb1f80f0878", "0x7fb1f80f0760", "0x7fb1f80d4e48", "0x7fb1f80f0760", "0x7fb1fb02c718", "0x7fb1fb02c470", "0x7fb1f8087f08", "0x7fb1fb02c470", "0x7fb1fb02c6f0", "0x7fb1fb02c470", "0x7fb1fb02c7b8", "0x7fb1fb02c470", "0x7fb1f8076208", "0x7fb1f8075e48", "0x7fb1f8076348", "0x7fb1f8075e48", "0x7fb1f8076168", "0x7fb1f8075e48", "0x7fb1f806c9b0", "0x7fb1f8075e48", "0x7fb1f8054a18", "0x7fb1f804f568", "0x7fb1f800cce0", "0x7fb1f804f568", "0x7fb1f8054928", "0x7fb1f804f568", "0x7fb1f8045360", "0x7fb1f804f568", "0x7fb1f8054838", "0x7fb1f804f568", "0x7fb1f8045270", "0x7fb1f804f568", "0x7fb1f8054798", "0x7fb1f804f568", "0x7fb1f80451a8", "0x7fb1f804f568", "0x7fb1f80546a8", "0x7fb1f804f568", "0x7fb1f8045068", "0x7fb1f804f568", "0x7fb1f80545b8", "0x7fb1f804f568", "0x7fb1f8044f28", "0x7fb1f804f568", "0x7fb1f80544c8", "0x7fb1f804f568", "0x7fb1f8044e38", "0x7fb1f804f568", "0x7fb1f80543d8", "0x7fb1f804f568", "0x7fb1f8044d98", "0x7fb1f804f568", "0x7fb1f8054270", "0x7fb1f804f568", "0x7fb1f8044cf8", "0x7fb1f804f568", "0x7fb1f8054220", "0x7fb1f804f568", "0x7fb1f8044c58", "0x7fb1f804f568", "0x7fb1f8054158", "0x7fb1f804f568", "0x7fb1f8044b68", "0x7fb1f804f568", "0x7fb1f80540b8", "0x7fb1f804f568", "0x7fb1f8044a78", "0x7fb1f804f568", "0x7fb1f8054018", "0x7fb1f804f568", "0x7fb1f80448e8", "0x7fb1f804f568", "0x7fb1f8057b28", "0x7fb1f804f568", "0x7fb1f80447f8", "0x7fb1f804f568", "0x7fb1f804ff18", "0x7fb1f804f568", "0x7fb1f8044708", "0x7fb1f804f568", "0x7fb1f804fdd8", "0x7fb1f804f568", "0x7fb1f8044618", "0x7fb1f804f568", "0x7fb1f804fd38", "0x7fb1f804f568", "0x7fb1f8044550", "0x7fb1f804f568", "0x7fb1f802dd78", "0x7fb1f802d828", "0x7fb1f802de40", "0x7fb1f802d828", "0x7fb1f802dd28", "0x7fb1f802d828", "0x7fb1f801ddb0", "0x7fb1f802d828", "0x7fb1f80176e0", "0x7fb1f8017140", "0x7fb1f800e950", "0x7fb1f8017140", "0x7fb1f80175c8", "0x7fb1f8017140", "0x7fb1f8084100", "0x7fb1f8017140", "0x7fb1f800c268", "0x7fb1f800c038", "0x7fb1f800c358", "0x7fb1f800c038", "0x7fb1f8159760", "0x7fb1f8159620", "0x7fb1f81597b0", "0x7fb1f8159620", "0x7fb1f8159738", "0x7fb1f8159620", "0x7fb1f8158428", "0x7fb1f8159620", "0x7fb1f8152ca8", "0x7fb1f8152b18", "0x7fb1f8152d70", "0x7fb1f8152b18", "0x7fb1f8152c80", "0x7fb1f8152b18", "0x7fb1f81517b8", "0x7fb1f8152b18", "0x7fb1f814b818", "0x7fb1f814b3b8", "0x7fb1f814b9d0", "0x7fb1f814b3b8", "0x7fb1f814b7f0", "0x7fb1f814b3b8", "0x7fb1f814b7a0", "0x7fb1f814b3b8", "0x7fb1f8148528", "0x7fb1f814b3b8", "0x7fb1f814b778", "0x7fb1f814b3b8", "0x7fb1f8148488", "0x7fb1f814b3b8", "0x7fb1f814b728", "0x7fb1f814b3b8", "0x7fb1f81483e8", "0x7fb1f814b3b8", "0x7fb1f814b700", "0x7fb1f814b3b8", "0x7fb1f8148370", "0x7fb1f814b3b8", "0x7fb1f814b6b0", "0x7fb1f814b3b8", "0x7fb1f81482d0", "0x7fb1f814b3b8", "0x7fb1f814b868", "0x7fb1f814b3b8", "0x7fb1f8148230", "0x7fb1f814b3b8", "0x7fb1f81429e8", "0x7fb1f81427e0", "0x7fb1f8140ee0", "0x7fb1f81427e0", "0x7fb1f81429c0", "0x7fb1f81427e0", "0x7fb1f801fdb8", "0x7fb1f81427e0", "0x7fb1f8142970", "0x7fb1f81427e0", "0x7fb1f8140e18", "0x7fb1f81427e0", "0x7fb1f813bd78", "0x7fb1f813bbc0", "0x7fb1f813aef0", "0x7fb1f813bbc0", "0x7fb1f813bd50", "0x7fb1f813bbc0", "0x7fb1f813ae78", "0x7fb1f813bbc0", "0x7fb1f8138fb0", "0x7fb1f8138c90", "0x7fb1f8139000", "0x7fb1f8138c90", "0x7fb1f8138f88", "0x7fb1f8138c90", "0x7fb1f8138f60", "0x7fb1f8138c90", "0x7fb1f8133358", "0x7fb1f8138c90", "0x7fb1f8138f38", "0x7fb1f8138c90", "0x7fb1f81332e0", "0x7fb1f8138c90", "0x7fb1f8138f10", "0x7fb1f8138c90", "0x7fb1f8133268", "0x7fb1f8138c90", "0x7fb1f8138ee8", "0x7fb1f8138c90", "0x7fb1f81331f0", "0x7fb1f8138c90", "0x7fb1f8138ec0", "0x7fb1f8138c90", "0x7fb1f8133178", "0x7fb1f8138c90", "0x7fb1f8138e98", "0x7fb1f8138c90", "0x7fb1f8133100", "0x7fb1f8138c90", "0x7fb1f8138e70", "0x7fb1f8138c90", "0x7fb1f8133088", "0x7fb1f8138c90", "0x7fb1f8138e48", "0x7fb1f8138c90", "0x7fb1f8133010", "0x7fb1f8138c90", "0x7fb1f8131bc0", "0x7fb1f8131a30", "0x7fb1f80bf7a0", "0x7fb1f8131a30", "0x7fb1f812ae10", "0x7fb1f812acf8", "0x7fb1f812ae88", "0x7fb1f812acf8", "0x7fb1f812ade8", "0x7fb1f812acf8", "0x7fb1f812a0a0", "0x7fb1f812acf8", "0x7fb1f8123458", "0x7fb1f8122e40", "0x7fb1f8121180", "0x7fb1f8122e40", "0x7fb1f8123430", "0x7fb1f8122e40", "0x7fb1f8121130", "0x7fb1f8122e40", "0x7fb1f8123408", "0x7fb1f8122e40", "0x7fb1f8120820", "0x7fb1f8122e40", "0x7fb1f81233e0", "0x7fb1f8122e40", "0x7fb1f8123548", "0x7fb1f8122e40", "0x7fb1f81233b8", "0x7fb1f8122e40", "0x7fb1f8120668", "0x7fb1f8122e40", "0x7fb1f8123390", "0x7fb1f8122e40", "0x7fb1f8120550", "0x7fb1f8122e40", "0x7fb1f8123368", "0x7fb1f8122e40", "0x7fb1f8120460", "0x7fb1f8122e40", "0x7fb1f8123340", "0x7fb1f8122e40", "0x7fb1f81203e8", "0x7fb1f8122e40", "0x7fb1f8123318", "0x7fb1f8122e40", "0x7fb1f8120320", "0x7fb1f8122e40", "0x7fb1f81232f0", "0x7fb1f8122e40", "0x7fb1f8120280", "0x7fb1f8122e40", "0x7fb1f81232c8", "0x7fb1f8122e40", "0x7fb1f81201e0", "0x7fb1f8122e40", "0x7fb1f81232a0", "0x7fb1f8122e40", "0x7fb1f8120140", "0x7fb1f8122e40", "0x7fb1f8123278", "0x7fb1f8122e40", "0x7fb1f81200c8", "0x7fb1f8122e40", "0x7fb1f8123228", "0x7fb1f8122e40", "0x7fb1f8120050", "0x7fb1f8122e40", "0x7fb1f8123200", "0x7fb1f8122e40", "0x7fb1f811bd70", "0x7fb1f8122e40", "0x7fb1f81231d8", "0x7fb1f8122e40", "0x7fb1f811bac8", "0x7fb1f8122e40", "0x7fb1f81231b0", "0x7fb1f8122e40", "0x7fb1f811ba50", "0x7fb1f8122e40", "0x7fb1f8123188", "0x7fb1f8122e40", "0x7fb1f811b780", "0x7fb1f8122e40", "0x7fb1f8123138", "0x7fb1f8122e40", "0x7fb1f811b668", "0x7fb1f8122e40", "0x7fb1f8123110", "0x7fb1f8122e40", "0x7fb1f811b5a0", "0x7fb1f8122e40", "0x7fb1f81230e8", "0x7fb1f8122e40", "0x7fb1f811b550", "0x7fb1f8122e40", "0x7fb1f8123098", "0x7fb1f8122e40", "0x7fb1f811b320", "0x7fb1f8122e40", "0x7fb1f8123070", "0x7fb1f8122e40", "0x7fb1f811b0f0", "0x7fb1f8122e40", "0x7fb1f8123048", "0x7fb1f8122e40", "0x7fb1f811adf8", "0x7fb1f8122e40", "0x7fb1f8123020", "0x7fb1f8122e40", "0x7fb1f811aad8", "0x7fb1f8122e40", "0x7fb1f8113530", "0x7fb1f8113350", "0x7fb1f81135a8", "0x7fb1f8113350", "0x7fb1f81134e0", "0x7fb1f8113350", "0x7fb1f8110ee8", "0x7fb1f8113350", "0x7fb1f8108838", "0x7fb1f8108720", "0x7fb1f81088b0", "0x7fb1f8108720", "0x7fb1f8108810", "0x7fb1f8108720", "0x7fb1f8102c30", "0x7fb1f8108720", "0x7fb1f8100cc8", "0x7fb1f8100a70", "0x7fb1f8100d68", "0x7fb1f8100a70", "0x7fb1f8100c78", "0x7fb1f8100a70", "0x7fb1f80fba20", "0x7fb1f8100a70", "0x7fb1f8100c50", "0x7fb1f8100a70", "0x7fb1f80fb980", "0x7fb1f8100a70", "0x7fb1f8100c28", "0x7fb1f8100a70", "0x7fb1f80fb908", "0x7fb1f8100a70", "0x7fb1f8100c00", "0x7fb1f8100a70", "0x7fb1f80fb890", "0x7fb1f8100a70", "0x7fb1f8100bd8", "0x7fb1f8100a70", "0x7fb1f80fb818", "0x7fb1f8100a70", "0x7fb1f8100bb0", "0x7fb1f8100a70", "0x7fb1f80fb750", "0x7fb1f8100a70", "0x7fb1f8100b88", "0x7fb1f8100a70", "0x7fb1f80fb688", "0x7fb1f8100a70", "0x7fb1f80e58b0", "0x7fb1f80e4b68", "0x7fb1f80e5a40", "0x7fb1f80e4b68", "0x7fb1f80e5860", "0x7fb1f80e4b68", "0x7fb1f80e23b8", "0x7fb1f80e4b68", "0x7fb1f80e5810", "0x7fb1f80e4b68", "0x7fb1f80e2138", "0x7fb1f80e4b68", "0x7fb1f80e5770", "0x7fb1f80e4b68", "0x7fb1f80e2070", "0x7fb1f80e4b68", "0x7fb1f80e5720", "0x7fb1f80e4b68", "0x7fb1f80e1fd0", "0x7fb1f80e4b68", "0x7fb1f80e5680", "0x7fb1f80e4b68", "0x7fb1f80e1eb8", "0x7fb1f80e4b68", "0x7fb1f80e5658", "0x7fb1f80e4b68", "0x7fb1f80e1dc8", "0x7fb1f80e4b68", "0x7fb1f80e5608", "0x7fb1f80e4b68", "0x7fb1f80e1d50", "0x7fb1f80e4b68", "0x7fb1f80e55e0", "0x7fb1f80e4b68", "0x7fb1f80e1cb0", "0x7fb1f80e4b68", "0x7fb1f80e55b8", "0x7fb1f80e4b68", "0x7fb1f80e1c10", "0x7fb1f80e4b68", "0x7fb1f80e5590", "0x7fb1f80e4b68", "0x7fb1f80e1b98", "0x7fb1f80e4b68", "0x7fb1f80e5568", "0x7fb1f80e4b68", "0x7fb1f80e1af8", "0x7fb1f80e4b68", "0x7fb1f80e5540", "0x7fb1f80e4b68", "0x7fb1f80e1940", "0x7fb1f80e4b68", "0x7fb1f80e54f0", "0x7fb1f80e4b68", "0x7fb1f80e1760", "0x7fb1f80e4b68", "0x7fb1f80e54c8", "0x7fb1f80e4b68", "0x7fb1f80e1698", "0x7fb1f80e4b68", "0x7fb1f80e54a0", "0x7fb1f80e4b68", "0x7fb1f80e15a8", "0x7fb1f80e4b68", "0x7fb1f80e5478", "0x7fb1f80e4b68", "0x7fb1f80e1490", "0x7fb1f80e4b68", "0x7fb1f80e5450", "0x7fb1f80e4b68", "0x7fb1f80e13f0", "0x7fb1f80e4b68", "0x7fb1f80e5400", "0x7fb1f80e4b68", "0x7fb1f80e1378", "0x7fb1f80e4b68", "0x7fb1f80e53d8", "0x7fb1f80e4b68", "0x7fb1f80e1288", "0x7fb1f80e4b68", "0x7fb1f80e53b0", "0x7fb1f80e4b68", "0x7fb1f80e1170", "0x7fb1f80e4b68", "0x7fb1f80e5388", "0x7fb1f80e4b68", "0x7fb1f80e1030", "0x7fb1f80e4b68", "0x7fb1f80e5360", "0x7fb1f80e4b68", "0x7fb1f80e0e78", "0x7fb1f80e4b68", "0x7fb1f80e5338", "0x7fb1f80e4b68", "0x7fb1f80e0d88", "0x7fb1f80e4b68", "0x7fb1f80e5310", "0x7fb1f80e4b68", "0x7fb1f80e0c98", "0x7fb1f80e4b68", "0x7fb1f80e5298", "0x7fb1f80e4b68", "0x7fb1f80e0c20", "0x7fb1f80e4b68", "0x7fb1f80e5248", "0x7fb1f80e4b68", "0x7fb1f80e0b08", "0x7fb1f80e4b68", "0x7fb1f80e5220", "0x7fb1f80e4b68", "0x7fb1f80e0a90", "0x7fb1f80e4b68", "0x7fb1f80e51f8", "0x7fb1f80e4b68", "0x7fb1f80e0928", "0x7fb1f80e4b68", "0x7fb1f80e51d0", "0x7fb1f80e4b68", "0x7fb1f80e08b0", "0x7fb1f80e4b68", "0x7fb1f80e51a8", "0x7fb1f80e4b68", "0x7fb1f80e07c0", "0x7fb1f80e4b68", "0x7fb1f80e5180", "0x7fb1f80e4b68", "0x7fb1f80e0748", "0x7fb1f80e4b68", "0x7fb1f80e5108", "0x7fb1f80e4b68", "0x7fb1f80e0450", "0x7fb1f80e4b68", "0x7fb1f80e50e0", "0x7fb1f80e4b68", "0x7fb1f80e01d0", "0x7fb1f80e4b68", "0x7fb1f80e5068", "0x7fb1f80e4b68", "0x7fb1f80e0158", "0x7fb1f80e4b68", "0x7fb1f80e5040", "0x7fb1f80e4b68", "0x7fb1f80e00e0", "0x7fb1f80e4b68", "0x7fb1f80e4ff0", "0x7fb1f80e4b68", "0x7fb1f80e0018", "0x7fb1f80e4b68", "0x7fb1f80e4fc8", "0x7fb1f80e4b68", "0x7fb1f80dffa0", "0x7fb1f80e4b68", "0x7fb1f80e4f50", "0x7fb1f80e4b68", "0x7fb1f80dfeb0", "0x7fb1f80e4b68", "0x7fb1f80e4f28", "0x7fb1f80e4b68", "0x7fb1f80dfde8", "0x7fb1f80e4b68", "0x7fb1f80e4eb0", "0x7fb1f80e4b68", "0x7fb1f80dfd70", "0x7fb1f80e4b68", "0x7fb1f80e4e88", "0x7fb1f80e4b68", "0x7fb1f80dfcf8", "0x7fb1f80e4b68", "0x7fb1f80e4e38", "0x7fb1f80e4b68", "0x7fb1f80dfc80", "0x7fb1f80e4b68", "0x7fb1f80e4de8", "0x7fb1f80e4b68", "0x7fb1f80dfbe0", "0x7fb1f80e4b68", "0x7fb1f80dcad0", "0x7fb1f80dc530", "0x7fb1f80346a0", "0x7fb1f80dc530", "0x7fb1f80dca80", "0x7fb1f80dc530", "0x7fb1f80da690", "0x7fb1f80dc530", "0x7fb1f80dca58", "0x7fb1f80dc530", "0x7fb1f80da640", "0x7fb1f80dc530", "0x7fb1f80dca30", "0x7fb1f80dc530", "0x7fb1f80da5f0", "0x7fb1f80dc530", "0x7fb1f80dca08", "0x7fb1f80dc530", "0x7fb1f80da5a0", "0x7fb1f80dc530", "0x7fb1f80dc9b8", "0x7fb1f80dc530", "0x7fb1f80da550", "0x7fb1f80dc530", "0x7fb1f80dc990", "0x7fb1f80dc530", "0x7fb1f80da500", "0x7fb1f80dc530", "0x7fb1f80dc968", "0x7fb1f80dc530", "0x7fb1f80da488", "0x7fb1f80dc530", "0x7fb1f80dc940", "0x7fb1f80dc530", "0x7fb1f80da438", "0x7fb1f80dc530", "0x7fb1f80dc918", "0x7fb1f80dc530", "0x7fb1f80da3e8", "0x7fb1f80dc530", "0x7fb1f80dc8f0", "0x7fb1f80dc530", "0x7fb1f80da398", "0x7fb1f80dc530", "0x7fb1f80dc8a0", "0x7fb1f80dc530", "0x7fb1f80da348", "0x7fb1f80dc530", "0x7fb1f80dc878", "0x7fb1f80dc530", "0x7fb1f80da2d0", "0x7fb1f80dc530", "0x7fb1f80dc828", "0x7fb1f80dc530", "0x7fb1f80da258", "0x7fb1f80dc530", "0x7fb1f80dc7b0", "0x7fb1f80dc530", "0x7fb1f80da208", "0x7fb1f80dc530", "0x7fb1f80dc788", "0x7fb1f80dc530", "0x7fb1f80da1b8", "0x7fb1f80dc530", "0x7fb1f80dc760", "0x7fb1f80dc530", "0x7fb1f80da168", "0x7fb1f80dc530", "0x7fb1f80dc738", "0x7fb1f80dc530", "0x7fb1f80da0f0", "0x7fb1f80dc530", "0x7fb1f80dc6e8", "0x7fb1f80dc530", "0x7fb1f80da050", "0x7fb1f80dc530", "0x7fb1f80d83b8", "0x7fb1f80d8200", "0x7fb1f80b76b8", "0x7fb1f80d8200", "0x7fb1f80d8390", "0x7fb1f80d8200", "0x7fb1f80f2470", "0x7fb1f80d8200", "0x7fb1f80d8368", "0x7fb1f80d8200", "0x7fb1f80f2088", "0x7fb1f80d8200", "0x7fb1f80141e8", "0x7fb1f800fdc8", "0x7fb1f800e108", "0x7fb1f800fdc8", "0x7fb1f80141c0", "0x7fb1f800fdc8", "0x7fb1f800e090", "0x7fb1f800fdc8", "0x7fb1f800c060", "0x7fb1f815be70", "0x7fb1f800c150", "0x7fb1f815be70", "0x7fb1f800c010", "0x7fb1f815be70", "0x7fb1f815a8b8", "0x7fb1f815be70", "0x7fb1f81598f0", "0x7fb1f81596e8", "0x7fb1f8045108", "0x7fb1f81596e8", "0x7fb1f8159918", "0x7fb1f81596e8", "0x7fb1f8153770", "0x7fb1f81596e8", "0x7fb1f8151510", "0x7fb1f81513f8", "0x7fb1f814a940", "0x7fb1f81513f8", "0x7fb1f81514e8", "0x7fb1f81513f8", "0x7fb1f8148618", "0x7fb1f8148410", "0x7fb1f8148708", "0x7fb1f8148410", "0x7fb1f8148640", "0x7fb1f8148410", "0x7fb1f81410e8", "0x7fb1f8148410", "0x7fb1f813a900", "0x7fb1f813a270", "0x7fb1f813aa90", "0x7fb1f813a270", "0x7fb1f813a8d8", "0x7fb1f813a270", "0x7fb1f81380b0", "0x7fb1f813a270", "0x7fb1f813a8b0", "0x7fb1f813a270", "0x7fb1f813b7d8", "0x7fb1f813a270", "0x7fb1f813a888", "0x7fb1f813a270", "0x7fb1f8133f38", "0x7fb1f813a270", "0x7fb1f813a860", "0x7fb1f813a270", "0x7fb1f8133e98", "0x7fb1f813a270", "0x7fb1f813a838", "0x7fb1f813a270", "0x7fb1f8133e20", "0x7fb1f813a270", "0x7fb1f813a810", "0x7fb1f813a270", "0x7fb1f8133da8", "0x7fb1f813a270", "0x7fb1f813a7e8", "0x7fb1f813a270", "0x7fb1f8133d30", "0x7fb1f813a270", "0x7fb1f813a7c0", "0x7fb1f813a270", "0x7fb1f8133cb8", "0x7fb1f813a270", "0x7fb1f813a798", "0x7fb1f813a270", "0x7fb1f8133c40", "0x7fb1f813a270", "0x7fb1f813a770", "0x7fb1f813a270", "0x7fb1f8133bc8", "0x7fb1f813a270", "0x7fb1f813a748", "0x7fb1f813a270", "0x7fb1f8133b78", "0x7fb1f813a270", "0x7fb1f813a720", "0x7fb1f813a270", "0x7fb1f8133b28", "0x7fb1f813a270", "0x7fb1f813a6f8", "0x7fb1f813a270", "0x7fb1f8133ad8", "0x7fb1f813a270", "0x7fb1f813a6d0", "0x7fb1f813a270", "0x7fb1f8133a88", "0x7fb1f813a270", "0x7fb1f813a6a8", "0x7fb1f813a270", "0x7fb1f8133a10", "0x7fb1f813a270", "0x7fb1f813a680", "0x7fb1f813a270", "0x7fb1f8133948", "0x7fb1f813a270", "0x7fb1f813a658", "0x7fb1f813a270", "0x7fb1f81338a8", "0x7fb1f813a270", "0x7fb1f813a630", "0x7fb1f813a270", "0x7fb1f8133830", "0x7fb1f813a270", "0x7fb1f813a608", "0x7fb1f813a270", "0x7fb1f8133790", "0x7fb1f813a270", "0x7fb1f813a5e0", "0x7fb1f813a270", "0x7fb1f8133718", "0x7fb1f813a270", "0x7fb1f813a5b8", "0x7fb1f813a270", "0x7fb1f81336c8", "0x7fb1f813a270", "0x7fb1f813a590", "0x7fb1f813a270", "0x7fb1f8133678", "0x7fb1f813a270", "0x7fb1f813a568", "0x7fb1f813a270", "0x7fb1f8133628", "0x7fb1f813a270", "0x7fb1f813a540", "0x7fb1f813a270", "0x7fb1f81335d8", "0x7fb1f813a270", "0x7fb1f813a518", "0x7fb1f813a270", "0x7fb1f8133588", "0x7fb1f813a270", "0x7fb1f813a4f0", "0x7fb1f813a270", "0x7fb1f8133538", "0x7fb1f813a270", "0x7fb1f813a4c8", "0x7fb1f813a270", "0x7fb1f8133498", "0x7fb1f813a270", "0x7fb1f813a4a0", "0x7fb1f813a270", "0x7fb1f8133420", "0x7fb1f813a270", "0x7fb1f813a478", "0x7fb1f813a270", "0x7fb1f81333a8", "0x7fb1f813a270", "0x7fb1f813a450", "0x7fb1f813a270", "0x7fb1f8133308", "0x7fb1f813a270", "0x7fb1f813a428", "0x7fb1f813a270", "0x7fb1f8133240", "0x7fb1f813a270", "0x7fb1f813a400", "0x7fb1f813a270", "0x7fb1f81331a0", "0x7fb1f813a270", "0x7fb1f813a3d8", "0x7fb1f813a270", "0x7fb1f81330d8", "0x7fb1f813a270", "0x7fb1f813a3b0", "0x7fb1f813a270", "0x7fb1f8133038", "0x7fb1f813a270", "0x7fb1f8131a58", "0x7fb1f81315a8", "0x7fb1f8131b48", "0x7fb1f81315a8", "0x7fb1f8131a08", "0x7fb1f81315a8", "0x7fb1f812bec8", "0x7fb1f81315a8", "0x7fb1f8131800", "0x7fb1f81315a8", "0x7fb1f812be28", "0x7fb1f81315a8"], "memsize":57440, "flags":{"wb_protected":true, "old":true, "uncollectible":true, "marked":true}}
{"address":"0x7fb1f809dc68", "type":"STRING", "class":"0x7fb1f80b7578", "frozen":true, "embedded":true, "fstring":true, "bytesize":9, "value":"ENOMEDIUM", "encoding":"US-ASCII", "memsize":40, "flags":{"wb_protected":true, "old":true, "uncollectible":true, "marked":true}}
{"address":"0x7fb1f809dc90", "type":"DATA", "class":"0x7fb1f805d5a0", "struct":"mutex", "memsize":72, "flags":{"uncollectible":true, "marked":true}}
{"address":"0x7fb1f809dcb8", "type":"STRING", "class":"0x7fb1f80b7578", "frozen":true, "embedded":true, "bytesize":14, "value":"Errno::ENOLINK", "encoding":"US-ASCII", "memsize":40, "flags":{"wb_protected":true, "old":true, "uncollectible":true, "marked":true}}
{"address":"0x7fb1f809dce0", "type":"CLASS", "class":"0x7fb1f80bf700", "name":"Class", "references":["0x7fb1f80ae0b8", "0x7fb1f809dd08"], "memsize":464, "flags":{"wb_protected":true, "old":true, "uncollectible":true, "marked":true}}
{"address":"0x7fb1f809dd08", "type":"CLASS", "class":"0x7fb1f809dce0", "name":"Errno::ENOLINK", "references":["0x7fb1f80ae0e0", "0x7fb1f809dcb8"], "memsize":552, "flags":{"wb_protected":true, "old":true, "uncollectible":true, "marked":true}}
{"address":"0x7fb1f809dd30", "type":"STRING", "class":"0x7fb1f80b7578", "frozen":true, "embedded":true, "fstring":true, "bytesize":7, "value":"ENOLINK", "encoding":"US-ASCII", "memsize":40, "flags":{"wb_protected":true, "old":true, "uncollectible":true, "marked":true}}
{"address":"0x7fb1f809dd58", "type":"HASH", "class":"0x7fb1f8095130", "size":1, "references":["0x7fb1f80346a0", "0x7fb1f80dc530"], "memsize":168, "flags":{"wb_protected":true, "old":true, "uncollectible":true, "marked":true}}
{"address":"0x7fb1f809dd80", "type":"STRING", "class":"0x7fb1f80b7578", "frozen":true, "embedded":true, "bytesize":13, "value":"Errno::ENOLCK", "encoding":"US-ASCII", "memsize":40, "flags":{"wb_protected":true, "old":true, "uncollectible":true, "marked":true}}
{"address":"0x7fb1f809dda8", "type":"CLASS", "class":"0x7fb1f80bf700", "name":"Class", "references":["0x7fb1f80ae0b8", "0x7fb1f809ddd0"], "memsize":464, "flags":{"wb_protected":true, "old":true, "uncollectible":true, "marked":true}}
{"address":"0x7fb1f809ddd0", "type":"CLASS", "class":"0x7fb1f809dda8", "name":"Errno::ENOLCK", "references":["0x7fb1f80ae0e0", "0x7fb1f809dd80"], "memsize":552, "flags":{"wb_protected":true, "old":true, "uncollectible":true, "marked":true}}
{"address":"0x7fb1f809ddf8", "type":"STRING", "class":"0x7fb1f80b7578", "frozen":true, "embedded":true, "fstring":true, "bytesize":6, "value":"ENOLCK", "encoding":"US-ASCII", "memsize":40, "flags":{"wb_protected":true, "old":true, "uncollectible":true, "marked":true}}
{"address":"0x7fb1f809de20", "type":"STRING", "class":"0x7fb1f80b7578", "frozen":true, "embedded":true, "fstring":true, "bytesize":6, "value":"TOPDIR", "encoding":"US-ASCII", "memsize":40, "flags":{"wb_protected":true, "old":true, "uncollectible":true, "marked":true}}
{"address":"0x7fb1f809de48", "type":"STRING", "class":"0x7fb1f80b7578", "frozen":true, "embedded":true, "fstring":true, "bytesize":6, "value":"ENOKEY", "encoding":"US-ASCII", "memsize":40, "flags":{"wb_protected":true, "old":true, "uncollectible":true, "marked":true}}
{"address":"0x7fb1f809de70", "type":"ARRAY", "class":"0x7fb1f8097228", "frozen":true, "length":2, "embedded":true, "references":["0x7fb1f809d5d8", "0x7fb1f809cfc0"], "memsize":40, "flags":{"wb_protected":true, "old":true, "uncollectible":true, "marked":true}}
{"address":"0x7fb1f809de98", "type":"STRING", "class":"0x7fb1f80b7578", "frozen":true, "embedded":true, "bytesize":14, "value":"Errno::ENOEXEC", "encoding":"US-ASCII", "memsize":40, "flags":{"wb_protected":true, "old":true, "uncollectible":true, "marked":true}}
{"address":"0x7fb1f809dec0", "type":"CLASS", "class":"0x7fb1f80bf700", "name":"Class", "references":["0x7fb1f80ae0b8", "0x7fb1f809dee8"], "memsize":464, "flags":{"wb_protected":true, "old":true, "uncollectible":true, "marked":true}}
{"address":"0x7fb1f809dee8", "type":"CLASS", "class":"0x7fb1f809dec0", "name":"Errno::ENOEXEC", "references":["0x7fb1f80ae0e0", "0x7fb1f809de98"], "memsize":552, "flags":{"wb_protected":true, "old":true, "uncollectible":true, "marked":true}}
{"address":"0x7fb1f809df10", "type":"STRING", "class":"0x7fb1f80b7578", "frozen":true, "embedded":true, "fstring":true, "bytesize":7, "value":"ENOEXEC", "encoding":"US-ASCII", "memsize":40, "flags":{"wb_protected":true, "old":true, "uncollectible":true, "marked":true}}
{"address":"0x7fb1f809df38", "type":"ARRAY", "class":"0x7fb1f8097228", "frozen":true, "length":4, "references":["0x7fb1f80a5490", "0x7fb1f8097ea8", "0x7fb1f809d5d8", "0x7fb1f809cfc0"], "memsize":72, "flags":{"wb_protected":true, "old":true, "uncollectible":true, "marked":true}}
{"address":"0x7fb1f809df60", "type":"STRING", "class":"0x7fb1f80b7578", "frozen":true, "embedded":true, "bytesize":13, "value":"Errno::ENOENT", "encoding":"US-ASCII", "memsize":40, "flags":{"wb_protected":true, "old":true, "uncollectible":true, "marked":true}}
{"address":"0x7fb1f809df88", "type":"CLASS", "class":"0x7fb1f80bf700", "name":"Class", "references":["0x7fb1f80ae0b8", "0x7fb1f809dfb0"], "memsize":464, "flags":{"wb_protected":true, "old":true, "uncollectible":true, "marked":true}}
{"address":"0x7fb1f809dfb0", "type":"CLASS", "class":"0x7fb1f809df88", "name":"Errno::ENOENT", "references":["0x7fb1f80ae0e0", "0x7fb1f809df60"], "memsize":552, "flags":{"wb_protected":true, "old":true, "uncollectible":true, "marked":true}}
{"address":"0x7fb1f809dfd8", "type":"STRING", "class":"0x7fb1f80b7578", "frozen":true, "embedded":true, "fstring":true, "bytesize":6, "value":"ENOENT", "encoding":"US-ASCII", "memsize":40, "flags":{"wb_protected":true, "old":true, "uncollectible":true, "marked":true}}
{"address":"0x7fb1f809e000", "type":"ARRAY", "class":"0x7fb1f8097228", "frozen":true, "length":2, "embedded":true, "references":["0x7fb1f80c62f8", "0x7fb1f80c6208"], "memsize":40, "flags":{"wb_protected":true, "old":true, "uncollectible":true, "marked":true}}
{"address":"0x7fb1f809e028", "type":"STRING", "class":"0x7fb1f80b7578", "frozen":true, "embedded":true, "bytesize":13, "value":"Errno::ENODEV", "encoding":"US-ASCII", "memsize":40, "flags":{"wb_protected":true, "old":true, "uncollectible":true, "marked":true}}
{"address":"0x7fb1f809e050", "type":"CLASS", "class":"0x7fb1f80bf700", "name":"Class", "references":["0x7fb1f80ae0b8", "0x7fb1f809e078"], "memsize":464, "flags":{"wb_protected":true, "old":true, "uncollectible":true, "marked":true}}
{"address":"0x7fb1f809e078", "type":"CLASS", "class":"0x7fb1f809e050", "name":"Errno::ENODEV", "references":["0x7fb1f80ae0e0", "0x7fb1f809e028"], "memsize":552, "flags":{"wb_protected":true, "old":true, "uncollectible":true, "marked":true}}
{"address":"0x7fb1f809e0a0", "type":"STRING", "class":"0x7fb1f80b7578", "frozen":true, "embedded":true, "fstring":true, "bytesize":6, "value":"ENODEV", "encoding":"US-ASCII", "memsize":40, "flags":{"wb_protected":true, "old":true, "uncollectible":true, "marked":true}}
{"address":"0x7fb1f809e0c8", "type":"ARRAY", "class":"0x7fb1f8097228", "frozen":true, "length":6, "shared":true, "references":["0x7fb1f80c6488"], "memsize":40, "flags":{"wb_protected":true, "old":true, "uncollectible":true, "marked":true}}
{"address":"0x7fb1f809e0f0", "type":"STRING", "class":"0x7fb1f80b7578", "frozen":true, "embedded":true, "bytesize":14, "value":"Errno::ENODATA", "encoding":"US-ASCII", "memsize":40, "flags":{"wb_protected":true, "old":true, "uncollectible":true, "marked":true}}
{"address":"0x7fb1f809e118", "type":"CLASS", "class":"0x7fb1f80bf700", "name":"Class", "references":["0x7fb1f80ae0b8", "0x7fb1f809e140"], "memsize":464, "flags":{"wb_protected":true, "old":true, "uncollectible":true, "marked":true}}
{"address":"0x7fb1f809e140", "type":"CLASS", "class":"0x7fb1f809e118", "name":"Errno::ENODATA", "references":["0x7fb1f80ae0e0", "0x7fb1f809e0f0"], "memsize":552, "flags":{"wb_protected":true, "old":true, "uncollectible":true, "marked":true}}
{"address":"0x7fb1f809e168", "type":"STRING", "class":"0x7fb1f80b7578", "frozen":true, "embedded":true, "fstring":true, "bytesize":7, "value":"ENODATA", "encoding":"US-ASCII", "memsize":40, "flags":{"wb_protected":true, "old":true, "uncollectible":true, "marked":true}}
{"address":"0x7fb1f809e190", "type":"ARRAY", "class":"0x7fb1f8097228", "frozen":true, "length":4, "shared":true, "references":["0x7fb1f80c6618"], "memsize":40, "flags":{"wb_protected":true, "old":true, "uncollectible":true, "marked":true}}
{"address":"0x7fb1f809e1b8", "type":"STRING", "class":"0x7fb1f80b7578", "frozen":true, "embedded":true, "fstring":true, "bytesize":6, "value":"ENOCSI", "encoding":"US-ASCII", "memsize":40, "flags":{"wb_protected":true, "old":true, "uncollectible":true, "marked":true}}
{"address":"0x7fb1f809e1e0", "type":"ARRAY", "class":"0x7fb1f8097228", "frozen":true, "length":6, "shared":true, "references":["0x7fb1f80c6668"], "memsize":40, "flags":{"wb_protected":true, "old":true, "uncollectible":true, "marked":true}}
{"address":"0x7fb1f809e208", "type":"STRING", "class":"0x7fb1f80b7578", "frozen":true, "embedded":true, "bytesize":14, "value":"Errno::ENOBUFS", "encoding":"US-ASCII", "memsize":40, "flags":{"wb_protected":true, "old":true, "uncollectible":true, "marked":true}}
{"address":"0x7fb1f809e230", "type":"CLASS", "class":"0x7fb1f80bf700", "name":"Class", "references":["0x7fb1f80ae0b8", "0x7fb1f809e258"], "memsize":464, "flags":{"wb_protected":true, "old":true, "uncollectible":true, "marked":true}}
{"address":"0x7fb1f809e258", "type":"CLASS", "class":"0x7fb1f809e230", "name":"Errno::ENOBUFS", "references":["0x7fb1f80ae0e0", "0x7fb1f809e208"], "memsize":552, "flags":{"wb_protected":true, "old":true, "uncollectible":true, "marked":true}}
{"address":"0x7fb1f809e280", "type":"STRING", "class":"0x7fb1f80b7578", "frozen":true, "embedded":true, "fstring":true, "bytesize":7, "value":"ENOBUFS", "encoding":"US-ASCII", "memsize":40, "flags":{"wb_protected":true, "old":true, "uncollectible":true, "marked":true}}
{"address":"0x7fb1f809e2a8", "type":"DATA", "class":"0x7fb1f806f160", "struct":"proc", "references":["0x7fb1f80348d0", "0x7fb1f80c6848", "0x7fb1f809e370"], "memsize":80, "flags":{"wb_protected":true, "old":true, "uncollectible":true, "marked":true}}
{"address":"0x7fb1f809e2d0", "type":"STRING", "class":"0x7fb1f80b7578", "frozen":true, "embedded":true, "bytesize":14, "value":"Errno::ENOATTR", "encoding":"US-ASCII", "memsize":40, "flags":{"wb_protected":true, "old":true, "uncollectible":true, "marked":true}}
{"address":"0x7fb1f809e2f8", "type":"CLASS", "class":"0x7fb1f80bf700", "name":"Class", "references":["0x7fb1f80ae0b8", "0x7fb1f809e320"], "memsize":464, "flags":{"wb_protected":true, "old":true, "uncollectible":true, "marked":true}}
{"address":"0x7fb1f809e320", "type":"CLASS", "class":"0x7fb1f809e2f8", "name":"Errno::ENOATTR", "references":["0x7fb1f80ae0e0", "0x7fb1f809e2d0"], "memsize":552, "flags":{"wb_protected":true, "old":true, "uncollectible":true, "marked":true}}
{"address":"0x7fb1f809e348", "type":"STRING", "class":"0x7fb1f80b7578", "frozen":true, "embedded":true, "fstring":true, "bytesize":7, "value":"ENOATTR", "encoding":"US-ASCII", "memsize":40, "flags":{"wb_protected":true, "old":true, "uncollectible":true, "marked":true}}
{"address":"0x7fb1f809e370", "type":"IMEMO", "class":"0x7fb1f80c6988", "imemo_type":"env", "references":["0x7fb1f809e7a8", "0x7fb1f809e370"], "memsize":72, "flags":{"wb_protected":true, "old":true, "uncollectible":true, "marked":true}}
{"address":"0x7fb1f809e398", "type":"STRING", "class":"0x7fb1f80b7578", "frozen":true, "embedded":true, "fstring":true, "bytesize":6, "value":"ENOANO", "encoding":"US-ASCII", "memsize":40, "flags":{"wb_protected":true, "old":true, "uncollectible":true, "marked":true}}
{"address":"0x7fb1f809e3e8", "type":"STRING", "class":"0x7fb1f80b7578", "frozen":true, "embedded":true, "bytesize":13, "value":"Errno::ENFILE", "encoding":"US-ASCII", "memsize":40, "flags":{"wb_protected":true, "old":true, "uncollectible":true, "marked":true}}
{"address":"0x7fb1f809e410", "type":"CLASS", "class":"0x7fb1f80bf700", "name":"Class", "references":["0x7fb1f80ae0b8", "0x7fb1f809e438"], "memsize":464, "flags":{"wb_protected":true, "old":true, "uncollectible":true, "marked":true}}
{"address":"0x7fb1f809e438", "type":"CLASS", "class":"0x7fb1f809e410", "name":"Errno::ENFILE", "references":["0x7fb1f80ae0e0", "0x7fb1f809e3e8"], "memsize":552, "flags":{"wb_protected":true, "old":true, "uncollectible":true, "marked":true}}
{"address":"0x7fb1f809e460", "type":"STRING", "class":"0x7fb1f80b7578", "frozen":true, "embedded":true, "fstring":true, "bytesize":6, "value":"ENFILE", "encoding":"US-ASCII", "memsize":40, "flags":{"wb_protected":true, "old":true, "uncollectible":true, "marked":true}}
{"address":"0x7fb1f809e488", "type":"IMEMO", "class":"0x7fb1f80b7528", "imemo_type":"ment", "references":["0x7fb1f80bd158"], "memsize":48, "flags":{"wb_protected":true, "old":true, "uncollectible":true, "marked":true}}
{"address":"0x7fb1f809e4b0", "type":"STRING", "class":"0x7fb1f80b7578", "frozen":true, "embedded":true, "bytesize":18, "value":"Errno::ENETUNREACH", "encoding":"US-ASCII", "memsize":40, "flags":{"wb_protected":true, "old":true, "uncollectible":true, "marked":true}}
{"address":"0x7fb1f809e4d8", "type":"CLASS", "class":"0x7fb1f80bf700", "name":"Class", "references":["0x7fb1f80ae0b8", "0x7fb1f809e500"], "memsize":464, "flags":{"wb_protected":true, "old":true, "uncollectible":true, "marked":true}}
{"address":"0x7fb1f809e500", "type":"CLASS", "class":"0x7fb1f809e4d8", "name":"Errno::ENETUNREACH", "references":["0x7fb1f80ae0e0", "0x7fb1f809e4b0"], "memsize":552, "flags":{"wb_protected":true, "old":true, "uncollectible":true, "marked":true}}
{"address":"0x7fb1f809e528", "type":"STRING", "class":"0x7fb1f80b7578", "frozen":true, "embedded":true, "fstring":true, "bytesize":11, "value":"ENETUNREACH", "encoding":"US-ASCII", "memsize":40, "flags":{"wb_protected":true, "old":true, "uncollectible":true, "marked":true}}
{"address":"0x7fb1f809e550", "type":"STRING", "class":"0x7fb1f80b7578", "bytesize":51, "value":"/Users/rschneeman/.rubies/ruby-2.7.1/lib/ruby/2.7.0", "encoding":"US-ASCII", "memsize":92, "flags":{"wb_protected":true, "old":true, "uncollectible":true, "marked":true}}
{"address":"0x7fb1f809e578", "type":"STRING", "class":"0x7fb1f80b7578", "frozen":true, "embedded":true, "bytesize":16, "value":"Errno::ENETRESET", "encoding":"US-ASCII", "memsize":40, "flags":{"wb_protected":true, "old":true, "uncollectible":true, "marked":true}}
{"address":"0x7fb1f809e5a0", "type":"CLASS", "class":"0x7fb1f80bf700", "name":"Class", "references":["0x7fb1f80ae0b8", "0x7fb1f809e5c8"], "memsize":464, "flags":{"wb_protected":true, "old":true, "uncollectible":true, "marked":true}}
{"address":"0x7fb1f809e5c8", "type":"CLASS", "class":"0x7fb1f809e5a0", "name":"Errno::ENETRESET", "references":["0x7fb1f80ae0e0", "0x7fb1f809e578"], "memsize":552, "flags":{"wb_protected":true, "old":true, "uncollectible":true, "marked":true}}
{"address":"0x7fb1f809e5f0", "type":"STRING", "class":"0x7fb1f80b7578", "frozen":true, "embedded":true, "fstring":true, "bytesize":9, "value":"ENETRESET", "encoding":"US-ASCII", "memsize":40, "flags":{"wb_protected":true, "old":true, "uncollectible":true, "marked":true}}
{"address":"0x7fb1f809e640", "type":"STRING", "class":"0x7fb1f80b7578", "frozen":true, "embedded":true, "bytesize":15, "value":"Errno::ENETDOWN", "encoding":"US-ASCII", "memsize":40, "flags":{"wb_protected":true, "old":true, "uncollectible":true, "marked":true}}
{"address":"0x7fb1f809e668", "type":"CLASS", "class":"0x7fb1f80bf700", "name":"Class", "references":["0x7fb1f80ae0b8", "0x7fb1f809e690"], "memsize":464, "flags":{"wb_protected":true, "old":true, "uncollectible":true, "marked":true}}
{"address":"0x7fb1f809e690", "type":"CLASS", "class":"0x7fb1f809e668", "name":"Errno::ENETDOWN", "references":["0x7fb1f80ae0e0", "0x7fb1f809e640"], "memsize":552, "flags":{"wb_protected":true, "old":true, "uncollectible":true, "marked":true}}
{"address":"0x7fb1f809e6b8", "type":"STRING", "class":"0x7fb1f80b7578", "frozen":true, "embedded":true, "fstring":true, "bytesize":8, "value":"ENETDOWN", "encoding":"US-ASCII", "memsize":40, "flags":{"wb_protected":true, "old":true, "uncollectible":true, "marked":true}}
{"address":"0x7fb1f809e6e0", "type":"STRING", "class":"0x7fb1f80b7578", "frozen":true, "embedded":true, "fstring":true, "bytesize":7, "value":"ignored", "encoding":"US-ASCII", "memsize":40, "flags":{"wb_protected":true, "old":true, "uncollectible":true, "marked":true}}
{"address":"0x7fb1f809e708", "type":"STRING", "class":"0x7fb1f80b7578", "frozen":true, "embedded":true, "bytesize":16, "value":"Errno::ENEEDAUTH", "encoding":"US-ASCII", "memsize":40, "flags":{"wb_protected":true, "old":true, "uncollectible":true, "marked":true}}
{"address":"0x7fb1f809e730", "type":"CLASS", "class":"0x7fb1f80bf700", "name":"Class", "references":["0x7fb1f80ae0b8", "0x7fb1f809e758"], "memsize":464, "flags":{"wb_protected":true, "old":true, "uncollectible":true, "marked":true}}
{"address":"0x7fb1f809e758", "type":"CLASS", "class":"0x7fb1f809e730", "name":"Errno::ENEEDAUTH", "references":["0x7fb1f80ae0e0", "0x7fb1f809e708"], "memsize":552, "flags":{"wb_protected":true, "old":true, "uncollectible":true, "marked":true}}
{"address":"0x7fb1f809e780", "type":"STRING", "class":"0x7fb1f80b7578", "frozen":true, "embedded":true, "fstring":true, "bytesize":9, "value":"ENEEDAUTH", "encoding":"US-ASCII", "memsize":40, "flags":{"wb_protected":true, "old":true, "uncollectible":true, "marked":true}}
{"address":"0x7fb1f809e7a8", "type":"IMEMO", "class":"0x8", "imemo_type":"cref", "references":["0x7fb1f80348d0", "0x7fb1f809f400"], "memsize":40, "flags":{"wb_protected":true, "old":true, "uncollectible":true, "marked":true}}
{"address":"0x7fb1f809e7d0", "type":"STRING", "class":"0x7fb1f80b7578", "frozen":true, "embedded":true, "fstring":true, "bytesize":7, "value":"ENAVAIL", "encoding":"US-ASCII", "memsize":40, "flags":{"wb_protected":true, "old":true, "uncollectible":true, "marked":true}}
{"address":"0x7fb1f809e820", "type":"STRING", "class":"0x7fb1f80b7578", "frozen":true, "embedded":true, "bytesize":19, "value":"Errno::ENAMETOOLONG", "encoding":"US-ASCII", "memsize":40, "flags":{"wb_protected":true, "old":true, "uncollectible":true, "marked":true}}
{"address":"0x7fb1f809e848", "type":"CLASS", "class":"0x7fb1f80bf700", "name":"Class", "references":["0x7fb1f80ae0b8", "0x7fb1f809e870"], "memsize":464, "flags":{"wb_protected":true, "old":true, "uncollectible":true, "marked":true}}
{"address":"0x7fb1f809e870", "type":"CLASS", "class":"0x7fb1f809e848", "name":"Errno::ENAMETOOLONG", "references":["0x7fb1f80ae0e0", "0x7fb1f809e820"], "memsize":552, "flags":{"wb_protected":true, "old":true, "uncollectible":true, "marked":true}}
{"address":"0x7fb1f809e898", "type":"STRING", "class":"0x7fb1f80b7578", "frozen":true, "embedded":true, "fstring":true, "bytesize":12, "value":"ENAMETOOLONG", "encoding":"US-ASCII", "memsize":40, "flags":{"wb_protected":true, "old":true, "uncollectible":true, "marked":true}}
{"address":"0x7fb1f809e8c0", "type":"IMEMO", "class":"0x7fb1f809f040", "imemo_type":"ment", "references":["0x7fb1f809ea50"], "memsize":48, "flags":{"wb_protected":true, "old":true, "uncollectible":true, "marked":true}}
{"address":"0x7fb1f809e8e8", "type":"STRING", "class":"0x7fb1f80b7578", "frozen":true, "embedded":true, "bytesize":16, "value":"Errno::EMULTIHOP", "encoding":"US-ASCII", "memsize":40, "flags":{"wb_protected":true, "old":true, "uncollectible":true, "marked":true}}
{"address":"0x7fb1f809e910", "type":"CLASS", "class":"0x7fb1f80bf700", "name":"Class", "references":["0x7fb1f80ae0b8", "0x7fb1f809e938"], "memsize":464, "flags":{"wb_protected":true, "old":true, "uncollectible":true, "marked":true}}
{"address":"0x7fb1f809e938", "type":"CLASS", "class":"0x7fb1f809e910", "name":"Errno::EMULTIHOP", "references":["0x7fb1f80ae0e0", "0x7fb1f809e8e8"], "memsize":552, "flags":{"wb_protected":true, "old":true, "uncollectible":true, "marked":true}}
{"address":"0x7fb1f809e960", "type":"STRING", "class":"0x7fb1f80b7578", "frozen":true, "embedded":true, "fstring":true, "bytesize":9, "value":"EMULTIHOP", "encoding":"US-ASCII", "memsize":40, "flags":{"wb_protected":true, "old":true, "uncollectible":true, "marked":true}}
{"address":"0x7fb1f809e988", "type":"IMEMO", "class":"0x7fb1f809f040", "imemo_type":"ment", "references":["0x7fb1f80aca60", "0x7fb1f809ee38"], "memsize":48, "flags":{"wb_protected":true, "old":true, "uncollectible":true, "marked":true}}
{"address":"0x7fb1f809e9b0", "type":"STRING", "class":"0x7fb1f80b7578", "frozen":true, "embedded":true, "bytesize":15, "value":"Errno::EMSGSIZE", "encoding":"US-ASCII", "memsize":40, "flags":{"wb_protected":true, "old":true, "uncollectible":true, "marked":true}}
{"address":"0x7fb1f809e9d8", "type":"CLASS", "class":"0x7fb1f80bf700", "name":"Class", "references":["0x7fb1f80ae0b8", "0x7fb1f809ea00"], "memsize":464, "flags":{"wb_protected":true, "old":true, "uncollectible":true, "marked":true}}
{"address":"0x7fb1f809ea00", "type":"CLASS", "class":"0x7fb1f809e9d8", "name":"Errno::EMSGSIZE", "references":["0x7fb1f80ae0e0", "0x7fb1f809e9b0"], "memsize":552, "flags":{"wb_protected":true, "old":true, "uncollectible":true, "marked":true}}
{"address":"0x7fb1f809ea28", "type":"STRING", "class":"0x7fb1f80b7578", "frozen":true, "embedded":true, "fstring":true, "bytesize":8, "value":"EMSGSIZE", "encoding":"US-ASCII", "memsize":40, "flags":{"wb_protected":true, "old":true, "uncollectible":true, "marked":true}}
{"address":"0x7fb1f809ea50", "type":"ARRAY", "class":"0x7fb1f8097228", "frozen":true, "length":2, "embedded":true, "references":["0x7fb1f80da4d8"], "memsize":40, "flags":{"wb_protected":true, "old":true, "uncollectible":true, "marked":true}}
{"address":"0x7fb1f809ea78", "type":"STRING", "class":"0x7fb1f80b7578", "frozen":true, "embedded":true, "bytesize":13, "value":"Errno::EMLINK", "encoding":"US-ASCII", "memsize":40, "flags":{"wb_protected":true, "old":true, "uncollectible":true, "marked":true}}
{"address":"0x7fb1f809eaa0", "type":"CLASS", "class":"0x7fb1f80bf700", "name":"Class", "references":["0x7fb1f80ae0b8", "0x7fb1f809eac8"], "memsize":464, "flags":{"wb_protected":true, "old":true, "uncollectible":true, "marked":true}}
{"address":"0x7fb1f809eac8", "type":"CLASS", "class":"0x7fb1f809eaa0", "name":"Errno::EMLINK", "references":["0x7fb1f80ae0e0", "0x7fb1f809ea78"], "memsize":552, "flags":{"wb_protected":true, "old":true, "uncollectible":true, "marked":true}}
{"address":"0x7fb1f809eaf0", "type":"STRING", "class":"0x7fb1f80b7578", "frozen":true, "embedded":true, "fstring":true, "bytesize":6, "value":"EMLINK", "encoding":"US-ASCII", "memsize":40, "flags":{"wb_protected":true, "old":true, "uncollectible":true, "marked":true}}
{"address":"0x7fb1f809eb18", "type":"IMEMO", "class":"0x7fb1f809f040", "imemo_type":"ment", "references":["0x7fb1f809ea50"], "memsize":48, "flags":{"wb_protected":true, "old":true, "uncollectible":true, "marked":true}}
{"address":"0x7fb1f809eb40", "type":"STRING", "class":"0x7fb1f80b7578", "frozen":true, "embedded":true, "bytesize":13, "value":"Errno::EMFILE", "encoding":"US-ASCII", "memsize":40, "flags":{"wb_protected":true, "old":true, "uncollectible":true, "marked":true}}
{"address":"0x7fb1f809eb68", "type":"CLASS", "class":"0x7fb1f80bf700", "name":"Class", "references":["0x7fb1f80ae0b8", "0x7fb1f809eb90"], "memsize":464, "flags":{"wb_protected":true, "old":true, "uncollectible":true, "marked":true}}
{"address":"0x7fb1f809eb90", "type":"CLASS", "class":"0x7fb1f809eb68", "name":"Errno::EMFILE", "references":["0x7fb1f80ae0e0", "0x7fb1f809eb40"], "memsize":552, "flags":{"wb_protected":true, "old":true, "uncollectible":true, "marked":true}}
{"address":"0x7fb1f809ebb8", "type":"STRING", "class":"0x7fb1f80b7578", "frozen":true, "embedded":true, "fstring":true, "bytesize":6, "value":"EMFILE", "encoding":"US-ASCII", "memsize":40, "flags":{"wb_protected":true, "old":true, "uncollectible":true, "marked":true}}
{"address":"0x7fb1f809ec08", "type":"STRING", "class":"0x7fb1f80b7578", "frozen":true, "embedded":true, "fstring":true, "bytesize":11, "value":"EMEDIUMTYPE", "encoding":"US-ASCII", "memsize":40, "flags":{"wb_protected":true, "old":true, "uncollectible":true, "marked":true}}
{"address":"0x7fb1f809ec30", "type":"STRING", "class":"0x7fb1f80b7578", "frozen":true, "embedded":true, "fstring":true, "bytesize":9, "value":"has_rdoc=", "encoding":"US-ASCII", "memsize":40, "flags":{"wb_protected":true, "old":true, "uncollectible":true, "marked":true}}
{"address":"0x7fb1f809ec58", "type":"STRING", "class":"0x7fb1f80b7578", "frozen":true, "embedded":true, "bytesize":12, "value":"Errno::ELOOP", "encoding":"US-ASCII", "memsize":40, "flags":{"wb_protected":true, "old":true, "uncollectible":true, "marked":true}}
{"address":"0x7fb1f809ec80", "type":"CLASS", "class":"0x7fb1f80bf700", "name":"Class", "references":["0x7fb1f80ae0b8", "0x7fb1f809eca8"], "memsize":464, "flags":{"wb_protected":true, "old":true, "uncollectible":true, "marked":true}}
{"address":"0x7fb1f809eca8", "type":"CLASS", "class":"0x7fb1f809ec80", "name":"Errno::ELOOP", "references":["0x7fb1f80ae0e0", "0x7fb1f809ec58"], "memsize":552, "flags":{"wb_protected":true, "old":true, "uncollectible":true, "marked":true}}
{"address":"0x7fb1f809ecd0", "type":"STRING", "class":"0x7fb1f80b7578", "frozen":true, "embedded":true, "fstring":true, "bytesize":5, "value":"ELOOP", "encoding":"US-ASCII", "memsize":40, "flags":{"wb_protected":true, "old":true, "uncollectible":true, "marked":true}}
{"address":"0x7fb1f809ecf8", "type":"ARRAY", "class":"0x7fb1f8097228", "frozen":true, "length":2, "embedded":true, "references":["0x7fb1f80da4d8"], "memsize":40, "flags":{"wb_protected":true, "old":true, "uncollectible":true, "marked":true}}
{"address":"0x7fb1f809ed20", "type":"STRING", "class":"0x7fb1f80b7578", "frozen":true, "embedded":true, "fstring":true, "bytesize":6, "value":"ELNRNG", "encoding":"US-ASCII", "memsize":40, "flags":{"wb_protected":true, "old":true, "uncollectible":true, "marked":true}}
{"address":"0x7fb1f809ed48", "type":"IMEMO", "class":"0x7fb1f809f040", "imemo_type":"ment", "references":["0x7fb1f809ecf8"], "memsize":48, "flags":{"wb_protected":true, "old":true, "uncollectible":true, "marked":true}}
{"address":"0x7fb1f809ed70", "type":"STRING", "class":"0x7fb1f80b7578", "frozen":true, "embedded":true, "fstring":true, "bytesize":7, "value":"ELIBSCN", "encoding":"US-ASCII", "memsize":40, "flags":{"wb_protected":true, "old":true, "uncollectible":true, "marked":true}}
{"address":"0x7fb1f809edc0", "type":"STRING", "class":"0x7fb1f80b7578", "frozen":true, "embedded":true, "fstring":true, "bytesize":7, "value":"ELIBMAX", "encoding":"US-ASCII", "memsize":40, "flags":{"wb_protected":true, "old":true, "uncollectible":true, "marked":true}}
{"address":"0x7fb1f809ede8", "type":"IMEMO", "class":"0x7fb1f809f040", "imemo_type":"ment", "references":["0x7fb1f80acb00", "0x7fb1f809ee38"], "memsize":48, "flags":{"wb_protected":true, "old":true, "uncollectible":true, "marked":true}}
{"address":"0x7fb1f809ee10", "type":"STRING", "class":"0x7fb1f80b7578", "frozen":true, "embedded":true, "fstring":true, "bytesize":8, "value":"ELIBEXEC", "encoding":"US-ASCII", "memsize":40, "flags":{"wb_protected":true, "old":true, "uncollectible":true, "marked":true}}
{"address":"0x7fb1f809ee38", "type":"IMEMO", "class":"0x8", "imemo_type":"cref", "references":["0x7fb1f809f040", "0x7fb1f80ac808"], "memsize":40, "flags":{"wb_protected":true, "old":true, "uncollectible":true, "marked":true}}
{"address":"0x7fb1f809ee60", "type":"STRING", "class":"0x7fb1f80b7578", "frozen":true, "embedded":true, "fstring":true, "bytesize":7, "value":"ELIBBAD", "encoding":"US-ASCII", "memsize":40, "flags":{"wb_protected":true, "old":true, "uncollectible":true, "marked":true}}
{"address":"0x7fb1f809ee88", "type":"STRING", "class":"0x7fb1f80b7578", "frozen":true, "embedded":true, "bytesize":23, "value":"Gem::SourceFetchProblem", "encoding":"US-ASCII", "memsize":40, "flags":{"wb_protected":true, "old":true, "uncollectible":true, "marked":true}}
{"address":"0x7fb1f809eeb0", "type":"STRING", "class":"0x7fb1f80b7578", "frozen":true, "embedded":true, "fstring":true, "bytesize":7, "value":"ELIBACC", "encoding":"US-ASCII", "memsize":40, "flags":{"wb_protected":true, "old":true, "uncollectible":true, "marked":true}}
{"address":"0x7fb1f809ef00", "type":"STRING", "class":"0x7fb1f80b7578", "frozen":true, "embedded":true, "bytesize":12, "value":"Errno::ELAST", "encoding":"US-ASCII", "memsize":40, "flags":{"wb_protected":true, "old":true, "uncollectible":true, "marked":true}}
{"address":"0x7fb1f809ef28", "type":"CLASS", "class":"0x7fb1f80bf700", "name":"Class", "references":["0x7fb1f80ae0b8", "0x7fb1f809ef50"], "memsize":464, "flags":{"wb_protected":true, "old":true, "uncollectible":true, "marked":true}}
{"address":"0x7fb1f809ef50", "type":"CLASS", "class":"0x7fb1f809ef28", "name":"Errno::ELAST", "references":["0x7fb1f80ae0e0", "0x7fb1f809ef00"], "memsize":552, "flags":{"wb_protected":true, "old":true, "uncollectible":true, "marked":true}}
{"address":"0x7fb1f809ef78", "type":"STRING", "class":"0x7fb1f80b7578", "frozen":true, "embedded":true, "fstring":true, "bytesize":5, "value":"ELAST", "encoding":"US-ASCII", "memsize":40, "flags":{"wb_protected":true, "old":true, "uncollectible":true, "marked":true}}
{"address":"0x7fb1f809efa0", "type":"STRING", "class":"0x7fb1f80b7578", "frozen":true, "fstring":true, "bytesize":79, "capacity":158, "value":"/Users/rschneeman/.rubies/ruby-2.7.1/lib/ruby/2.7.0/x86_64-darwin17/rbconfig.rb", "encoding":"US-ASCII", "memsize":199, "flags":{"wb_protected":true, "old":true, "uncollectible":true, "marked":true}}
{"address":"0x7fb1f809efc8", "type":"STRING", "class":"0x7fb1f80b7578", "frozen":true, "embedded":true, "fstring":true, "bytesize":6, "value":"EL3RST", "encoding":"US-ASCII", "memsize":40, "flags":{"wb_protected":true, "old":true, "uncollectible":true, "marked":true}}
{"address":"0x7fb1f809eff0", "type":"CLASS", "class":"0x7fb1f80bf700", "name":"Class", "references":["0x7fb1f80a5288", "0x7fb1f809f040"], "memsize":464, "flags":{"wb_protected":true, "old":true, "uncollectible":true, "marked":true}}
{"address":"0x7fb1f809f018", "type":"STRING", "class":"0x7fb1f80b7578", "frozen":true, "embedded":true, "fstring":true, "bytesize":6, "value":"EL3HLT", "encoding":"US-ASCII", "memsize":40, "flags":{"wb_protected":true, "old":true, "uncollectible":true, "marked":true}}
{"address":"0x7fb1f809f040", "type":"CLASS", "class":"0x7fb1f809eff0", "name":"Gem::SourceFetchProblem", "references":["0x7fb1f80a5350", "0x7fb1f809ede8", "0x7fb1f809ed48", "0x7fb1f809e988", "0x7fb1f809e8c0", "0x7fb1f809eb18", "0x7fb1f809ee88"], "memsize":592, "flags":{"wb_protected":true, "old":true, "uncollectible":true, "marked":true}}
{"address":"0x7fb1f809f068", "type":"STRING", "class":"0x7fb1f80b7578", "frozen":true, "embedded":true, "fstring":true, "bytesize":8, "value":"EL2NSYNC", "encoding":"US-ASCII", "memsize":40, "flags":{"wb_protected":true, "old":true, "uncollectible":true, "marked":true}}
{"address":"0x7fb1f809f0b8", "type":"STRING", "class":"0x7fb1f80b7578", "frozen":true, "embedded":true, "fstring":true, "bytesize":6, "value":"EL2HLT", "encoding":"US-ASCII", "memsize":40, "flags":{"wb_protected":true, "old":true, "uncollectible":true, "marked":true}}
{"address":"0x7fb1f809f0e0", "type":"IMEMO", "class":"0x7fb1f80a4f18", "imemo_type":"ment", "references":["0x7fb1f80ad3c0", "0x7fb1f80a4c70"], "memsize":48, "flags":{"wb_protected":true, "old":true, "uncollectible":true, "marked":true}}
{"address":"0x7fb1f809f108", "type":"STRING", "class":"0x7fb1f80b7578", "frozen":true, "embedded":true, "fstring":true, "bytesize":11, "value":"EKEYREVOKED", "encoding":"US-ASCII", "memsize":40, "flags":{"wb_protected":true, "old":true, "uncollectible":true, "marked":true}}
{"address":"0x7fb1f809f130", "type":"IMEMO", "class":"0x7fb1f80a4f18", "imemo_type":"ment", "references":["0x7fb1f80ad4b0", "0x7fb1f80a4c70"], "memsize":48, "flags":{"wb_protected":true, "old":true, "uncollectible":true, "marked":true}}
{"address":"0x7fb1f809f158", "type":"STRING", "class":"0x7fb1f80b7578", "frozen":true, "embedded":true, "fstring":true, "bytesize":12, "value":"EKEYREJECTED", "encoding":"US-ASCII", "memsize":40, "flags":{"wb_protected":true, "old":true, "uncollectible":true, "marked":true}}
{"address":"0x7fb1f809f180", "type":"STRING", "class":"0x7fb1f80b7578", "bytesize":56, "value":"/Users/rschneeman/.rubies/ruby-2.7.1/lib/ruby/gems/2.7.0", "encoding":"US-ASCII", "memsize":97, "flags":{"wb_protected":true, "old":true, "uncollectible":true, "marked":true}}
{"address":"0x7fb1f809f1a8", "type":"STRING", "class":"0x7fb1f80b7578", "frozen":true, "embedded":true, "fstring":true, "bytesize":11, "value":"EKEYEXPIRED", "encoding":"US-ASCII", "memsize":40, "flags":{"wb_protected":true, "old":true, "uncollectible":true, "marked":true}}
{"address":"0x7fb1f809f1f8", "type":"STRING", "class":"0x7fb1f80b7578", "frozen":true, "embedded":true, "fstring":true, "bytesize":6, "value":"EISNAM", "encoding":"US-ASCII", "memsize":40, "flags":{"wb_protected":true, "old":true, "uncollectible":true, "marked":true}}
{"address":"0x7fb1f809f220", "type":"STRING", "class":"0x7fb1f80b7578", "frozen":true, "embedded":true, "fstring":true, "bytesize":8, "value":"StreamUI", "encoding":"US-ASCII", "memsize":40, "flags":{"wb_protected":true, "old":true, "uncollectible":true, "marked":true}}
{"address":"0x7fb1f809f248", "type":"STRING", "class":"0x7fb1f80b7578", "frozen":true, "embedded":true, "bytesize":13, "value":"Errno::EISDIR", "encoding":"US-ASCII", "memsize":40, "flags":{"wb_protected":true, "old":true, "uncollectible":true, "marked":true}}
{"address":"0x7fb1f809f270", "type":"CLASS", "class":"0x7fb1f80bf700", "name":"Class", "references":["0x7fb1f80ae0b8", "0x7fb1f809f298"], "memsize":464, "flags":{"wb_protected":true, "old":true, "uncollectible":true, "marked":true}}
{"address":"0x7fb1f809f298", "type":"CLASS", "class":"0x7fb1f809f270", "name":"Errno::EISDIR", "references":["0x7fb1f80ae0e0", "0x7fb1f809f248"], "memsize":552, "flags":{"wb_protected":true, "old":true, "uncollectible":true, "marked":true}}
{"address":"0x7fb1f809f2c0", "type":"STRING", "class":"0x7fb1f80b7578", "frozen":true, "embedded":true, "fstring":true, "bytesize":6, "value":"EISDIR", "encoding":"US-ASCII", "memsize":40, "flags":{"wb_protected":true, "old":true, "uncollectible":true, "marked":true}}
{"address":"0x7fb1f809f2e8", "type":"IMEMO", "class":"0x7fb1f80a4f18", "imemo_type":"ment", "references":["0x7fb1f80ad528", "0x7fb1f80a4c70"], "memsize":48, "flags":{"wb_protected":true, "old":true, "uncollectible":true, "marked":true}}
{"address":"0x7fb1f809f310", "type":"STRING", "class":"0x7fb1f80b7578", "frozen":true, "embedded":true, "bytesize":14, "value":"Errno::EISCONN", "encoding":"US-ASCII", "memsize":40, "flags":{"wb_protected":true, "old":true, "uncollectible":true, "marked":true}}
{"address":"0x7fb1f809f338", "type":"CLASS", "class":"0x7fb1f80bf700", "name":"Class", "references":["0x7fb1f80ae0b8", "0x7fb1f809f360"], "memsize":464, "flags":{"wb_protected":true, "old":true, "uncollectible":true, "marked":true}}
{"address":"0x7fb1f809f360", "type":"CLASS", "class":"0x7fb1f809f338", "name":"Errno::EISCONN", "references":["0x7fb1f80ae0e0", "0x7fb1f809f310"], "memsize":552, "flags":{"wb_protected":true, "old":true, "uncollectible":true, "marked":true}}
{"address":"0x7fb1f809f388", "type":"STRING", "class":"0x7fb1f80b7578", "frozen":true, "embedded":true, "fstring":true, "bytesize":7, "value":"EISCONN", "encoding":"US-ASCII", "memsize":40, "flags":{"wb_protected":true, "old":true, "uncollectible":true, "marked":true}}
{"address":"0x7fb1f809f3b0", "type":"ARRAY", "class":"0x7fb1f8097228", "frozen":true, "length":2, "embedded":true, "references":["0x7fb1f80da4d8"], "memsize":40, "flags":{"wb_protected":true, "old":true, "uncollectible":true, "marked":true}}
{"address":"0x7fb1f809f3d8", "type":"STRING", "class":"0x7fb1f80b7578", "frozen":true, "embedded":true, "fstring":true, "bytesize":6, "value":"EIPSEC", "encoding":"US-ASCII", "memsize":40, "flags":{"wb_protected":true, "old":true, "uncollectible":true, "marked":true}}
{"address":"0x7fb1f809f400", "type":"IMEMO", "class":"0x8", "imemo_type":"cref", "references":["0x7fb1f80c5240"], "memsize":40, "flags":{"wb_protected":true, "old":true, "uncollectible":true, "marked":true}}
{"address":"0x7fb1f809f428", "type":"STRING", "class":"0x7fb1f80b7578", "frozen":true, "embedded":true, "bytesize":10, "value":"Errno::EIO", "encoding":"US-ASCII", "memsize":40, "flags":{"wb_protected":true, "old":true, "uncollectible":true, "marked":true}}
{"address":"0x7fb1f809f450", "type":"CLASS", "class":"0x7fb1f80bf700", "name":"Class", "references":["0x7fb1f80ae0b8", "0x7fb1f809f478"], "memsize":464, "flags":{"wb_protected":true, "old":true, "uncollectible":true, "marked":true}}
{"address":"0x7fb1f809f478", "type":"CLASS", "class":"0x7fb1f809f450", "name":"Errno::EIO", "references":["0x7fb1f80ae0e0", "0x7fb1f809f428"], "memsize":552, "flags":{"wb_protected":true, "old":true, "uncollectible":true, "marked":true}}
{"address":"0x7fb1f809f4a0", "type":"STRING", "class":"0x7fb1f80b7578", "frozen":true, "embedded":true, "fstring":true, "bytesize":3, "value":"EIO", "encoding":"US-ASCII", "memsize":40, "flags":{"wb_protected":true, "old":true, "uncollectible":true, "marked":true}}
{"address":"0x7fb1f809f4c8", "type":"STRING", "class":"0x7fb1f80b7578", "frozen":true, "fstring":true, "bytesize":29, "value":"rubygems/core_ext/kernel_warn", "encoding":"UTF-8", "memsize":70, "flags":{"wb_protected":true, "old":true, "uncollectible":true, "marked":true}}
{"address":"0x7fb1f809f4f0", "type":"STRING", "class":"0x7fb1f80b7578", "frozen":true, "embedded":true, "bytesize":13, "value":"Errno::EINVAL", "encoding":"US-ASCII", "memsize":40, "flags":{"wb_protected":true, "old":true, "uncollectible":true, "marked":true}}
{"address":"0x7fb1f809f518", "type":"CLASS", "class":"0x7fb1f80bf700", "name":"Class", "references":["0x7fb1f80ae0b8", "0x7fb1f809f540"], "memsize":464, "flags":{"wb_protected":true, "old":true, "uncollectible":true, "marked":true}}
{"address":"0x7fb1f809f540", "type":"CLASS", "class":"0x7fb1f809f518", "name":"Errno::EINVAL", "references":["0x7fb1f80ae0e0", "0x7fb1f809f4f0"], "memsize":552, "flags":{"wb_protected":true, "old":true, "uncollectible":true, "marked":true}}
{"address":"0x7fb1f809f568", "type":"STRING", "class":"0x7fb1f80b7578", "frozen":true, "embedded":true, "fstring":true, "bytesize":6, "value":"EINVAL", "encoding":"US-ASCII", "memsize":40, "flags":{"wb_protected":true, "old":true, "uncollectible":true, "marked":true}}
{"address":"0x7fb1f809f590", "type":"STRING", "class":"0x7fb1f80b7578", "frozen":true, "fstring":true, "bytesize":32, "value":"rubygems/core_ext/kernel_require", "encoding":"UTF-8", "memsize":73, "flags":{"wb_protected":true, "old":true, "uncollectible":true, "marked":true}}
{"address":"0x7fb1f809f5b8", "type":"STRING", "class":"0x7fb1f80b7578", "frozen":true, "embedded":true, "bytesize":12, "value":"Errno::EINTR", "encoding":"US-ASCII", "memsize":40, "flags":{"wb_protected":true, "old":true, "uncollectible":true, "marked":true}}
{"address":"0x7fb1f809f5e0", "type":"CLASS", "class":"0x7fb1f80bf700", "name":"Class", "references":["0x7fb1f80ae0b8", "0x7fb1f809f608"], "memsize":464, "flags":{"wb_protected":true, "old":true, "uncollectible":true, "marked":true}}
{"address":"0x7fb1f809f608", "type":"CLASS", "class":"0x7fb1f809f5e0", "name":"Errno::EINTR", "references":["0x7fb1f80ae0e0", "0x7fb1f809f5b8"], "memsize":552, "flags":{"wb_protected":true, "old":true, "uncollectible":true, "marked":true}}
{"address":"0x7fb1f809f630", "type":"STRING", "class":"0x7fb1f80b7578", "frozen":true, "embedded":true, "fstring":true, "bytesize":5, "value":"EINTR", "encoding":"US-ASCII", "memsize":40, "flags":{"wb_protected":true, "old":true, "uncollectible":true, "marked":true}}
{"address":"0x7fb1f809f658", "type":"STRING", "class":"0x7fb1f80b7578", "frozen":true, "fstring":true, "bytesize":28, "value":"rubygems/core_ext/kernel_gem", "encoding":"UTF-8", "memsize":69, "flags":{"wb_protected":true, "old":true, "uncollectible":true, "marked":true}}
{"address":"0x7fb1f809f680", "type":"STRING", "class":"0x7fb1f80b7578", "frozen":true, "embedded":true, "bytesize":18, "value":"Errno::EINPROGRESS", "encoding":"US-ASCII", "memsize":40, "flags":{"wb_protected":true, "old":true, "uncollectible":true, "marked":true}}
{"address":"0x7fb1f809f6a8", "type":"CLASS", "class":"0x7fb1f80bf700", "name":"Class", "references":["0x7fb1f80ae0b8", "0x7fb1f809f6d0"], "memsize":464, "flags":{"wb_protected":true, "old":true, "uncollectible":true, "marked":true}}
{"address":"0x7fb1f809f6d0", "type":"CLASS", "class":"0x7fb1f809f6a8", "name":"Errno::EINPROGRESS", "references":["0x7fb1f80ae0e0", "0x7fb1f809f680"], "memsize":552, "flags":{"wb_protected":true, "old":true, "uncollectible":true, "marked":true}}
{"address":"0x7fb1f809f6f8", "type":"STRING", "class":"0x7fb1f80b7578", "frozen":true, "embedded":true, "fstring":true, "bytesize":11, "value":"EINPROGRESS", "encoding":"US-ASCII", "memsize":40, "flags":{"wb_protected":true, "old":true, "uncollectible":true, "marked":true}}
{"address":"0x7fb1f809f720", "type":"IMEMO", "class":"0x7fb1f80a4f18", "imemo_type":"ment", "references":["0x7fb1f809f3b0"], "memsize":48, "flags":{"wb_protected":true, "old":true, "uncollectible":true, "marked":true}}
{"address":"0x7fb1f809f748", "type":"STRING", "class":"0x7fb1f80b7578", "frozen":true, "embedded":true, "bytesize":13, "value":"Errno::EILSEQ", "encoding":"US-ASCII", "memsize":40, "flags":{"wb_protected":true, "old":true, "uncollectible":true, "marked":true}}
{"address":"0x7fb1f809f770", "type":"CLASS", "class":"0x7fb1f80bf700", "name":"Class", "references":["0x7fb1f80ae0b8", "0x7fb1f809f798"], "memsize":464, "flags":{"wb_protected":true, "old":true, "uncollectible":true, "marked":true}}
{"address":"0x7fb1f809f798", "type":"CLASS", "class":"0x7fb1f809f770", "name":"Errno::EILSEQ", "references":["0x7fb1f80ae0e0", "0x7fb1f809f748"], "memsize":552, "flags":{"wb_protected":true, "old":true, "uncollectible":true, "marked":true}}
{"address":"0x7fb1f809f7c0", "type":"STRING", "class":"0x7fb1f80b7578", "frozen":true, "embedded":true, "fstring":true, "bytesize":6, "value":"EILSEQ", "encoding":"US-ASCII", "memsize":40, "flags":{"wb_protected":true, "old":true, "uncollectible":true, "marked":true}}
{"address":"0x7fb1f809f810", "type":"STRING", "class":"0x7fb1f80b7578", "frozen":true, "embedded":true, "bytesize":12, "value":"Errno::EIDRM", "encoding":"US-ASCII", "memsize":40, "flags":{"wb_protected":true, "old":true, "uncollectible":true, "marked":true}}
{"address":"0x7fb1f809f838", "type":"CLASS", "class":"0x7fb1f80bf700", "name":"Class", "references":["0x7fb1f80ae0b8", "0x7fb1f809f860"], "memsize":464, "flags":{"wb_protected":true, "old":true, "uncollectible":true, "marked":true}}
{"address":"0x7fb1f809f860", "type":"CLASS", "class":"0x7fb1f809f838", "name":"Errno::EIDRM", "references":["0x7fb1f80ae0e0", "0x7fb1f809f810"], "memsize":552, "flags":{"wb_protected":true, "old":true, "uncollectible":true, "marked":true}}
{"address":"0x7fb1f809f888", "type":"STRING", "class":"0x7fb1f80b7578", "frozen":true, "embedded":true, "fstring":true, "bytesize":5, "value":"EIDRM", "encoding":"US-ASCII", "memsize":40, "flags":{"wb_protected":true, "old":true, "uncollectible":true, "marked":true}}
{"address":"0x7fb1f809f8b0", "type":"STRING", "class":"0x7fb1f80b7578", "frozen":true, "embedded":true, "fstring":true, "bytesize":18, "value":"rubygems/defaults/", "encoding":"UTF-8", "memsize":40, "flags":{"wb_protected":true, "old":true, "uncollectible":true, "marked":true}}
{"address":"0x7fb1f809f8d8", "type":"STRING", "class":"0x7fb1f80b7578", "frozen":true, "embedded":true, "fstring":true, "bytesize":9, "value":"EHWPOISON", "encoding":"US-ASCII", "memsize":40, "flags":{"wb_protected":true, "old":true, "uncollectible":true, "marked":true}}
{"address":"0x7fb1f809f900", "type":"IMEMO", "imemo_type":"iseq", "references":["0x7fb1f809fe78", "0x7fb1f80c7388", "0x7fb1f80343f8", "0x7fb1f80c7298"], "memsize":584, "flags":{"wb_protected":true, "old":true, "uncollectible":true, "marked":true}}
{"address":"0x7fb1f809f928", "type":"STRING", "class":"0x7fb1f80b7578", "frozen":true, "embedded":true, "bytesize":19, "value":"Errno::EHOSTUNREACH", "encoding":"US-ASCII", "memsize":40, "flags":{"wb_protected":true, "old":true, "uncollectible":true, "marked":true}}
{"address":"0x7fb1f809f950", "type":"CLASS", "class":"0x7fb1f80bf700", "name":"Class", "references":["0x7fb1f80ae0b8", "0x7fb1f809f978"], "memsize":464, "flags":{"wb_protected":true, "old":true, "uncollectible":true, "marked":true}}
{"address":"0x7fb1f809f978", "type":"CLASS", "class":"0x7fb1f809f950", "name":"Errno::EHOSTUNREACH", "references":["0x7fb1f80ae0e0", "0x7fb1f809f928"], "memsize":552, "flags":{"wb_protected":true, "old":true, "uncollectible":true, "marked":true}}
{"address":"0x7fb1f809f9a0", "type":"STRING", "class":"0x7fb1f80b7578", "frozen":true, "embedded":true, "fstring":true, "bytesize":12, "value":"EHOSTUNREACH", "encoding":"US-ASCII", "memsize":40, "flags":{"wb_protected":true, "old":true, "uncollectible":true, "marked":true}}
{"address":"0x7fb1f809f9c8", "type":"ARRAY", "class":"0x7fb1f8097228", "frozen":true, "length":2, "embedded":true, "references":["0x7fb1f80da4d8"], "memsize":40, "flags":{"wb_protected":true, "old":true, "uncollectible":true, "marked":true}}
{"address":"0x7fb1f809f9f0", "type":"STRING", "class":"0x7fb1f80b7578", "frozen":true, "embedded":true, "bytesize":16, "value":"Errno::EHOSTDOWN", "encoding":"US-ASCII", "memsize":40, "flags":{"wb_protected":true, "old":true, "uncollectible":true, "marked":true}}
{"address":"0x7fb1f809fa18", "type":"CLASS", "class":"0x7fb1f80bf700", "name":"Class", "references":["0x7fb1f80ae0b8", "0x7fb1f809fa40"], "memsize":464, "flags":{"wb_protected":true, "old":true, "uncollectible":true, "marked":true}}
{"address":"0x7fb1f809fa40", "type":"CLASS", "class":"0x7fb1f809fa18", "name":"Errno::EHOSTDOWN", "references":["0x7fb1f80ae0e0", "0x7fb1f809f9f0"], "memsize":552, "flags":{"wb_protected":true, "old":true, "uncollectible":true, "marked":true}}
{"address":"0x7fb1f809fa68", "type":"STRING", "class":"0x7fb1f80b7578", "frozen":true, "embedded":true, "fstring":true, "bytesize":9, "value":"EHOSTDOWN", "encoding":"US-ASCII", "memsize":40, "flags":{"wb_protected":true, "old":true, "uncollectible":true, "marked":true}}
{"address":"0x7fb1f809fa90", "type":"IMEMO", "class":"0x7fb1f80a4f18", "imemo_type":"ment", "references":["0x7fb1f809f9c8"], "memsize":48, "flags":{"wb_protected":true, "old":true, "uncollectible":true, "marked":true}}
{"address":"0x7fb1f809fab8", "type":"STRING", "class":"0x7fb1f80b7578", "frozen":true, "embedded":true, "bytesize":13, "value":"Errno::EFTYPE", "encoding":"US-ASCII", "memsize":40, "flags":{"wb_protected":true, "old":true, "uncollectible":true, "marked":true}}
{"address":"0x7fb1f809fae0", "type":"CLASS", "class":"0x7fb1f80bf700", "name":"Class", "references":["0x7fb1f80ae0b8", "0x7fb1f809fb08"], "memsize":464, "flags":{"wb_protected":true, "old":true, "uncollectible":true, "marked":true}}
{"address":"0x7fb1f809fb08", "type":"CLASS", "class":"0x7fb1f809fae0", "name":"Errno::EFTYPE", "references":["0x7fb1f80ae0e0", "0x7fb1f809fab8"], "memsize":552, "flags":{"wb_protected":true, "old":true, "uncollectible":true, "marked":true}}
{"address":"0x7fb1f809fb30", "type":"STRING", "class":"0x7fb1f80b7578", "frozen":true, "embedded":true, "fstring":true, "bytesize":6, "value":"EFTYPE", "encoding":"US-ASCII", "memsize":40, "flags":{"wb_protected":true, "old":true, "uncollectible":true, "marked":true}}
{"address":"0x7fb1f809fb80", "type":"STRING", "class":"0x7fb1f80b7578", "frozen":true, "embedded":true, "bytesize":12, "value":"Errno::EFBIG", "encoding":"US-ASCII", "memsize":40, "flags":{"wb_protected":true, "old":true, "uncollectible":true, "marked":true}}
{"address":"0x7fb1f809fba8", "type":"CLASS", "class":"0x7fb1f80bf700", "name":"Class", "references":["0x7fb1f80ae0b8", "0x7fb1f809fbd0"], "memsize":464, "flags":{"wb_protected":true, "old":true, "uncollectible":true, "marked":true}}
{"address":"0x7fb1f809fbd0", "type":"CLASS", "class":"0x7fb1f809fba8", "name":"Errno::EFBIG", "references":["0x7fb1f80ae0e0", "0x7fb1f809fb80"], "memsize":552, "flags":{"wb_protected":true, "old":true, "uncollectible":true, "marked":true}}
{"address":"0x7fb1f809fbf8", "type":"STRING", "class":"0x7fb1f80b7578", "frozen":true, "embedded":true, "fstring":true, "bytesize":5, "value":"EFBIG", "encoding":"US-ASCII", "memsize":40, "flags":{"wb_protected":true, "old":true, "uncollectible":true, "marked":true}}
{"address":"0x7fb1f809fc20", "type":"ARRAY", "class":"0x7fb1f8097228", "frozen":true, "length":2, "embedded":true, "references":["0x7fb1f80da4d8"], "memsize":40, "flags":{"wb_protected":true, "old":true, "uncollectible":true, "marked":true}}
{"address":"0x7fb1f809fc48", "type":"STRING", "class":"0x7fb1f80b7578", "frozen":true, "embedded":true, "bytesize":13, "value":"Errno::EFAULT", "encoding":"US-ASCII", "memsize":40, "flags":{"wb_protected":true, "old":true, "uncollectible":true, "marked":true}}
{"address":"0x7fb1f809fc70", "type":"CLASS", "class":"0x7fb1f80bf700", "name":"Class", "references":["0x7fb1f80ae0b8", "0x7fb1f809fc98"], "memsize":464, "flags":{"wb_protected":true, "old":true, "uncollectible":true, "marked":true}}
{"address":"0x7fb1f809fc98", "type":"CLASS", "class":"0x7fb1f809fc70", "name":"Errno::EFAULT", "references":["0x7fb1f80ae0e0", "0x7fb1f809fc48"], "memsize":552, "flags":{"wb_protected":true, "old":true, "uncollectible":true, "marked":true}}
{"address":"0x7fb1f809fcc0", "type":"STRING", "class":"0x7fb1f80b7578", "frozen":true, "embedded":true, "fstring":true, "bytesize":6, "value":"EFAULT", "encoding":"US-ASCII", "memsize":40, "flags":{"wb_protected":true, "old":true, "uncollectible":true, "marked":true}}
{"address":"0x7fb1f809fce8", "type":"STRING", "class":"0x7fb1f80b7578", "frozen":true, "fstring":true, "bytesize":34, "value":"rubygems/defaults/operating_system", "encoding":"UTF-8", "memsize":75, "flags":{"wb_protected":true, "old":true, "uncollectible":true, "marked":true}}
{"address":"0x7fb1f809fd10", "type":"STRING", "class":"0x7fb1f80b7578", "frozen":true, "embedded":true, "bytesize":13, "value":"Errno::EEXIST", "encoding":"US-ASCII", "memsize":40, "flags":{"wb_protected":true, "old":true, "uncollectible":true, "marked":true}}
{"address":"0x7fb1f809fd38", "type":"CLASS", "class":"0x7fb1f80bf700", "name":"Class", "references":["0x7fb1f80ae0b8", "0x7fb1f809fd60"], "memsize":464, "flags":{"wb_protected":true, "old":true, "uncollectible":true, "marked":true}}
{"address":"0x7fb1f809fd60", "type":"CLASS", "class":"0x7fb1f809fd38", "name":"Errno::EEXIST", "references":["0x7fb1f80ae0e0", "0x7fb1f809fd10"], "memsize":552, "flags":{"wb_protected":true, "old":true, "uncollectible":true, "marked":true}}
{"address":"0x7fb1f809fd88", "type":"STRING", "class":"0x7fb1f80b7578", "frozen":true, "embedded":true, "fstring":true, "bytesize":6, "value":"EEXIST", "encoding":"US-ASCII", "memsize":40, "flags":{"wb_protected":true, "old":true, "uncollectible":true, "marked":true}}
{"address":"0x7fb1f809fdb0", "type":"IMEMO", "imemo_type":"iseq", "references":["0x7fb1f809fe78", "0x7fb1f80c7388", "0x7fb1f80343f8", "0x7fb1f80c7298"], "memsize":584, "flags":{"wb_protected":true, "old":true, "uncollectible":true, "marked":true}}
{"address":"0x7fb1f809fdd8", "type":"STRING", "class":"0x7fb1f80b7578", "frozen":true, "embedded":true, "bytesize":13, "value":"Errno::EDQUOT", "encoding":"US-ASCII", "memsize":40, "flags":{"wb_protected":true, "old":true, "uncollectible":true, "marked":true}}
{"address":"0x7fb1f809fe00", "type":"CLASS", "class":"0x7fb1f80bf700", "name":"Class", "references":["0x7fb1f80ae0b8", "0x7fb1f809fe28"], "memsize":464, "flags":{"wb_protected":true, "old":true, "uncollectible":true, "marked":true}}
{"address":"0x7fb1f809fe28", "type":"CLASS", "class":"0x7fb1f809fe00", "name":"Errno::EDQUOT", "references":["0x7fb1f80ae0e0", "0x7fb1f809fdd8"], "memsize":552, "flags":{"wb_protected":true, "old":true, "uncollectible":true, "marked":true}}
{"address":"0x7fb1f809fe50", "type":"STRING", "class":"0x7fb1f80b7578", "frozen":true, "embedded":true, "fstring":true, "bytesize":6, "value":"EDQUOT", "encoding":"US-ASCII", "memsize":40, "flags":{"wb_protected":true, "old":true, "uncollectible":true, "marked":true}}
{"address":"0x7fb1f809fe78", "type":"STRING", "class":"0x7fb1f80b7578", "frozen":true, "fstring":true, "bytesize":26, "capacity":47, "value":"rescue in <top (required)>", "memsize":88, "flags":{"wb_protected":true, "old":true, "uncollectible":true, "marked":true}}
{"address":"0x7fb1f809fea0", "type":"STRING", "class":"0x7fb1f80b7578", "frozen":true, "embedded":true, "fstring":true, "bytesize":7, "value":"EDOTDOT", "encoding":"US-ASCII", "memsize":40, "flags":{"wb_protected":true, "old":true, "uncollectible":true, "marked":true}}
{"address":"0x7fb1f809fec8", "type":"IMEMO", "class":"0x7fb1f80a4f18", "imemo_type":"ment", "references":["0x7fb1f809fc20"], "memsize":48, "flags":{"wb_protected":true, "old":true, "uncollectible":true, "marked":true}}
{"address":"0x7fb1f809fef0", "type":"STRING", "class":"0x7fb1f80b7578", "frozen":true, "embedded":true, "fstring":true, "bytesize":7, "value":"EDOOFUS", "encoding":"US-ASCII", "memsize":40, "flags":{"wb_protected":true, "old":true, "uncollectible":true, "marked":true}}
{"address":"0x7fb1f809ff18", "type":"STRING", "class":"0x7fb1f80b7578", "frozen":true, "embedded":true, "fstring":true, "bytesize":19, "value":"rubygems/exceptions", "encoding":"UTF-8", "memsize":40, "flags":{"wb_protected":true, "old":true, "uncollectible":true, "marked":true}}
{"address":"0x7fb1f809ff40", "type":"STRING", "class":"0x7fb1f80b7578", "frozen":true, "embedded":true, "bytesize":11, "value":"Errno::EDOM", "encoding":"US-ASCII", "memsize":40, "flags":{"wb_protected":true, "old":true, "uncollectible":true, "marked":true}}
{"address":"0x7fb1f809ff68", "type":"CLASS", "class":"0x7fb1f80bf700", "name":"Class", "references":["0x7fb1f80ae0b8", "0x7fb1f809ff90"], "memsize":464, "flags":{"wb_protected":true, "old":true, "uncollectible":true, "marked":true}}
{"address":"0x7fb1f809ff90", "type":"CLASS", "class":"0x7fb1f809ff68", "name":"Errno::EDOM", "references":["0x7fb1f80ae0e0", "0x7fb1f809ff40"], "memsize":552, "flags":{"wb_protected":true, "old":true, "uncollectible":true, "marked":true}}
{"address":"0x7fb1f80a4018", "type":"STRING", "class":"0x7fb1f80b7578", "frozen":true, "embedded":true, "fstring":true, "bytesize":4, "value":"EDOM", "encoding":"US-ASCII", "memsize":40, "flags":{"wb_protected":true, "old":true, "uncollectible":true, "marked":true}}
{"address":"0x7fb1f80a4040", "type":"STRING", "class":"0x7fb1f80b7578", "frozen":true, "embedded":true, "fstring":true, "bytesize":16, "value":"rubygems/version", "encoding":"UTF-8", "memsize":40, "flags":{"wb_protected":true, "old":true, "uncollectible":true, "marked":true}}
{"address":"0x7fb1f80a4068", "type":"STRING", "class":"0x7fb1f80b7578", "frozen":true, "embedded":true, "bytesize":14, "value":"Errno::EDEVERR", "encoding":"US-ASCII", "memsize":40, "flags":{"wb_protected":true, "old":true, "uncollectible":true, "marked":true}}
{"address":"0x7fb1f80a4090", "type":"CLASS", "class":"0x7fb1f80bf700", "name":"Class", "references":["0x7fb1f80ae0b8", "0x7fb1f80a40b8"], "memsize":464, "flags":{"wb_protected":true, "old":true, "uncollectible":true, "marked":true}}
{"address":"0x7fb1f80a40b8", "type":"CLASS", "class":"0x7fb1f80a4090", "name":"Errno::EDEVERR", "references":["0x7fb1f80ae0e0", "0x7fb1f80a4068"], "memsize":552, "flags":{"wb_protected":true, "old":true, "uncollectible":true, "marked":true}}
{"address":"0x7fb1f80a40e0", "type":"STRING", "class":"0x7fb1f80b7578", "frozen":true, "embedded":true, "fstring":true, "bytesize":7, "value":"EDEVERR", "encoding":"US-ASCII", "memsize":40, "flags":{"wb_protected":true, "old":true, "uncollectible":true, "marked":true}}
{"address":"0x7fb1f80a4108", "type":"STRING", "class":"0x7fb1f80b7578", "frozen":true, "embedded":true, "fstring":true, "bytesize":13, "value":"rubygems/util", "encoding":"UTF-8", "memsize":40, "flags":{"wb_protected":true, "old":true, "uncollectible":true, "marked":true}}
{"address":"0x7fb1f80a4130", "type":"STRING", "class":"0x7fb1f80b7578", "frozen":true, "embedded":true, "bytesize":19, "value":"Errno::EDESTADDRREQ", "encoding":"US-ASCII", "memsize":40, "flags":{"wb_protected":true, "old":true, "uncollectible":true, "marked":true}}
{"address":"0x7fb1f80a4158", "type":"CLASS", "class":"0x7fb1f80bf700", "name":"Class", "references":["0x7fb1f80ae0b8", "0x7fb1f80a4180"], "memsize":464, "flags":{"wb_protected":true, "old":true, "uncollectible":true, "marked":true}}
{"address":"0x7fb1f80a4180", "type":"CLASS", "class":"0x7fb1f80a4158", "name":"Errno::EDESTADDRREQ", "references":["0x7fb1f80ae0e0", "0x7fb1f80a4130"], "memsize":552, "flags":{"wb_protected":true, "old":true, "uncollectible":true, "marked":true}}
{"address":"0x7fb1f80a41a8", "type":"STRING", "class":"0x7fb1f80b7578", "frozen":true, "embedded":true, "fstring":true, "bytesize":12, "value":"EDESTADDRREQ", "encoding":"US-ASCII", "memsize":40, "flags":{"wb_protected":true, "old":true, "uncollectible":true, "marked":true}}
{"address":"0x7fb1f80a41d0", "type":"STRING", "class":"0x7fb1f80b7578", "frozen":true, "embedded":true, "fstring":true, "bytesize":22, "value":"rubygems/specification", "encoding":"UTF-8", "memsize":40, "flags":{"wb_protected":true, "old":true, "uncollectible":true, "marked":true}}
{"address":"0x7fb1f80a41f8", "type":"STRING", "class":"0x7fb1f80b7578", "frozen":true, "embedded":true, "fstring":true, "bytesize":9, "value":"EDEADLOCK", "encoding":"US-ASCII", "memsize":40, "flags":{"wb_protected":true, "old":true, "uncollectible":true, "marked":true}}
{"address":"0x7fb1f80a4220", "type":"STRING", "class":"0x7fb1f80b7578", "frozen":true, "embedded":true, "fstring":true, "bytesize":21, "value":"rubygems/spec_fetcher", "encoding":"UTF-8", "memsize":40, "flags":{"wb_protected":true, "old":true, "uncollectible":true, "marked":true}}
{"address":"0x7fb1f80a4248", "type":"STRING", "class":"0x7fb1f80b7578", "frozen":true, "embedded":true, "bytesize":14, "value":"Errno::EDEADLK", "encoding":"US-ASCII", "memsize":40, "flags":{"wb_protected":true, "old":true, "uncollectible":true, "marked":true}}
{"address":"0x7fb1f80a4270", "type":"CLASS", "class":"0x7fb1f80bf700", "name":"Class", "references":["0x7fb1f80ae0b8", "0x7fb1f80a4298"], "memsize":464, "flags":{"wb_protected":true, "old":true, "uncollectible":true, "marked":true}}
{"address":"0x7fb1f80a4298", "type":"CLASS", "class":"0x7fb1f80a4270", "name":"Errno::EDEADLK", "references":["0x7fb1f80ae0e0", "0x7fb1f80a4248"], "memsize":552, "flags":{"wb_protected":true, "old":true, "uncollectible":true, "marked":true}}
{"address":"0x7fb1f80a42c0", "type":"STRING", "class":"0x7fb1f80b7578", "frozen":true, "embedded":true, "fstring":true, "bytesize":7, "value":"EDEADLK", "encoding":"US-ASCII", "memsize":40, "flags":{"wb_protected":true, "old":true, "uncollectible":true, "marked":true}}
{"address":"0x7fb1f80a42e8", "type":"STRING", "class":"0x7fb1f80b7578", "frozen":true, "embedded":true, "fstring":true, "bytesize":20, "value":"rubygems/source_list", "encoding":"UTF-8", "memsize":40, "flags":{"wb_protected":true, "old":true, "uncollectible":true, "marked":true}}
{"address":"0x7fb1f80a4310", "type":"STRING", "class":"0x7fb1f80b7578", "frozen":true, "embedded":true, "bytesize":17, "value":"Errno::ECONNRESET", "encoding":"US-ASCII", "memsize":40, "flags":{"wb_protected":true, "old":true, "uncollectible":true, "marked":true}}
{"address":"0x7fb1f80a4338", "type":"CLASS", "class":"0x7fb1f80bf700", "name":"Class", "references":["0x7fb1f80ae0b8", "0x7fb1f80a4360"], "memsize":464, "flags":{"wb_protected":true, "old":true, "uncollectible":true, "marked":true}}
{"address":"0x7fb1f80a4360", "type":"CLASS", "class":"0x7fb1f80a4338", "name":"Errno::ECONNRESET", "references":["0x7fb1f80ae0e0", "0x7fb1f80a4310"], "memsize":552, "flags":{"wb_protected":true, "old":true, "uncollectible":true, "marked":true}}
{"address":"0x7fb1f80a4388", "type":"STRING", "class":"0x7fb1f80b7578", "frozen":true, "embedded":true, "fstring":true, "bytesize":10, "value":"ECONNRESET", "encoding":"US-ASCII", "memsize":40, "flags":{"wb_protected":true, "old":true, "uncollectible":true, "marked":true}}
{"address":"0x7fb1f80a43b0", "type":"STRING", "class":"0x7fb1f80b7578", "frozen":true, "embedded":true, "fstring":true, "bytesize":15, "value":"rubygems/source", "encoding":"UTF-8", "memsize":40, "flags":{"wb_protected":true, "old":true, "uncollectible":true, "marked":true}}
{"address":"0x7fb1f80a43d8", "type":"STRING", "class":"0x7fb1f80b7578", "frozen":true, "embedded":true, "bytesize":19, "value":"Errno::ECONNREFUSED", "encoding":"US-ASCII", "memsize":40, "flags":{"wb_protected":true, "old":true, "uncollectible":true, "marked":true}}
{"address":"0x7fb1f80a4400", "type":"CLASS", "class":"0x7fb1f80bf700", "name":"Class", "references":["0x7fb1f80ae0b8", "0x7fb1f80a4428"], "memsize":464, "flags":{"wb_protected":true, "old":true, "uncollectible":true, "marked":true}}
{"address":"0x7fb1f80a4428", "type":"CLASS", "class":"0x7fb1f80a4400", "name":"Errno::ECONNREFUSED", "references":["0x7fb1f80ae0e0", "0x7fb1f80a43d8"], "memsize":552, "flags":{"wb_protected":true, "old":true, "uncollectible":true, "marked":true}}
{"address":"0x7fb1f80a4450", "type":"STRING", "class":"0x7fb1f80b7578", "frozen":true, "embedded":true, "fstring":true, "bytesize":12, "value":"ECONNREFUSED", "encoding":"US-ASCII", "memsize":40, "flags":{"wb_protected":true, "old":true, "uncollectible":true, "marked":true}}
{"address":"0x7fb1f80a4478", "type":"STRING", "class":"0x7fb1f80b7578", "frozen":true, "embedded":true, "fstring":true, "bytesize":17, "value":"rubygems/resolver", "encoding":"UTF-8", "memsize":40, "flags":{"wb_protected":true, "old":true, "uncollectible":true, "marked":true}}
{"address":"0x7fb1f80a44a0", "type":"STRING", "class":"0x7fb1f80b7578", "frozen":true, "embedded":true, "bytesize":19, "value":"Errno::ECONNABORTED", "encoding":"US-ASCII", "memsize":40, "flags":{"wb_protected":true, "old":true, "uncollectible":true, "marked":true}}
{"address":"0x7fb1f80a44c8", "type":"CLASS", "class":"0x7fb1f80bf700", "name":"Class", "references":["0x7fb1f80ae0b8", "0x7fb1f80a44f0"], "memsize":464, "flags":{"wb_protected":true, "old":true, "uncollectible":true, "marked":true}}
{"address":"0x7fb1f80a44f0", "type":"CLASS", "class":"0x7fb1f80a44c8", "name":"Errno::ECONNABORTED", "references":["0x7fb1f80ae0e0", "0x7fb1f80a44a0"], "memsize":552, "flags":{"wb_protected":true, "old":true, "uncollectible":true, "marked":true}}
{"address":"0x7fb1f80a4518", "type":"STRING", "class":"0x7fb1f80b7578", "frozen":true, "embedded":true, "fstring":true, "bytesize":12, "value":"ECONNABORTED", "encoding":"US-ASCII", "memsize":40, "flags":{"wb_protected":true, "old":true, "uncollectible":true, "marked":true}}
{"address":"0x7fb1f80a4540", "type":"STRING", "class":"0x7fb1f80b7578", "frozen":true, "embedded":true, "fstring":true, "bytesize":20, "value":"rubygems/requirement", "encoding":"UTF-8", "memsize":40, "flags":{"wb_protected":true, "old":true, "uncollectible":true, "marked":true}}
{"address":"0x7fb1f80a4568", "type":"STRING", "class":"0x7fb1f80b7578", "frozen":true, "embedded":true, "fstring":true, "bytesize":5, "value":"ECOMM", "encoding":"US-ASCII", "memsize":40, "flags":{"wb_protected":true, "old":true, "uncollectible":true, "marked":true}}
{"address":"0x7fb1f80a4590", "type":"STRING", "class":"0x7fb1f80b7578", "frozen":true, "embedded":true, "fstring":true, "bytesize":20, "value":"rubygems/request_set", "encoding":"UTF-8", "memsize":40, "flags":{"wb_protected":true, "old":true, "uncollectible":true, "marked":true}}
{"address":"0x7fb1f80a45b8", "type":"STRING", "class":"0x7fb1f80b7578", "frozen":true, "embedded":true, "fstring":true, "bytesize":6, "value":"ECHRNG", "encoding":"US-ASCII", "memsize":40, "flags":{"wb_protected":true, "old":true, "uncollectible":true, "marked":true}}
{"address":"0x7fb1f80a45e0", "type":"STRING", "class":"0x7fb1f80b7578", "frozen":true, "embedded":true, "fstring":true, "bytesize":17, "value":"rubygems/platform", "encoding":"UTF-8", "memsize":40, "flags":{"wb_protected":true, "old":true, "uncollectible":true, "marked":true}}
{"address":"0x7fb1f80a4608", "type":"STRING", "class":"0x7fb1f80b7578", "frozen":true, "embedded":true, "bytesize":13, "value":"Errno::ECHILD", "encoding":"US-ASCII", "memsize":40, "flags":{"wb_protected":true, "old":true, "uncollectible":true, "marked":true}}
{"address":"0x7fb1f80a4630", "type":"CLASS", "class":"0x7fb1f80bf700", "name":"Class", "references":["0x7fb1f80ae0b8", "0x7fb1f80a4658"], "memsize":464, "flags":{"wb_protected":true, "old":true, "uncollectible":true, "marked":true}}
{"address":"0x7fb1f80a4658", "type":"CLASS", "class":"0x7fb1f80a4630", "name":"Errno::ECHILD", "references":["0x7fb1f80ae0e0", "0x7fb1f80a4608"], "memsize":552, "flags":{"wb_protected":true, "old":true, "uncollectible":true, "marked":true}}
{"address":"0x7fb1f80a4680", "type":"STRING", "class":"0x7fb1f80b7578", "frozen":true, "embedded":true, "fstring":true, "bytesize":6, "value":"ECHILD", "encoding":"US-ASCII", "memsize":40, "flags":{"wb_protected":true, "old":true, "uncollectible":true, "marked":true}}
{"address":"0x7fb1f80a46a8", "type":"STRING", "class":"0x7fb1f80b7578", "frozen":true, "embedded":true, "fstring":true, "bytesize":21, "value":"rubygems/path_support", "encoding":"UTF-8", "memsize":40, "flags":{"wb_protected":true, "old":true, "uncollectible":true, "marked":true}}
{"address":"0x7fb1f80a46d0", "type":"STRING", "class":"0x7fb1f80b7578", "frozen":true, "embedded":true, "fstring":true, "bytesize":8, "value":"ECAPMODE", "encoding":"US-ASCII", "memsize":40, "flags":{"wb_protected":true, "old":true, "uncollectible":true, "marked":true}}
{"address":"0x7fb1f80a46f8", "type":"STRING", "class":"0x7fb1f80b7578", "frozen":true, "embedded":true, "fstring":true, "bytesize":22, "value":"rubygems/util/licenses", "encoding":"UTF-8", "memsize":40, "flags":{"wb_protected":true, "old":true, "uncollectible":true, "marked":true}}
{"address":"0x7fb1f80a4720", "type":"STRING", "class":"0x7fb1f80b7578", "frozen":true, "embedded":true, "bytesize":16, "value":"Errno::ECANCELED", "encoding":"US-ASCII", "memsize":40, "flags":{"wb_protected":true, "old":true, "uncollectible":true, "marked":true}}
{"address":"0x7fb1f80a4748", "type":"CLASS", "class":"0x7fb1f80bf700", "name":"Class", "references":["0x7fb1f80ae0b8", "0x7fb1f80a4770"], "memsize":464, "flags":{"wb_protected":true, "old":true, "uncollectible":true, "marked":true}}
{"address":"0x7fb1f80a4770", "type":"CLASS", "class":"0x7fb1f80a4748", "name":"Errno::ECANCELED", "references":["0x7fb1f80ae0e0", "0x7fb1f80a4720"], "memsize":552, "flags":{"wb_protected":true, "old":true, "uncollectible":true, "marked":true}}
{"address":"0x7fb1f80a4798", "type":"STRING", "class":"0x7fb1f80b7578", "frozen":true, "embedded":true, "fstring":true, "bytesize":9, "value":"ECANCELED", "encoding":"US-ASCII", "memsize":40, "flags":{"wb_protected":true, "old":true, "uncollectible":true, "marked":true}}
{"address":"0x7fb1f80a47c0", "type":"STRING", "class":"0x7fb1f80b7578", "frozen":true, "embedded":true, "fstring":true, "bytesize":18, "value":"rubygems/installer", "encoding":"UTF-8", "memsize":40, "flags":{"wb_protected":true, "old":true, "uncollectible":true, "marked":true}}
{"address":"0x7fb1f80a47e8", "type":"STRING", "class":"0x7fb1f80b7578", "frozen":true, "embedded":true, "bytesize":12, "value":"Errno::EBUSY", "encoding":"US-ASCII", "memsize":40, "flags":{"wb_protected":true, "old":true, "uncollectible":true, "marked":true}}
{"address":"0x7fb1f80a4810", "type":"CLASS", "class":"0x7fb1f80bf700", "name":"Class", "references":["0x7fb1f80ae0b8", "0x7fb1f80a4838"], "memsize":464, "flags":{"wb_protected":true, "old":true, "uncollectible":true, "marked":true}}
{"address":"0x7fb1f80a4838", "type":"CLASS", "class":"0x7fb1f80a4810", "name":"Errno::EBUSY", "references":["0x7fb1f80ae0e0", "0x7fb1f80a47e8"], "memsize":552, "flags":{"wb_protected":true, "old":true, "uncollectible":true, "marked":true}}
{"address":"0x7fb1f80a4860", "type":"STRING", "class":"0x7fb1f80b7578", "frozen":true, "embedded":true, "fstring":true, "bytesize":5, "value":"EBUSY", "encoding":"US-ASCII", "memsize":40, "flags":{"wb_protected":true, "old":true, "uncollectible":true, "marked":true}}
{"address":"0x7fb1f80a4888", "type":"STRING", "class":"0x7fb1f80b7578", "frozen":true, "fstring":true, "bytesize":24, "value":"rubygems/dependency_list", "encoding":"UTF-8", "memsize":65, "flags":{"wb_protected":true, "old":true, "uncollectible":true, "marked":true}}
{"address":"0x7fb1f80a48b0", "type":"STRING", "class":"0x7fb1f80b7578", "frozen":true, "embedded":true, "fstring":true, "bytesize":6, "value":"EBFONT", "encoding":"US-ASCII", "memsize":40, "flags":{"wb_protected":true, "old":true, "uncollectible":true, "marked":true}}
{"address":"0x7fb1f80a48d8", "type":"STRING", "class":"0x7fb1f80b7578", "frozen":true, "embedded":true, "fstring":true, "bytesize":19, "value":"rubygems/dependency", "encoding":"UTF-8", "memsize":40, "flags":{"wb_protected":true, "old":true, "uncollectible":true, "marked":true}}
{"address":"0x7fb1f80a4900", "type":"STRING", "class":"0x7fb1f80b7578", "frozen":true, "embedded":true, "fstring":true, "bytesize":7, "value":"EBADSLT", "encoding":"US-ASCII", "memsize":40, "flags":{"wb_protected":true, "old":true, "uncollectible":true, "marked":true}}
{"address":"0x7fb1f80a4928", "type":"STRING", "class":"0x7fb1f80b7578", "frozen":true, "embedded":true, "fstring":true, "bytesize":20, "value":"rubygems/config_file", "encoding":"UTF-8", "memsize":40, "flags":{"wb_protected":true, "old":true, "uncollectible":true, "marked":true}}
{"address":"0x7fb1f80a4950", "type":"STRING", "class":"0x7fb1f80b7578", "frozen":true, "embedded":true, "fstring":true, "bytesize":7, "value":"EBADRQC", "encoding":"US-ASCII", "memsize":40, "flags":{"wb_protected":true, "old":true, "uncollectible":true, "marked":true}}
{"address":"0x7fb1f80a4978", "type":"STRING", "class":"0x7fb1f80b7578", "frozen":true, "fstring":true, "bytesize":31, "value":"rubygems/bundler_version_finder", "encoding":"UTF-8", "memsize":72, "flags":{"wb_protected":true, "old":true, "uncollectible":true, "marked":true}}
{"address":"0x7fb1f80a49a0", "type":"STRING", "class":"0x7fb1f80b7578", "frozen":true, "embedded":true, "bytesize":14, "value":"Errno::EBADRPC", "encoding":"US-ASCII", "memsize":40, "flags":{"wb_protected":true, "old":true, "uncollectible":true, "marked":true}}
{"address":"0x7fb1f80a49c8", "type":"CLASS", "class":"0x7fb1f80bf700", "name":"Class", "references":["0x7fb1f80ae0b8", "0x7fb1f80a49f0"], "memsize":464, "flags":{"wb_protected":true, "old":true, "uncollectible":true, "marked":true}}
{"address":"0x7fb1f80a49f0", "type":"CLASS", "class":"0x7fb1f80a49c8", "name":"Errno::EBADRPC", "references":["0x7fb1f80ae0e0", "0x7fb1f80a49a0"], "memsize":552, "flags":{"wb_protected":true, "old":true, "uncollectible":true, "marked":true}}
{"address":"0x7fb1f80a4a18", "type":"STRING", "class":"0x7fb1f80b7578", "frozen":true, "embedded":true, "fstring":true, "bytesize":7, "value":"EBADRPC", "encoding":"US-ASCII", "memsize":40, "flags":{"wb_protected":true, "old":true, "uncollectible":true, "marked":true}}
{"address":"0x7fb1f80a4a40", "type":"STRING", "class":"0x7fb1f80b7578", "frozen":true, "embedded":true, "fstring":true, "bytesize":14, "value":"quick/Marshal.", "encoding":"UTF-8", "memsize":40, "flags":{"wb_protected":true, "old":true, "uncollectible":true, "marked":true}}
{"address":"0x7fb1f80a4a68", "type":"STRING", "class":"0x7fb1f80b7578", "frozen":true, "embedded":true, "fstring":true, "bytesize":5, "value":"EBADR", "encoding":"US-ASCII", "memsize":40, "flags":{"wb_protected":true, "old":true, "uncollectible":true, "marked":true}}
{"address":"0x7fb1f80a4a90", "type":"IMEMO", "imemo_type":"iseq", "references":["0x7fb1fb02d820", "0x7fb1fb02d820", "0x7fb1f80343f8"], "memsize":524, "flags":{"wb_protected":true, "old":true, "uncollectible":true, "marked":true}}
{"address":"0x7fb1f80a4ab8", "type":"STRING", "class":"0x7fb1f80b7578", "frozen":true, "embedded":true, "bytesize":14, "value":"Errno::EBADMSG", "encoding":"US-ASCII", "memsize":40, "flags":{"wb_protected":true, "old":true, "uncollectible":true, "marked":true}}
{"address":"0x7fb1f80a4ae0", "type":"CLASS", "class":"0x7fb1f80bf700", "name":"Class", "references":["0x7fb1f80ae0b8", "0x7fb1f80a4b08"], "memsize":464, "flags":{"wb_protected":true, "old":true, "uncollectible":true, "marked":true}}
{"address":"0x7fb1f80a4b08", "type":"CLASS", "class":"0x7fb1f80a4ae0", "name":"Errno::EBADMSG", "references":["0x7fb1f80ae0e0", "0x7fb1f80a4ab8"], "memsize":552, "flags":{"wb_protected":true, "old":true, "uncollectible":true, "marked":true}}
{"address":"0x7fb1f80a4b30", "type":"STRING", "class":"0x7fb1f80b7578", "frozen":true, "embedded":true, "fstring":true, "bytesize":7, "value":"EBADMSG", "encoding":"US-ASCII", "memsize":40, "flags":{"wb_protected":true, "old":true, "uncollectible":true, "marked":true}}
{"address":"0x7fb1f80a4b58", "type":"IMEMO", "imemo_type":"iseq", "references":["0x7fb1fb02da50", "0x7fb1fb02da50", "0x7fb1f80343f8"], "memsize":1212, "flags":{"wb_protected":true, "old":true, "uncollectible":true, "marked":true}}
{"address":"0x7fb1f80a4b80", "type":"STRING", "class":"0x7fb1f80b7578", "frozen":true, "embedded":true, "bytesize":16, "value":"Errno::EBADMACHO", "encoding":"US-ASCII", "memsize":40, "flags":{"wb_protected":true, "old":true, "uncollectible":true, "marked":true}}
{"address":"0x7fb1f80a4ba8", "type":"CLASS", "class":"0x7fb1f80bf700", "name":"Class", "references":["0x7fb1f80ae0b8", "0x7fb1f80a4bd0"], "memsize":464, "flags":{"wb_protected":true, "old":true, "uncollectible":true, "marked":true}}
{"address":"0x7fb1f80a4bd0", "type":"CLASS", "class":"0x7fb1f80a4ba8", "name":"Errno::EBADMACHO", "references":["0x7fb1f80ae0e0", "0x7fb1f80a4b80"], "memsize":552, "flags":{"wb_protected":true, "old":true, "uncollectible":true, "marked":true}}
{"address":"0x7fb1f80a4bf8", "type":"STRING", "class":"0x7fb1f80b7578", "frozen":true, "embedded":true, "fstring":true, "bytesize":9, "value":"EBADMACHO", "encoding":"US-ASCII", "memsize":40, "flags":{"wb_protected":true, "old":true, "uncollectible":true, "marked":true}}
{"address":"0x7fb1f80a4c20", "type":"STRING", "class":"0x7fb1f80b7578", "frozen":true, "embedded":true, "fstring":true, "bytesize":15, "value":"can't activate ", "encoding":"UTF-8", "memsize":40, "flags":{"wb_protected":true, "old":true, "uncollectible":true, "marked":true}}
{"address":"0x7fb1f80a4c48", "type":"STRING", "class":"0x7fb1f80b7578", "frozen":true, "embedded":true, "fstring":true, "bytesize":6, "value":"EBADFD", "encoding":"US-ASCII", "memsize":40, "flags":{"wb_protected":true, "old":true, "uncollectible":true, "marked":true}}
{"address":"0x7fb1f80a4c70", "type":"IMEMO", "class":"0x8", "imemo_type":"cref", "references":["0x7fb1f80a4f18", "0x7fb1f80ac808"], "memsize":40, "flags":{"wb_protected":true, "old":true, "uncollectible":true, "marked":true}}
{"address":"0x7fb1f80a4c98", "type":"STRING", "class":"0x7fb1f80b7578", "frozen":true, "embedded":true, "bytesize":12, "value":"Errno::EBADF", "encoding":"US-ASCII", "memsize":40, "flags":{"wb_protected":true, "old":true, "uncollectible":true, "marked":true}}
{"address":"0x7fb1f80a4cc0", "type":"CLASS", "class":"0x7fb1f80bf700", "name":"Class", "references":["0x7fb1f80ae0b8", "0x7fb1f80a4ce8"], "memsize":464, "flags":{"wb_protected":true, "old":true, "uncollectible":true, "marked":true}}
{"address":"0x7fb1f80a4ce8", "type":"CLASS", "class":"0x7fb1f80a4cc0", "name":"Errno::EBADF", "references":["0x7fb1f80ae0e0", "0x7fb1f80a4c98"], "memsize":552, "flags":{"wb_protected":true, "old":true, "uncollectible":true, "marked":true}}
{"address":"0x7fb1f80a4d10", "type":"STRING", "class":"0x7fb1f80b7578", "frozen":true, "embedded":true, "fstring":true, "bytesize":5, "value":"EBADF", "encoding":"US-ASCII", "memsize":40, "flags":{"wb_protected":true, "old":true, "uncollectible":true, "marked":true}}
{"address":"0x7fb1f80a4d38", "type":"STRING", "class":"0x7fb1f80b7578", "frozen":true, "embedded":true, "bytesize":21, "value":"Gem::PlatformMismatch", "encoding":"US-ASCII", "memsize":40, "flags":{"wb_protected":true, "old":true, "uncollectible":true, "marked":true}}
{"address":"0x7fb1f80a4d60", "type":"STRING", "class":"0x7fb1f80b7578", "frozen":true, "embedded":true, "bytesize":15, "value":"Errno::EBADEXEC", "encoding":"US-ASCII", "memsize":40, "flags":{"wb_protected":true, "old":true, "uncollectible":true, "marked":true}}
{"address":"0x7fb1f80a4d88", "type":"CLASS", "class":"0x7fb1f80bf700", "name":"Class", "references":["0x7fb1f80ae0b8", "0x7fb1f80a4db0"], "memsize":464, "flags":{"wb_protected":true, "old":true, "uncollectible":true, "marked":true}}
{"address":"0x7fb1f80a4db0", "type":"CLASS", "class":"0x7fb1f80a4d88", "name":"Errno::EBADEXEC", "references":["0x7fb1f80ae0e0", "0x7fb1f80a4d60"], "memsize":552, "flags":{"wb_protected":true, "old":true, "uncollectible":true, "marked":true}}
{"address":"0x7fb1f80a4dd8", "type":"STRING", "class":"0x7fb1f80b7578", "frozen":true, "embedded":true, "fstring":true, "bytesize":8, "value":"EBADEXEC", "encoding":"US-ASCII", "memsize":40, "flags":{"wb_protected":true, "old":true, "uncollectible":true, "marked":true}}
{"address":"0x7fb1f80a4e00", "type":"CLASS", "class":"0x7fb1f80bf700", "name":"Class", "references":["0x7fb1f80a5288", "0x7fb1f80a4f18"], "memsize":464, "flags":{"wb_protected":true, "old":true, "uncollectible":true, "marked":true}}
{"address":"0x7fb1f80a4e28", "type":"STRING", "class":"0x7fb1f80b7578", "frozen":true, "embedded":true, "fstring":true, "bytesize":5, "value":"EBADE", "encoding":"US-ASCII", "memsize":40, "flags":{"wb_protected":true, "old":true, "uncollectible":true, "marked":true}}
{"address":"0x7fb1f80a4e50", "type":"IMEMO", "imemo_type":"iseq", "references":["0x7fb1f80beaa8", "0x7fb1f80beaa8", "0x7fb1f80a6160", "0x7fb1fb02e2e8", "0x7fb1f80343f8", "0x7fb1f80a6200"], "memsize":1428, "flags":{"wb_protected":true, "old":true, "uncollectible":true, "marked":true}}
{"address":"0x7fb1f80a4e78", "type":"STRING", "class":"0x7fb1f80b7578", "frozen":true, "embedded":true, "bytesize":15, "value":"Errno::EBADARCH", "encoding":"US-ASCII", "memsize":40, "flags":{"wb_protected":true, "old":true, "uncollectible":true, "marked":true}}
{"address":"0x7fb1f80a4ea0", "type":"CLASS", "class":"0x7fb1f80bf700", "name":"Class", "references":["0x7fb1f80ae0b8", "0x7fb1f80a4ec8"], "memsize":464, "flags":{"wb_protected":true, "old":true, "uncollectible":true, "marked":true}}
{"address":"0x7fb1f80a4ec8", "type":"CLASS", "class":"0x7fb1f80a4ea0", "name":"Errno::EBADARCH", "references":["0x7fb1f80ae0e0", "0x7fb1f80a4e78"], "memsize":552, "flags":{"wb_protected":true, "old":true, "uncollectible":true, "marked":true}}
{"address":"0x7fb1f80a4ef0", "type":"STRING", "class":"0x7fb1f80b7578", "frozen":true, "embedded":true, "fstring":true, "bytesize":8, "value":"EBADARCH", "encoding":"US-ASCII", "memsize":40, "flags":{"wb_protected":true, "old":true, "uncollectible":true, "marked":true}}
{"address":"0x7fb1f80a4f18", "type":"CLASS", "class":"0x7fb1f80a4e00", "name":"Gem::PlatformMismatch", "references":["0x7fb1f80a5350", "0x7fb1f809f2e8", "0x7fb1f809f130", "0x7fb1f809f720", "0x7fb1f809f0e0", "0x7fb1f809fec8", "0x7fb1f809fa90", "0x7fb1f80a4d38"], "memsize":592, "flags":{"wb_protected":true, "old":true, "uncollectible":true, "marked":true}}
{"address":"0x7fb1f80a4f40", "type":"STRING", "class":"0x7fb1f80b7578", "frozen":true, "embedded":true, "bytesize":12, "value":"Errno::EAUTH", "encoding":"US-ASCII", "memsize":40, "flags":{"wb_protected":true, "old":true, "uncollectible":true, "marked":true}}
{"address":"0x7fb1f80a4f68", "type":"CLASS", "class":"0x7fb1f80bf700", "name":"Class", "references":["0x7fb1f80ae0b8", "0x7fb1f80a4f90"], "memsize":464, "flags":{"wb_protected":true, "old":true, "uncollectible":true, "marked":true}}
{"address":"0x7fb1f80a4f90", "type":"CLASS", "class":"0x7fb1f80a4f68", "name":"Errno::EAUTH", "references":["0x7fb1f80ae0e0", "0x7fb1f80a4f40"], "memsize":552, "flags":{"wb_protected":true, "old":true, "uncollectible":true, "marked":true}}
{"address":"0x7fb1f80a4fb8", "type":"STRING", "class":"0x7fb1f80b7578", "frozen":true, "embedded":true, "fstring":true, "bytesize":5, "value":"EAUTH", "encoding":"US-ASCII", "memsize":40, "flags":{"wb_protected":true, "old":true, "uncollectible":true, "marked":true}}
{"address":"0x7fb1f80a4fe0", "type":"STRING", "class":"0x7fb1f80b7578", "frozen":true, "embedded":true, "fstring":true, "bytesize":2, "value":"^(", "encoding":"UTF-8", "memsize":40, "flags":{"wb_protected":true, "old":true, "uncollectible":true, "marked":true}}
{"address":"0x7fb1f80a5008", "type":"STRING", "class":"0x7fb1f80b7578", "frozen":true, "embedded":true, "bytesize":15, "value":"Errno::EALREADY", "encoding":"US-ASCII", "memsize":40, "flags":{"wb_protected":true, "old":true, "uncollectible":true, "marked":true}}
{"address":"0x7fb1f80a5030", "type":"CLASS", "class":"0x7fb1f80bf700", "name":"Class", "references":["0x7fb1f80ae0b8", "0x7fb1f80a5058"], "memsize":464, "flags":{"wb_protected":true, "old":true, "uncollectible":true, "marked":true}}
{"address":"0x7fb1f80a5058", "type":"CLASS", "class":"0x7fb1f80a5030", "name":"Errno::EALREADY", "references":["0x7fb1f80ae0e0", "0x7fb1f80a5008"], "memsize":552, "flags":{"wb_protected":true, "old":true, "uncollectible":true, "marked":true}}
{"address":"0x7fb1f80a5080", "type":"STRING", "class":"0x7fb1f80b7578", "frozen":true, "embedded":true, "fstring":true, "bytesize":8, "value":"EALREADY", "encoding":"US-ASCII", "memsize":40, "flags":{"wb_protected":true, "old":true, "uncollectible":true, "marked":true}}
{"address":"0x7fb1f80a50a8", "type":"STRING", "class":"0x7fb1f80b7578", "frozen":true, "embedded":true, "fstring":true, "bytesize":1, "value":"|", "encoding":"UTF-8", "memsize":40, "flags":{"wb_protected":true, "old":true, "uncollectible":true, "marked":true}}
{"address":"0x7fb1f80a50d0", "type":"STRING", "class":"0x7fb1f80b7578", "frozen":true, "embedded":true, "bytesize":13, "value":"Errno::EAGAIN", "encoding":"US-ASCII", "memsize":40, "flags":{"wb_protected":true, "old":true, "uncollectible":true, "marked":true}}
{"address":"0x7fb1f80a50f8", "type":"CLASS", "class":"0x7fb1f80bf700", "name":"Class", "references":["0x7fb1f80ae0b8", "0x7fb1f80a5120"], "memsize":464, "flags":{"wb_protected":true, "old":true, "uncollectible":true, "marked":true}}
{"address":"0x7fb1f80a5120", "type":"CLASS", "class":"0x7fb1f80a50f8", "name":"Errno::EAGAIN", "references":["0x7fb1f80ae0e0", "0x7fb1f80a50d0"], "memsize":552, "flags":{"wb_protected":true, "old":true, "uncollectible":true, "marked":true}}
{"address":"0x7fb1f80a5148", "type":"STRING", "class":"0x7fb1f80b7578", "frozen":true, "embedded":true, "fstring":true, "bytesize":6, "value":"EAGAIN", "encoding":"US-ASCII", "memsize":40, "flags":{"wb_protected":true, "old":true, "uncollectible":true, "marked":true}}
{"address":"0x7fb1f80a5170", "type":"IMEMO", "imemo_type":"iseq", "references":["0x7fb1f80a4c20", "0x7fb1f8097d68", "0x7fb1f800d848", "0x7fb1f800d848", "0x7fb1f808c788"], "memsize":2056, "flags":{"wb_protected":true, "old":true, "uncollectible":true, "marked":true}}
{"address":"0x7fb1f80a5198", "type":"STRING", "class":"0x7fb1f80b7578", "frozen":true, "embedded":true, "bytesize":19, "value":"Errno::EAFNOSUPPORT", "encoding":"US-ASCII", "memsize":40, "flags":{"wb_protected":true, "old":true, "uncollectible":true, "marked":true}}
{"address":"0x7fb1f80a51c0", "type":"CLASS", "class":"0x7fb1f80bf700", "name":"Class", "references":["0x7fb1f80ae0b8", "0x7fb1f80a51e8"], "memsize":464, "flags":{"wb_protected":true, "old":true, "uncollectible":true, "marked":true}}
{"address":"0x7fb1f80a51e8", "type":"CLASS", "class":"0x7fb1f80a51c0", "name":"Errno::EAFNOSUPPORT", "references":["0x7fb1f80ae0e0", "0x7fb1f80a5198"], "memsize":552, "flags":{"wb_protected":true, "old":true, "uncollectible":true, "marked":true}}
{"address":"0x7fb1f80a5210", "type":"STRING", "class":"0x7fb1f80b7578", "frozen":true, "embedded":true, "fstring":true, "bytesize":12, "value":"EAFNOSUPPORT", "encoding":"US-ASCII", "memsize":40, "flags":{"wb_protected":true, "old":true, "uncollectible":true, "marked":true}}
{"address":"0x7fb1f80a5238", "type":"STRING", "class":"0x7fb1f80b7578", "frozen":true, "embedded":true, "bytesize":16, "value":"Gem::ErrorReason", "encoding":"US-ASCII", "memsize":40, "flags":{"wb_protected":true, "old":true, "uncollectible":true, "marked":true}}
{"address":"0x7fb1f80a5260", "type":"STRING", "class":"0x7fb1f80b7578", "frozen":true, "embedded":true, "fstring":true, "bytesize":4, "value":"EADV", "encoding":"US-ASCII", "memsize":40, "flags":{"wb_protected":true, "old":true, "uncollectible":true, "marked":true}}
{"address":"0x7fb1f80a5288", "type":"CLASS", "class":"0x7fb1f80bf700", "name":"Class", "references":["0x7fb1f80bf6b0", "0x7fb1f80a5350"], "memsize":464, "flags":{"wb_protected":true, "old":true, "uncollectible":true, "marked":true}}
{"address":"0x7fb1f80a52b0", "type":"STRING", "class":"0x7fb1f80b7578", "frozen":true, "embedded":true, "bytesize":20, "value":"Errno::EADDRNOTAVAIL", "encoding":"US-ASCII", "memsize":40, "flags":{"wb_protected":true, "old":true, "uncollectible":true, "marked":true}}
{"address":"0x7fb1f80a52d8", "type":"CLASS", "class":"0x7fb1f80bf700", "name":"Class", "references":["0x7fb1f80ae0b8", "0x7fb1f80a5300"], "memsize":464, "flags":{"wb_protected":true, "old":true, "uncollectible":true, "marked":true}}
{"address":"0x7fb1f80a5300", "type":"CLASS", "class":"0x7fb1f80a52d8", "name":"Errno::EADDRNOTAVAIL", "references":["0x7fb1f80ae0e0", "0x7fb1f80a52b0"], "memsize":552, "flags":{"wb_protected":true, "old":true, "uncollectible":true, "marked":true}}
{"address":"0x7fb1f80a5328", "type":"STRING", "class":"0x7fb1f80b7578", "frozen":true, "embedded":true, "fstring":true, "bytesize":13, "value":"EADDRNOTAVAIL", "encoding":"US-ASCII", "memsize":40, "flags":{"wb_protected":true, "old":true, "uncollectible":true, "marked":true}}
{"address":"0x7fb1f80a5350", "type":"CLASS", "class":"0x7fb1f80a5288", "name":"Gem::ErrorReason", "references":["0x7fb1f80c5240", "0x7fb1f80a5238"], "memsize":464, "flags":{"wb_protected":true, "old":true, "uncollectible":true, "marked":true}}
{"address":"0x7fb1f80a5378", "type":"STRING", "class":"0x7fb1f80b7578", "frozen":true, "embedded":true, "bytesize":17, "value":"Errno::EADDRINUSE", "encoding":"US-ASCII", "memsize":40, "flags":{"wb_protected":true, "old":true, "uncollectible":true, "marked":true}}
{"address":"0x7fb1f80a53a0", "type":"CLASS", "class":"0x7fb1f80bf700", "name":"Class", "references":["0x7fb1f80ae0b8", "0x7fb1f80a53c8"], "memsize":464, "flags":{"wb_protected":true, "old":true, "uncollectible":true, "marked":true}}
{"address":"0x7fb1f80a53c8", "type":"CLASS", "class":"0x7fb1f80a53a0", "name":"Errno::EADDRINUSE", "references":["0x7fb1f80ae0e0", "0x7fb1f80a5378"], "memsize":552, "flags":{"wb_protected":true, "old":true, "uncollectible":true, "marked":true}}
{"address":"0x7fb1f80a53f0", "type":"STRING", "class":"0x7fb1f80b7578", "frozen":true, "embedded":true, "fstring":true, "bytesize":10, "value":"EADDRINUSE", "encoding":"US-ASCII", "memsize":40, "flags":{"wb_protected":true, "old":true, "uncollectible":true, "marked":true}}
{"address":"0x7fb1f80a5418", "type":"IMEMO", "imemo_type":"iseq", "references":["0x7fb1f80bced8", "0x7fb1f80a6160", "0x7fb1fb02e2e8", "0x7fb1f80343f8", "0x7fb1f80a6200"], "memsize":624, "flags":{"wb_protected":true, "old":true, "uncollectible":true, "marked":true}}
{"address":"0x7fb1f80a5440", "type":"STRING", "class":"0x7fb1f80b7578", "frozen":true, "embedded":true, "bytesize":13, "value":"Errno::EACCES", "encoding":"US-ASCII", "memsize":40, "flags":{"wb_protected":true, "old":true, "uncollectible":true, "marked":true}}
{"address":"0x7fb1f80a5468", "type":"CLASS", "class":"0x7fb1f80bf700", "name":"Class", "references":["0x7fb1f80ae0b8", "0x7fb1f80a5490"], "memsize":464, "flags":{"wb_protected":true, "old":true, "uncollectible":true, "marked":true}}
{"address":"0x7fb1f80a5490", "type":"CLASS", "class":"0x7fb1f80a5468", "name":"Errno::EACCES", "references":["0x7fb1f80ae0e0", "0x7fb1f80a5440"], "memsize":552, "flags":{"wb_protected":true, "old":true, "uncollectible":true, "marked":true}}
{"address":"0x7fb1f80a54b8", "type":"STRING", "class":"0x7fb1f80b7578", "frozen":true, "embedded":true, "fstring":true, "bytesize":6, "value":"EACCES", "encoding":"US-ASCII", "memsize":40, "flags":{"wb_protected":true, "old":true, "uncollectible":true, "marked":true}}
{"address":"0x7fb1f80a54e0", "type":"IMEMO", "class":"0x7fb1f80a6098", "imemo_type":"ment", "references":["0x7fb1f80aef90", "0x7fb1f80a5968"], "memsize":48, "flags":{"wb_protected":true, "old":true, "uncollectible":true, "marked":true}}
{"address":"0x7fb1f80a5508", "type":"STRING", "class":"0x7fb1f80b7578", "frozen":true, "embedded":true, "bytesize":12, "value":"Errno::E2BIG", "encoding":"US-ASCII", "memsize":40, "flags":{"wb_protected":true, "old":true, "uncollectible":true, "marked":true}}
{"address":"0x7fb1f80a5530", "type":"CLASS", "class":"0x7fb1f80bf700", "name":"Class", "references":["0x7fb1f80ae0b8", "0x7fb1f80a5558"], "memsize":464, "flags":{"wb_protected":true, "old":true, "uncollectible":true, "marked":true}}
{"address":"0x7fb1f80a5558", "type":"CLASS", "class":"0x7fb1f80a5530", "name":"Errno::E2BIG", "references":["0x7fb1f80ae0e0", "0x7fb1f80a5508"], "memsize":552, "flags":{"wb_protected":true, "old":true, "uncollectible":true, "marked":true}}
{"address":"0x7fb1f80a5580", "type":"STRING", "class":"0x7fb1f80b7578", "frozen":true, "embedded":true, "fstring":true, "bytesize":5, "value":"E2BIG", "encoding":"US-ASCII", "memsize":40, "flags":{"wb_protected":true, "old":true, "uncollectible":true, "marked":true}}
{"address":"0x7fb1f80a55a8", "type":"ARRAY", "class":"0x7fb1f8097228", "frozen":true, "length":2, "embedded":true, "references":["0x7fb1f80da4d8"], "memsize":40, "flags":{"wb_protected":true, "old":true, "uncollectible":true, "marked":true}}
{"address":"0x7fb1f80a55d0", "type":"STRING", "class":"0x7fb1f80b7578", "frozen":true, "embedded":true, "bytesize":14, "value":"Errno::NOERROR", "encoding":"US-ASCII", "memsize":40, "flags":{"wb_protected":true, "old":true, "uncollectible":true, "marked":true}}
{"address":"0x7fb1f80a55f8", "type":"CLASS", "class":"0x7fb1f80bf700", "name":"Class", "references":["0x7fb1f80ae0b8", "0x7fb1f80a5620"], "memsize":464, "flags":{"wb_protected":true, "old":true, "uncollectible":true, "marked":true}}
{"address":"0x7fb1f80a5620", "type":"CLASS", "class":"0x7fb1f80a55f8", "name":"Errno::NOERROR", "references":["0x7fb1f80ae0e0", "0x7fb1f80a55d0"], "memsize":552, "flags":{"wb_protected":true, "old":true, "uncollectible":true, "marked":true}}
{"address":"0x7fb1f80a5648", "type":"STRING", "class":"0x7fb1f80b7578", "frozen":true, "embedded":true, "fstring":true, "bytesize":7, "value":"NOERROR", "encoding":"US-ASCII", "memsize":40, "flags":{"wb_protected":true, "old":true, "uncollectible":true, "marked":true}}
{"address":"0x7fb1f80a5670", "type":"IMEMO", "class":"0x7fb1f80a6098", "imemo_type":"ment", "references":["0x7fb1f80a55a8"], "memsize":48, "flags":{"wb_protected":true, "old":true, "uncollectible":true, "marked":true}}
{"address":"0x7fb1f80a5698", "type":"STRING", "class":"0x7fb1f80b7578", "frozen":true, "embedded":true, "fstring":true, "bytesize":11, "value":"GMP_VERSION", "encoding":"US-ASCII", "memsize":40, "flags":{"wb_protected":true, "old":true, "uncollectible":true, "marked":true}}
{"address":"0x7fb1f80a56e8", "type":"STRING", "class":"0x7fb1f80b7578", "embedded":true, "bytesize":9, "value":"GMP 6.2.0", "memsize":40, "flags":{"wb_protected":true, "old":true, "uncollectible":true, "marked":true}}
{"address":"0x7fb1f80a5710", "type":"IMEMO", "class":"0x7fb1f80a7100", "imemo_type":"ment", "memsize":48, "flags":{"wb_protected":true, "old":true, "uncollectible":true, "marked":true}}
{"address":"0x7fb1f80a5738", "type":"STRING", "class":"0x7fb1f80b7578", "frozen":true, "embedded":true, "fstring":true, "bytesize":6, "value":"Bignum", "encoding":"US-ASCII", "memsize":40, "flags":{"wb_protected":true, "old":true, "uncollectible":true, "marked":true}}
{"address":"0x7fb1f80a5760", "type":"ARRAY", "class":"0x7fb1f8097228", "frozen":true, "length":2, "embedded":true, "references":["0x7fb1f80da4d8"], "memsize":40, "flags":{"wb_protected":true, "old":true, "uncollectible":true, "marked":true}}
{"address":"0x7fb1f80a5788", "type":"IMEMO", "class":"0x7fb1f80a63b8", "imemo_type":"ment", "memsize":48, "flags":{"wb_protected":true, "old":true, "uncollectible":true, "marked":true}}
{"address":"0x7fb1f80a57b0", "type":"IMEMO", "class":"0x7fb1f80a63b8", "imemo_type":"ment", "memsize":48, "flags":{"wb_protected":true, "old":true, "uncollectible":true, "marked":true}}
{"address":"0x7fb1f80a57d8", "type":"IMEMO", "class":"0x7fb1f80a63b8", "imemo_type":"ment", "memsize":48, "flags":{"wb_protected":true, "old":true, "uncollectible":true, "marked":true}}
{"address":"0x7fb1f80a5800", "type":"STRING", "class":"0x7fb1f80b7578", "frozen":true, "embedded":true, "fstring":true, "bytesize":10, "value":"prev_float", "encoding":"US-ASCII", "memsize":40, "flags":{"wb_protected":true, "old":true, "uncollectible":true, "marked":true}}
{"address":"0x7fb1f80a5828", "type":"IMEMO", "class":"0x7fb1f80a6098", "imemo_type":"ment", "references":["0x7fb1f80a5760"], "memsize":48, "flags":{"wb_protected":true, "old":true, "uncollectible":true, "marked":true}}
{"address":"0x7fb1f80a5850", "type":"IMEMO", "class":"0x7fb1f80a63b8", "imemo_type":"ment", "memsize":48, "flags":{"wb_protected":true, "old":true, "uncollectible":true, "marked":true}}
{"address":"0x7fb1f80a5878", "type":"STRING", "class":"0x7fb1f80b7578", "frozen":true, "embedded":true, "fstring":true, "bytesize":10, "value":"next_float", "encoding":"US-ASCII", "memsize":40, "flags":{"wb_protected":true, "old":true, "uncollectible":true, "marked":true}}
{"address":"0x7fb1f80a58c8", "type":"IMEMO", "class":"0x7fb1f80a63b8", "imemo_type":"ment", "memsize":48, "flags":{"wb_protected":true, "old":true, "uncollectible":true, "marked":true}}
{"address":"0x7fb1f80a58f0", "type":"IMEMO", "class":"0x7fb1f80a63b8", "imemo_type":"ment", "memsize":48, "flags":{"wb_protected":true, "old":true, "uncollectible":true, "marked":true}}
{"address":"0x7fb1f80a5918", "type":"IMEMO", "class":"0x7fb1f80a63b8", "imemo_type":"ment", "memsize":48, "flags":{"wb_protected":true, "old":true, "uncollectible":true, "marked":true}}
{"address":"0x7fb1f80a5940", "type":"STRING", "class":"0x7fb1f80b7578", "frozen":true, "embedded":true, "fstring":true, "bytesize":4, "value":"nan?", "encoding":"US-ASCII", "memsize":40, "flags":{"wb_protected":true, "old":true, "uncollectible":true, "marked":true}}
{"address":"0x7fb1f80a5968", "type":"IMEMO", "class":"0x8", "imemo_type":"cref", "references":["0x7fb1f80a6098", "0x7fb1f80ac808"], "memsize":40, "flags":{"wb_protected":true, "old":true, "uncollectible":true, "marked":true}}
{"address":"0x7fb1f80a5990", "type":"IMEMO", "class":"0x7fb1f80a63b8", "imemo_type":"ment", "memsize":48, "flags":{"wb_protected":true, "old":true, "uncollectible":true, "marked":true}}
{"address":"0x7fb1f80a59b8", "type":"IMEMO", "class":"0x7fb1f80a63b8", "imemo_type":"ment", "memsize":48, "flags":{"wb_protected":true, "old":true, "uncollectible":true, "marked":true}}
{"address":"0x7fb1f80a59e0", "type":"IMEMO", "class":"0x7fb1f80a63b8", "imemo_type":"ment", "memsize":48, "flags":{"wb_protected":true, "old":true, "uncollectible":true, "marked":true}}
{"address":"0x7fb1f80a5a08", "type":"IMEMO", "class":"0x7fb1f80a63b8", "imemo_type":"ment", "memsize":48, "flags":{"wb_protected":true, "old":true, "uncollectible":true, "marked":true}}
{"address":"0x7fb1f80a5a30", "type":"IMEMO", "class":"0x7fb1f80a63b8", "imemo_type":"ment", "memsize":48, "flags":{"wb_protected":true, "old":true, "uncollectible":true, "marked":true}}
{"address":"0x7fb1f80a5a58", "type":"IMEMO", "class":"0x7fb1f80a63b8", "imemo_type":"ment", "memsize":48, "flags":{"wb_protected":true, "old":true, "uncollectible":true, "marked":true}}
{"address":"0x7fb1f80a5a80", "type":"IMEMO", "class":"0x7fb1f80a63b8", "imemo_type":"ment", "memsize":48, "flags":{"wb_protected":true, "old":true, "uncollectible":true, "marked":true}}
{"address":"0x7fb1f80a5aa8", "type":"IMEMO", "class":"0x7fb1f80a63b8", "imemo_type":"ment", "memsize":48, "flags":{"wb_protected":true, "old":true, "uncollectible":true, "marked":true}}
{"address":"0x7fb1f80a5ad0", "type":"IMEMO", "class":"0x7fb1f80a63b8", "imemo_type":"ment", "memsize":48, "flags":{"wb_protected":true, "old":true, "uncollectible":true, "marked":true}}
{"address":"0x7fb1f80a5af8", "type":"IMEMO", "class":"0x7fb1f80a63b8", "imemo_type":"ment", "memsize":48, "flags":{"wb_protected":true, "old":true, "uncollectible":true, "marked":true}}
{"address":"0x7fb1f80a5b20", "type":"IMEMO", "class":"0x7fb1f80a63b8", "imemo_type":"ment", "memsize":48, "flags":{"wb_protected":true, "old":true, "uncollectible":true, "marked":true}}
{"address":"0x7fb1f80a5b48", "type":"IMEMO", "class":"0x7fb1f80a63b8", "imemo_type":"ment", "memsize":48, "flags":{"wb_protected":true, "old":true, "uncollectible":true, "marked":true}}
{"address":"0x7fb1f80a5b70", "type":"IMEMO", "class":"0x7fb1f80a63b8", "imemo_type":"ment", "memsize":48, "flags":{"wb_protected":true, "old":true, "uncollectible":true, "marked":true}}
{"address":"0x7fb1f80a5b98", "type":"IMEMO", "class":"0x7fb1f80a63b8", "imemo_type":"ment", "memsize":48, "flags":{"wb_protected":true, "old":true, "uncollectible":true, "marked":true}}
{"address":"0x7fb1f80a5bc0", "type":"IMEMO", "class":"0x7fb1f80a63b8", "imemo_type":"ment", "memsize":48, "flags":{"wb_protected":true, "old":true, "uncollectible":true, "marked":true}}
{"address":"0x7fb1f80a5be8", "type":"IMEMO", "class":"0x7fb1f80a63b8", "imemo_type":"ment", "memsize":48, "flags":{"wb_protected":true, "old":true, "uncollectible":true, "marked":true}}
{"address":"0x7fb1f80a5c10", "type":"IMEMO", "class":"0x7fb1f80a63b8", "imemo_type":"ment", "memsize":48, "flags":{"wb_protected":true, "old":true, "uncollectible":true, "marked":true}}
{"address":"0x7fb1f80a5c38", "type":"IMEMO", "class":"0x7fb1f80a63b8", "imemo_type":"ment", "memsize":48, "flags":{"wb_protected":true, "old":true, "uncollectible":true, "marked":true}}
{"address":"0x7fb1f80a5c60", "type":"IMEMO", "class":"0x7fb1f80a63b8", "imemo_type":"ment", "memsize":48, "flags":{"wb_protected":true, "old":true, "uncollectible":true, "marked":true}}
{"address":"0x7fb1f80a5c88", "type":"IMEMO", "class":"0x7fb1f80a63b8", "imemo_type":"ment", "memsize":48, "flags":{"wb_protected":true, "old":true, "uncollectible":true, "marked":true}}
{"address":"0x7fb1f80a5cb0", "type":"IMEMO", "class":"0x7fb1f80a63b8", "imemo_type":"ment", "memsize":48, "flags":{"wb_protected":true, "old":true, "uncollectible":true, "marked":true}}
{"address":"0x7fb1f80a5cd8", "type":"IMEMO", "class":"0x7fb1f80a63b8", "imemo_type":"ment", "memsize":48, "flags":{"wb_protected":true, "old":true, "uncollectible":true, "marked":true}}
{"address":"0x7fb1f80a5d00", "type":"IMEMO", "class":"0x7fb1f80a63b8", "imemo_type":"ment", "memsize":48, "flags":{"wb_protected":true, "old":true, "uncollectible":true, "marked":true}}
{"address":"0x7fb1f80a5d28", "type":"IMEMO", "class":"0x7fb1f80a63b8", "imemo_type":"ment", "memsize":48, "flags":{"wb_protected":true, "old":true, "uncollectible":true, "marked":true}}
{"address":"0x7fb1f80a5d50", "type":"IMEMO", "class":"0x7fb1f80a63b8", "imemo_type":"ment", "memsize":48, "flags":{"wb_protected":true, "old":true, "uncollectible":true, "marked":true}}
{"address":"0x7fb1f80a5d78", "type":"IMEMO", "class":"0x7fb1f80a63b8", "imemo_type":"ment", "memsize":48, "flags":{"wb_protected":true, "old":true, "uncollectible":true, "marked":true}}
{"address":"0x7fb1f80a5da0", "type":"IMEMO", "class":"0x7fb1f80a63b8", "imemo_type":"ment", "memsize":48, "flags":{"wb_protected":true, "old":true, "uncollectible":true, "marked":true}}
{"address":"0x7fb1f80a5dc8", "type":"IMEMO", "class":"0x7fb1f80a63b8", "imemo_type":"ment", "memsize":48, "flags":{"wb_protected":true, "old":true, "uncollectible":true, "marked":true}}
{"address":"0x7fb1f80a5df0", "type":"IMEMO", "class":"0x7fb1f80a63b8", "imemo_type":"ment", "memsize":48, "flags":{"wb_protected":true, "old":true, "uncollectible":true, "marked":true}}
{"address":"0x7fb1f80a5e18", "type":"IMEMO", "class":"0x7fb1f80a63b8", "imemo_type":"ment", "memsize":48, "flags":{"wb_protected":true, "old":true, "uncollectible":true, "marked":true}}
{"address":"0x7fb1f80a5e40", "type":"IMEMO", "class":"0x7fb1f80a63b8", "imemo_type":"ment", "memsize":48, "flags":{"wb_protected":true, "old":true, "uncollectible":true, "marked":true}}
{"address":"0x7fb1f80a5e68", "type":"IMEMO", "class":"0x7fb1f80a63b8", "imemo_type":"ment", "memsize":48, "flags":{"wb_protected":true, "old":true, "uncollectible":true, "marked":true}}
{"address":"0x7fb1f80a5e90", "type":"IMEMO", "class":"0x7fb1f80a63b8", "imemo_type":"ment", "memsize":48, "flags":{"wb_protected":true, "old":true, "uncollectible":true, "marked":true}}
{"address":"0x7fb1f80a5eb8", "type":"STRING", "class":"0x7fb1f80b7578", "frozen":true, "embedded":true, "fstring":true, "bytesize":3, "value":"NAN", "encoding":"US-ASCII", "memsize":40, "flags":{"wb_protected":true, "old":true, "uncollectible":true, "marked":true}}
{"address":"0x7fb1f80a5ee0", "type":"STRING", "class":"0x7fb1f80b7578", "frozen":true, "embedded":true, "bytesize":18, "value":"Gem::ConflictError", "encoding":"US-ASCII", "memsize":40, "flags":{"wb_protected":true, "old":true, "uncollectible":true, "marked":true}}
{"address":"0x7fb1f80a5f08", "type":"FLOAT", "class":"0x7fb1f80a63b8", "frozen":true, "value":"nan", "memsize":40, "flags":{"wb_protected":true, "old":true, "uncollectible":true, "marked":true}}
{"address":"0x7fb1f80a5f30", "type":"STRING", "class":"0x7fb1f80b7578", "frozen":true, "embedded":true, "fstring":true, "bytesize":8, "value":"INFINITY", "encoding":"US-ASCII", "memsize":40, "flags":{"wb_protected":true, "old":true, "uncollectible":true, "marked":true}}
{"address":"0x7fb1f80a5f58", "type":"CLASS", "class":"0x7fb1f80bf700", "name":"Class", "references":["0x7fb1f80ac678", "0x7fb1f80a6098"], "memsize":464, "flags":{"wb_protected":true, "old":true, "uncollectible":true, "marked":true}}
{"address":"0x7fb1f80a5f80", "type":"FLOAT", "class":"0x7fb1f80a63b8", "frozen":true, "value":"inf", "memsize":40, "flags":{"wb_protected":true, "old":true, "uncollectible":true, "marked":true}}
{"address":"0x7fb1f80a5fa8", "type":"STRING", "class":"0x7fb1f80b7578", "frozen":true, "embedded":true, "fstring":true, "bytesize":7, "value":"EPSILON", "encoding":"US-ASCII", "memsize":40, "flags":{"wb_protected":true, "old":true, "uncollectible":true, "marked":true}}
{"address":"0x7fb1f80a5fd0", "type":"IMEMO", "imemo_type":"iseq", "references":["0x7fb1f80a6020", "0x7fb1fb02e2e8", "0x7fb1f80343f8", "0x7fb1f80a6110"], "memsize":624, "flags":{"wb_protected":true, "old":true, "uncollectible":true, "marked":true}}
{"address":"0x7fb1f80a5ff8", "type":"STRING", "class":"0x7fb1f80b7578", "frozen":true, "embedded":true, "fstring":true, "bytesize":3, "value":"MAX", "encoding":"US-ASCII", "memsize":40, "flags":{"wb_protected":true, "old":true, "uncollectible":true, "marked":true}}
{"address":"0x7fb1f80a6020", "type":"STRING", "class":"0x7fb1f80b7578", "frozen":true, "fstring":true, "bytesize":41, "value":"block (2 levels) in register_default_spec", "memsize":82, "flags":{"wb_protected":true, "old":true, "uncollectible":true, "marked":true}}
{"address":"0x7fb1f80a6048", "type":"FLOAT", "class":"0x7fb1f80a63b8", "frozen":true, "value":"1.79769e+308", "memsize":40, "flags":{"wb_protected":true, "old":true, "uncollectible":true, "marked":true}}
{"address":"0x7fb1f80a6070", "type":"STRING", "class":"0x7fb1f80b7578", "frozen":true, "embedded":true, "fstring":true, "bytesize":3, "value":"MIN", "encoding":"US-ASCII", "memsize":40, "flags":{"wb_protected":true, "old":true, "uncollectible":true, "marked":true}}
{"address":"0x7fb1f80a6098", "type":"CLASS", "class":"0x7fb1f80a5f58", "name":"Gem::ConflictError", "references":["0x7fb1f80ac6f0", "0x7fb1f80a54e0", "0x7fb1f80a5828", "0x7fb1f80a5670", "0x7fb1f80a5ee0"], "memsize":528, "flags":{"wb_protected":true, "old":true, "uncollectible":true, "marked":true}}
{"address":"0x7fb1f80a60c0", "type":"FLOAT", "class":"0x7fb1f80a63b8", "frozen":true, "value":"2.22507e-308", "memsize":40, "flags":{"wb_protected":true, "old":true, "uncollectible":true, "marked":true}}
{"address":"0x7fb1f80a60e8", "type":"STRING", "class":"0x7fb1f80b7578", "frozen":true, "embedded":true, "fstring":true, "bytesize":10, "value":"MAX_10_EXP", "encoding":"US-ASCII", "memsize":40, "flags":{"wb_protected":true, "old":true, "uncollectible":true, "marked":true}}
{"address":"0x7fb1f80a6110", "type":"IMEMO", "imemo_type":"iseq", "references":["0x7fb1f80a5fd0", "0x7fb1f80a6160", "0x7fb1fb02e2e8", "0x7fb1f80343f8", "0x7fb1f80a6200", "0x7fb1f80a5fd0"], "memsize":752, "flags":{"wb_protected":true, "old":true, "uncollectible":true, "marked":true}}
{"address":"0x7fb1f80a6138", "type":"STRING", "class":"0x7fb1f80b7578", "frozen":true, "embedded":true, "fstring":true, "bytesize":10, "value":"MIN_10_EXP", "encoding":"US-ASCII", "memsize":40, "flags":{"wb_protected":true, "old":true, "uncollectible":true, "marked":true}}
{"address":"0x7fb1f80a6160", "type":"STRING", "class":"0x7fb1f80b7578", "frozen":true, "fstring":true, "bytesize":30, "value":"block in register_default_spec", "memsize":71, "flags":{"wb_protected":true, "old":true, "uncollectible":true, "marked":true}}
{"address":"0x7fb1f80a6188", "type":"STRING", "class":"0x7fb1f80b7578", "frozen":true, "embedded":true, "fstring":true, "bytesize":7, "value":"MAX_EXP", "encoding":"US-ASCII", "memsize":40, "flags":{"wb_protected":true, "old":true, "uncollectible":true, "marked":true}}
{"address":"0x7fb1f80a61b0", "type":"IMEMO", "class":"0x7fb1f80a6e30", "imemo_type":"ment", "references":["0x7fb1f80b47b0", "0x7fb1f80a6ca0"], "memsize":48, "flags":{"wb_protected":true, "old":true, "uncollectible":true, "marked":true}}
{"address":"0x7fb1f80a61d8", "type":"STRING", "class":"0x7fb1f80b7578", "frozen":true, "embedded":true, "fstring":true, "bytesize":7, "value":"MIN_EXP", "encoding":"US-ASCII", "memsize":40, "flags":{"wb_protected":true, "old":true, "uncollectible":true, "marked":true}}
{"address":"0x7fb1f80a6200", "type":"IMEMO", "imemo_type":"iseq", "references":["0x7fb1f80a6110", "0x7fb1f80a5418", "0x7fb1f80a50a8", "0x7fb1f80a4fe0", "0x7fb1f80ad7d0", "0x7fb1f80a4e50", "0x7fb1fb02e2e8", "0x7fb1fb02e2e8", "0x7fb1f80343f8", "0x7fb1f80a6110", "0x7fb1f80a5418", "0x7fb1f80a4e50"], "memsize":1756, "flags":{"wb_protected":true, "old":true, "uncollectible":true, "marked":true}}
{"address":"0x7fb1f80a6228", "type":"STRING", "class":"0x7fb1f80b7578", "frozen":true, "embedded":true, "fstring":true, "bytesize":3, "value":"DIG", "encoding":"US-ASCII", "memsize":40, "flags":{"wb_protected":true, "old":true, "uncollectible":true, "marked":true}}
{"address":"0x7fb1f80a6250", "type":"IMEMO", "imemo_type":"iseq", "references":["0x7fb1f80a6200", "0x7fb1f80a4b58", "0x7fb1f80a4a90", "0x7fb1f803f078", "0x7fb1f803f078", "0x7fb1f80343f8"], "memsize":1976, "flags":{"wb_protected":true, "old":true, "uncollectible":true, "marked":true}}
{"address":"0x7fb1f80a6278", "type":"STRING", "class":"0x7fb1f80b7578", "frozen":true, "embedded":true, "fstring":true, "bytesize":8, "value":"MANT_DIG", "encoding":"US-ASCII", "memsize":40, "flags":{"wb_protected":true, "old":true, "uncollectible":true, "marked":true}}
{"address":"0x7fb1f80a62a0", "type":"STRING", "class":"0x7fb1f80b7578", "frozen":true, "embedded":true, "fstring":true, "bytesize":17, "value":"SOURCE_DATE_EPOCH", "encoding":"UTF-8", "memsize":40, "flags":{"wb_protected":true, "old":true, "uncollectible":true, "marked":true}}
{"address":"0x7fb1f80a62c8", "type":"STRING", "class":"0x7fb1f80b7578", "frozen":true, "embedded":true, "fstring":true, "bytesize":5, "value":"RADIX", "encoding":"US-ASCII", "memsize":40, "flags":{"wb_protected":true, "old":true, "uncollectible":true, "marked":true}}
{"address":"0x7fb1f80a62f0", "type":"IMEMO", "imemo_type":"iseq", "references":["0x7fb1f80a62a0", "0x7fb1f80a62a0", "0x7fb1f80a62a0", "0x7fb1f80a62a0", "0x7fb1fb02ea90", "0x7fb1fb02ea90", "0x7fb1f80343f8"], "memsize":2356, "flags":{"wb_protected":true, "old":true, "uncollectible":true, "marked":true}}
{"address":"0x7fb1f80a6318", "type":"STRING", "class":"0x7fb1f80b7578", "frozen":true, "embedded":true, "fstring":true, "bytesize":6, "value":"ROUNDS", "encoding":"US-ASCII", "memsize":40, "flags":{"wb_protected":true, "old":true, "uncollectible":true, "marked":true}}
{"address":"0x7fb1f80a6340", "type":"STRING", "class":"0x7fb1f80b7578", "frozen":true, "embedded":true, "fstring":true, "bytesize":15, "value":"Gem.use_gemdeps", "encoding":"UTF-8", "memsize":40, "flags":{"wb_protected":true, "old":true, "uncollectible":true, "marked":true}}
{"address":"0x7fb1f80a6368", "type":"IMEMO", "class":"0x7fb1f80a6390", "imemo_type":"ment", "memsize":48, "flags":{"wb_protected":true, "old":true, "uncollectible":true, "marked":true}}
{"address":"0x7fb1f80a6390", "type":"CLASS", "class":"0x7fb1f80bf700", "name":"Class", "references":["0x7fb1f80a7bc8", "0x7fb1f80a6368", "0x7fb1f80a63b8"], "memsize":528, "flags":{"wb_protected":true, "old":true, "uncollectible":true, "marked":true}}
{"address":"0x7fb1f80a63b8", "type":"CLASS", "class":"0x7fb1f80a6390", "name":"Float", "references":["0x7fb1f80a7bf0", "0x7fb1f80a5e18", "0x7fb1f80a5c88", "0x7fb1f80a5c10", "0x7fb1f804d6a0", "0x7fb1f804d6c8", "0x7fb1f80a5b70", "0x7fb1f80a5bc0", "0x7fb1f80a5c60", "0x7fb1f80a5c38", "0x7fb1f80a5918", "0x7fb1f80a5850", "0x7fb1f80a57d8", "0x7fb1f80a5b48", "0x7fb1f80a5d00", "0x7fb1f80a5da0", "0x7fb1f80a5df0", "0x7fb1f80a5e68", "0x7fb1f80a5dc8", "0x7fb1f80a5d78", "0x7fb1f80a5b98", "0x7fb1f80a5be8", "0x7fb1f80a5a30", "0x7fb1f80a5e90", "0x7fb1f80a5a58", "0x7fb1f80a5af8", "0x7fb1f804eaa0", "0x7fb1f80a5cb0", "0x7fb1f80a5d28", "0x7fb1f80a5d50", "0x7fb1f80a5e40", "0x7fb1f80a5cd8", "0x7fb1f80a5ad0", "0x7fb1f80a5aa8", "0x7fb1f80a5a80", "0x7fb1f80a58c8", "0x7fb1f80a58f0", "0x7fb1f80a5a08", "0x7fb1f80a59e0", "0x7fb1f80a59b8", "0x7fb1f80a5990", "0x7fb1f80a57b0", "0x7fb1f80a5788", "0x7fb1f804eb90", "0x7fb1f804eb68", "0x7fb1f804ea78", "0x7fb1f804d6f0", "0x7fb1f80a5b20", "0x7fb1f80bf9f8", "0x7fb1f80a60c0", "0x7fb1f80a6048", "0x7fb1f80a5f80", "0x7fb1f80a5f08"], "memsize":3048, "flags":{"wb_protected":true, "old":true, "uncollectible":true, "marked":true}}
{"address":"0x7fb1f80a63e0", "type":"STRING", "class":"0x7fb1f80b7578", "frozen":true, "embedded":true, "fstring":true, "bytesize":6, "value":"Fixnum", "encoding":"US-ASCII", "memsize":40, "flags":{"wb_protected":true, "old":true, "uncollectible":true, "marked":true}}
{"address":"0x7fb1f80a6408", "type":"IMEMO", "imemo_type":"iseq", "references":["0x7fb1f80a6340", "0x7fb1f803f078", "0x7fb1f803f078", "0x7fb1f80343f8"], "memsize":1004, "flags":{"wb_protected":true, "old":true, "uncollectible":true, "marked":true}}
{"address":"0x7fb1f80a6430", "type":"IMEMO", "class":"0x7fb1f80a7100", "imemo_type":"ment", "memsize":48, "flags":{"wb_protected":true, "old":true, "uncollectible":true, "marked":true}}
{"address":"0x7fb1f80a6458", "type":"STRING", "class":"0x7fb1f80b7578", "frozen":true, "embedded":true, "fstring":true, "bytesize":6, "value":"digits", "encoding":"US-ASCII", "memsize":40, "flags":{"wb_protected":true, "old":true, "uncollectible":true, "marked":true}}
{"address":"0x7fb1f80a6480", "type":"IMEMO", "class":"0x7fb1f80a6e30", "imemo_type":"ment", "references":["0x7fb1f80b4850", "0x7fb1f80a6ca0"], "memsize":48, "flags":{"wb_protected":true, "old":true, "uncollectible":true, "marked":true}}
{"address":"0x7fb1f80a64a8", "type":"IMEMO", "class":"0x7fb1f80a7100", "imemo_type":"ment", "memsize":48, "flags":{"wb_protected":true, "old":true, "uncollectible":true, "marked":true}}
{"address":"0x7fb1f80a64d0", "type":"STRING", "class":"0x7fb1f80b7578", "frozen":true, "embedded":true, "fstring":true, "bytesize":10, "value":"bit_length", "encoding":"US-ASCII", "memsize":40, "flags":{"wb_protected":true, "old":true, "uncollectible":true, "marked":true}}
{"address":"0x7fb1f80a64f8", "type":"ARRAY", "class":"0x7fb1f8097228", "frozen":true, "length":2, "embedded":true, "references":["0x7fb1f80da4d8"], "memsize":40, "flags":{"wb_protected":true, "old":true, "uncollectible":true, "marked":true}}
{"address":"0x7fb1f80a6520", "type":"IMEMO", "class":"0x7fb1f80a7100", "imemo_type":"ment", "memsize":48, "flags":{"wb_protected":true, "old":true, "uncollectible":true, "marked":true}}
{"address":"0x7fb1f80a6548", "type":"IMEMO", "class":"0x7fb1f80a7100", "imemo_type":"ment", "memsize":48, "flags":{"wb_protected":true, "old":true, "uncollectible":true, "marked":true}}
{"address":"0x7fb1f80a6570", "type":"IMEMO", "class":"0x7fb1f80a7100", "imemo_type":"ment", "memsize":48, "flags":{"wb_protected":true, "old":true, "uncollectible":true, "marked":true}}
{"address":"0x7fb1f80a6598", "type":"IMEMO", "class":"0x7fb1f80a7100", "imemo_type":"ment", "memsize":48, "flags":{"wb_protected":true, "old":true, "uncollectible":true, "marked":true}}
{"address":"0x7fb1f80a65c0", "type":"IMEMO", "class":"0x7fb1f80a7100", "imemo_type":"ment", "memsize":48, "flags":{"wb_protected":true, "old":true, "uncollectible":true, "marked":true}}
{"address":"0x7fb1f80a65e8", "type":"IMEMO", "class":"0x7fb1f80a7100", "imemo_type":"ment", "memsize":48, "flags":{"wb_protected":true, "old":true, "uncollectible":true, "marked":true}}
{"address":"0x7fb1f80a6610", "type":"IMEMO", "class":"0x7fb1f80a7100", "imemo_type":"ment", "memsize":48, "flags":{"wb_protected":true, "old":true, "uncollectible":true, "marked":true}}
{"address":"0x7fb1f80a6638", "type":"IMEMO", "class":"0x7fb1f80a7100", "imemo_type":"ment", "memsize":48, "flags":{"wb_protected":true, "old":true, "uncollectible":true, "marked":true}}
{"address":"0x7fb1f80a6660", "type":"IMEMO", "class":"0x7fb1f80a7100", "imemo_type":"ment", "memsize":48, "flags":{"wb_protected":true, "old":true, "uncollectible":true, "marked":true}}
{"address":"0x7fb1f80a6688", "type":"IMEMO", "class":"0x7fb1f80a7100", "imemo_type":"ment", "memsize":48, "flags":{"wb_protected":true, "old":true, "uncollectible":true, "marked":true}}
{"address":"0x7fb1f80a66b0", "type":"IMEMO", "class":"0x7fb1f80a7100", "imemo_type":"ment", "memsize":48, "flags":{"wb_protected":true, "old":true, "uncollectible":true, "marked":true}}
{"address":"0x7fb1f80a66d8", "type":"IMEMO", "class":"0x7fb1f80a7100", "imemo_type":"ment", "memsize":48, "flags":{"wb_protected":true, "old":true, "uncollectible":true, "marked":true}}
{"address":"0x7fb1f80a6700", "type":"IMEMO", "class":"0x7fb1f80a7100", "imemo_type":"ment", "memsize":48, "flags":{"wb_protected":true, "old":true, "uncollectible":true, "marked":true}}
{"address":"0x7fb1f80a6728", "type":"IMEMO", "class":"0x7fb1f80a7100", "imemo_type":"ment", "memsize":48, "flags":{"wb_protected":true, "old":true, "uncollectible":true, "marked":true}}
{"address":"0x7fb1f80a6750", "type":"IMEMO", "class":"0x7fb1f80a7100", "imemo_type":"ment", "memsize":48, "flags":{"wb_protected":true, "old":true, "uncollectible":true, "marked":true}}
{"address":"0x7fb1f80a6778", "type":"IMEMO", "class":"0x7fb1f80a7100", "imemo_type":"ment", "memsize":48, "flags":{"wb_protected":true, "old":true, "uncollectible":true, "marked":true}}
{"address":"0x7fb1f80a67a0", "type":"IMEMO", "class":"0x7fb1f80a7100", "imemo_type":"ment", "memsize":48, "flags":{"wb_protected":true, "old":true, "uncollectible":true, "marked":true}}
{"address":"0x7fb1f80a67c8", "type":"STRING", "class":"0x7fb1f80b7578", "frozen":true, "embedded":true, "fstring":true, "bytesize":3, "value":"pow", "encoding":"US-ASCII", "memsize":40, "flags":{"wb_protected":true, "old":true, "uncollectible":true, "marked":true}}
{"address":"0x7fb1f80a67f0", "type":"IMEMO", "class":"0x7fb1f80a6e30", "imemo_type":"ment", "references":["0x7fb1f80a64f8"], "memsize":48, "flags":{"wb_protected":true, "old":true, "uncollectible":true, "marked":true}}
{"address":"0x7fb1f80a6818", "type":"IMEMO", "class":"0x7fb1f80a7100", "imemo_type":"ment", "memsize":48, "flags":{"wb_protected":true, "old":true, "uncollectible":true, "marked":true}}
{"address":"0x7fb1f80a6840", "type":"IMEMO", "class":"0x7fb1f80a7100", "imemo_type":"ment", "memsize":48, "flags":{"wb_protected":true, "old":true, "uncollectible":true, "marked":true}}
{"address":"0x7fb1f80a6868", "type":"IMEMO", "class":"0x7fb1f80a7100", "imemo_type":"ment", "memsize":48, "flags":{"wb_protected":true, "old":true, "uncollectible":true, "marked":true}}
{"address":"0x7fb1f80a6890", "type":"IMEMO", "class":"0x7fb1f80a7100", "imemo_type":"ment", "memsize":48, "flags":{"wb_protected":true, "old":true, "uncollectible":true, "marked":true}}
{"address":"0x7fb1f80a68b8", "type":"IMEMO", "class":"0x7fb1f80a7100", "imemo_type":"ment", "memsize":48, "flags":{"wb_protected":true, "old":true, "uncollectible":true, "marked":true}}
{"address":"0x7fb1f80a68e0", "type":"IMEMO", "class":"0x7fb1f80a7100", "imemo_type":"ment", "memsize":48, "flags":{"wb_protected":true, "old":true, "uncollectible":true, "marked":true}}
{"address":"0x7fb1f80a6908", "type":"IMEMO", "class":"0x7fb1f80a7100", "imemo_type":"ment", "memsize":48, "flags":{"wb_protected":true, "old":true, "uncollectible":true, "marked":true}}
{"address":"0x7fb1f80a6930", "type":"IMEMO", "class":"0x7fb1f80a7100", "imemo_type":"ment", "memsize":48, "flags":{"wb_protected":true, "old":true, "uncollectible":true, "marked":true}}
{"address":"0x7fb1f80a6958", "type":"IMEMO", "class":"0x7fb1f80a7100", "imemo_type":"ment", "memsize":48, "flags":{"wb_protected":true, "old":true, "uncollectible":true, "marked":true}}
{"address":"0x7fb1f80a6980", "type":"IMEMO", "class":"0x7fb1f80a7100", "imemo_type":"ment", "memsize":48, "flags":{"wb_protected":true, "old":true, "uncollectible":true, "marked":true}}
{"address":"0x7fb1f80a69a8", "type":"IMEMO", "class":"0x7fb1f80a7100", "imemo_type":"ment", "memsize":48, "flags":{"wb_protected":true, "old":true, "uncollectible":true, "marked":true}}
{"address":"0x7fb1f80a69d0", "type":"IMEMO", "class":"0x7fb1f80a7100", "imemo_type":"ment", "memsize":48, "flags":{"wb_protected":true, "old":true, "uncollectible":true, "marked":true}}
{"address":"0x7fb1f80a69f8", "type":"IMEMO", "class":"0x7fb1f80a7100", "imemo_type":"ment", "memsize":48, "flags":{"wb_protected":true, "old":true, "uncollectible":true, "marked":true}}
{"address":"0x7fb1f80a6a20", "type":"IMEMO", "class":"0x7fb1f80a7100", "imemo_type":"ment", "memsize":48, "flags":{"wb_protected":true, "old":true, "uncollectible":true, "marked":true}}
{"address":"0x7fb1f80a6a48", "type":"IMEMO", "class":"0x7fb1f80a7100", "imemo_type":"ment", "memsize":48, "flags":{"wb_protected":true, "old":true, "uncollectible":true, "marked":true}}
{"address":"0x7fb1f80a6a70", "type":"IMEMO", "class":"0x7fb1f80a7100", "imemo_type":"ment", "memsize":48, "flags":{"wb_protected":true, "old":true, "uncollectible":true, "marked":true}}
{"address":"0x7fb1f80a6a98", "type":"IMEMO", "class":"0x7fb1f80a7100", "imemo_type":"ment", "memsize":48, "flags":{"wb_protected":true, "old":true, "uncollectible":true, "marked":true}}
{"address":"0x7fb1f80a6ac0", "type":"IMEMO", "class":"0x7fb1f80a7100", "imemo_type":"ment", "memsize":48, "flags":{"wb_protected":true, "old":true, "uncollectible":true, "marked":true}}
{"address":"0x7fb1f80a6ae8", "type":"IMEMO", "class":"0x7fb1f80a7100", "imemo_type":"ment", "memsize":48, "flags":{"wb_protected":true, "old":true, "uncollectible":true, "marked":true}}
{"address":"0x7fb1f80a6b10", "type":"IMEMO", "class":"0x7fb1f80a7100", "imemo_type":"ment", "memsize":48, "flags":{"wb_protected":true, "old":true, "uncollectible":true, "marked":true}}
{"address":"0x7fb1f80a6b38", "type":"IMEMO", "class":"0x7fb1f80a7100", "imemo_type":"ment", "memsize":48, "flags":{"wb_protected":true, "old":true, "uncollectible":true, "marked":true}}
{"address":"0x7fb1f80a6b60", "type":"IMEMO", "class":"0x7fb1f80a7100", "imemo_type":"ment", "memsize":48, "flags":{"wb_protected":true, "old":true, "uncollectible":true, "marked":true}}
{"address":"0x7fb1f80a6b88", "type":"IMEMO", "class":"0x7fb1f80a7100", "imemo_type":"ment", "memsize":48, "flags":{"wb_protected":true, "old":true, "uncollectible":true, "marked":true}}
{"address":"0x7fb1f80a6bb0", "type":"STRING", "class":"0x7fb1f80b7578", "frozen":true, "embedded":true, "fstring":true, "bytesize":4, "value":"pred", "encoding":"US-ASCII", "memsize":40, "flags":{"wb_protected":true, "old":true, "uncollectible":true, "marked":true}}
{"address":"0x7fb1f80a6bd8", "type":"STRING", "class":"0x7fb1f80b7578", "frozen":true, "embedded":true, "fstring":true, "bytesize":3, "value":"end", "encoding":"UTF-8", "memsize":40, "flags":{"wb_protected":true, "old":true, "uncollectible":true, "marked":true}}
{"address":"0x7fb1f80a6c00", "type":"IMEMO", "class":"0x7fb1f80a7100", "imemo_type":"ment", "memsize":48, "flags":{"wb_protected":true, "old":true, "uncollectible":true, "marked":true}}
{"address":"0x7fb1f80a6c28", "type":"IMEMO", "class":"0x7fb1f80a7100", "imemo_type":"ment", "memsize":48, "flags":{"wb_protected":true, "old":true, "uncollectible":true, "marked":true}}
{"address":"0x7fb1f80a6c50", "type":"IMEMO", "class":"0x7fb1f80a7100", "imemo_type":"ment", "memsize":48, "flags":{"wb_protected":true, "old":true, "uncollectible":true, "marked":true}}
{"address":"0x7fb1f80a6c78", "type":"STRING", "class":"0x7fb1f80b7578", "frozen":true, "embedded":true, "fstring":true, "bytesize":5, "value":"times", "encoding":"US-ASCII", "memsize":40, "flags":{"wb_protected":true, "old":true, "uncollectible":true, "marked":true}}
{"address":"0x7fb1f80a6ca0", "type":"IMEMO", "class":"0x8", "imemo_type":"cref", "references":["0x7fb1f80a6e30", "0x7fb1f80ac808"], "memsize":40, "flags":{"wb_protected":true, "old":true, "uncollectible":true, "marked":true}}
{"address":"0x7fb1f80a6cc8", "type":"IMEMO", "class":"0x7fb1f80a7100", "imemo_type":"ment", "memsize":48, "flags":{"wb_protected":true, "old":true, "uncollectible":true, "marked":true}}
{"address":"0x7fb1f80a6cf0", "type":"STRING", "class":"0x7fb1f80b7578", "frozen":true, "embedded":true, "fstring":true, "bytesize":6, "value":"downto", "encoding":"US-ASCII", "memsize":40, "flags":{"wb_protected":true, "old":true, "uncollectible":true, "marked":true}}
{"address":"0x7fb1f80a6d18", "type":"STRING", "class":"0x7fb1f80b7578", "frozen":true, "bytesize":28, "capacity":47, "value":"Gem::MissingSpecVersionError", "encoding":"US-ASCII", "memsize":88, "flags":{"wb_protected":true, "old":true, "uncollectible":true, "marked":true}}
{"address":"0x7fb1f80a6d40", "type":"IMEMO", "class":"0x7fb1f80a7100", "imemo_type":"ment", "memsize":48, "flags":{"wb_protected":true, "old":true, "uncollectible":true, "marked":true}}
{"address":"0x7fb1f80a6d68", "type":"IMEMO", "class":"0x7fb1f80a7100", "imemo_type":"ment", "memsize":48, "flags":{"wb_protected":true, "old":true, "uncollectible":true, "marked":true}}
{"address":"0x7fb1f80a6d90", "type":"STRING", "class":"0x7fb1f80b7578", "frozen":true, "embedded":true, "fstring":true, "bytesize":7, "value":"nobits?", "encoding":"US-ASCII", "memsize":40, "flags":{"wb_protected":true, "old":true, "uncollectible":true, "marked":true}}
{"address":"0x7fb1f80a6db8", "type":"CLASS", "class":"0x7fb1f80bf700", "name":"Class", "references":["0x7fb1f80a73d0", "0x7fb1f80a6e30"], "memsize":464, "flags":{"wb_protected":true, "old":true, "uncollectible":true, "marked":true}}
{"address":"0x7fb1f80a6de0", "type":"IMEMO", "class":"0x7fb1f80a7100", "imemo_type":"ment", "memsize":48, "flags":{"wb_protected":true, "old":true, "uncollectible":true, "marked":true}}
{"address":"0x7fb1f80a6e08", "type":"STRING", "class":"0x7fb1f80b7578", "frozen":true, "embedded":true, "fstring":true, "bytesize":8, "value":"anybits?", "encoding":"US-ASCII", "memsize":40, "flags":{"wb_protected":true, "old":true, "uncollectible":true, "marked":true}}
{"address":"0x7fb1f80a6e30", "type":"CLASS", "class":"0x7fb1f80a6db8", "name":"Gem::MissingSpecVersionError", "references":["0x7fb1f80a7538", "0x7fb1f80a61b0", "0x7fb1f80a6480", "0x7fb1f80a67f0", "0x7fb1f80a6d18"], "memsize":528, "flags":{"wb_protected":true, "old":true, "uncollectible":true, "marked":true}}
{"address":"0x7fb1f80a6e58", "type":"IMEMO", "class":"0x7fb1f80a7100", "imemo_type":"ment", "memsize":48, "flags":{"wb_protected":true, "old":true, "uncollectible":true, "marked":true}}
{"address":"0x7fb1f80a6e80", "type":"STRING", "class":"0x7fb1f80b7578", "frozen":true, "embedded":true, "fstring":true, "bytesize":8, "value":"allbits?", "encoding":"US-ASCII", "memsize":40, "flags":{"wb_protected":true, "old":true, "uncollectible":true, "marked":true}}
{"address":"0x7fb1f80a6ea8", "type":"IMEMO", "class":"0x7fb1f80a7538", "imemo_type":"ment", "references":["0x7fb1f80b5188", "0x7fb1f80a7178"], "memsize":48, "flags":{"wb_protected":true, "old":true, "uncollectible":true, "marked":true}}
{"address":"0x7fb1f80a6ed0", "type":"IMEMO", "class":"0x7fb1f80a7100", "imemo_type":"ment", "memsize":48, "flags":{"wb_protected":true, "old":true, "uncollectible":true, "marked":true}}
{"address":"0x7fb1f80a6ef8", "type":"STRING", "class":"0x7fb1f80b7578", "frozen":true, "embedded":true, "fstring":true, "bytesize":5, "value":"even?", "encoding":"US-ASCII", "memsize":40, "flags":{"wb_protected":true, "old":true, "uncollectible":true, "marked":true}}
{"address":"0x7fb1f80a6f20", "type":"IMEMO", "class":"0x7fb1f80a7538", "imemo_type":"ment", "references":["0x7fb1f80b52f0", "0x7fb1f80a7178"], "memsize":48, "flags":{"wb_protected":true, "old":true, "uncollectible":true, "marked":true}}
{"address":"0x7fb1f80a6f48", "type":"IMEMO", "class":"0x7fb1f80a7100", "imemo_type":"ment", "memsize":48, "flags":{"wb_protected":true, "old":true, "uncollectible":true, "marked":true}}
{"address":"0x7fb1f80a6f70", "type":"STRING", "class":"0x7fb1f80b7578", "frozen":true, "embedded":true, "fstring":true, "bytesize":4, "value":"odd?", "encoding":"US-ASCII", "memsize":40, "flags":{"wb_protected":true, "old":true, "uncollectible":true, "marked":true}}
{"address":"0x7fb1f80a6f98", "type":"IMEMO", "class":"0x7fb1f80a7538", "imemo_type":"ment", "references":["0x7fb1f80b5458", "0x7fb1f80a7178"], "memsize":48, "flags":{"wb_protected":true, "old":true, "uncollectible":true, "marked":true}}
{"address":"0x7fb1f80a6fc0", "type":"IMEMO", "class":"0x7fb1f80a7100", "imemo_type":"ment", "memsize":48, "flags":{"wb_protected":true, "old":true, "uncollectible":true, "marked":true}}
{"address":"0x7fb1f80a6fe8", "type":"IMEMO", "class":"0x7fb1f80a7100", "imemo_type":"ment", "memsize":48, "flags":{"wb_protected":true, "old":true, "uncollectible":true, "marked":true}}
{"address":"0x7fb1f80a7010", "type":"IMEMO", "class":"0x7fb1f80a7100", "imemo_type":"ment", "memsize":48, "flags":{"wb_protected":true, "old":true, "uncollectible":true, "marked":true}}
{"address":"0x7fb1f80a7038", "type":"IMEMO", "class":"0x7fb1f80a70d8", "imemo_type":"ment", "memsize":48, "flags":{"wb_protected":true, "old":true, "uncollectible":true, "marked":true}}
{"address":"0x7fb1f80a7060", "type":"STRING", "class":"0x7fb1f80b7578", "frozen":true, "embedded":true, "fstring":true, "bytesize":4, "value":"sqrt", "encoding":"US-ASCII", "memsize":40, "flags":{"wb_protected":true, "old":true, "uncollectible":true, "marked":true}}
{"address":"0x7fb1f80a7088", "type":"IMEMO", "imemo_type":"iseq", "references":["0x7fb1f80a7c40", "0x7fb1fb02fe40", "0x7fb1f80343f8", "0x7fb1f80a7358"], "memsize":736, "flags":{"wb_protected":true, "old":true, "uncollectible":true, "marked":true}}
{"address":"0x7fb1f80a70b0", "type":"IMEMO", "class":"0x7fb1f80a70d8", "imemo_type":"ment", "memsize":48, "flags":{"wb_protected":true, "old":true, "uncollectible":true, "marked":true}}
{"address":"0x7fb1f80a70d8", "type":"CLASS", "class":"0x7fb1f80bf700", "name":"Class", "references":["0x7fb1f80a7bc8", "0x7fb1f80a7038", "0x7fb1f80a70b0", "0x7fb1f80a7100"], "memsize":528, "flags":{"wb_protected":true, "old":true, "uncollectible":true, "marked":true}}
{"address":"0x7fb1f80a7100", "type":"CLASS", "class":"0x7fb1f80a70d8", "name":"Integer", "references":["0x7fb1f80a7bf0", "0x7fb1f80a64a8", "0x7fb1f80a6430", "0x7fb1f80a65e8", "0x7fb1f804ecf8", "0x7fb1f804ec80", "0x7fb1f80a69d0", "0x7fb1f80a6818", "0x7fb1f80a69f8", "0x7fb1f80a6570", "0x7fb1f80a6548", "0x7fb1f80a6660", "0x7fb1f80a66b0", "0x7fb1f80a6700", "0x7fb1f80a6728", "0x7fb1f80a6c00", "0x7fb1f80a6598", "0x7fb1f804eac8", "0x7fb1f804ed70", "0x7fb1f80a6d40", "0x7fb1f80a6b60", "0x7fb1f80a68e0", "0x7fb1f80a6610", "0x7fb1f80a6958", "0x7fb1f80a69a8", "0x7fb1f80a6fe8", "0x7fb1f80a6980", "0x7fb1f80a6930", "0x7fb1f80a6520", "0x7fb1f80a6c28", "0x7fb1f80a6688", "0x7fb1f80a66d8", "0x7fb1f80a6b38", "0x7fb1f80a6ae8", "0x7fb1f80a7010", "0x7fb1f80a6b10", "0x7fb1f80a6ac0", "0x7fb1f804eaf0", "0x7fb1f80a6908", "0x7fb1f80a6868", "0x7fb1f80a6840", "0x7fb1f80a5710", "0x7fb1f80a65c0", "0x7fb1f80a68b8", "0x7fb1f80a6890", "0x7fb1f80a6778", "0x7fb1f80a6750", "0x7fb1f80a6fc0", "0x7fb1f80a6a98", "0x7fb1f80a6a70", "0x7fb1f80a6a20", "0x7fb1f80a6a48", "0x7fb1f804ebe0", "0x7fb1f804ebb8", "0x7fb1f80a6f48", "0x7fb1f80a6ed0", "0x7fb1f80a6e58", "0x7fb1f80a6de0", "0x7fb1f80a6d68", "0x7fb1f80a6cc8", "0x7fb1f80a6c50", "0x7fb1f80a6b88", "0x7fb1f80a67a0", "0x7fb1f80a6638", "0x7fb1f80bfa98", "0x7fb1f80a56e8"], "memsize":2600, "flags":{"wb_protected":true, "old":true, "uncollectible":true, "marked":true}}
{"address":"0x7fb1f80a7128", "type":"IMEMO", "class":"0x7fb1f80a7bf0", "imemo_type":"ment", "memsize":48, "flags":{"wb_protected":true, "old":true, "uncollectible":true, "marked":true}}
{"address":"0x7fb1f80a7150", "type":"STRING", "class":"0x7fb1f80b7578", "frozen":true, "embedded":true, "fstring":true, "bytesize":9, "value":"negative?", "encoding":"US-ASCII", "memsize":40, "flags":{"wb_protected":true, "old":true, "uncollectible":true, "marked":true}}
{"address":"0x7fb1f80a7178", "type":"IMEMO", "class":"0x8", "imemo_type":"cref", "references":["0x7fb1f80a7538", "0x7fb1f80ac808"], "memsize":40, "flags":{"wb_protected":true, "old":true, "uncollectible":true, "marked":true}}
{"address":"0x7fb1f80a71a0", "type":"IMEMO", "class":"0x7fb1f80a7bf0", "imemo_type":"ment", "memsize":48, "flags":{"wb_protected":true, "old":true, "uncollectible":true, "marked":true}}
{"address":"0x7fb1f80a71c8", "type":"STRING", "class":"0x7fb1f80b7578", "frozen":true, "embedded":true, "fstring":true, "bytesize":9, "value":"positive?", "encoding":"US-ASCII", "memsize":40, "flags":{"wb_protected":true, "old":true, "uncollectible":true, "marked":true}}
{"address":"0x7fb1f80a71f0", "type":"IMEMO", "imemo_type":"iseq", "references":["0x7fb1f80a7268", "0x7fb1fb02fe40", "0x7fb1f80343f8", "0x7fb1f80a7358"], "memsize":740, "flags":{"wb_protected":true, "old":true, "uncollectible":true, "marked":true}}
{"address":"0x7fb1f80a7218", "type":"IMEMO", "class":"0x7fb1f80a7bf0", "imemo_type":"ment", "memsize":48, "flags":{"wb_protected":true, "old":true, "uncollectible":true, "marked":true}}
{"address":"0x7fb1f80a7240", "type":"STRING", "class":"0x7fb1f80b7578", "frozen":true, "embedded":true, "fstring":true, "bytesize":4, "value":"step", "encoding":"US-ASCII", "memsize":40, "flags":{"wb_protected":true, "old":true, "uncollectible":true, "marked":true}}
{"address":"0x7fb1f80a7268", "type":"STRING", "class":"0x7fb1f80b7578", "frozen":true, "fstring":true, "bytesize":30, "capacity":47, "value":"ensure in block in use_gemdeps", "memsize":88, "flags":{"wb_protected":true, "old":true, "uncollectible":true, "marked":true}}
{"address":"0x7fb1f80a7290", "type":"IMEMO", "class":"0x7fb1f80a7bf0", "imemo_type":"ment", "memsize":48, "flags":{"wb_protected":true, "old":true, "uncollectible":true, "marked":true}}
{"address":"0x7fb1f80a72b8", "type":"STRING", "class":"0x7fb1f80b7578", "frozen":true, "embedded":true, "fstring":true, "bytesize":8, "value":"truncate", "encoding":"US-ASCII", "memsize":40, "flags":{"wb_protected":true, "old":true, "uncollectible":true, "marked":true}}
{"address":"0x7fb1f80a72e0", "type":"STRING", "class":"0x7fb1f80b7578", "frozen":true, "embedded":true, "bytesize":21, "value":"Gem::MissingSpecError", "encoding":"US-ASCII", "memsize":40, "flags":{"wb_protected":true, "old":true, "uncollectible":true, "marked":true}}
{"address":"0x7fb1f80a7308", "type":"IMEMO", "class":"0x7fb1f80a7bf0", "imemo_type":"ment", "memsize":48, "flags":{"wb_protected":true, "old":true, "uncollectible":true, "marked":true}}
{"address":"0x7fb1f80a7330", "type":"STRING", "class":"0x7fb1f80b7578", "frozen":true, "embedded":true, "fstring":true, "bytesize":5, "value":"round", "encoding":"US-ASCII", "memsize":40, "flags":{"wb_protected":true, "old":true, "uncollectible":true, "marked":true}}
{"address":"0x7fb1f80a7358", "type":"IMEMO", "imemo_type":"iseq", "references":["0x7fb1f80c55d8", "0x7fb1f80a7088", "0x7fb1f80a7dd0", "0x7fb1fb02fe40", "0x7fb1f80343f8", "0x7fb1f80ac768", "0x7fb1f80a7088", "0x7fb1f80a71f0"], "memsize":1800, "flags":{"wb_protected":true, "old":true, "uncollectible":true, "marked":true}}
{"address":"0x7fb1f80a7380", "type":"IMEMO", "class":"0x7fb1f80a7bf0", "imemo_type":"ment", "memsize":48, "flags":{"wb_protected":true, "old":true, "uncollectible":true, "marked":true}}
{"address":"0x7fb1f80a73a8", "type":"STRING", "class":"0x7fb1f80b7578", "frozen":true, "embedded":true, "fstring":true, "bytesize":4, "value":"ceil", "encoding":"US-ASCII", "memsize":40, "flags":{"wb_protected":true, "old":true, "uncollectible":true, "marked":true}}
{"address":"0x7fb1f80a73d0", "type":"CLASS", "class":"0x7fb1f80bf700", "name":"Class", "references":["0x7fb1f80ac678", "0x7fb1f80a7538"], "memsize":464, "flags":{"wb_protected":true, "old":true, "uncollectible":true, "marked":true}}
{"address":"0x7fb1f80a73f8", "type":"IMEMO", "class":"0x7fb1f80a7bf0", "imemo_type":"ment", "memsize":48, "flags":{"wb_protected":true, "old":true, "uncollectible":true, "marked":true}}
{"address":"0x7fb1f80a7420", "type":"STRING", "class":"0x7fb1f80b7578", "frozen":true, "embedded":true, "fstring":true, "bytesize":5, "value":"floor", "encoding":"US-ASCII", "memsize":40, "flags":{"wb_protected":true, "old":true, "uncollectible":true, "marked":true}}
{"address":"0x7fb1f80a7448", "type":"STRING", "class":"0x7fb1f80b7578", "frozen":true, "embedded":true, "fstring":true, "bytesize":14, "value":"BUNDLE_GEMFILE", "encoding":"UTF-8", "memsize":40, "flags":{"wb_protected":true, "old":true, "uncollectible":true, "marked":true}}
{"address":"0x7fb1f80a7470", "type":"IMEMO", "class":"0x7fb1f80a7bf0", "imemo_type":"ment", "memsize":48, "flags":{"wb_protected":true, "old":true, "uncollectible":true, "marked":true}}
{"address":"0x7fb1f80a7498", "type":"STRING", "class":"0x7fb1f80b7578", "frozen":true, "embedded":true, "fstring":true, "bytesize":9, "value":"infinite?", "encoding":"US-ASCII", "memsize":40, "flags":{"wb_protected":true, "old":true, "uncollectible":true, "marked":true}}
{"address":"0x7fb1f80a74c0", "type":"STRING", "class":"0x7fb1f80b7578", "frozen":true, "fstring":true, "bytesize":40, "value":"Unable to find gem dependencies file at ", "encoding":"UTF-8", "memsize":81, "flags":{"wb_protected":true, "old":true, "uncollectible":true, "marked":true}}
{"address":"0x7fb1f80a74e8", "type":"IMEMO", "class":"0x7fb1f80a7bf0", "imemo_type":"ment", "memsize":48, "flags":{"wb_protected":true, "old":true, "uncollectible":true, "marked":true}}
{"address":"0x7fb1f80a7510", "type":"STRING", "class":"0x7fb1f80b7578", "frozen":true, "embedded":true, "fstring":true, "bytesize":7, "value":"finite?", "encoding":"US-ASCII", "memsize":40, "flags":{"wb_protected":true, "old":true, "uncollectible":true, "marked":true}}
{"address":"0x7fb1f80a7538", "type":"CLASS", "class":"0x7fb1f80a73d0", "name":"Gem::MissingSpecError", "references":["0x7fb1f80ac6f0", "0x7fb1f80a6ea8", "0x7fb1f80a6f98", "0x7fb1f80a6f20", "0x7fb1f80a72e0"], "memsize":528, "flags":{"wb_protected":true, "old":true, "uncollectible":true, "marked":true}}
{"address":"0x7fb1f80a7560", "type":"IMEMO", "class":"0x7fb1f80a7bf0", "imemo_type":"ment", "memsize":48, "flags":{"wb_protected":true, "old":true, "uncollectible":true, "marked":true}}
{"address":"0x7fb1f80a7588", "type":"STRING", "class":"0x7fb1f80b7578", "frozen":true, "embedded":true, "fstring":true, "bytesize":8, "value":"nonzero?", "encoding":"US-ASCII", "memsize":40, "flags":{"wb_protected":true, "old":true, "uncollectible":true, "marked":true}}
{"address":"0x7fb1f80a75b0", "type":"ARRAY", "class":"0x7fb1f8097228", "frozen":true, "length":2, "embedded":true, "references":["0x7fb1f80da4d8"], "memsize":40, "flags":{"wb_protected":true, "old":true, "uncollectible":true, "marked":true}}
{"address":"0x7fb1f80a75d8", "type":"IMEMO", "class":"0x7fb1f80a7bf0", "imemo_type":"ment", "memsize":48, "flags":{"wb_protected":true, "old":true, "uncollectible":true, "marked":true}}
{"address":"0x7fb1f80a7600", "type":"STRING", "class":"0x7fb1f80b7578", "frozen":true, "embedded":true, "fstring":true, "bytesize":5, "value":"zero?", "encoding":"US-ASCII", "memsize":40, "flags":{"wb_protected":true, "old":true, "uncollectible":true, "marked":true}}
{"address":"0x7fb1f80a7628", "type":"IMEMO", "class":"0x7fb1f80ac6f0", "imemo_type":"ment", "references":["0x7fb1f80a75b0"], "memsize":48, "flags":{"wb_protected":true, "old":true, "uncollectible":true, "marked":true}}
{"address":"0x7fb1f80a7650", "type":"IMEMO", "class":"0x7fb1f80a7bf0", "imemo_type":"ment", "memsize":48, "flags":{"wb_protected":true, "old":true, "uncollectible":true, "marked":true}}
{"address":"0x7fb1f80a7678", "type":"STRING", "class":"0x7fb1f80b7578", "frozen":true, "embedded":true, "fstring":true, "bytesize":8, "value":"integer?", "encoding":"US-ASCII", "memsize":40, "flags":{"wb_protected":true, "old":true, "uncollectible":true, "marked":true}}
{"address":"0x7fb1f80a76a0", "type":"STRING", "class":"0x7fb1f80b7578", "frozen":true, "embedded":true, "fstring":true, "bytesize":12, "value":"requirement=", "encoding":"US-ASCII", "memsize":40, "flags":{"wb_protected":true, "old":true, "uncollectible":true, "marked":true}}
{"address":"0x7fb1f80a76c8", "type":"IMEMO", "class":"0x7fb1f80a7bf0", "imemo_type":"ment", "memsize":48, "flags":{"wb_protected":true, "old":true, "uncollectible":true, "marked":true}}
{"address":"0x7fb1f80a76f0", "type":"STRING", "class":"0x7fb1f80b7578", "frozen":true, "embedded":true, "fstring":true, "bytesize":5, "value":"real?", "encoding":"US-ASCII", "memsize":40, "flags":{"wb_protected":true, "old":true, "uncollectible":true, "marked":true}}
{"address":"0x7fb1f80a7718", "type":"STRING", "class":"0x7fb1f80b7578", "frozen":true, "fstring":true, "bytesize":29, "value":"Gem::Specification.new do |s|", "encoding":"UTF-8", "memsize":70, "flags":{"wb_protected":true, "old":true, "uncollectible":true, "marked":true}}
{"address":"0x7fb1f80a7740", "type":"IMEMO", "class":"0x7fb1f80a7bf0", "imemo_type":"ment", "memsize":48, "flags":{"wb_protected":true, "old":true, "uncollectible":true, "marked":true}}
{"address":"0x7fb1f80a7768", "type":"IMEMO", "class":"0x7fb1f80a7bf0", "imemo_type":"ment", "memsize":48, "flags":{"wb_protected":true, "old":true, "uncollectible":true, "marked":true}}
{"address":"0x7fb1f80a7790", "type":"STRING", "class":"0x7fb1f80b7578", "frozen":true, "embedded":true, "fstring":true, "bytesize":9, "value":"magnitude", "encoding":"US-ASCII", "memsize":40, "flags":{"wb_protected":true, "old":true, "uncollectible":true, "marked":true}}
{"address":"0x7fb1f80a77b8", "type":"ARRAY", "class":"0x7fb1f8097228", "frozen":true, "length":2, "embedded":true, "references":["0x7fb1f80da4d8"], "memsize":40, "flags":{"wb_protected":true, "old":true, "uncollectible":true, "marked":true}}
{"address":"0x7fb1f80a77e0", "type":"IMEMO", "class":"0x7fb1f80a7bf0", "imemo_type":"ment", "memsize":48, "flags":{"wb_protected":true, "old":true, "uncollectible":true, "marked":true}}
{"address":"0x7fb1f80a7808", "type":"STRING", "class":"0x7fb1f80b7578", "frozen":true, "embedded":true, "fstring":true, "bytesize":3, "value":"abs", "encoding":"US-ASCII", "memsize":40, "flags":{"wb_protected":true, "old":true, "uncollectible":true, "marked":true}}
{"address":"0x7fb1f80a7830", "type":"IMEMO", "class":"0x7fb1f80ac6f0", "imemo_type":"ment", "references":["0x7fb1f80a77b8"], "memsize":48, "flags":{"wb_protected":true, "old":true, "uncollectible":true, "marked":true}}
{"address":"0x7fb1f80a7858", "type":"IMEMO", "class":"0x7fb1f80a7bf0", "imemo_type":"ment", "memsize":48, "flags":{"wb_protected":true, "old":true, "uncollectible":true, "marked":true}}
{"address":"0x7fb1f80a7880", "type":"STRING", "class":"0x7fb1f80b7578", "frozen":true, "embedded":true, "fstring":true, "bytesize":9, "value":"remainder", "encoding":"US-ASCII", "memsize":40, "flags":{"wb_protected":true, "old":true, "uncollectible":true, "marked":true}}
{"address":"0x7fb1f80a78d0", "type":"IMEMO", "class":"0x7fb1f80a7bf0", "imemo_type":"ment", "memsize":48, "flags":{"wb_protected":true, "old":true, "uncollectible":true, "marked":true}}
{"address":"0x7fb1f80a78f8", "type":"STRING", "class":"0x7fb1f80b7578", "frozen":true, "embedded":true, "fstring":true, "bytesize":6, "value":"modulo", "encoding":"US-ASCII", "memsize":40, "flags":{"wb_protected":true, "old":true, "uncollectible":true, "marked":true}}
{"address":"0x7fb1f80a7920", "type":"ARRAY", "class":"0x7fb1f8097228", "frozen":true, "length":2, "embedded":true, "references":["0x7fb1f80da4d8"], "memsize":40, "flags":{"wb_protected":true, "old":true, "uncollectible":true, "marked":true}}
{"address":"0x7fb1f80a7948", "type":"IMEMO", "class":"0x7fb1f80a7bf0", "imemo_type":"ment", "memsize":48, "flags":{"wb_protected":true, "old":true, "uncollectible":true, "marked":true}}
{"address":"0x7fb1f80a7970", "type":"IMEMO", "class":"0x7fb1f80a7bf0", "imemo_type":"ment", "memsize":48, "flags":{"wb_protected":true, "old":true, "uncollectible":true, "marked":true}}
{"address":"0x7fb1f80a7998", "type":"IMEMO", "class":"0x7fb1f80a7bf0", "imemo_type":"ment", "memsize":48, "flags":{"wb_protected":true, "old":true, "uncollectible":true, "marked":true}}
{"address":"0x7fb1f80a79c0", "type":"IMEMO", "class":"0x7fb1f80a7bf0", "imemo_type":"ment", "memsize":48, "flags":{"wb_protected":true, "old":true, "uncollectible":true, "marked":true}}
{"address":"0x7fb1f80a79e8", "type":"IMEMO", "class":"0x7fb1f80a7bf0", "imemo_type":"ment", "memsize":48, "flags":{"wb_protected":true, "old":true, "uncollectible":true, "marked":true}}
{"address":"0x7fb1f80a7a10", "type":"IMEMO", "class":"0x7fb1f80a7bf0", "imemo_type":"ment", "memsize":48, "flags":{"wb_protected":true, "old":true, "uncollectible":true, "marked":true}}
{"address":"0x7fb1f80a7a38", "type":"IMEMO", "class":"0x7fb1f80a7bf0", "imemo_type":"ment", "memsize":48, "flags":{"wb_protected":true, "old":true, "uncollectible":true, "marked":true}}
{"address":"0x7fb1f80a7a60", "type":"IMEMO", "class":"0x7fb1f80a7bf0", "imemo_type":"ment", "memsize":48, "flags":{"wb_protected":true, "old":true, "uncollectible":true, "marked":true}}
{"address":"0x7fb1f80a7a88", "type":"IMEMO", "class":"0x7fb1f80a7bf0", "imemo_type":"ment", "memsize":48, "flags":{"wb_protected":true, "old":true, "uncollectible":true, "marked":true}}
{"address":"0x7fb1f80a7ab0", "type":"STRING", "class":"0x7fb1f80b7578", "frozen":true, "embedded":true, "fstring":true, "bytesize":1, "value":"i", "encoding":"US-ASCII", "memsize":40, "flags":{"wb_protected":true, "old":true, "uncollectible":true, "marked":true}}
{"address":"0x7fb1f80a7ad8", "type":"IMEMO", "imemo_type":"iseq", "references":["0x7fb1f80a7c40", "0x7fb1fb02fe40", "0x7fb1f80343f8", "0x7fb1f80a7d80"], "memsize":704, "flags":{"wb_protected":true, "old":true, "uncollectible":true, "marked":true}}
{"address":"0x7fb1f80a7b00", "type":"IMEMO", "class":"0x7fb1f80a7bf0", "imemo_type":"ment", "memsize":48, "flags":{"wb_protected":true, "old":true, "uncollectible":true, "marked":true}}
{"address":"0x7fb1f80a7b28", "type":"IMEMO", "class":"0x7fb1f80a7bf0", "imemo_type":"ment", "memsize":48, "flags":{"wb_protected":true, "old":true, "uncollectible":true, "marked":true}}
{"address":"0x7fb1f80a7b50", "type":"IMEMO", "class":"0x7fb1f80a7bf0", "imemo_type":"ment", "memsize":48, "flags":{"wb_protected":true, "old":true, "uncollectible":true, "marked":true}}
{"address":"0x7fb1f80a7b78", "type":"ICLASS", "class":"0x7fb1f80bd158", "references":["0x7fb1f80c5240"], "memsize":40, "flags":{"uncollectible":true, "marked":true}}
{"address":"0x7fb1f80a7ba0", "type":"IMEMO", "class":"0x7fb1f80a7bf0", "imemo_type":"ment", "memsize":48, "flags":{"wb_protected":true, "old":true, "uncollectible":true, "marked":true}}
{"address":"0x7fb1f80a7bc8", "type":"CLASS", "class":"0x7fb1f80bf700", "name":"Class", "references":["0x7fb1f80bf6b0", "0x7fb1f80a7bf0"], "memsize":464, "flags":{"wb_protected":true, "old":true, "uncollectible":true, "marked":true}}
{"address":"0x7fb1f80a7bf0", "type":"CLASS", "class":"0x7fb1f80a7bc8", "name":"Numeric", "references":["0x7fb1f80a7b78", "0x7fb1f80a7b00", "0x7fb1f804d790", "0x7fb1f804d8d0", "0x7fb1f804d8a8", "0x7fb1f80a7a60", "0x7fb1f80a7a38", "0x7fb1f804d858", "0x7fb1f80a7a10", "0x7fb1f804d7e0", "0x7fb1f804d808", "0x7fb1f804d948", "0x7fb1f804d768", "0x7fb1f804d718", "0x7fb1f804d880", "0x7fb1f804d740", "0x7fb1f80a7b28", "0x7fb1f80a79e8", "0x7fb1f80a7948", "0x7fb1f80a7ba0", "0x7fb1f80a7740", "0x7fb1f80a7998", "0x7fb1f80a7970", "0x7fb1f80a79c0", "0x7fb1f80a7b50", "0x7fb1f804ec08", "0x7fb1f80a7a88", "0x7fb1f80a78d0", "0x7fb1f80a7858", "0x7fb1f80a77e0", "0x7fb1f80a7768", "0x7fb1f80a76c8", "0x7fb1f80a7650", "0x7fb1f80a75d8", "0x7fb1f80a7560", "0x7fb1f80a74e8", "0x7fb1f80a7470", "0x7fb1f80a73f8", "0x7fb1f80a7380", "0x7fb1f80a7308", "0x7fb1f80a7290", "0x7fb1f80a7218", "0x7fb1f80a71a0", "0x7fb1f80a7128", "0x7fb1f804ec58", "0x7fb1f804ec30", "0x7fb1f804d830", "0x7fb1f804d7b8", "0x7fb1f80a7c18"], "memsize":2512, "flags":{"wb_protected":true, "old":true, "uncollectible":true, "marked":true}}
{"address":"0x7fb1f80a7c18", "type":"STRING", "class":"0x7fb1f80b7578", "frozen":true, "embedded":true, "fstring":true, "bytesize":7, "value":"Numeric", "encoding":"US-ASCII", "memsize":40, "flags":{"wb_protected":true, "old":true, "uncollectible":true, "marked":true}}
{"address":"0x7fb1f80a7c40", "type":"STRING", "class":"0x7fb1f80b7578", "frozen":true, "fstring":true, "bytesize":31, "value":"block (2 levels) in use_gemdeps", "memsize":72, "flags":{"wb_protected":true, "old":true, "uncollectible":true, "marked":true}}
{"address":"0x7fb1f80a7c68", "type":"CLASS", "class":"0x7fb1f80bf700", "name":"Class", "references":["0x7fb1f80aee28", "0x7fb1f80a7c90"], "memsize":464, "flags":{"wb_protected":true, "old":true, "uncollectible":true, "marked":true}}
{"address":"0x7fb1f80a7c90", "type":"CLASS", "class":"0x7fb1f80a7c68", "name":"FloatDomainError", "references":["0x7fb1f80aee50", "0x7fb1f80a7cb8"], "memsize":464, "flags":{"wb_protected":true, "old":true, "uncollectible":true, "marked":true}}
{"address":"0x7fb1f80a7cb8", "type":"STRING", "class":"0x7fb1f80b7578", "frozen":true, "embedded":true, "fstring":true, "bytesize":16, "value":"FloatDomainError", "encoding":"US-ASCII", "memsize":40, "flags":{"wb_protected":true, "old":true, "uncollectible":true, "marked":true}}
{"address":"0x7fb1f80a7ce0", "type":"IMEMO", "class":"0x7fb1f80ac6f0", "imemo_type":"ment", "references":["0x7fb1f80a7920"], "memsize":48, "flags":{"wb_protected":true, "old":true, "uncollectible":true, "marked":true}}
{"address":"0x7fb1f80a7d08", "type":"CLASS", "class":"0x7fb1f80bf700", "name":"Class", "references":["0x7fb1f80af260", "0x7fb1f80a7d30"], "memsize":464, "flags":{"wb_protected":true, "old":true, "uncollectible":true, "marked":true}}
{"address":"0x7fb1f80a7d30", "type":"CLASS", "class":"0x7fb1f80a7d08", "name":"ZeroDivisionError", "references":["0x7fb1f80af288", "0x7fb1f80a7d58"], "memsize":464, "flags":{"wb_protected":true, "old":true, "uncollectible":true, "marked":true}}
{"address":"0x7fb1f80a7d58", "type":"STRING", "class":"0x7fb1f80b7578", "frozen":true, "embedded":true, "fstring":true, "bytesize":17, "value":"ZeroDivisionError", "encoding":"US-ASCII", "memsize":40, "flags":{"wb_protected":true, "old":true, "uncollectible":true, "marked":true}}
{"address":"0x7fb1f80a7d80", "type":"IMEMO", "imemo_type":"iseq", "references":["0x7fb1f80a7ad8", "0x7fb1f80a7dd0", "0x7fb1fb02fe40", "0x7fb1f80343f8", "0x7fb1f80ac768", "0x7fb1f80a7ad8"], "memsize":1180, "flags":{"wb_protected":true, "old":true, "uncollectible":true, "marked":true}}
{"address":"0x7fb1f80a7da8", "type":"STRING", "class":"0x7fb1f80b7578", "frozen":true, "embedded":true, "fstring":true, "bytesize":2, "value":"by", "encoding":"US-ASCII", "memsize":40, "flags":{"wb_protected":true, "old":true, "uncollectible":true, "marked":true}}
{"address":"0x7fb1f80a7dd0", "type":"STRING", "class":"0x7fb1f80b7578", "frozen":true, "embedded":true, "fstring":true, "bytesize":20, "value":"block in use_gemdeps", "memsize":40, "flags":{"wb_protected":true, "old":true, "uncollectible":true, "marked":true}}
{"address":"0x7fb1f80a7df8", "type":"STRING", "class":"0x7fb1f80b7578", "frozen":true, "embedded":true, "fstring":true, "bytesize":2, "value":"to", "encoding":"US-ASCII", "memsize":40, "flags":{"wb_protected":true, "old":true, "uncollectible":true, "marked":true}}
{"address":"0x7fb1f80a7e48", "type":"STRING", "class":"0x7fb1f80b7578", "frozen":true, "embedded":true, "fstring":true, "bytesize":6, "value":"coerce", "encoding":"US-ASCII", "memsize":40, "flags":{"wb_protected":true, "old":true, "uncollectible":true, "marked":true}}
{"address":"0x7fb1f80a7e70", "type":"STRING", "class":"0x7fb1f80b7578", "frozen":true, "embedded":true, "fstring":true, "bytesize":1, "value":"-", "encoding":"UTF-8", "memsize":40, "flags":{"wb_protected":true, "old":true, "uncollectible":true, "marked":true}}
{"address":"0x7fb1f80a7e98", "type":"IMEMO", "class":"0x7fb1f80bfbb0", "imemo_type":"ment", "memsize":48, "flags":{"wb_protected":true, "old":true, "uncollectible":true, "marked":true}}
{"address":"0x7fb1f80a7ec0", "type":"IMEMO", "imemo_type":"ment", "references":["0x7fb1f80c4ef8"], "memsize":48, "flags":{"wb_protected":true, "old":true, "uncollectible":true, "marked":true}}
{"address":"0x7fb1f80a7ee8", "type":"STRING", "class":"0x7fb1f80b7578", "frozen":true, "embedded":true, "fstring":true, "bytesize":7, "value":"at_exit", "encoding":"US-ASCII", "memsize":40, "flags":{"wb_protected":true, "old":true, "uncollectible":true, "marked":true}}
{"address":"0x7fb1f80a7f10", "type":"STRING", "class":"0x7fb1f80b7578", "frozen":true, "embedded":true, "fstring":true, "bytesize":16, "value":"RUBYGEMS_GEMDEPS", "encoding":"UTF-8", "memsize":40, "flags":{"wb_protected":true, "old":true, "uncollectible":true, "marked":true}}
{"address":"0x7fb1f80a7f38", "type":"STRING", "class":"0x7fb1f80b7578", "frozen":true, "embedded":true, "fstring":true, "bytesize":5, "value":"$SAFE", "encoding":"US-ASCII", "memsize":40, "flags":{"wb_protected":true, "old":true, "uncollectible":true, "marked":true}}
{"address":"0x7fb1f80a7f60", "type":"ARRAY", "class":"0x7fb1f8097228", "frozen":true, "length":2, "embedded":true, "references":["0x7fb1f80da4d8"], "memsize":40, "flags":{"wb_protected":true, "old":true, "uncollectible":true, "marked":true}}
{"address":"0x7fb1f80a7f88", "type":"STRING", "class":"0x7fb1f80b7578", "frozen":true, "embedded":true, "fstring":true, "bytesize":5, "value":"signo", "encoding":"US-ASCII", "memsize":40, "flags":{"wb_protected":true, "old":true, "uncollectible":true, "marked":true}}
{"address":"0x7fb1f80a7fb0", "type":"IMEMO", "class":"0x7fb1f80ac6f0", "imemo_type":"ment", "references":["0x7fb1f80a7f60"], "memsize":48, "flags":{"wb_protected":true, "old":true, "uncollectible":true, "marked":true}}
{"address":"0x7fb1f80ac010", "type":"OBJECT", "class":"0x7fb1f80af468", "frozen":true, "ivars":3, "references":["0x7fb1f80ac038"], "memsize":40, "flags":{"wb_protected":true, "old":true, "uncollectible":true, "marked":true}}
{"address":"0x7fb1f80ac038", "type":"STRING", "class":"0x7fb1f80b7578", "frozen":true, "bytesize":41, "value":"machine stack overflow in critical region", "encoding":"US-ASCII", "memsize":40, "flags":{"wb_protected":true, "old":true, "uncollectible":true, "marked":true}}
{"address":"0x7fb1f80ac060", "type":"OBJECT", "class":"0x7fb1f80af468", "frozen":true, "ivars":3, "references":["0x7fb1f80ac088"], "memsize":40, "flags":{"wb_protected":true, "old":true, "uncollectible":true, "marked":true}}
{"address":"0x7fb1f80ac088", "type":"STRING", "class":"0x7fb1f80b7578", "frozen":true, "bytesize":19, "value":"exception reentered", "encoding":"US-ASCII", "memsize":40, "flags":{"wb_protected":true, "old":true, "uncollectible":true, "marked":true}}
{"address":"0x7fb1f80ac0b0", "type":"IMEMO", "class":"0x7fb1f80bfbb0", "imemo_type":"ment", "memsize":48, "flags":{"wb_protected":true, "old":true, "uncollectible":true, "marked":true}}
{"address":"0x7fb1f80ac0d8", "type":"IMEMO", "imemo_type":"ment", "references":["0x7fb1f80c4ef8"], "memsize":48, "flags":{"wb_protected":true, "old":true, "uncollectible":true, "marked":true}}
{"address":"0x7fb1f80ac100", "type":"STRING", "class":"0x7fb1f80b7578", "frozen":true, "embedded":true, "fstring":true, "bytesize":11, "value":"untrace_var", "encoding":"US-ASCII", "memsize":40, "flags":{"wb_protected":true, "old":true, "uncollectible":true, "marked":true}}
{"address":"0x7fb1f80ac128", "type":"STRING", "class":"0x7fb1f80b7578", "frozen":true, "fstring":true, "bytesize":38, "capacity":47, "value":"defined guard in rescue in use_gemdeps", "memsize":88, "flags":{"wb_protected":true, "old":true, "uncollectible":true, "marked":true}}
{"address":"0x7fb1f80ac150", "type":"IMEMO", "class":"0x7fb1f80bfbb0", "imemo_type":"ment", "memsize":48, "flags":{"wb_protected":true, "old":true, "uncollectible":true, "marked":true}}
{"address":"0x7fb1f80ac178", "type":"IMEMO", "imemo_type":"ment", "references":["0x7fb1f80c4ef8"], "memsize":48, "flags":{"wb_protected":true, "old":true, "uncollectible":true, "marked":true}}
{"address":"0x7fb1f80ac1a0", "type":"STRING", "class":"0x7fb1f80b7578", "frozen":true, "embedded":true, "fstring":true, "bytesize":9, "value":"trace_var", "encoding":"US-ASCII", "memsize":40, "flags":{"wb_protected":true, "old":true, "uncollectible":true, "marked":true}}
{"address":"0x7fb1f80ac1c8", "type":"IMEMO", "imemo_type":"iseq", "references":["0x7fb1f80ac128", "0x7fb1fb02fe40", "0x7fb1f80343f8", "0x7fb1f80ac588"], "memsize":372, "flags":{"wb_protected":true, "old":true, "uncollectible":true, "marked":true}}
{"address":"0x7fb1f80ac1f0", "type":"IMEMO", "imemo_type":"ment", "references":["0x7fb1f80c4ef8"], "memsize":48, "flags":{"wb_protected":true, "old":true, "uncollectible":true, "marked":true}}
{"address":"0x7fb1f80ac218", "type":"STRING", "class":"0x7fb1f80b7578", "frozen":true, "embedded":true, "fstring":true, "bytesize":6, "value":"extend", "encoding":"US-ASCII", "memsize":40, "flags":{"wb_protected":true, "old":true, "uncollectible":true, "marked":true}}
{"address":"0x7fb1f80ac268", "type":"IMEMO", "class":"0x7fb1f80bdd10", "imemo_type":"ment", "memsize":48, "flags":{"wb_protected":true, "old":true, "uncollectible":true, "marked":true}}
{"address":"0x7fb1f80ac290", "type":"IMEMO", "class":"0x7fb1f80bdd10", "imemo_type":"ment", "memsize":48, "flags":{"wb_protected":true, "old":true, "uncollectible":true, "marked":true}}
{"address":"0x7fb1f80ac2b8", "type":"IMEMO", "class":"0x7fb1f80bf6d8", "imemo_type":"ment", "memsize":48, "flags":{"wb_protected":true, "old":true, "uncollectible":true, "marked":true}}
{"address":"0x7fb1f80ac2e0", "type":"IMEMO", "class":"0x7fb1f80bf6d8", "imemo_type":"ment", "memsize":48, "flags":{"wb_protected":true, "old":true, "uncollectible":true, "marked":true}}
{"address":"0x7fb1f80ac308", "type":"STRING", "class":"0x7fb1f80b7578", "frozen":true, "embedded":true, "fstring":true, "bytesize":7, "value":"nesting", "encoding":"US-ASCII", "memsize":40, "flags":{"wb_protected":true, "old":true, "uncollectible":true, "marked":true}}
{"address":"0x7fb1f80ac330", "type":"STRING", "class":"0x7fb1f80b7578", "frozen":true, "bytesize":101, "value":"/Users/rschneeman/.rubies/ruby-2.7.1/lib/ruby/gems/2.7.0/specifications/default/strscan-1.0.3.gemspec", "encoding":"US-ASCII", "memsize":142, "flags":{"wb_protected":true, "old":true, "uncollectible":true, "marked":true}}
{"address":"0x7fb1f80ac358", "type":"IMEMO", "class":"0x7fb1f80afb20", "imemo_type":"ment", "memsize":48, "flags":{"wb_protected":true, "old":true, "uncollectible":true, "marked":true}}
{"address":"0x7fb1f80ac380", "type":"IMEMO", "class":"0x7fb1f80afb20", "imemo_type":"ment", "memsize":48, "flags":{"wb_protected":true, "old":true, "uncollectible":true, "marked":true}}
{"address":"0x7fb1f80ac3a8", "type":"IMEMO", "class":"0x7fb1f80afb20", "imemo_type":"ment", "memsize":48, "flags":{"wb_protected":true, "old":true, "uncollectible":true, "marked":true}}
{"address":"0x7fb1f80ac3d0", "type":"IMEMO", "class":"0x7fb1f80bdd10", "imemo_type":"ment", "memsize":48, "flags":{"wb_protected":true, "old":true, "uncollectible":true, "marked":true}}
{"address":"0x7fb1f80ac3f8", "type":"IMEMO", "class":"0x7fb1f80bdd10", "imemo_type":"ment", "memsize":48, "flags":{"wb_protected":true, "old":true, "uncollectible":true, "marked":true}}
{"address":"0x7fb1f80ac420", "type":"IMEMO", "class":"0x7fb1f80bdd10", "imemo_type":"ment", "memsize":48, "flags":{"wb_protected":true, "old":true, "uncollectible":true, "marked":true}}
{"address":"0x7fb1f80ac448", "type":"IMEMO", "class":"0x7fb1f80c51c8", "imemo_type":"ment", "memsize":48, "flags":{"wb_protected":true, "old":true, "uncollectible":true, "marked":true}}
{"address":"0x7fb1f80ac470", "type":"STRING", "class":"0x7fb1f80b7578", "frozen":true, "embedded":true, "fstring":true, "bytesize":20, "value":"private_class_method", "encoding":"US-ASCII", "memsize":40, "flags":{"wb_protected":true, "old":true, "uncollectible":true, "marked":true}}
{"address":"0x7fb1f80ac498", "type":"STRING", "class":"0x7fb1f80b7578", "frozen":true, "fstring":true, "bytesize":56, "value":"You may need to `gem install -g` to install missing gems", "encoding":"UTF-8", "memsize":97, "flags":{"wb_protected":true, "old":true, "uncollectible":true, "marked":true}}
{"address":"0x7fb1f80ac4c0", "type":"IMEMO", "class":"0x7fb1f80c51c8", "imemo_type":"ment", "memsize":48, "flags":{"wb_protected":true, "old":true, "uncollectible":true, "marked":true}}
{"address":"0x7fb1f80ac4e8", "type":"STRING", "class":"0x7fb1f80b7578", "frozen":true, "embedded":true, "fstring":true, "bytesize":19, "value":"public_class_method", "encoding":"US-ASCII", "memsize":40, "flags":{"wb_protected":true, "old":true, "uncollectible":true, "marked":true}}
{"address":"0x7fb1f80ac510", "type":"STRING", "class":"0x7fb1f80b7578", "frozen":true, "embedded":true, "bytesize":14, "value":"Gem::LoadError", "encoding":"US-ASCII", "memsize":40, "flags":{"wb_protected":true, "old":true, "uncollectible":true, "marked":true}}
{"address":"0x7fb1f80ac538", "type":"IMEMO", "class":"0x7fb1f80c51c8", "imemo_type":"ment", "memsize":48, "flags":{"wb_protected":true, "old":true, "uncollectible":true, "marked":true}}
{"address":"0x7fb1f80ac560", "type":"STRING", "class":"0x7fb1f80b7578", "frozen":true, "fstring":true, "bytesize":25, "value":"protected_method_defined?", "encoding":"US-ASCII", "memsize":66, "flags":{"wb_protected":true, "old":true, "uncollectible":true, "marked":true}}
{"address":"0x7fb1f80ac588", "type":"IMEMO", "imemo_type":"iseq", "references":["0x7fb1f80af288", "0x7fb1f80ac498", "0x7fb1f80beaa8", "0x7fb1f80ac600", "0x7fb1fb02fe40", "0x7fb1f80343f8", "0x7fb1f80ac768", "0x7fb1f80ac1c8"], "memsize":2232, "flags":{"wb_protected":true, "old":true, "uncollectible":true, "marked":true}}
{"address":"0x7fb1f80ac5b0", "type":"IMEMO", "class":"0x7fb1f80c51c8", "imemo_type":"ment", "memsize":48, "flags":{"wb_protected":true, "old":true, "uncollectible":true, "marked":true}}
{"address":"0x7fb1f80ac5d8", "type":"STRING", "class":"0x7fb1f80b7578", "frozen":true, "embedded":true, "fstring":true, "bytesize":23, "value":"private_method_defined?", "encoding":"US-ASCII", "memsize":40, "flags":{"wb_protected":true, "old":true, "uncollectible":true, "marked":true}}
{"address":"0x7fb1f80ac600", "type":"STRING", "class":"0x7fb1f80b7578", "frozen":true, "embedded":true, "fstring":true, "bytesize":21, "value":"rescue in use_gemdeps", "memsize":40, "flags":{"wb_protected":true, "old":true, "uncollectible":true, "marked":true}}
{"address":"0x7fb1f80ac628", "type":"IMEMO", "class":"0x7fb1f80c51c8", "imemo_type":"ment", "memsize":48, "flags":{"wb_protected":true, "old":true, "uncollectible":true, "marked":true}}
{"address":"0x7fb1f80ac650", "type":"STRING", "class":"0x7fb1f80b7578", "frozen":true, "embedded":true, "fstring":true, "bytesize":22, "value":"public_method_defined?", "encoding":"US-ASCII", "memsize":40, "flags":{"wb_protected":true, "old":true, "uncollectible":true, "marked":true}}
{"address":"0x7fb1f80ac678", "type":"CLASS", "class":"0x7fb1f80bf700", "name":"Class", "references":["0x7fb1f80aec20", "0x7fb1f80ac6f0"], "memsize":464, "flags":{"wb_protected":true, "old":true, "uncollectible":true, "marked":true}}
{"address":"0x7fb1f80ac6a0", "type":"IMEMO", "class":"0x7fb1f80c51c8", "imemo_type":"ment", "memsize":48, "flags":{"wb_protected":true, "old":true, "uncollectible":true, "marked":true}}
{"address":"0x7fb1f80ac6c8", "type":"STRING", "class":"0x7fb1f80b7578", "frozen":true, "embedded":true, "fstring":true, "bytesize":15, "value":"method_defined?", "encoding":"US-ASCII", "memsize":40, "flags":{"wb_protected":true, "old":true, "uncollectible":true, "marked":true}}
{"address":"0x7fb1f80ac6f0", "type":"CLASS", "class":"0x7fb1f80ac678", "name":"Gem::LoadError", "references":["0x7fb1f80aec48", "0x7fb1f80a7830", "0x7fb1f80a7ce0", "0x7fb1f80a7628", "0x7fb1f80a7fb0", "0x7fb1f80ac510"], "memsize":592, "flags":{"wb_protected":true, "old":true, "uncollectible":true, "marked":true}}
{"address":"0x7fb1f80ac718", "type":"IMEMO", "class":"0x7fb1f80c51c8", "imemo_type":"ment", "memsize":48, "flags":{"wb_protected":true, "old":true, "uncollectible":true, "marked":true}}
{"address":"0x7fb1f80ac740", "type":"STRING", "class":"0x7fb1f80b7578", "frozen":true, "embedded":true, "fstring":true, "bytesize":14, "value":"ruby2_keywords", "encoding":"US-ASCII", "memsize":40, "flags":{"wb_protected":true, "old":true, "uncollectible":true, "marked":true}}
{"address":"0x7fb1f80ac768", "type":"IMEMO", "imemo_type":"iseq", "references":["0x7fb1f80a7f10", "0x7fb1f80a7e70", "0x7fb1f80a7d80", "0x7fb1f80a74c0", "0x7fb1f80a7448", "0x7fb1f80aebf8", "0x7fb1f80a7358", "0x7fb1fb02fe40", "0x7fb1fb02fe40", "0x7fb1f80343f8", "0x7fb1f80a7d80", "0x7fb1f80a7358", "0x7fb1f80ac588"], "memsize":4052, "flags":{"wb_protected":true, "old":true, "uncollectible":true, "marked":true}}
{"address":"0x7fb1f80ac790", "type":"IMEMO", "class":"0x7fb1f80c51c8", "imemo_type":"ment", "memsize":48, "flags":{"wb_protected":true, "old":true, "uncollectible":true, "marked":true}}
{"address":"0x7fb1f80ac7b8", "type":"IMEMO", "class":"0x7fb1f80c51c8", "imemo_type":"ment", "memsize":48, "flags":{"wb_protected":true, "old":true, "uncollectible":true, "marked":true}}
{"address":"0x7fb1f80ac7e0", "type":"STRING", "class":"0x7fb1f80b7578", "frozen":true, "embedded":true, "fstring":true, "bytesize":7, "value":"private", "encoding":"US-ASCII", "memsize":40, "flags":{"wb_protected":true, "old":true, "uncollectible":true, "marked":true}}
{"address":"0x7fb1f80ac808", "type":"IMEMO", "class":"0x8", "imemo_type":"cref", "references":["0x7fb1f80348d0", "0x7fb1f80ac880"], "memsize":40, "flags":{"wb_protected":true, "old":true, "uncollectible":true, "marked":true}}
{"address":"0x7fb1f80ac830", "type":"IMEMO", "class":"0x7fb1f80c51c8", "imemo_type":"ment", "memsize":48, "flags":{"wb_protected":true, "old":true, "uncollectible":true, "marked":true}}
{"address":"0x7fb1f80ac858", "type":"STRING", "class":"0x7fb1f80b7578", "frozen":true, "embedded":true, "fstring":true, "bytesize":9, "value":"protected", "encoding":"US-ASCII", "memsize":40, "flags":{"wb_protected":true, "old":true, "uncollectible":true, "marked":true}}
{"address":"0x7fb1f80ac880", "type":"IMEMO", "class":"0x8", "imemo_type":"cref", "references":["0x7fb1f80c5240"], "memsize":40, "flags":{"wb_protected":true, "old":true, "uncollectible":true, "marked":true}}
{"address":"0x7fb1f80ac8a8", "type":"IMEMO", "class":"0x7fb1f80c51c8", "imemo_type":"ment", "memsize":48, "flags":{"wb_protected":true, "old":true, "uncollectible":true, "marked":true}}
{"address":"0x7fb1f80ac8d0", "type":"STRING", "class":"0x7fb1f80b7578", "frozen":true, "embedded":true, "fstring":true, "bytesize":6, "value":"public", "encoding":"US-ASCII", "memsize":40, "flags":{"wb_protected":true, "old":true, "uncollectible":true, "marked":true}}
{"address":"0x7fb1f80ac8f8", "type":"STRING", "class":"0x7fb1f80b7578", "frozen":true, "embedded":true, "fstring":true, "bytesize":3, "value":" - ", "encoding":"UTF-8", "memsize":40, "flags":{"wb_protected":true, "old":true, "uncollectible":true, "marked":true}}
{"address":"0x7fb1f80ac920", "type":"IMEMO", "class":"0x7fb1f80c51c8", "imemo_type":"ment", "memsize":48, "flags":{"wb_protected":true, "old":true, "uncollectible":true, "marked":true}}
{"address":"0x7fb1f80ac948", "type":"STRING", "class":"0x7fb1f80b7578", "frozen":true, "embedded":true, "fstring":true, "bytesize":12, "value":"alias_method", "encoding":"US-ASCII", "memsize":40, "flags":{"wb_protected":true, "old":true, "uncollectible":true, "marked":true}}
{"address":"0x7fb1f80ac970", "type":"STRING", "class":"0x7fb1f80b7578", "frozen":true, "fstring":true, "bytesize":29, "value":"Unable to download data from ", "encoding":"UTF-8", "memsize":70, "flags":{"wb_protected":true, "old":true, "uncollectible":true, "marked":true}}
{"address":"0x7fb1f80ac998", "type":"IMEMO", "class":"0x7fb1f80c51c8", "imemo_type":"ment", "memsize":48, "flags":{"wb_protected":true, "old":true, "uncollectible":true, "marked":true}}
{"address":"0x7fb1f80ac9c0", "type":"STRING", "class":"0x7fb1f80b7578", "frozen":true, "embedded":true, "fstring":true, "bytesize":12, "value":"undef_method", "encoding":"US-ASCII", "memsize":40, "flags":{"wb_protected":true, "old":true, "uncollectible":true, "marked":true}}
{"address":"0x7fb1f80ac9e8", "type":"STRING", "class":"0x7fb1f80b7578", "frozen":true, "embedded":true, "fstring":true, "bytesize":8, "value":"REDACTED", "encoding":"UTF-8", "memsize":40, "flags":{"wb_protected":true, "old":true, "uncollectible":true, "marked":true}}
{"address":"0x7fb1f80aca10", "type":"IMEMO", "class":"0x7fb1f80c51c8", "imemo_type":"ment", "memsize":48, "flags":{"wb_protected":true, "old":true, "uncollectible":true, "marked":true}}
{"address":"0x7fb1f80aca38", "type":"STRING", "class":"0x7fb1f80b7578", "frozen":true, "embedded":true, "fstring":true, "bytesize":13, "value":"remove_method", "encoding":"US-ASCII", "memsize":40, "flags":{"wb_protected":true, "old":true, "uncollectible":true, "marked":true}}
{"address":"0x7fb1f80aca60", "type":"IMEMO", "imemo_type":"iseq", "references":["0x7fb1f80ac9e8", "0x7fb1f80ac970", "0x7fb1f80ac8f8", "0x7fb1f80bff70", "0x7fb1f80bff70", "0x7fb1f80da4d8"], "memsize":1628, "flags":{"wb_protected":true, "old":true, "uncollectible":true, "marked":true}}
{"address":"0x7fb1f80aca88", "type":"IMEMO", "imemo_type":"ment", "references":["0x7fb1f80c4ef8"], "memsize":48, "flags":{"wb_protected":true, "old":true, "uncollectible":true, "marked":true}}
{"address":"0x7fb1f80acab0", "type":"IMEMO", "imemo_type":"ment", "references":["0x7fb1f80c4ef8"], "memsize":48, "flags":{"wb_protected":true, "old":true, "uncollectible":true, "marked":true}}
{"address":"0x7fb1f80acad8", "type":"STRING", "class":"0x7fb1f80b7578", "frozen":true, "embedded":true, "fstring":true, "bytesize":6, "value":"result", "encoding":"US-ASCII", "memsize":40, "flags":{"wb_protected":true, "old":true, "uncollectible":true, "marked":true}}
{"address":"0x7fb1f80acb00", "type":"IMEMO", "imemo_type":"iseq", "references":["0x7fb1f80c6690", "0x7fb1f80c6690", "0x7fb1f80da4d8"], "memsize":556, "flags":{"wb_protected":true, "old":true, "uncollectible":true, "marked":true}}
{"address":"0x7fb1f80acb28", "type":"IMEMO", "class":"0x7fb1f80acc90", "imemo_type":"ment", "memsize":48, "flags":{"wb_protected":true, "old":true, "uncollectible":true, "marked":true}}
{"address":"0x7fb1f80acb50", "type":"IMEMO", "class":"0x7fb1f80acc90", "imemo_type":"ment", "memsize":48, "flags":{"wb_protected":true, "old":true, "uncollectible":true, "marked":true}}
{"address":"0x7fb1f80acb78", "type":"STRING", "class":"0x7fb1f80b7578", "frozen":true, "embedded":true, "fstring":true, "bytesize":5, "value":"value", "encoding":"US-ASCII", "memsize":40, "flags":{"wb_protected":true, "old":true, "uncollectible":true, "marked":true}}
{"address":"0x7fb1f80acba0", "type":"STRING", "class":"0x7fb1f80b7578", "shared":true, "encoding":"US-ASCII", "references":["0x7fb1f80ac330"], "memsize":40, "flags":{"wb_protected":true, "old":true, "uncollectible":true, "marked":true}}
{"address":"0x7fb1f80acbc8", "type":"IMEMO", "class":"0x7fb1f80acc90", "imemo_type":"ment", "memsize":48, "flags":{"wb_protected":true, "old":true, "uncollectible":true, "marked":true}}
{"address":"0x7fb1f80acbf0", "type":"STRING", "class":"0x7fb1f80b7578", "frozen":true, "embedded":true, "fstring":true, "bytesize":3, "value":"tag", "encoding":"US-ASCII", "memsize":40, "flags":{"wb_protected":true, "old":true, "uncollectible":true, "marked":true}}
{"address":"0x7fb1f80acc40", "type":"IMEMO", "class":"0x7fb1f80acc90", "imemo_type":"ment", "memsize":48, "flags":{"wb_protected":true, "old":true, "uncollectible":true, "marked":true}}
{"address":"0x7fb1f80acc68", "type":"CLASS", "class":"0x7fb1f80bf700", "name":"Class", "references":["0x7fb1f80af120", "0x7fb1f80acc90"], "memsize":464, "flags":{"wb_protected":true, "old":true, "uncollectible":true, "marked":true}}
{"address":"0x7fb1f80acc90", "type":"CLASS", "class":"0x7fb1f80acc68", "name":"UncaughtThrowError", "references":["0x7fb1f80af148", "0x7fb1f80acc40", "0x7fb1f80acb28", "0x7fb1f80acbc8", "0x7fb1f80acb50", "0x7fb1f80accb8"], "memsize":592, "flags":{"wb_protected":true, "old":true, "uncollectible":true, "marked":true}}
{"address":"0x7fb1f80accb8", "type":"STRING", "class":"0x7fb1f80b7578", "frozen":true, "embedded":true, "fstring":true, "bytesize":18, "value":"UncaughtThrowError", "encoding":"US-ASCII", "memsize":40, "flags":{"wb_protected":true, "old":true, "uncollectible":true, "marked":true}}
{"address":"0x7fb1f80acce0", "type":"IMEMO", "imemo_type":"iseq", "references":["0x7fb1f80acd58", "0x7fb1f800c6a0", "0x7fb1f80343f8", "0x7fb1f80ace48"], "memsize":1128, "flags":{"wb_protected":true, "old":true, "uncollectible":true, "marked":true}}
{"address":"0x7fb1f80acd08", "type":"IMEMO", "class":"0x7fb1f80c51c8", "imemo_type":"ment", "memsize":48, "flags":{"wb_protected":true, "old":true, "uncollectible":true, "marked":true}}
{"address":"0x7fb1f80acd30", "type":"STRING", "class":"0x7fb1f80b7578", "frozen":true, "embedded":true, "fstring":true, "bytesize":10, "value":"class_eval", "encoding":"US-ASCII", "memsize":40, "flags":{"wb_protected":true, "old":true, "uncollectible":true, "marked":true}}
{"address":"0x7fb1f80acd58", "type":"STRING", "class":"0x7fb1f80b7578", "frozen":true, "fstring":true, "bytesize":36, "value":"block (2 levels) in load_env_plugins", "memsize":77, "flags":{"wb_protected":true, "old":true, "uncollectible":true, "marked":true}}
{"address":"0x7fb1f80acd80", "type":"IMEMO", "class":"0x7fb1f80c51c8", "imemo_type":"ment", "memsize":48, "flags":{"wb_protected":true, "old":true, "uncollectible":true, "marked":true}}
{"address":"0x7fb1f80acda8", "type":"STRING", "class":"0x7fb1f80b7578", "frozen":true, "embedded":true, "fstring":true, "bytesize":11, "value":"module_eval", "encoding":"US-ASCII", "memsize":40, "flags":{"wb_protected":true, "old":true, "uncollectible":true, "marked":true}}
{"address":"0x7fb1f80acdf8", "type":"IMEMO", "class":"0x7fb1f80c51c8", "imemo_type":"ment", "memsize":48, "flags":{"wb_protected":true, "old":true, "uncollectible":true, "marked":true}}
{"address":"0x7fb1f80ace20", "type":"STRING", "class":"0x7fb1f80b7578", "frozen":true, "embedded":true, "fstring":true, "bytesize":10, "value":"class_exec", "encoding":"US-ASCII", "memsize":40, "flags":{"wb_protected":true, "old":true, "uncollectible":true, "marked":true}}
{"address":"0x7fb1f80ace48", "type":"IMEMO", "imemo_type":"iseq", "references":["0x7fb1f80acce0", "0x7fb1f80acec0", "0x7fb1f800c6a0", "0x7fb1f80343f8", "0x7fb1f80ad028", "0x7fb1f80acce0"], "memsize":960, "flags":{"wb_protected":true, "old":true, "uncollectible":true, "marked":true}}
{"address":"0x7fb1f80ace70", "type":"IMEMO", "class":"0x7fb1f80c51c8", "imemo_type":"ment", "memsize":48, "flags":{"wb_protected":true, "old":true, "uncollectible":true, "marked":true}}
{"address":"0x7fb1f80ace98", "type":"STRING", "class":"0x7fb1f80b7578", "frozen":true, "embedded":true, "fstring":true, "bytesize":11, "value":"module_exec", "encoding":"US-ASCII", "memsize":40, "flags":{"wb_protected":true, "old":true, "uncollectible":true, "marked":true}}
{"address":"0x7fb1f80acec0", "type":"STRING", "class":"0x7fb1f80b7578", "frozen":true, "fstring":true, "bytesize":25, "value":"block in load_env_plugins", "memsize":66, "flags":{"wb_protected":true, "old":true, "uncollectible":true, "marked":true}}
{"address":"0x7fb1f80acee8", "type":"IMEMO", "imemo_type":"ment", "references":["0x7fb1f80c4ef8"], "memsize":48, "flags":{"wb_protected":true, "old":true, "uncollectible":true, "marked":true}}
{"address":"0x7fb1f80acf10", "type":"STRING", "class":"0x7fb1f80b7578", "frozen":true, "embedded":true, "fstring":true, "bytesize":11, "value":"public_send", "encoding":"US-ASCII", "memsize":40, "flags":{"wb_protected":true, "old":true, "uncollectible":true, "marked":true}}
{"address":"0x7fb1f80acf38", "type":"STRING", "class":"0x7fb1f80b7578", "frozen":true, "embedded":true, "fstring":true, "bytesize":2, "value":" ,", "encoding":"UTF-8", "memsize":40, "flags":{"wb_protected":true, "old":true, "uncollectible":true, "marked":true}}
{"address":"0x7fb1f80acf60", "type":"IMEMO", "imemo_type":"ment", "references":["0x7fb1f80c4ef8"], "memsize":48, "flags":{"wb_protected":true, "old":true, "uncollectible":true, "marked":true}}
{"address":"0x7fb1f80acf88", "type":"IMEMO", "class":"0x7fb1f80c52b8", "imemo_type":"ment", "memsize":48, "flags":{"wb_protected":true, "old":true, "uncollectible":true, "marked":true}}
{"address":"0x7fb1f80acfb0", "type":"IMEMO", "class":"0x7fb1f80c52b8", "imemo_type":"ment", "memsize":48, "flags":{"wb_protected":true, "old":true, "uncollectible":true, "marked":true}}
{"address":"0x7fb1f80acfd8", "type":"IMEMO", "class":"0x7fb1f80c52b8", "imemo_type":"ment", "memsize":48, "flags":{"wb_protected":true, "old":true, "uncollectible":true, "marked":true}}
{"address":"0x7fb1f80ad000", "type":"STRING", "class":"0x7fb1f80b7578", "frozen":true, "embedded":true, "fstring":true, "bytesize":13, "value":"instance_exec", "encoding":"US-ASCII", "memsize":40, "flags":{"wb_protected":true, "old":true, "uncollectible":true, "marked":true}}
{"address":"0x7fb1f80ad028", "type":"IMEMO", "imemo_type":"iseq", "references":["0x7fb1f80ad0a0", "0x7fb1f80beaa8", "0x7fb1f80ace48", "0x7fb1f800c6a0", "0x7fb1f800c6a0", "0x7fb1f80343f8", "0x7fb1f80ace48"], "memsize":1456, "flags":{"wb_protected":true, "old":true, "uncollectible":true, "marked":true}}
{"address":"0x7fb1f80ad050", "type":"IMEMO", "class":"0x7fb1f80c52b8", "imemo_type":"ment", "memsize":48, "flags":{"wb_protected":true, "old":true, "uncollectible":true, "marked":true}}
{"address":"0x7fb1f80ad078", "type":"STRING", "class":"0x7fb1f80b7578", "frozen":true, "embedded":true, "fstring":true, "bytesize":13, "value":"instance_eval", "encoding":"US-ASCII", "memsize":40, "flags":{"wb_protected":true, "old":true, "uncollectible":true, "marked":true}}
{"address":"0x7fb1f80ad0a0", "type":"STRING", "class":"0x7fb1f80b7578", "frozen":true, "embedded":true, "fstring":true, "bytesize":15, "value":"rubygems_plugin", "encoding":"UTF-8", "memsize":40, "flags":{"wb_protected":true, "old":true, "uncollectible":true, "marked":true}}
{"address":"0x7fb1f80ad0c8", "type":"IMEMO", "class":"0x7fb1f80bfbb0", "imemo_type":"ment", "memsize":48, "flags":{"wb_protected":true, "old":true, "uncollectible":true, "marked":true}}
{"address":"0x7fb1f80ad0f0", "type":"IMEMO", "imemo_type":"ment", "references":["0x7fb1f80c4ef8"], "memsize":48, "flags":{"wb_protected":true, "old":true, "uncollectible":true, "marked":true}}
{"address":"0x7fb1f80ad118", "type":"STRING", "class":"0x7fb1f80b7578", "frozen":true, "embedded":true, "fstring":true, "bytesize":4, "value":"loop", "encoding":"US-ASCII", "memsize":40, "flags":{"wb_protected":true, "old":true, "uncollectible":true, "marked":true}}
{"address":"0x7fb1f80ad140", "type":"STRING", "class":"0x7fb1f80b7578", "frozen":true, "fstring":true, "bytesize":25, "value":"RUBYGEMS_LOAD_ALL_PLUGINS", "encoding":"UTF-8", "memsize":66, "flags":{"wb_protected":true, "old":true, "uncollectible":true, "marked":true}}
{"address":"0x7fb1f80ad168", "type":"IMEMO", "class":"0x7fb1f80bfbb0", "imemo_type":"ment", "memsize":48, "flags":{"wb_protected":true, "old":true, "uncollectible":true, "marked":true}}
{"address":"0x7fb1f80ad190", "type":"IMEMO", "imemo_type":"ment", "references":["0x7fb1f80c4ef8"], "memsize":48, "flags":{"wb_protected":true, "old":true, "uncollectible":true, "marked":true}}
{"address":"0x7fb1f80ad1b8", "type":"STRING", "class":"0x7fb1f80b7578", "frozen":true, "embedded":true, "fstring":true, "bytesize":5, "value":"throw", "encoding":"US-ASCII", "memsize":40, "flags":{"wb_protected":true, "old":true, "uncollectible":true, "marked":true}}
{"address":"0x7fb1f80ad1e0", "type":"IMEMO", "imemo_type":"iseq", "references":["0x7fb1f80ad140", "0x7fb1f80ad0a0", "0x7fb1f80ad0a0", "0x7fb1f800c9e8", "0x7fb1f800c9e8", "0x7fb1f80343f8"], "memsize":1152, "flags":{"wb_protected":true, "old":true, "uncollectible":true, "marked":true}}
{"address":"0x7fb1f80ad208", "type":"IMEMO", "class":"0x7fb1f80bfbb0", "imemo_type":"ment", "memsize":48, "flags":{"wb_protected":true, "old":true, "uncollectible":true, "marked":true}}
{"address":"0x7fb1f80ad230", "type":"IMEMO", "imemo_type":"ment", "references":["0x7fb1f80c4ef8"], "memsize":48, "flags":{"wb_protected":true, "old":true, "uncollectible":true, "marked":true}}
{"address":"0x7fb1f80ad258", "type":"STRING", "class":"0x7fb1f80b7578", "frozen":true, "embedded":true, "fstring":true, "bytesize":5, "value":"catch", "encoding":"US-ASCII", "memsize":40, "flags":{"wb_protected":true, "old":true, "uncollectible":true, "marked":true}}
{"address":"0x7fb1f80ad280", "type":"STRING", "class":"0x7fb1f80b7578", "frozen":true, "embedded":true, "fstring":true, "bytesize":1, "value":"s", "encoding":"UTF-8", "memsize":40, "flags":{"wb_protected":true, "old":true, "uncollectible":true, "marked":true}}
{"address":"0x7fb1f80ad2a8", "type":"IMEMO", "class":"0x7fb1f80bfbb0", "imemo_type":"ment", "memsize":48, "flags":{"wb_protected":true, "old":true, "uncollectible":true, "marked":true}}
{"address":"0x7fb1f80ad2d0", "type":"IMEMO", "imemo_type":"ment", "references":["0x7fb1f80c4ef8"], "memsize":48, "flags":{"wb_protected":true, "old":true, "uncollectible":true, "marked":true}}
{"address":"0x7fb1f80ad2f8", "type":"STRING", "class":"0x7fb1f80b7578", "frozen":true, "embedded":true, "fstring":true, "bytesize":12, "value":"block_given?", "encoding":"US-ASCII", "memsize":40, "flags":{"wb_protected":true, "old":true, "uncollectible":true, "marked":true}}
{"address":"0x7fb1f80ad320", "type":"STRING", "class":"0x7fb1f80b7578", "frozen":true, "fstring":true, "bytesize":40, "value":"Found %s (%s), but was for platform%s %s", "encoding":"UTF-8", "memsize":81, "flags":{"wb_protected":true, "old":true, "uncollectible":true, "marked":true}}
{"address":"0x7fb1f80ad348", "type":"IMEMO", "class":"0x7fb1f80bfbb0", "imemo_type":"ment", "memsize":48, "flags":{"wb_protected":true, "old":true, "uncollectible":true, "marked":true}}
{"address":"0x7fb1f80ad370", "type":"IMEMO", "imemo_type":"ment", "references":["0x7fb1f80c4ef8"], "memsize":48, "flags":{"wb_protected":true, "old":true, "uncollectible":true, "marked":true}}
{"address":"0x7fb1f80ad398", "type":"STRING", "class":"0x7fb1f80b7578", "frozen":true, "embedded":true, "fstring":true, "bytesize":9, "value":"iterator?", "encoding":"US-ASCII", "memsize":40, "flags":{"wb_protected":true, "old":true, "uncollectible":true, "marked":true}}
{"address":"0x7fb1f80ad3c0", "type":"IMEMO", "imemo_type":"iseq", "references":["0x7fb1f80ad320", "0x7fb1f80beaa8", "0x7fb1f80ad280", "0x7fb1f80acf38", "0x7fb1f80bff70", "0x7fb1f80bff70", "0x7fb1f80da4d8"], "memsize":1124, "flags":{"wb_protected":true, "old":true, "uncollectible":true, "marked":true}}
{"address":"0x7fb1f80ad3e8", "type":"IMEMO", "class":"0x7fb1f80bfbb0", "imemo_type":"ment", "memsize":48, "flags":{"wb_protected":true, "old":true, "uncollectible":true, "marked":true}}
{"address":"0x7fb1f80ad410", "type":"IMEMO", "imemo_type":"ment", "references":["0x7fb1f80c4ef8"], "memsize":48, "flags":{"wb_protected":true, "old":true, "uncollectible":true, "marked":true}}
{"address":"0x7fb1f80ad438", "type":"IMEMO", "class":"0x7fb1f80bfbb0", "imemo_type":"ment", "memsize":48, "flags":{"wb_protected":true, "old":true, "uncollectible":true, "marked":true}}
{"address":"0x7fb1f80ad460", "type":"IMEMO", "imemo_type":"ment", "references":["0x7fb1f80c4ef8"], "memsize":48, "flags":{"wb_protected":true, "old":true, "uncollectible":true, "marked":true}}
{"address":"0x7fb1f80ad488", "type":"STRING", "class":"0x7fb1f80b7578", "frozen":true, "embedded":true, "fstring":true, "bytesize":4, "value":"eval", "encoding":"US-ASCII", "memsize":40, "flags":{"wb_protected":true, "old":true, "uncollectible":true, "marked":true}}
{"address":"0x7fb1f80ad4b0", "type":"IMEMO", "imemo_type":"iseq", "references":["0x7fb1f80d81d8", "0x7fb1f80d81d8", "0x7fb1f80da4d8"], "memsize":548, "flags":{"wb_protected":true, "old":true, "uncollectible":true, "marked":true}}
{"address":"0x7fb1f80ad4d8", "type":"IMEMO", "class":"0x7fb1f80c5150", "imemo_type":"ment", "memsize":48, "flags":{"wb_protected":true, "old":true, "uncollectible":true, "marked":true}}
{"address":"0x7fb1f80ad500", "type":"STRING", "class":"0x7fb1f80b7578", "frozen":true, "embedded":true, "fstring":true, "bytesize":15, "value":"module_function", "encoding":"US-ASCII", "memsize":40, "flags":{"wb_protected":true, "old":true, "uncollectible":true, "marked":true}}
{"address":"0x7fb1f80ad528", "type":"IMEMO", "imemo_type":"iseq", "references":["0x7fb1f80c6690", "0x7fb1f80c6690", "0x7fb1f80da4d8"], "memsize":644, "flags":{"wb_protected":true, "old":true, "uncollectible":true, "marked":true}}
{"address":"0x7fb1f80ad550", "type":"IMEMO", "class":"0x7fb1f80c5150", "imemo_type":"ment", "memsize":48, "flags":{"wb_protected":true, "old":true, "uncollectible":true, "marked":true}}
{"address":"0x7fb1f80ad578", "type":"IMEMO", "class":"0x7fb1f80bf6d8", "imemo_type":"ment", "memsize":48, "flags":{"wb_protected":true, "old":true, "uncollectible":true, "marked":true}}
{"address":"0x7fb1f80ad5a0", "type":"STRING", "class":"0x7fb1f80b7578", "frozen":true, "embedded":true, "fstring":true, "bytesize":12, "value":"used_modules", "encoding":"US-ASCII", "memsize":40, "flags":{"wb_protected":true, "old":true, "uncollectible":true, "marked":true}}
{"address":"0x7fb1f80ad5c8", "type":"STRING", "class":"0x7fb1f80b7578", "frozen":true, "embedded":true, "fstring":true, "bytesize":15, "value":"str1_codepoints", "encoding":"US-ASCII", "memsize":40, "flags":{"wb_protected":true, "old":true, "uncollectible":true, "marked":true}}
{"address":"0x7fb1f80ad5f0", "type":"IMEMO", "class":"0x7fb1f80c51c8", "imemo_type":"ment", "memsize":48, "flags":{"wb_protected":true, "old":true, "uncollectible":true, "marked":true}}
{"address":"0x7fb1f80ad618", "type":"STRING", "class":"0x7fb1f80b7578", "frozen":true, "embedded":true, "fstring":true, "bytesize":5, "value":"using", "encoding":"US-ASCII", "memsize":40, "flags":{"wb_protected":true, "old":true, "uncollectible":true, "marked":true}}
{"address":"0x7fb1f80ad668", "type":"IMEMO", "class":"0x7fb1f80c51c8", "imemo_type":"ment", "memsize":48, "flags":{"wb_protected":true, "old":true, "uncollectible":true, "marked":true}}
{"address":"0x7fb1f80ad690", "type":"STRING", "class":"0x7fb1f80b7578", "frozen":true, "embedded":true, "fstring":true, "bytesize":6, "value":"refine", "encoding":"US-ASCII", "memsize":40, "flags":{"wb_protected":true, "old":true, "uncollectible":true, "marked":true}}
{"address":"0x7fb1f80ad6b8", "type":"STRING", "class":"0x7fb1f80b7578", "frozen":true, "fstring":true, "bytesize":30, "value":"Error loading RubyGems plugin ", "encoding":"UTF-8", "memsize":71, "flags":{"wb_protected":true, "old":true, "uncollectible":true, "marked":true}}
{"address":"0x7fb1f80ad6e0", "type":"IMEMO", "class":"0x7fb1f80c51c8", "imemo_type":"ment", "memsize":48, "flags":{"wb_protected":true, "old":true, "uncollectible":true, "marked":true}}
{"address":"0x7fb1f80ad708", "type":"IMEMO", "class":"0x7fb1f80c51c8", "imemo_type":"ment", "memsize":48, "flags":{"wb_protected":true, "old":true, "uncollectible":true, "marked":true}}
{"address":"0x7fb1f80ad730", "type":"IMEMO", "class":"0x7fb1f80c51c8", "imemo_type":"ment", "memsize":48, "flags":{"wb_protected":true, "old":true, "uncollectible":true, "marked":true}}
{"address":"0x7fb1f80ad758", "type":"IMEMO", "class":"0x7fb1f80c51c8", "imemo_type":"ment", "memsize":48, "flags":{"wb_protected":true, "old":true, "uncollectible":true, "marked":true}}
{"address":"0x7fb1f80ad780", "type":"IMEMO", "class":"0x7fb1f80c51c8", "imemo_type":"ment", "memsize":48, "flags":{"wb_protected":true, "old":true, "uncollectible":true, "marked":true}}
{"address":"0x7fb1f80ad7a8", "type":"STRING", "class":"0x7fb1f80b7578", "frozen":true, "embedded":true, "fstring":true, "bytesize":7, "value":"include", "encoding":"US-ASCII", "memsize":40, "flags":{"wb_protected":true, "old":true, "uncollectible":true, "marked":true}}
{"address":"0x7fb1f80ad7d0", "type":"STRING", "class":"0x7fb1f80b7578", "frozen":true, "embedded":true, "fstring":true, "bytesize":1, "value":")", "encoding":"UTF-8", "memsize":40, "flags":{"wb_protected":true, "old":true, "uncollectible":true, "marked":true}}
{"address":"0x7fb1f80ad7f8", "type":"IMEMO", "class":"0x7fb1f80bfbb0", "imemo_type":"ment", "memsize":48, "flags":{"wb_protected":true, "old":true, "uncollectible":true, "marked":true}}
{"address":"0x7fb1f80ad820", "type":"IMEMO", "imemo_type":"ment", "references":["0x7fb1f80c4ef8"], "memsize":48, "flags":{"wb_protected":true, "old":true, "uncollectible":true, "marked":true}}
{"address":"0x7fb1f80ad848", "type":"STRING", "class":"0x7fb1f80b7578", "frozen":true, "embedded":true, "fstring":true, "bytesize":7, "value":"__dir__", "encoding":"US-ASCII", "memsize":40, "flags":{"wb_protected":true, "old":true, "uncollectible":true, "marked":true}}
{"address":"0x7fb1f80ad870", "type":"STRING", "class":"0x7fb1f80b7578", "frozen":true, "embedded":true, "fstring":true, "bytesize":2, "value":" (", "encoding":"UTF-8", "memsize":40, "flags":{"wb_protected":true, "old":true, "uncollectible":true, "marked":true}}
{"address":"0x7fb1f80ad898", "type":"IMEMO", "class":"0x7fb1f80bfbb0", "imemo_type":"ment", "memsize":48, "flags":{"wb_protected":true, "old":true, "uncollectible":true, "marked":true}}
{"address":"0x7fb1f80ad8c0", "type":"IMEMO", "imemo_type":"ment", "references":["0x7fb1f80c4ef8"], "memsize":48, "flags":{"wb_protected":true, "old":true, "uncollectible":true, "marked":true}}
{"address":"0x7fb1f80ad8e8", "type":"STRING", "class":"0x7fb1f80b7578", "frozen":true, "embedded":true, "fstring":true, "bytesize":10, "value":"__callee__", "encoding":"US-ASCII", "memsize":40, "flags":{"wb_protected":true, "old":true, "uncollectible":true, "marked":true}}
{"address":"0x7fb1f80ad910", "type":"STRING", "class":"0x7fb1f80b7578", "frozen":true, "embedded":true, "fstring":true, "bytesize":2, "value":": ", "encoding":"UTF-8", "memsize":40, "flags":{"wb_protected":true, "old":true, "uncollectible":true, "marked":true}}
{"address":"0x7fb1f80ad938", "type":"IMEMO", "class":"0x7fb1f80bfbb0", "imemo_type":"ment", "memsize":48, "flags":{"wb_protected":true, "old":true, "uncollectible":true, "marked":true}}
{"address":"0x7fb1f80ad960", "type":"IMEMO", "imemo_type":"ment", "references":["0x7fb1f80c4ef8"], "memsize":48, "flags":{"wb_protected":true, "old":true, "uncollectible":true, "marked":true}}
{"address":"0x7fb1f80ad988", "type":"STRING", "class":"0x7fb1f80b7578", "frozen":true, "embedded":true, "fstring":true, "bytesize":10, "value":"__method__", "encoding":"US-ASCII", "memsize":40, "flags":{"wb_protected":true, "old":true, "uncollectible":true, "marked":true}}
{"address":"0x7fb1f80ad9b0", "type":"IMEMO", "imemo_type":"iseq", "references":["0x7fb1f80c5240", "0x7fb1f80ad910", "0x7fb1f80ad870", "0x7fb1f80ad7d0", "0x7fb1f80ad6b8", "0x7fb1f80ada50", "0x7fb1f800d118", "0x7fb1f80343f8", "0x7fb1f80adb90"], "memsize":1876, "flags":{"wb_protected":true, "old":true, "uncollectible":true, "marked":true}}
{"address":"0x7fb1f80ad9d8", "type":"IMEMO", "class":"0x7fb1f80bfbb0", "imemo_type":"ment", "memsize":48, "flags":{"wb_protected":true, "old":true, "uncollectible":true, "marked":true}}
{"address":"0x7fb1f80ada00", "type":"IMEMO", "imemo_type":"ment", "references":["0x7fb1f80c4ef8"], "memsize":48, "flags":{"wb_protected":true, "old":true, "uncollectible":true, "marked":true}}
{"address":"0x7fb1f80ada28", "type":"STRING", "class":"0x7fb1f80b7578", "frozen":true, "embedded":true, "fstring":true, "bytesize":16, "value":"global_variables", "encoding":"US-ASCII", "memsize":40, "flags":{"wb_protected":true, "old":true, "uncollectible":true, "marked":true}}
{"address":"0x7fb1f80ada50", "type":"STRING", "class":"0x7fb1f80b7578", "frozen":true, "fstring":true, "bytesize":36, "capacity":47, "value":"rescue in block in load_plugin_files", "memsize":88, "flags":{"wb_protected":true, "old":true, "uncollectible":true, "marked":true}}
{"address":"0x7fb1f80ada78", "type":"IMEMO", "class":"0x7fb1f80bfbb0", "imemo_type":"ment", "memsize":48, "flags":{"wb_protected":true, "old":true, "uncollectible":true, "marked":true}}
{"address":"0x7fb1f80adaa0", "type":"IMEMO", "imemo_type":"ment", "references":["0x7fb1f80c4ef8"], "memsize":48, "flags":{"wb_protected":true, "old":true, "uncollectible":true, "marked":true}}
{"address":"0x7fb1f80adac8", "type":"STRING", "class":"0x7fb1f80b7578", "frozen":true, "embedded":true, "fstring":true, "bytesize":4, "value":"fail", "encoding":"US-ASCII", "memsize":40, "flags":{"wb_protected":true, "old":true, "uncollectible":true, "marked":true}}
{"address":"0x7fb1f80adb18", "type":"IMEMO", "class":"0x7fb1f80bfbb0", "imemo_type":"ment", "memsize":48, "flags":{"wb_protected":true, "old":true, "uncollectible":true, "marked":true}}
{"address":"0x7fb1f80adb40", "type":"IMEMO", "imemo_type":"ment", "references":["0x7fb1f80c4ef8"], "memsize":48, "flags":{"wb_protected":true, "old":true, "uncollectible":true, "marked":true}}
{"address":"0x7fb1f80adb68", "type":"STRING", "class":"0x7fb1f80b7578", "frozen":true, "embedded":true, "fstring":true, "bytesize":5, "value":"raise", "encoding":"US-ASCII", "memsize":40, "flags":{"wb_protected":true, "old":true, "uncollectible":true, "marked":true}}
{"address":"0x7fb1f80adb90", "type":"IMEMO", "imemo_type":"iseq", "references":["0x7fb1f800cec0", "0x7fb1f80adbe0", "0x7fb1f800d118", "0x7fb1f80343f8", "0x7fb1f80adc80", "0x7fb1f80ad9b0"], "memsize":912, "flags":{"wb_protected":true, "old":true, "uncollectible":true, "marked":true}}
{"address":"0x7fb1f80adbb8", "type":"STRING", "class":"0x7fb1f80b7578", "frozen":true, "embedded":true, "fstring":true, "bytesize":2, "value":"$@", "encoding":"US-ASCII", "memsize":40, "flags":{"wb_protected":true, "old":true, "uncollectible":true, "marked":true}}
{"address":"0x7fb1f80adbe0", "type":"STRING", "class":"0x7fb1f80b7578", "frozen":true, "fstring":true, "bytesize":26, "value":"block in load_plugin_files", "memsize":67, "flags":{"wb_protected":true, "old":true, "uncollectible":true, "marked":true}}
{"address":"0x7fb1f80adc08", "type":"STRING", "class":"0x7fb1f80b7578", "frozen":true, "embedded":true, "fstring":true, "bytesize":6, "value":"bottom", "encoding":"US-ASCII", "memsize":40, "flags":{"wb_protected":true, "old":true, "uncollectible":true, "marked":true}}
{"address":"0x7fb1f80adc58", "type":"STRING", "class":"0x7fb1f80b7578", "frozen":true, "embedded":true, "fstring":true, "bytesize":3, "value":"top", "encoding":"US-ASCII", "memsize":40, "flags":{"wb_protected":true, "old":true, "uncollectible":true, "marked":true}}
{"address":"0x7fb1f80adc80", "type":"IMEMO", "imemo_type":"iseq", "references":["0x7fb1f80adb90", "0x7fb1f800d118", "0x7fb1f800d118", "0x7fb1f80343f8", "0x7fb1f80adb90"], "memsize":564, "flags":{"wb_protected":true, "old":true, "uncollectible":true, "marked":true}}
{"address":"0x7fb1f80adca8", "type":"IMEMO", "class":"0x7fb1f80add70", "imemo_type":"ment", "memsize":48, "flags":{"wb_protected":true, "old":true, "uncollectible":true, "marked":true}}
{"address":"0x7fb1f80adcd0", "type":"STRING", "class":"0x7fb1f80b7578", "frozen":true, "embedded":true, "fstring":true, "bytesize":5, "value":"write", "encoding":"US-ASCII", "memsize":40, "flags":{"wb_protected":true, "old":true, "uncollectible":true, "marked":true}}
{"address":"0x7fb1f80adcf8", "type":"STRING", "class":"0x7fb1f80b7578", "frozen":true, "embedded":true, "fstring":true, "bytesize":4, "value":"java", "encoding":"UTF-8", "memsize":40, "flags":{"wb_protected":true, "old":true, "uncollectible":true, "marked":true}}
{"address":"0x7fb1f80add20", "type":"STRING", "class":"0x7fb1f80b7578", "frozen":true, "embedded":true, "bytesize":15, "value":"Warning::buffer", "encoding":"US-ASCII", "memsize":40, "flags":{"wb_protected":true, "old":true, "uncollectible":true, "marked":true}}
{"address":"0x7fb1f80add48", "type":"CLASS", "class":"0x7fb1f80bf700", "name":"Class", "references":["0x7fb1f80b7550", "0x7fb1f80add70"], "memsize":464, "flags":{"wb_protected":true, "old":true, "uncollectible":true, "marked":true}}
{"address":"0x7fb1f80add70", "type":"CLASS", "class":"0x7fb1f80add48", "name":"Warning::buffer", "references":["0x7fb1f80b7578", "0x7fb1f80adca8", "0x7fb1f80add20"], "memsize":528, "flags":{"wb_protected":true, "old":true, "uncollectible":true, "marked":true}}
{"address":"0x7fb1f80add98", "type":"STRING", "class":"0x7fb1f80b7578", "frozen":true, "embedded":true, "fstring":true, "bytesize":6, "value":"buffer", "encoding":"US-ASCII", "memsize":40, "flags":{"wb_protected":true, "old":true, "uncollectible":true, "marked":true}}
{"address":"0x7fb1f80addc0", "type":"IMEMO", "imemo_type":"iseq", "references":["0x7fb1f80adcf8", "0x7fb1f800d2f8", "0x7fb1f800d2f8", "0x7fb1f80343f8"], "memsize":588, "flags":{"wb_protected":true, "old":true, "uncollectible":true, "marked":true}}
{"address":"0x7fb1f80adde8", "type":"ICLASS", "class":"0x7fb1f80adf00", "references":["0x7fb1f80c51c8"], "memsize":40, "flags":{"uncollectible":true, "marked":true}}
{"address":"0x7fb1f80ade10", "type":"IMEMO", "imemo_type":"ment", "references":["0x7fb1f80adf00"], "memsize":48, "flags":{"wb_protected":true, "old":true, "uncollectible":true, "marked":true}}
{"address":"0x7fb1f80ade38", "type":"STRING", "class":"0x7fb1f80b7578", "frozen":true, "embedded":true, "fstring":true, "bytesize":4, "value":"warn", "encoding":"US-ASCII", "memsize":40, "flags":{"wb_protected":true, "old":true, "uncollectible":true, "marked":true}}
{"address":"0x7fb1f80ade88", "type":"IMEMO", "class":"0x7fb1f80aded8", "imemo_type":"ment", "memsize":48, "flags":{"wb_protected":true, "old":true, "uncollectible":true, "marked":true}}
{"address":"0x7fb1f80adeb0", "type":"IMEMO", "class":"0x7fb1f80aded8", "imemo_type":"ment", "memsize":48, "flags":{"wb_protected":true, "old":true, "uncollectible":true, "marked":true}}
{"address":"0x7fb1f80aded8", "type":"CLASS", "class":"0x7fb1f80bf6d8", "name":"Module", "references":["0x7fb1f80adde8", "0x7fb1f80adeb0", "0x7fb1f80ade88", "0x7fb1f80adf00"], "memsize":528, "flags":{"wb_protected":true, "old":true, "uncollectible":true, "marked":true}}
{"address":"0x7fb1f80adf00", "type":"MODULE", "class":"0x7fb1f80aded8", "name":"Warning", "references":["0x7fb1f80ade10", "0x7fb1f80adf28", "0x7fb1f80add70"], "memsize":616, "flags":{"uncollectible":true, "marked":true}}
{"address":"0x7fb1f80adf28", "type":"STRING", "class":"0x7fb1f80b7578", "frozen":true, "embedded":true, "fstring":true, "bytesize":7, "value":"Warning", "encoding":"US-ASCII", "memsize":40, "flags":{"wb_protected":true, "old":true, "uncollectible":true, "marked":true}}
{"address":"0x7fb1f80adf50", "type":"STRING", "class":"0x7fb1f80b7578", "frozen":true, "embedded":true, "fstring":true, "bytesize":10, "value":"clean_text", "encoding":"US-ASCII", "memsize":40, "flags":{"wb_protected":true, "old":true, "uncollectible":true, "marked":true}}
{"address":"0x7fb1f80adf78", "type":"MODULE", "class":"0x7fb1f80c51c8", "name":"Errno", "references":["0x7fb1f80adfa0", "0x7fb1f809d330", "0x7fb1f809d268", "0x7fb1f80a5620", "0x7fb1f809d150", "0x7fb1f809d088", "0x7fb1f809cfc0", "0x7fb1f809cef8", "0x7fb1f80a5620", "0x7fb1f809cde0", "0x7fb1f809cd18", "0x7fb1f809cc50", "0x7fb1f809cb88", "0x7fb1f809cac0", "0x7fb1f809c9f8", "0x7fb1f809c930", "0x7fb1f809c868", "0x7fb1f809c7a0", "0x7fb1f809c6d8", "0x7fb1f809c610", "0x7fb1f809c548", "0x7fb1f809c480", "0x7fb1f809c3b8", "0x7fb1f809c2f0", "0x7fb1f809ef50", "0x7fb1f809c1d8", "0x7fb1f80a5620", "0x7fb1f809c0c0", "0x7fb1f80a5620", "0x7fb1f80a5620", "0x7fb1f80a5620", "0x7fb1f8097ea8", "0x7fb1f8097de0", "0x7fb1f8097d18", "0x7fb1f8097c50", "0x7fb1f8097b88", "0x7fb1f8097ac0", "0x7fb1f80979f8", "0x7fb1f80a5620", "0x7fb1f80978e0", "0x7fb1f80a5620", "0x7fb1f80977c8", "0x7fb1f8097700", "0x7fb1f8097638", "0x7fb1f8097570", "0x7fb1f80a5620", "0x7fb1f80a5620", "0x7fb1f8097408", "0x7fb1f80a5120", "0x7fb1f80972f0", "0x7fb1f80a5620", "0x7fb1f80a5620", "0x7fb1f80a5558", "0x7fb1f80a5490", "0x7fb1f80a53c8", "0x7fb1f80a5300", "0x7fb1f80a5620", "0x7fb1f80a51e8", "0x7fb1f80a5120", "0x7fb1f80a5058", "0x7fb1f80a4f90", "0x7fb1f80a4ec8", "0x7fb1f80a5620", "0x7fb1f80a4db0", "0x7fb1f80a4ce8", "0x7fb1f80a5620", "0x7fb1f80a4bd0", "0x7fb1f80a4b08", "0x7fb1f80a5620", "0x7fb1f80a49f0", "0x7fb1f80a5620", "0x7fb1f80a5620", "0x7fb1f80a5620", "0x7fb1f80a4838", "0x7fb1f80a4770", "0x7fb1f80a5620", "0x7fb1f80a4658", "0x7fb1f80a5620", "0x7fb1f80a5620", "0x7fb1f80a44f0", "0x7fb1f80a4428", "0x7fb1f80a4360", "0x7fb1f80a4298", "0x7fb1f80a5620", "0x7fb1f80a4180", "0x7fb1f80a40b8", "0x7fb1f809ff90", "0x7fb1f80a5620", "0x7fb1f80a5620", "0x7fb1f809fe28", "0x7fb1f809fd60", "0x7fb1f809fc98", "0x7fb1f809fbd0", "0x7fb1f809fb08", "0x7fb1f809fa40", "0x7fb1f809f978", "0x7fb1f80a5620", "0x7fb1f809f860", "0x7fb1f809f798", "0x7fb1f809f6d0", "0x7fb1f809f608", "0x7fb1f809f540", "0x7fb1f809f478", "0x7fb1f80a5620", "0x7fb1f809f360", "0x7fb1f809f298", "0x7fb1f80a5620", "0x7fb1f80a5620", "0x7fb1f80a5620", "0x7fb1f80a5620", "0x7fb1f80a5620", "0x7fb1f80a5620", "0x7fb1f80a5620", "0x7fb1f80a5620", "0x7fb1f809ef50", "0x7fb1f80a5620", "0x7fb1f80a5620", "0x7fb1f80a5620", "0x7fb1f80a5620", "0x7fb1f80a5620", "0x7fb1f80a5620", "0x7fb1f809eca8", "0x7fb1f80a5620", "0x7fb1f809eb90", "0x7fb1f809eac8", "0x7fb1f809ea00", "0x7fb1f809e938", "0x7fb1f809e870", "0x7fb1f80a5620", "0x7fb1f809e758", "0x7fb1f809e690", "0x7fb1f809e5c8", "0x7fb1f809e500", "0x7fb1f809e438", "0x7fb1f80a5620", "0x7fb1f809e320", "0x7fb1f809e258", "0x7fb1f80a5620", "0x7fb1f809e140", "0x7fb1f809e078", "0x7fb1f809dfb0", "0x7fb1f809dee8", "0x7fb1f80a5620", "0x7fb1f809ddd0", "0x7fb1f809dd08", "0x7fb1f80a5620", "0x7fb1f809dbf0", "0x7fb1f809db28", "0x7fb1f80a5620", "0x7fb1f80a5620", "0x7fb1f809d9c0", "0x7fb1f809d8f8", "0x7fb1f809d830", "0x7fb1f809d768", "0x7fb1f809d6a0", "0x7fb1f809d5d8", "0x7fb1f809d510", "0x7fb1f80a5620", "0x7fb1f809d3f8"], "memsize":4584, "flags":{"wb_protected":true, "old":true, "uncollectible":true, "marked":true}}
{"address":"0x7fb1f80adfa0", "type":"STRING", "class":"0x7fb1f80b7578", "frozen":true, "embedded":true, "fstring":true, "bytesize":5, "value":"Errno", "encoding":"US-ASCII", "memsize":40, "flags":{"wb_protected":true, "old":true, "uncollectible":true, "marked":true}}
{"address":"0x7fb1f80adfc8", "type":"STRING", "class":"0x7fb1f80b7578", "frozen":true, "embedded":true, "fstring":true, "bytesize":10, "value":", because ", "encoding":"UTF-8", "memsize":40, "flags":{"wb_protected":true, "old":true, "uncollectible":true, "marked":true}}
{"address":"0x7fb1f80adff0", "type":"IMEMO", "class":"0x7fb1f80ae0b8", "imemo_type":"ment", "memsize":48, "flags":{"wb_protected":true, "old":true, "uncollectible":true, "marked":true}}
{"address":"0x7fb1f80ae018", "type":"IMEMO", "class":"0x7fb1f80ae0e0", "imemo_type":"ment", "memsize":48, "flags":{"wb_protected":true, "old":true, "uncollectible":true, "marked":true}}
{"address":"0x7fb1f80ae040", "type":"STRING", "class":"0x7fb1f80b7578", "frozen":true, "embedded":true, "fstring":true, "bytesize":5, "value":"errno", "encoding":"US-ASCII", "memsize":40, "flags":{"wb_protected":true, "old":true, "uncollectible":true, "marked":true}}
{"address":"0x7fb1f80ae068", "type":"STRING", "class":"0x7fb1f80b7578", "frozen":true, "embedded":true, "fstring":true, "bytesize":19, "value":"Unable to activate ", "encoding":"UTF-8", "memsize":40, "flags":{"wb_protected":true, "old":true, "uncollectible":true, "marked":true}}
{"address":"0x7fb1f80ae090", "type":"IMEMO", "class":"0x7fb1f80ae0e0", "imemo_type":"ment", "memsize":48, "flags":{"wb_protected":true, "old":true, "uncollectible":true, "marked":true}}
{"address":"0x7fb1f80ae0b8", "type":"CLASS", "class":"0x7fb1f80bf700", "name":"Class", "references":["0x7fb1f80af260", "0x7fb1f80adff0", "0x7fb1f80ae0e0"], "memsize":528, "flags":{"wb_protected":true, "old":true, "uncollectible":true, "marked":true}}
{"address":"0x7fb1f80ae0e0", "type":"CLASS", "class":"0x7fb1f80ae0b8", "name":"SystemCallError", "references":["0x7fb1f80af288", "0x7fb1f80ae090", "0x7fb1f80ae018", "0x7fb1f80ae108"], "memsize":528, "flags":{"wb_protected":true, "old":true, "uncollectible":true, "marked":true}}
{"address":"0x7fb1f80ae108", "type":"STRING", "class":"0x7fb1f80b7578", "frozen":true, "embedded":true, "fstring":true, "bytesize":15, "value":"SystemCallError", "encoding":"US-ASCII", "memsize":40, "flags":{"wb_protected":true, "old":true, "uncollectible":true, "marked":true}}
{"address":"0x7fb1f80ae130", "type":"STRING", "class":"0x7fb1f80b7578", "frozen":true, "embedded":true, "fstring":true, "bytesize":8, "value":"has_rdoc", "encoding":"US-ASCII", "memsize":40, "flags":{"wb_protected":true, "old":true, "uncollectible":true, "marked":true}}
{"address":"0x7fb1f80ae158", "type":"CLASS", "class":"0x7fb1f80bf700", "name":"Class", "references":["0x7fb1f80ae590", "0x7fb1f80ae180"], "memsize":464, "flags":{"wb_protected":true, "old":true, "uncollectible":true, "marked":true}}
{"address":"0x7fb1f80ae180", "type":"CLASS", "class":"0x7fb1f80ae158", "name":"NoMatchingPatternError", "references":["0x7fb1f80ae5b8", "0x7fb1f80ae1a8"], "memsize":464, "flags":{"wb_protected":true, "old":true, "uncollectible":true, "marked":true}}
{"address":"0x7fb1f80ae1a8", "type":"STRING", "class":"0x7fb1f80b7578", "frozen":true, "embedded":true, "fstring":true, "bytesize":22, "value":"NoMatchingPatternError", "encoding":"US-ASCII", "memsize":40, "flags":{"wb_protected":true, "old":true, "uncollectible":true, "marked":true}}
{"address":"0x7fb1f80ae1d0", "type":"IMEMO", "imemo_type":"iseq", "references":["0x7fb1f80ae298", "0x7fb1f801e5a8", "0x7fb1f80343f8", "0x7fb1f80ae478"], "memsize":624, "flags":{"wb_protected":true, "old":true, "uncollectible":true, "marked":true}}
{"address":"0x7fb1f80ae1f8", "type":"STRING", "class":"0x7fb1f80b7578", "frozen":true, "bytesize":28, "capacity":47, "value":"Encoding::CompatibilityError", "encoding":"US-ASCII", "memsize":88, "flags":{"wb_protected":true, "old":true, "uncollectible":true, "marked":true}}
{"address":"0x7fb1f80ae220", "type":"CLASS", "class":"0x7fb1f80bf700", "name":"Class", "references":["0x7fb1f80ae2c0", "0x7fb1f80ae248"], "memsize":464, "flags":{"wb_protected":true, "old":true, "uncollectible":true, "marked":true}}
{"address":"0x7fb1f80ae248", "type":"CLASS", "class":"0x7fb1f80ae220", "name":"Encoding::CompatibilityError", "references":["0x7fb1f80ae2e8", "0x7fb1f80ae1f8"], "memsize":464, "flags":{"wb_protected":true, "old":true, "uncollectible":true, "marked":true}}
{"address":"0x7fb1f80ae270", "type":"STRING", "class":"0x7fb1f80b7578", "frozen":true, "embedded":true, "fstring":true, "bytesize":18, "value":"CompatibilityError", "encoding":"US-ASCII", "memsize":40, "flags":{"wb_protected":true, "old":true, "uncollectible":true, "marked":true}}
{"address":"0x7fb1f80ae298", "type":"STRING", "class":"0x7fb1f80b7578", "frozen":true, "embedded":true, "fstring":true, "bytesize":22, "value":"block in win_platform?", "memsize":40, "flags":{"wb_protected":true, "old":true, "uncollectible":true, "marked":true}}
{"address":"0x7fb1f80ae2c0", "type":"CLASS", "class":"0x7fb1f80bf700", "name":"Class", "references":["0x7fb1f80af260", "0x7fb1f80ae2e8"], "memsize":464, "flags":{"wb_protected":true, "old":true, "uncollectible":true, "marked":true}}
{"address":"0x7fb1f80ae2e8", "type":"CLASS", "class":"0x7fb1f80ae2c0", "name":"EncodingError", "references":["0x7fb1f80af288", "0x7fb1f80ae310"], "memsize":464, "flags":{"wb_protected":true, "old":true, "uncollectible":true, "marked":true}}
{"address":"0x7fb1f80ae310", "type":"STRING", "class":"0x7fb1f80b7578", "frozen":true, "embedded":true, "fstring":true, "bytesize":13, "value":"EncodingError", "encoding":"US-ASCII", "memsize":40, "flags":{"wb_protected":true, "old":true, "uncollectible":true, "marked":true}}
{"address":"0x7fb1f80ae338", "type":"ARRAY", "class":"0x7fb1f8097228", "length":1, "embedded":true, "references":["0x7fb1f80f3780"], "memsize":40, "flags":{"wb_protected":true, "old":true, "uncollectible":true, "marked":true}}
{"address":"0x7fb1f80ae360", "type":"CLASS", "class":"0x7fb1f80bf700", "name":"Class", "references":["0x7fb1f80afaf8", "0x7fb1f80ae388"], "memsize":464, "flags":{"wb_protected":true, "old":true, "uncollectible":true, "marked":true}}
{"address":"0x7fb1f80ae388", "type":"CLASS", "class":"0x7fb1f80ae360", "name":"NoMemoryError", "references":["0x7fb1f80afb20", "0x7fb1f80ae3b0"], "memsize":616, "flags":{"wb_protected":true, "old":true, "uncollectible":true, "marked":true}}
{"address":"0x7fb1f80ae3b0", "type":"STRING", "class":"0x7fb1f80b7578", "frozen":true, "embedded":true, "fstring":true, "bytesize":13, "value":"NoMemoryError", "encoding":"US-ASCII", "memsize":40, "flags":{"wb_protected":true, "old":true, "uncollectible":true, "marked":true}}
{"address":"0x7fb1f80ae3d8", "type":"STRING", "class":"0x7fb1f80b7578", "frozen":true, "embedded":true, "fstring":true, "bytesize":7, "value":"host_os", "encoding":"UTF-8", "memsize":40, "flags":{"wb_protected":true, "old":true, "uncollectible":true, "marked":true}}
{"address":"0x7fb1f80ae400", "type":"CLASS", "class":"0x7fb1f80bf700", "name":"Class", "references":["0x7fb1f80afaf8", "0x7fb1f80ae428"], "memsize":464, "flags":{"wb_protected":true, "old":true, "uncollectible":true, "marked":true}}
{"address":"0x7fb1f80ae428", "type":"CLASS", "class":"0x7fb1f80ae400", "name":"SecurityError", "references":["0x7fb1f80afb20", "0x7fb1f80ae450"], "memsize":464, "flags":{"wb_protected":true, "old":true, "uncollectible":true, "marked":true}}
